layer at (0,0) size 800x600
  RenderView at (0,0) size 800x600
layer at (0,0) size 800x563
  RenderBlock {html} at (0,0) size 800x564
    RenderBody {body} at (8,19) size 784x529
      RenderBlock {div} at (0,0) size 784x66
        RenderBlock {h2} at (0,0) size 784x28
          RenderText {#text} at (0,0) size 129x28
            text run at (0,0) width 129: "Normal flow"
        RenderBlock {p} at (0,47) size 784x19
          RenderText {#text} at (0,0) size 154x18
            text run at (0,0) width 154: "I am a paragraph of text "
          RenderMathMLMath {math} at (154,3) size 36x12 [padding: 0 1 0 1]
            RenderBlock {mi} at (1,3) size 9x9
              RenderText {#text} at (0,-9) size 7x24
                text run at (0,-9) width 7: "x"
            RenderMathMLOperator {mo} at (12,2) size 12x10
              RenderMathMLBlock (flex) {mo} at (0,0) size 11x10
                RenderBlock (anonymous) at (0,0) size 11x10
                  RenderText {mo} at (0,-8) size 11x24
                    text run at (0,-8) width 11: "+"
            RenderBlock {mn} at (26,0) size 9x12
              RenderText {#text} at (0,-6) size 8x24
                text run at (0,-6) width 8: "1"
          RenderText {#text} at (189,0) size 111x18
            text run at (189,0) width 111: " with math inline."
      RenderBlock {div} at (0,85) size 784x147
        RenderBlock {h2} at (0,0) size 784x28
          RenderText {#text} at (0,0) size 203x28
            text run at (0,0) width 203: "Fraction Alignment"
        RenderBlock {p} at (0,47) size 784x32
          RenderText {#text} at (0,5) size 27x18
            text run at (0,5) width 27: "text "
          RenderMathMLMath {math} at (27,0) size 38x32 [padding: 0 1 0 1]
            RenderMathMLFraction {mfrac} at (2,0) size 34x32
              RenderMathMLBlock (anonymous, flex) at (0,0) size 34x16
                RenderMathMLRow {mrow} at (0,0) size 34x12
                  RenderBlock {mi} at (0,3) size 9x9
                    RenderText {#text} at (0,-9) size 7x24
                      text run at (0,-9) width 7: "x"
                  RenderMathMLOperator {mo} at (11,2) size 12x10
                    RenderMathMLBlock (flex) {mo} at (0,0) size 11x10
                      RenderBlock (anonymous) at (0,0) size 11x10
                        RenderText {mo} at (0,-8) size 11x24
                          text run at (0,-8) width 11: "+"
                  RenderBlock {mn} at (25,0) size 9x12
                    RenderText {#text} at (0,-6) size 8x24
                      text run at (0,-6) width 8: "1"
              RenderMathMLBlock (anonymous, flex) at (0,15) size 34x17 [padding: 1 0 0 0]
                RenderBlock {mn} at (12,4) size 9x13
                  RenderText {#text} at (0,-6) size 8x24
                    text run at (0,-6) width 8: "2"
          RenderText {#text} at (0,0) size 0x0
        RenderBlock {p} at (0,94) size 784x52
          RenderText {#text} at (0,15) size 27x18
            text run at (0,15) width 27: "text "
          RenderMathMLMath {math} at (27,0) size 84x52 [padding: 0 1 0 1]
            RenderBlock {mi} at (1,21) size 9x9
              RenderText {#text} at (0,-9) size 7x24
                text run at (0,-9) width 7: "x"
            RenderMathMLOperator {mo} at (12,20) size 12x10
              RenderMathMLBlock (flex) {mo} at (0,0) size 11x10
                RenderBlock (anonymous) at (0,0) size 11x10
                  RenderText {mo} at (0,-8) size 11x24
                    text run at (0,-8) width 11: "+"
            RenderMathMLFraction {mfrac} at (27,0) size 55x52 [bgcolor=#FFFF00] [padding: 10 10 10 10]
              RenderMathMLBlock (anonymous, flex) at (10,10) size 34x16
                RenderMathMLRow {mrow} at (0,0) size 34x12
                  RenderBlock {mi} at (0,3) size 9x9
                    RenderText {#text} at (0,-9) size 7x24
                      text run at (0,-9) width 7: "x"
                  RenderMathMLOperator {mo} at (11,2) size 12x10
                    RenderMathMLBlock (flex) {mo} at (0,0) size 11x10
                      RenderBlock (anonymous) at (0,0) size 11x10
                        RenderText {mo} at (0,-8) size 11x24
                          text run at (0,-8) width 11: "+"
                  RenderBlock {mn} at (25,0) size 9x12
                    RenderText {#text} at (0,-6) size 8x24
                      text run at (0,-6) width 8: "1"
              RenderMathMLBlock (anonymous, flex) at (10,25) size 34x17 [padding: 1 0 0 0]
                RenderBlock {mn} at (12,4) size 9x13
                  RenderText {#text} at (0,-6) size 8x24
                    text run at (0,-6) width 8: "2"
          RenderText {#text} at (0,0) size 0x0
      RenderBlock {div} at (0,251) size 784x277
        RenderBlock {h2} at (0,0) size 784x28
          RenderText {#text} at (0,0) size 210x28
            text run at (0,0) width 210: "Operator Stretching"
        RenderBlock {p} at (0,47) size 784x38
          RenderText {#text} at (0,7) size 27x18
            text run at (0,7) width 27: "text "
          RenderMathMLMath {math} at (27,0) size 85x37 [padding: 0 1 0 1]
            RenderMathMLOperator {mo} at (2,0) size 8x37
            RenderBlock {mi} at (11,13) size 9x9
              RenderText {#text} at (0,-9) size 7x24
                text run at (0,-9) width 7: "x"
            RenderMathMLOperator {mo} at (22,12) size 12x10
              RenderMathMLBlock (flex) {mo} at (0,0) size 11x10
                RenderBlock (anonymous) at (0,0) size 11x10
                  RenderText {mo} at (0,-8) size 11x24
                    text run at (0,-8) width 11: "+"
            RenderMathMLFraction {mfrac} at (38,2) size 35x32
              RenderMathMLBlock (anonymous, flex) at (0,0) size 34x16
                RenderMathMLRow {mrow} at (0,0) size 34x12
                  RenderBlock {mi} at (0,3) size 9x9
                    RenderText {#text} at (0,-9) size 7x24
                      text run at (0,-9) width 7: "x"
                  RenderMathMLOperator {mo} at (11,2) size 12x10
                    RenderMathMLBlock (flex) {mo} at (0,0) size 11x10
                      RenderBlock (anonymous) at (0,0) size 11x10
                        RenderText {mo} at (0,-8) size 11x24
                          text run at (0,-8) width 11: "+"
                  RenderBlock {mn} at (25,0) size 9x12
                    RenderText {#text} at (0,-6) size 8x24
                      text run at (0,-6) width 8: "1"
              RenderMathMLBlock (anonymous, flex) at (0,15) size 34x17 [padding: 1 0 0 0]
                RenderBlock {mn} at (12,4) size 9x13
                  RenderText {#text} at (0,-6) size 8x24
                    text run at (0,-6) width 8: "2"
            RenderMathMLOperator {mo} at (74,0) size 8x37
          RenderText {#text} at (0,0) size 0x0
        RenderBlock {p} at (0,100) size 784x85
          RenderText {#text} at (0,35) size 27x18
            text run at (0,35) width 27: "text "
          RenderMathMLMath {math} at (27,0) size 113x84 [padding: 0 1 0 1]
            RenderBlock {mi} at (1,41) size 9x12
              RenderText {#text} at (0,-9) size 7x24
                text run at (0,-9) width 7: "y"
            RenderMathMLOperator {mo} at (12,0) size 8x84
            RenderMathMLUnderOver {munder} at (22,38) size 16x20
              RenderBlock {mi} at (0,0) size 15x13
                RenderText {#text} at (0,-6) size 13x24
                  text run at (0,-6) width 13: "\x{220F}"
              RenderBlock {mi} at (4,13) size 7x7
                RenderText {#text} at (0,-7) size 5x18
                  text run at (0,-7) width 5: "x"
            RenderMathMLFraction {mfrac} at (38,11) size 63x71
              RenderMathMLBlock (anonymous, flex) at (0,0) size 62x35
                RenderMathMLRow {mrow} at (0,0) size 62x32
                  RenderBlock {mi} at (0,11) size 9x9
                    RenderText {#text} at (0,-9) size 7x24
                      text run at (0,-9) width 7: "x"
                  RenderMathMLOperator {mo} at (11,10) size 12x10
                    RenderMathMLBlock (flex) {mo} at (0,0) size 11x10
                      RenderBlock (anonymous) at (0,0) size 11x10
                        RenderText {mo} at (0,-8) size 11x24
                          text run at (0,-8) width 11: "+"
                  RenderMathMLFraction {mfrac} at (26,0) size 35x32
                    RenderMathMLBlock (anonymous, flex) at (0,0) size 34x16
                      RenderMathMLRow {mrow} at (0,0) size 34x12
                        RenderBlock {mi} at (0,3) size 9x9
                          RenderText {#text} at (0,-9) size 7x24
                            text run at (0,-9) width 7: "x"
                        RenderMathMLOperator {mo} at (11,2) size 12x10
                          RenderMathMLBlock (flex) {mo} at (0,0) size 11x10
                            RenderBlock (anonymous) at (0,0) size 11x10
                              RenderText {mo} at (0,-8) size 11x24
                                text run at (0,-8) width 11: "+"
                        RenderBlock {mn} at (25,0) size 9x12
                          RenderText {#text} at (0,-6) size 8x24
                            text run at (0,-6) width 8: "1"
                    RenderMathMLBlock (anonymous, flex) at (0,15) size 34x17 [padding: 1 0 0 0]
                      RenderBlock {mn} at (12,4) size 9x13
                        RenderText {#text} at (0,-6) size 8x24
                          text run at (0,-6) width 8: "2"
              RenderMathMLBlock (anonymous, flex) at (0,34) size 62x37 [padding: 1 0 0 0]
                RenderMathMLRow {mrow} at (0,4) size 62x32
                  RenderBlock {mi} at (0,11) size 9x9
                    RenderText {#text} at (0,-9) size 7x24
                      text run at (0,-9) width 7: "x"
                  RenderMathMLOperator {mo} at (11,10) size 12x10
                    RenderMathMLBlock (flex) {mo} at (0,0) size 11x10
                      RenderBlock (anonymous) at (0,0) size 11x10
                        RenderText {mo} at (0,-8) size 11x24
                          text run at (0,-8) width 11: "+"
                  RenderMathMLFraction {mfrac} at (26,0) size 35x32
                    RenderMathMLBlock (anonymous, flex) at (0,0) size 34x16
                      RenderMathMLRow {mrow} at (0,0) size 34x12
                        RenderBlock {mi} at (0,3) size 9x9
                          RenderText {#text} at (0,-9) size 7x24
                            text run at (0,-9) width 7: "x"
                        RenderMathMLOperator {mo} at (11,2) size 12x10
                          RenderMathMLBlock (flex) {mo} at (0,0) size 11x10
                            RenderBlock (anonymous) at (0,0) size 11x10
                              RenderText {mo} at (0,-8) size 11x24
                                text run at (0,-8) width 11: "+"
                        RenderBlock {mn} at (25,0) size 9x12
                          RenderText {#text} at (0,-6) size 8x24
                            text run at (0,-6) width 8: "1"
                    RenderMathMLBlock (anonymous, flex) at (0,15) size 34x17 [padding: 1 0 0 0]
                      RenderBlock {mn} at (12,4) size 9x13
                        RenderText {#text} at (0,-6) size 8x24
                          text run at (0,-6) width 8: "2"
            RenderMathMLOperator {mo} at (103,0) size 8x84
          RenderText {#text} at (0,0) size 0x0
        RenderBlock {p} at (0,200) size 784x76
          RenderText {#text} at (0,30) size 27x18
            text run at (0,30) width 27: "text "
          RenderMathMLMath {math} at (27,0) size 104x75 [padding: 0 1 0 1]
            RenderMathMLOperator {mo} at (2,0) size 8x75
            RenderMathMLTable {mtable} at (11,9) size 82x63
              RenderTableSection (anonymous) at (0,0) size 81x63
                RenderTableRow {mtr} at (0,0) size 81x20
                  RenderTableCell {mtd} at (0,0) size 27x20 [r=0 c=0 rs=1 cs=1]
                    RenderMathMLSubSup {msub} at (3,3) size 21x15
                      RenderMathMLBlock (anonymous, flex) at (0,0) size 8x15 [padding: 0 0 5 0]
                        RenderBlock {mi} at (0,0) size 8x9
                          RenderText {#text} at (0,-9) size 8x24
                            text run at (0,-9) width 8: "a"
                      RenderMathMLBlock (anonymous, flex) at (8,4) size 12x11
                        RenderBlock {mn} at (0,0) size 12x10
                          RenderText {#text} at (0,-4) size 12x18
                            text run at (0,-4) width 12: "11"
                  RenderTableCell {mtd} at (27,0) size 27x20 [r=0 c=1 rs=1 cs=1]
                    RenderMathMLSubSup {msub} at (3,3) size 21x15
                      RenderMathMLBlock (anonymous, flex) at (0,0) size 8x15 [padding: 0 0 5 0]
                        RenderBlock {mi} at (0,0) size 8x9
                          RenderText {#text} at (0,-9) size 8x24
                            text run at (0,-9) width 8: "a"
                      RenderMathMLBlock (anonymous, flex) at (8,4) size 12x11
                        RenderBlock {mn} at (0,0) size 12x10
                          RenderText {#text} at (0,-4) size 12x18
                            text run at (0,-4) width 12: "12"
                  RenderTableCell {mtd} at (54,0) size 27x20 [r=0 c=2 rs=1 cs=1]
                    RenderMathMLSubSup {msub} at (3,3) size 21x15
                      RenderMathMLBlock (anonymous, flex) at (0,0) size 8x15 [padding: 0 0 5 0]
                        RenderBlock {mi} at (0,0) size 8x9
                          RenderText {#text} at (0,-9) size 8x24
                            text run at (0,-9) width 8: "a"
                      RenderMathMLBlock (anonymous, flex) at (8,4) size 12x11
                        RenderBlock {mn} at (0,0) size 12x10
                          RenderText {#text} at (0,-4) size 12x18
                            text run at (0,-4) width 12: "13"
                RenderTableRow {mtr} at (0,20) size 81x23
                  RenderTableCell {mtd} at (0,20) size 27x23 [r=1 c=0 rs=1 cs=1]
                    RenderMathMLSubSup {msub} at (3,3) size 21x18
                      RenderMathMLBlock (anonymous, flex) at (0,0) size 8x18 [padding: 0 0 5 0]
                        RenderBlock {mi} at (0,0) size 8x12
                          RenderText {#text} at (0,-6) size 8x24
                            text run at (0,-6) width 8: "b"
                      RenderMathMLBlock (anonymous, flex) at (8,7) size 12x11
                        RenderBlock {mn} at (0,0) size 12x10
                          RenderText {#text} at (0,-4) size 12x18
                            text run at (0,-4) width 12: "21"
                  RenderTableCell {mtd} at (27,20) size 27x23 [r=1 c=1 rs=1 cs=1]
                    RenderMathMLSubSup {msub} at (3,3) size 21x18
                      RenderMathMLBlock (anonymous, flex) at (0,0) size 8x18 [padding: 0 0 5 0]
                        RenderBlock {mi} at (0,0) size 8x12
                          RenderText {#text} at (0,-6) size 8x24
                            text run at (0,-6) width 8: "b"
                      RenderMathMLBlock (anonymous, flex) at (8,7) size 12x11
                        RenderBlock {mn} at (0,0) size 12x10
                          RenderText {#text} at (0,-4) size 12x18
                            text run at (0,-4) width 12: "22"
                  RenderTableCell {mtd} at (54,20) size 27x23 [r=1 c=2 rs=1 cs=1]
                    RenderMathMLSubSup {msub} at (3,3) size 21x18
                      RenderMathMLBlock (anonymous, flex) at (0,0) size 8x18 [padding: 0 0 5 0]
                        RenderBlock {mi} at (0,0) size 8x12
                          RenderText {#text} at (0,-6) size 8x24
                            text run at (0,-6) width 8: "b"
                      RenderMathMLBlock (anonymous, flex) at (8,7) size 12x11
                        RenderBlock {mn} at (0,0) size 12x10
                          RenderText {#text} at (0,-4) size 12x18
                            text run at (0,-4) width 12: "23"
                RenderTableRow {mtr} at (0,43) size 81x20
                  RenderTableCell {mtd} at (0,43) size 27x20 [r=2 c=0 rs=1 cs=1]
                    RenderMathMLSubSup {msub} at (4,3) size 19x15
                      RenderMathMLBlock (anonymous, flex) at (0,0) size 7x15 [padding: 0 0 5 0]
                        RenderBlock {mi} at (0,0) size 7x9
                          RenderText {#text} at (0,-9) size 7x24
                            text run at (0,-9) width 7: "c"
                      RenderMathMLBlock (anonymous, flex) at (7,4) size 12x11
                        RenderBlock {mn} at (0,0) size 12x10
                          RenderText {#text} at (0,-4) size 12x18
                            text run at (0,-4) width 12: "31"
                  RenderTableCell {mtd} at (27,43) size 27x20 [r=2 c=1 rs=1 cs=1]
                    RenderMathMLSubSup {msub} at (4,3) size 19x15
                      RenderMathMLBlock (anonymous, flex) at (0,0) size 7x15 [padding: 0 0 5 0]
                        RenderBlock {mi} at (0,0) size 7x9
                          RenderText {#text} at (0,-9) size 7x24
                            text run at (0,-9) width 7: "c"
                      RenderMathMLBlock (anonymous, flex) at (7,4) size 12x11
                        RenderBlock {mn} at (0,0) size 12x10
                          RenderText {#text} at (0,-4) size 12x18
                            text run at (0,-4) width 12: "32"
                  RenderTableCell {mtd} at (54,43) size 27x20 [r=2 c=2 rs=1 cs=1]
                    RenderMathMLSubSup {msub} at (4,3) size 19x15
                      RenderMathMLBlock (anonymous, flex) at (0,0) size 7x15 [padding: 0 0 5 0]
                        RenderBlock {mi} at (0,0) size 7x9
                          RenderText {#text} at (0,-9) size 7x24
                            text run at (0,-9) width 7: "c"
                      RenderMathMLBlock (anonymous, flex) at (7,4) size 12x11
                        RenderBlock {mn} at (0,0) size 12x10
                          RenderText {#text} at (0,-4) size 12x18
                            text run at (0,-4) width 12: "33"
            RenderMathMLOperator {mo} at (93,0) size 8x75
          RenderText {#text} at (0,0) size 0x0
layer at (38,319) size 7x16 scrollHeight 19
  RenderMathMLBlock (flex) {mo} at (0,0) size 7x16
    RenderBlock (anonymous) at (0,0) size 7x16
      RenderText {mo} at (0,-5) size 7x24
        text run at (0,-5) width 7: "\x{239B}"
layer at (38,335) size 7x5 scrollHeight 19
  RenderMathMLBlock (flex) {mo} at (0,16) size 7x5
    RenderBlock (anonymous) at (0,0) size 7x5
layer at (38,340) size 7x16 scrollHeight 19
  RenderMathMLBlock (flex) {mo} at (0,21) size 7x16
    RenderBlock (anonymous) at (0,0) size 7x16
layer at (110,319) size 7x16 scrollHeight 19
  RenderMathMLBlock (flex) {mo} at (0,0) size 7x16
    RenderBlock (anonymous) at (0,0) size 7x16
      RenderText {mo} at (0,-5) size 7x24
        text run at (0,-5) width 7: "\x{239E}"
layer at (110,335) size 7x5 scrollHeight 19
  RenderMathMLBlock (flex) {mo} at (0,16) size 7x5
    RenderBlock (anonymous) at (0,0) size 7x5
layer at (110,340) size 7x16 scrollHeight 19
  RenderMathMLBlock (flex) {mo} at (0,21) size 7x16
    RenderBlock (anonymous) at (0,0) size 7x16
layer at (48,372) size 7x16 scrollHeight 19
  RenderMathMLBlock (flex) {mo} at (0,0) size 7x16
    RenderBlock (anonymous) at (0,0) size 7x16
      RenderText {mo} at (0,-5) size 7x24
        text run at (0,-5) width 7: "\x{239B}"
layer at (48,388) size 7x15 scrollHeight 19
  RenderMathMLBlock (flex) {mo} at (0,16) size 7x15
    RenderBlock (anonymous) at (0,0) size 7x15
layer at (48,403) size 7x15 scrollHeight 19
  RenderMathMLBlock (flex) {mo} at (0,31) size 7x15
    RenderBlock (anonymous) at (0,0) size 7x15
layer at (48,418) size 7x15 scrollHeight 19
  RenderMathMLBlock (flex) {mo} at (0,46) size 7x15
    RenderBlock (anonymous) at (0,0) size 7x15
layer at (48,433) size 7x7 scrollHeight 19
  RenderMathMLBlock (flex) {mo} at (0,61) size 7x7
    RenderBlock (anonymous) at (0,0) size 7x7
layer at (48,440) size 7x16 scrollHeight 19
  RenderMathMLBlock (flex) {mo} at (0,68) size 7x16
    RenderBlock (anonymous) at (0,0) size 7x16
layer at (138,372) size 7x16 scrollHeight 19
  RenderMathMLBlock (flex) {mo} at (0,0) size 7x16
    RenderBlock (anonymous) at (0,0) size 7x16
      RenderText {mo} at (0,-5) size 7x24
        text run at (0,-5) width 7: "\x{239E}"
layer at (138,388) size 7x15 scrollHeight 19
  RenderMathMLBlock (flex) {mo} at (0,16) size 7x15
    RenderBlock (anonymous) at (0,0) size 7x15
layer at (138,403) size 7x15 scrollHeight 19
  RenderMathMLBlock (flex) {mo} at (0,31) size 7x15
    RenderBlock (anonymous) at (0,0) size 7x15
layer at (138,418) size 7x15 scrollHeight 19
  RenderMathMLBlock (flex) {mo} at (0,46) size 7x15
    RenderBlock (anonymous) at (0,0) size 7x15
layer at (138,433) size 7x7 scrollHeight 19
  RenderMathMLBlock (flex) {mo} at (0,61) size 7x7
    RenderBlock (anonymous) at (0,0) size 7x7
layer at (138,440) size 7x16 scrollHeight 19
  RenderMathMLBlock (flex) {mo} at (0,68) size 7x16
    RenderBlock (anonymous) at (0,0) size 7x16
layer at (38,472) size 7x16 scrollHeight 18
  RenderMathMLBlock (flex) {mo} at (0,0) size 7x16
    RenderBlock (anonymous) at (0,0) size 7x16
      RenderText {mo} at (0,-6) size 7x24
        text run at (0,-6) width 7: "\x{23A1}"
layer at (38,488) size 7x15 scrollHeight 18
  RenderMathMLBlock (flex) {mo} at (0,16) size 7x15
    RenderBlock (anonymous) at (0,0) size 7x15
layer at (38,503) size 7x15 scrollHeight 18
  RenderMathMLBlock (flex) {mo} at (0,31) size 7x15
    RenderBlock (anonymous) at (0,0) size 7x15
layer at (38,518) size 7x13 scrollHeight 18
  RenderMathMLBlock (flex) {mo} at (0,46) size 7x13
    RenderBlock (anonymous) at (0,0) size 7x13
layer at (38,531) size 7x16 scrollHeight 18
  RenderMathMLBlock (flex) {mo} at (0,59) size 7x16
    RenderBlock (anonymous) at (0,0) size 7x16
layer at (129,472) size 7x16 scrollHeight 18
  RenderMathMLBlock (flex) {mo} at (0,0) size 7x16
    RenderBlock (anonymous) at (0,0) size 7x16
      RenderText {mo} at (0,-6) size 7x24
        text run at (0,-6) width 7: "\x{23A4}"
layer at (129,488) size 7x15 scrollHeight 18
  RenderMathMLBlock (flex) {mo} at (0,16) size 7x15
    RenderBlock (anonymous) at (0,0) size 7x15
layer at (129,503) size 7x15 scrollHeight 18
  RenderMathMLBlock (flex) {mo} at (0,31) size 7x15
    RenderBlock (anonymous) at (0,0) size 7x15
layer at (129,518) size 7x13 scrollHeight 18
  RenderMathMLBlock (flex) {mo} at (0,46) size 7x13
    RenderBlock (anonymous) at (0,0) size 7x13
layer at (129,531) size 7x16 scrollHeight 18
  RenderMathMLBlock (flex) {mo} at (0,59) size 7x16
    RenderBlock (anonymous) at (0,0) size 7x16
layer at (38,334) size 7x17 backgroundClip at (38,335) size 7x5 clip at (38,335) size 7x5 outlineClip at (38,335) size 7x5
  RenderBlock (relative positioned) {mo} at (0,0) size 7x17
    RenderText {mo} at (0,-5) size 7x24
      text run at (0,-5) width 7: "\x{239C}"
layer at (38,339) size 7x17 backgroundClip at (38,340) size 7x16 clip at (38,340) size 7x16 outlineClip at (38,340) size 7x16
  RenderBlock (relative positioned) {mo} at (0,0) size 7x17
    RenderText {mo} at (0,-5) size 7x24
      text run at (0,-5) width 7: "\x{239D}"
layer at (110,334) size 7x17 backgroundClip at (110,335) size 7x5 clip at (110,335) size 7x5 outlineClip at (110,335) size 7x5
  RenderBlock (relative positioned) {mo} at (0,0) size 7x17
    RenderText {mo} at (0,-5) size 7x24
      text run at (0,-5) width 7: "\x{239F}"
layer at (110,339) size 7x17 backgroundClip at (110,340) size 7x16 clip at (110,340) size 7x16 outlineClip at (110,340) size 7x16
  RenderBlock (relative positioned) {mo} at (0,0) size 7x17
    RenderText {mo} at (0,-5) size 7x24
      text run at (0,-5) width 7: "\x{23A0}"
layer at (48,387) size 7x17 backgroundClip at (48,388) size 7x15 clip at (48,388) size 7x15 outlineClip at (48,388) size 7x15
  RenderBlock (relative positioned) {mo} at (0,0) size 7x17
    RenderText {mo} at (0,-5) size 7x24
      text run at (0,-5) width 7: "\x{239C}"
layer at (48,402) size 7x17 backgroundClip at (48,403) size 7x15 clip at (48,403) size 7x15 outlineClip at (48,403) size 7x15
  RenderBlock (relative positioned) {mo} at (0,0) size 7x17
    RenderText {mo} at (0,-5) size 7x24
      text run at (0,-5) width 7: "\x{239C}"
layer at (48,417) size 7x17 backgroundClip at (48,418) size 7x15 clip at (48,418) size 7x15 outlineClip at (48,418) size 7x15
  RenderBlock (relative positioned) {mo} at (0,0) size 7x17
    RenderText {mo} at (0,-5) size 7x24
      text run at (0,-5) width 7: "\x{239C}"
layer at (48,432) size 7x17 backgroundClip at (48,433) size 7x7 clip at (48,433) size 7x7 outlineClip at (48,433) size 7x7
  RenderBlock (relative positioned) {mo} at (0,0) size 7x17
    RenderText {mo} at (0,-5) size 7x24
      text run at (0,-5) width 7: "\x{239C}"
layer at (48,439) size 7x17 backgroundClip at (48,440) size 7x16 clip at (48,440) size 7x16 outlineClip at (48,440) size 7x16
  RenderBlock (relative positioned) {mo} at (0,0) size 7x17
    RenderText {mo} at (0,-5) size 7x24
      text run at (0,-5) width 7: "\x{239D}"
layer at (138,387) size 7x17 backgroundClip at (138,388) size 7x15 clip at (138,388) size 7x15 outlineClip at (138,388) size 7x15
  RenderBlock (relative positioned) {mo} at (0,0) size 7x17
    RenderText {mo} at (0,-5) size 7x24
      text run at (0,-5) width 7: "\x{239F}"
layer at (138,402) size 7x17 backgroundClip at (138,403) size 7x15 clip at (138,403) size 7x15 outlineClip at (138,403) size 7x15
  RenderBlock (relative positioned) {mo} at (0,0) size 7x17
    RenderText {mo} at (0,-5) size 7x24
      text run at (0,-5) width 7: "\x{239F}"
layer at (138,417) size 7x17 backgroundClip at (138,418) size 7x15 clip at (138,418) size 7x15 outlineClip at (138,418) size 7x15
  RenderBlock (relative positioned) {mo} at (0,0) size 7x17
    RenderText {mo} at (0,-5) size 7x24
      text run at (0,-5) width 7: "\x{239F}"
layer at (138,432) size 7x17 backgroundClip at (138,433) size 7x7 clip at (138,433) size 7x7 outlineClip at (138,433) size 7x7
  RenderBlock (relative positioned) {mo} at (0,0) size 7x17
    RenderText {mo} at (0,-5) size 7x24
      text run at (0,-5) width 7: "\x{239F}"
layer at (138,439) size 7x17 backgroundClip at (138,440) size 7x16 clip at (138,440) size 7x16 outlineClip at (138,440) size 7x16
  RenderBlock (relative positioned) {mo} at (0,0) size 7x17
    RenderText {mo} at (0,-5) size 7x24
      text run at (0,-5) width 7: "\x{23A0}"
layer at (38,487) size 7x17 backgroundClip at (38,488) size 7x15 clip at (38,488) size 7x15 outlineClip at (38,488) size 7x15
  RenderBlock (relative positioned) {mo} at (0,0) size 7x17
    RenderText {mo} at (0,-6) size 7x24
      text run at (0,-6) width 7: "\x{23A2}"
layer at (38,502) size 7x17 backgroundClip at (38,503) size 7x15 clip at (38,503) size 7x15 outlineClip at (38,503) size 7x15
  RenderBlock (relative positioned) {mo} at (0,0) size 7x17
    RenderText {mo} at (0,-6) size 7x24
      text run at (0,-6) width 7: "\x{23A2}"
layer at (38,517) size 7x17 backgroundClip at (38,518) size 7x13 clip at (38,518) size 7x13 outlineClip at (38,518) size 7x13
  RenderBlock (relative positioned) {mo} at (0,0) size 7x17
    RenderText {mo} at (0,-6) size 7x24
      text run at (0,-6) width 7: "\x{23A2}"
layer at (38,530) size 7x17 backgroundClip at (38,531) size 7x16 clip at (38,531) size 7x16 outlineClip at (38,531) size 7x16
  RenderBlock (relative positioned) {mo} at (0,0) size 7x17
    RenderText {mo} at (0,-6) size 7x24
      text run at (0,-6) width 7: "\x{23A3}"
layer at (129,487) size 7x17 backgroundClip at (129,488) size 7x15 clip at (129,488) size 7x15 outlineClip at (129,488) size 7x15
  RenderBlock (relative positioned) {mo} at (0,0) size 7x17
    RenderText {mo} at (0,-6) size 7x24
      text run at (0,-6) width 7: "\x{23A5}"
layer at (129,502) size 7x17 backgroundClip at (129,503) size 7x15 clip at (129,503) size 7x15 outlineClip at (129,503) size 7x15
  RenderBlock (relative positioned) {mo} at (0,0) size 7x17
    RenderText {mo} at (0,-6) size 7x24
      text run at (0,-6) width 7: "\x{23A5}"
layer at (129,517) size 7x17 backgroundClip at (129,518) size 7x13 clip at (129,518) size 7x13 outlineClip at (129,518) size 7x13
  RenderBlock (relative positioned) {mo} at (0,0) size 7x17
    RenderText {mo} at (0,-6) size 7x24
      text run at (0,-6) width 7: "\x{23A5}"
layer at (129,530) size 7x17 backgroundClip at (129,531) size 7x16 clip at (129,531) size 7x16 outlineClip at (129,531) size 7x16
  RenderBlock (relative positioned) {mo} at (0,0) size 7x17
    RenderText {mo} at (0,-6) size 7x24
      text run at (0,-6) width 7: "\x{23A6}"
