layer at (0,0) size 800x600
  RenderView at (0,0) size 800x600
layer at (0,0) size 800x68
  RenderBlock {HTML} at (0,0) size 800x68
    RenderBody {BODY} at (8,8) size 784x52
      RenderBR {BR} at (159,3) size 0x19
      RenderTextControl {INPUT} at (2,28) size 155x22 [bgcolor=#FFFFFF] [border: (2px inset #000000)]
        RenderDeprecatedFlexibleBox {DIV} at (2,3) size 151x16
          RenderBlock {DIV} at (0,0) size 136x16
      RenderText {#text} at (0,0) size 0x0
layer at (12,39) size 136x16
  RenderBlock {DIV} at (0,0) size 136x16
    RenderText {#text} at (1,0) size 14x16
      text run at (1,0) width 14: "10"
layer at (10,10) size 155x22
  RenderTextControl {INPUT} at (2,2) size 155x22 [bgcolor=#FFFFFF] [border: (2px inset #000000)]
    RenderDeprecatedFlexibleBox {DIV} at (2,3) size 151x16
      RenderBlock {DIV} at (0,0) size 136x16
layer at (12,13) size 136x16
  RenderBlock {DIV} at (0,0) size 136x16
    RenderText {#text} at (1,0) size 14x16
      text run at (1,0) width 14: "10"
layer at (148,12) size 15x18
  RenderBlock (relative positioned) {DIV} at (136,-1) size 15x18
layer at (148,38) size 15x18
  RenderBlock (relative positioned) {DIV} at (136,-1) size 15x18
