layer at (0,0) size 800x600
  RenderView at (0,0) size 800x600
layer at (0,0) size 800x352
  RenderBlock {HTML} at (0,0) size 800x352
    RenderBody {BODY} at (8,16) size 784x320
      RenderBlock {P} at (0,0) size 784x26
        RenderTextControl {INPUT} at (629,2) size 153x22 [bgcolor=#FFFFFF] [border: (2px inset #000000)]
          RenderDeprecatedFlexibleBox {DIV} at (2,3) size 149x16
            RenderBlock {DIV} at (15,0) size 134x16
        RenderText {#text} at (0,0) size 0x0
      RenderBlock {P} at (0,42) size 784x26
        RenderTextControl {INPUT} at (629,2) size 153x22 [bgcolor=#FFFFFF] [border: (2px inset #000000)]
          RenderDeprecatedFlexibleBox {DIV} at (2,3) size 149x16
            RenderBlock {DIV} at (15,0) size 134x16
        RenderText {#text} at (0,0) size 0x0
      RenderBlock {P} at (0,84) size 784x26
        RenderTextControl {INPUT} at (2,2) size 153x22 [bgcolor=#FFFFFF] [border: (2px inset #000000)]
          RenderDeprecatedFlexibleBox {DIV} at (2,3) size 149x16
            RenderBlock {DIV} at (15,0) size 134x16
        RenderText {#text} at (0,0) size 0x0
      RenderBlock {P} at (0,126) size 784x26
        RenderTextControl {INPUT} at (2,2) size 153x22 [bgcolor=#FFFFFF] [border: (2px inset #000000)]
          RenderDeprecatedFlexibleBox {DIV} at (2,3) size 149x16
            RenderBlock {DIV} at (15,0) size 134x16
        RenderText {#text} at (0,0) size 0x0
        RenderText {#text} at (0,0) size 0x0
      RenderBlock {P} at (0,168) size 784x26
        RenderTextControl {INPUT} at (2,2) size 153x22 [bgcolor=#FFFFFF] [border: (2px inset #000000)]
          RenderDeprecatedFlexibleBox {DIV} at (2,3) size 149x16
            RenderBlock {DIV} at (0,0) size 134x16
        RenderText {#text} at (0,0) size 0x0
      RenderBlock {P} at (0,210) size 784x26
        RenderTextControl {INPUT} at (2,2) size 153x22 [bgcolor=#FFFFFF] [border: (2px inset #000000)]
          RenderDeprecatedFlexibleBox {DIV} at (2,3) size 149x16
            RenderBlock {DIV} at (0,0) size 134x16
        RenderText {#text} at (0,0) size 0x0
        RenderText {#text} at (0,0) size 0x0
      RenderBlock {P} at (0,252) size 784x26
        RenderTextControl {INPUT} at (2,2) size 153x22 [bgcolor=#FFFFFF] [border: (2px inset #000000)]
          RenderDeprecatedFlexibleBox {DIV} at (2,3) size 149x16
            RenderBlock {DIV} at (15,0) size 134x16
        RenderText {#text} at (0,0) size 0x0
      RenderBlock {P} at (0,294) size 784x26
        RenderTextControl {INPUT} at (2,2) size 153x22 [bgcolor=#FFFFFF] [border: (2px inset #000000)]
          RenderDeprecatedFlexibleBox {DIV} at (2,3) size 149x16
            RenderBlock {DIV} at (15,0) size 134x16
        RenderText {#text} at (0,0) size 0x0
        RenderText {#text} at (0,0) size 0x0
layer at (654,21) size 134x16
  RenderBlock {DIV} at (0,0) size 134x16
    RenderText {#text} at (127,0) size 7x16
      text run at (127,0) width 7: "1"
layer at (654,63) size 134x16
  RenderBlock {DIV} at (0,0) size 134x16
    RenderText {#text} at (127,0) size 7x16
      text run at (127,0) width 7: "2"
layer at (27,105) size 134x16
  RenderBlock {DIV} at (0,0) size 134x16
    RenderText {#text} at (127,0) size 7x16
      text run at (127,0) width 7: "3"
layer at (27,147) size 134x16
  RenderBlock {DIV} at (0,0) size 134x16
    RenderText {#text} at (106,0) size 28x16
      text run at (106,0) width 28: "1234"
layer at (12,189) size 134x16
  RenderBlock {DIV} at (0,0) size 134x16
    RenderText {#text} at (0,0) size 7x16
      text run at (0,0) width 7: "5"
layer at (12,231) size 134x16
  RenderBlock {DIV} at (0,0) size 134x16
    RenderText {#text} at (0,0) size 7x16
      text run at (0,0) width 7: "6"
layer at (27,273) size 134x16
  RenderBlock {DIV} at (0,0) size 134x16
    RenderText {#text} at (127,0) size 7x16
      text run at (127,0) width 7: "7"
layer at (27,315) size 134x16
  RenderBlock {DIV} at (0,0) size 134x16
    RenderText {#text} at (127,0) size 7x16
      text run at (127,0) width 7: "8"
layer at (639,20) size 15x18
  RenderBlock (relative positioned) {DIV} at (0,-1) size 15x18
layer at (639,62) size 15x18
  RenderBlock (relative positioned) {DIV} at (0,-1) size 15x18
layer at (12,104) size 15x18
  RenderBlock (relative positioned) {DIV} at (0,-1) size 15x18
layer at (12,146) size 15x18
  RenderBlock (relative positioned) {DIV} at (0,-1) size 15x18
layer at (146,188) size 15x18
  RenderBlock (relative positioned) {DIV} at (134,-1) size 15x18
layer at (146,230) size 15x18
  RenderBlock (relative positioned) {DIV} at (134,-1) size 15x18
layer at (12,272) size 15x18
  RenderBlock (relative positioned) {DIV} at (0,-1) size 15x18
layer at (12,314) size 15x18
  RenderBlock (relative positioned) {DIV} at (0,-1) size 15x18
caret: position 4 of child 0 {#text} of child 0 {DIV} of child 0 {DIV} of child 0 {DIV} of {#shadow-root} of child 0 {INPUT} of child 6 {P} of body
