layer at (0,0) size 4324x585
  RenderView at (0,0) size 800x585
layer at (-3524,0) size 4324x585 backgroundClip at (0,0) size 4324x585 clip at (0,0) size 4324x585 outlineClip at (0,0) size 4324x585
  RenderBlock {HTML} at (0,0) size 4324x585
    RenderBody {BODY} at (58,46) size 4208x493
      RenderBlock {H1} at (0,0) size 48x493
        RenderText {#text} at (5,0) size 37x65
          text run at (5,0) width 65: "\x{8349}\x{6795}"
      RenderBlock {H2} at (69,0) size 36x493
        RenderText {#text} at (4,0) size 28x97
          text run at (4,0) width 97: "\x{590F}\x{76EE}\x{6F31}\x{77F3}"
      RenderBlock {DIV} at (124,0) size 4084x493
        RenderBlock (anonymous) at (0,0) size 2298x493
          RenderBR {BR} at (0,0) size 18x0
          RenderBR {BR} at (18,0) size 18x0
          RenderBR {BR} at (36,0) size 18x0
          RenderText {#text} at (54,0) size 18x146
            text run at (54,0) width 146: "\x{3000}\x{3000}\x{3000}\x{3000}\x{3000}\x{3000}\x{3000}\x{3000}\x{4E00}"
          RenderBR {BR} at (54,145) size 18x1
          RenderBR {BR} at (72,0) size 18x0
          RenderText {#text} at (100,0) size 18x17
            text run at (100,0) width 17: "\x{3000}"
          RenderRuby (inline) {RUBY} at (0,0) size 18x34
            RenderRubyRun (anonymous) at (100,14) size 18x37
              RenderRubyText {RT} at (-10,0) size 10x37
                RenderText {#text} at (0,0) size 10x37
                  text run at (0,0) width 37: "\x{3084}\x{307E}\x{307F}\x{3061}"
              RenderRubyBase (anonymous) at (0,0) size 18x37
                RenderInline {RB} at (0,0) size 18x33
                  RenderText {#text} at (0,2) size 18x33
                    text run at (0,2) width 33: "\x{5C71}\x{8DEF}"
          RenderText {#text} at (100,49) size 18x210
            text run at (100,49) width 210: "\x{3092}\x{767B}\x{308A}\x{306A}\x{304C}\x{3089}\x{3001}\x{3053}\x{3046}\x{8003}\x{3048}\x{305F}\x{3002}"
          RenderBR {BR} at (100,258) size 18x1
          RenderText {#text} at (128,0) size 18x17
            text run at (128,0) width 17: "\x{3000}"
          RenderRuby (inline) {RUBY} at (0,0) size 18x18
            RenderRubyRun (anonymous) at (128,16) size 18x17
              RenderRubyText {RT} at (-10,0) size 10x17
                RenderText {#text} at (0,3) size 10x10
                  text run at (0,3) width 10: "\x{3061}"
              RenderRubyBase (anonymous) at (0,0) size 18x17
                RenderInline {RB} at (0,0) size 18x17
                  RenderText {#text} at (0,0) size 18x17
                    text run at (0,0) width 17: "\x{667A}"
          RenderText {#text} at (128,33) size 18x65
            text run at (128,33) width 65: "\x{306B}\x{50CD}\x{3051}\x{3070}"
          RenderRuby (inline) {RUBY} at (0,0) size 18x18
            RenderRubyRun (anonymous) at (128,97) size 18x19
              RenderRubyText {RT} at (-10,0) size 10x19
                RenderText {#text} at (0,0) size 10x19
                  text run at (0,0) width 19: "\x{304B}\x{3069}"
              RenderRubyBase (anonymous) at (0,0) size 18x19
                RenderInline {RB} at (0,0) size 18x17
                  RenderText {#text} at (0,1) size 18x17
                    text run at (0,1) width 17: "\x{89D2}"
          RenderText {#text} at (128,114) size 18x66
            text run at (128,114) width 65: "\x{304C}\x{7ACB}\x{3064}\x{3002}"
          RenderRuby (inline) {RUBY} at (0,0) size 18x21
            RenderRubyRun (anonymous) at (128,175) size 18x28
              RenderRubyText {RT} at (-10,0) size 10x28
                RenderText {#text} at (0,0) size 10x28
                  text run at (0,0) width 28: "\x{3058}\x{3087}\x{3046}"
              RenderRubyBase (anonymous) at (0,0) size 18x28
                RenderInline {RB} at (0,0) size 18x17
                  RenderText {#text} at (0,5) size 18x17
                    text run at (0,5) width 17: "\x{60C5}"
          RenderText {#text} at (128,199) size 18x17
            text run at (128,199) width 17: "\x{306B}"
          RenderRuby (inline) {RUBY} at (0,0) size 18x18
            RenderRubyRun (anonymous) at (128,214) size 18x19
              RenderRubyText {RT} at (-10,0) size 10x19
                RenderText {#text} at (0,0) size 10x19
                  text run at (0,0) width 19: "\x{3055}\x{304A}"
              RenderRubyBase (anonymous) at (0,0) size 18x19
                RenderInline {RB} at (0,0) size 18x17
                  RenderText {#text} at (0,1) size 18x17
                    text run at (0,1) width 17: "\x{68F9}"
          RenderText {#text} at (128,232) size 18x178
            text run at (128,232) width 178: "\x{3055}\x{305B}\x{3070}\x{6D41}\x{3055}\x{308C}\x{308B}\x{3002}\x{610F}\x{5730}\x{3092}"
          RenderRuby (inline) {RUBY} at (0,0) size 18x18
            RenderRubyRun (anonymous) at (128,408) size 18x19
              RenderRubyText {RT} at (-10,0) size 10x19
                RenderText {#text} at (0,0) size 10x19
                  text run at (0,0) width 19: "\x{3068}\x{304A}"
              RenderRubyBase (anonymous) at (0,0) size 18x19
                RenderInline {RB} at (0,0) size 18x17
                  RenderText {#text} at (0,1) size 18x17
                    text run at (0,1) width 17: "\x{901A}"
          RenderText {#text} at (128,426) size 18x33
            text run at (128,426) width 33: "\x{305B}\x{3070}"
          RenderRuby (inline) {RUBY} at (0,0) size 18x42
            RenderRubyRun (anonymous) at (156,0) size 18x46
              RenderRubyText {RT} at (-10,0) size 10x46
                RenderText {#text} at (0,0) size 10x46
                  text run at (0,0) width 46: "\x{304D}\x{3085}\x{3046}\x{304F}\x{3064}"
              RenderRubyBase (anonymous) at (0,0) size 18x46
                RenderInline {RB} at (0,0) size 18x33
                  RenderText {#text} at (0,6) size 18x33
                    text run at (0,6) width 33: "\x{7AAE}\x{5C48}"
          RenderText {#text} at (156,42) size 18x258
            text run at (156,42) width 258: "\x{3060}\x{3002}\x{3068}\x{304B}\x{304F}\x{306B}\x{4EBA}\x{306E}\x{4E16}\x{306F}\x{4F4F}\x{307F}\x{306B}\x{304F}\x{3044}\x{3002}"
          RenderBR {BR} at (156,299) size 18x1
          RenderText {#text} at (184,0) size 18x113
            text run at (184,0) width 113: "\x{3000}\x{4F4F}\x{307F}\x{306B}\x{304F}\x{3055}\x{304C}"
          RenderRuby (inline) {RUBY} at (0,0) size 18x18
            RenderRubyRun (anonymous) at (184,112) size 18x19
              RenderRubyText {RT} at (-10,0) size 10x19
                RenderText {#text} at (0,0) size 10x19
                  text run at (0,0) width 19: "\x{3053}\x{3046}"
              RenderRubyBase (anonymous) at (0,0) size 18x19
                RenderInline {RB} at (0,0) size 18x17
                  RenderText {#text} at (0,1) size 18x17
                    text run at (0,1) width 17: "\x{9AD8}"
          RenderText {#text} at (184,129) size 46x485
            text run at (184,129) width 355: "\x{3058}\x{308B}\x{3068}\x{3001}\x{5B89}\x{3044}\x{6240}\x{3078}\x{5F15}\x{304D}\x{8D8A}\x{3057}\x{305F}\x{304F}\x{306A}\x{308B}\x{3002}\x{3069}\x{3053}\x{3078}\x{8D8A}\x{3057}"
            text run at (212,0) width 129: "\x{3066}\x{3082}\x{4F4F}\x{307F}\x{306B}\x{304F}\x{3044}\x{3068}"
          RenderRuby (inline) {RUBY} at (0,0) size 18x18
            RenderRubyRun (anonymous) at (212,128) size 18x19
              RenderRubyText {RT} at (-10,0) size 10x19
                RenderText {#text} at (0,0) size 10x19
                  text run at (0,0) width 19: "\x{3055}\x{3068}"
              RenderRubyBase (anonymous) at (0,0) size 18x19
                RenderInline {RB} at (0,0) size 18x17
                  RenderText {#text} at (0,1) size 18x17
                    text run at (0,1) width 17: "\x{609F}"
          RenderText {#text} at (212,145) size 18x163
            text run at (212,145) width 162: "\x{3063}\x{305F}\x{6642}\x{3001}\x{8A69}\x{304C}\x{751F}\x{308C}\x{3066}\x{3001}"
          RenderRuby (inline) {RUBY} at (0,0) size 18x18
            RenderRubyRun (anonymous) at (212,307) size 18x17
              RenderRubyText {RT} at (-10,0) size 10x17
                RenderText {#text} at (0,3) size 10x10
                  text run at (0,3) width 10: "\x{3048}"
              RenderRubyBase (anonymous) at (0,0) size 18x17
                RenderInline {RB} at (0,0) size 18x17
                  RenderText {#text} at (0,0) size 18x17
                    text run at (0,0) width 17: "\x{753B}"
          RenderText {#text} at (212,324) size 18x81
            text run at (212,324) width 81: "\x{304C}\x{51FA}\x{6765}\x{308B}\x{3002}"
          RenderBR {BR} at (212,404) size 18x1
          RenderText {#text} at (230,0) size 18x17
            text run at (230,0) width 17: "\x{3000}"
          RenderInline {STRONG} at (0,0) size 18x49
            RenderText {#text} at (230,16) size 18x49
              text run at (230,16) width 49: "\x{4EBA}\x{306E}\x{4E16}"
          RenderText {#text} at (230,64) size 46x484
            text run at (230,64) width 419: "\x{3092}\x{4F5C}\x{3063}\x{305F}\x{3082}\x{306E}\x{306F}\x{795E}\x{3067}\x{3082}\x{306A}\x{3051}\x{308C}\x{3070}\x{9B3C}\x{3067}\x{3082}\x{306A}\x{3044}\x{3002}\x{3084}\x{306F}\x{308A}\x{5411}\x{3046}\x{4E09}"
            text run at (258,0) width 17: "\x{8ED2}"
          RenderRuby (inline) {RUBY} at (0,0) size 18x39
            RenderRubyRun (anonymous) at (258,12) size 18x46
              RenderRubyText {RT} at (-10,0) size 10x46
                RenderText {#text} at (0,0) size 10x46
                  text run at (0,0) width 46: "\x{308A}\x{3087}\x{3046}\x{3069}\x{306A}"
              RenderRubyBase (anonymous) at (0,0) size 18x46
                RenderInline {RB} at (0,0) size 18x33
                  RenderText {#text} at (0,6) size 18x33
                    text run at (0,6) width 33: "\x{4E21}\x{96A3}"
          RenderText {#text} at (258,54) size 18x387
            text run at (258,54) width 387: "\x{308A}\x{306B}\x{3061}\x{3089}\x{3061}\x{3089}\x{3059}\x{308B}\x{305F}\x{3060}\x{306E}\x{4EBA}\x{3067}\x{3042}\x{308B}\x{3002}\x{305F}\x{3060}\x{306E}\x{4EBA}\x{304C}\x{4F5C}\x{3063}\x{305F}"
          RenderInline {STRONG} at (0,0) size 36x474
            RenderText {#text} at (258,440) size 36x474
              text run at (258,440) width 33: "\x{4EBA}\x{306E}"
              text run at (276,0) width 17: "\x{4E16}"
          RenderText {#text} at (276,16) size 18x371
            text run at (276,16) width 371: "\x{304C}\x{4F4F}\x{307F}\x{306B}\x{304F}\x{3044}\x{304B}\x{3089}\x{3068}\x{3066}\x{3001}\x{8D8A}\x{3059}\x{56FD}\x{306F}\x{3042}\x{308B}\x{307E}\x{3044}\x{3002}\x{3042}\x{308C}\x{3070}"
          RenderInline {STRONG} at (0,0) size 18x66
            RenderText {#text} at (276,386) size 18x66
              text run at (276,386) width 65: "\x{4EBA}\x{3067}\x{306A}\x{3057}"
          RenderText {#text} at (276,451) size 36x484
            text run at (276,451) width 33: "\x{306E}\x{56FD}"
            text run at (294,0) width 129: "\x{3078}\x{884C}\x{304F}\x{3070}\x{304B}\x{308A}\x{3060}\x{3002}"
          RenderInline {STRONG} at (0,0) size 18x66
            RenderText {#text} at (294,128) size 18x66
              text run at (294,128) width 65: "\x{4EBA}\x{3067}\x{306A}\x{3057}"
          RenderText {#text} at (294,193) size 18x49
            text run at (294,193) width 49: "\x{306E}\x{56FD}\x{306F}"
          RenderInline {STRONG} at (0,0) size 18x50
            RenderText {#text} at (294,241) size 18x50
              text run at (294,241) width 49: "\x{4EBA}\x{306E}\x{4E16}"
          RenderText {#text} at (294,290) size 36x468
            text run at (294,290) width 178: "\x{3088}\x{308A}\x{3082}\x{306A}\x{304A}\x{4F4F}\x{307F}\x{306B}\x{304F}\x{304B}\x{308D}"
            text run at (312,0) width 33: "\x{3046}\x{3002}"
          RenderBR {BR} at (312,32) size 18x1
          RenderText {#text} at (330,0) size 46x468
            text run at (330,0) width 468: "\x{3000}\x{8D8A}\x{3059}\x{4E8B}\x{306E}\x{306A}\x{3089}\x{306C}\x{4E16}\x{304C}\x{4F4F}\x{307F}\x{306B}\x{304F}\x{3051}\x{308C}\x{3070}\x{3001}\x{4F4F}\x{307F}\x{306B}\x{304F}\x{3044}\x{6240}\x{3092}\x{3069}\x{308C}\x{307B}\x{3069}"
            text run at (358,0) width 33: "\x{304B}\x{3001}"
          RenderRuby (inline) {RUBY} at (0,0) size 18x34
            RenderRubyRun (anonymous) at (358,30) size 18x37
              RenderRubyText {RT} at (-10,0) size 10x37
                RenderText {#text} at (0,0) size 10x37
                  text run at (0,0) width 37: "\x{304F}\x{3064}\x{308D}\x{3052}"
              RenderRubyBase (anonymous) at (0,0) size 18x37
                RenderInline {RB} at (0,0) size 18x33
                  RenderText {#text} at (0,2) size 18x33
                    text run at (0,2) width 33: "\x{5BDB}\x{5BB9}"
          RenderText {#text} at (358,65) size 18x33
            text run at (358,65) width 33: "\x{3066}\x{3001}"
          RenderRuby (inline) {RUBY} at (0,0) size 18x18
            RenderRubyRun (anonymous) at (358,96) size 18x19
              RenderRubyText {RT} at (-10,0) size 10x19
                RenderText {#text} at (0,0) size 10x19
                  text run at (0,0) width 19: "\x{3064}\x{304B}"
              RenderRubyBase (anonymous) at (0,0) size 18x19
                RenderInline {RB} at (0,0) size 18x17
                  RenderText {#text} at (0,1) size 18x17
                    text run at (0,1) width 17: "\x{675F}"
          RenderText {#text} at (358,114) size 18x17
            text run at (358,114) width 17: "\x{306E}"
          RenderRuby (inline) {RUBY} at (0,0) size 18x18
            RenderRubyRun (anonymous) at (358,131) size 18x17
              RenderRubyText {RT} at (-10,0) size 10x17
                RenderText {#text} at (0,3) size 10x10
                  text run at (0,3) width 10: "\x{307E}"
              RenderRubyBase (anonymous) at (0,0) size 18x17
                RenderInline {RB} at (0,0) size 18x17
                  RenderText {#text} at (0,0) size 18x17
                    text run at (0,0) width 17: "\x{9593}"
          RenderText {#text} at (358,147) size 46x486
            text run at (358,147) width 339: "\x{306E}\x{547D}\x{3092}\x{3001}\x{675F}\x{306E}\x{9593}\x{3067}\x{3082}\x{4F4F}\x{307F}\x{3088}\x{304F}\x{305B}\x{306D}\x{3070}\x{306A}\x{3089}\x{306C}\x{3002}\x{3053}"
            text run at (386,0) width 403: "\x{3053}\x{306B}\x{8A69}\x{4EBA}\x{3068}\x{3044}\x{3046}\x{5929}\x{8077}\x{304C}\x{51FA}\x{6765}\x{3066}\x{3001}\x{3053}\x{3053}\x{306B}\x{753B}\x{5BB6}\x{3068}\x{3044}\x{3046}\x{4F7F}\x{547D}\x{304C}"
          RenderRuby (inline) {RUBY} at (0,0) size 18x18
            RenderRubyRun (anonymous) at (386,402) size 18x19
              RenderRubyText {RT} at (-10,0) size 10x19
                RenderText {#text} at (0,0) size 10x19
                  text run at (0,0) width 19: "\x{304F}\x{3060}"
              RenderRubyBase (anonymous) at (0,0) size 18x19
                RenderInline {RB} at (0,0) size 18x17
                  RenderText {#text} at (0,1) size 18x17
                    text run at (0,1) width 17: "\x{964D}"
          RenderText {#text} at (386,419) size 46x485
            text run at (386,419) width 65: "\x{308B}\x{3002}\x{3042}\x{3089}"
            text run at (414,0) width 178: "\x{3086}\x{308B}\x{82B8}\x{8853}\x{306E}\x{58EB}\x{306F}\x{4EBA}\x{306E}\x{4E16}\x{3092}"
          RenderRuby (inline) {RUBY} at (0,0) size 18x34
            RenderRubyRun (anonymous) at (414,177) size 18x33
              RenderRubyText {RT} at (-10,0) size 10x33
                RenderText {#text} at (0,2) size 10x28
                  text run at (0,2) width 28: "\x{306E}\x{3069}\x{304B}"
              RenderRubyBase (anonymous) at (0,0) size 18x33
                RenderInline {RB} at (0,0) size 18x33
                  RenderText {#text} at (0,0) size 18x33
                    text run at (0,0) width 33: "\x{9577}\x{9591}"
          RenderText {#text} at (414,210) size 18x210
            text run at (414,210) width 210: "\x{306B}\x{3057}\x{3001}\x{4EBA}\x{306E}\x{5FC3}\x{3092}\x{8C4A}\x{304B}\x{306B}\x{3059}\x{308B}\x{304C}"
          RenderRuby (inline) {RUBY} at (0,0) size 18x18
            RenderRubyRun (anonymous) at (414,419) size 18x19
              RenderRubyText {RT} at (-10,0) size 10x19
                RenderText {#text} at (0,0) size 10x19
                  text run at (0,0) width 19: "\x{3086}\x{3048}"
              RenderRubyBase (anonymous) at (0,0) size 18x19
                RenderInline {RB} at (0,0) size 18x17
                  RenderText {#text} at (0,1) size 18x17
                    text run at (0,1) width 17: "\x{6545}"
          RenderText {#text} at (414,436) size 18x17
            text run at (414,436) width 17: "\x{306B}"
          RenderRuby (inline) {RUBY} at (0,0) size 18x18
            RenderRubyRun (anonymous) at (414,452) size 18x19
              RenderRubyText {RT} at (-10,0) size 10x19
                RenderText {#text} at (0,0) size 10x19
                  text run at (0,0) width 19: "\x{305F}\x{3063}"
              RenderRubyBase (anonymous) at (0,0) size 18x19
                RenderInline {RB} at (0,0) size 18x17
                  RenderText {#text} at (0,1) size 18x17
                    text run at (0,1) width 17: "\x{5C0A}"
          RenderText {#text} at (414,469) size 36x486
            text run at (414,469) width 17: "\x{3068}"
            text run at (432,0) width 33: "\x{3044}\x{3002}"
          RenderBR {BR} at (432,32) size 18x1
          RenderText {#text} at (460,0) size 18x242
            text run at (460,0) width 242: "\x{3000}\x{4F4F}\x{307F}\x{306B}\x{304F}\x{304D}\x{4E16}\x{304B}\x{3089}\x{3001}\x{4F4F}\x{307F}\x{306B}\x{304F}\x{304D}"
          RenderRuby (inline) {RUBY} at (0,0) size 18x21
            RenderRubyRun (anonymous) at (460,238) size 18x28
              RenderRubyText {RT} at (-10,0) size 10x28
                RenderText {#text} at (0,0) size 10x28
                  text run at (0,0) width 28: "\x{308F}\x{305A}\x{3089}"
              RenderRubyBase (anonymous) at (0,0) size 18x28
                RenderInline {RB} at (0,0) size 18x17
                  RenderText {#text} at (0,5) size 18x17
                    text run at (0,5) width 17: "\x{7169}"
          RenderText {#text} at (460,261) size 46x488
            text run at (460,261) width 226: "\x{3044}\x{3092}\x{5F15}\x{304D}\x{629C}\x{3044}\x{3066}\x{3001}\x{3042}\x{308A}\x{304C}\x{305F}\x{3044}\x{4E16}"
            text run at (488,0) width 274: "\x{754C}\x{3092}\x{307E}\x{306E}\x{3042}\x{305F}\x{308A}\x{306B}\x{5199}\x{3059}\x{306E}\x{304C}\x{8A69}\x{3067}\x{3042}\x{308B}\x{3001}"
          RenderRuby (inline) {RUBY} at (0,0) size 18x18
            RenderRubyRun (anonymous) at (488,274) size 18x17
              RenderRubyText {RT} at (-10,0) size 10x17
                RenderText {#text} at (0,3) size 10x10
                  text run at (0,3) width 10: "\x{3048}"
              RenderRubyBase (anonymous) at (0,0) size 18x17
                RenderInline {RB} at (0,0) size 18x17
                  RenderText {#text} at (0,0) size 18x17
                    text run at (0,0) width 17: "\x{753B}"
          RenderText {#text} at (488,290) size 46x485
            text run at (488,290) width 194: "\x{3067}\x{3042}\x{308B}\x{3002}\x{3042}\x{308B}\x{306F}\x{97F3}\x{697D}\x{3068}\x{5F6B}\x{523B}"
            text run at (516,0) width 129: "\x{3067}\x{3042}\x{308B}\x{3002}\x{3053}\x{307E}\x{304B}\x{306B}"
          RenderRuby (inline) {RUBY} at (0,0) size 18x18
            RenderRubyRun (anonymous) at (516,129) size 18x17
              RenderRubyText {RT} at (-10,0) size 10x17
                RenderText {#text} at (0,3) size 10x10
                  text run at (0,3) width 10: "\x{3044}"
              RenderRubyBase (anonymous) at (0,0) size 18x17
                RenderInline {RB} at (0,0) size 18x17
                  RenderText {#text} at (0,0) size 18x17
                    text run at (0,0) width 17: "\x{4E91}"
          RenderText {#text} at (516,145) size 46x485
            text run at (516,145) width 339: "\x{3048}\x{3070}\x{5199}\x{3055}\x{306A}\x{3044}\x{3067}\x{3082}\x{3088}\x{3044}\x{3002}\x{305F}\x{3060}\x{307E}\x{306E}\x{3042}\x{305F}\x{308A}\x{306B}\x{898B}\x{308C}"
            text run at (544,0) width 194: "\x{3070}\x{3001}\x{305D}\x{3053}\x{306B}\x{8A69}\x{3082}\x{751F}\x{304D}\x{3001}\x{6B4C}\x{3082}"
          RenderRuby (inline) {RUBY} at (0,0) size 18x18
            RenderRubyRun (anonymous) at (544,193) size 18x17
              RenderRubyText {RT} at (-10,0) size 10x17
                RenderText {#text} at (0,3) size 10x10
                  text run at (0,3) width 10: "\x{308F}"
              RenderRubyBase (anonymous) at (0,0) size 18x17
                RenderInline {RB} at (0,0) size 18x17
                  RenderText {#text} at (0,0) size 18x17
                    text run at (0,0) width 17: "\x{6E67}"
          RenderText {#text} at (544,210) size 18x194
            text run at (544,210) width 194: "\x{304F}\x{3002}\x{7740}\x{60F3}\x{3092}\x{7D19}\x{306B}\x{843D}\x{3055}\x{306C}\x{3068}\x{3082}"
          RenderRuby (inline) {RUBY} at (0,0) size 18x39
            RenderRubyRun (anonymous) at (544,400) size 18x46
              RenderRubyText {RT} at (-10,0) size 10x46
                RenderText {#text} at (0,0) size 10x46
                  text run at (0,0) width 46: "\x{304D}\x{3085}\x{3046}\x{305D}\x{3046}"
              RenderRubyBase (anonymous) at (0,0) size 18x46
                RenderInline {RB} at (0,0) size 18x33
                  RenderText {#text} at (0,6) size 18x17
                    text run at (0,6) width 17: "\x{7486}"
                  RenderText {#text} at (0,22) size 18x17
                    text run at (0,22) width 17: "\x{93D8}"
          RenderText {#text} at (544,441) size 18x17
            text run at (544,441) width 17: "\x{306E}"
          RenderRuby (inline) {RUBY} at (0,0) size 18x18
            RenderRubyRun (anonymous) at (544,457) size 18x19
              RenderRubyText {RT} at (-10,0) size 10x19
                RenderText {#text} at (0,0) size 10x19
                  text run at (0,0) width 19: "\x{304A}\x{3093}"
              RenderRubyBase (anonymous) at (0,0) size 18x19
                RenderInline {RB} at (0,0) size 18x17
                  RenderText {#text} at (0,1) size 18x17
                    text run at (0,1) width 17: "\x{97F3}"
          RenderText {#text} at (544,474) size 18x17
            text run at (544,474) width 17: "\x{306F}"
          RenderRuby (inline) {RUBY} at (0,0) size 18x35
            RenderRubyRun (anonymous) at (572,0) size 18x37
              RenderRubyText {RT} at (-10,0) size 10x37
                RenderText {#text} at (0,0) size 10x37
                  text run at (0,0) width 37: "\x{304D}\x{3087}\x{3046}\x{308A}"
              RenderRubyBase (anonymous) at (0,0) size 18x37
                RenderInline {RB} at (0,0) size 18x33
                  RenderText {#text} at (0,2) size 18x33
                    text run at (0,2) width 33: "\x{80F8}\x{88CF}"
          RenderText {#text} at (572,35) size 18x17
            text run at (572,35) width 17: "\x{306B}"
          RenderRuby (inline) {RUBY} at (0,0) size 18x18
            RenderRubyRun (anonymous) at (572,50) size 18x19
              RenderRubyText {RT} at (-10,0) size 10x19
                RenderText {#text} at (0,0) size 10x19
                  text run at (0,0) width 19: "\x{304A}\x{3053}"
              RenderRubyBase (anonymous) at (0,0) size 18x19
                RenderInline {RB} at (0,0) size 18x17
                  RenderText {#text} at (0,1) size 18x17
                    text run at (0,1) width 17: "\x{8D77}"
          RenderText {#text} at (572,68) size 18x33
            text run at (572,68) width 33: "\x{308B}\x{3002}"
          RenderRuby (inline) {RUBY} at (0,0) size 18x34
            RenderRubyRun (anonymous) at (572,98) size 18x37
              RenderRubyText {RT} at (-10,0) size 10x37
                RenderText {#text} at (0,0) size 10x37
                  text run at (0,0) width 37: "\x{305F}\x{3093}\x{305B}\x{3044}"
              RenderRubyBase (anonymous) at (0,0) size 18x37
                RenderInline {RB} at (0,0) size 18x33
                  RenderText {#text} at (0,2) size 18x33
                    text run at (0,2) width 33: "\x{4E39}\x{9752}"
          RenderText {#text} at (572,133) size 18x17
            text run at (572,133) width 17: "\x{306F}"
          RenderRuby (inline) {RUBY} at (0,0) size 18x34
            RenderRubyRun (anonymous) at (572,149) size 18x33
              RenderRubyText {RT} at (-10,0) size 10x33
                RenderText {#text} at (0,7) size 10x19
                  text run at (0,7) width 19: "\x{304C}\x{304B}"
              RenderRubyBase (anonymous) at (0,0) size 18x33
                RenderInline {RB} at (0,0) size 18x33
                  RenderText {#text} at (0,0) size 18x33
                    text run at (0,0) width 33: "\x{753B}\x{67B6}"
          RenderText {#text} at (572,182) size 18x65
            text run at (572,182) width 65: "\x{306B}\x{5411}\x{3063}\x{3066}"
          RenderRuby (inline) {RUBY} at (0,0) size 18x34
            RenderRubyRun (anonymous) at (572,247) size 18x33
              RenderRubyText {RT} at (-10,0) size 10x33
                RenderText {#text} at (0,2) size 10x28
                  text run at (0,2) width 28: "\x{3068}\x{307E}\x{3064}"
              RenderRubyBase (anonymous) at (0,0) size 18x33
                RenderInline {RB} at (0,0) size 18x33
                  RenderText {#text} at (0,0) size 18x33
                    text run at (0,0) width 33: "\x{5857}\x{62B9}"
          RenderText {#text} at (572,279) size 18x66
            text run at (572,279) width 65: "\x{305B}\x{3093}\x{3067}\x{3082}"
          RenderRuby (inline) {RUBY} at (0,0) size 18x34
            RenderRubyRun (anonymous) at (572,344) size 18x33
              RenderRubyText {RT} at (-10,0) size 10x33
                RenderText {#text} at (0,2) size 10x28
                  text run at (0,2) width 28: "\x{3054}\x{3055}\x{3044}"
              RenderRubyBase (anonymous) at (0,0) size 18x33
                RenderInline {RB} at (0,0) size 18x33
                  RenderText {#text} at (0,0) size 18x33
                    text run at (0,0) width 33: "\x{4E94}\x{5F69}"
          RenderText {#text} at (572,377) size 18x17
            text run at (572,377) width 17: "\x{306E}"
          RenderRuby (inline) {RUBY} at (0,0) size 18x34
            RenderRubyRun (anonymous) at (572,391) size 18x37
              RenderRubyText {RT} at (-10,0) size 10x37
                RenderText {#text} at (0,0) size 10x37
                  text run at (0,0) width 37: "\x{3051}\x{3093}\x{3089}\x{3093}"
              RenderRubyBase (anonymous) at (0,0) size 18x37
                RenderInline {RB} at (0,0) size 18x33
                  RenderText {#text} at (0,2) size 18x33
                    text run at (0,2) width 33: "\x{7D62}\x{721B}"
          RenderText {#text} at (572,426) size 18x17
            text run at (572,426) width 17: "\x{306F}"
          RenderRuby (inline) {RUBY} at (0,0) size 18x21
            RenderRubyRun (anonymous) at (572,439) size 18x28
              RenderRubyText {RT} at (-10,0) size 10x28
                RenderText {#text} at (0,0) size 10x28
                  text run at (0,0) width 28: "\x{304A}\x{306E}\x{305A}"
              RenderRubyBase (anonymous) at (0,0) size 18x28
                RenderInline {RB} at (0,0) size 18x17
                  RenderText {#text} at (0,5) size 18x17
                    text run at (0,5) width 17: "\x{81EA}"
          RenderText {#text} at (572,462) size 46x479
            text run at (572,462) width 17: "\x{304B}"
            text run at (600,0) width 17: "\x{3089}"
          RenderRuby (inline) {RUBY} at (0,0) size 18x34
            RenderRubyRun (anonymous) at (600,14) size 18x37
              RenderRubyText {RT} at (-10,0) size 10x37
                RenderText {#text} at (0,0) size 10x37
                  text run at (0,0) width 37: "\x{3057}\x{3093}\x{304C}\x{3093}"
              RenderRubyBase (anonymous) at (0,0) size 18x37
                RenderInline {RB} at (0,0) size 18x33
                  RenderText {#text} at (0,2) size 18x33
                    text run at (0,2) width 33: "\x{5FC3}\x{773C}"
          RenderText {#text} at (600,49) size 18x258
            text run at (600,49) width 258: "\x{306B}\x{6620}\x{308B}\x{3002}\x{305F}\x{3060}\x{304A}\x{306E}\x{304C}\x{4F4F}\x{3080}\x{4E16}\x{3092}\x{3001}\x{304B}\x{304F}"
          RenderRuby (inline) {RUBY} at (0,0) size 18x18
            RenderRubyRun (anonymous) at (600,306) size 18x19
              RenderRubyText {RT} at (-10,0) size 10x19
                RenderText {#text} at (0,0) size 10x19
                  text run at (0,0) width 19: "\x{304B}\x{3093}"
              RenderRubyBase (anonymous) at (0,0) size 18x19
                RenderInline {RB} at (0,0) size 18x17
                  RenderText {#text} at (0,1) size 18x17
                    text run at (0,1) width 17: "\x{89B3}"
          RenderText {#text} at (600,323) size 18x66
            text run at (600,323) width 65: "\x{3058}\x{5F97}\x{3066}\x{3001}"
          RenderRuby (inline) {RUBY} at (0,0) size 18x66
            RenderRubyRun (anonymous) at (600,384) size 18x73
              RenderRubyText {RT} at (-10,0) size 10x73
                RenderText {#text} at (0,0) size 10x73
                  text run at (0,0) width 73: "\x{308C}\x{3044}\x{3060}\x{3044}\x{307B}\x{3046}\x{3059}\x{3093}"
              RenderRubyBase (anonymous) at (0,0) size 18x73
                RenderInline {RB} at (0,0) size 18x65
                  RenderText {#text} at (0,4) size 18x65
                    text run at (0,4) width 65: "\x{970A}\x{53F0}\x{65B9}\x{5BF8}"
          RenderText {#text} at (600,453) size 46x486
            text run at (600,453) width 33: "\x{306E}\x{30AB}"
            text run at (628,0) width 49: "\x{30E1}\x{30E9}\x{306B}"
          RenderRuby (inline) {RUBY} at (0,0) size 18x66
            RenderRubyRun (anonymous) at (628,44) size 18x73
              RenderRubyText {RT} at (-10,0) size 10x73
                RenderText {#text} at (0,0) size 10x73
                  text run at (0,0) width 73: "\x{304E}\x{3087}\x{3046}\x{304D}\x{3053}\x{3093}\x{3060}\x{304F}"
              RenderRubyBase (anonymous) at (0,0) size 18x73
                RenderInline {RB} at (0,0) size 18x65
                  RenderText {#text} at (0,4) size 18x65
                    text run at (0,4) width 65: "\x{6F86}\x{5B63}\x{6EB7}\x{6FC1}"
          RenderText {#text} at (628,113) size 18x210
            text run at (628,113) width 210: "\x{306E}\x{4FD7}\x{754C}\x{3092}\x{6E05}\x{304F}\x{3046}\x{3089}\x{3089}\x{304B}\x{306B}\x{53CE}\x{3081}"
          RenderRuby (inline) {RUBY} at (0,0) size 18x18
            RenderRubyRun (anonymous) at (628,323) size 18x17
              RenderRubyText {RT} at (-10,0) size 10x17
                RenderText {#text} at (0,3) size 10x10
                  text run at (0,3) width 10: "\x{3046}"
              RenderRubyBase (anonymous) at (0,0) size 18x17
                RenderInline {RB} at (0,0) size 18x17
                  RenderText {#text} at (0,0) size 18x17
                    text run at (0,0) width 17: "\x{5F97}"
          RenderText {#text} at (628,339) size 18x34
            text run at (628,339) width 33: "\x{308C}\x{3070}"
          RenderRuby (inline) {RUBY} at (0,0) size 18x18
            RenderRubyRun (anonymous) at (628,372) size 18x17
              RenderRubyText {RT} at (-10,0) size 10x17
                RenderText {#text} at (0,3) size 10x10
                  text run at (0,3) width 10: "\x{305F}"
              RenderRubyBase (anonymous) at (0,0) size 18x17
                RenderInline {RB} at (0,0) size 18x17
                  RenderText {#text} at (0,0) size 18x17
                    text run at (0,0) width 17: "\x{8DB3}"
          RenderText {#text} at (628,389) size 18x97
            text run at (628,389) width 97: "\x{308B}\x{3002}\x{3053}\x{306E}\x{6545}\x{306B}"
          RenderRuby (inline) {RUBY} at (0,0) size 18x33
            RenderRubyRun (anonymous) at (656,0) size 18x33
              RenderRubyText {RT} at (-10,0) size 10x33
                RenderText {#text} at (0,2) size 10x28
                  text run at (0,2) width 28: "\x{3080}\x{305B}\x{3044}"
              RenderRubyBase (anonymous) at (0,0) size 18x33
                RenderInline {RB} at (0,0) size 18x33
                  RenderText {#text} at (0,0) size 18x33
                    text run at (0,0) width 33: "\x{7121}\x{58F0}"
          RenderText {#text} at (656,33) size 18x162
            text run at (656,33) width 162: "\x{306E}\x{8A69}\x{4EBA}\x{306B}\x{306F}\x{4E00}\x{53E5}\x{306A}\x{304F}\x{3001}"
          RenderRuby (inline) {RUBY} at (0,0) size 18x34
            RenderRubyRun (anonymous) at (656,192) size 18x37
              RenderRubyText {RT} at (-10,0) size 10x37
                RenderText {#text} at (0,0) size 10x37
                  text run at (0,0) width 37: "\x{3080}\x{3057}\x{3087}\x{304F}"
              RenderRubyBase (anonymous) at (0,0) size 18x37
                RenderInline {RB} at (0,0) size 18x33
                  RenderText {#text} at (0,2) size 18x33
                    text run at (0,2) width 33: "\x{7121}\x{8272}"
          RenderText {#text} at (656,227) size 18x81
            text run at (656,227) width 81: "\x{306E}\x{753B}\x{5BB6}\x{306B}\x{306F}"
          RenderRuby (inline) {RUBY} at (0,0) size 18x34
            RenderRubyRun (anonymous) at (656,306) size 18x37
              RenderRubyText {RT} at (-10,0) size 10x37
                RenderText {#text} at (0,0) size 10x37
                  text run at (0,0) width 37: "\x{305B}\x{3063}\x{3051}\x{3093}"
              RenderRubyBase (anonymous) at (0,0) size 18x37
                RenderInline {RB} at (0,0) size 18x33
                  RenderText {#text} at (0,2) size 18x33
                    text run at (0,2) width 33: "\x{5C3A}\x{7E11}"
          RenderText {#text} at (656,340) size 18x98
            text run at (656,340) width 97: "\x{306A}\x{304D}\x{3082}\x{3001}\x{304B}\x{304F}"
          RenderRuby (inline) {RUBY} at (0,0) size 18x34
            RenderRubyRun (anonymous) at (656,435) size 18x37
              RenderRubyText {RT} at (-10,0) size 10x37
                RenderText {#text} at (0,0) size 10x37
                  text run at (0,0) width 37: "\x{3058}\x{3093}\x{305B}\x{3044}"
              RenderRubyBase (anonymous) at (0,0) size 18x37
                RenderInline {RB} at (0,0) size 18x33
                  RenderText {#text} at (0,2) size 18x33
                    text run at (0,2) width 33: "\x{4EBA}\x{4E16}"
          RenderText {#text} at (656,470) size 46x487
            text run at (656,470) width 17: "\x{3092}"
            text run at (684,0) width 210: "\x{89B3}\x{3058}\x{5F97}\x{308B}\x{306E}\x{70B9}\x{306B}\x{304A}\x{3044}\x{3066}\x{3001}\x{304B}\x{304F}"
          RenderRuby (inline) {RUBY} at (0,0) size 18x34
            RenderRubyRun (anonymous) at (684,207) size 18x37
              RenderRubyText {RT} at (-10,0) size 10x37
                RenderText {#text} at (0,0) size 10x37
                  text run at (0,0) width 37: "\x{307C}\x{3093}\x{306E}\x{3046}"
              RenderRubyBase (anonymous) at (0,0) size 18x37
                RenderInline {RB} at (0,0) size 18x33
                  RenderText {#text} at (0,2) size 18x33
                    text run at (0,2) width 33: "\x{7169}\x{60A9}"
          RenderText {#text} at (684,242) size 18x17
            text run at (684,242) width 17: "\x{3092}"
          RenderRuby (inline) {RUBY} at (0,0) size 18x34
            RenderRubyRun (anonymous) at (684,259) size 18x33
              RenderRubyText {RT} at (-10,0) size 10x33
                RenderText {#text} at (0,2) size 10x28
                  text run at (0,2) width 28: "\x{3052}\x{3060}\x{3064}"
              RenderRubyBase (anonymous) at (0,0) size 18x33
                RenderInline {RB} at (0,0) size 18x33
                  RenderText {#text} at (0,0) size 18x33
                    text run at (0,0) width 33: "\x{89E3}\x{8131}"
          RenderText {#text} at (684,291) size 18x178
            text run at (684,291) width 178: "\x{3059}\x{308B}\x{306E}\x{70B9}\x{306B}\x{304A}\x{3044}\x{3066}\x{3001}\x{304B}\x{304F}"
          RenderRuby (inline) {RUBY} at (0,0) size 18x69
            RenderRubyRun (anonymous) at (712,0) size 18x73
              RenderRubyText {RT} at (-10,0) size 10x73
                RenderText {#text} at (0,0) size 10x73
                  text run at (0,0) width 73: "\x{3057}\x{3087}\x{3046}\x{3058}\x{3087}\x{3046}\x{304B}\x{3044}"
              RenderRubyBase (anonymous) at (0,0) size 18x73
                RenderInline {RB} at (0,0) size 18x49
                  RenderText {#text} at (0,12) size 18x49
                    text run at (0,12) width 49: "\x{6E05}\x{6D44}\x{754C}"
          RenderText {#text} at (712,69) size 18x17
            text run at (712,69) width 17: "\x{306B}"
          RenderRuby (inline) {RUBY} at (0,0) size 18x48
            RenderRubyRun (anonymous) at (712,81) size 18x55
              RenderRubyText {RT} at (-10,0) size 10x55
                RenderText {#text} at (0,0) size 10x55
                  text run at (0,0) width 55: "\x{3057}\x{3085}\x{3064}\x{306B}\x{3085}\x{3046}"
              RenderRubyBase (anonymous) at (0,0) size 18x55
                RenderInline {RB} at (0,0) size 18x33
                  RenderText {#text} at (0,11) size 18x33
                    text run at (0,11) width 33: "\x{51FA}\x{5165}"
          RenderText {#text} at (712,132) size 18x226
            text run at (712,132) width 226: "\x{3057}\x{5F97}\x{308B}\x{306E}\x{70B9}\x{306B}\x{304A}\x{3044}\x{3066}\x{3001}\x{307E}\x{305F}\x{3053}\x{306E}"
          RenderRuby (inline) {RUBY} at (0,0) size 18x66
            RenderRubyRun (anonymous) at (712,358) size 18x65
              RenderRubyText {RT} at (-10,0) size 10x65
                RenderText {#text} at (0,9) size 10x46
                  text run at (0,9) width 46: "\x{3075}\x{3069}\x{3046}\x{3075}\x{3058}"
              RenderRubyBase (anonymous) at (0,0) size 18x65
                RenderInline {RB} at (0,0) size 18x65
                  RenderText {#text} at (0,0) size 18x65
                    text run at (0,0) width 65: "\x{4E0D}\x{540C}\x{4E0D}\x{4E8C}"
          RenderText {#text} at (712,422) size 18x17
            text run at (712,422) width 17: "\x{306E}"
          RenderRuby (inline) {RUBY} at (0,0) size 18x34
            RenderRubyRun (anonymous) at (712,437) size 18x37
              RenderRubyText {RT} at (-10,0) size 10x37
                RenderText {#text} at (0,0) size 10x37
                  text run at (0,0) width 37: "\x{3051}\x{3093}\x{3053}\x{3093}"
              RenderRubyBase (anonymous) at (0,0) size 18x37
                RenderInline {RB} at (0,0) size 18x33
                  RenderText {#text} at (0,2) size 18x33
                    text run at (0,2) width 33: "\x{4E7E}\x{5764}"
          RenderText {#text} at (712,471) size 18x17
            text run at (712,471) width 17: "\x{3092}"
          RenderRuby (inline) {RUBY} at (0,0) size 18x42
            RenderRubyRun (anonymous) at (740,0) size 18x46
              RenderRubyText {RT} at (-10,0) size 10x46
                RenderText {#text} at (0,0) size 10x46
                  text run at (0,0) width 46: "\x{3053}\x{3093}\x{308A}\x{3085}\x{3046}"
              RenderRubyBase (anonymous) at (0,0) size 18x46
                RenderInline {RB} at (0,0) size 18x33
                  RenderText {#text} at (0,6) size 18x33
                    text run at (0,6) width 33: "\x{5EFA}\x{7ACB}"
          RenderText {#text} at (740,42) size 18x162
            text run at (740,42) width 162: "\x{3057}\x{5F97}\x{308B}\x{306E}\x{70B9}\x{306B}\x{304A}\x{3044}\x{3066}\x{3001}"
          RenderRuby (inline) {RUBY} at (0,0) size 18x66
            RenderRubyRun (anonymous) at (740,203) size 18x65
              RenderRubyText {RT} at (-10,0) size 10x65
                RenderText {#text} at (0,9) size 10x46
                  text run at (0,9) width 46: "\x{304C}\x{308A}\x{3057}\x{3088}\x{304F}"
              RenderRubyBase (anonymous) at (0,0) size 18x65
                RenderInline {RB} at (0,0) size 18x65
                  RenderText {#text} at (0,0) size 18x65
                    text run at (0,0) width 65: "\x{6211}\x{5229}\x{79C1}\x{617E}"
          RenderText {#text} at (740,268) size 18x17
            text run at (740,268) width 17: "\x{306E}"
          RenderRuby (inline) {RUBY} at (0,0) size 18x34
            RenderRubyRun (anonymous) at (740,284) size 18x33
              RenderRubyText {RT} at (-10,0) size 10x33
                RenderText {#text} at (0,2) size 10x28
                  text run at (0,2) width 28: "\x{304D}\x{306F}\x{3093}"
              RenderRubyBase (anonymous) at (0,0) size 18x33
                RenderInline {RB} at (0,0) size 18x33
                  RenderText {#text} at (0,0) size 18x33
                    text run at (0,0) width 33: "\x{898A}\x{7D46}"
          RenderText {#text} at (740,317) size 18x17
            text run at (740,317) width 17: "\x{3092}"
          RenderRuby (inline) {RUBY} at (0,0) size 18x34
            RenderRubyRun (anonymous) at (740,331) size 18x37
              RenderRubyText {RT} at (-10,0) size 10x37
                RenderText {#text} at (0,0) size 10x37
                  text run at (0,0) width 37: "\x{305D}\x{3046}\x{3068}\x{3046}"
              RenderRubyBase (anonymous) at (0,0) size 18x37
                RenderInline {RB} at (0,0) size 18x33
                  RenderText {#text} at (0,2) size 18x33
                    text run at (0,2) width 33: "\x{6383}\x{8569}"
          RenderText {#text} at (740,366) size 46x480
            text run at (740,366) width 113: "\x{3059}\x{308B}\x{306E}\x{70B9}\x{306B}\x{304A}\x{3044}"
            text run at (768,0) width 65: "\x{3066}\x{3001}\x{2015}\x{2015}"
          RenderRuby (inline) {RUBY} at (0,0) size 18x34
            RenderRubyRun (anonymous) at (768,62) size 18x37
              RenderRubyText {RT} at (-10,0) size 10x37
                RenderText {#text} at (0,0) size 10x37
                  text run at (0,0) width 37: "\x{305B}\x{3093}\x{304D}\x{3093}"
              RenderRubyBase (anonymous) at (0,0) size 18x37
                RenderInline {RB} at (0,0) size 18x33
                  RenderText {#text} at (0,2) size 18x33
                    text run at (0,2) width 33: "\x{5343}\x{91D1}"
          RenderText {#text} at (768,97) size 18x97
            text run at (768,97) width 97: "\x{306E}\x{5B50}\x{3088}\x{308A}\x{3082}\x{3001}"
          RenderRuby (inline) {RUBY} at (0,0) size 18x39
            RenderRubyRun (anonymous) at (768,190) size 18x46
              RenderRubyText {RT} at (-10,0) size 10x46
                RenderText {#text} at (0,0) size 10x46
                  text run at (0,0) width 46: "\x{3070}\x{3093}\x{3058}\x{3087}\x{3046}"
              RenderRubyBase (anonymous) at (0,0) size 18x46
                RenderInline {RB} at (0,0) size 18x33
                  RenderText {#text} at (0,6) size 18x33
                    text run at (0,6) width 33: "\x{4E07}\x{4E57}"
          RenderText {#text} at (768,231) size 18x211
            text run at (768,231) width 210: "\x{306E}\x{541B}\x{3088}\x{308A}\x{3082}\x{3001}\x{3042}\x{3089}\x{3086}\x{308B}\x{4FD7}\x{754C}\x{306E}"
          RenderRuby (inline) {RUBY} at (0,0) size 18x34
            RenderRubyRun (anonymous) at (768,439) size 18x37
              RenderRubyText {RT} at (-10,0) size 10x37
                RenderText {#text} at (0,0) size 10x37
                  text run at (0,0) width 37: "\x{3061}\x{3087}\x{3046}\x{3058}"
              RenderRubyBase (anonymous) at (0,0) size 18x37
                RenderInline {RB} at (0,0) size 18x33
                  RenderText {#text} at (0,2) size 18x33
                    text run at (0,2) width 33: "\x{5BF5}\x{5150}"
          RenderText {#text} at (768,474) size 36x491
            text run at (768,474) width 17: "\x{3088}"
            text run at (786,0) width 129: "\x{308A}\x{3082}\x{5E78}\x{798F}\x{3067}\x{3042}\x{308B}\x{3002}"
          RenderBR {BR} at (786,128) size 18x1
          RenderText {#text} at (814,0) size 18x274
            text run at (814,0) width 274: "\x{3000}\x{4E16}\x{306B}\x{4F4F}\x{3080}\x{3053}\x{3068}\x{4E8C}\x{5341}\x{5E74}\x{306B}\x{3057}\x{3066}\x{3001}\x{4F4F}\x{3080}\x{306B}"
          RenderRuby (inline) {RUBY} at (0,0) size 18x34
            RenderRubyRun (anonymous) at (814,274) size 18x33
              RenderRubyText {RT} at (-10,0) size 10x33
                RenderText {#text} at (0,7) size 10x19
                  text run at (0,7) width 19: "\x{304B}\x{3044}"
              RenderRubyBase (anonymous) at (0,0) size 18x33
                RenderInline {RB} at (0,0) size 18x33
                  RenderText {#text} at (0,0) size 18x33
                    text run at (0,0) width 33: "\x{7532}\x{6590}"
          RenderText {#text} at (814,306) size 46x485
            text run at (814,306) width 178: "\x{3042}\x{308B}\x{4E16}\x{3068}\x{77E5}\x{3063}\x{305F}\x{3002}\x{4E8C}\x{5341}\x{4E94}"
            text run at (842,0) width 113: "\x{5E74}\x{306B}\x{3057}\x{3066}\x{660E}\x{6697}\x{306F}"
          RenderRuby (inline) {RUBY} at (0,0) size 18x34
            RenderRubyRun (anonymous) at (842,111) size 18x37
              RenderRubyText {RT} at (-10,0) size 10x37
                RenderText {#text} at (0,0) size 10x37
                  text run at (0,0) width 37: "\x{3072}\x{3087}\x{3046}\x{308A}"
              RenderRubyBase (anonymous) at (0,0) size 18x37
                RenderInline {RB} at (0,0) size 18x33
                  RenderText {#text} at (0,2) size 18x33
                    text run at (0,2) width 33: "\x{8868}\x{88CF}"
          RenderText {#text} at (842,145) size 46x485
            text run at (842,145) width 339: "\x{306E}\x{3054}\x{3068}\x{304F}\x{3001}\x{65E5}\x{306E}\x{3042}\x{305F}\x{308B}\x{6240}\x{306B}\x{306F}\x{304D}\x{3063}\x{3068}\x{5F71}\x{304C}\x{3055}\x{3059}\x{3068}"
            text run at (870,0) width 113: "\x{609F}\x{3063}\x{305F}\x{3002}\x{4E09}\x{5341}\x{306E}"
          RenderRuby (inline) {RUBY} at (0,0) size 18x34
            RenderRubyRun (anonymous) at (870,111) size 18x37
              RenderRubyText {RT} at (-10,0) size 10x37
                RenderText {#text} at (0,0) size 10x37
                  text run at (0,0) width 37: "\x{3053}\x{3093}\x{306B}\x{3061}"
              RenderRubyBase (anonymous) at (0,0) size 18x37
                RenderInline {RB} at (0,0) size 18x33
                  RenderText {#text} at (0,2) size 18x33
                    text run at (0,2) width 33: "\x{4ECA}\x{65E5}"
          RenderText {#text} at (870,145) size 18x291
            text run at (870,145) width 290: "\x{306F}\x{3053}\x{3046}\x{601D}\x{3046}\x{3066}\x{3044}\x{308B}\x{3002}\x{2015}\x{2015}\x{559C}\x{3073}\x{306E}\x{6DF1}\x{304D}\x{3068}\x{304D}"
          RenderRuby (inline) {RUBY} at (0,0) size 18x21
            RenderRubyRun (anonymous) at (870,432) size 18x28
              RenderRubyText {RT} at (-10,0) size 10x28
                RenderText {#text} at (0,0) size 10x28
                  text run at (0,0) width 28: "\x{3046}\x{308C}\x{3044}"
              RenderRubyBase (anonymous) at (0,0) size 18x28
                RenderInline {RB} at (0,0) size 18x17
                  RenderText {#text} at (0,5) size 18x17
                    text run at (0,5) width 17: "\x{6182}"
          RenderText {#text} at (870,455) size 46x488
            text run at (870,455) width 33: "\x{3044}\x{3088}"
            text run at (898,0) width 81: "\x{3044}\x{3088}\x{6DF1}\x{304F}\x{3001}"
          RenderRuby (inline) {RUBY} at (0,0) size 18x21
            RenderRubyRun (anonymous) at (898,77) size 18x28
              RenderRubyText {RT} at (-10,0) size 10x28
                RenderText {#text} at (0,0) size 10x28
                  text run at (0,0) width 28: "\x{305F}\x{306E}\x{3057}"
              RenderRubyBase (anonymous) at (0,0) size 18x28
                RenderInline {RB} at (0,0) size 18x17
                  RenderText {#text} at (0,5) size 18x17
                    text run at (0,5) width 17: "\x{697D}"
          RenderText {#text} at (898,100) size 46x488
            text run at (898,100) width 387: "\x{307F}\x{306E}\x{5927}\x{3044}\x{306A}\x{308B}\x{307B}\x{3069}\x{82E6}\x{3057}\x{307F}\x{3082}\x{5927}\x{304D}\x{3044}\x{3002}\x{3053}\x{308C}\x{3092}\x{5207}\x{308A}\x{653E}\x{305D}\x{3046}"
            text run at (926,0) width 162: "\x{3068}\x{3059}\x{308B}\x{3068}\x{8EAB}\x{304C}\x{6301}\x{3066}\x{306C}\x{3002}"
          RenderRuby (inline) {RUBY} at (0,0) size 18x18
            RenderRubyRun (anonymous) at (926,160) size 18x19
              RenderRubyText {RT} at (-10,0) size 10x19
                RenderText {#text} at (0,0) size 10x19
                  text run at (0,0) width 19: "\x{304B}\x{305F}"
              RenderRubyBase (anonymous) at (0,0) size 18x19
                RenderInline {RB} at (0,0) size 18x17
                  RenderText {#text} at (0,1) size 18x17
                    text run at (0,1) width 17: "\x{7247}"
          RenderText {#text} at (926,178) size 46x469
            text run at (926,178) width 291: "\x{3065}\x{3051}\x{3088}\x{3046}\x{3068}\x{3059}\x{308C}\x{3070}\x{4E16}\x{304C}\x{7ACB}\x{305F}\x{306C}\x{3002}\x{91D1}\x{306F}\x{5927}\x{4E8B}"
            text run at (954,0) width 129: "\x{3060}\x{3001}\x{5927}\x{4E8B}\x{306A}\x{3082}\x{306E}\x{304C}"
          RenderRuby (inline) {RUBY} at (0,0) size 18x18
            RenderRubyRun (anonymous) at (954,129) size 18x17
              RenderRubyText {RT} at (-10,0) size 10x17
                RenderText {#text} at (0,3) size 10x10
                  text run at (0,3) width 10: "\x{3075}"
              RenderRubyBase (anonymous) at (0,0) size 18x17
                RenderInline {RB} at (0,0) size 18x17
                  RenderText {#text} at (0,0) size 18x17
                    text run at (0,0) width 17: "\x{6B96}"
          RenderText {#text} at (954,145) size 18x50
            text run at (954,145) width 49: "\x{3048}\x{308C}\x{3070}"
          RenderRuby (inline) {RUBY} at (0,0) size 18x18
            RenderRubyRun (anonymous) at (954,194) size 18x17
              RenderRubyText {RT} at (-10,0) size 10x17
                RenderText {#text} at (0,3) size 10x10
                  text run at (0,3) width 10: "\x{306D}"
              RenderRubyBase (anonymous) at (0,0) size 18x17
                RenderInline {RB} at (0,0) size 18x17
                  RenderText {#text} at (0,0) size 18x17
                    text run at (0,0) width 17: "\x{5BDD}"
          RenderText {#text} at (954,211) size 18x17
            text run at (954,211) width 17: "\x{308B}"
          RenderRuby (inline) {RUBY} at (0,0) size 18x18
            RenderRubyRun (anonymous) at (954,227) size 18x17
              RenderRubyText {RT} at (-10,0) size 10x17
                RenderText {#text} at (0,3) size 10x10
                  text run at (0,3) width 10: "\x{307E}"
              RenderRubyBase (anonymous) at (0,0) size 18x17
                RenderInline {RB} at (0,0) size 18x17
                  RenderText {#text} at (0,0) size 18x17
                    text run at (0,0) width 17: "\x{9593}"
          RenderText {#text} at (954,244) size 64x487
            text run at (954,244) width 242: "\x{3082}\x{5FC3}\x{914D}\x{3060}\x{308D}\x{3046}\x{3002}\x{604B}\x{306F}\x{3046}\x{308C}\x{3057}\x{3044}\x{3001}\x{5B09}"
            text run at (972,0) width 484: "\x{3057}\x{3044}\x{604B}\x{304C}\x{7A4D}\x{3082}\x{308C}\x{3070}\x{3001}\x{604B}\x{3092}\x{305B}\x{306C}\x{6614}\x{304C}\x{304B}\x{3048}\x{3063}\x{3066}\x{604B}\x{3057}\x{304B}\x{308D}\x{3002}\x{95A3}\x{50DA}\x{306E}\x{80A9}\x{306F}\x{6570}"
            text run at (1000,0) width 97: "\x{767E}\x{4E07}\x{4EBA}\x{306E}\x{8DB3}\x{3092}"
          RenderRuby (inline) {RUBY} at (0,0) size 18x18
            RenderRubyRun (anonymous) at (1000,96) size 18x19
              RenderRubyText {RT} at (-10,0) size 10x19
                RenderText {#text} at (0,0) size 10x19
                  text run at (0,0) width 19: "\x{3055}\x{3055}"
              RenderRubyBase (anonymous) at (0,0) size 18x19
                RenderInline {RB} at (0,0) size 18x17
                  RenderText {#text} at (0,1) size 18x17
                    text run at (0,1) width 17: "\x{652F}"
          RenderText {#text} at (1000,113) size 18x82
            text run at (1000,113) width 81: "\x{3048}\x{3066}\x{3044}\x{308B}\x{3002}"
          RenderRuby (inline) {RUBY} at (0,0) size 18x34
            RenderRubyRun (anonymous) at (1000,194) size 18x33
              RenderRubyText {RT} at (-10,0) size 10x33
                RenderText {#text} at (0,2) size 10x28
                  text run at (0,2) width 28: "\x{305B}\x{306A}\x{304B}"
              RenderRubyBase (anonymous) at (0,0) size 18x33
                RenderInline {RB} at (0,0) size 18x33
                  RenderText {#text} at (0,0) size 18x33
                    text run at (0,0) width 33: "\x{80CC}\x{4E2D}"
          RenderText {#text} at (1000,227) size 46x486
            text run at (1000,227) width 258: "\x{306B}\x{306F}\x{91CD}\x{3044}\x{5929}\x{4E0B}\x{304C}\x{304A}\x{3076}\x{3055}\x{3063}\x{3066}\x{3044}\x{308B}\x{3002}\x{3046}"
            text run at (1028,0) width 274: "\x{307E}\x{3044}\x{7269}\x{3082}\x{98DF}\x{308F}\x{306D}\x{3070}\x{60DC}\x{3057}\x{3044}\x{3002}\x{5C11}\x{3057}\x{98DF}\x{3048}\x{3070}"
          RenderRuby (inline) {RUBY} at (0,0) size 18x18
            RenderRubyRun (anonymous) at (1028,274) size 18x17
              RenderRubyText {RT} at (-10,0) size 10x17
                RenderText {#text} at (0,3) size 10x10
                  text run at (0,3) width 10: "\x{3042}"
              RenderRubyBase (anonymous) at (0,0) size 18x17
                RenderInline {RB} at (0,0) size 18x17
                  RenderText {#text} at (0,0) size 18x17
                    text run at (0,0) width 17: "\x{98FD}"
          RenderText {#text} at (1028,290) size 18x18
            text run at (1028,290) width 17: "\x{304D}"
          RenderRuby (inline) {RUBY} at (0,0) size 18x18
            RenderRubyRun (anonymous) at (1028,307) size 18x17
              RenderRubyText {RT} at (-10,0) size 10x17
                RenderText {#text} at (0,3) size 10x10
                  text run at (0,3) width 10: "\x{305F}"
              RenderRubyBase (anonymous) at (0,0) size 18x17
                RenderInline {RB} at (0,0) size 18x17
                  RenderText {#text} at (0,0) size 18x17
                    text run at (0,0) width 17: "\x{8DB3}"
          RenderText {#text} at (1028,324) size 36x486
            text run at (1028,324) width 162: "\x{3089}\x{306C}\x{3002}\x{5B58}\x{5206}\x{98DF}\x{3048}\x{3070}\x{3042}\x{3068}"
            text run at (1046,0) width 129: "\x{304C}\x{4E0D}\x{6109}\x{5FEB}\x{3060}\x{3002}\x{2026}\x{2026}"
          RenderBR {BR} at (1046,128) size 18x1
          RenderText {#text} at (1074,0) size 18x17
            text run at (1074,0) width 17: "\x{3000}"
          RenderRuby (inline) {RUBY} at (0,0) size 18x18
            RenderRubyRun (anonymous) at (1074,16) size 18x17
              RenderRubyText {RT} at (-10,0) size 10x17
                RenderText {#text} at (0,3) size 10x10
                  text run at (0,3) width 10: "\x{3088}"
              RenderRubyBase (anonymous) at (0,0) size 18x17
                RenderInline {RB} at (0,0) size 18x17
                  RenderText {#text} at (0,0) size 18x17
                    text run at (0,0) width 17: "\x{4F59}"
          RenderText {#text} at (1074,33) size 18x17
            text run at (1074,33) width 17: "\x{306E}"
          RenderRuby (inline) {RUBY} at (0,0) size 18x30
            RenderRubyRun (anonymous) at (1074,45) size 18x37
              RenderRubyText {RT} at (-10,0) size 10x37
                RenderText {#text} at (0,0) size 10x37
                  text run at (0,0) width 37: "\x{304B}\x{3093}\x{304C}\x{3048}"
              RenderRubyBase (anonymous) at (0,0) size 18x37
                RenderInline {RB} at (0,0) size 18x17
                  RenderText {#text} at (0,10) size 18x17
                    text run at (0,10) width 17: "\x{8003}"
          RenderText {#text} at (1074,78) size 18x259
            text run at (1074,78) width 258: "\x{304C}\x{3053}\x{3053}\x{307E}\x{3067}\x{6F02}\x{6D41}\x{3057}\x{3066}\x{6765}\x{305F}\x{6642}\x{306B}\x{3001}\x{4F59}\x{306E}"
          RenderRuby (inline) {RUBY} at (0,0) size 18x34
            RenderRubyRun (anonymous) at (1074,336) size 18x33
              RenderRubyText {RT} at (-10,0) size 10x33
                RenderText {#text} at (0,2) size 10x28
                  text run at (0,2) width 28: "\x{3046}\x{305D}\x{304F}"
              RenderRubyBase (anonymous) at (0,0) size 18x33
                RenderInline {RB} at (0,0) size 18x33
                  RenderText {#text} at (0,0) size 18x33
                    text run at (0,0) width 33: "\x{53F3}\x{8DB3}"
          RenderText {#text} at (1074,369) size 18x49
            text run at (1074,369) width 49: "\x{306F}\x{7A81}\x{7136}"
          RenderRuby (inline) {RUBY} at (0,0) size 18x18
            RenderRubyRun (anonymous) at (1074,416) size 18x19
              RenderRubyText {RT} at (-10,0) size 10x19
                RenderText {#text} at (0,0) size 10x19
                  text run at (0,0) width 19: "\x{3059}\x{308F}"
              RenderRubyBase (anonymous) at (0,0) size 18x19
                RenderInline {RB} at (0,0) size 18x17
                  RenderText {#text} at (0,1) size 18x17
                    text run at (0,1) width 17: "\x{5750}"
          RenderText {#text} at (1074,434) size 46x483
            text run at (1074,434) width 49: "\x{308A}\x{306E}\x{308F}"
            text run at (1102,0) width 33: "\x{308B}\x{3044}"
          RenderRuby (inline) {RUBY} at (0,0) size 18x34
            RenderRubyRun (anonymous) at (1102,30) size 18x37
              RenderRubyText {RT} at (-10,0) size 10x37
                RenderText {#text} at (0,0) size 10x37
                  text run at (0,0) width 37: "\x{304B}\x{304F}\x{3044}\x{3057}"
              RenderRubyBase (anonymous) at (0,0) size 18x37
                RenderInline {RB} at (0,0) size 18x33
                  RenderText {#text} at (0,2) size 18x33
                    text run at (0,2) width 33: "\x{89D2}\x{77F3}"
          RenderText {#text} at (1102,65) size 18x17
            text run at (1102,65) width 17: "\x{306E}"
          RenderRuby (inline) {RUBY} at (0,0) size 18x18
            RenderRubyRun (anonymous) at (1102,80) size 18x19
              RenderRubyText {RT} at (-10,0) size 10x19
                RenderText {#text} at (0,0) size 10x19
                  text run at (0,0) width 19: "\x{306F}\x{3057}"
              RenderRubyBase (anonymous) at (0,0) size 18x19
                RenderInline {RB} at (0,0) size 18x17
                  RenderText {#text} at (0,1) size 18x17
                    text run at (0,1) width 17: "\x{7AEF}"
          RenderText {#text} at (1102,98) size 18x49
            text run at (1102,98) width 49: "\x{3092}\x{8E0F}\x{307F}"
          RenderRuby (inline) {RUBY} at (0,0) size 18x18
            RenderRubyRun (anonymous) at (1102,147) size 18x17
              RenderRubyText {RT} at (-10,0) size 10x17
                RenderText {#text} at (0,3) size 10x10
                  text run at (0,3) width 10: "\x{305D}"
              RenderRubyBase (anonymous) at (0,0) size 18x17
                RenderInline {RB} at (0,0) size 18x17
                  RenderText {#text} at (0,0) size 18x17
                    text run at (0,0) width 17: "\x{640D}"
          RenderText {#text} at (1102,163) size 18x82
            text run at (1102,163) width 81: "\x{304F}\x{306A}\x{3063}\x{305F}\x{3002}"
          RenderRuby (inline) {RUBY} at (0,0) size 18x34
            RenderRubyRun (anonymous) at (1102,242) size 18x37
              RenderRubyText {RT} at (-10,0) size 10x37
                RenderText {#text} at (0,0) size 10x37
                  text run at (0,0) width 37: "\x{3078}\x{3044}\x{3053}\x{3046}"
              RenderRubyBase (anonymous) at (0,0) size 18x37
                RenderInline {RB} at (0,0) size 18x33
                  RenderText {#text} at (0,2) size 18x33
                    text run at (0,2) width 33: "\x{5E73}\x{8861}"
          RenderText {#text} at (1102,277) size 46x487
            text run at (1102,277) width 210: "\x{3092}\x{4FDD}\x{3064}\x{305F}\x{3081}\x{306B}\x{3001}\x{3059}\x{308F}\x{3084}\x{3068}\x{524D}\x{306B}"
            text run at (1130,0) width 81: "\x{98DB}\x{3073}\x{51FA}\x{3057}\x{305F}"
          RenderRuby (inline) {RUBY} at (0,0) size 18x34
            RenderRubyRun (anonymous) at (1130,81) size 18x33
              RenderRubyText {RT} at (-10,0) size 10x33
                RenderText {#text} at (0,2) size 10x28
                  text run at (0,2) width 28: "\x{3055}\x{305D}\x{304F}"
              RenderRubyBase (anonymous) at (0,0) size 18x33
                RenderInline {RB} at (0,0) size 18x33
                  RenderText {#text} at (0,0) size 18x33
                    text run at (0,0) width 33: "\x{5DE6}\x{8DB3}"
          RenderText {#text} at (1130,113) size 18x33
            text run at (1130,113) width 33: "\x{304C}\x{3001}"
          RenderRuby (inline) {RUBY} at (0,0) size 18x34
            RenderRubyRun (anonymous) at (1130,146) size 18x33
              RenderRubyText {RT} at (-10,0) size 10x33
                RenderText {#text} at (0,2) size 10x28
                  text run at (0,2) width 28: "\x{3057}\x{305D}\x{3093}"
              RenderRubyBase (anonymous) at (0,0) size 18x33
                RenderInline {RB} at (0,0) size 18x33
                  RenderText {#text} at (0,0) size 18x33
                    text run at (0,0) width 33: "\x{4ED5}\x{640D}"
          RenderText {#text} at (1130,178) size 18x34
            text run at (1130,178) width 33: "\x{3058}\x{306E}"
          RenderRuby (inline) {RUBY} at (0,0) size 18x18
            RenderRubyRun (anonymous) at (1130,211) size 18x17
              RenderRubyText {RT} at (-10,0) size 10x17
                RenderText {#text} at (0,3) size 10x10
                  text run at (0,3) width 10: "\x{3046}"
              RenderRubyBase (anonymous) at (0,0) size 18x17
                RenderInline {RB} at (0,0) size 18x17
                  RenderText {#text} at (0,0) size 18x17
                    text run at (0,0) width 17: "\x{57CB}"
          RenderText {#text} at (1130,228) size 18x17
            text run at (1130,228) width 17: "\x{3081}"
          RenderRuby (inline) {RUBY} at (0,0) size 18x18
            RenderRubyRun (anonymous) at (1130,243) size 18x19
              RenderRubyText {RT} at (-10,0) size 10x19
                RenderText {#text} at (0,0) size 10x19
                  text run at (0,0) width 19: "\x{3042}\x{308F}"
              RenderRubyBase (anonymous) at (0,0) size 18x19
                RenderInline {RB} at (0,0) size 18x17
                  RenderText {#text} at (0,1) size 18x17
                    text run at (0,1) width 17: "\x{5408}"
          RenderText {#text} at (1130,261) size 46x487
            text run at (1130,261) width 226: "\x{305B}\x{3092}\x{3059}\x{308B}\x{3068}\x{5171}\x{306B}\x{3001}\x{4F59}\x{306E}\x{8170}\x{306F}\x{5177}\x{5408}"
            text run at (1158,0) width 33: "\x{3088}\x{304F}"
          RenderRuby (inline) {RUBY} at (0,0) size 18x18
            RenderRubyRun (anonymous) at (1158,31) size 18x19
              RenderRubyText {RT} at (-10,0) size 10x19
                RenderText {#text} at (0,0) size 10x19
                  text run at (0,0) width 19: "\x{307B}\x{3046}"
              RenderRubyBase (anonymous) at (0,0) size 18x19
                RenderInline {RB} at (0,0) size 18x17
                  RenderText {#text} at (0,1) size 18x17
                    text run at (0,1) width 17: "\x{65B9}"
          RenderText {#text} at (1158,49) size 18x146
            text run at (1158,49) width 146: "\x{4E09}\x{5C3A}\x{307B}\x{3069}\x{306A}\x{5CA9}\x{306E}\x{4E0A}\x{306B}"
          RenderRuby (inline) {RUBY} at (0,0) size 18x18
            RenderRubyRun (anonymous) at (1158,194) size 18x17
              RenderRubyText {RT} at (-10,0) size 10x17
                RenderText {#text} at (0,3) size 10x10
                  text run at (0,3) width 10: "\x{304A}"
              RenderRubyBase (anonymous) at (0,0) size 18x17
                RenderInline {RB} at (0,0) size 18x17
                  RenderText {#text} at (0,0) size 18x17
                    text run at (0,0) width 17: "\x{5378}"
          RenderText {#text} at (1158,211) size 18x210
            text run at (1158,211) width 210: "\x{308A}\x{305F}\x{3002}\x{80A9}\x{306B}\x{304B}\x{3051}\x{305F}\x{7D75}\x{306E}\x{5177}\x{7BB1}\x{304C}"
          RenderRuby (inline) {RUBY} at (0,0) size 18x18
            RenderRubyRun (anonymous) at (1158,420) size 18x19
              RenderRubyText {RT} at (-10,0) size 10x19
                RenderText {#text} at (0,0) size 10x19
                  text run at (0,0) width 19: "\x{308F}\x{304D}"
              RenderRubyBase (anonymous) at (0,0) size 18x19
                RenderInline {RB} at (0,0) size 18x17
                  RenderText {#text} at (0,1) size 18x17
                    text run at (0,1) width 17: "\x{814B}"
          RenderText {#text} at (1158,437) size 46x487
            text run at (1158,437) width 49: "\x{306E}\x{4E0B}\x{304B}"
            text run at (1186,0) width 17: "\x{3089}"
          RenderRuby (inline) {RUBY} at (0,0) size 18x18
            RenderRubyRun (anonymous) at (1186,15) size 18x19
              RenderRubyText {RT} at (-10,0) size 10x19
                RenderText {#text} at (0,0) size 10x19
                  text run at (0,0) width 19: "\x{304A}\x{3069}"
              RenderRubyBase (anonymous) at (0,0) size 18x19
                RenderInline {RB} at (0,0) size 18x17
                  RenderText {#text} at (0,1) size 18x17
                    text run at (0,1) width 17: "\x{8E8D}"
          RenderText {#text} at (1186,33) size 18x178
            text run at (1186,33) width 178: "\x{308A}\x{51FA}\x{3057}\x{305F}\x{3060}\x{3051}\x{3067}\x{3001}\x{5E78}\x{3044}\x{3068}"
          RenderRuby (inline) {RUBY} at (0,0) size 18x18
            RenderRubyRun (anonymous) at (1186,209) size 18x19
              RenderRubyText {RT} at (-10,0) size 10x19
                RenderText {#text} at (0,0) size 10x19
                  text run at (0,0) width 19: "\x{306A}\x{3093}"
              RenderRubyBase (anonymous) at (0,0) size 18x19
                RenderInline {RB} at (0,0) size 18x17
                  RenderText {#text} at (0,1) size 18x17
                    text run at (0,1) width 17: "\x{4F55}"
          RenderText {#text} at (1186,227) size 18x130
            text run at (1186,227) width 129: "\x{306E}\x{4E8B}\x{3082}\x{306A}\x{304B}\x{3063}\x{305F}\x{3002}"
          RenderBR {BR} at (1186,356) size 18x1
          RenderText {#text} at (1214,0) size 18x242
            text run at (1214,0) width 242: "\x{3000}\x{7ACB}\x{3061}\x{4E0A}\x{304C}\x{308B}\x{6642}\x{306B}\x{5411}\x{3046}\x{3092}\x{898B}\x{308B}\x{3068}\x{3001}"
          RenderRuby (inline) {RUBY} at (0,0) size 18x18
            RenderRubyRun (anonymous) at (1214,241) size 18x19
              RenderRubyText {RT} at (-10,0) size 10x19
                RenderText {#text} at (0,0) size 10x19
                  text run at (0,0) width 19: "\x{307F}\x{3061}"
              RenderRubyBase (anonymous) at (0,0) size 18x19
                RenderInline {RB} at (0,0) size 18x17
                  RenderText {#text} at (0,1) size 18x17
                    text run at (0,1) width 17: "\x{8DEF}"
          RenderText {#text} at (1214,258) size 46x485
            text run at (1214,258) width 226: "\x{304B}\x{3089}\x{5DE6}\x{306E}\x{65B9}\x{306B}\x{30D0}\x{30B1}\x{30C4}\x{3092}\x{4F0F}\x{305B}\x{305F}\x{3088}"
            text run at (1242,0) width 65: "\x{3046}\x{306A}\x{5CF0}\x{304C}"
          RenderRuby (inline) {RUBY} at (0,0) size 18x18
            RenderRubyRun (anonymous) at (1242,63) size 18x19
              RenderRubyText {RT} at (-10,0) size 10x19
                RenderText {#text} at (0,0) size 10x19
                  text run at (0,0) width 19: "\x{305D}\x{3073}"
              RenderRubyBase (anonymous) at (0,0) size 18x19
                RenderInline {RB} at (0,0) size 18x17
                  RenderText {#text} at (0,1) size 18x17
                    text run at (0,1) width 17: "\x{8073}"
          RenderText {#text} at (1242,81) size 18x114
            text run at (1242,81) width 113: "\x{3048}\x{3066}\x{3044}\x{308B}\x{3002}\x{6749}\x{304B}"
          RenderRuby (inline) {RUBY} at (0,0) size 18x21
            RenderRubyRun (anonymous) at (1242,190) size 18x28
              RenderRubyText {RT} at (-10,0) size 10x28
                RenderText {#text} at (0,0) size 10x28
                  text run at (0,0) width 28: "\x{3072}\x{306E}\x{304D}"
              RenderRubyBase (anonymous) at (0,0) size 18x28
                RenderInline {RB} at (0,0) size 18x17
                  RenderText {#text} at (0,5) size 18x17
                    text run at (0,5) width 17: "\x{6A9C}"
          RenderText {#text} at (1242,214) size 18x114
            text run at (1242,214) width 113: "\x{304B}\x{5206}\x{304B}\x{3089}\x{306A}\x{3044}\x{304C}"
          RenderRuby (inline) {RUBY} at (0,0) size 18x34
            RenderRubyRun (anonymous) at (1242,327) size 18x33
              RenderRubyText {RT} at (-10,0) size 10x33
                RenderText {#text} at (0,2) size 10x28
                  text run at (0,2) width 28: "\x{306D}\x{3082}\x{3068}"
              RenderRubyBase (anonymous) at (0,0) size 18x33
                RenderInline {RB} at (0,0) size 18x33
                  RenderText {#text} at (0,0) size 18x33
                    text run at (0,0) width 33: "\x{6839}\x{5143}"
          RenderText {#text} at (1242,360) size 18x33
            text run at (1242,360) width 33: "\x{304B}\x{3089}"
          RenderRuby (inline) {RUBY} at (0,0) size 18x21
            RenderRubyRun (anonymous) at (1242,388) size 18x28
              RenderRubyText {RT} at (-10,0) size 10x28
                RenderText {#text} at (0,0) size 10x28
                  text run at (0,0) width 28: "\x{3044}\x{305F}\x{3060}"
              RenderRubyBase (anonymous) at (0,0) size 18x28
                RenderInline {RB} at (0,0) size 18x17
                  RenderText {#text} at (0,5) size 18x17
                    text run at (0,5) width 17: "\x{9802}"
          RenderText {#text} at (1242,412) size 46x493
            text run at (1242,412) width 81: "\x{304D}\x{307E}\x{3067}\x{3053}\x{3068}"
            text run at (1270,0) width 49: "\x{3054}\x{3068}\x{304F}"
          RenderRuby (inline) {RUBY} at (0,0) size 18x34
            RenderRubyRun (anonymous) at (1270,46) size 18x37
              RenderRubyText {RT} at (-10,0) size 10x37
                RenderText {#text} at (0,0) size 10x37
                  text run at (0,0) width 37: "\x{3042}\x{304A}\x{3050}\x{308D}"
              RenderRubyBase (anonymous) at (0,0) size 18x37
                RenderInline {RB} at (0,0) size 18x33
                  RenderText {#text} at (0,2) size 18x33
                    text run at (0,2) width 33: "\x{84BC}\x{9ED2}"
          RenderText {#text} at (1270,81) size 18x243
            text run at (1270,81) width 242: "\x{3044}\x{4E2D}\x{306B}\x{3001}\x{5C71}\x{685C}\x{304C}\x{8584}\x{8D64}\x{304F}\x{3060}\x{3093}\x{3060}\x{3089}\x{306B}"
          RenderRuby (inline) {RUBY} at (0,0) size 18x34
            RenderRubyRun (anonymous) at (1270,323) size 18x33
              RenderRubyText {RT} at (-10,0) size 10x33
                RenderText {#text} at (0,2) size 10x28
                  text run at (0,2) width 28: "\x{305F}\x{306A}\x{3073}"
              RenderRubyBase (anonymous) at (0,0) size 18x33
                RenderInline {RB} at (0,0) size 18x33
                  RenderText {#text} at (0,0) size 18x33
                    text run at (0,0) width 33: "\x{68DA}\x{5F15}"
          RenderText {#text} at (1270,356) size 18x49
            text run at (1270,356) width 49: "\x{3044}\x{3066}\x{3001}"
          RenderRuby (inline) {RUBY} at (0,0) size 18x18
            RenderRubyRun (anonymous) at (1270,404) size 18x17
              RenderRubyText {RT} at (-10,0) size 10x17
                RenderText {#text} at (0,3) size 10x10
                  text run at (0,3) width 10: "\x{3064}"
              RenderRubyBase (anonymous) at (0,0) size 18x17
                RenderInline {RB} at (0,0) size 18x17
                  RenderText {#text} at (0,0) size 18x17
                    text run at (0,0) width 17: "\x{7D9A}"
          RenderText {#text} at (1270,421) size 18x17
            text run at (1270,421) width 17: "\x{304E}"
          RenderRuby (inline) {RUBY} at (0,0) size 18x18
            RenderRubyRun (anonymous) at (1270,437) size 18x17
              RenderRubyText {RT} at (-10,0) size 10x17
                RenderText {#text} at (0,3) size 10x10
                  text run at (0,3) width 10: "\x{3081}"
              RenderRubyBase (anonymous) at (0,0) size 18x17
                RenderInline {RB} at (0,0) size 18x17
                  RenderText {#text} at (0,0) size 18x17
                    text run at (0,0) width 17: "\x{76EE}"
          RenderText {#text} at (1270,454) size 18x17
            text run at (1270,454) width 17: "\x{304C}"
          RenderRuby (inline) {RUBY} at (0,0) size 18x19
            RenderRubyRun (anonymous) at (1270,470) size 18x19
              RenderRubyText {RT} at (-10,0) size 10x19
                RenderText {#text} at (0,0) size 10x19
                  text run at (0,0) width 19: "\x{3057}\x{304B}"
              RenderRubyBase (anonymous) at (0,0) size 18x19
                RenderInline {RB} at (0,0) size 18x17
                  RenderText {#text} at (0,1) size 18x17
                    text run at (0,1) width 17: "\x{78BA}"
          RenderText {#text} at (1298,0) size 18x113
            text run at (1298,0) width 113: "\x{3068}\x{898B}\x{3048}\x{306C}\x{304F}\x{3089}\x{3044}"
          RenderRuby (inline) {RUBY} at (0,0) size 18x18
            RenderRubyRun (anonymous) at (1298,112) size 18x19
              RenderRubyText {RT} at (-10,0) size 10x19
                RenderText {#text} at (0,0) size 10x19
                  text run at (0,0) width 19: "\x{3082}\x{3084}"
              RenderRubyBase (anonymous) at (0,0) size 18x19
                RenderInline {RB} at (0,0) size 18x17
                  RenderText {#text} at (0,1) size 18x17
                    text run at (0,1) width 17: "\x{9744}"
          RenderText {#text} at (1298,129) size 18x146
            text run at (1298,129) width 146: "\x{304C}\x{6FC3}\x{3044}\x{3002}\x{5C11}\x{3057}\x{624B}\x{524D}\x{306B}"
          RenderRuby (inline) {RUBY} at (0,0) size 18x34
            RenderRubyRun (anonymous) at (1298,273) size 18x37
              RenderRubyText {RT} at (-10,0) size 10x37
                RenderText {#text} at (0,0) size 10x37
                  text run at (0,0) width 37: "\x{306F}\x{3052}\x{3084}\x{307E}"
              RenderRubyBase (anonymous) at (0,0) size 18x37
                RenderInline {RB} at (0,0) size 18x33
                  RenderText {#text} at (0,2) size 18x33
                    text run at (0,2) width 33: "\x{79BF}\x{5C71}"
          RenderText {#text} at (1298,307) size 18x66
            text run at (1298,307) width 65: "\x{304C}\x{4E00}\x{3064}\x{3001}"
          RenderRuby (inline) {RUBY} at (0,0) size 18x18
            RenderRubyRun (anonymous) at (1298,371) size 18x19
              RenderRubyText {RT} at (-10,0) size 10x19
                RenderText {#text} at (0,0) size 10x19
                  text run at (0,0) width 19: "\x{3050}\x{3093}"
              RenderRubyBase (anonymous) at (0,0) size 18x19
                RenderInline {RB} at (0,0) size 18x17
                  RenderText {#text} at (0,1) size 18x17
                    text run at (0,1) width 17: "\x{7FA4}"
          RenderText {#text} at (1298,389) size 18x97
            text run at (1298,389) width 97: "\x{3092}\x{306C}\x{304D}\x{3093}\x{3067}\x{3066}"
          RenderRuby (inline) {RUBY} at (0,0) size 18x18
            RenderRubyRun (anonymous) at (1326,0) size 18x19
              RenderRubyText {RT} at (-10,0) size 10x19
                RenderText {#text} at (0,0) size 10x19
                  text run at (0,0) width 19: "\x{307E}\x{3086}"
              RenderRubyBase (anonymous) at (0,0) size 18x19
                RenderInline {RB} at (0,0) size 18x17
                  RenderText {#text} at (0,1) size 18x17
                    text run at (0,1) width 17: "\x{7709}"
          RenderText {#text} at (1326,18) size 18x17
            text run at (1326,18) width 17: "\x{306B}"
          RenderRuby (inline) {RUBY} at (0,0) size 18x18
            RenderRubyRun (anonymous) at (1326,33) size 18x19
              RenderRubyText {RT} at (-10,0) size 10x19
                RenderText {#text} at (0,0) size 10x19
                  text run at (0,0) width 19: "\x{305B}\x{307E}"
              RenderRubyBase (anonymous) at (0,0) size 18x19
                RenderInline {RB} at (0,0) size 18x17
                  RenderText {#text} at (0,1) size 18x17
                    text run at (0,1) width 17: "\x{903C}"
          RenderText {#text} at (1326,51) size 18x33
            text run at (1326,51) width 33: "\x{308B}\x{3002}"
          RenderRuby (inline) {RUBY} at (0,0) size 18x18
            RenderRubyRun (anonymous) at (1326,83) size 18x17
              RenderRubyText {RT} at (-10,0) size 10x17
                RenderText {#text} at (0,3) size 10x10
                  text run at (0,3) width 10: "\x{306F}"
              RenderRubyBase (anonymous) at (0,0) size 18x17
                RenderInline {RB} at (0,0) size 18x17
                  RenderText {#text} at (0,0) size 18x17
                    text run at (0,0) width 17: "\x{79BF}"
          RenderText {#text} at (1326,100) size 18x130
            text run at (1326,100) width 129: "\x{3052}\x{305F}\x{5074}\x{9762}\x{306F}\x{5DE8}\x{4EBA}\x{306E}"
          RenderRuby (inline) {RUBY} at (0,0) size 18x18
            RenderRubyRun (anonymous) at (1326,228) size 18x19
              RenderRubyText {RT} at (-10,0) size 10x19
                RenderText {#text} at (0,0) size 10x19
                  text run at (0,0) width 19: "\x{304A}\x{306E}"
              RenderRubyBase (anonymous) at (0,0) size 18x19
                RenderInline {RB} at (0,0) size 18x17
                  RenderText {#text} at (0,1) size 18x17
                    text run at (0,1) width 17: "\x{65A7}"
          RenderText {#text} at (1326,246) size 18x17
            text run at (1326,246) width 17: "\x{3067}"
          RenderRuby (inline) {RUBY} at (0,0) size 18x18
            RenderRubyRun (anonymous) at (1326,261) size 18x19
              RenderRubyText {RT} at (-10,0) size 10x19
                RenderText {#text} at (0,0) size 10x19
                  text run at (0,0) width 19: "\x{3051}\x{305A}"
              RenderRubyBase (anonymous) at (0,0) size 18x19
                RenderInline {RB} at (0,0) size 18x17
                  RenderText {#text} at (0,1) size 18x17
                    text run at (0,1) width 17: "\x{524A}"
          RenderText {#text} at (1326,279) size 46x489
            text run at (1326,279) width 210: "\x{308A}\x{53BB}\x{3063}\x{305F}\x{304B}\x{3001}\x{92ED}\x{3069}\x{304D}\x{5E73}\x{9762}\x{3092}\x{3084}"
            text run at (1354,0) width 97: "\x{3051}\x{306B}\x{8C37}\x{306E}\x{5E95}\x{306B}"
          RenderRuby (inline) {RUBY} at (0,0) size 18x18
            RenderRubyRun (anonymous) at (1354,96) size 18x19
              RenderRubyText {RT} at (-10,0) size 10x19
                RenderText {#text} at (0,0) size 10x19
                  text run at (0,0) width 19: "\x{3046}\x{305A}"
              RenderRubyBase (anonymous) at (0,0) size 18x19
                RenderInline {RB} at (0,0) size 18x17
                  RenderText {#text} at (0,1) size 18x17
                    text run at (0,1) width 17: "\x{57CB}"
          RenderText {#text} at (1354,113) size 18x82
            text run at (1354,113) width 81: "\x{3081}\x{3066}\x{3044}\x{308B}\x{3002}"
          RenderRuby (inline) {RUBY} at (0,0) size 18x34
            RenderRubyRun (anonymous) at (1354,192) size 18x37
              RenderRubyText {RT} at (-10,0) size 10x37
                RenderText {#text} at (0,0) size 10x37
                  text run at (0,0) width 37: "\x{3066}\x{3063}\x{307A}\x{3093}"
              RenderRubyBase (anonymous) at (0,0) size 18x37
                RenderInline {RB} at (0,0) size 18x33
                  RenderText {#text} at (0,2) size 18x33
                    text run at (0,2) width 33: "\x{5929}\x{8FBA}"
          RenderText {#text} at (1354,227) size 46x486
            text run at (1354,227) width 258: "\x{306B}\x{4E00}\x{672C}\x{898B}\x{3048}\x{308B}\x{306E}\x{306F}\x{8D64}\x{677E}\x{3060}\x{308D}\x{3046}\x{3002}\x{679D}\x{306E}"
            text run at (1382,0) width 81: "\x{9593}\x{306E}\x{7A7A}\x{3055}\x{3048}"
          RenderRuby (inline) {RUBY} at (0,0) size 18x34
            RenderRubyRun (anonymous) at (1382,79) size 18x37
              RenderRubyText {RT} at (-10,0) size 10x37
                RenderText {#text} at (0,0) size 10x37
                  text run at (0,0) width 37: "\x{306F}\x{3063}\x{304D}\x{308A}"
              RenderRubyBase (anonymous) at (0,0) size 18x37
                RenderInline {RB} at (0,0) size 18x33
                  RenderText {#text} at (0,2) size 18x33
                    text run at (0,2) width 33: "\x{5224}\x{7136}"
          RenderText {#text} at (1382,113) size 46x485
            text run at (1382,113) width 371: "\x{3057}\x{3066}\x{3044}\x{308B}\x{3002}\x{884C}\x{304F}\x{624B}\x{306F}\x{4E8C}\x{4E01}\x{307B}\x{3069}\x{3067}\x{5207}\x{308C}\x{3066}\x{3044}\x{308B}\x{304C}\x{3001}\x{9AD8}\x{3044}"
            text run at (1410,0) width 81: "\x{6240}\x{304B}\x{3089}\x{8D64}\x{3044}"
          RenderRuby (inline) {RUBY} at (0,0) size 18x34
            RenderRubyRun (anonymous) at (1410,81) size 18x33
              RenderRubyText {RT} at (-10,0) size 10x33
                RenderText {#text} at (0,2) size 10x28
                  text run at (0,2) width 28: "\x{3051}\x{3063}\x{3068}"
              RenderRubyBase (anonymous) at (0,0) size 18x33
                RenderInline {RB} at (0,0) size 18x33
                  RenderText {#text} at (0,0) size 18x33
                    text run at (0,0) width 33: "\x{6BDB}\x{5E03}"
          RenderText {#text} at (1410,113) size 46x485
            text run at (1410,113) width 371: "\x{304C}\x{52D5}\x{3044}\x{3066}\x{6765}\x{308B}\x{306E}\x{3092}\x{898B}\x{308B}\x{3068}\x{3001}\x{767B}\x{308C}\x{3070}\x{3042}\x{3059}\x{3053}\x{3078}\x{51FA}\x{308B}\x{306E}\x{3060}"
            text run at (1438,0) width 146: "\x{308D}\x{3046}\x{3002}\x{8DEF}\x{306F}\x{3059}\x{3053}\x{3076}\x{308B}"
          RenderRuby (inline) {RUBY} at (0,0) size 18x34
            RenderRubyRun (anonymous) at (1438,145) size 18x33
              RenderRubyText {RT} at (-10,0) size 10x33
                RenderText {#text} at (0,2) size 10x28
                  text run at (0,2) width 28: "\x{306A}\x{3093}\x{304E}"
              RenderRubyBase (anonymous) at (0,0) size 18x33
                RenderInline {RB} at (0,0) size 18x33
                  RenderText {#text} at (0,0) size 18x33
                    text run at (0,0) width 33: "\x{96E3}\x{7FA9}"
          RenderText {#text} at (1438,178) size 18x33
            text run at (1438,178) width 33: "\x{3060}\x{3002}"
          RenderBR {BR} at (1438,210) size 18x1
          RenderText {#text} at (1466,0) size 18x210
            text run at (1466,0) width 210: "\x{3000}\x{571F}\x{3092}\x{306A}\x{3089}\x{3059}\x{3060}\x{3051}\x{306A}\x{3089}\x{3055}\x{307B}\x{3069}"
          RenderRuby (inline) {RUBY} at (0,0) size 18x34
            RenderRubyRun (anonymous) at (1466,209) size 18x33
              RenderRubyText {RT} at (-10,0) size 10x33
                RenderText {#text} at (0,7) size 10x19
                  text run at (0,7) width 19: "\x{3066}\x{307E}"
              RenderRubyBase (anonymous) at (0,0) size 18x33
                RenderInline {RB} at (0,0) size 18x33
                  RenderText {#text} at (0,0) size 18x33
                    text run at (0,0) width 33: "\x{624B}\x{9593}"
          RenderText {#text} at (1466,242) size 18x17
            text run at (1466,242) width 17: "\x{3082}"
          RenderRuby (inline) {RUBY} at (0,0) size 18x18
            RenderRubyRun (anonymous) at (1466,259) size 18x17
              RenderRubyText {RT} at (-10,0) size 10x17
                RenderText {#text} at (0,3) size 10x10
                  text run at (0,3) width 10: "\x{3044}"
              RenderRubyBase (anonymous) at (0,0) size 18x17
                RenderInline {RB} at (0,0) size 18x17
                  RenderText {#text} at (0,0) size 18x17
                    text run at (0,0) width 17: "\x{5165}"
          RenderText {#text} at (1466,275) size 46x486
            text run at (1466,275) width 210: "\x{308B}\x{307E}\x{3044}\x{304C}\x{3001}\x{571F}\x{306E}\x{4E2D}\x{306B}\x{306F}\x{5927}\x{304D}\x{306A}"
            text run at (1494,0) width 113: "\x{77F3}\x{304C}\x{3042}\x{308B}\x{3002}\x{571F}\x{306F}"
          RenderRuby (inline) {RUBY} at (0,0) size 18x18
            RenderRubyRun (anonymous) at (1494,112) size 18x19
              RenderRubyText {RT} at (-10,0) size 10x19
                RenderText {#text} at (0,0) size 10x19
                  text run at (0,0) width 19: "\x{305F}\x{3044}"
              RenderRubyBase (anonymous) at (0,0) size 18x19
                RenderInline {RB} at (0,0) size 18x17
                  RenderText {#text} at (0,1) size 18x17
                    text run at (0,1) width 17: "\x{5E73}"
          RenderText {#text} at (1494,129) size 46x469
            text run at (1494,129) width 339: "\x{3089}\x{306B}\x{3057}\x{3066}\x{3082}\x{77F3}\x{306F}\x{5E73}\x{3089}\x{306B}\x{306A}\x{3089}\x{306C}\x{3002}\x{77F3}\x{306F}\x{5207}\x{308A}\x{7815}\x{3044}\x{3066}"
            text run at (1522,0) width 178: "\x{3082}\x{3001}\x{5CA9}\x{306F}\x{59CB}\x{672B}\x{304C}\x{3064}\x{304B}\x{306C}\x{3002}"
          RenderRuby (inline) {RUBY} at (0,0) size 18x34
            RenderRubyRun (anonymous) at (1522,175) size 18x37
              RenderRubyText {RT} at (-10,0) size 10x37
                RenderText {#text} at (0,0) size 10x37
                  text run at (0,0) width 37: "\x{307B}\x{308A}\x{304F}\x{305A}"
              RenderRubyBase (anonymous) at (0,0) size 18x37
                RenderInline {RB} at (0,0) size 18x33
                  RenderText {#text} at (0,2) size 18x33
                    text run at (0,2) width 33: "\x{6398}\x{5D29}"
          RenderText {#text} at (1522,210) size 18x97
            text run at (1522,210) width 97: "\x{3057}\x{305F}\x{571F}\x{306E}\x{4E0A}\x{306B}"
          RenderRuby (inline) {RUBY} at (0,0) size 18x34
            RenderRubyRun (anonymous) at (1522,305) size 18x37
              RenderRubyText {RT} at (-10,0) size 10x37
                RenderText {#text} at (0,0) size 10x37
                  text run at (0,0) width 37: "\x{3086}\x{3046}\x{305C}\x{3093}"
              RenderRubyBase (anonymous) at (0,0) size 18x37
                RenderInline {RB} at (0,0) size 18x33
                  RenderText {#text} at (0,2) size 18x33
                    text run at (0,2) width 33: "\x{60A0}\x{7136}"
          RenderText {#text} at (1522,339) size 18x18
            text run at (1522,339) width 17: "\x{3068}"
          RenderRuby (inline) {RUBY} at (0,0) size 18x21
            RenderRubyRun (anonymous) at (1522,352) size 18x28
              RenderRubyText {RT} at (-10,0) size 10x28
                RenderText {#text} at (0,0) size 10x28
                  text run at (0,0) width 28: "\x{305D}\x{3070}\x{3060}"
              RenderRubyBase (anonymous) at (0,0) size 18x28
                RenderInline {RB} at (0,0) size 18x17
                  RenderText {#text} at (0,5) size 18x17
                    text run at (0,5) width 17: "\x{5CD9}"
          RenderText {#text} at (1522,376) size 46x489
            text run at (1522,376) width 113: "\x{3063}\x{3066}\x{3001}\x{543E}\x{3089}\x{306E}\x{305F}"
            text run at (1550,0) width 97: "\x{3081}\x{306B}\x{9053}\x{3092}\x{8B72}\x{308B}"
          RenderRuby (inline) {RUBY} at (0,0) size 18x34
            RenderRubyRun (anonymous) at (1550,97) size 18x33
              RenderRubyText {RT} at (-10,0) size 10x33
                RenderText {#text} at (0,2) size 10x28
                  text run at (0,2) width 28: "\x{3051}\x{3057}\x{304D}"
              RenderRubyBase (anonymous) at (0,0) size 18x33
                RenderInline {RB} at (0,0) size 18x33
                  RenderText {#text} at (0,0) size 18x33
                    text run at (0,0) width 33: "\x{666F}\x{8272}"
          RenderText {#text} at (1550,129) size 46x485
            text run at (1550,129) width 355: "\x{306F}\x{306A}\x{3044}\x{3002}\x{5411}\x{3046}\x{3067}\x{805E}\x{304B}\x{306C}\x{4E0A}\x{306F}\x{4E57}\x{308A}\x{8D8A}\x{3059}\x{304B}\x{3001}\x{5EFB}\x{3089}\x{306A}\x{3051}"
            text run at (1578,0) width 97: "\x{308C}\x{3070}\x{306A}\x{3089}\x{3093}\x{3002}"
          RenderRuby (inline) {RUBY} at (0,0) size 18x18
            RenderRubyRun (anonymous) at (1578,96) size 18x19
              RenderRubyText {RT} at (-10,0) size 10x19
                RenderText {#text} at (0,0) size 10x19
                  text run at (0,0) width 19: "\x{3044}\x{308F}"
              RenderRubyBase (anonymous) at (0,0) size 18x19
                RenderInline {RB} at (0,0) size 18x17
                  RenderText {#text} at (0,1) size 18x17
                    text run at (0,1) width 17: "\x{5DCC}"
          RenderText {#text} at (1578,113) size 18x114
            text run at (1578,113) width 113: "\x{306E}\x{306A}\x{3044}\x{6240}\x{3067}\x{3055}\x{3048}"
          RenderRuby (inline) {RUBY} at (0,0) size 18x18
            RenderRubyRun (anonymous) at (1578,226) size 18x17
              RenderRubyText {RT} at (-10,0) size 10x17
                RenderText {#text} at (0,3) size 10x10
                  text run at (0,3) width 10: "\x{3042}"
              RenderRubyBase (anonymous) at (0,0) size 18x17
                RenderInline {RB} at (0,0) size 18x17
                  RenderText {#text} at (0,0) size 18x17
                    text run at (0,0) width 17: "\x{6B69}"
          RenderText {#text} at (1578,243) size 46x470
            text run at (1578,243) width 226: "\x{308B}\x{304D}\x{3088}\x{304F}\x{306F}\x{306A}\x{3044}\x{3002}\x{5DE6}\x{53F3}\x{304C}\x{9AD8}\x{304F}\x{3063}"
            text run at (1606,0) width 81: "\x{3066}\x{3001}\x{4E2D}\x{5FC3}\x{304C}"
          RenderRuby (inline) {RUBY} at (0,0) size 18x18
            RenderRubyRun (anonymous) at (1606,80) size 18x19
              RenderRubyText {RT} at (-10,0) size 10x19
                RenderText {#text} at (0,0) size 10x19
                  text run at (0,0) width 19: "\x{304F}\x{307C}"
              RenderRubyBase (anonymous) at (0,0) size 18x19
                RenderInline {RB} at (0,0) size 18x17
                  RenderText {#text} at (0,1) size 18x17
                    text run at (0,1) width 17: "\x{7AAA}"
          RenderText {#text} at (1606,97) size 18x130
            text run at (1606,97) width 129: "\x{3093}\x{3067}\x{3001}\x{307E}\x{308B}\x{3067}\x{4E00}\x{9593}"
          RenderRuby (inline) {RUBY} at (0,0) size 18x18
            RenderRubyRun (anonymous) at (1606,225) size 18x19
              RenderRubyText {RT} at (-10,0) size 10x19
                RenderText {#text} at (0,0) size 10x19
                  text run at (0,0) width 19: "\x{306F}\x{3070}"
              RenderRubyBase (anonymous) at (0,0) size 18x19
                RenderInline {RB} at (0,0) size 18x17
                  RenderText {#text} at (0,1) size 18x17
                    text run at (0,1) width 17: "\x{5E45}"
          RenderText {#text} at (1606,243) size 18x65
            text run at (1606,243) width 65: "\x{3092}\x{4E09}\x{89D2}\x{306B}"
          RenderRuby (inline) {RUBY} at (0,0) size 18x18
            RenderRubyRun (anonymous) at (1606,308) size 18x17
              RenderRubyText {RT} at (-10,0) size 10x17
                RenderText {#text} at (0,3) size 10x10
                  text run at (0,3) width 10: "\x{304F}"
              RenderRubyBase (anonymous) at (0,0) size 18x17
                RenderInline {RB} at (0,0) size 18x17
                  RenderText {#text} at (0,0) size 18x17
                    text run at (0,0) width 17: "\x{7A7F}"
          RenderText {#text} at (1606,324) size 18x130
            text run at (1606,324) width 129: "\x{3063}\x{3066}\x{3001}\x{305D}\x{306E}\x{9802}\x{70B9}\x{304C}"
          RenderRuby (inline) {RUBY} at (0,0) size 18x36
            RenderRubyRun (anonymous) at (1606,452) size 18x37
              RenderRubyText {RT} at (-10,0) size 10x37
                RenderText {#text} at (0,0) size 10x37
                  text run at (0,0) width 37: "\x{307E}\x{3093}\x{306A}\x{304B}"
              RenderRubyBase (anonymous) at (0,0) size 18x37
                RenderInline {RB} at (0,0) size 18x33
                  RenderText {#text} at (0,2) size 18x33
                    text run at (0,2) width 33: "\x{771F}\x{4E2D}"
          RenderText {#text} at (1634,0) size 18x17
            text run at (1634,0) width 17: "\x{3092}"
          RenderRuby (inline) {RUBY} at (0,0) size 18x21
            RenderRubyRun (anonymous) at (1634,12) size 18x28
              RenderRubyText {RT} at (-10,0) size 10x28
                RenderText {#text} at (0,0) size 10x28
                  text run at (0,0) width 28: "\x{3064}\x{3089}\x{306C}"
              RenderRubyBase (anonymous) at (0,0) size 18x28
                RenderInline {RB} at (0,0) size 18x17
                  RenderText {#text} at (0,5) size 18x17
                    text run at (0,5) width 17: "\x{8CAB}"
          RenderText {#text} at (1634,36) size 18x403
            text run at (1634,36) width 403: "\x{3044}\x{3066}\x{3044}\x{308B}\x{3068}\x{8A55}\x{3057}\x{3066}\x{3082}\x{3088}\x{3044}\x{3002}\x{8DEF}\x{3092}\x{884C}\x{304F}\x{3068}\x{4E91}\x{308F}\x{3093}\x{3088}\x{308A}\x{5DDD}\x{5E95}\x{3092}"
          RenderRuby (inline) {RUBY} at (0,0) size 18x18
            RenderRubyRun (anonymous) at (1634,438) size 18x19
              RenderRubyText {RT} at (-10,0) size 10x19
                RenderText {#text} at (0,0) size 10x19
                  text run at (0,0) width 19: "\x{308F}\x{305F}"
              RenderRubyBase (anonymous) at (0,0) size 18x19
                RenderInline {RB} at (0,0) size 18x17
                  RenderText {#text} at (0,1) size 18x17
                    text run at (0,1) width 17: "\x{6E09}"
          RenderText {#text} at (1634,455) size 46x489
            text run at (1634,455) width 33: "\x{308B}\x{3068}"
            text run at (1662,0) width 129: "\x{4E91}\x{3046}\x{65B9}\x{304C}\x{9069}\x{5F53}\x{3060}\x{3002}"
          RenderRuby (inline) {RUBY} at (0,0) size 18x18
            RenderRubyRun (anonymous) at (1662,128) size 18x19
              RenderRubyText {RT} at (-10,0) size 10x19
                RenderText {#text} at (0,0) size 10x19
                  text run at (0,0) width 19: "\x{3082}\x{3068}"
              RenderRubyBase (anonymous) at (0,0) size 18x19
                RenderInline {RB} at (0,0) size 18x17
                  RenderText {#text} at (0,1) size 18x17
                    text run at (0,1) width 17: "\x{56FA}"
          RenderText {#text} at (1662,145) size 18x259
            text run at (1662,145) width 258: "\x{3088}\x{308A}\x{6025}\x{3050}\x{65C5}\x{3067}\x{306A}\x{3044}\x{304B}\x{3089}\x{3001}\x{3076}\x{3089}\x{3076}\x{3089}\x{3068}"
          RenderRuby (inline) {RUBY} at (0,0) size 18x34
            RenderRubyRun (anonymous) at (1662,402) size 18x37
              RenderRubyText {RT} at (-10,0) size 10x37
                RenderText {#text} at (0,0) size 10x37
                  text run at (0,0) width 37: "\x{306A}\x{306A}\x{307E}\x{304C}"
              RenderRubyBase (anonymous) at (0,0) size 18x37
                RenderInline {RB} at (0,0) size 18x33
                  RenderText {#text} at (0,2) size 18x33
                    text run at (0,2) width 33: "\x{4E03}\x{66F2}"
          RenderText {#text} at (1662,436) size 36x486
            text run at (1662,436) width 49: "\x{308A}\x{3078}\x{304B}"
            text run at (1680,0) width 49: "\x{304B}\x{308B}\x{3002}"
          RenderBR {BR} at (1680,48) size 18x1
          RenderText {#text} at (1708,0) size 18x146
            text run at (1708,0) width 146: "\x{3000}\x{305F}\x{3061}\x{307E}\x{3061}\x{8DB3}\x{306E}\x{4E0B}\x{3067}"
          RenderRuby (inline) {RUBY} at (0,0) size 18x34
            RenderRubyRun (anonymous) at (1708,145) size 18x33
              RenderRubyText {RT} at (-10,0) size 10x33
                RenderText {#text} at (0,2) size 10x28
                  text run at (0,2) width 28: "\x{3072}\x{3070}\x{308A}"
              RenderRubyBase (anonymous) at (0,0) size 18x33
                RenderInline {RB} at (0,0) size 18x33
                  RenderText {#text} at (0,0) size 18x33
                    text run at (0,0) width 33: "\x{96F2}\x{96C0}"
          RenderText {#text} at (1708,178) size 18x162
            text run at (1708,178) width 162: "\x{306E}\x{58F0}\x{304C}\x{3057}\x{51FA}\x{3057}\x{305F}\x{3002}\x{8C37}\x{3092}"
          RenderRuby (inline) {RUBY} at (0,0) size 18x34
            RenderRubyRun (anonymous) at (1708,339) size 18x33
              RenderRubyText {RT} at (-10,0) size 10x33
                RenderText {#text} at (0,2) size 10x28
                  text run at (0,2) width 28: "\x{307F}\x{304A}\x{308D}"
              RenderRubyBase (anonymous) at (0,0) size 18x33
                RenderInline {RB} at (0,0) size 18x33
                  RenderText {#text} at (0,0) size 18x33
                    text run at (0,0) width 33: "\x{898B}\x{4E0B}"
          RenderText {#text} at (1708,372) size 64x485
            text run at (1708,372) width 113: "\x{3057}\x{305F}\x{304C}\x{3001}\x{3069}\x{3053}\x{3067}"
            text run at (1726,0) width 484: "\x{9CF4}\x{3044}\x{3066}\x{308B}\x{304B}\x{5F71}\x{3082}\x{5F62}\x{3082}\x{898B}\x{3048}\x{306C}\x{3002}\x{305F}\x{3060}\x{58F0}\x{3060}\x{3051}\x{304C}\x{660E}\x{3089}\x{304B}\x{306B}\x{805E}\x{3048}\x{308B}\x{3002}\x{305B}\x{3063}\x{305B}"
            text run at (1754,0) width 17: "\x{3068}"
          RenderRuby (inline) {RUBY} at (0,0) size 18x18
            RenderRubyRun (anonymous) at (1754,15) size 18x19
              RenderRubyText {RT} at (-10,0) size 10x19
                RenderText {#text} at (0,0) size 10x19
                  text run at (0,0) width 19: "\x{305B}\x{308F}"
              RenderRubyBase (anonymous) at (0,0) size 18x19
                RenderInline {RB} at (0,0) size 18x17
                  RenderText {#text} at (0,1) size 18x17
                    text run at (0,1) width 17: "\x{5FD9}"
          RenderText {#text} at (1754,33) size 18x49
            text run at (1754,33) width 49: "\x{3057}\x{304F}\x{3001}"
          RenderRuby (inline) {RUBY} at (0,0) size 18x34
            RenderRubyRun (anonymous) at (1754,81) size 18x33
              RenderRubyText {RT} at (-10,0) size 10x33
                RenderText {#text} at (0,2) size 10x28
                  text run at (0,2) width 28: "\x{305F}\x{3048}\x{307E}"
              RenderRubyBase (anonymous) at (0,0) size 18x33
                RenderInline {RB} at (0,0) size 18x33
                  RenderText {#text} at (0,0) size 18x33
                    text run at (0,0) width 33: "\x{7D76}\x{9593}"
          RenderText {#text} at (1754,114) size 18x130
            text run at (1754,114) width 129: "\x{306A}\x{304F}\x{9CF4}\x{3044}\x{3066}\x{3044}\x{308B}\x{3002}"
          RenderRuby (inline) {RUBY} at (0,0) size 18x50
            RenderRubyRun (anonymous) at (1754,243) size 18x49
              RenderRubyText {RT} at (-10,0) size 10x49
                RenderText {#text} at (0,1) size 10x46
                  text run at (0,1) width 46: "\x{307B}\x{3046}\x{3044}\x{304F}\x{308A}"
              RenderRubyBase (anonymous) at (0,0) size 18x49
                RenderInline {RB} at (0,0) size 18x49
                  RenderText {#text} at (0,0) size 18x49
                    text run at (0,0) width 49: "\x{65B9}\x{5E7E}\x{91CC}"
          RenderText {#text} at (1754,292) size 18x114
            text run at (1754,292) width 113: "\x{306E}\x{7A7A}\x{6C17}\x{304C}\x{4E00}\x{9762}\x{306B}"
          RenderRuby (inline) {RUBY} at (0,0) size 18x18
            RenderRubyRun (anonymous) at (1754,404) size 18x19
              RenderRubyText {RT} at (-10,0) size 10x19
                RenderText {#text} at (0,0) size 10x19
                  text run at (0,0) width 19: "\x{306E}\x{307F}"
              RenderRubyBase (anonymous) at (0,0) size 18x19
                RenderInline {RB} at (0,0) size 18x17
                  RenderText {#text} at (0,1) size 18x17
                    text run at (0,1) width 17: "\x{86A4}"
          RenderText {#text} at (1754,422) size 46x487
            text run at (1754,422) width 65: "\x{306B}\x{523A}\x{3055}\x{308C}"
            text run at (1782,0) width 355: "\x{3066}\x{3044}\x{305F}\x{305F}\x{307E}\x{308C}\x{306A}\x{3044}\x{3088}\x{3046}\x{306A}\x{6C17}\x{304C}\x{3059}\x{308B}\x{3002}\x{3042}\x{306E}\x{9CE5}\x{306E}\x{9CF4}\x{304F}"
          RenderRuby (inline) {RUBY} at (0,0) size 18x18
            RenderRubyRun (anonymous) at (1782,354) size 18x17
              RenderRubyText {RT} at (-10,0) size 10x17
                RenderText {#text} at (0,3) size 10x10
                  text run at (0,3) width 10: "\x{306D}"
              RenderRubyBase (anonymous) at (0,0) size 18x17
                RenderInline {RB} at (0,0) size 18x17
                  RenderText {#text} at (0,0) size 18x17
                    text run at (0,0) width 17: "\x{97F3}"
          RenderText {#text} at (1782,371) size 100x485
            text run at (1782,371) width 113: "\x{306B}\x{306F}\x{77AC}\x{6642}\x{306E}\x{4F59}\x{88D5}"
            text run at (1800,0) width 484: "\x{3082}\x{306A}\x{3044}\x{3002}\x{306E}\x{3069}\x{304B}\x{306A}\x{6625}\x{306E}\x{65E5}\x{3092}\x{9CF4}\x{304D}\x{5C3D}\x{304F}\x{3057}\x{3001}\x{9CF4}\x{304D}\x{3042}\x{304B}\x{3057}\x{3001}\x{307E}\x{305F}\x{9CF4}\x{304D}\x{66AE}\x{3089}"
            text run at (1818,0) width 484: "\x{3055}\x{306A}\x{3051}\x{308C}\x{3070}\x{6C17}\x{304C}\x{6E08}\x{307E}\x{3093}\x{3068}\x{898B}\x{3048}\x{308B}\x{3002}\x{305D}\x{306E}\x{4E0A}\x{3069}\x{3053}\x{307E}\x{3067}\x{3082}\x{767B}\x{3063}\x{3066}\x{884C}\x{304F}\x{3001}\x{3044}"
            text run at (1836,0) width 484: "\x{3064}\x{307E}\x{3067}\x{3082}\x{767B}\x{3063}\x{3066}\x{884C}\x{304F}\x{3002}\x{96F2}\x{96C0}\x{306F}\x{304D}\x{3063}\x{3068}\x{96F2}\x{306E}\x{4E2D}\x{3067}\x{6B7B}\x{306C}\x{306B}\x{76F8}\x{9055}\x{306A}\x{3044}\x{3002}\x{767B}\x{308A}"
            text run at (1864,0) width 49: "\x{8A70}\x{3081}\x{305F}"
          RenderRuby (inline) {RUBY} at (0,0) size 18x34
            RenderRubyRun (anonymous) at (1864,48) size 18x33
              RenderRubyText {RT} at (-10,0) size 10x33
                RenderText {#text} at (0,2) size 10x28
                  text run at (0,2) width 28: "\x{3042}\x{3052}\x{304F}"
              RenderRubyBase (anonymous) at (0,0) size 18x33
                RenderInline {RB} at (0,0) size 18x33
                  RenderText {#text} at (0,0) size 18x33
                    text run at (0,0) width 33: "\x{63DA}\x{53E5}"
          RenderText {#text} at (1864,81) size 18x114
            text run at (1864,81) width 113: "\x{306F}\x{3001}\x{6D41}\x{308C}\x{3066}\x{96F2}\x{306B}"
          RenderRuby (inline) {RUBY} at (0,0) size 18x18
            RenderRubyRun (anonymous) at (1864,194) size 18x17
              RenderRubyText {RT} at (-10,0) size 10x17
                RenderText {#text} at (0,3) size 10x10
                  text run at (0,3) width 10: "\x{3044}"
              RenderRubyBase (anonymous) at (0,0) size 18x17
                RenderInline {RB} at (0,0) size 18x17
                  RenderText {#text} at (0,0) size 18x17
                    text run at (0,0) width 17: "\x{5165}"
          RenderText {#text} at (1864,211) size 18x49
            text run at (1864,211) width 49: "\x{3063}\x{3066}\x{3001}"
          RenderRuby (inline) {RUBY} at (0,0) size 18x21
            RenderRubyRun (anonymous) at (1864,255) size 18x28
              RenderRubyText {RT} at (-10,0) size 10x28
                RenderText {#text} at (0,0) size 10x28
                  text run at (0,0) width 28: "\x{305F}\x{3060}\x{3088}"
              RenderRubyBase (anonymous) at (0,0) size 18x28
                RenderInline {RB} at (0,0) size 18x17
                  RenderText {#text} at (0,5) size 18x17
                    text run at (0,5) width 17: "\x{6F02}"
          RenderText {#text} at (1864,279) size 46x489
            text run at (1864,279) width 210: "\x{3046}\x{3066}\x{3044}\x{308B}\x{3046}\x{3061}\x{306B}\x{5F62}\x{306F}\x{6D88}\x{3048}\x{3066}\x{306A}"
            text run at (1892,0) width 210: "\x{304F}\x{306A}\x{3063}\x{3066}\x{3001}\x{305F}\x{3060}\x{58F0}\x{3060}\x{3051}\x{304C}\x{7A7A}\x{306E}"
          RenderRuby (inline) {RUBY} at (0,0) size 18x18
            RenderRubyRun (anonymous) at (1892,208) size 18x19
              RenderRubyText {RT} at (-10,0) size 10x19
                RenderText {#text} at (0,0) size 10x19
                  text run at (0,0) width 19: "\x{3046}\x{3061}"
              RenderRubyBase (anonymous) at (0,0) size 18x19
                RenderInline {RB} at (0,0) size 18x17
                  RenderText {#text} at (0,1) size 18x17
                    text run at (0,1) width 17: "\x{88E1}"
          RenderText {#text} at (1892,226) size 18x178
            text run at (1892,226) width 178: "\x{306B}\x{6B8B}\x{308B}\x{306E}\x{304B}\x{3082}\x{77E5}\x{308C}\x{306A}\x{3044}\x{3002}"
          RenderBR {BR} at (1892,403) size 18x1
          RenderText {#text} at (1920,0) size 18x17
            text run at (1920,0) width 17: "\x{3000}"
          RenderRuby (inline) {RUBY} at (0,0) size 18x34
            RenderRubyRun (anonymous) at (1920,14) size 18x37
              RenderRubyText {RT} at (-10,0) size 10x37
                RenderText {#text} at (0,0) size 10x37
                  text run at (0,0) width 37: "\x{3044}\x{308F}\x{304B}\x{3069}"
              RenderRubyBase (anonymous) at (0,0) size 18x37
                RenderInline {RB} at (0,0) size 18x33
                  RenderText {#text} at (0,2) size 18x33
                    text run at (0,2) width 33: "\x{5DCC}\x{89D2}"
          RenderText {#text} at (1920,49) size 18x130
            text run at (1920,49) width 129: "\x{3092}\x{92ED}\x{3069}\x{304F}\x{5EFB}\x{3063}\x{3066}\x{3001}"
          RenderRuby (inline) {RUBY} at (0,0) size 18x34
            RenderRubyRun (anonymous) at (1920,178) size 18x33
              RenderRubyText {RT} at (-10,0) size 10x33
                RenderText {#text} at (0,2) size 10x28
                  text run at (0,2) width 28: "\x{3042}\x{3093}\x{307E}"
              RenderRubyBase (anonymous) at (0,0) size 18x33
                RenderInline {RB} at (0,0) size 18x33
                  RenderText {#text} at (0,0) size 18x33
                    text run at (0,0) width 33: "\x{6309}\x{6469}"
          RenderText {#text} at (1920,211) size 18x33
            text run at (1920,211) width 33: "\x{306A}\x{3089}"
          RenderRuby (inline) {RUBY} at (0,0) size 18x50
            RenderRubyRun (anonymous) at (1920,240) size 18x55
              RenderRubyText {RT} at (-10,0) size 10x55
                RenderText {#text} at (0,0) size 10x55
                  text run at (0,0) width 55: "\x{307E}\x{3063}\x{3055}\x{304B}\x{3055}\x{307E}"
              RenderRubyBase (anonymous) at (0,0) size 18x55
                RenderInline {RB} at (0,0) size 18x49
                  RenderText {#text} at (0,3) size 18x49
                    text run at (0,3) width 49: "\x{771F}\x{9006}\x{69D8}"
          RenderText {#text} at (1920,292) size 18x146
            text run at (1920,292) width 146: "\x{306B}\x{843D}\x{3064}\x{308B}\x{3068}\x{3053}\x{308D}\x{3092}\x{3001}"
          RenderRuby (inline) {RUBY} at (0,0) size 18x18
            RenderRubyRun (anonymous) at (1920,436) size 18x19
              RenderRubyText {RT} at (-10,0) size 10x19
                RenderText {#text} at (0,0) size 10x19
                  text run at (0,0) width 19: "\x{304D}\x{308F}"
              RenderRubyBase (anonymous) at (0,0) size 18x19
                RenderInline {RB} at (0,0) size 18x17
                  RenderText {#text} at (0,1) size 18x17
                    text run at (0,1) width 17: "\x{969B}"
          RenderText {#text} at (1920,454) size 46x487
            text run at (1920,454) width 33: "\x{3069}\x{304F}"
            text run at (1948,0) width 129: "\x{53F3}\x{3078}\x{5207}\x{308C}\x{3066}\x{3001}\x{6A2A}\x{306B}"
          RenderRuby (inline) {RUBY} at (0,0) size 18x34
            RenderRubyRun (anonymous) at (1948,129) size 18x33
              RenderRubyText {RT} at (-10,0) size 10x33
                RenderText {#text} at (0,2) size 10x28
                  text run at (0,2) width 28: "\x{307F}\x{304A}\x{308D}"
              RenderRubyBase (anonymous) at (0,0) size 18x33
                RenderInline {RB} at (0,0) size 18x33
                  RenderText {#text} at (0,0) size 18x33
                    text run at (0,0) width 33: "\x{898B}\x{4E0B}"
          RenderText {#text} at (1948,161) size 18x50
            text run at (1948,161) width 49: "\x{3059}\x{3068}\x{3001}"
          RenderRuby (inline) {RUBY} at (0,0) size 18x18
            RenderRubyRun (anonymous) at (1948,210) size 18x17
              RenderRubyText {RT} at (-10,0) size 10x17
                RenderText {#text} at (0,3) size 10x10
                  text run at (0,3) width 10: "\x{306A}"
              RenderRubyBase (anonymous) at (0,0) size 18x17
                RenderInline {RB} at (0,0) size 18x17
                  RenderText {#text} at (0,0) size 18x17
                    text run at (0,0) width 17: "\x{83DC}"
          RenderText {#text} at (1948,227) size 46x486
            text run at (1948,227) width 258: "\x{306E}\x{82B1}\x{304C}\x{4E00}\x{9762}\x{306B}\x{898B}\x{3048}\x{308B}\x{3002}\x{96F2}\x{96C0}\x{306F}\x{3042}\x{3059}\x{3053}"
            text run at (1976,0) width 274: "\x{3078}\x{843D}\x{3061}\x{308B}\x{306E}\x{304B}\x{3068}\x{601D}\x{3063}\x{305F}\x{3002}\x{3044}\x{3044}\x{3084}\x{3001}\x{3042}\x{306E}"
          RenderRuby (inline) {RUBY} at (0,0) size 18x34
            RenderRubyRun (anonymous) at (1976,274) size 18x33
              RenderRubyText {RT} at (-10,0) size 10x33
                RenderText {#text} at (0,2) size 10x28
                  text run at (0,2) width 28: "\x{3053}\x{304C}\x{306D}"
              RenderRubyBase (anonymous) at (0,0) size 18x33
                RenderInline {RB} at (0,0) size 18x33
                  RenderText {#text} at (0,0) size 18x33
                    text run at (0,0) width 33: "\x{9EC4}\x{91D1}"
          RenderText {#text} at (1976,306) size 46x485
            text run at (1976,306) width 178: "\x{306E}\x{539F}\x{304B}\x{3089}\x{98DB}\x{3073}\x{4E0A}\x{304C}\x{3063}\x{3066}\x{304F}"
            text run at (2004,0) width 291: "\x{308B}\x{306E}\x{304B}\x{3068}\x{601D}\x{3063}\x{305F}\x{3002}\x{6B21}\x{306B}\x{306F}\x{843D}\x{3061}\x{308B}\x{96F2}\x{96C0}\x{3068}\x{3001}"
          RenderRuby (inline) {RUBY} at (0,0) size 18x18
            RenderRubyRun (anonymous) at (2004,289) size 18x19
              RenderRubyText {RT} at (-10,0) size 10x19
                RenderText {#text} at (0,0) size 10x19
                  text run at (0,0) width 19: "\x{3042}\x{304C}"
              RenderRubyBase (anonymous) at (0,0) size 18x19
                RenderInline {RB} at (0,0) size 18x17
                  RenderText {#text} at (0,1) size 18x17
                    text run at (0,1) width 17: "\x{4E0A}"
          RenderText {#text} at (2004,307) size 18x17
            text run at (2004,307) width 17: "\x{308B}"
          RenderRuby (inline) {RUBY} at (0,0) size 18x34
            RenderRubyRun (anonymous) at (2004,323) size 18x33
              RenderRubyText {RT} at (-10,0) size 10x33
                RenderText {#text} at (0,2) size 10x28
                  text run at (0,2) width 28: "\x{3072}\x{3070}\x{308A}"
              RenderRubyBase (anonymous) at (0,0) size 18x33
                RenderInline {RB} at (0,0) size 18x33
                  RenderText {#text} at (0,0) size 18x33
                    text run at (0,0) width 33: "\x{96F2}\x{96C0}"
          RenderText {#text} at (2004,356) size 46x486
            text run at (2004,356) width 129: "\x{304C}\x{5341}\x{6587}\x{5B57}\x{306B}\x{3059}\x{308C}\x{9055}"
            text run at (2032,0) width 468: "\x{3046}\x{306E}\x{304B}\x{3068}\x{601D}\x{3063}\x{305F}\x{3002}\x{6700}\x{5F8C}\x{306B}\x{3001}\x{843D}\x{3061}\x{308B}\x{6642}\x{3082}\x{3001}\x{4E0A}\x{308B}\x{6642}\x{3082}\x{3001}\x{307E}\x{305F}\x{5341}\x{6587}\x{5B57}\x{306B}"
          RenderRuby (inline) {RUBY} at (0,0) size 18x18
            RenderRubyRun (anonymous) at (2032,467) size 18x17
              RenderRubyText {RT} at (-10,0) size 10x17
                RenderText {#text} at (0,3) size 10x10
                  text run at (0,3) width 10: "\x{3059}"
              RenderRubyBase (anonymous) at (0,0) size 18x17
                RenderInline {RB} at (0,0) size 18x17
                  RenderText {#text} at (0,0) size 18x17
                    text run at (0,0) width 17: "\x{64E6}"
          RenderText {#text} at (2050,0) size 18x403
            text run at (2050,0) width 403: "\x{308C}\x{9055}\x{3046}\x{3068}\x{304D}\x{306B}\x{3082}\x{5143}\x{6C17}\x{3088}\x{304F}\x{9CF4}\x{304D}\x{3064}\x{3065}\x{3051}\x{308B}\x{3060}\x{308D}\x{3046}\x{3068}\x{601D}\x{3063}\x{305F}\x{3002}"
          RenderBR {BR} at (2050,402) size 18x1
          RenderText {#text} at (2078,0) size 18x194
            text run at (2078,0) width 194: "\x{3000}\x{6625}\x{306F}\x{7720}\x{304F}\x{306A}\x{308B}\x{3002}\x{732B}\x{306F}\x{9F20}\x{3092}"
          RenderRuby (inline) {RUBY} at (0,0) size 18x18
            RenderRubyRun (anonymous) at (2078,193) size 18x17
              RenderRubyText {RT} at (-10,0) size 10x17
                RenderText {#text} at (0,3) size 10x10
                  text run at (0,3) width 10: "\x{3068}"
              RenderRubyBase (anonymous) at (0,0) size 18x17
                RenderInline {RB} at (0,0) size 18x17
                  RenderText {#text} at (0,0) size 18x17
                    text run at (0,0) width 17: "\x{6355}"
          RenderText {#text} at (2078,210) size 46x485
            text run at (2078,210) width 274: "\x{308B}\x{4E8B}\x{3092}\x{5FD8}\x{308C}\x{3001}\x{4EBA}\x{9593}\x{306F}\x{501F}\x{91D1}\x{306E}\x{3042}\x{308B}\x{4E8B}\x{3092}\x{5FD8}"
            text run at (2106,0) width 146: "\x{308C}\x{308B}\x{3002}\x{6642}\x{306B}\x{306F}\x{81EA}\x{5206}\x{306E}"
          RenderRuby (inline) {RUBY} at (0,0) size 18x30
            RenderRubyRun (anonymous) at (2106,141) size 18x37
              RenderRubyText {RT} at (-10,0) size 10x37
                RenderText {#text} at (0,0) size 10x37
                  text run at (0,0) width 37: "\x{305F}\x{307E}\x{3057}\x{3044}"
              RenderRubyBase (anonymous) at (0,0) size 18x37
                RenderInline {RB} at (0,0) size 18x17
                  RenderText {#text} at (0,10) size 18x17
                    text run at (0,10) width 17: "\x{9B42}"
          RenderText {#text} at (2106,174) size 18x17
            text run at (2106,174) width 17: "\x{306E}"
          RenderRuby (inline) {RUBY} at (0,0) size 18x34
            RenderRubyRun (anonymous) at (2106,188) size 18x37
              RenderRubyText {RT} at (-10,0) size 10x37
                RenderText {#text} at (0,0) size 10x37
                  text run at (0,0) width 37: "\x{3044}\x{3069}\x{3053}\x{308D}"
              RenderRubyBase (anonymous) at (0,0) size 18x37
                RenderInline {RB} at (0,0) size 18x33
                  RenderText {#text} at (0,2) size 18x33
                    text run at (0,2) width 33: "\x{5C45}\x{6240}"
          RenderText {#text} at (2106,223) size 46x481
            text run at (2106,223) width 258: "\x{3055}\x{3048}\x{5FD8}\x{308C}\x{3066}\x{6B63}\x{4F53}\x{306A}\x{304F}\x{306A}\x{308B}\x{3002}\x{305F}\x{3060}\x{83DC}\x{306E}"
            text run at (2134,0) width 194: "\x{82B1}\x{3092}\x{9060}\x{304F}\x{671B}\x{3093}\x{3060}\x{3068}\x{304D}\x{306B}\x{773C}\x{304C}"
          RenderRuby (inline) {RUBY} at (0,0) size 18x18
            RenderRubyRun (anonymous) at (2134,193) size 18x17
              RenderRubyText {RT} at (-10,0) size 10x17
                RenderText {#text} at (0,3) size 10x10
                  text run at (0,3) width 10: "\x{3055}"
              RenderRubyBase (anonymous) at (0,0) size 18x17
                RenderInline {RB} at (0,0) size 18x17
                  RenderText {#text} at (0,0) size 18x17
                    text run at (0,0) width 17: "\x{9192}"
          RenderText {#text} at (2134,210) size 46x485
            text run at (2134,210) width 274: "\x{3081}\x{308B}\x{3002}\x{96F2}\x{96C0}\x{306E}\x{58F0}\x{3092}\x{805E}\x{3044}\x{305F}\x{3068}\x{304D}\x{306B}\x{9B42}\x{306E}\x{3042}"
            text run at (2162,0) width 49: "\x{308A}\x{304B}\x{304C}"
          RenderRuby (inline) {RUBY} at (0,0) size 18x34
            RenderRubyRun (anonymous) at (2162,46) size 18x37
              RenderRubyText {RT} at (-10,0) size 10x37
                RenderText {#text} at (0,0) size 10x37
                  text run at (0,0) width 37: "\x{306F}\x{3093}\x{305C}\x{3093}"
              RenderRubyBase (anonymous) at (0,0) size 18x37
                RenderInline {RB} at (0,0) size 18x33
                  RenderText {#text} at (0,2) size 18x33
                    text run at (0,2) width 33: "\x{5224}\x{7136}"
          RenderText {#text} at (2162,81) size 72x485
            text run at (2162,81) width 403: "\x{3059}\x{308B}\x{3002}\x{96F2}\x{96C0}\x{306E}\x{9CF4}\x{304F}\x{306E}\x{306F}\x{53E3}\x{3067}\x{9CF4}\x{304F}\x{306E}\x{3067}\x{306F}\x{306A}\x{3044}\x{3001}\x{9B42}\x{5168}\x{4F53}\x{304C}\x{9CF4}"
            text run at (2180,0) width 484: "\x{304F}\x{306E}\x{3060}\x{3002}\x{9B42}\x{306E}\x{6D3B}\x{52D5}\x{304C}\x{58F0}\x{306B}\x{3042}\x{3089}\x{308F}\x{308C}\x{305F}\x{3082}\x{306E}\x{306E}\x{3046}\x{3061}\x{3067}\x{3001}\x{3042}\x{308C}\x{307B}\x{3069}\x{5143}\x{6C17}\x{306E}"
            text run at (2198,0) width 484: "\x{3042}\x{308B}\x{3082}\x{306E}\x{306F}\x{306A}\x{3044}\x{3002}\x{3042}\x{3042}\x{6109}\x{5FEB}\x{3060}\x{3002}\x{3053}\x{3046}\x{601D}\x{3063}\x{3066}\x{3001}\x{3053}\x{3046}\x{6109}\x{5FEB}\x{306B}\x{306A}\x{308B}\x{306E}\x{304C}\x{8A69}"
            text run at (2216,0) width 65: "\x{3067}\x{3042}\x{308B}\x{3002}"
          RenderBR {BR} at (2216,64) size 18x1
          RenderText {#text} at (2234,0) size 46x484
            text run at (2234,0) width 484: "\x{3000}\x{305F}\x{3061}\x{307E}\x{3061}\x{30B7}\x{30A7}\x{30EC}\x{30FC}\x{306E}\x{96F2}\x{96C0}\x{306E}\x{8A69}\x{3092}\x{601D}\x{3044}\x{51FA}\x{3057}\x{3066}\x{3001}\x{53E3}\x{306E}\x{3046}\x{3061}\x{3067}\x{899A}\x{3048}\x{305F}\x{3068}"
            text run at (2262,0) width 65: "\x{3053}\x{308D}\x{3060}\x{3051}"
          RenderRuby (inline) {RUBY} at (0,0) size 18x39
            RenderRubyRun (anonymous) at (2262,60) size 18x46
              RenderRubyText {RT} at (-10,0) size 10x46
                RenderText {#text} at (0,0) size 10x46
                  text run at (0,0) width 46: "\x{3042}\x{3093}\x{3057}\x{3087}\x{3046}"
              RenderRubyBase (anonymous) at (0,0) size 18x46
                RenderInline {RB} at (0,0) size 18x33
                  RenderText {#text} at (0,6) size 18x33
                    text run at (0,6) width 33: "\x{6697}\x{8AA6}"
          RenderText {#text} at (2262,102) size 36x474
            text run at (2262,102) width 371: "\x{3057}\x{3066}\x{898B}\x{305F}\x{304C}\x{3001}\x{899A}\x{3048}\x{3066}\x{3044}\x{308B}\x{3068}\x{3053}\x{308D}\x{306F}\x{4E8C}\x{4E09}\x{53E5}\x{3057}\x{304B}\x{306A}\x{304B}\x{3063}"
            text run at (2280,0) width 307: "\x{305F}\x{3002}\x{305D}\x{306E}\x{4E8C}\x{4E09}\x{53E5}\x{306E}\x{306A}\x{304B}\x{306B}\x{3053}\x{3093}\x{306A}\x{306E}\x{304C}\x{3042}\x{308B}\x{3002}"
          RenderBR {BR} at (2280,306) size 18x1
        RenderBlock {DIV} at (2298,32) size 90x461
          RenderText {#text} at (0,0) size 18x190
            text run at (0,0) width 190: "\x{3000}\x{3000}We look before and after"
          RenderBR {BR} at (0,189) size 18x1
          RenderText {#text} at (18,0) size 18x223
            text run at (18,0) width 223: "\x{3000}\x{3000}\x{3000}\x{3000}And pine for what is not:"
          RenderBR {BR} at (18,222) size 18x1
          RenderText {#text} at (36,0) size 18x171
            text run at (36,0) width 171: "\x{3000}\x{3000}Our sincerest laughter"
          RenderBR {BR} at (36,170) size 18x1
          RenderText {#text} at (54,0) size 18x231
            text run at (54,0) width 231: "\x{3000}\x{3000}\x{3000}\x{3000}With some pain is fraught;"
          RenderBR {BR} at (54,230) size 18x1
          RenderText {#text} at (72,0) size 18x355
            text run at (72,0) width 355: "Our sweetest songs are those that tell of saddest thought."
          RenderBR {BR} at (72,355) size 18x0
        RenderBlock (anonymous) at (2388,0) size 1696x493
          RenderText {#text} at (10,0) size 18x113
            text run at (10,0) width 113: "\x{300C}\x{524D}\x{3092}\x{307F}\x{3066}\x{306F}\x{3001}"
          RenderRuby (inline) {RUBY} at (0,0) size 18x18
            RenderRubyRun (anonymous) at (10,112) size 18x19
              RenderRubyText {RT} at (-10,0) size 10x19
                RenderText {#text} at (0,0) size 10x19
                  text run at (0,0) width 19: "\x{3057}\x{308A}"
              RenderRubyBase (anonymous) at (0,0) size 18x19
                RenderInline {RB} at (0,0) size 18x17
                  RenderText {#text} at (0,1) size 18x17
                    text run at (0,1) width 17: "\x{5F8C}"
          RenderText {#text} at (10,129) size 18x98
            text run at (10,129) width 97: "\x{3048}\x{3092}\x{898B}\x{3066}\x{306F}\x{3001}"
          RenderRuby (inline) {RUBY} at (0,0) size 18x34
            RenderRubyRun (anonymous) at (10,226) size 18x33
              RenderRubyText {RT} at (-10,0) size 10x33
                RenderText {#text} at (0,2) size 10x28
                  text run at (0,2) width 28: "\x{3082}\x{306E}\x{307B}"
              RenderRubyBase (anonymous) at (0,0) size 18x33
                RenderInline {RB} at (0,0) size 18x33
                  RenderText {#text} at (0,0) size 18x33
                    text run at (0,0) width 33: "\x{7269}\x{6B32}"
          RenderText {#text} at (10,259) size 46x486
            text run at (10,259) width 226: "\x{3057}\x{3068}\x{3001}\x{3042}\x{3053}\x{304C}\x{308B}\x{308B}\x{304B}\x{306A}\x{308F}\x{308C}\x{3002}\x{8179}"
            text run at (38,0) width 468: "\x{304B}\x{3089}\x{306E}\x{3001}\x{7B11}\x{3068}\x{3044}\x{3048}\x{3069}\x{3001}\x{82E6}\x{3057}\x{307F}\x{306E}\x{3001}\x{305D}\x{3053}\x{306B}\x{3042}\x{308B}\x{3079}\x{3057}\x{3002}\x{3046}\x{3064}\x{304F}\x{3057}\x{304D}\x{3001}"
          RenderRuby (inline) {RUBY} at (0,0) size 18x19
            RenderRubyRun (anonymous) at (38,466) size 18x19
              RenderRubyText {RT} at (-10,0) size 10x19
                RenderText {#text} at (0,0) size 10x19
                  text run at (0,0) width 19: "\x{304D}\x{308F}"
              RenderRubyBase (anonymous) at (0,0) size 18x19
                RenderInline {RB} at (0,0) size 18x17
                  RenderText {#text} at (0,1) size 18x17
                    text run at (0,1) width 17: "\x{6975}"
          RenderText {#text} at (66,0) size 18x210
            text run at (66,0) width 210: "\x{307F}\x{306E}\x{6B4C}\x{306B}\x{3001}\x{60B2}\x{3057}\x{3055}\x{306E}\x{3001}\x{6975}\x{307F}\x{306E}"
          RenderRuby (inline) {RUBY} at (0,0) size 18x21
            RenderRubyRun (anonymous) at (66,205) size 18x28
              RenderRubyText {RT} at (-10,0) size 10x28
                RenderText {#text} at (0,0) size 10x28
                  text run at (0,0) width 28: "\x{304A}\x{3082}\x{3044}"
              RenderRubyBase (anonymous) at (0,0) size 18x28
                RenderInline {RB} at (0,0) size 18x17
                  RenderText {#text} at (0,5) size 18x17
                    text run at (0,5) width 17: "\x{60F3}"
          RenderText {#text} at (66,229) size 18x17
            text run at (66,229) width 17: "\x{3001}"
          RenderRuby (inline) {RUBY} at (0,0) size 18x18
            RenderRubyRun (anonymous) at (66,245) size 18x19
              RenderRubyText {RT} at (-10,0) size 10x19
                RenderText {#text} at (0,0) size 10x19
                  text run at (0,0) width 19: "\x{3053}\x{3082}"
              RenderRubyBase (anonymous) at (0,0) size 18x19
                RenderInline {RB} at (0,0) size 18x17
                  RenderText {#text} at (0,1) size 18x17
                    text run at (0,1) width 17: "\x{7C60}"
          RenderText {#text} at (66,262) size 18x98
            text run at (66,262) width 97: "\x{308B}\x{3068}\x{305E}\x{77E5}\x{308C}\x{300D}"
          RenderBR {BR} at (66,359) size 18x1
          RenderText {#text} at (84,0) size 46x484
            text run at (84,0) width 484: "\x{3000}\x{306A}\x{308B}\x{307B}\x{3069}\x{3044}\x{304F}\x{3089}\x{8A69}\x{4EBA}\x{304C}\x{5E78}\x{798F}\x{3067}\x{3082}\x{3001}\x{3042}\x{306E}\x{96F2}\x{96C0}\x{306E}\x{3088}\x{3046}\x{306B}\x{601D}\x{3044}\x{5207}\x{3063}\x{3066}\x{3001}"
            text run at (112,0) width 339: "\x{4E00}\x{5FC3}\x{4E0D}\x{4E71}\x{306B}\x{3001}\x{524D}\x{5F8C}\x{3092}\x{5FD8}\x{5374}\x{3057}\x{3066}\x{3001}\x{308F}\x{304C}\x{559C}\x{3073}\x{3092}\x{6B4C}\x{3046}"
          RenderRuby (inline) {RUBY} at (0,0) size 18x18
            RenderRubyRun (anonymous) at (112,337) size 18x19
              RenderRubyText {RT} at (-10,0) size 10x19
                RenderText {#text} at (0,0) size 10x19
                  text run at (0,0) width 19: "\x{308F}\x{3051}"
              RenderRubyBase (anonymous) at (0,0) size 18x19
                RenderInline {RB} at (0,0) size 18x17
                  RenderText {#text} at (0,1) size 18x17
                    text run at (0,1) width 17: "\x{8A33}"
          RenderText {#text} at (112,355) size 46x485
            text run at (112,355) width 129: "\x{306B}\x{306F}\x{884C}\x{304F}\x{307E}\x{3044}\x{3002}\x{897F}"
            text run at (140,0) width 291: "\x{6D0B}\x{306E}\x{8A69}\x{306F}\x{7121}\x{8AD6}\x{306E}\x{4E8B}\x{3001}\x{652F}\x{90A3}\x{306E}\x{8A69}\x{306B}\x{3082}\x{3001}\x{3088}\x{304F}"
          RenderRuby (inline) {RUBY} at (0,0) size 18x34
            RenderRubyRun (anonymous) at (140,288) size 18x37
              RenderRubyText {RT} at (-10,0) size 10x37
                RenderText {#text} at (0,0) size 10x37
                  text run at (0,0) width 37: "\x{3070}\x{3093}\x{3053}\x{304F}"
              RenderRubyBase (anonymous) at (0,0) size 18x37
                RenderInline {RB} at (0,0) size 18x33
                  RenderText {#text} at (0,2) size 18x33
                    text run at (0,2) width 33: "\x{4E07}\x{659B}"
          RenderText {#text} at (140,323) size 18x17
            text run at (140,323) width 17: "\x{306E}"
          RenderRuby (inline) {RUBY} at (0,0) size 18x21
            RenderRubyRun (anonymous) at (140,335) size 18x28
              RenderRubyText {RT} at (-10,0) size 10x28
                RenderText {#text} at (0,0) size 10x28
                  text run at (0,0) width 28: "\x{3046}\x{308C}\x{3044}"
              RenderRubyBase (anonymous) at (0,0) size 18x28
                RenderInline {RB} at (0,0) size 18x17
                  RenderText {#text} at (0,5) size 18x17
                    text run at (0,5) width 17: "\x{6101}"
          RenderText {#text} at (140,359) size 46x489
            text run at (140,359) width 129: "\x{306A}\x{3069}\x{3068}\x{4E91}\x{3046}\x{5B57}\x{304C}\x{3042}"
            text run at (168,0) width 162: "\x{308B}\x{3002}\x{8A69}\x{4EBA}\x{3060}\x{304B}\x{3089}\x{4E07}\x{659B}\x{3067}"
          RenderRuby (inline) {RUBY} at (0,0) size 18x34
            RenderRubyRun (anonymous) at (168,159) size 18x37
              RenderRubyText {RT} at (-10,0) size 10x37
                RenderText {#text} at (0,0) size 10x37
                  text run at (0,0) width 37: "\x{3057}\x{308D}\x{3046}\x{3068}"
              RenderRubyBase (anonymous) at (0,0) size 18x37
                RenderInline {RB} at (0,0) size 18x33
                  RenderText {#text} at (0,2) size 18x33
                    text run at (0,2) width 33: "\x{7D20}\x{4EBA}"
          RenderText {#text} at (168,194) size 18x49
            text run at (168,194) width 49: "\x{306A}\x{3089}\x{4E00}"
          RenderRuby (inline) {RUBY} at (0,0) size 18x18
            RenderRubyRun (anonymous) at (168,241) size 18x19
              RenderRubyText {RT} at (-10,0) size 10x19
                RenderText {#text} at (0,0) size 10x19
                  text run at (0,0) width 19: "\x{3054}\x{3046}"
              RenderRubyBase (anonymous) at (0,0) size 18x19
                RenderInline {RB} at (0,0) size 18x17
                  RenderText {#text} at (0,1) size 18x17
                    text run at (0,1) width 17: "\x{5408}"
          RenderText {#text} at (168,259) size 46x486
            text run at (168,259) width 226: "\x{3067}\x{6E08}\x{3080}\x{304B}\x{3082}\x{77E5}\x{308C}\x{306C}\x{3002}\x{3057}\x{3066}\x{898B}\x{308B}\x{3068}"
            text run at (196,0) width 226: "\x{8A69}\x{4EBA}\x{306F}\x{5E38}\x{306E}\x{4EBA}\x{3088}\x{308A}\x{3082}\x{82E6}\x{52B4}\x{6027}\x{3067}\x{3001}"
          RenderRuby (inline) {RUBY} at (0,0) size 18x34
            RenderRubyRun (anonymous) at (196,224) size 18x37
              RenderRubyText {RT} at (-10,0) size 10x37
                RenderText {#text} at (0,0) size 10x37
                  text run at (0,0) width 37: "\x{307C}\x{3093}\x{3053}\x{3064}"
              RenderRubyBase (anonymous) at (0,0) size 18x37
                RenderInline {RB} at (0,0) size 18x33
                  RenderText {#text} at (0,2) size 18x33
                    text run at (0,2) width 33: "\x{51E1}\x{9AA8}"
          RenderText {#text} at (196,258) size 46x485
            text run at (196,258) width 226: "\x{306E}\x{500D}\x{4EE5}\x{4E0A}\x{306B}\x{795E}\x{7D4C}\x{304C}\x{92ED}\x{654F}\x{306A}\x{306E}\x{304B}\x{3082}"
            text run at (224,0) width 291: "\x{77E5}\x{308C}\x{3093}\x{3002}\x{8D85}\x{4FD7}\x{306E}\x{559C}\x{3073}\x{3082}\x{3042}\x{308D}\x{3046}\x{304C}\x{3001}\x{7121}\x{91CF}\x{306E}"
          RenderRuby (inline) {RUBY} at (0,0) size 18x30
            RenderRubyRun (anonymous) at (224,286) size 18x37
              RenderRubyText {RT} at (-10,0) size 10x37
                RenderText {#text} at (0,0) size 10x37
                  text run at (0,0) width 37: "\x{304B}\x{306A}\x{3057}\x{307F}"
              RenderRubyBase (anonymous) at (0,0) size 18x37
                RenderInline {RB} at (0,0) size 18x17
                  RenderText {#text} at (0,10) size 18x17
                    text run at (0,10) width 17: "\x{60B2}"
          RenderText {#text} at (224,319) size 36x481
            text run at (224,319) width 162: "\x{3082}\x{591A}\x{304B}\x{308D}\x{3046}\x{3002}\x{305D}\x{3093}\x{306A}\x{3089}"
            text run at (242,0) width 210: "\x{3070}\x{8A69}\x{4EBA}\x{306B}\x{306A}\x{308B}\x{306E}\x{3082}\x{8003}\x{3048}\x{7269}\x{3060}\x{3002}"
          RenderBR {BR} at (242,209) size 18x1
          RenderText {#text} at (270,0) size 18x129
            text run at (270,0) width 129: "\x{3000}\x{3057}\x{3070}\x{3089}\x{304F}\x{306F}\x{8DEF}\x{304C}"
          RenderRuby (inline) {RUBY} at (0,0) size 18x21
            RenderRubyRun (anonymous) at (270,125) size 18x28
              RenderRubyText {RT} at (-10,0) size 10x28
                RenderText {#text} at (0,0) size 10x28
                  text run at (0,0) width 28: "\x{305F}\x{3044}\x{3089}"
              RenderRubyBase (anonymous) at (0,0) size 18x28
                RenderInline {RB} at (0,0) size 18x17
                  RenderText {#text} at (0,5) size 18x17
                    text run at (0,5) width 17: "\x{5E73}"
          RenderText {#text} at (270,148) size 18x66
            text run at (270,148) width 65: "\x{3067}\x{3001}\x{53F3}\x{306F}"
          RenderRuby (inline) {RUBY} at (0,0) size 18x50
            RenderRubyRun (anonymous) at (270,213) size 18x49
              RenderRubyText {RT} at (-10,0) size 10x49
                RenderText {#text} at (0,1) size 10x46
                  text run at (0,1) width 46: "\x{305E}\x{3046}\x{304D}\x{3084}\x{307E}"
              RenderRubyBase (anonymous) at (0,0) size 18x49
                RenderInline {RB} at (0,0) size 18x49
                  RenderText {#text} at (0,0) size 18x49
                    text run at (0,0) width 49: "\x{96D1}\x{6728}\x{5C71}"
          RenderText {#text} at (270,262) size 46x472
            text run at (270,262) width 210: "\x{3001}\x{5DE6}\x{306F}\x{83DC}\x{306E}\x{82B1}\x{306E}\x{898B}\x{3064}\x{3065}\x{3051}\x{3067}\x{3042}"
            text run at (298,0) width 129: "\x{308B}\x{3002}\x{8DB3}\x{306E}\x{4E0B}\x{306B}\x{6642}\x{3005}"
          RenderRuby (inline) {RUBY} at (0,0) size 18x50
            RenderRubyRun (anonymous) at (298,129) size 18x49
              RenderRubyText {RT} at (-10,0) size 10x49
                RenderText {#text} at (0,6) size 10x37
                  text run at (0,6) width 37: "\x{305F}\x{3093}\x{307D}\x{307D}"
              RenderRubyBase (anonymous) at (0,0) size 18x49
                RenderInline {RB} at (0,0) size 18x49
                  RenderText {#text} at (0,0) size 18x49
                    text run at (0,0) width 49: "\x{84B2}\x{516C}\x{82F1}"
          RenderText {#text} at (298,177) size 18x114
            text run at (298,177) width 113: "\x{3092}\x{8E0F}\x{307F}\x{3064}\x{3051}\x{308B}\x{3002}"
          RenderRuby (inline) {RUBY} at (0,0) size 18x30
            RenderRubyRun (anonymous) at (298,287) size 18x37
              RenderRubyText {RT} at (-10,0) size 10x37
                RenderText {#text} at (0,0) size 10x37
                  text run at (0,0) width 37: "\x{306E}\x{3053}\x{304E}\x{308A}"
              RenderRubyBase (anonymous) at (0,0) size 18x37
                RenderInline {RB} at (0,0) size 18x17
                  RenderText {#text} at (0,10) size 18x17
                    text run at (0,10) width 17: "\x{92F8}"
          RenderText {#text} at (298,319) size 46x481
            text run at (298,319) width 162: "\x{306E}\x{3088}\x{3046}\x{306A}\x{8449}\x{304C}\x{9060}\x{616E}\x{306A}\x{304F}"
            text run at (326,0) width 194: "\x{56DB}\x{65B9}\x{3078}\x{306E}\x{3057}\x{3066}\x{771F}\x{4E2D}\x{306B}\x{9EC4}\x{8272}\x{306A}"
          RenderRuby (inline) {RUBY} at (0,0) size 18x18
            RenderRubyRun (anonymous) at (326,192) size 18x19
              RenderRubyText {RT} at (-10,0) size 10x19
                RenderText {#text} at (0,0) size 10x19
                  text run at (0,0) width 19: "\x{305F}\x{307E}"
              RenderRubyBase (anonymous) at (0,0) size 18x19
                RenderInline {RB} at (0,0) size 18x17
                  RenderText {#text} at (0,1) size 18x17
                    text run at (0,1) width 17: "\x{73E0}"
          RenderText {#text} at (326,210) size 64x485
            text run at (326,210) width 274: "\x{3092}\x{64C1}\x{8B77}\x{3057}\x{3066}\x{3044}\x{308B}\x{3002}\x{83DC}\x{306E}\x{82B1}\x{306B}\x{6C17}\x{3092}\x{3068}\x{3089}\x{308C}"
            text run at (344,0) width 484: "\x{3066}\x{3001}\x{8E0F}\x{307F}\x{3064}\x{3051}\x{305F}\x{3042}\x{3068}\x{3067}\x{3001}\x{6C17}\x{306E}\x{6BD2}\x{306A}\x{4E8B}\x{3092}\x{3057}\x{305F}\x{3068}\x{3001}\x{632F}\x{308A}\x{5411}\x{3044}\x{3066}\x{898B}\x{308B}\x{3068}\x{3001}"
            text run at (372,0) width 242: "\x{9EC4}\x{8272}\x{306A}\x{73E0}\x{306F}\x{4F9D}\x{7136}\x{3068}\x{3057}\x{3066}\x{92F8}\x{306E}\x{306A}\x{304B}\x{306B}"
          RenderRuby (inline) {RUBY} at (0,0) size 18x34
            RenderRubyRun (anonymous) at (372,242) size 18x33
              RenderRubyText {RT} at (-10,0) size 10x33
                RenderText {#text} at (0,2) size 10x28
                  text run at (0,2) width 28: "\x{3061}\x{3093}\x{3056}"
              RenderRubyBase (anonymous) at (0,0) size 18x33
                RenderInline {RB} at (0,0) size 18x33
                  RenderText {#text} at (0,0) size 18x33
                    text run at (0,0) width 33: "\x{93AE}\x{5EA7}"
          RenderText {#text} at (372,274) size 18x82
            text run at (372,274) width 81: "\x{3057}\x{3066}\x{3044}\x{308B}\x{3002}"
          RenderRuby (inline) {RUBY} at (0,0) size 18x34
            RenderRubyRun (anonymous) at (372,355) size 18x33
              RenderRubyText {RT} at (-10,0) size 10x33
                RenderText {#text} at (0,2) size 10x28
                  text run at (0,2) width 28: "\x{306E}\x{3093}\x{304D}"
              RenderRubyBase (anonymous) at (0,0) size 18x33
                RenderInline {RB} at (0,0) size 18x33
                  RenderText {#text} at (0,0) size 18x33
                    text run at (0,0) width 33: "\x{5451}\x{6C17}"
          RenderText {#text} at (372,388) size 36x485
            text run at (372,388) width 97: "\x{306A}\x{3082}\x{306E}\x{3060}\x{3002}\x{307E}"
            text run at (390,0) width 146: "\x{305F}\x{8003}\x{3048}\x{3092}\x{3064}\x{3065}\x{3051}\x{308B}\x{3002}"
          RenderBR {BR} at (390,145) size 18x1
          RenderText {#text} at (418,0) size 18x65
            text run at (418,0) width 65: "\x{3000}\x{8A69}\x{4EBA}\x{306B}"
          RenderRuby (inline) {RUBY} at (0,0) size 18x21
            RenderRubyRun (anonymous) at (418,60) size 18x28
              RenderRubyText {RT} at (-10,0) size 10x28
                RenderText {#text} at (0,0) size 10x28
                  text run at (0,0) width 28: "\x{3046}\x{308C}\x{3044}"
              RenderRubyBase (anonymous) at (0,0) size 18x28
                RenderInline {RB} at (0,0) size 18x17
                  RenderText {#text} at (0,5) size 18x17
                    text run at (0,5) width 17: "\x{6182}"
          RenderText {#text} at (418,84) size 18x243
            text run at (418,84) width 242: "\x{306F}\x{3064}\x{304D}\x{3082}\x{306E}\x{304B}\x{3082}\x{77E5}\x{308C}\x{306A}\x{3044}\x{304C}\x{3001}\x{3042}\x{306E}"
          RenderRuby (inline) {RUBY} at (0,0) size 18x34
            RenderRubyRun (anonymous) at (418,326) size 18x33
              RenderRubyText {RT} at (-10,0) size 10x33
                RenderText {#text} at (0,2) size 10x28
                  text run at (0,2) width 28: "\x{3072}\x{3070}\x{308A}"
              RenderRubyBase (anonymous) at (0,0) size 18x33
                RenderInline {RB} at (0,0) size 18x33
                  RenderText {#text} at (0,0) size 18x33
                    text run at (0,0) width 33: "\x{96F2}\x{96C0}"
          RenderText {#text} at (418,359) size 46x489
            text run at (418,359) width 129: "\x{3092}\x{805E}\x{304F}\x{5FC3}\x{6301}\x{306B}\x{306A}\x{308C}"
            text run at (446,0) width 17: "\x{3070}"
          RenderRuby (inline) {RUBY} at (0,0) size 18x34
            RenderRubyRun (anonymous) at (446,16) size 18x33
              RenderRubyText {RT} at (-10,0) size 10x33
                RenderText {#text} at (0,2) size 10x28
                  text run at (0,2) width 28: "\x{307F}\x{3058}\x{3093}"
              RenderRubyBase (anonymous) at (0,0) size 18x33
                RenderInline {RB} at (0,0) size 18x33
                  RenderText {#text} at (0,0) size 18x33
                    text run at (0,0) width 33: "\x{5FAE}\x{5875}"
          RenderText {#text} at (446,49) size 18x17
            text run at (446,49) width 17: "\x{306E}"
          RenderRuby (inline) {RUBY} at (0,0) size 18x18
            RenderRubyRun (anonymous) at (446,65) size 18x17
              RenderRubyText {RT} at (-10,0) size 10x17
                RenderText {#text} at (0,3) size 10x10
                  text run at (0,3) width 10: "\x{304F}"
              RenderRubyBase (anonymous) at (0,0) size 18x17
                RenderInline {RB} at (0,0) size 18x17
                  RenderText {#text} at (0,0) size 18x17
                    text run at (0,0) width 17: "\x{82E6}"
          RenderText {#text} at (446,82) size 18x339
            text run at (446,82) width 339: "\x{3082}\x{306A}\x{3044}\x{3002}\x{83DC}\x{306E}\x{82B1}\x{3092}\x{898B}\x{3066}\x{3082}\x{3001}\x{305F}\x{3060}\x{3046}\x{308C}\x{3057}\x{304F}\x{3066}\x{80F8}\x{304C}"
          RenderRuby (inline) {RUBY} at (0,0) size 18x18
            RenderRubyRun (anonymous) at (446,420) size 18x19
              RenderRubyText {RT} at (-10,0) size 10x19
                RenderText {#text} at (0,0) size 10x19
                  text run at (0,0) width 19: "\x{304A}\x{3069}"
              RenderRubyBase (anonymous) at (0,0) size 18x19
                RenderInline {RB} at (0,0) size 18x17
                  RenderText {#text} at (0,1) size 18x17
                    text run at (0,1) width 17: "\x{8E8D}"
          RenderText {#text} at (446,437) size 64x486
            text run at (446,437) width 49: "\x{308B}\x{3070}\x{304B}"
            text run at (464,0) width 484: "\x{308A}\x{3060}\x{3002}\x{84B2}\x{516C}\x{82F1}\x{3082}\x{305D}\x{306E}\x{901A}\x{308A}\x{3001}\x{685C}\x{3082}\x{2015}\x{2015}\x{685C}\x{306F}\x{3044}\x{3064}\x{304B}\x{898B}\x{3048}\x{306A}\x{304F}\x{306A}\x{3063}\x{305F}\x{3002}\x{3053}"
            text run at (492,0) width 162: "\x{3046}\x{5C71}\x{306E}\x{4E2D}\x{3078}\x{6765}\x{3066}\x{81EA}\x{7136}\x{306E}"
          RenderRuby (inline) {RUBY} at (0,0) size 18x34
            RenderRubyRun (anonymous) at (492,159) size 18x37
              RenderRubyText {RT} at (-10,0) size 10x37
                RenderText {#text} at (0,0) size 10x37
                  text run at (0,0) width 37: "\x{3051}\x{3044}\x{3076}\x{3064}"
              RenderRubyBase (anonymous) at (0,0) size 18x37
                RenderInline {RB} at (0,0) size 18x33
                  RenderText {#text} at (0,2) size 18x33
                    text run at (0,2) width 33: "\x{666F}\x{7269}"
          RenderText {#text} at (492,194) size 46x485
            text run at (492,194) width 291: "\x{306B}\x{63A5}\x{3059}\x{308C}\x{3070}\x{3001}\x{898B}\x{308B}\x{3082}\x{306E}\x{3082}\x{805E}\x{304F}\x{3082}\x{306E}\x{3082}\x{9762}\x{767D}"
            text run at (520,0) width 436: "\x{3044}\x{3002}\x{9762}\x{767D}\x{3044}\x{3060}\x{3051}\x{3067}\x{5225}\x{6BB5}\x{306E}\x{82E6}\x{3057}\x{307F}\x{3082}\x{8D77}\x{3089}\x{306C}\x{3002}\x{8D77}\x{308B}\x{3068}\x{3059}\x{308C}\x{3070}\x{8DB3}\x{304C}"
          RenderRuby (inline) {RUBY} at (0,0) size 18x34
            RenderRubyRun (anonymous) at (520,435) size 18x33
              RenderRubyText {RT} at (-10,0) size 10x33
                RenderText {#text} at (0,2) size 10x28
                  text run at (0,2) width 28: "\x{304F}\x{305F}\x{3073}"
              RenderRubyBase (anonymous) at (0,0) size 18x33
                RenderInline {RB} at (0,0) size 18x33
                  RenderText {#text} at (0,0) size 18x33
                    text run at (0,0) width 33: "\x{8349}\x{81E5}"
          RenderText {#text} at (520,468) size 46x485
            text run at (520,468) width 17: "\x{308C}"
            text run at (548,0) width 33: "\x{3066}\x{3001}"
          RenderRuby (inline) {RUBY} at (0,0) size 18x18
            RenderRubyRun (anonymous) at (548,31) size 18x19
              RenderRubyText {RT} at (-10,0) size 10x19
                RenderText {#text} at (0,0) size 10x19
                  text run at (0,0) width 19: "\x{3046}\x{307E}"
              RenderRubyBase (anonymous) at (0,0) size 18x19
                RenderInline {RB} at (0,0) size 18x17
                  RenderText {#text} at (0,1) size 18x17
                    text run at (0,1) width 17: "\x{65E8}"
          RenderText {#text} at (548,49) size 18x291
            text run at (548,49) width 291: "\x{3044}\x{3082}\x{306E}\x{304C}\x{98DF}\x{3079}\x{3089}\x{308C}\x{306C}\x{304F}\x{3089}\x{3044}\x{306E}\x{4E8B}\x{3060}\x{308D}\x{3046}\x{3002}"
          RenderBR {BR} at (548,339) size 18x1
          RenderText {#text} at (576,0) size 18x419
            text run at (576,0) width 419: "\x{3000}\x{3057}\x{304B}\x{3057}\x{82E6}\x{3057}\x{307F}\x{306E}\x{306A}\x{3044}\x{306E}\x{306F}\x{306A}\x{305C}\x{3060}\x{308D}\x{3046}\x{3002}\x{305F}\x{3060}\x{3053}\x{306E}\x{666F}\x{8272}\x{3092}\x{4E00}"
          RenderRuby (inline) {RUBY} at (0,0) size 18x18
            RenderRubyRun (anonymous) at (576,418) size 18x19
              RenderRubyText {RT} at (-10,0) size 10x19
                RenderText {#text} at (0,0) size 10x19
                  text run at (0,0) width 19: "\x{3077}\x{304F}"
              RenderRubyBase (anonymous) at (0,0) size 18x19
                RenderInline {RB} at (0,0) size 18x17
                  RenderText {#text} at (0,1) size 18x17
                    text run at (0,1) width 17: "\x{5E45}"
          RenderText {#text} at (576,435) size 18x18
            text run at (576,435) width 17: "\x{306E}"
          RenderRuby (inline) {RUBY} at (0,0) size 18x18
            RenderRubyRun (anonymous) at (576,452) size 18x17
              RenderRubyText {RT} at (-10,0) size 10x17
                RenderText {#text} at (0,3) size 10x10
                  text run at (0,3) width 10: "\x{3048}"
              RenderRubyBase (anonymous) at (0,0) size 18x17
                RenderInline {RB} at (0,0) size 18x17
                  RenderText {#text} at (0,0) size 18x17
                    text run at (0,0) width 17: "\x{753B}"
          RenderText {#text} at (576,469) size 46x486
            text run at (576,469) width 17: "\x{3068}"
            text run at (604,0) width 33: "\x{3057}\x{3066}"
          RenderRuby (inline) {RUBY} at (0,0) size 18x18
            RenderRubyRun (anonymous) at (604,32) size 18x17
              RenderRubyText {RT} at (-10,0) size 10x17
                RenderText {#text} at (0,3) size 10x10
                  text run at (0,3) width 10: "\x{307F}"
              RenderRubyBase (anonymous) at (0,0) size 18x17
                RenderInline {RB} at (0,0) size 18x17
                  RenderText {#text} at (0,0) size 18x17
                    text run at (0,0) width 17: "\x{89B3}"
          RenderText {#text} at (604,49) size 18x33
            text run at (604,49) width 33: "\x{3001}\x{4E00}"
          RenderRuby (inline) {RUBY} at (0,0) size 18x18
            RenderRubyRun (anonymous) at (604,80) size 18x19
              RenderRubyText {RT} at (-10,0) size 10x19
                RenderText {#text} at (0,0) size 10x19
                  text run at (0,0) width 19: "\x{304B}\x{3093}"
              RenderRubyBase (anonymous) at (0,0) size 18x19
                RenderInline {RB} at (0,0) size 18x17
                  RenderText {#text} at (0,1) size 18x17
                    text run at (0,1) width 17: "\x{5DFB}"
          RenderText {#text} at (604,98) size 18x210
            text run at (604,98) width 210: "\x{306E}\x{8A69}\x{3068}\x{3057}\x{3066}\x{8AAD}\x{3080}\x{304B}\x{3089}\x{3067}\x{3042}\x{308B}\x{3002}"
          RenderRuby (inline) {RUBY} at (0,0) size 18x18
            RenderRubyRun (anonymous) at (604,308) size 18x17
              RenderRubyText {RT} at (-10,0) size 10x17
                RenderText {#text} at (0,3) size 10x10
                  text run at (0,3) width 10: "\x{304C}"
              RenderRubyBase (anonymous) at (0,0) size 18x17
                RenderInline {RB} at (0,0) size 18x17
                  RenderText {#text} at (0,0) size 18x17
                    text run at (0,0) width 17: "\x{753B}"
          RenderText {#text} at (604,324) size 18x163
            text run at (604,324) width 162: "\x{3067}\x{3042}\x{308A}\x{8A69}\x{3067}\x{3042}\x{308B}\x{4EE5}\x{4E0A}\x{306F}"
          RenderRuby (inline) {RUBY} at (0,0) size 18x33
            RenderRubyRun (anonymous) at (632,0) size 18x33
              RenderRubyText {RT} at (-10,0) size 10x33
                RenderText {#text} at (0,2) size 10x28
                  text run at (0,2) width 28: "\x{3058}\x{3081}\x{3093}"
              RenderRubyBase (anonymous) at (0,0) size 18x33
                RenderInline {RB} at (0,0) size 18x33
                  RenderText {#text} at (0,0) size 18x33
                    text run at (0,0) width 33: "\x{5730}\x{9762}"
          RenderText {#text} at (632,33) size 18x371
            text run at (632,33) width 371: "\x{3092}\x{8CB0}\x{3063}\x{3066}\x{3001}\x{958B}\x{62D3}\x{3059}\x{308B}\x{6C17}\x{306B}\x{3082}\x{306A}\x{3089}\x{306D}\x{3070}\x{3001}\x{9244}\x{9053}\x{3092}\x{304B}\x{3051}\x{3066}"
          RenderRuby (inline) {RUBY} at (0,0) size 18x34
            RenderRubyRun (anonymous) at (632,402) size 18x37
              RenderRubyText {RT} at (-10,0) size 10x37
                RenderText {#text} at (0,0) size 10x37
                  text run at (0,0) width 37: "\x{3072}\x{3068}\x{3082}\x{3046}"
              RenderRubyBase (anonymous) at (0,0) size 18x37
                RenderInline {RB} at (0,0) size 18x33
                  RenderText {#text} at (0,2) size 18x33
                    text run at (0,2) width 33: "\x{4E00}\x{5132}"
          RenderText {#text} at (632,436) size 18x49
            text run at (632,436) width 49: "\x{3051}\x{3059}\x{308B}"
          RenderRuby (inline) {RUBY} at (0,0) size 18x42
            RenderRubyRun (anonymous) at (660,0) size 18x46
              RenderRubyText {RT} at (-10,0) size 10x46
                RenderText {#text} at (0,0) size 10x46
                  text run at (0,0) width 46: "\x{308A}\x{3087}\x{3046}\x{3051}\x{3093}"
              RenderRubyBase (anonymous) at (0,0) size 18x46
                RenderInline {RB} at (0,0) size 18x33
                  RenderText {#text} at (0,6) size 18x33
                    text run at (0,6) width 33: "\x{4E86}\x{898B}"
          RenderText {#text} at (660,42) size 18x258
            text run at (660,42) width 258: "\x{3082}\x{8D77}\x{3089}\x{306C}\x{3002}\x{305F}\x{3060}\x{3053}\x{306E}\x{666F}\x{8272}\x{304C}\x{2015}\x{2015}\x{8179}\x{306E}"
          RenderRuby (inline) {RUBY} at (0,0) size 18x18
            RenderRubyRun (anonymous) at (660,300) size 18x17
              RenderRubyText {RT} at (-10,0) size 10x17
                RenderText {#text} at (0,3) size 10x10
                  text run at (0,3) width 10: "\x{305F}"
              RenderRubyBase (anonymous) at (0,0) size 18x17
                RenderInline {RB} at (0,0) size 18x17
                  RenderText {#text} at (0,0) size 18x17
                    text run at (0,0) width 17: "\x{8DB3}"
          RenderText {#text} at (660,316) size 64x484
            text run at (660,316) width 162: "\x{3057}\x{306B}\x{3082}\x{306A}\x{3089}\x{306C}\x{3001}\x{6708}\x{7D66}\x{306E}"
            text run at (678,0) width 484: "\x{88DC}\x{3044}\x{306B}\x{3082}\x{306A}\x{3089}\x{306C}\x{3053}\x{306E}\x{666F}\x{8272}\x{304C}\x{666F}\x{8272}\x{3068}\x{3057}\x{3066}\x{306E}\x{307F}\x{3001}\x{4F59}\x{304C}\x{5FC3}\x{3092}\x{697D}\x{307E}\x{305B}\x{3064}\x{3064}\x{3042}"
            text run at (706,0) width 146: "\x{308B}\x{304B}\x{3089}\x{82E6}\x{52B4}\x{3082}\x{5FC3}\x{914D}\x{3082}"
          RenderRuby (inline) {RUBY} at (0,0) size 18x21
            RenderRubyRun (anonymous) at (706,141) size 18x28
              RenderRubyText {RT} at (-10,0) size 10x28
                RenderText {#text} at (0,0) size 10x28
                  text run at (0,0) width 28: "\x{3068}\x{3082}\x{306A}"
              RenderRubyBase (anonymous) at (0,0) size 18x28
                RenderInline {RB} at (0,0) size 18x17
                  RenderText {#text} at (0,5) size 18x17
                    text run at (0,5) width 17: "\x{4F34}"
          RenderText {#text} at (706,165) size 18x291
            text run at (706,165) width 291: "\x{308F}\x{306C}\x{306E}\x{3060}\x{308D}\x{3046}\x{3002}\x{81EA}\x{7136}\x{306E}\x{529B}\x{306F}\x{3053}\x{3053}\x{306B}\x{304A}\x{3044}\x{3066}"
          RenderRuby (inline) {RUBY} at (0,0) size 18x18
            RenderRubyRun (anonymous) at (706,454) size 18x19
              RenderRubyText {RT} at (-10,0) size 10x19
                RenderText {#text} at (0,0) size 10x19
                  text run at (0,0) width 19: "\x{305F}\x{3063}"
              RenderRubyBase (anonymous) at (0,0) size 18x19
                RenderInline {RB} at (0,0) size 18x17
                  RenderText {#text} at (0,1) size 18x17
                    text run at (0,1) width 17: "\x{5C0A}"
          RenderText {#text} at (706,472) size 46x489
            text run at (706,472) width 17: "\x{3068}"
            text run at (734,0) width 178: "\x{3044}\x{3002}\x{543E}\x{4EBA}\x{306E}\x{6027}\x{60C5}\x{3092}\x{77AC}\x{523B}\x{306B}"
          RenderRuby (inline) {RUBY} at (0,0) size 18x34
            RenderRubyRun (anonymous) at (734,177) size 18x33
              RenderRubyText {RT} at (-10,0) size 10x33
                RenderText {#text} at (0,2) size 10x28
                  text run at (0,2) width 28: "\x{3068}\x{3046}\x{3084}"
              RenderRubyBase (anonymous) at (0,0) size 18x33
                RenderInline {RB} at (0,0) size 18x33
                  RenderText {#text} at (0,0) size 18x33
                    text run at (0,0) width 33: "\x{9676}\x{51B6}"
          RenderText {#text} at (734,210) size 18x33
            text run at (734,210) width 33: "\x{3057}\x{3066}"
          RenderRuby (inline) {RUBY} at (0,0) size 18x34
            RenderRubyRun (anonymous) at (734,240) size 18x37
              RenderRubyText {RT} at (-10,0) size 10x37
                RenderText {#text} at (0,0) size 10x37
                  text run at (0,0) width 37: "\x{3058}\x{3085}\x{3093}\x{3053}"
              RenderRubyBase (anonymous) at (0,0) size 18x37
                RenderInline {RB} at (0,0) size 18x33
                  RenderText {#text} at (0,2) size 18x33
                    text run at (0,2) width 33: "\x{9187}\x{4E4E}"
          RenderText {#text} at (734,275) size 36x485
            text run at (734,275) width 210: "\x{3068}\x{3057}\x{3066}\x{9187}\x{306A}\x{308B}\x{8A69}\x{5883}\x{306B}\x{5165}\x{3089}\x{3057}\x{3080}"
            text run at (752,0) width 146: "\x{308B}\x{306E}\x{306F}\x{81EA}\x{7136}\x{3067}\x{3042}\x{308B}\x{3002}"
          RenderBR {BR} at (752,145) size 18x1
          RenderText {#text} at (770,0) size 46x484
            text run at (770,0) width 484: "\x{3000}\x{604B}\x{306F}\x{3046}\x{3064}\x{304F}\x{3057}\x{304B}\x{308D}\x{3001}\x{5B5D}\x{3082}\x{3046}\x{3064}\x{304F}\x{3057}\x{304B}\x{308D}\x{3001}\x{5FE0}\x{541B}\x{611B}\x{56FD}\x{3082}\x{7D50}\x{69CB}\x{3060}\x{308D}\x{3046}\x{3002}"
            text run at (798,0) width 129: "\x{3057}\x{304B}\x{3057}\x{81EA}\x{8EAB}\x{304C}\x{305D}\x{306E}"
          RenderRuby (inline) {RUBY} at (0,0) size 18x21
            RenderRubyRun (anonymous) at (798,125) size 18x28
              RenderRubyText {RT} at (-10,0) size 10x28
                RenderText {#text} at (0,0) size 10x28
                  text run at (0,0) width 28: "\x{304D}\x{3087}\x{304F}"
              RenderRubyBase (anonymous) at (0,0) size 18x28
                RenderInline {RB} at (0,0) size 18x17
                  RenderText {#text} at (0,5) size 18x17
                    text run at (0,5) width 17: "\x{5C40}"
          RenderText {#text} at (798,148) size 18x114
            text run at (798,148) width 113: "\x{306B}\x{5F53}\x{308C}\x{3070}\x{5229}\x{5BB3}\x{306E}"
          RenderRuby (inline) {RUBY} at (0,0) size 18x34
            RenderRubyRun (anonymous) at (798,262) size 18x33
              RenderRubyText {RT} at (-10,0) size 10x33
                RenderText {#text} at (0,2) size 10x28
                  text run at (0,2) width 28: "\x{3064}\x{3080}\x{3058}"
              RenderRubyBase (anonymous) at (0,0) size 18x33
                RenderInline {RB} at (0,0) size 18x33
                  RenderText {#text} at (0,0) size 18x33
                    text run at (0,0) width 33: "\x{65CB}\x{98A8}"
          RenderText {#text} at (798,294) size 18x17
            text run at (798,294) width 17: "\x{306B}"
          RenderRuby (inline) {RUBY} at (0,0) size 18x18
            RenderRubyRun (anonymous) at (798,311) size 18x17
              RenderRubyText {RT} at (-10,0) size 10x17
                RenderText {#text} at (0,3) size 10x10
                  text run at (0,3) width 10: "\x{307E}"
              RenderRubyBase (anonymous) at (0,0) size 18x17
                RenderInline {RB} at (0,0) size 18x17
                  RenderText {#text} at (0,0) size 18x17
                    text run at (0,0) width 17: "\x{6372}"
          RenderText {#text} at (798,327) size 46x489
            text run at (798,327) width 162: "\x{304D}\x{8FBC}\x{307E}\x{308C}\x{3066}\x{3001}\x{3046}\x{3064}\x{304F}\x{3057}"
            text run at (826,0) width 226: "\x{304D}\x{4E8B}\x{306B}\x{3082}\x{3001}\x{7D50}\x{69CB}\x{306A}\x{4E8B}\x{306B}\x{3082}\x{3001}\x{76EE}\x{306F}"
          RenderRuby (inline) {RUBY} at (0,0) size 18x18
            RenderRubyRun (anonymous) at (826,225) size 18x19
              RenderRubyText {RT} at (-10,0) size 10x19
                RenderText {#text} at (0,0) size 10x19
                  text run at (0,0) width 19: "\x{304F}\x{3089}"
              RenderRubyBase (anonymous) at (0,0) size 18x19
                RenderInline {RB} at (0,0) size 18x17
                  RenderText {#text} at (0,1) size 18x17
                    text run at (0,1) width 17: "\x{7729}"
          RenderText {#text} at (826,242) size 46x485
            text run at (826,242) width 242: "\x{3093}\x{3067}\x{3057}\x{307E}\x{3046}\x{3002}\x{3057}\x{305F}\x{304C}\x{3063}\x{3066}\x{3069}\x{3053}\x{306B}\x{8A69}"
            text run at (854,0) width 129: "\x{304C}\x{3042}\x{308B}\x{304B}\x{81EA}\x{8EAB}\x{306B}\x{306F}"
          RenderRuby (inline) {RUBY} at (0,0) size 18x18
            RenderRubyRun (anonymous) at (854,129) size 18x17
              RenderRubyText {RT} at (-10,0) size 10x17
                RenderText {#text} at (0,3) size 10x10
                  text run at (0,3) width 10: "\x{3052}"
              RenderRubyBase (anonymous) at (0,0) size 18x17
                RenderInline {RB} at (0,0) size 18x17
                  RenderText {#text} at (0,0) size 18x17
                    text run at (0,0) width 17: "\x{89E3}"
          RenderText {#text} at (854,145) size 18x82
            text run at (854,145) width 81: "\x{3057}\x{304B}\x{306D}\x{308B}\x{3002}"
          RenderBR {BR} at (854,226) size 18x1
          RenderText {#text} at (872,0) size 46x484
            text run at (872,0) width 484: "\x{3000}\x{3053}\x{308C}\x{304C}\x{308F}\x{304B}\x{308B}\x{305F}\x{3081}\x{306B}\x{306F}\x{3001}\x{308F}\x{304B}\x{308B}\x{3060}\x{3051}\x{306E}\x{4F59}\x{88D5}\x{306E}\x{3042}\x{308B}\x{7B2C}\x{4E09}\x{8005}\x{306E}\x{5730}\x{4F4D}\x{306B}"
            text run at (900,0) width 355: "\x{7ACB}\x{305F}\x{306D}\x{3070}\x{306A}\x{3089}\x{306C}\x{3002}\x{4E09}\x{8005}\x{306E}\x{5730}\x{4F4D}\x{306B}\x{7ACB}\x{3066}\x{3070}\x{3053}\x{305D}\x{829D}\x{5C45}\x{306F}"
          RenderRuby (inline) {RUBY} at (0,0) size 18x18
            RenderRubyRun (anonymous) at (900,354) size 18x17
              RenderRubyText {RT} at (-10,0) size 10x17
                RenderText {#text} at (0,3) size 10x10
                  text run at (0,3) width 10: "\x{307F}"
              RenderRubyBase (anonymous) at (0,0) size 18x17
                RenderInline {RB} at (0,0) size 18x17
                  RenderText {#text} at (0,0) size 18x17
                    text run at (0,0) width 17: "\x{89B3}"
          RenderText {#text} at (900,371) size 64x485
            text run at (900,371) width 113: "\x{3066}\x{9762}\x{767D}\x{3044}\x{3002}\x{5C0F}\x{8AAC}"
            text run at (918,0) width 484: "\x{3082}\x{898B}\x{3066}\x{9762}\x{767D}\x{3044}\x{3002}\x{829D}\x{5C45}\x{3092}\x{898B}\x{3066}\x{9762}\x{767D}\x{3044}\x{4EBA}\x{3082}\x{3001}\x{5C0F}\x{8AAC}\x{3092}\x{8AAD}\x{3093}\x{3067}\x{9762}\x{767D}\x{3044}\x{4EBA}\x{3082}\x{3001}"
            text run at (946,0) width 97: "\x{81EA}\x{5DF1}\x{306E}\x{5229}\x{5BB3}\x{306F}"
          RenderRuby (inline) {RUBY} at (0,0) size 18x18
            RenderRubyRun (anonymous) at (946,96) size 18x19
              RenderRubyText {RT} at (-10,0) size 10x19
                RenderText {#text} at (0,0) size 10x19
                  text run at (0,0) width 19: "\x{305F}\x{306A}"
              RenderRubyBase (anonymous) at (0,0) size 18x19
                RenderInline {RB} at (0,0) size 18x17
                  RenderText {#text} at (0,1) size 18x17
                    text run at (0,1) width 17: "\x{68DA}"
          RenderText {#text} at (946,113) size 36x485
            text run at (946,113) width 371: "\x{3078}\x{4E0A}\x{3052}\x{3066}\x{3044}\x{308B}\x{3002}\x{898B}\x{305F}\x{308A}\x{8AAD}\x{3093}\x{3060}\x{308A}\x{3059}\x{308B}\x{9593}\x{3060}\x{3051}\x{306F}\x{8A69}\x{4EBA}\x{3067}"
            text run at (964,0) width 49: "\x{3042}\x{308B}\x{3002}"
          RenderBR {BR} at (964,48) size 18x1
          RenderText {#text} at (992,0) size 18x307
            text run at (992,0) width 307: "\x{3000}\x{305D}\x{308C}\x{3059}\x{3089}\x{3001}\x{666E}\x{901A}\x{306E}\x{829D}\x{5C45}\x{3084}\x{5C0F}\x{8AAC}\x{3067}\x{306F}\x{4EBA}\x{60C5}\x{3092}"
          RenderRuby (inline) {RUBY} at (0,0) size 18x18
            RenderRubyRun (anonymous) at (992,305) size 18x19
              RenderRubyText {RT} at (-10,0) size 10x19
                RenderText {#text} at (0,0) size 10x19
                  text run at (0,0) width 19: "\x{307E}\x{306C}"
              RenderRubyBase (anonymous) at (0,0) size 18x19
                RenderInline {RB} at (0,0) size 18x17
                  RenderText {#text} at (0,1) size 18x17
                    text run at (0,1) width 17: "\x{514D}"
          RenderText {#text} at (992,323) size 64x485
            text run at (992,323) width 162: "\x{304B}\x{308C}\x{306C}\x{3002}\x{82E6}\x{3057}\x{3093}\x{3060}\x{308A}\x{3001}"
            text run at (1010,0) width 484: "\x{6012}\x{3063}\x{305F}\x{308A}\x{3001}\x{9A12}\x{3044}\x{3060}\x{308A}\x{3001}\x{6CE3}\x{3044}\x{305F}\x{308A}\x{3059}\x{308B}\x{3002}\x{898B}\x{308B}\x{3082}\x{306E}\x{3082}\x{3044}\x{3064}\x{304B}\x{305D}\x{306E}\x{4E2D}\x{306B}\x{540C}"
            text run at (1038,0) width 419: "\x{5316}\x{3057}\x{3066}\x{82E6}\x{3057}\x{3093}\x{3060}\x{308A}\x{3001}\x{6012}\x{3063}\x{305F}\x{308A}\x{3001}\x{9A12}\x{3044}\x{3060}\x{308A}\x{3001}\x{6CE3}\x{3044}\x{305F}\x{308A}\x{3059}\x{308B}\x{3002}"
          RenderRuby (inline) {RUBY} at (0,0) size 18x34
            RenderRubyRun (anonymous) at (1038,419) size 18x33
              RenderRubyText {RT} at (-10,0) size 10x33
                RenderText {#text} at (0,2) size 10x28
                  text run at (0,2) width 28: "\x{3068}\x{308A}\x{3048}"
              RenderRubyBase (anonymous) at (0,0) size 18x33
                RenderInline {RB} at (0,0) size 18x33
                  RenderText {#text} at (0,0) size 18x33
                    text run at (0,0) width 33: "\x{53D6}\x{67C4}"
          RenderText {#text} at (1038,451) size 46x485
            text run at (1038,451) width 33: "\x{306F}\x{5229}"
            text run at (1066,0) width 33: "\x{617E}\x{304C}"
          RenderRuby (inline) {RUBY} at (0,0) size 18x18
            RenderRubyRun (anonymous) at (1066,31) size 18x19
              RenderRubyText {RT} at (-10,0) size 10x19
                RenderText {#text} at (0,0) size 10x19
                  text run at (0,0) width 19: "\x{307E}\x{3058}"
              RenderRubyBase (anonymous) at (0,0) size 18x19
                RenderInline {RB} at (0,0) size 18x17
                  RenderText {#text} at (0,1) size 18x17
                    text run at (0,1) width 17: "\x{4EA4}"
          RenderText {#text} at (1066,49) size 18x114
            text run at (1066,49) width 113: "\x{3089}\x{306C}\x{3068}\x{4E91}\x{3046}\x{70B9}\x{306B}"
          RenderRuby (inline) {RUBY} at (0,0) size 18x18
            RenderRubyRun (anonymous) at (1066,161) size 18x19
              RenderRubyText {RT} at (-10,0) size 10x19
                RenderText {#text} at (0,0) size 10x19
                  text run at (0,0) width 19: "\x{305D}\x{3093}"
              RenderRubyBase (anonymous) at (0,0) size 18x19
                RenderInline {RB} at (0,0) size 18x17
                  RenderText {#text} at (0,1) size 18x17
                    text run at (0,1) width 17: "\x{5B58}"
          RenderText {#text} at (1066,179) size 18x307
            text run at (1066,179) width 307: "\x{3059}\x{308B}\x{304B}\x{3082}\x{77E5}\x{308C}\x{306C}\x{304C}\x{3001}\x{4EA4}\x{3089}\x{306C}\x{3060}\x{3051}\x{306B}\x{305D}\x{306E}\x{4ED6}\x{306E}"
          RenderRuby (inline) {RUBY} at (0,0) size 18x42
            RenderRubyRun (anonymous) at (1094,0) size 18x46
              RenderRubyText {RT} at (-10,0) size 10x46
                RenderText {#text} at (0,0) size 10x46
                  text run at (0,0) width 46: "\x{3058}\x{3087}\x{3046}\x{3057}\x{3087}"
              RenderRubyBase (anonymous) at (0,0) size 18x46
                RenderInline {RB} at (0,0) size 18x33
                  RenderText {#text} at (0,6) size 18x33
                    text run at (0,6) width 33: "\x{60C5}\x{7DD2}"
          RenderText {#text} at (1094,42) size 18x307
            text run at (1094,42) width 307: "\x{306F}\x{5E38}\x{3088}\x{308A}\x{306F}\x{4F59}\x{8A08}\x{306B}\x{6D3B}\x{52D5}\x{3059}\x{308B}\x{3060}\x{308D}\x{3046}\x{3002}\x{305D}\x{308C}\x{304C}"
          RenderRuby (inline) {RUBY} at (0,0) size 18x18
            RenderRubyRun (anonymous) at (1094,347) size 18x19
              RenderRubyText {RT} at (-10,0) size 10x19
                RenderText {#text} at (0,0) size 10x19
                  text run at (0,0) width 19: "\x{3044}\x{3084}"
              RenderRubyBase (anonymous) at (0,0) size 18x19
                RenderInline {RB} at (0,0) size 18x17
                  RenderText {#text} at (0,1) size 18x17
                    text run at (0,1) width 17: "\x{5ACC}"
          RenderText {#text} at (1094,365) size 18x33
            text run at (1094,365) width 33: "\x{3060}\x{3002}"
          RenderBR {BR} at (1094,397) size 18x1
          RenderText {#text} at (1112,0) size 46x484
            text run at (1112,0) width 484: "\x{3000}\x{82E6}\x{3057}\x{3093}\x{3060}\x{308A}\x{3001}\x{6012}\x{3063}\x{305F}\x{308A}\x{3001}\x{9A12}\x{3044}\x{3060}\x{308A}\x{3001}\x{6CE3}\x{3044}\x{305F}\x{308A}\x{306F}\x{4EBA}\x{306E}\x{4E16}\x{306B}\x{3064}\x{304D}\x{3082}\x{306E}"
            text run at (1140,0) width 194: "\x{3060}\x{3002}\x{4F59}\x{3082}\x{4E09}\x{5341}\x{5E74}\x{306E}\x{9593}\x{305D}\x{308C}\x{3092}"
          RenderRuby (inline) {RUBY} at (0,0) size 18x34
            RenderRubyRun (anonymous) at (1140,193) size 18x33
              RenderRubyText {RT} at (-10,0) size 10x33
                RenderText {#text} at (0,2) size 10x28
                  text run at (0,2) width 28: "\x{3057}\x{3068}\x{304A}"
              RenderRubyBase (anonymous) at (0,0) size 18x33
                RenderInline {RB} at (0,0) size 18x33
                  RenderText {#text} at (0,0) size 18x33
                    text run at (0,0) width 33: "\x{4ED5}\x{901A}"
          RenderText {#text} at (1140,226) size 18x49
            text run at (1140,226) width 49: "\x{3057}\x{3066}\x{3001}"
          RenderRuby (inline) {RUBY} at (0,0) size 18x34
            RenderRubyRun (anonymous) at (1140,273) size 18x37
              RenderRubyText {RT} at (-10,0) size 10x37
                RenderText {#text} at (0,0) size 10x37
                  text run at (0,0) width 37: "\x{3042}\x{304D}\x{3042}\x{304D}"
              RenderRubyBase (anonymous) at (0,0) size 18x37
                RenderInline {RB} at (0,0) size 18x33
                  RenderText {#text} at (0,2) size 18x33
                    text run at (0,2) width 33: "\x{98FD}\x{3005}"
          RenderText {#text} at (1140,307) size 18x50
            text run at (1140,307) width 49: "\x{3057}\x{305F}\x{3002}"
          RenderRuby (inline) {RUBY} at (0,0) size 18x18
            RenderRubyRun (anonymous) at (1140,356) size 18x17
              RenderRubyText {RT} at (-10,0) size 10x17
                RenderText {#text} at (0,3) size 10x10
                  text run at (0,3) width 10: "\x{3042}"
              RenderRubyBase (anonymous) at (0,0) size 18x17
                RenderInline {RB} at (0,0) size 18x17
                  RenderText {#text} at (0,0) size 18x17
                    text run at (0,0) width 17: "\x{98FD}"
          RenderText {#text} at (1140,373) size 64x486
            text run at (1140,373) width 113: "\x{304D}\x{98FD}\x{304D}\x{3057}\x{305F}\x{4E0A}\x{306B}"
            text run at (1158,0) width 484: "\x{829D}\x{5C45}\x{3084}\x{5C0F}\x{8AAC}\x{3067}\x{540C}\x{3058}\x{523A}\x{6FC0}\x{3092}\x{7E70}\x{308A}\x{8FD4}\x{3057}\x{3066}\x{306F}\x{5927}\x{5909}\x{3060}\x{3002}\x{4F59}\x{304C}\x{6B32}\x{3059}\x{308B}\x{8A69}\x{306F}\x{305D}\x{3093}"
            text run at (1186,0) width 129: "\x{306A}\x{4E16}\x{9593}\x{7684}\x{306E}\x{4EBA}\x{60C5}\x{3092}"
          RenderRuby (inline) {RUBY} at (0,0) size 18x34
            RenderRubyRun (anonymous) at (1186,129) size 18x33
              RenderRubyText {RT} at (-10,0) size 10x33
                RenderText {#text} at (0,7) size 10x19
                  text run at (0,7) width 19: "\x{3053}\x{3076}"
              RenderRubyBase (anonymous) at (0,0) size 18x33
                RenderInline {RB} at (0,0) size 18x33
                  RenderText {#text} at (0,0) size 18x33
                    text run at (0,0) width 33: "\x{9F13}\x{821E}"
          RenderText {#text} at (1186,161) size 46x485
            text run at (1186,161) width 323: "\x{3059}\x{308B}\x{3088}\x{3046}\x{306A}\x{3082}\x{306E}\x{3067}\x{306F}\x{306A}\x{3044}\x{3002}\x{4FD7}\x{5FF5}\x{3092}\x{653E}\x{68C4}\x{3057}\x{3066}\x{3001}"
            text run at (1214,0) width 97: "\x{3057}\x{3070}\x{3089}\x{304F}\x{3067}\x{3082}"
          RenderRuby (inline) {RUBY} at (0,0) size 18x34
            RenderRubyRun (anonymous) at (1214,95) size 18x37
              RenderRubyText {RT} at (-10,0) size 10x37
                RenderText {#text} at (0,0) size 10x37
                  text run at (0,0) width 37: "\x{3058}\x{3093}\x{304B}\x{3044}"
              RenderRubyBase (anonymous) at (0,0) size 18x37
                RenderInline {RB} at (0,0) size 18x33
                  RenderText {#text} at (0,2) size 18x33
                    text run at (0,2) width 33: "\x{5875}\x{754C}"
          RenderText {#text} at (1214,129) size 82x485
            text run at (1214,129) width 355: "\x{3092}\x{96E2}\x{308C}\x{305F}\x{5FC3}\x{6301}\x{3061}\x{306B}\x{306A}\x{308C}\x{308B}\x{8A69}\x{3067}\x{3042}\x{308B}\x{3002}\x{3044}\x{304F}\x{3089}\x{5091}\x{4F5C}\x{3067}"
            text run at (1232,0) width 484: "\x{3082}\x{4EBA}\x{60C5}\x{3092}\x{96E2}\x{308C}\x{305F}\x{829D}\x{5C45}\x{306F}\x{306A}\x{3044}\x{3001}\x{7406}\x{975E}\x{3092}\x{7D76}\x{3057}\x{305F}\x{5C0F}\x{8AAC}\x{306F}\x{5C11}\x{304B}\x{308D}\x{3046}\x{3002}\x{3069}\x{3053}\x{307E}"
            text run at (1250,0) width 484: "\x{3067}\x{3082}\x{4E16}\x{9593}\x{3092}\x{51FA}\x{308B}\x{4E8B}\x{304C}\x{51FA}\x{6765}\x{306C}\x{306E}\x{304C}\x{5F7C}\x{3089}\x{306E}\x{7279}\x{8272}\x{3067}\x{3042}\x{308B}\x{3002}\x{3053}\x{3068}\x{306B}\x{897F}\x{6D0B}\x{306E}\x{8A69}"
            text run at (1278,0) width 307: "\x{306B}\x{306A}\x{308B}\x{3068}\x{3001}\x{4EBA}\x{4E8B}\x{304C}\x{6839}\x{672C}\x{306B}\x{306A}\x{308B}\x{304B}\x{3089}\x{3044}\x{308F}\x{3086}\x{308B}"
          RenderRuby (inline) {RUBY} at (0,0) size 18x34
            RenderRubyRun (anonymous) at (1278,306) size 18x33
              RenderRubyText {RT} at (-10,0) size 10x33
                RenderText {#text} at (0,2) size 10x28
                  text run at (0,2) width 28: "\x{3057}\x{3044}\x{304B}"
              RenderRubyBase (anonymous) at (0,0) size 18x33
                RenderInline {RB} at (0,0) size 18x33
                  RenderText {#text} at (0,0) size 18x33
                    text run at (0,0) width 33: "\x{8A69}\x{6B4C}"
          RenderText {#text} at (1278,339) size 46x485
            text run at (1278,339) width 146: "\x{306E}\x{7D14}\x{7C8B}\x{306A}\x{308B}\x{3082}\x{306E}\x{3082}\x{3053}"
            text run at (1306,0) width 17: "\x{306E}"
          RenderRuby (inline) {RUBY} at (0,0) size 18x21
            RenderRubyRun (anonymous) at (1306,12) size 18x28
              RenderRubyText {RT} at (-10,0) size 10x28
                RenderText {#text} at (0,0) size 10x28
                  text run at (0,0) width 28: "\x{304D}\x{3087}\x{3046}"
              RenderRubyBase (anonymous) at (0,0) size 18x28
                RenderInline {RB} at (0,0) size 18x17
                  RenderText {#text} at (0,5) size 18x17
                    text run at (0,5) width 17: "\x{5883}"
          RenderText {#text} at (1306,36) size 18x17
            text run at (1306,36) width 17: "\x{3092}"
          RenderRuby (inline) {RUBY} at (0,0) size 18x34
            RenderRubyRun (anonymous) at (1306,52) size 18x33
              RenderRubyText {RT} at (-10,0) size 10x33
                RenderText {#text} at (0,2) size 10x28
                  text run at (0,2) width 28: "\x{3052}\x{3060}\x{3064}"
              RenderRubyBase (anonymous) at (0,0) size 18x33
                RenderInline {RB} at (0,0) size 18x33
                  RenderText {#text} at (0,0) size 18x33
                    text run at (0,0) width 33: "\x{89E3}\x{8131}"
          RenderText {#text} at (1306,85) size 46x489
            text run at (1306,85) width 403: "\x{3059}\x{308B}\x{4E8B}\x{3092}\x{77E5}\x{3089}\x{306C}\x{3002}\x{3069}\x{3053}\x{307E}\x{3067}\x{3082}\x{540C}\x{60C5}\x{3060}\x{3068}\x{304B}\x{3001}\x{611B}\x{3060}\x{3068}\x{304B}\x{3001}\x{6B63}"
            text run at (1334,0) width 178: "\x{7FA9}\x{3060}\x{3068}\x{304B}\x{3001}\x{81EA}\x{7531}\x{3060}\x{3068}\x{304B}\x{3001}"
          RenderRuby (inline) {RUBY} at (0,0) size 18x34
            RenderRubyRun (anonymous) at (1334,177) size 18x33
              RenderRubyText {RT} at (-10,0) size 10x33
                RenderText {#text} at (0,2) size 10x28
                  text run at (0,2) width 28: "\x{3046}\x{304D}\x{3088}"
              RenderRubyBase (anonymous) at (0,0) size 18x33
                RenderInline {RB} at (0,0) size 18x33
                  RenderText {#text} at (0,0) size 18x33
                    text run at (0,0) width 33: "\x{6D6E}\x{4E16}"
          RenderText {#text} at (1334,210) size 18x17
            text run at (1334,210) width 17: "\x{306E}"
          RenderRuby (inline) {RUBY} at (0,0) size 18x50
            RenderRubyRun (anonymous) at (1334,226) size 18x49
              RenderRubyText {RT} at (-10,0) size 10x49
                RenderText {#text} at (0,1) size 10x46
                  text run at (0,1) width 46: "\x{304B}\x{3093}\x{3053}\x{3046}\x{3070}"
              RenderRubyBase (anonymous) at (0,0) size 18x49
                RenderInline {RB} at (0,0) size 18x49
                  RenderText {#text} at (0,0) size 18x49
                    text run at (0,0) width 49: "\x{52E7}\x{5DE5}\x{5834}"
          RenderText {#text} at (1334,275) size 18x162
            text run at (1334,275) width 162: "\x{306B}\x{3042}\x{308B}\x{3082}\x{306E}\x{3060}\x{3051}\x{3067}\x{7528}\x{3092}"
          RenderRuby (inline) {RUBY} at (0,0) size 18x18
            RenderRubyRun (anonymous) at (1334,435) size 18x19
              RenderRubyText {RT} at (-10,0) size 10x19
                RenderText {#text} at (0,0) size 10x19
                  text run at (0,0) width 19: "\x{3079}\x{3093}"
              RenderRubyBase (anonymous) at (0,0) size 18x19
                RenderInline {RB} at (0,0) size 18x17
                  RenderText {#text} at (0,1) size 18x17
                    text run at (0,1) width 17: "\x{5F01}"
          RenderText {#text} at (1334,453) size 46x486
            text run at (1334,453) width 33: "\x{3058}\x{3066}"
            text run at (1362,0) width 291: "\x{3044}\x{308B}\x{3002}\x{3044}\x{304F}\x{3089}\x{8A69}\x{7684}\x{306B}\x{306A}\x{3063}\x{3066}\x{3082}\x{5730}\x{9762}\x{306E}\x{4E0A}\x{3092}"
          RenderRuby (inline) {RUBY} at (0,0) size 18x18
            RenderRubyRun (anonymous) at (1362,290) size 18x17
              RenderRubyText {RT} at (-10,0) size 10x17
                RenderText {#text} at (0,3) size 10x10
                  text run at (0,3) width 10: "\x{304B}"
              RenderRubyBase (anonymous) at (0,0) size 18x17
                RenderInline {RB} at (0,0) size 18x17
                  RenderText {#text} at (0,0) size 18x17
                    text run at (0,0) width 17: "\x{99B3}"
          RenderText {#text} at (1362,307) size 18x113
            text run at (1362,307) width 113: "\x{3051}\x{3066}\x{3042}\x{308B}\x{3044}\x{3066}\x{3001}"
          RenderRuby (inline) {RUBY} at (0,0) size 18x18
            RenderRubyRun (anonymous) at (1362,419) size 18x19
              RenderRubyText {RT} at (-10,0) size 10x19
                RenderText {#text} at (0,0) size 10x19
                  text run at (0,0) width 19: "\x{305C}\x{306B}"
              RenderRubyBase (anonymous) at (0,0) size 18x19
                RenderInline {RB} at (0,0) size 18x17
                  RenderText {#text} at (0,1) size 18x17
                    text run at (0,1) width 17: "\x{92AD}"
          RenderText {#text} at (1362,436) size 46x486
            text run at (1362,436) width 49: "\x{306E}\x{52D8}\x{5B9A}"
            text run at (1390,0) width 242: "\x{3092}\x{5FD8}\x{308C}\x{308B}\x{3072}\x{307E}\x{304C}\x{306A}\x{3044}\x{3002}\x{30B7}\x{30A7}\x{30EC}\x{30FC}\x{304C}"
          RenderRuby (inline) {RUBY} at (0,0) size 18x34
            RenderRubyRun (anonymous) at (1390,242) size 18x33
              RenderRubyText {RT} at (-10,0) size 10x33
                RenderText {#text} at (0,2) size 10x28
                  text run at (0,2) width 28: "\x{3072}\x{3070}\x{308A}"
              RenderRubyBase (anonymous) at (0,0) size 18x33
                RenderInline {RB} at (0,0) size 18x33
                  RenderText {#text} at (0,0) size 18x33
                    text run at (0,0) width 33: "\x{96F2}\x{96C0}"
          RenderText {#text} at (1390,274) size 36x485
            text run at (1390,274) width 210: "\x{3092}\x{805E}\x{3044}\x{3066}\x{5606}\x{606F}\x{3057}\x{305F}\x{306E}\x{3082}\x{7121}\x{7406}\x{306F}"
            text run at (1408,0) width 49: "\x{306A}\x{3044}\x{3002}"
          RenderBR {BR} at (1408,48) size 18x1
          RenderText {#text} at (1436,0) size 18x162
            text run at (1436,0) width 162: "\x{3000}\x{3046}\x{308C}\x{3057}\x{3044}\x{4E8B}\x{306B}\x{6771}\x{6D0B}\x{306E}"
          RenderRuby (inline) {RUBY} at (0,0) size 18x34
            RenderRubyRun (anonymous) at (1436,161) size 18x33
              RenderRubyText {RT} at (-10,0) size 10x33
                RenderText {#text} at (0,2) size 10x28
                  text run at (0,2) width 28: "\x{3057}\x{3044}\x{304B}"
              RenderRubyBase (anonymous) at (0,0) size 18x33
                RenderInline {RB} at (0,0) size 18x33
                  RenderText {#text} at (0,0) size 18x33
                    text run at (0,0) width 33: "\x{8A69}\x{6B4C}"
          RenderText {#text} at (1436,194) size 18x65
            text run at (1436,194) width 65: "\x{306F}\x{305D}\x{3053}\x{3092}"
          RenderRuby (inline) {RUBY} at (0,0) size 18x34
            RenderRubyRun (anonymous) at (1436,259) size 18x33
              RenderRubyText {RT} at (-10,0) size 10x33
                RenderText {#text} at (0,2) size 10x28
                  text run at (0,2) width 28: "\x{3052}\x{3060}\x{3064}"
              RenderRubyBase (anonymous) at (0,0) size 18x33
                RenderInline {RB} at (0,0) size 18x33
                  RenderText {#text} at (0,0) size 18x33
                    text run at (0,0) width 33: "\x{89E3}\x{8131}"
          RenderText {#text} at (1436,291) size 18x114
            text run at (1436,291) width 113: "\x{3057}\x{305F}\x{306E}\x{304C}\x{3042}\x{308B}\x{3002}"
          RenderRuby (inline) {RUBY} at (0,0) size 18x43
            RenderRubyRun (anonymous) at (1436,400) size 18x46
              RenderRubyText {RT} at (-10,0) size 10x46
                RenderText {#text} at (0,0) size 10x46
                  text run at (0,0) width 46: "\x{304D}\x{304F}\x{3092}\x{3068}\x{308B}"
              RenderRubyBase (anonymous) at (0,0) size 18x46
                RenderInline {RB} at (0,0) size 18x33
                  RenderText {#text} at (0,6) size 18x33
                    text run at (0,6) width 33: "\x{63A1}\x{83CA}"
          RenderRuby (inline) {RUBY} at (0,0) size 18x52
            RenderRubyRun (anonymous) at (1464,0) size 18x55
              RenderRubyText {RT} at (-10,0) size 10x55
                RenderText {#text} at (0,0) size 10x55
                  text run at (0,0) width 55: "\x{3068}\x{3046}\x{308A}\x{306E}\x{3082}\x{3068}"
              RenderRubyBase (anonymous) at (0,0) size 18x55
                RenderInline {RB} at (0,0) size 18x49
                  RenderText {#text} at (0,3) size 18x49
                    text run at (0,3) width 49: "\x{6771}\x{7C6C}\x{4E0B}"
          RenderText {#text} at (1464,52) size 18x17
            text run at (1464,52) width 17: "\x{3001}"
          RenderRuby (inline) {RUBY} at (0,0) size 18x61
            RenderRubyRun (anonymous) at (1464,64) size 18x64
              RenderRubyText {RT} at (-10,0) size 10x64
                RenderText {#text} at (0,0) size 10x64
                  text run at (0,0) width 64: "\x{3086}\x{3046}\x{305C}\x{3093}\x{3068}\x{3057}\x{3066}"
              RenderRubyBase (anonymous) at (0,0) size 18x64
                RenderInline {RB} at (0,0) size 18x33
                  RenderText {#text} at (0,15) size 18x33
                    text run at (0,15) width 33: "\x{60A0}\x{7136}"
          RenderRuby (inline) {RUBY} at (0,0) size 18x61
            RenderRubyRun (anonymous) at (1464,128) size 18x64
              RenderRubyText {RT} at (-10,0) size 10x64
                RenderText {#text} at (0,0) size 10x64
                  text run at (0,0) width 64: "\x{306A}\x{3093}\x{3056}\x{3093}\x{3092}\x{307F}\x{308B}"
              RenderRubyBase (anonymous) at (0,0) size 18x64
                RenderInline {RB} at (0,0) size 18x49
                  RenderText {#text} at (0,7) size 18x49
                    text run at (0,7) width 49: "\x{898B}\x{5357}\x{5C71}"
          RenderText {#text} at (1464,188) size 18x130
            text run at (1464,188) width 129: "\x{3002}\x{305F}\x{3060}\x{305D}\x{308C}\x{304E}\x{308A}\x{306E}"
          RenderRuby (inline) {RUBY} at (0,0) size 18x18
            RenderRubyRun (anonymous) at (1464,316) size 18x19
              RenderRubyText {RT} at (-10,0) size 10x19
                RenderText {#text} at (0,0) size 10x19
                  text run at (0,0) width 19: "\x{3046}\x{3061}"
              RenderRubyBase (anonymous) at (0,0) size 18x19
                RenderInline {RB} at (0,0) size 18x17
                  RenderText {#text} at (0,1) size 18x17
                    text run at (0,1) width 17: "\x{88CF}"
          RenderText {#text} at (1464,334) size 46x480
            text run at (1464,334) width 146: "\x{306B}\x{6691}\x{82E6}\x{3057}\x{3044}\x{4E16}\x{306E}\x{4E2D}\x{3092}"
            text run at (1492,0) width 387: "\x{307E}\x{308B}\x{3067}\x{5FD8}\x{308C}\x{305F}\x{5149}\x{666F}\x{304C}\x{51FA}\x{3066}\x{304F}\x{308B}\x{3002}\x{57A3}\x{306E}\x{5411}\x{3046}\x{306B}\x{96A3}\x{308A}\x{306E}\x{5A18}\x{304C}"
          RenderRuby (inline) {RUBY} at (0,0) size 18x18
            RenderRubyRun (anonymous) at (1492,386) size 18x19
              RenderRubyText {RT} at (-10,0) size 10x19
                RenderText {#text} at (0,0) size 10x19
                  text run at (0,0) width 19: "\x{306E}\x{305E}"
              RenderRubyBase (anonymous) at (0,0) size 18x19
                RenderInline {RB} at (0,0) size 18x17
                  RenderText {#text} at (0,1) size 18x17
                    text run at (0,1) width 17: "\x{8997}"
          RenderText {#text} at (1492,403) size 46x485
            text run at (1492,403) width 81: "\x{3044}\x{3066}\x{308B}\x{8A33}\x{3067}"
            text run at (1520,0) width 97: "\x{3082}\x{306A}\x{3051}\x{308C}\x{3070}\x{3001}"
          RenderRuby (inline) {RUBY} at (0,0) size 18x34
            RenderRubyRun (anonymous) at (1520,95) size 18x37
              RenderRubyText {RT} at (-10,0) size 10x37
                RenderText {#text} at (0,0) size 10x37
                  text run at (0,0) width 37: "\x{306A}\x{3093}\x{3056}\x{3093}"
              RenderRubyBase (anonymous) at (0,0) size 18x37
                RenderInline {RB} at (0,0) size 18x33
                  RenderText {#text} at (0,2) size 18x33
                    text run at (0,2) width 33: "\x{5357}\x{5C71}"
          RenderText {#text} at (1520,129) size 18x323
            text run at (1520,129) width 323: "\x{306B}\x{89AA}\x{53CB}\x{304C}\x{5949}\x{8077}\x{3057}\x{3066}\x{3044}\x{308B}\x{6B21}\x{7B2C}\x{3067}\x{3082}\x{306A}\x{3044}\x{3002}\x{8D85}\x{7136}\x{3068}"
          RenderRuby (inline) {RUBY} at (0,0) size 18x69
            RenderRubyRun (anonymous) at (1548,0) size 18x73
              RenderRubyText {RT} at (-10,0) size 10x73
                RenderText {#text} at (0,0) size 10x73
                  text run at (0,0) width 73: "\x{3057}\x{3085}\x{3063}\x{305B}\x{3051}\x{3093}\x{3066}\x{304D}"
              RenderRubyBase (anonymous) at (0,0) size 18x73
                RenderInline {RB} at (0,0) size 18x65
                  RenderText {#text} at (0,4) size 18x65
                    text run at (0,4) width 65: "\x{51FA}\x{4E16}\x{9593}\x{7684}"
          RenderText {#text} at (1548,69) size 18x339
            text run at (1548,69) width 339: "\x{306B}\x{5229}\x{5BB3}\x{640D}\x{5F97}\x{306E}\x{6C57}\x{3092}\x{6D41}\x{3057}\x{53BB}\x{3063}\x{305F}\x{5FC3}\x{6301}\x{3061}\x{306B}\x{306A}\x{308C}\x{308B}\x{3002}"
          RenderRuby (inline) {RUBY} at (0,0) size 18x25
            RenderRubyRun (anonymous) at (1548,403) size 18x28
              RenderRubyText {RT} at (-10,0) size 10x28
                RenderText {#text} at (0,0) size 10x28
                  text run at (0,0) width 28: "\x{3072}\x{3068}\x{308A}"
              RenderRubyBase (anonymous) at (0,0) size 18x28
                RenderInline {RB} at (0,0) size 18x17
                  RenderText {#text} at (0,5) size 18x17
                    text run at (0,5) width 17: "\x{72EC}"
          RenderRuby (inline) {RUBY} at (0,0) size 18x87
            RenderRubyRun (anonymous) at (1576,0) size 18x91
              RenderRubyText {RT} at (-10,0) size 10x91
                RenderText {#text} at (0,0) size 10x91
                  text run at (0,0) width 91: "\x{3086}\x{3046}\x{3053}\x{3046}\x{306E}\x{3046}\x{3061}\x{306B}\x{3056}\x{3057}"
              RenderRubyBase (anonymous) at (0,0) size 18x91
                RenderInline {RB} at (0,0) size 18x65
                  RenderText {#text} at (0,13) size 18x65
                    text run at (0,13) width 65: "\x{5750}\x{5E7D}\x{7BC1}\x{88CF}"
          RenderText {#text} at (1576,87) size 18x17
            text run at (1576,87) width 17: "\x{3001}"
          RenderRuby (inline) {RUBY} at (0,0) size 18x61
            RenderRubyRun (anonymous) at (1576,99) size 18x64
              RenderRubyText {RT} at (-10,0) size 10x64
                RenderText {#text} at (0,0) size 10x64
                  text run at (0,0) width 64: "\x{304D}\x{3093}\x{3092}\x{3060}\x{3093}\x{3058}\x{3066}"
              RenderRubyBase (anonymous) at (0,0) size 18x64
                RenderInline {RB} at (0,0) size 18x33
                  RenderText {#text} at (0,15) size 18x33
                    text run at (0,15) width 33: "\x{5F3E}\x{7434}"
          RenderRuby (inline) {RUBY} at (0,0) size 18x79
            RenderRubyRun (anonymous) at (1576,163) size 18x82
              RenderRubyText {RT} at (-10,0) size 10x82
                RenderText {#text} at (0,0) size 10x82
                  text run at (0,0) width 82: "\x{307E}\x{305F}\x{3061}\x{3087}\x{3046}\x{3057}\x{3087}\x{3046}\x{3059}"
              RenderRubyBase (anonymous) at (0,0) size 18x82
                RenderInline {RB} at (0,0) size 18x49
                  RenderText {#text} at (0,16) size 18x49
                    text run at (0,16) width 49: "\x{5FA9}\x{9577}\x{562F}"
          RenderText {#text} at (1576,241) size 18x17
            text run at (1576,241) width 17: "\x{3001}"
          RenderRuby (inline) {RUBY} at (0,0) size 18x36
            RenderRubyRun (anonymous) at (1576,255) size 18x37
              RenderRubyText {RT} at (-10,0) size 10x37
                RenderText {#text} at (0,0) size 10x37
                  text run at (0,0) width 37: "\x{3057}\x{3093}\x{308A}\x{3093}"
              RenderRubyBase (anonymous) at (0,0) size 18x37
                RenderInline {RB} at (0,0) size 18x33
                  RenderText {#text} at (0,2) size 18x33
                    text run at (0,2) width 33: "\x{6DF1}\x{6797}"
          RenderRuby (inline) {RUBY} at (0,0) size 18x50
            RenderRubyRun (anonymous) at (1576,292) size 18x49
              RenderRubyText {RT} at (-10,0) size 10x49
                RenderText {#text} at (0,1) size 10x46
                  text run at (0,1) width 46: "\x{3072}\x{3068}\x{3057}\x{3089}\x{305A}"
              RenderRubyBase (anonymous) at (0,0) size 18x49
                RenderInline {RB} at (0,0) size 18x49
                  RenderText {#text} at (0,0) size 18x49
                    text run at (0,0) width 49: "\x{4EBA}\x{4E0D}\x{77E5}"
          RenderText {#text} at (1576,341) size 18x17
            text run at (1576,341) width 17: "\x{3001}"
          RenderRuby (inline) {RUBY} at (0,0) size 18x70
            RenderRubyRun (anonymous) at (1576,353) size 18x73
              RenderRubyText {RT} at (-10,0) size 10x73
                RenderText {#text} at (0,0) size 10x73
                  text run at (0,0) width 73: "\x{3081}\x{3044}\x{3052}\x{3064}\x{304D}\x{305F}\x{308A}\x{3066}"
              RenderRubyBase (anonymous) at (0,0) size 18x73
                RenderInline {RB} at (0,0) size 18x49
                  RenderText {#text} at (0,12) size 18x49
                    text run at (0,12) width 49: "\x{660E}\x{6708}\x{6765}"
          RenderRuby (inline) {RUBY} at (0,0) size 18x43
            RenderRubyRun (anonymous) at (1576,426) size 18x46
              RenderRubyText {RT} at (-10,0) size 10x46
                RenderText {#text} at (0,0) size 10x46
                  text run at (0,0) width 46: "\x{3042}\x{3044}\x{3066}\x{3089}\x{3059}"
              RenderRubyBase (anonymous) at (0,0) size 18x46
                RenderInline {RB} at (0,0) size 18x33
                  RenderText {#text} at (0,6) size 18x33
                    text run at (0,6) width 33: "\x{76F8}\x{7167}"
          RenderText {#text} at (1576,468) size 46x485
            text run at (1576,468) width 17: "\x{3002}"
            text run at (1604,0) width 146: "\x{305F}\x{3060}\x{4E8C}\x{5341}\x{5B57}\x{306E}\x{3046}\x{3061}\x{306B}"
          RenderRuby (inline) {RUBY} at (0,0) size 18x18
            RenderRubyRun (anonymous) at (1604,144) size 18x19
              RenderRubyText {RT} at (-10,0) size 10x19
                RenderText {#text} at (0,0) size 10x19
                  text run at (0,0) width 19: "\x{3086}\x{3046}"
              RenderRubyBase (anonymous) at (0,0) size 18x19
                RenderInline {RB} at (0,0) size 18x17
                  RenderText {#text} at (0,1) size 18x17
                    text run at (0,1) width 17: "\x{512A}"
          RenderText {#text} at (1604,162) size 18x17
            text run at (1604,162) width 17: "\x{306B}"
          RenderRuby (inline) {RUBY} at (0,0) size 18x50
            RenderRubyRun (anonymous) at (1604,175) size 18x55
              RenderRubyText {RT} at (-10,0) size 10x55
                RenderText {#text} at (0,0) size 10x55
                  text run at (0,0) width 55: "\x{3079}\x{3064}\x{3051}\x{3093}\x{3053}\x{3093}"
              RenderRubyBase (anonymous) at (0,0) size 18x55
                RenderInline {RB} at (0,0) size 18x49
                  RenderText {#text} at (0,3) size 18x49
                    text run at (0,3) width 49: "\x{5225}\x{4E7E}\x{5764}"
          RenderText {#text} at (1604,227) size 18x17
            text run at (1604,227) width 17: "\x{3092}"
          RenderRuby (inline) {RUBY} at (0,0) size 18x39
            RenderRubyRun (anonymous) at (1604,239) size 18x46
              RenderRubyText {RT} at (-10,0) size 10x46
                RenderText {#text} at (0,0) size 10x46
                  text run at (0,0) width 46: "\x{3053}\x{3093}\x{308A}\x{3085}\x{3046}"
              RenderRubyBase (anonymous) at (0,0) size 18x46
                RenderInline {RB} at (0,0) size 18x33
                  RenderText {#text} at (0,6) size 18x33
                    text run at (0,6) width 33: "\x{5EFA}\x{7ACB}"
          RenderText {#text} at (1604,281) size 18x162
            text run at (1604,281) width 162: "\x{3057}\x{3066}\x{3044}\x{308B}\x{3002}\x{3053}\x{306E}\x{4E7E}\x{5764}\x{306E}"
          RenderRuby (inline) {RUBY} at (0,0) size 18x34
            RenderRubyRun (anonymous) at (1604,442) size 18x33
              RenderRubyText {RT} at (-10,0) size 10x33
                RenderText {#text} at (0,2) size 10x28
                  text run at (0,2) width 28: "\x{304F}\x{3069}\x{304F}"
              RenderRubyBase (anonymous) at (0,0) size 18x33
                RenderInline {RB} at (0,0) size 18x33
                  RenderText {#text} at (0,0) size 18x33
                    text run at (0,0) width 33: "\x{529F}\x{5FB3}"
          RenderText {#text} at (1604,475) size 46x492
            text run at (1604,475) width 17: "\x{306F}"
            text run at (1632,0) width 17: "\x{300C}"
          RenderRuby (inline) {RUBY} at (0,0) size 18x50
            RenderRubyRun (anonymous) at (1632,16) size 18x49
              RenderRubyText {RT} at (-10,0) size 10x49
                RenderText {#text} at (0,1) size 10x46
                  text run at (0,1) width 46: "\x{307B}\x{3068}\x{3068}\x{304E}\x{3059}"
              RenderRubyBase (anonymous) at (0,0) size 18x49
                RenderInline {RB} at (0,0) size 18x49
                  RenderText {#text} at (0,0) size 18x49
                    text run at (0,0) width 49: "\x{4E0D}\x{5982}\x{5E30}"
          RenderText {#text} at (1632,65) size 18x49
            text run at (1632,65) width 49: "\x{300D}\x{3084}\x{300C}"
          RenderRuby (inline) {RUBY} at (0,0) size 18x66
            RenderRubyRun (anonymous) at (1632,113) size 18x65
              RenderRubyText {RT} at (-10,0) size 10x65
                RenderText {#text} at (0,0) size 10x64
                  text run at (0,0) width 64: "\x{3053}\x{3093}\x{3058}\x{304D}\x{3084}\x{3057}\x{3083}"
              RenderRubyBase (anonymous) at (0,0) size 18x65
                RenderInline {RB} at (0,0) size 18x65
                  RenderText {#text} at (0,0) size 18x65
                    text run at (0,0) width 65: "\x{91D1}\x{8272}\x{591C}\x{53C9}"
          RenderText {#text} at (1632,178) size 46x485
            text run at (1632,178) width 307: "\x{300D}\x{306E}\x{529F}\x{5FB3}\x{3067}\x{306F}\x{306A}\x{3044}\x{3002}\x{6C7D}\x{8239}\x{3001}\x{6C7D}\x{8ECA}\x{3001}\x{6A29}\x{5229}\x{3001}\x{7FA9}"
            text run at (1660,0) width 210: "\x{52D9}\x{3001}\x{9053}\x{5FB3}\x{3001}\x{793C}\x{7FA9}\x{3067}\x{75B2}\x{308C}\x{679C}\x{3066}\x{305F}"
          RenderRuby (inline) {RUBY} at (0,0) size 18x18
            RenderRubyRun (anonymous) at (1660,208) size 18x19
              RenderRubyText {RT} at (-10,0) size 10x19
                RenderText {#text} at (0,0) size 10x19
                  text run at (0,0) width 19: "\x{306E}\x{3061}"
              RenderRubyBase (anonymous) at (0,0) size 18x19
                RenderInline {RB} at (0,0) size 18x17
                  RenderText {#text} at (0,1) size 18x17
                    text run at (0,1) width 17: "\x{5F8C}"
          RenderText {#text} at (1660,226) size 36x485
            text run at (1660,226) width 258: "\x{306B}\x{3001}\x{3059}\x{3079}\x{3066}\x{3092}\x{5FD8}\x{5374}\x{3057}\x{3066}\x{3050}\x{3063}\x{3059}\x{308A}\x{5BDD}\x{8FBC}"
            text run at (1678,0) width 162: "\x{3080}\x{3088}\x{3046}\x{306A}\x{529F}\x{5FB3}\x{3067}\x{3042}\x{308B}\x{3002}"
          RenderBR {BR} at (1678,161) size 18x1

