layer at (0,0) size 800x600
  RenderView at (0,0) size 800x600
layer at (536,0) size 264x600
  RenderBlock {HTML} at (0,0) size 264x600
    RenderBody {BODY} at (24,8) size 216x584
      RenderBlock {P} at (0,0) size 110x584
        RenderInline {SPAN} at (0,0) size 24x105
          RenderText {#text} at (16,0) size 24x105
            text run at (16,0) width 105: "\x{7B2C}\x{4E00}\x{6BB5}\x{843D} "
        RenderInline {SPAN} at (0,0) size 110x461
          RenderText {#text} at (0,104) size 55x342
            text run at (0,104) width 341: "PARAGRAPH 1 "
          RenderBR {BR} at (0,445) size 55x1
          RenderText {#text} at (55,0) size 55x297
            text run at (55,0) width 297: "MORE TEXT. "
          RenderInline {SPAN} at (0,0) size 14x164
            RenderText {#text} at (87,297) size 14x164
              text run at (87,297) width 164: "SHOULD NOT BE CENTERED."
          RenderText {#text} at (0,0) size 0x0
      RenderBlock {P} at (134,0) size 82x584
        RenderInline {SPAN} at (0,0) size 28x474
          RenderText {#text} at (48,0) size 28x103
            text run at (48,0) width 103: "\x{7B2C}\x{4E8C}\x{6BB5}\x{843D} "
          RenderInline {SPAN} at (0,0) size 55x372
            RenderText {#text} at (27,102) size 55x342
              text run at (27,102) width 341: "PARAGRAPH 2 "
            RenderImage {IMG} at (0,444) size 70x30 [bgcolor=#008000]
            RenderText {#text} at (0,0) size 0x0
