layer at (0,0) size 800x644
  RenderView at (0,0) size 800x600
layer at (0,0) size 800x644
  RenderBlock {HTML} at (0,0) size 800x644
    RenderBody {BODY} at (8,8) size 784x576
      RenderBlock {P} at (0,0) size 784x20 [color=#008000]
        RenderText {#text} at (0,0) size 301x19
          text run at (0,0) width 301: "This text should be green if height is at least 30ex ."
      RenderBlock (floating) {DIV} at (0,36) size 107x210 [bgcolor=#ADD8E6]
        RenderText {#text} at (0,0) size 107x19
          text run at (0,0) width 107: "div of height 30ex"
      RenderBlock (floating) {DIV} at (107,36) size 116x600 [bgcolor=#ADD8E6]
        RenderText {#text} at (0,0) size 116x19
          text run at (0,0) width 116: "div of height 600px"
