layer at (0,0) size 800x600
  RenderView at (0,0) size 800x600
layer at (0,0) size 800x296
  RenderBlock {HTML} at (0,0) size 800x296
    RenderBody {BODY} at (8,16) size 784x272
      RenderBlock {P} at (0,0) size 784x19
        RenderInline {A} at (0,0) size 291x19 [color=#0000EE]
          RenderText {#text} at (0,0) size 291x19
            text run at (0,0) width 291: "https://bugs.webkit.org/show_bug.cgi?id=26095"
      RenderBlock {P} at (0,35) size 784x19
        RenderText {#text} at (0,0) size 376x19
          text run at (0,0) width 376: "Tests that a 3D transform on a generated node does not crash."
      RenderBlock {DIV} at (0,70) size 202x202 [border: (1px solid #000000)]
layer at (9,87) size 200x200
  RenderBlock (generated) at (1,1) size 200x200
    RenderText at (0,0) size 63x19
      text run at (0,0) width 63: "Generated"
