layer at (0,0) size 800x600
  RenderView at (0,0) size 800x600
layer at (0,0) size 800x600
  RenderBlock {HTML} at (0,0) size 800x600
    RenderBody {BODY} at (8,8) size 784x576
      RenderBlock {P} at (0,0) size 784x21
        RenderInline {A} at (0,0) size 67x21 [color=#0000EE]
          RenderText {#text} at (0,0) size 67x21
            text run at (0,0) width 67: "bug 8626"
        RenderText {#text} at (67,0) size 403x21
          text run at (67,0) width 8: ": "
          text run at (75,0) width 395: "Strict mode erroneously triggered by a broken comment."
      RenderBlock {P} at (0,37) size 784x21 [color=#00FF00]
        RenderText {#text} at (0,0) size 708x21
          text run at (0,0) width 708: "This text should be green, not black (CSS color values not beginning with '#' are OK in quirks mode)."
