layer at (0,0) size 800x600
  RenderView at (0,0) size 800x600
layer at (0,0) size 800x600
  RenderBlock {HTML} at (0,0) size 800x600
    RenderBody {BODY} at (8,8) size 784x576
      RenderBlock (anonymous) at (0,0) size 784x0
        RenderInline {TIMER:TIME} at (0,0) size 0x0
          RenderText {#text} at (0,0) size 0x0
          RenderText {#text} at (0,0) size 0x0
      RenderBlock (anonymous) at (0,0) size 784x21
        RenderBlock {P} at (0,0) size 784x21
          RenderInline {SPAN} at (0,0) size 84x21 [color=#008000]
            RenderText {#text} at (0,0) size 84x21
              text run at (0,0) width 84: "SUCCESS:"
          RenderText {#text} at (84,0) size 166x21
            text run at (84,0) width 166: " Content was displayed"
      RenderBlock (anonymous) at (0,37) size 784x0
        RenderInline {TIMER:TIME} at (0,0) size 0x0
        RenderText {#text} at (0,0) size 0x0
