layer at (0,0) size 800x600
  RenderView at (0,0) size 800x600
layer at (0,0) size 800x600
  RenderBlock {HTML} at (0,0) size 800x600
    RenderFrameSet {FRAMESET} at (0,0) size 800x600
      RenderFrame {FRAME} at (0,0) size 800x534
        layer at (0,0) size 785x1555
          RenderView at (0,0) size 785x534
        layer at (0,0) size 785x1555
          RenderBlock {HTML} at (0,0) size 785x1555
            RenderBody {BODY} at (8,8) size 769x1515
              RenderBlock (anonymous) at (0,0) size 769x222
                RenderText {#text} at (0,0) size 769x147
                  text run at (0,0) width 760: "This is test page that we navigate to as part of testing various"
                  text run at (0,37) width 224: "navigation styles. "
                  text run at (224,37) width 545: "It includes a form so that we can test saving"
                  text run at (0,74) width 724: "and restoring of form data, and it needs to be long enough"
                  text run at (0,111) width 690: "that we can test saving and restoring of scroll position. "
                RenderBR {BR} at (690,139) size 0x0
                RenderBR {BR} at (0,148) size 0x36
                RenderBR {BR} at (0,185) size 0x36
              RenderBlock {HR} at (0,238) size 769x2 [border: (1px inset #000000)]
              RenderBlock {FORM} at (0,256) size 769x466
                RenderButton {INPUT} at (2,2) size 123x22 [bgcolor=#DDDDDD] [border: (2px outset #DDDDDD)]
                  RenderBlock (anonymous) at (8,3) size 107x16
                    RenderText at (0,0) size 107x16
                      text run at (0,0) width 107: "Submit with POST"
                RenderBR {BR} at (127,18) size 0x0
                RenderButton {INPUT} at (2,28) size 249x22 [bgcolor=#DDDDDD] [border: (2px outset #DDDDDD)]
                  RenderBlock (anonymous) at (8,3) size 233x16
                    RenderText at (0,0) size 233x16
                      text run at (0,0) width 233: "Submit with POST followed by a redirect"
                RenderBR {BR} at (253,44) size 0x0
                RenderText {#text} at (0,52) size 366x36
                  text run at (0,52) width 366: "Here are some form elements"
                RenderTextControl {INPUT} at (368,64) size 153x22 [bgcolor=#FFFFFF] [border: (2px inset #000000)]
                RenderBR {BR} at (523,80) size 0x0
                RenderText {#text} at (0,89) size 326x36
                  text run at (0,89) width 326: "that we can use for testing"
                RenderTextControl {INPUT} at (328,101) size 153x22 [bgcolor=#FFFFFF] [border: (2px inset #000000)]
                RenderBR {BR} at (483,117) size 0x0
                RenderBlock {INPUT} at (5,141) size 13x13
                RenderText {#text} at (21,126) size 73x36
                  text run at (21,126) width 73: " Male"
                RenderBR {BR} at (94,154) size 0x0
                RenderBlock {INPUT} at (5,178) size 13x13
                RenderText {#text} at (21,163) size 100x36
                  text run at (21,163) width 100: " Female"
                RenderBR {BR} at (121,191) size 0x0
                RenderBlock {INPUT} at (4,215) size 13x13
                RenderText {#text} at (20,200) size 129x36
                  text run at (20,200) width 129: " option #1"
                RenderBR {BR} at (149,228) size 0x0
                RenderBlock {INPUT} at (4,252) size 13x13
                RenderText {#text} at (20,237) size 129x36
                  text run at (20,237) width 129: " option #2"
                RenderBR {BR} at (149,265) size 0x0
                RenderMenuList {SELECT} at (2,276) size 271x20 [bgcolor=#DDDDDD] [border: (1px solid #000000)]
                  RenderBlock (anonymous) at (1,1) size 269x18
                    RenderText at (4,1) size 67x16
                      text run at (4,1) width 67: "Initial Value"
                RenderBR {BR} at (275,291) size 0x0
                RenderText {#text} at (0,0) size 0x0
              RenderBlock {HR} at (0,754) size 769x2 [border: (1px inset #000000)]
              RenderBlock {P} at (0,788) size 769x37
                RenderText {#text} at (0,0) size 62x36
                  text run at (0,0) width 62: "Now"
              RenderBlock {P} at (0,857) size 769x37
                RenderText {#text} at (0,0) size 64x36
                  text run at (0,0) width 64: "some"
              RenderBlock {P} at (0,926) size 769x37
                RenderText {#text} at (0,0) size 62x36
                  text run at (0,0) width 62: "filler"
              RenderBlock {P} at (0,995) size 769x37
                RenderText {#text} at (0,0) size 27x36
                  text run at (0,0) width 27: "so"
              RenderBlock {P} at (0,1064) size 769x37
                RenderText {#text} at (0,0) size 38x36
                  text run at (0,0) width 38: "the"
              RenderBlock {P} at (0,1133) size 769x37
                RenderText {#text} at (0,0) size 46x36
                  text run at (0,0) width 46: "doc"
              RenderBlock {P} at (0,1202) size 769x37
                RenderText {#text} at (0,0) size 20x36
                  text run at (0,0) width 20: "is"
              RenderBlock {P} at (0,1271) size 769x37
                RenderText {#text} at (0,0) size 55x36
                  text run at (0,0) width 55: "long"
              RenderBlock {P} at (0,1340) size 769x37
                RenderText {#text} at (0,0) size 90x36
                  text run at (0,0) width 90: "enough"
              RenderBlock {P} at (0,1409) size 769x37
                RenderText {#text} at (0,0) size 111x36
                  text run at (0,0) width 111: "to scroll."
              RenderBlock {P} at (0,1478) size 769x37
                RenderInline {A} at (0,0) size 518x36
                  RenderText {#text} at (0,0) size 518x36
                    text run at (0,0) width 518: "This is an anchor point named \"anchor1\"."
        layer at (378,331) size 149x16 scrollWidth 157
          RenderBlock {DIV} at (2,3) size 149x16
            RenderText {#text} at (0,0) size 156x16
              text run at (0,0) width 156: "Initial text before user input"
        layer at (338,368) size 149x16
          RenderBlock {DIV} at (2,3) size 149x16
        layer at (10,564) size 259x164 clip at (11,565) size 257x162
          RenderTextControl {TEXTAREA} at (2,300) size 259x164 [bgcolor=#FFFFFF] [border: (1px solid #000000)]
            RenderBlock {DIV} at (3,3) size 255x48
              RenderText {#text} at (0,0) size 240x32
                text run at (0,0) width 232: "More initial text before user"
                text run at (232,0) width 8: " "
                text run at (0,16) width 48: "input."
                text run at (48,16) width 0: " "
              RenderBR {BR} at (0,32) size 0x16
      RenderFrame {FRAME} at (0,540) size 800x60
        layer at (0,0) size 785x90
          RenderView at (0,0) size 785x60
        layer at (0,0) size 785x90
          RenderBlock {HTML} at (0,0) size 785x90
            RenderBody {BODY} at (8,8) size 769x74
              RenderText {#text} at (0,0) size 704x73
                text run at (0,0) width 704: "This is just a minimal page that we navigate to as part of"
                text run at (0,37) width 268: "testing back/forward."

============== Back Forward List ==============
        http://127.0.0.1:8000/navigation/javascriptlink-frames.html  **nav target**
curr->  http://127.0.0.1:8000/navigation/resources/frameset.pl?frameURL=javascriptlink.html  **nav target**
            http://127.0.0.1:8000/navigation/resources/otherpage.html (in frame "footer")
            http://127.0.0.1:8000/navigation/resources/success200.html (in frame "main")
===============================================
