layer at (0,0) size 800x600
  RenderView at (0,0) size 800x600
layer at (0,0) size 800x600
  RenderBlock {HTML} at (0,0) size 800x600
    RenderBody {BODY} at (8,8) size 784x584
      RenderImage {IMG} at (643,10) size 121x84
      RenderInline {A} at (0,0) size 411x21 [color=#0000EE]
        RenderText {#text} at (0,0) size 411x21
          text run at (0,0) width 411: "http://www.apple.com/pr/library/2003/jan/02ical_isync.html"
      RenderBR {BR} at (411,16) size 0x0
      RenderInline {A} at (0,0) size 185x21 [color=#0000EE]
        RenderText {#text} at (0,21) size 185x21
          text run at (0,21) width 185: "http://www.apple.com/ical/"
      RenderBR {BR} at (185,37) size 0x0
      RenderInline {A} at (0,0) size 197x21 [color=#0000EE]
        RenderText {#text} at (0,42) size 197x21
          text run at (0,42) width 197: "http://www.apple.com/isync/"
