layer at (0,0) size 800x600
  RenderView at (0,0) size 800x600
layer at (0,0) size 800x600
  RenderBlock {HTML} at (0,0) size 800x600
    RenderBody {BODY} at (8,8) size 784x576
      RenderBlock (floating) {DIV} at (664,0) size 120x200 [bgcolor=#FF0000]
      RenderBlock {OL} at (0,0) size 784x0
      RenderBlock {P} at (0,0) size 784x126
        RenderText {#text} at (0,0) size 664x126
          text run at (0,0) width 656: "Vatican approves policy on sex abuse in clergy. The Vatican gave its approval Monday to the"
          text run at (0,21) width 646: "revised U.S. bishops' policy to combat sex abuse in the clergy, declaring the need to restore"
          text run at (0,42) width 631: "the image of the priesthood in a scandal that has rocked the Roman Catholic Church. The"
          text run at (0,63) width 651: "policy allows bishops to conduct a confidential, preliminary inquiry when a molestation claim"
          text run at (0,84) width 664: "is made to determine whether it is plausible. If it is, the accused priest is to be put on leave and"
          text run at (0,105) width 516: "then must go before a clerical tribunal to determine his guilt or innocence."
