layer at (0,0) size 800x600
  RenderView at (0,0) size 800x600
layer at (0,0) size 800x600
  RenderBlock {HTML} at (0,0) size 800x600
    RenderBody {BODY} at (8,8) size 784x584
      RenderBlock (floating) {DIV} at (0,8) size 402x23 [border: (1px solid #000000)]
        RenderText {#text} at (1,1) size 196x21
          text run at (1,1) width 196: "this div disappears in Safari"
