layer at (0,0) size 800x600
  RenderView at (0,0) size 800x600
layer at (0,0) size 800x600
  RenderBlock {HTML} at (0,0) size 800x600
    RenderBody {BODY} at (8,8) size 784x300
      RenderBlock (floating) {DIV} at (0,0) size 392x100 [bgcolor=#008000]
      RenderBlock (floating) {DIV} at (392,0) size 100x100 [bgcolor=#800080]
      RenderBlock (floating) {DIV} at (584,0) size 200x500 [bgcolor=#FFA500]
      RenderBlock (floating) {DIV} at (484,100) size 100x50 [bgcolor=#0000FF]
      RenderBlock (floating) {DIV} at (0,100) size 160x200 [bgcolor=#FF0000]
      RenderBlock (floating) {DIV} at (384,100) size 100x100 [bgcolor=#808000]
      RenderText {#text} at (492,0) size 420x198
        text run at (492,0) width 70: "Some text."
        text run at (492,22) width 79: "This should"
        text run at (492,44) width 88: "find a way to"
        text run at (492,66) width 86: "wrap among"
        text run at (492,88) width 81: "all the floats"
        text run at (160,110) width 183: "without overlapping any of"
        text run at (160,132) width 42: "them. "
        text run at (202,132) width 169: "It should start just under"
        text run at (160,154) width 221: "the blue box and wrap to several"
        text run at (160,176) width 34: "lines."
