layer at (0,0) size 800x600
  RenderView at (0,0) size 800x600
layer at (0,0) size 800x512
  RenderBlock {HTML} at (0,0) size 800x512
    RenderBody {BODY} at (8,8) size 784x488
      RenderBlock {UL} at (186,0) size 412x192
        RenderListItem {LI} at (0,48) size 283x71
          RenderBlock {A} at (123,0) size 160x138 [color=#CCCCCC]
            RenderBlock {B} at (0,0) size 160x70 [border: (40px solid #00000000) (69px solid #CCCCCC) (40px solid #00000000)]
            RenderBlock {B} at (0,70) size 160x70 [border: (69px solid #CCCCCC) (40px solid #00000000) none (40px solid #00000000)]
            RenderBlock {SPAN} at (8,61) size 144x21 [color=#000000]
              RenderInline {ABBR} at (0,0) size 35x21
                RenderText {#text} at (18,0) size 35x21
                  text run at (18,0) width 35: "CSS"
              RenderText {#text} at (52,0) size 74x21
                text run at (52,0) width 74: " examples"
        RenderListItem {LI} at (0,119) size 246x71
          RenderBlock {A} at (0,0) size 160x138 [color=#CCCCCC]
            RenderBlock {B} at (0,0) size 160x70 [border: (40px solid #00000000) (69px solid #CCCCCC) (40px solid #00000000)]
            RenderBlock {B} at (0,70) size 160x70 [border: (69px solid #CCCCCC) (40px solid #00000000) none (40px solid #00000000)]
            RenderBlock {SPAN} at (8,61) size 144x21 [color=#000000]
              RenderText {#text} at (41,0) size 62x21
                text run at (41,0) width 62: "Favelets"
        RenderListItem {LI} at (246,119) size 160x71
          RenderBlock {A} at (0,0) size 160x138 [color=#CCCCCC]
            RenderBlock {B} at (0,0) size 160x70 [border: (40px solid #00000000) (69px solid #CCCCCC) (40px solid #00000000)]
            RenderBlock {B} at (0,70) size 160x70 [border: (69px solid #CCCCCC) (40px solid #00000000) none (40px solid #00000000)]
            RenderBlock {SPAN} at (8,61) size 144x21 [color=#000000]
              RenderInline {ABBR} at (0,0) size 24x21
                RenderText {#text} at (60,0) size 24x21
                  text run at (60,0) width 24: "CV"
        RenderListItem {LI} at (0,190) size 283x71
          RenderBlock {A} at (123,0) size 160x138 [color=#CCCCCC]
            RenderBlock {B} at (0,0) size 160x70 [border: (40px solid #00000000) (69px solid #CCCCCC) (40px solid #00000000)]
            RenderBlock {B} at (0,70) size 160x70 [border: (69px solid #CCCCCC) (40px solid #00000000) none (40px solid #00000000)]
            RenderBlock {SPAN} at (8,61) size 144x21 [color=#000000]
              RenderText {#text} at (61,0) size 22x21
                text run at (61,0) width 22: "log"
        RenderListItem {LI} at (0,261) size 246x71
          RenderBlock {A} at (0,0) size 160x138 [color=#CCCCCC]
            RenderBlock {B} at (0,0) size 160x70 [border: (40px solid #00000000) (69px solid #CCCCCC) (40px solid #00000000)]
            RenderBlock {B} at (0,70) size 160x70 [border: (69px solid #CCCCCC) (40px solid #00000000) none (40px solid #00000000)]
            RenderBlock {SPAN} at (8,61) size 144x21 [color=#000000]
              RenderText {#text} at (0,0) size 52x21
                text run at (0,0) width 52: "simple "
              RenderInline {ABBR} at (0,0) size 56x21
                RenderText {#text} at (51,0) size 56x21
                  text run at (51,0) width 56: "XHTML"
              RenderText {#text} at (106,0) size 38x21
                text run at (106,0) width 38: " tests"
        RenderListItem {LI} at (246,261) size 160x71
          RenderBlock {A} at (0,0) size 160x138 [color=#CCCCCC]
            RenderBlock {B} at (0,0) size 160x70 [border: (40px solid #00000000) (69px solid #CCCCCC) (40px solid #00000000)]
            RenderBlock {B} at (0,70) size 160x70 [border: (69px solid #CCCCCC) (40px solid #00000000) none (40px solid #00000000)]
            RenderBlock {SPAN} at (8,61) size 144x21 [color=#000000]
              RenderText {#text} at (37,0) size 70x21
                text run at (37,0) width 70: "entrances"
        RenderListItem {LI} at (0,332) size 283x71
          RenderBlock {A} at (123,0) size 160x138 [color=#CCCCCC]
            RenderBlock {B} at (0,0) size 160x70 [border: (40px solid #00000000) (69px solid #CCCCCC) (40px solid #00000000)]
            RenderBlock {B} at (0,70) size 160x70 [border: (69px solid #CCCCCC) (40px solid #00000000) none (40px solid #00000000)]
            RenderBlock {SPAN} at (8,61) size 144x21 [color=#000000]
              RenderText {#text} at (59,0) size 26x21
                text run at (59,0) width 26: "exit"
      RenderBlock {P} at (0,403) size 784x85
        RenderText {#text} at (318,32) size 148x21
          text run at (318,32) width 148: "Ceci n'est pas Flash."
