layer at (0,0) size 1518x3196
  RenderView at (0,0) size 784x584
layer at (0,0) size 784x3196
  RenderBlock {HTML} at (0,0) size 784x3196
    RenderBody {BODY} at (8,8) size 768x3172
      RenderBlock (anonymous) at (0,0) size 768x63
        RenderText {#text} at (0,0) size 733x63
          text run at (0,0) width 703: "In all of the examples, you should be able to see blue and green rectangles that spill way out of their"
          text run at (0,21) width 132: "containing blocks. "
          text run at (132,21) width 601: "They should be 100px tall and not overlap one another at all. They should be stacked"
          text run at (0,42) width 67: "vertically."
      RenderBlock {DIV} at (0,79) size 720x240 [border: (10px solid #000000)]
        RenderText {#text} at (10,10) size 351x21
          text run at (10,10) width 351: "You should see blue and green rectangles below."
        RenderBR {BR} at (361,26) size 0x0
        RenderBlock (floating) {DIV} at (10,31) size 1500x100 [bgcolor=#0000FF]
        RenderText {#text} at (0,0) size 0x0
        RenderBlock (floating) {DIV} at (10,131) size 1500x100 [bgcolor=#008000]
        RenderText {#text} at (0,0) size 0x0
      RenderBlock {DIV} at (0,335) size 720x240 [border: (10px solid #000000)]
        RenderText {#text} at (10,10) size 181x21
          text run at (10,10) width 181: "You should see blue and "
        RenderBlock (floating) {DIV} at (10,31) size 1500x100 [bgcolor=#0000FF]
        RenderText {#text} at (0,0) size 0x0
        RenderBlock (floating) {DIV} at (10,131) size 1500x100 [bgcolor=#008000]
        RenderText {#text} at (191,10) size 170x21
          text run at (191,10) width 170: "green rectangles below."
      RenderBlock {DIV} at (0,591) size 720x240 [border: (10px solid #000000)]
        RenderBlock (floating) {DIV} at (10,10) size 1500x100 [bgcolor=#0000FF]
        RenderBlock (floating) {DIV} at (10,110) size 1500x100 [bgcolor=#008000]
        RenderBR {BR} at (1510,10) size 0x21
        RenderText {#text} at (10,210) size 352x21
          text run at (10,210) width 352: "You should see blue and green rectangles above."
      RenderBlock {DIV} at (0,847) size 720x240 [border: (10px solid #000000)]
        RenderBlock (floating) {DIV} at (10,10) size 1500x100 [bgcolor=#0000FF]
        RenderBlock (floating) {DIV} at (10,110) size 1500x100 [bgcolor=#008000]
        RenderText {#text} at (10,210) size 352x21
          text run at (10,210) width 352: "You should see blue and green rectangles above."
      RenderBlock {DIV} at (0,1103) size 720x240 [border: (10px solid #000000)]
        RenderBlock (floating) {DIV} at (10,10) size 1500x100 [bgcolor=#0000FF]
        RenderText {#text} at (10,110) size 321x21
          text run at (10,110) width 321: "You should see blue above and green below."
        RenderBlock (floating) {DIV} at (10,131) size 1500x100 [bgcolor=#008000]
        RenderText {#text} at (0,0) size 0x0
      RenderBlock {DIV} at (0,1359) size 720x240 [border: (10px solid #000000)]
        RenderBlock (floating) {DIV} at (10,10) size 1500x100 [bgcolor=#0000FF]
        RenderText {#text} at (10,110) size 321x21
          text run at (10,110) width 321: "You should see blue above and green below."
        RenderBR {BR} at (331,126) size 0x0
        RenderBlock (floating) {DIV} at (10,131) size 1500x100 [bgcolor=#008000]
        RenderText {#text} at (0,0) size 0x0
      RenderBlock (anonymous) at (0,1615) size 768x21
        RenderText {#text} at (0,0) size 652x21
          text run at (0,0) width 652: "The next examples should have blue and green rectangles that snugly fit without spilling out."
      RenderBlock {DIV} at (0,1652) size 720x240 [border: (10px solid #000000)]
        RenderText {#text} at (10,10) size 351x21
          text run at (10,10) width 351: "You should see blue and green rectangles below."
        RenderBR {BR} at (361,26) size 0x0
        RenderBlock (floating) {DIV} at (10,31) size 698x100 [bgcolor=#0000FF]
        RenderText {#text} at (0,0) size 0x0
        RenderBlock (floating) {DIV} at (10,131) size 698x100 [bgcolor=#008000]
        RenderText {#text} at (0,0) size 0x0
      RenderBlock {DIV} at (0,1908) size 720x240 [border: (10px solid #000000)]
        RenderText {#text} at (10,10) size 351x21
          text run at (10,10) width 351: "You should see blue and green rectangles below."
        RenderBlock (floating) {DIV} at (10,31) size 698x100 [bgcolor=#0000FF]
        RenderText {#text} at (0,0) size 0x0
        RenderBlock (floating) {DIV} at (10,131) size 698x100 [bgcolor=#008000]
        RenderText {#text} at (0,0) size 0x0
      RenderBlock {DIV} at (0,2164) size 720x240 [border: (10px solid #000000)]
        RenderBlock (floating) {DIV} at (10,10) size 698x100 [bgcolor=#0000FF]
        RenderBlock (floating) {DIV} at (10,110) size 698x100 [bgcolor=#008000]
        RenderBR {BR} at (708,10) size 0x21
        RenderText {#text} at (10,210) size 352x21
          text run at (10,210) width 352: "You should see blue and green rectangles above."
      RenderBlock {DIV} at (0,2420) size 720x240 [border: (10px solid #000000)]
        RenderBlock (floating) {DIV} at (10,10) size 698x100 [bgcolor=#0000FF]
        RenderBlock (floating) {DIV} at (10,110) size 698x100 [bgcolor=#008000]
        RenderText {#text} at (10,210) size 352x21
          text run at (10,210) width 352: "You should see blue and green rectangles above."
      RenderBlock {DIV} at (0,2676) size 720x240 [border: (10px solid #000000)]
        RenderBlock (floating) {DIV} at (10,10) size 698x100 [bgcolor=#0000FF]
        RenderText {#text} at (10,110) size 321x21
          text run at (10,110) width 321: "You should see blue above and green below."
        RenderBlock (floating) {DIV} at (10,131) size 698x100 [bgcolor=#008000]
        RenderText {#text} at (0,0) size 0x0
      RenderBlock {DIV} at (0,2932) size 720x240 [border: (10px solid #000000)]
        RenderBlock (floating) {DIV} at (10,10) size 698x100 [bgcolor=#0000FF]
        RenderText {#text} at (10,110) size 321x21
          text run at (10,110) width 321: "You should see blue above and green below."
        RenderBR {BR} at (331,126) size 0x0
        RenderBlock (floating) {DIV} at (10,131) size 698x100 [bgcolor=#008000]
        RenderText {#text} at (0,0) size 0x0
