layer at (0,0) size 800x600
  RenderView at (0,0) size 800x600
layer at (0,0) size 800x175
  RenderBlock {HTML} at (0,0) size 800x175
    RenderBody {BODY} at (8,8) size 784x44
      RenderBlock (floating) {DIV} at (532,0) size 252x102 [border: (1px solid #FF0000)]
        RenderText {#text} at (1,1) size 88x21
          text run at (1,1) width 88: "TOP-RIGHT"
        RenderBR {BR} at (89,1) size 0x21
        RenderText {#text} at (1,22) size 69x21
          text run at (1,22) width 69: "float:right;"
        RenderBR {BR} at (70,22) size 0x21
        RenderText {#text} at (1,43) size 94x21
          text run at (1,43) width 94: "width: 250px;"
        RenderBR {BR} at (95,43) size 0x21
        RenderText {#text} at (1,64) size 96x21
          text run at (1,64) width 96: "height:100px;"
      RenderBlock {DIV} at (0,0) size 394x44 [border: (1px solid #FF0000)]
        RenderText {#text} at (1,1) size 33x21
          text run at (1,1) width 33: "TOP"
        RenderBR {BR} at (34,1) size 0x21
        RenderText {#text} at (1,22) size 78x21
          text run at (1,22) width 78: "width:50%;"
      RenderBlock (floating) {DIV} at (0,102) size 115x65 [border: (1px solid #FF0000)]
        RenderText {#text} at (1,1) size 113x21
          text run at (1,1) width 113: "BOTTOM-LEFT"
        RenderBR {BR} at (114,1) size 0x21
        RenderText {#text} at (1,22) size 63x21
          text run at (1,22) width 63: "float: left;"
        RenderBR {BR} at (64,22) size 0x21
        RenderText {#text} at (1,43) size 78x21
          text run at (1,43) width 78: "clear: both;"
