layer at (0,0) size 800x600
  RenderView at (0,0) size 800x600
layer at (0,0) size 800x412
  RenderBlock {HTML} at (0,0) size 800x412
    RenderBody {BODY} at (8,8) size 784x396
      RenderBlock {DIV} at (0,0) size 385x396
        RenderBlock {DIV} at (0,0) size 385x21
          RenderText {#text} at (0,0) size 358x21
            text run at (0,0) width 358: "The yellow block should be below the green block."
        RenderBlock (floating) {DIV} at (0,21) size 100x100 [bgcolor=#008000]
        RenderImage {IMG} at (0,121) size 395x275 [bgcolor=#FFFF00]
