layer at (0,0) size 800x600
  RenderView at (0,0) size 800x600
layer at (0,0) size 800x274
  RenderBlock {HTML} at (0,0) size 800x274
    RenderBody {BODY} at (8,8) size 784x258
      RenderBlock {DIV} at (0,0) size 202x129 [border: (1px solid #000000)]
        RenderBlock (floating) {DIV} at (1,1) size 100x50 [bgcolor=#008000]
        RenderBlock (floating) {DIV} at (201,1) size 0x30
        RenderBlock (floating) {DIV} at (181,31) size 20x50 [bgcolor=#008000]
        RenderBlock {DIV} at (1,1) size 200x127
          RenderBlock {DIV} at (30,50) size 101x30 [bgcolor=#00FFFF]
          RenderText {#text} at (131,64) size 4x21
            text run at (131,64) width 4: " "
          RenderText {#text} at (0,0) size 0x0
          RenderBlock (floating) {DIV} at (0,50) size 30x30 [bgcolor=#0000FF]
          RenderText {#text} at (135,64) size 190x63
            text run at (135,64) width 42: "Some"
            text run at (0,85) width 190: "text that should not overlap"
            text run at (0,106) width 68: "the floats."
      RenderBlock {DIV} at (0,129) size 202x129 [border: (1px solid #000000)]
        RenderBlock (floating) {DIV} at (101,1) size 100x50 [bgcolor=#008000]
        RenderBlock (floating) {DIV} at (1,1) size 0x30
        RenderBlock (floating) {DIV} at (1,31) size 20x50 [bgcolor=#008000]
        RenderBlock {DIV} at (1,1) size 200x127
          RenderBlock {DIV} at (20,50) size 101x30 [bgcolor=#00FFFF]
          RenderText {#text} at (121,64) size 4x21
            text run at (121,64) width 4: " "
          RenderText {#text} at (0,0) size 0x0
          RenderBlock (floating) {DIV} at (170,50) size 30x30 [bgcolor=#0000FF]
          RenderText {#text} at (125,64) size 190x63
            text run at (125,64) width 42: "Some"
            text run at (0,85) width 190: "text that should not overlap"
            text run at (0,106) width 68: "the floats."
