layer at (0,0) size 800x600
  RenderView at (0,0) size 800x600
layer at (0,0) size 800x106
  RenderBlock {HTML} at (0,0) size 800x106
    RenderBody {BODY} at (8,8) size 784x90
      RenderBlock {DIV} at (0,0) size 202x90 [border: (1px solid #000000)]
        RenderBlock (floating) {DIV} at (151,1) size 50x50 [bgcolor=#008000]
        RenderText {#text} at (14,1) size 187x88
          text run at (14,1) width 37: "Some"
          text run at (20,23) width 131: "text that should not"
          text run at (23,45) width 128: "overlap the edge of"
          text run at (108,67) width 4 RTL: "."
          text run at (112,67) width 89: "the container"
