layer at (0,0) size 784x2850
  RenderView at (0,0) size 784x600
layer at (0,0) size 784x2850
  RenderBlock {HTML} at (0,0) size 784x2850
    RenderBody {BODY} at (8,8) size 768x2834
      RenderBlock (anonymous) at (0,0) size 768x42
        RenderText {#text} at (0,0) size 763x42
          text run at (0,0) width 600: "Test of objects that avoid floats to see what they do with percentage and auto widths. "
          text run at (600,0) width 163: "This test is designed to"
          text run at (0,21) width 586: "illustrate that we have removed the WinIE quirk and are behaving more like Firefox."
      RenderBlock {HR} at (0,50) size 768x2 [border: (1px inset #000000)]
      RenderBlock (anonymous) at (0,60) size 768x21
        RenderText {#text} at (0,0) size 559x21
          text run at (0,0) width 559: "The inline-level button should be below the select and fill the width of the block."
      RenderBlock {P} at (0,97) size 220x108 [border: (10px solid #FF0000)]
        RenderText {#text} at (10,10) size 65x21
          text run at (10,10) width 65: "Line One"
        RenderBR {BR} at (75,26) size 0x0
        RenderMenuList {SELECT} at (10,33) size 100x26 [bgcolor=#FFFFFF]
          RenderBlock (anonymous) at (4,2) size 75x21
            RenderText at (0,0) size 30x21
              text run at (0,0) width 30: "One"
        RenderText {#text} at (0,0) size 0x0
        RenderButton {INPUT} at (10,63) size 200x33 [bgcolor=#C0C0C0]
          RenderBlock (anonymous) at (6,6) size 188x21
            RenderText at (86,0) size 16x21
              text run at (86,0) width 16: "Hi"
        RenderText {#text} at (0,0) size 0x0
      RenderBlock (anonymous) at (0,221) size 768x21
        RenderText {#text} at (0,0) size 526x21
          text run at (0,0) width 526: "The floating button with a percentage width should be even with the select."
      RenderBlock {P} at (0,258) size 220x78 [border: (10px solid #FF0000)]
        RenderText {#text} at (10,10) size 65x21
          text run at (10,10) width 65: "Line One"
        RenderBR {BR} at (75,26) size 0x0
        RenderMenuList {SELECT} at (10,33) size 100x26 [bgcolor=#FFFFFF]
          RenderBlock (anonymous) at (4,2) size 75x21
            RenderText at (0,0) size 30x21
              text run at (0,0) width 30: "One"
        RenderText {#text} at (0,0) size 0x0
        RenderButton {INPUT} at (110,33) size 100x33 [bgcolor=#C0C0C0]
          RenderBlock (anonymous) at (6,6) size 88x21
            RenderText at (36,0) size 16x21
              text run at (36,0) width 16: "Hi"
        RenderText {#text} at (0,0) size 0x0
        RenderBR {BR} at (210,31) size 0x21
      RenderBlock (anonymous) at (0,352) size 768x21
        RenderText {#text} at (0,0) size 511x21
          text run at (0,0) width 511: "The block-level button with an auto width should be even with the select."
      RenderBlock {P} at (0,389) size 220x99 [border: (10px solid #FF0000)]
        RenderBlock (anonymous) at (10,10) size 200x21
          RenderText {#text} at (0,0) size 65x21
            text run at (0,0) width 65: "Line One"
          RenderBR {BR} at (65,16) size 0x0
          RenderMenuList {SELECT} at (0,23) size 100x26 [bgcolor=#FFFFFF]
            RenderBlock (anonymous) at (4,2) size 75x21
              RenderText at (0,0) size 30x21
                text run at (0,0) width 30: "One"
          RenderText {#text} at (0,0) size 0x0
        RenderButton {INPUT} at (110,33) size 28x33 [bgcolor=#C0C0C0]
          RenderBlock (anonymous) at (6,6) size 16x21
            RenderText at (0,0) size 16x21
              text run at (0,0) width 16: "Hi"
        RenderBlock (anonymous) at (10,68) size 200x21
          RenderBR {BR} at (0,0) size 0x21
      RenderBlock (anonymous) at (0,504) size 768x21
        RenderText {#text} at (0,0) size 551x21
          text run at (0,0) width 551: "The block-level button with a percentage width should be even with the select."
      RenderBlock {P} at (0,541) size 220x99 [border: (10px solid #FF0000)]
        RenderBlock (anonymous) at (10,10) size 200x21
          RenderText {#text} at (0,0) size 65x21
            text run at (0,0) width 65: "Line One"
          RenderBR {BR} at (65,16) size 0x0
          RenderMenuList {SELECT} at (0,23) size 100x26 [bgcolor=#FFFFFF]
            RenderBlock (anonymous) at (4,2) size 75x21
              RenderText at (0,0) size 30x21
                text run at (0,0) width 30: "One"
          RenderText {#text} at (0,0) size 0x0
        RenderButton {INPUT} at (110,33) size 100x33 [bgcolor=#C0C0C0]
          RenderBlock (anonymous) at (6,6) size 88x21
            RenderText at (36,0) size 16x21
              text run at (36,0) width 16: "Hi"
        RenderBlock (anonymous) at (10,68) size 200x21
          RenderBR {BR} at (0,0) size 0x21
      RenderBlock (anonymous) at (0,656) size 768x21
        RenderText {#text} at (0,0) size 517x21
          text run at (0,0) width 517: "The floating table with a percentage width should be even with the select."
      RenderBlock {P} at (0,693) size 220x74 [border: (10px solid #FF0000)]
        RenderText {#text} at (10,10) size 65x21
          text run at (10,10) width 65: "Line One"
        RenderBR {BR} at (75,26) size 0x0
        RenderMenuList {SELECT} at (10,33) size 100x26 [bgcolor=#FFFFFF]
          RenderBlock (anonymous) at (4,2) size 75x21
            RenderText at (0,0) size 30x21
              text run at (0,0) width 30: "One"
        RenderText {#text} at (0,0) size 0x0
        RenderTable {TABLE} at (110,31) size 100x33 [border: (2px outset #808080)]
          RenderTableSection {TBODY} at (2,2) size 96x29
            RenderTableRow {TR} at (0,2) size 96x25
              RenderTableCell {TD} at (2,2) size 92x25 [border: (1px inset #808080)] [r=0 c=0 rs=1 cs=1]
                RenderText {#text} at (2,2) size 41x21
                  text run at (2,2) width 41: "Table"
        RenderText {#text} at (0,0) size 0x0
        RenderBR {BR} at (210,31) size 0x21
      RenderBlock (anonymous) at (0,783) size 768x42
        RenderText {#text} at (0,0) size 731x42
          text run at (0,0) width 731: "The floating table with an auto width should be even with the select and shrinks to use the available line"
          text run at (0,21) width 273: "width. THIS IS CURRENTLY BUGGY."
      RenderBlock {P} at (0,841) size 220x146 [border: (10px solid #FF0000)]
        RenderText {#text} at (10,10) size 65x21
          text run at (10,10) width 65: "Line One"
        RenderBR {BR} at (75,26) size 0x0
        RenderMenuList {SELECT} at (10,33) size 100x26 [bgcolor=#FFFFFF]
          RenderBlock (anonymous) at (4,2) size 75x21
            RenderText at (0,0) size 30x21
              text run at (0,0) width 30: "One"
        RenderText {#text} at (0,0) size 0x0
        RenderTable {TABLE} at (10,61) size 200x75 [border: (2px outset #808080)]
          RenderTableSection {TBODY} at (2,2) size 196x71
            RenderTableRow {TR} at (0,2) size 196x67
              RenderTableCell {TD} at (2,2) size 192x67 [border: (1px inset #808080)] [r=0 c=0 rs=1 cs=1]
                RenderText {#text} at (2,2) size 179x63
                  text run at (2,2) width 179: "Floating table that should"
                  text run at (2,23) width 179: "shrink so it can be next to"
                  text run at (2,44) width 99: "previous float."
        RenderText {#text} at (0,0) size 0x0
        RenderBR {BR} at (110,31) size 0x21
      RenderBlock (anonymous) at (0,1003) size 768x42
        RenderText {#text} at (0,0) size 767x42
          text run at (0,0) width 649: "The block-level table below has a percentage width and should still be even with the select. "
          text run at (649,0) width 118: "It spills out of the"
          text run at (0,21) width 42: "block."
      RenderBlock {P} at (0,1061) size 220x167 [border: (10px solid #FF0000)]
        RenderBlock (anonymous) at (10,10) size 200x21
          RenderText {#text} at (0,0) size 65x21
            text run at (0,0) width 65: "Line One"
          RenderBR {BR} at (65,16) size 0x0
          RenderMenuList {SELECT} at (0,23) size 100x26 [bgcolor=#FFFFFF]
            RenderBlock (anonymous) at (4,2) size 75x21
              RenderText at (0,0) size 30x21
                text run at (0,0) width 30: "One"
          RenderText {#text} at (0,0) size 0x0
        RenderTable {TABLE} at (10,61) size 200x75 [border: (2px outset #808080)]
          RenderTableSection {TBODY} at (2,2) size 196x71
            RenderTableRow {TR} at (0,2) size 196x67
              RenderTableCell {TD} at (2,2) size 192x67 [border: (1px inset #808080)] [r=0 c=0 rs=1 cs=1]
                RenderText {#text} at (2,2) size 179x63
                  text run at (2,2) width 179: "Floating table that should"
                  text run at (2,23) width 179: "shrink so it can be next to"
                  text run at (2,44) width 99: "previous float."
        RenderBlock (anonymous) at (10,136) size 200x21
          RenderBR {BR} at (0,0) size 0x21
      RenderBlock (anonymous) at (0,1244) size 768x42
        RenderText {#text} at (0,0) size 752x42
          text run at (0,0) width 609: "The block-level table below has an auto width and should still be even with the select. "
          text run at (609,0) width 143: "It shrinks to fit inside"
          text run at (0,21) width 68: "the block."
      RenderBlock {P} at (0,1302) size 220x221 [border: (10px solid #FF0000)]
        RenderBlock (anonymous) at (10,10) size 200x21
          RenderText {#text} at (0,0) size 65x21
            text run at (0,0) width 65: "Line One"
          RenderBR {BR} at (65,16) size 0x0
          RenderMenuList {SELECT} at (0,23) size 100x26 [bgcolor=#FFFFFF]
            RenderBlock (anonymous) at (4,2) size 75x21
              RenderText at (0,0) size 30x21
                text run at (0,0) width 30: "One"
          RenderText {#text} at (0,0) size 0x0
        RenderTable {TABLE} at (110,31) size 100x159 [border: (2px outset #808080)]
          RenderTableSection {TBODY} at (2,2) size 96x155
            RenderTableRow {TR} at (0,2) size 96x151
              RenderTableCell {TD} at (2,2) size 92x151 [border: (1px inset #808080)] [r=0 c=0 rs=1 cs=1]
                RenderText {#text} at (2,2) size 82x147
                  text run at (2,2) width 58: "Floating"
                  text run at (2,23) width 65: "table that"
                  text run at (2,44) width 48: "should"
                  text run at (2,65) width 76: "shrink so it"
                  text run at (2,86) width 82: "can be next"
                  text run at (2,107) width 78: "to previous"
                  text run at (2,128) width 34: "float."
        RenderBlock (anonymous) at (10,190) size 200x21
          RenderBR {BR} at (0,0) size 0x21
      RenderBlock (anonymous) at (0,1539) size 768x21
        RenderText {#text} at (0,0) size 597x21
          text run at (0,0) width 597: "The floating overflow section with a percentage width should be even with the select."
      RenderBlock {DIV} at (0,1560) size 220x188 [border: (10px solid #FF0000)]
        RenderText {#text} at (10,10) size 65x21
          text run at (10,10) width 65: "Line One"
        RenderBR {BR} at (75,26) size 0x0
        RenderMenuList {SELECT} at (10,33) size 100x26 [bgcolor=#FFFFFF]
          RenderBlock (anonymous) at (4,2) size 75x21
            RenderText at (0,0) size 30x21
              text run at (0,0) width 30: "One"
        RenderText {#text} at (0,0) size 0x0
        RenderText {#text} at (0,0) size 0x0
        RenderBR {BR} at (210,31) size 0x21
      RenderBlock (anonymous) at (0,1748) size 768x42
        RenderText {#text} at (0,0) size 712x42
          text run at (0,0) width 712: "The floating overflow section with an auto width should be even with the select and shrinks to use the"
          text run at (0,21) width 372: "available line width. THIS IS CURRENTLY BUGGY."
      RenderBlock {DIV} at (0,1790) size 220x134 [border: (10px solid #FF0000)]
        RenderText {#text} at (10,10) size 65x21
          text run at (10,10) width 65: "Line One"
        RenderBR {BR} at (75,26) size 0x0
        RenderMenuList {SELECT} at (10,33) size 100x26 [bgcolor=#FFFFFF]
          RenderBlock (anonymous) at (4,2) size 75x21
            RenderText at (0,0) size 30x21
              text run at (0,0) width 30: "One"
        RenderText {#text} at (0,0) size 0x0
        RenderText {#text} at (0,0) size 0x0
        RenderBR {BR} at (110,31) size 0x21
      RenderBlock (anonymous) at (0,1924) size 768x21
        RenderText {#text} at (0,0) size 725x21
          text run at (0,0) width 725: "The block-level overflow section below has a percentage width and should still be even with the select."
      RenderBlock {DIV} at (0,1945) size 220x209 [border: (10px solid #FF0000)]
        RenderBlock (anonymous) at (10,10) size 200x21
          RenderText {#text} at (0,0) size 65x21
            text run at (0,0) width 65: "Line One"
          RenderBR {BR} at (65,16) size 0x0
          RenderMenuList {SELECT} at (0,23) size 100x26 [bgcolor=#FFFFFF]
            RenderBlock (anonymous) at (4,2) size 75x21
              RenderText at (0,0) size 30x21
                text run at (0,0) width 30: "One"
          RenderText {#text} at (0,0) size 0x0
        RenderBlock (anonymous) at (10,178) size 200x21
          RenderBR {BR} at (0,0) size 0x21
      RenderBlock (anonymous) at (0,2154) size 768x42
        RenderText {#text} at (0,0) size 752x42
          text run at (0,0) width 689: "The block-level overflow section below has an auto width and should still be even with the select. "
          text run at (689,0) width 63: "It shrinks"
          text run at (0,21) width 148: "to fit inside the block."
      RenderBlock {DIV} at (0,2196) size 220x209 [border: (10px solid #FF0000)]
        RenderBlock (anonymous) at (10,10) size 200x21
          RenderText {#text} at (0,0) size 65x21
            text run at (0,0) width 65: "Line One"
          RenderBR {BR} at (65,16) size 0x0
          RenderMenuList {SELECT} at (0,23) size 100x26 [bgcolor=#FFFFFF]
            RenderBlock (anonymous) at (4,2) size 75x21
              RenderText at (0,0) size 30x21
                text run at (0,0) width 30: "One"
          RenderText {#text} at (0,0) size 0x0
        RenderBlock (anonymous) at (10,178) size 200x21
          RenderBR {BR} at (0,0) size 0x21
      RenderBlock (anonymous) at (0,2405) size 768x21
        RenderText {#text} at (0,0) size 496x21
          text run at (0,0) width 496: "The floating hr with a percentage width should be even with the select."
      RenderBlock {DIV} at (0,2426) size 220x71 [border: (10px solid #FF0000)]
        RenderText {#text} at (10,10) size 65x21
          text run at (10,10) width 65: "Line One"
        RenderBR {BR} at (75,26) size 0x0
        RenderMenuList {SELECT} at (10,33) size 100x26 [bgcolor=#FFFFFF]
          RenderBlock (anonymous) at (4,2) size 75x21
            RenderText at (0,0) size 30x21
              text run at (0,0) width 30: "One"
        RenderText {#text} at (0,0) size 0x0
        RenderBlock (floating) {HR} at (112,33) size 82x2 [border: (1px inset #000000)]
        RenderText {#text} at (0,0) size 0x0
        RenderBR {BR} at (196,31) size 0x21
      RenderBlock (anonymous) at (0,2497) size 768x42
        RenderText {#text} at (0,0) size 716x42
          text run at (0,0) width 716: "The floating hr below should still be even with the select and shrinks to use its intrinsic width (which is"
          text run at (0,21) width 145: "basically like 1-2px)."
      RenderBlock {DIV} at (0,2539) size 220x71 [border: (10px solid #FF0000)]
        RenderText {#text} at (10,10) size 65x21
          text run at (10,10) width 65: "Line One"
        RenderBR {BR} at (75,26) size 0x0
        RenderMenuList {SELECT} at (10,33) size 100x26 [bgcolor=#FFFFFF]
          RenderBlock (anonymous) at (4,2) size 75x21
            RenderText at (0,0) size 30x21
              text run at (0,0) width 30: "One"
        RenderText {#text} at (0,0) size 0x0
        RenderBlock (floating) {HR} at (112,33) size 2x2 [border: (1px inset #000000)]
        RenderText {#text} at (0,0) size 0x0
        RenderBR {BR} at (116,31) size 0x21
      RenderBlock (anonymous) at (0,2610) size 768x21
        RenderText {#text} at (0,0) size 624x21
          text run at (0,0) width 624: "The block-level hr below has a percentage width and should still be even with the select."
      RenderBlock {DIV} at (0,2631) size 220x102 [border: (10px solid #FF0000)]
        RenderBlock (anonymous) at (10,10) size 200x21
          RenderText {#text} at (0,0) size 65x21
            text run at (0,0) width 65: "Line One"
          RenderBR {BR} at (65,16) size 0x0
          RenderMenuList {SELECT} at (0,23) size 100x26 [bgcolor=#FFFFFF]
            RenderBlock (anonymous) at (4,2) size 75x21
              RenderText at (0,0) size 30x21
                text run at (0,0) width 30: "One"
          RenderText {#text} at (0,0) size 0x0
        RenderBlock {HR} at (10,61) size 202x2 [border: (1px inset #000000)]
        RenderBlock (anonymous) at (10,71) size 200x21
          RenderBR {BR} at (0,0) size 0x21
      RenderBlock (anonymous) at (0,2733) size 768x21
        RenderText {#text} at (0,0) size 688x21
          text run at (0,0) width 588: "The block-level hr below has an auto width and should still be even with the select. "
          text run at (588,0) width 100: "It shrinks to fit."
      RenderBlock {DIV} at (0,2754) size 220x80 [border: (10px solid #FF0000)]
        RenderBlock (anonymous) at (10,10) size 200x21
          RenderText {#text} at (0,0) size 65x21
            text run at (0,0) width 65: "Line One"
          RenderBR {BR} at (65,16) size 0x0
          RenderMenuList {SELECT} at (0,23) size 100x26 [bgcolor=#FFFFFF]
            RenderBlock (anonymous) at (4,2) size 75x21
              RenderText at (0,0) size 30x21
                text run at (0,0) width 30: "One"
          RenderText {#text} at (0,0) size 0x0
        RenderBlock {HR} at (110,39) size 100x2 [border: (1px inset #000000)]
        RenderBlock (anonymous) at (10,49) size 200x21
          RenderBR {BR} at (100,0) size 0x21
layer at (118,1599) size 100x147
  RenderBlock (floating) {DIV} at (110,31) size 100x147
    RenderText {#text} at (0,0) size 100x147
      text run at (0,0) width 69: "This is an"
      text run at (0,21) width 60: "overflow"
      text run at (0,42) width 84: "section with"
      text run at (0,63) width 100: "enough text to"
      text run at (0,84) width 91: "have to wrap"
      text run at (0,105) width 73: "to multiple"
      text run at (0,126) width 38: "lines."
layer at (18,1859) size 200x63
  RenderBlock (floating) {DIV} at (10,61) size 200x63
    RenderText {#text} at (0,0) size 189x63
      text run at (0,0) width 188: "This is an overflow section"
      text run at (0,21) width 189: "with enough text to have to"
      text run at (0,42) width 154: "wrap to multiple lines."
layer at (118,1984) size 100x147
  RenderBlock {DIV} at (110,31) size 100x147
    RenderText {#text} at (0,0) size 100x147
      text run at (0,0) width 69: "This is an"
      text run at (0,21) width 60: "overflow"
      text run at (0,42) width 84: "section with"
      text run at (0,63) width 100: "enough text to"
      text run at (0,84) width 91: "have to wrap"
      text run at (0,105) width 73: "to multiple"
      text run at (0,126) width 38: "lines."
layer at (118,2235) size 100x147
  RenderBlock {DIV} at (110,31) size 100x147
    RenderText {#text} at (0,0) size 100x147
      text run at (0,0) width 69: "This is an"
      text run at (0,21) width 60: "overflow"
      text run at (0,42) width 84: "section with"
      text run at (0,63) width 100: "enough text to"
      text run at (0,84) width 91: "have to wrap"
      text run at (0,105) width 73: "to multiple"
      text run at (0,126) width 38: "lines."
