layer at (0,0) size 800x600
  RenderView at (0,0) size 800x600
layer at (0,0) size 800x600
  RenderBlock {HTML} at (0,0) size 800x600
    RenderBody {BODY} at (8,8) size 784x584
      RenderBlock {P} at (0,0) size 784x42
        RenderText {#text} at (0,0) size 130x21
          text run at (0,0) width 130: "Rendering test for "
        RenderInline {I} at (0,0) size 735x42
          RenderInline {A} at (0,0) size 329x21 [color=#0000EE]
            RenderText {#text} at (130,0) size 329x21
              text run at (130,0) width 329: "http://bugs.webkit.org/show_bug.cgi?id=17107"
          RenderText {#text} at (459,0) size 735x42
            text run at (459,0) width 4: " "
            text run at (463,0) width 272: "REGRESSION(r29834): Article text on"
            text run at (0,21) width 385: "redhat.com magazine site appears to be painting twice"
        RenderText {#text} at (385,21) size 4x21
          text run at (385,21) width 4: "."
      RenderBlock {P} at (0,58) size 784x21
        RenderText {#text} at (0,0) size 405x21
          text run at (0,0) width 405: "These two lines of text should be the same shade of gray:"
      RenderBlock {DIV} at (0,95) size 784x30 [color=#0000007F]
        RenderText {#text} at (0,0) size 287x30
          text run at (0,0) width 287: "Lorem ipsum dolor sit amet"
      RenderBlock {DIV} at (0,125) size 784x0 [color=#0000007F]
        RenderBlock (floating) {DIV} at (0,0) size 287x30
          RenderText {#text} at (0,0) size 287x30
            text run at (0,0) width 287: "Lorem ipsum dolor sit amet"
      RenderBlock (anonymous) at (0,125) size 784x30
        RenderBR {BR} at (287,0) size 0x21
