layer at (0,0) size 800x600
  RenderView at (0,0) size 800x600
layer at (0,0) size 800x600
  RenderBlock {HTML} at (0,0) size 800x600
    RenderBody {BODY} at (8,8) size 784x584
      RenderBlock {P} at (0,0) size 784x42
        RenderText {#text} at (0,0) size 57x21
          text run at (0,0) width 57: "Test for "
        RenderInline {I} at (0,0) size 779x42
          RenderInline {A} at (0,0) size 329x21 [color=#0000EE]
            RenderText {#text} at (57,0) size 329x21
              text run at (57,0) width 329: "http://bugs.webkit.org/show_bug.cgi?id=15296"
          RenderText {#text} at (386,0) size 779x42
            text run at (386,0) width 4: " "
            text run at (390,0) width 389: "REGRESSION (r19716-r19719): width not specified for"
            text run at (0,21) width 325: "<marquee> tag is causing the alignment issue"
        RenderText {#text} at (325,21) size 4x21
          text run at (325,21) width 4: "."
      RenderBlock {P} at (0,58) size 784x21
        RenderText {#text} at (0,0) size 304x21
          text run at (0,0) width 304: "This should be a green 100\x{D7}100px square:"
      RenderBlock {DIV} at (0,95) size 100x100 [bgcolor=#FF0000]
        RenderBlock (floating) {DIV} at (0,0) size 50x100 [bgcolor=#008000]
        RenderBlock {DIV} at (0,0) size 100x100
          RenderText {#text} at (0,0) size 0x0
layer at (58,103) size 50x100 scrollX -50
  RenderBlock {MARQUEE} at (50,0) size 50x100 [bgcolor=#008000]
