layer at (0,0) size 800x600
  RenderView at (0,0) size 800x600
layer at (0,0) size 800x600
  RenderBlock {HTML} at (0,0) size 800x600
    RenderBody {BODY} at (8,8) size 784x584
      RenderBlock (floating) {DIV} at (0,0) size 222x21
        RenderBlock {DIV} at (0,0) size 222x21
          RenderText {#text} at (0,0) size 222x21
            text run at (0,0) width 222: "This is a test for rdar://5025925."
      RenderBlock (floating) {DIV} at (222,0) size 340x21
        RenderBlock {DIV} at (0,0) size 340x21
          RenderText {#text} at (0,0) size 340x21
            text run at (0,0) width 340: "The test succeeds if this does not hang or crash."
      RenderBlock (anonymous) at (0,0) size 784x21
        RenderText {#text} at (562,0) size 4x21
          text run at (562,0) width 4: " "
      RenderBlock {DIV} at (0,21) size 784x0
