layer at (0,0) size 800x600
  RenderView at (0,0) size 800x600
layer at (0,0) size 800x600
  RenderBlock {HTML} at (0,0) size 800x600
    RenderBody {BODY} at (8,8) size 784x576
      RenderBlock {P} at (0,0) size 784x42
        RenderText {#text} at (0,0) size 153x21
          text run at (0,0) width 153: "This is a pixel test for "
        RenderInline {I} at (0,0) size 765x42
          RenderInline {A} at (0,0) size 379x21 [color=#0000EE]
            RenderText {#text} at (153,0) size 379x21
              text run at (153,0) width 379: "http://bugzilla.opendarwin.org/show_bug.cgi?id=4334"
          RenderText {#text} at (532,0) size 765x42
            text run at (532,0) width 4: " "
            text run at (536,0) width 229: "REGRESSION: Flickering when"
            text run at (0,21) width 380: "css-hover should change opacity on floating elements"
        RenderText {#text} at (380,21) size 4x21
          text run at (380,21) width 4: "."
      RenderBlock {P} at (0,58) size 784x21
        RenderText {#text} at (0,0) size 549x21
          text run at (0,0) width 549: "There should be a solid green square below mixed in with a paragraph of text."
      RenderBlock {HR} at (0,95) size 784x2 [border: (1px inset #000000)]
      RenderBlock {DIV} at (0,115) size 784x148
        RenderBlock {DIV} at (0,0) size 784x148
          RenderBlock (floating) {DIV} at (3,3) size 75x75 [bgcolor=#008000]
          RenderBlock {H3} at (0,0) size 784x25
            RenderText {#text} at (81,0) size 180x25
              text run at (81,0) width 180: "Stanley Park Forest"
          RenderBlock {P} at (0,43) size 784x105
            RenderText {#text} at (81,0) size 772x105
              text run at (81,0) width 691: "The forest is primarily second and third growth. The area was saved from development because of"
              text run at (81,21) width 655: "its status as a federal military reserve; it occupied a strategic location for defending the former"
              text run at (0,42) width 750: "provincial capital of New Westminster in the case of an American naval invasion. Nevertheless, the federal"
              text run at (0,63) width 758: "government allowed logging operations there in the mid-nineteenth century. Large swathes of the park were"
              text run at (0,84) width 503: "also deforested by natural causes on two occasions in the 20th century."
