layer at (0,0) size 800x600
  RenderView at (0,0) size 800x600
layer at (0,0) size 800x600
  RenderBlock {HTML} at (0,0) size 800x600
    RenderBody {BODY} at (8,8) size 784x584
      RenderBlock {P} at (0,0) size 784x21
        RenderText {#text} at (0,0) size 341x21
          text run at (0,0) width 341: "Test shrink-to-fit width for floating elements (see "
        RenderInline {A} at (0,0) size 108x21 [color=#0000EE]
          RenderText {#text} at (341,0) size 108x21
            text run at (341,0) width 108: "CSS 2.1 10.3.5"
        RenderText {#text} at (449,0) size 9x21
          text run at (449,0) width 9: ")."
      RenderBlock {P} at (0,37) size 784x42
        RenderText {#text} at (0,0) size 209x21
          text run at (0,0) width 209: "Shrink-to-fit width is min(max("
        RenderInline {I} at (0,0) size 175x21
          RenderText {#text} at (209,0) size 175x21
            text run at (209,0) width 175: "preferred minimum width"
        RenderText {#text} at (384,0) size 8x21
          text run at (384,0) width 8: ", "
        RenderInline {I} at (0,0) size 107x21
          RenderText {#text} at (392,0) size 107x21
            text run at (392,0) width 107: "available width"
        RenderText {#text} at (499,0) size 13x21
          text run at (499,0) width 13: "), "
        RenderInline {I} at (0,0) size 106x21
          RenderText {#text} at (512,0) size 106x21
            text run at (512,0) width 106: "preferred width"
        RenderText {#text} at (618,0) size 784x42
          text run at (618,0) width 13: "). "
          text run at (631,0) width 153: "In the following cases"
          text run at (0,21) width 113: "(except the \x{201C}x\x{201D}), "
        RenderInline {I} at (0,0) size 175x21
          RenderText {#text} at (113,21) size 175x21
            text run at (113,21) width 175: "preferred minimum width"
        RenderText {#text} at (288,21) size 17x21
          text run at (288,21) width 17: " < "
        RenderInline {I} at (0,0) size 107x21
          RenderText {#text} at (305,21) size 107x21
            text run at (305,21) width 107: "available width"
        RenderText {#text} at (412,21) size 17x21
          text run at (412,21) width 17: " < "
        RenderInline {I} at (0,0) size 106x21
          RenderText {#text} at (429,21) size 106x21
            text run at (429,21) width 106: "preferred width"
        RenderText {#text} at (0,0) size 0x0
      RenderBlock {DIV} at (0,95) size 100x257
        RenderBlock (floating) {DIV} at (0,0) size 100x48 [border: (3px solid #000000)]
          RenderText {#text} at (3,3) size 66x42
            text run at (3,3) width 66: "longword"
            text run at (3,24) width 66: "longword"
        RenderBlock {DIV} at (0,48) size 100x10
        RenderBlock (floating) {DIV} at (0,58) size 100x48 [border: (3px solid #000000)]
          RenderText {#text} at (3,3) size 66x42
            text run at (3,3) width 66: "longword"
            text run at (3,24) width 66: "longword"
        RenderBlock {DIV} at (0,106) size 100x10
        RenderBlock (floating) {DIV} at (0,116) size 100x48 [border: (3px solid #000000)]
          RenderText {#text} at (3,3) size 66x42
            text run at (3,3) width 66: "longword"
            text run at (3,24) width 66: "longword"
        RenderBlock (floating) {DIV} at (86,164) size 14x27 [border: (3px solid #000000)]
          RenderText {#text} at (3,3) size 8x21
            text run at (3,3) width 8: "x"
        RenderBlock {DIV} at (0,191) size 100x10
        RenderBlock (floating) {DIV} at (0,201) size 100x46 [border: (3px solid #000000)]
          RenderBlock {DIV} at (3,3) size 60x20 [bgcolor=#C0C0C0]
          RenderText {#text} at (0,0) size 0x0
          RenderBlock {DIV} at (3,23) size 60x20 [bgcolor=#C0C0C0]
          RenderText {#text} at (0,0) size 0x0
        RenderBlock {DIV} at (0,247) size 100x10
        RenderBlock (floating) {DIV} at (0,257) size 100x46 [border: (3px solid #000000)]
          RenderBlock {DIV} at (3,3) size 60x20 [bgcolor=#C0C0C0]
          RenderText {#text} at (0,0) size 0x0
          RenderBlock {DIV} at (3,23) size 60x20 [bgcolor=#C0C0C0]
          RenderText {#text} at (0,0) size 0x0
