layer at (0,0) size 1431655767x584
  RenderView at (0,0) size 800x584
layer at (0,0) size 800x584
  RenderBlock {HTML} at (0,0) size 800x584
    RenderBody {BODY} at (8,8) size 784x568
      RenderBlock {DIV} at (0,0) size 15x200
        RenderBlock (anonymous) at (0,200) size 15x0
          RenderInline {A} at (0,0) size 0x0
            RenderText {#text} at (0,0) size 0x0
      RenderBlock (anonymous) at (0,200) size 784x0
        RenderInline {A} at (0,0) size 0x0
          RenderText {#text} at (0,0) size 0x0
layer at (8,8) size 15x200
  RenderBlock (relative positioned) {DIV} at (0,0) size 15x200
    RenderBlock (anonymous) at (0,200) size 15x0
      RenderInline {A} at (0,0) size 0x0
        RenderText {#text} at (0,0) size 0x0
layer at (8,8) size 15x200
  RenderBlock {DIV} at (0,0) size 15x200
    RenderImage {IMG} at (0,0) size 15x200 [bgcolor=#C0C0C0]
layer at (8,208) size 15x96
  RenderBlock (positioned) {DIV} at (0,200) size 15x96
    RenderBlock (anonymous) at (0,0) size 15x0
      RenderInline {A} at (0,0) size 0x0
    RenderBlock (anonymous) at (0,16) size 15x64
      RenderBlock {P} at (0,0) size 15x64
        RenderText {#text} at (0,0) size 12x64
          text run at (0,0) width 11: "A"
          text run at (0,16) width 11: "B"
          text run at (0,32) width 12: "C"
          text run at (0,48) width 12: "D"
    RenderBlock (anonymous) at (0,96) size 15x0
      RenderInline {A} at (0,0) size 0x0
