layer at (0,0) size 800x600
  RenderView at (0,0) size 800x600
layer at (0,0) size 800x600
  RenderBlock {HTML} at (0,0) size 800x600
    RenderBody {BODY} at (8,8) size 784x584
      RenderBlock {P} at (0,0) size 784x18
        RenderText {#text} at (0,0) size 153x18
          text run at (0,0) width 153: "Test controls placement."
      RenderBlock (anonymous) at (0,34) size 784x86
        RenderMedia {AUDIO} at (0,0) size 200x16 [bgcolor=#0000FF]
        RenderBR {BR} at (200,16) size 0x0
        RenderBR {BR} at (0,16) size 0x18
        RenderMedia {AUDIO} at (0,34) size 320x16 [bgcolor=#0000FF]
        RenderBR {BR} at (320,50) size 0x0
        RenderBR {BR} at (0,50) size 0x18
        RenderBR {BR} at (0,68) size 0x18
layer at (8,42) size 200x16
  RenderDeprecatedFlexibleBox (relative positioned) {DIV} at (0,0) size 200x16
layer at (8,42) size 200x16
  RenderDeprecatedFlexibleBox (relative positioned) {DIV} at (0,0) size 200x16
    RenderButton {INPUT} at (0,0) size 16x16
    RenderDeprecatedFlexibleBox {DIV} at (16,0) size 136x16
      RenderSlider {INPUT} at (0,0) size 136x16
        RenderDeprecatedFlexibleBox {DIV} at (2,0) size 132x16
          RenderBlock {DIV} at (0,4) size 122x8
          RenderBlock {DIV} at (122,4) size 10x8
    RenderButton {INPUT} at (152,0) size 16x16
    RenderButton {INPUT} at (168,0) size 16x16
    RenderBlock {DIV} at (184,0) size 16x16
      RenderButton {INPUT} at (0,0) size 16x16
layer at (26,46) size 10x8
  RenderBlock (relative positioned) {DIV} at (0,0) size 10x8
layer at (8,76) size 320x16
  RenderDeprecatedFlexibleBox (relative positioned) {DIV} at (0,0) size 320x16
layer at (8,76) size 320x16
  RenderDeprecatedFlexibleBox (relative positioned) {DIV} at (0,0) size 320x16
    RenderButton {INPUT} at (0,0) size 16x16
    RenderDeprecatedFlexibleBox {DIV} at (16,0) size 256x16
      RenderSlider {INPUT} at (0,0) size 256x16
        RenderDeprecatedFlexibleBox {DIV} at (2,0) size 252x16
          RenderBlock {DIV} at (0,4) size 242x8
          RenderBlock {DIV} at (242,4) size 10x8
    RenderButton {INPUT} at (272,0) size 16x16
    RenderButton {INPUT} at (288,0) size 16x16
    RenderBlock {DIV} at (304,0) size 16x16
      RenderButton {INPUT} at (0,0) size 16x16
layer at (26,80) size 10x8
  RenderBlock (relative positioned) {DIV} at (0,0) size 10x8
layer at (8,110) size 320x100
  RenderMedia {AUDIO} at (8,110) size 320x100 [bgcolor=#0000FF]
layer at (8,110) size 320x100
  RenderDeprecatedFlexibleBox (relative positioned) {DIV} at (0,0) size 320x100
layer at (8,194) size 320x16
  RenderDeprecatedFlexibleBox (relative positioned) {DIV} at (0,84) size 320x16
    RenderButton {INPUT} at (0,0) size 16x16
    RenderDeprecatedFlexibleBox {DIV} at (16,0) size 256x16
      RenderSlider {INPUT} at (0,0) size 256x16
        RenderDeprecatedFlexibleBox {DIV} at (2,0) size 252x16
          RenderBlock {DIV} at (0,4) size 242x8
          RenderBlock {DIV} at (242,4) size 10x8
    RenderButton {INPUT} at (272,0) size 16x16
    RenderButton {INPUT} at (288,0) size 16x16
    RenderBlock {DIV} at (304,0) size 16x16
      RenderButton {INPUT} at (0,0) size 16x16
layer at (26,198) size 10x8
  RenderBlock (relative positioned) {DIV} at (0,0) size 10x8
