layer at (0,0) size 800x600
  RenderView at (0,0) size 800x600
layer at (0,0) size 800x600
  RenderBlock {HTML} at (0,0) size 800x600
    RenderBody {BODY} at (8,8) size 784x584
      RenderBlock {P} at (0,0) size 784x18
        RenderText {#text} at (0,0) size 312x18
          text run at (0,0) width 312: "The controls should not depend on preload value."
      RenderBlock (anonymous) at (0,34) size 784x240
        RenderText {#text} at (0,0) size 0x0
layer at (8,42) size 320x240
  RenderVideo {VIDEO} at (0,0) size 320x240
layer at (8,42) size 320x240
  RenderBlock (relative positioned) {DIV} at (0,0) size 320x240
layer at (8,266) size 320x16
  RenderDeprecatedFlexibleBox (positioned) {DIV} at (0,224) size 320x16
    RenderButton {INPUT} at (0,0) size 16x16
    RenderDeprecatedFlexibleBox {DIV} at (16,0) size 256x16
      RenderSlider {INPUT} at (0,0) size 256x16
        RenderBlock {DIV} at (2,4) size 10x8
    RenderButton {INPUT} at (272,0) size 16x16
    RenderButton {INPUT} at (288,0) size 16x16
    RenderButton {INPUT} at (304,0) size 16x16
