layer at (0,0) size 800x600
  RenderView at (0,0) size 800x600
layer at (0,0) size 800x600
  RenderBlock {HTML} at (0,0) size 800x600
    RenderBody {BODY} at (8,8) size 784x584
      RenderText {#text} at (0,0) size 493x18
        text run at (0,0) width 493: "This tests that toggling the display property won't make the controls disappear."
      RenderBR {BR} at (493,14) size 0x0
      RenderText {#text} at (0,0) size 0x0
layer at (8,26) size 320x240
  RenderVideo {VIDEO} at (0,18) size 320x240
layer at (8,26) size 320x240
  RenderDeprecatedFlexibleBox (relative positioned) {DIV} at (0,0) size 320x240
layer at (8,250) size 320x16
  RenderDeprecatedFlexibleBox (relative positioned) {DIV} at (0,224) size 320x16
    RenderButton {INPUT} at (0,0) size 16x16
    RenderDeprecatedFlexibleBox {DIV} at (16,0) size 240x16
      RenderSlider {INPUT} at (0,0) size 240x16
        RenderDeprecatedFlexibleBox {DIV} at (2,0) size 236x16
          RenderBlock {DIV} at (0,4) size 226x8
          RenderBlock {DIV} at (226,4) size 10x8
    RenderButton {INPUT} at (256,0) size 16x16
    RenderButton {INPUT} at (272,0) size 16x16
    RenderButton {INPUT} at (288,0) size 16x16
    RenderBlock {DIV} at (304,0) size 16x16
      RenderButton {INPUT} at (0,0) size 16x16
layer at (26,254) size 10x8
  RenderBlock (relative positioned) {DIV} at (0,0) size 10x8
