layer at (0,0) size 800x600
  RenderView at (0,0) size 800x600
layer at (0,0) size 800x146
  RenderBlock {HTML} at (0,0) size 800x146
    RenderBody {BODY} at (8,16) size 784x114
      RenderBlock {DIV} at (0,0) size 784x114
        RenderBlock {P} at (0,0) size 784x18
          RenderText {#text} at (0,0) size 256x18
            text run at (0,0) width 256: "The following two bars should be green."
        RenderBlock {DIV} at (16,34) size 752x32 [bgcolor=#00FF00]
        RenderBlock {DIV} at (16,82) size 752x32 [bgcolor=#FF0000]
