layer at (0,0) size 800x600
  RenderView at (0,0) size 800x600
layer at (0,0) size 800x118
  RenderBlock {HTML} at (0,0) size 800x118
    RenderBody {BODY} at (8,16) size 784x86
      RenderBlock {P} at (0,0) size 784x18
        RenderText {#text} at (0,0) size 302x18
          text run at (0,0) width 302: "This paragraph should have normal background"
      RenderBlock {DIV} at (0,34) size 784x52
        RenderBlock (anonymous) at (0,0) size 784x18
          RenderText {#text} at (0,0) size 234x18
            text run at (0,0) width 234: "This div contains only one paragraph"
        RenderBlock {P} at (0,34) size 784x18 [bgcolor=#00FF00]
          RenderText {#text} at (0,0) size 293x18
            text run at (0,0) width 293: "This paragraph should have green background"
