layer at (0,0) size 800x600
  RenderView at (0,0) size 800x600
layer at (0,0) size 800x76
  RenderBlock {HTML} at (0,0) size 800x76
    RenderBody {BODY} at (8,8) size 784x52
      RenderBlock {ADDRESS} at (0,0) size 784x16 [bgcolor=#00FF00]
      RenderBlock {DIV} at (0,0) size 784x18
        RenderText {#text} at (0,0) size 268x18
          text run at (0,0) width 268: "This line should have a green background."
      RenderBlock {P} at (0,34) size 784x18
        RenderText {#text} at (0,0) size 300x18
          text run at (0,0) width 300: "(Note: This test is based on unpublished errata.)"
