layer at (0,0) size 800x600
  RenderView at (0,0) size 800x600
layer at (0,0) size 800x384
  RenderBlock {HTML} at (0,0) size 800x384
    RenderBody {BODY} at (8,16) size 784x352
      RenderBlock {P} at (0,0) size 784x18 [bgcolor=#00FF00]
        RenderText {#text} at (0,0) size 293x18
          text run at (0,0) width 293: "This paragraph should have green background"
      RenderBlock {ADDRESS} at (0,34) size 784x18
        RenderText {#text} at (0,0) size 333x18
          text run at (0,0) width 333: "But this address is here only to fill space in the dom.."
      RenderBlock {P} at (0,68) size 784x18
        RenderText {#text} at (0,0) size 152x18
          text run at (0,0) width 152: "So does this paragraph !"
      RenderBlock {P} at (0,102) size 784x18
        RenderText {#text} at (0,0) size 160x18
          text run at (0,0) width 160: "And so does this one too."
      RenderBlock {DL} at (0,136) size 784x216
        RenderBlock {DT} at (0,0) size 784x18
          RenderText {#text} at (0,0) size 124x18
            text run at (0,0) width 124: "First definition term"
        RenderBlock {DD} at (40,18) size 744x18
          RenderText {#text} at (0,0) size 92x18
            text run at (0,0) width 92: "First definition"
        RenderBlock {DT} at (0,36) size 784x18
          RenderText {#text} at (0,0) size 143x18
            text run at (0,0) width 143: "Second definition term"
        RenderBlock {DD} at (40,54) size 744x18
          RenderText {#text} at (0,0) size 111x18
            text run at (0,0) width 111: "Second definition"
        RenderBlock {DT} at (0,72) size 784x18 [bgcolor=#00FF00]
          RenderText {#text} at (0,0) size 356x18
            text run at (0,0) width 356: "Third definition term that should have green background"
        RenderBlock {DD} at (40,90) size 744x18 [bgcolor=#00FF00]
          RenderText {#text} at (0,0) size 324x18
            text run at (0,0) width 324: "Third definition that should have green background"
        RenderBlock {DT} at (0,108) size 784x18
          RenderText {#text} at (0,0) size 138x18
            text run at (0,0) width 138: "Fourth definition term"
        RenderBlock {DD} at (40,126) size 744x18
          RenderText {#text} at (0,0) size 106x18
            text run at (0,0) width 106: "Fourth definition"
        RenderBlock {DT} at (0,144) size 784x18
          RenderText {#text} at (0,0) size 126x18
            text run at (0,0) width 126: "Fifth definition term"
        RenderBlock {DD} at (40,162) size 744x18
          RenderText {#text} at (0,0) size 94x18
            text run at (0,0) width 94: "Fifth definition"
        RenderBlock {DT} at (0,180) size 784x18 [bgcolor=#00FF00]
          RenderText {#text} at (0,0) size 354x18
            text run at (0,0) width 354: "Sixth definition term that should have green background"
        RenderBlock {DD} at (40,198) size 744x18 [bgcolor=#00FF00]
          RenderText {#text} at (0,0) size 322x18
            text run at (0,0) width 322: "Sixth definition that should have green background"
