layer at (0,0) size 800x5732
  RenderView at (0,0) size 800x600
layer at (0,0) size 800x5732
  RenderBlock {HTML} at (0,0) size 800x5732
    RenderBody {BODY} at (8,8) size 784x5708
      RenderBlock (anonymous) at (0,0) size 784x20
        RenderText {#text} at (0,0) size 323x19
          text run at (0,0) width 323: "This tests font choices and metrics for the default font."
      RenderBlock {P} at (0,36) size 784x1880
        RenderText {#text} at (0,0) size 16x19
          text run at (0,0) width 16: "    "
        RenderBR {BR} at (16,15) size 0x0
        RenderText {#text} at (0,20) size 20x19
          text run at (0,20) width 20: "!!!!"
        RenderBR {BR} at (20,35) size 0x0
        RenderText {#text} at (0,40) size 20x19
          text run at (0,40) width 20: "\"\"\"\""
        RenderBR {BR} at (20,55) size 0x0
        RenderText {#text} at (0,60) size 32x19
          text run at (0,60) width 32: "####"
        RenderBR {BR} at (32,75) size 0x0
        RenderText {#text} at (0,80) size 32x19
          text run at (0,80) width 32: "$$$$"
        RenderBR {BR} at (32,95) size 0x0
        RenderText {#text} at (0,100) size 52x19
          text run at (0,100) width 52: "%%%%"
        RenderBR {BR} at (52,115) size 0x0
        RenderText {#text} at (0,120) size 48x19
          text run at (0,120) width 48: "&&&&"
        RenderBR {BR} at (48,135) size 0x0
        RenderText {#text} at (0,140) size 12x19
          text run at (0,140) width 12: "''''"
        RenderBR {BR} at (12,155) size 0x0
        RenderText {#text} at (0,160) size 20x19
          text run at (0,160) width 20: "(((("
        RenderBR {BR} at (20,175) size 0x0
        RenderText {#text} at (0,180) size 20x19
          text run at (0,180) width 20: "))))"
        RenderBR {BR} at (20,195) size 0x0
        RenderText {#text} at (0,200) size 32x19
          text run at (0,200) width 32: "****"
        RenderBR {BR} at (32,215) size 0x0
        RenderText {#text} at (0,220) size 36x19
          text run at (0,220) width 36: "++++"
        RenderBR {BR} at (36,235) size 0x0
        RenderText {#text} at (0,240) size 16x19
          text run at (0,240) width 16: ",,,,"
        RenderBR {BR} at (16,255) size 0x0
        RenderText {#text} at (0,260) size 24x19
          text run at (0,260) width 24: "----"
        RenderBR {BR} at (24,275) size 0x0
        RenderText {#text} at (0,280) size 16x19
          text run at (0,280) width 16: "...."
        RenderBR {BR} at (16,295) size 0x0
        RenderText {#text} at (0,300) size 16x19
          text run at (0,300) width 16: "////"
        RenderBR {BR} at (16,315) size 0x0
        RenderText {#text} at (0,320) size 32x19
          text run at (0,320) width 32: "0000"
        RenderBR {BR} at (32,335) size 0x0
        RenderText {#text} at (0,340) size 32x19
          text run at (0,340) width 32: "1111"
        RenderBR {BR} at (32,355) size 0x0
        RenderText {#text} at (0,360) size 32x19
          text run at (0,360) width 32: "2222"
        RenderBR {BR} at (32,375) size 0x0
        RenderText {#text} at (0,380) size 32x19
          text run at (0,380) width 32: "3333"
        RenderBR {BR} at (32,395) size 0x0
        RenderText {#text} at (0,400) size 32x19
          text run at (0,400) width 32: "4444"
        RenderBR {BR} at (32,415) size 0x0
        RenderText {#text} at (0,420) size 32x19
          text run at (0,420) width 32: "5555"
        RenderBR {BR} at (32,435) size 0x0
        RenderText {#text} at (0,440) size 32x19
          text run at (0,440) width 32: "6666"
        RenderBR {BR} at (32,455) size 0x0
        RenderText {#text} at (0,460) size 32x19
          text run at (0,460) width 32: "7777"
        RenderBR {BR} at (32,475) size 0x0
        RenderText {#text} at (0,480) size 32x19
          text run at (0,480) width 32: "8888"
        RenderBR {BR} at (32,495) size 0x0
        RenderText {#text} at (0,500) size 32x19
          text run at (0,500) width 32: "9999"
        RenderBR {BR} at (32,515) size 0x0
        RenderText {#text} at (0,520) size 12x19
          text run at (0,520) width 12: "::::"
        RenderBR {BR} at (12,535) size 0x0
        RenderText {#text} at (0,540) size 16x19
          text run at (0,540) width 16: ";;;;"
        RenderBR {BR} at (16,555) size 0x0
        RenderText {#text} at (0,560) size 36x19
          text run at (0,560) width 36: "<<<<"
        RenderBR {BR} at (36,575) size 0x0
        RenderText {#text} at (0,580) size 36x19
          text run at (0,580) width 36: "===="
        RenderBR {BR} at (36,595) size 0x0
        RenderText {#text} at (0,600) size 36x19
          text run at (0,600) width 36: ">>>>"
        RenderBR {BR} at (36,615) size 0x0
        RenderText {#text} at (0,620) size 28x19
          text run at (0,620) width 28: "????"
        RenderBR {BR} at (28,635) size 0x0
        RenderText {#text} at (0,640) size 60x19
          text run at (0,640) width 60: "@@@@"
        RenderBR {BR} at (60,655) size 0x0
        RenderText {#text} at (0,660) size 44x19
          text run at (0,660) width 44: "AAAA"
        RenderBR {BR} at (44,675) size 0x0
        RenderText {#text} at (0,680) size 40x19
          text run at (0,680) width 40: "BBBB"
        RenderBR {BR} at (40,695) size 0x0
        RenderText {#text} at (0,700) size 44x19
          text run at (0,700) width 44: "CCCC"
        RenderBR {BR} at (44,715) size 0x0
        RenderText {#text} at (0,720) size 44x19
          text run at (0,720) width 44: "DDDD"
        RenderBR {BR} at (44,735) size 0x0
        RenderText {#text} at (0,740) size 36x19
          text run at (0,740) width 36: "EEEE"
        RenderBR {BR} at (36,755) size 0x0
        RenderText {#text} at (0,760) size 36x19
          text run at (0,760) width 36: "FFFF"
        RenderBR {BR} at (36,775) size 0x0
        RenderText {#text} at (0,780) size 44x19
          text run at (0,780) width 44: "GGGG"
        RenderBR {BR} at (44,795) size 0x0
        RenderText {#text} at (0,800) size 44x19
          text run at (0,800) width 44: "HHHH"
        RenderBR {BR} at (44,815) size 0x0
        RenderText {#text} at (0,820) size 20x19
          text run at (0,820) width 20: "IIII"
        RenderBR {BR} at (20,835) size 0x0
        RenderText {#text} at (0,840) size 24x19
          text run at (0,840) width 24: "JJJJ"
        RenderBR {BR} at (24,855) size 0x0
        RenderText {#text} at (0,860) size 48x19
          text run at (0,860) width 48: "KKKK"
        RenderBR {BR} at (48,875) size 0x0
        RenderText {#text} at (0,880) size 36x19
          text run at (0,880) width 36: "LLLL"
        RenderBR {BR} at (36,895) size 0x0
        RenderText {#text} at (0,900) size 56x19
          text run at (0,900) width 56: "MMMM"
        RenderBR {BR} at (56,915) size 0x0
        RenderText {#text} at (0,920) size 48x19
          text run at (0,920) width 48: "NNNN"
        RenderBR {BR} at (48,935) size 0x0
        RenderText {#text} at (0,940) size 48x19
          text run at (0,940) width 48: "OOOO"
        RenderBR {BR} at (48,955) size 0x0
        RenderText {#text} at (0,960) size 36x19
          text run at (0,960) width 36: "PPPP"
        RenderBR {BR} at (36,975) size 0x0
        RenderText {#text} at (0,980) size 48x19
          text run at (0,980) width 48: "QQQQ"
        RenderBR {BR} at (48,995) size 0x0
        RenderText {#text} at (0,1000) size 40x19
          text run at (0,1000) width 40: "RRRR"
        RenderBR {BR} at (40,1015) size 0x0
        RenderText {#text} at (0,1020) size 36x19
          text run at (0,1020) width 36: "SSSS"
        RenderBR {BR} at (36,1035) size 0x0
        RenderText {#text} at (0,1040) size 36x19
          text run at (0,1040) width 36: "TTTT"
        RenderBR {BR} at (36,1055) size 0x0
        RenderText {#text} at (0,1060) size 44x19
          text run at (0,1060) width 44: "UUUU"
        RenderBR {BR} at (44,1075) size 0x0
        RenderText {#text} at (0,1080) size 44x19
          text run at (0,1080) width 44: "VVVV"
        RenderBR {BR} at (44,1095) size 0x0
        RenderText {#text} at (0,1100) size 60x19
          text run at (0,1100) width 60: "WWWW"
        RenderBR {BR} at (60,1115) size 0x0
        RenderText {#text} at (0,1120) size 44x19
          text run at (0,1120) width 44: "XXXX"
        RenderBR {BR} at (44,1135) size 0x0
        RenderText {#text} at (0,1140) size 44x19
          text run at (0,1140) width 44: "YYYY"
        RenderBR {BR} at (44,1155) size 0x0
        RenderText {#text} at (0,1160) size 36x19
          text run at (0,1160) width 36: "ZZZZ"
        RenderBR {BR} at (36,1175) size 0x0
        RenderText {#text} at (0,1180) size 20x19
          text run at (0,1180) width 20: "[[[["
        RenderBR {BR} at (20,1195) size 0x0
        RenderText {#text} at (0,1200) size 16x19
          text run at (0,1200) width 16: "\\\\\\\\"
        RenderBR {BR} at (16,1215) size 0x0
        RenderText {#text} at (0,1220) size 20x19
          text run at (0,1220) width 20: "]]]]"
        RenderBR {BR} at (20,1235) size 0x0
        RenderText {#text} at (0,1240) size 32x19
          text run at (0,1240) width 32: "^^^^"
        RenderBR {BR} at (32,1255) size 0x0
        RenderText {#text} at (0,1260) size 32x19
          text run at (0,1260) width 32: "____"
        RenderBR {BR} at (32,1275) size 0x0
        RenderText {#text} at (0,1280) size 20x19
          text run at (0,1280) width 20: "````"
        RenderBR {BR} at (20,1295) size 0x0
        RenderText {#text} at (0,1300) size 28x19
          text run at (0,1300) width 28: "aaaa"
        RenderBR {BR} at (28,1315) size 0x0
        RenderText {#text} at (0,1320) size 32x19
          text run at (0,1320) width 32: "bbbb"
        RenderBR {BR} at (32,1335) size 0x0
        RenderText {#text} at (0,1340) size 28x19
          text run at (0,1340) width 28: "cccc"
        RenderBR {BR} at (28,1355) size 0x0
        RenderText {#text} at (0,1360) size 32x19
          text run at (0,1360) width 32: "dddd"
        RenderBR {BR} at (32,1375) size 0x0
        RenderText {#text} at (0,1380) size 28x19
          text run at (0,1380) width 28: "eeee"
        RenderBR {BR} at (28,1395) size 0x0
        RenderText {#text} at (0,1400) size 16x19
          text run at (0,1400) width 16: "ffff"
        RenderBR {BR} at (16,1415) size 0x0
        RenderText {#text} at (0,1420) size 28x19
          text run at (0,1420) width 28: "gggg"
        RenderBR {BR} at (28,1435) size 0x0
        RenderText {#text} at (0,1440) size 28x19
          text run at (0,1440) width 28: "hhhh"
        RenderBR {BR} at (28,1455) size 0x0
        RenderText {#text} at (0,1460) size 12x19
          text run at (0,1460) width 12: "iiii"
        RenderBR {BR} at (12,1475) size 0x0
        RenderText {#text} at (0,1480) size 16x19
          text run at (0,1480) width 16: "jjjj"
        RenderBR {BR} at (16,1495) size 0x0
        RenderText {#text} at (0,1500) size 32x19
          text run at (0,1500) width 32: "kkkk"
        RenderBR {BR} at (32,1515) size 0x0
        RenderText {#text} at (0,1520) size 12x19
          text run at (0,1520) width 12: "llll"
        RenderBR {BR} at (12,1535) size 0x0
        RenderText {#text} at (0,1540) size 44x19
          text run at (0,1540) width 44: "mmmm"
        RenderBR {BR} at (44,1555) size 0x0
        RenderText {#text} at (0,1560) size 28x19
          text run at (0,1560) width 28: "nnnn"
        RenderBR {BR} at (28,1575) size 0x0
        RenderText {#text} at (0,1580) size 32x19
          text run at (0,1580) width 32: "oooo"
        RenderBR {BR} at (32,1595) size 0x0
        RenderText {#text} at (0,1600) size 32x19
          text run at (0,1600) width 32: "pppp"
        RenderBR {BR} at (32,1615) size 0x0
        RenderText {#text} at (0,1620) size 32x19
          text run at (0,1620) width 32: "qqqq"
        RenderBR {BR} at (32,1635) size 0x0
        RenderText {#text} at (0,1640) size 20x19
          text run at (0,1640) width 20: "rrrr"
        RenderBR {BR} at (20,1655) size 0x0
        RenderText {#text} at (0,1660) size 24x19
          text run at (0,1660) width 24: "ssss"
        RenderBR {BR} at (24,1675) size 0x0
        RenderText {#text} at (0,1680) size 16x19
          text run at (0,1680) width 16: "tttt"
        RenderBR {BR} at (16,1695) size 0x0
        RenderText {#text} at (0,1700) size 28x19
          text run at (0,1700) width 28: "uuuu"
        RenderBR {BR} at (28,1715) size 0x0
        RenderText {#text} at (0,1720) size 28x19
          text run at (0,1720) width 28: "vvvv"
        RenderBR {BR} at (28,1735) size 0x0
        RenderText {#text} at (0,1740) size 44x19
          text run at (0,1740) width 44: "wwww"
        RenderBR {BR} at (44,1755) size 0x0
        RenderText {#text} at (0,1760) size 28x19
          text run at (0,1760) width 28: "xxxx"
        RenderBR {BR} at (28,1775) size 0x0
        RenderText {#text} at (0,1780) size 28x19
          text run at (0,1780) width 28: "yyyy"
        RenderBR {BR} at (28,1795) size 0x0
        RenderText {#text} at (0,1800) size 24x19
          text run at (0,1800) width 24: "zzzz"
        RenderBR {BR} at (24,1815) size 0x0
        RenderText {#text} at (0,1820) size 28x19
          text run at (0,1820) width 28: "{{{{"
        RenderBR {BR} at (28,1835) size 0x0
        RenderText {#text} at (0,1840) size 12x19
          text run at (0,1840) width 12: "||||"
        RenderBR {BR} at (12,1855) size 0x0
        RenderText {#text} at (0,1860) size 32x19
          text run at (0,1860) width 32: "}}}}"
        RenderBR {BR} at (32,1875) size 0x0
      RenderBlock {P} at (0,1932) size 784x1880
        RenderInline {B} at (0,0) size 64x1879
          RenderText {#text} at (0,0) size 16x19
            text run at (0,0) width 16: "    "
          RenderBR {BR} at (16,15) size 0x0
          RenderText {#text} at (0,20) size 20x19
            text run at (0,20) width 20: "!!!!"
          RenderBR {BR} at (20,35) size 0x0
          RenderText {#text} at (0,40) size 36x19
            text run at (0,40) width 36: "\"\"\"\""
          RenderBR {BR} at (36,55) size 0x0
          RenderText {#text} at (0,60) size 32x19
            text run at (0,60) width 32: "####"
          RenderBR {BR} at (32,75) size 0x0
          RenderText {#text} at (0,80) size 32x19
            text run at (0,80) width 32: "$$$$"
          RenderBR {BR} at (32,95) size 0x0
          RenderText {#text} at (0,100) size 64x19
            text run at (0,100) width 64: "%%%%"
          RenderBR {BR} at (64,115) size 0x0
          RenderText {#text} at (0,120) size 52x19
            text run at (0,120) width 52: "&&&&"
          RenderBR {BR} at (52,135) size 0x0
          RenderText {#text} at (0,140) size 16x19
            text run at (0,140) width 16: "''''"
          RenderBR {BR} at (16,155) size 0x0
          RenderText {#text} at (0,160) size 20x19
            text run at (0,160) width 20: "(((("
          RenderBR {BR} at (20,175) size 0x0
          RenderText {#text} at (0,180) size 20x19
            text run at (0,180) width 20: "))))"
          RenderBR {BR} at (20,195) size 0x0
          RenderText {#text} at (0,200) size 32x19
            text run at (0,200) width 32: "****"
          RenderBR {BR} at (32,215) size 0x0
          RenderText {#text} at (0,220) size 36x19
            text run at (0,220) width 36: "++++"
          RenderBR {BR} at (36,235) size 0x0
          RenderText {#text} at (0,240) size 16x19
            text run at (0,240) width 16: ",,,,"
          RenderBR {BR} at (16,255) size 0x0
          RenderText {#text} at (0,260) size 20x19
            text run at (0,260) width 20: "----"
          RenderBR {BR} at (20,275) size 0x0
          RenderText {#text} at (0,280) size 16x19
            text run at (0,280) width 16: "...."
          RenderBR {BR} at (16,295) size 0x0
          RenderText {#text} at (0,300) size 16x19
            text run at (0,300) width 16: "////"
          RenderBR {BR} at (16,315) size 0x0
          RenderText {#text} at (0,320) size 32x19
            text run at (0,320) width 32: "0000"
          RenderBR {BR} at (32,335) size 0x0
          RenderText {#text} at (0,340) size 32x19
            text run at (0,340) width 32: "1111"
          RenderBR {BR} at (32,355) size 0x0
          RenderText {#text} at (0,360) size 32x19
            text run at (0,360) width 32: "2222"
          RenderBR {BR} at (32,375) size 0x0
          RenderText {#text} at (0,380) size 32x19
            text run at (0,380) width 32: "3333"
          RenderBR {BR} at (32,395) size 0x0
          RenderText {#text} at (0,400) size 32x19
            text run at (0,400) width 32: "4444"
          RenderBR {BR} at (32,415) size 0x0
          RenderText {#text} at (0,420) size 32x19
            text run at (0,420) width 32: "5555"
          RenderBR {BR} at (32,435) size 0x0
          RenderText {#text} at (0,440) size 32x19
            text run at (0,440) width 32: "6666"
          RenderBR {BR} at (32,455) size 0x0
          RenderText {#text} at (0,460) size 32x19
            text run at (0,460) width 32: "7777"
          RenderBR {BR} at (32,475) size 0x0
          RenderText {#text} at (0,480) size 32x19
            text run at (0,480) width 32: "8888"
          RenderBR {BR} at (32,495) size 0x0
          RenderText {#text} at (0,500) size 32x19
            text run at (0,500) width 32: "9999"
          RenderBR {BR} at (32,515) size 0x0
          RenderText {#text} at (0,520) size 20x19
            text run at (0,520) width 20: "::::"
          RenderBR {BR} at (20,535) size 0x0
          RenderText {#text} at (0,540) size 20x19
            text run at (0,540) width 20: ";;;;"
          RenderBR {BR} at (20,555) size 0x0
          RenderText {#text} at (0,560) size 36x19
            text run at (0,560) width 36: "<<<<"
          RenderBR {BR} at (36,575) size 0x0
          RenderText {#text} at (0,580) size 36x19
            text run at (0,580) width 36: "===="
          RenderBR {BR} at (36,595) size 0x0
          RenderText {#text} at (0,600) size 36x19
            text run at (0,600) width 36: ">>>>"
          RenderBR {BR} at (36,615) size 0x0
          RenderText {#text} at (0,620) size 32x19
            text run at (0,620) width 32: "????"
          RenderBR {BR} at (32,635) size 0x0
          RenderText {#text} at (0,640) size 60x19
            text run at (0,640) width 60: "@@@@"
          RenderBR {BR} at (60,655) size 0x0
          RenderText {#text} at (0,660) size 44x19
            text run at (0,660) width 44: "AAAA"
          RenderBR {BR} at (44,675) size 0x0
          RenderText {#text} at (0,680) size 44x19
            text run at (0,680) width 44: "BBBB"
          RenderBR {BR} at (44,695) size 0x0
          RenderText {#text} at (0,700) size 44x19
            text run at (0,700) width 44: "CCCC"
          RenderBR {BR} at (44,715) size 0x0
          RenderText {#text} at (0,720) size 48x19
            text run at (0,720) width 48: "DDDD"
          RenderBR {BR} at (48,735) size 0x0
          RenderText {#text} at (0,740) size 40x19
            text run at (0,740) width 40: "EEEE"
          RenderBR {BR} at (40,755) size 0x0
          RenderText {#text} at (0,760) size 36x19
            text run at (0,760) width 36: "FFFF"
          RenderBR {BR} at (36,775) size 0x0
          RenderText {#text} at (0,780) size 48x19
            text run at (0,780) width 48: "GGGG"
          RenderBR {BR} at (48,795) size 0x0
          RenderText {#text} at (0,800) size 48x19
            text run at (0,800) width 48: "HHHH"
          RenderBR {BR} at (48,815) size 0x0
          RenderText {#text} at (0,820) size 24x19
            text run at (0,820) width 24: "IIII"
          RenderBR {BR} at (24,835) size 0x0
          RenderText {#text} at (0,840) size 32x19
            text run at (0,840) width 32: "JJJJ"
          RenderBR {BR} at (32,855) size 0x0
          RenderText {#text} at (0,860) size 48x19
            text run at (0,860) width 48: "KKKK"
          RenderBR {BR} at (48,875) size 0x0
          RenderText {#text} at (0,880) size 40x19
            text run at (0,880) width 40: "LLLL"
          RenderBR {BR} at (40,895) size 0x0
          RenderText {#text} at (0,900) size 64x19
            text run at (0,900) width 64: "MMMM"
          RenderBR {BR} at (64,915) size 0x0
          RenderText {#text} at (0,920) size 48x19
            text run at (0,920) width 48: "NNNN"
          RenderBR {BR} at (48,935) size 0x0
          RenderText {#text} at (0,940) size 48x19
            text run at (0,940) width 48: "OOOO"
          RenderBR {BR} at (48,955) size 0x0
          RenderText {#text} at (0,960) size 36x19
            text run at (0,960) width 36: "PPPP"
          RenderBR {BR} at (36,975) size 0x0
          RenderText {#text} at (0,980) size 48x19
            text run at (0,980) width 48: "QQQQ"
          RenderBR {BR} at (48,995) size 0x0
          RenderText {#text} at (0,1000) size 48x19
            text run at (0,1000) width 48: "RRRR"
          RenderBR {BR} at (48,1015) size 0x0
          RenderText {#text} at (0,1020) size 36x19
            text run at (0,1020) width 36: "SSSS"
          RenderBR {BR} at (36,1035) size 0x0
          RenderText {#text} at (0,1040) size 40x19
            text run at (0,1040) width 40: "TTTT"
          RenderBR {BR} at (40,1055) size 0x0
          RenderText {#text} at (0,1060) size 44x19
            text run at (0,1060) width 44: "UUUU"
          RenderBR {BR} at (44,1075) size 0x0
          RenderText {#text} at (0,1080) size 44x19
            text run at (0,1080) width 44: "VVVV"
          RenderBR {BR} at (44,1095) size 0x0
          RenderText {#text} at (0,1100) size 60x19
            text run at (0,1100) width 60: "WWWW"
          RenderBR {BR} at (60,1115) size 0x0
          RenderText {#text} at (0,1120) size 44x19
            text run at (0,1120) width 44: "XXXX"
          RenderBR {BR} at (44,1135) size 0x0
          RenderText {#text} at (0,1140) size 40x19
            text run at (0,1140) width 40: "YYYY"
          RenderBR {BR} at (40,1155) size 0x0
          RenderText {#text} at (0,1160) size 36x19
            text run at (0,1160) width 36: "ZZZZ"
          RenderBR {BR} at (36,1175) size 0x0
          RenderText {#text} at (0,1180) size 20x19
            text run at (0,1180) width 20: "[[[["
          RenderBR {BR} at (20,1195) size 0x0
          RenderText {#text} at (0,1200) size 16x19
            text run at (0,1200) width 16: "\\\\\\\\"
          RenderBR {BR} at (16,1215) size 0x0
          RenderText {#text} at (0,1220) size 20x19
            text run at (0,1220) width 20: "]]]]"
          RenderBR {BR} at (20,1235) size 0x0
          RenderText {#text} at (0,1240) size 36x19
            text run at (0,1240) width 36: "^^^^"
          RenderBR {BR} at (36,1255) size 0x0
          RenderText {#text} at (0,1260) size 32x19
            text run at (0,1260) width 32: "____"
          RenderBR {BR} at (32,1275) size 0x0
          RenderText {#text} at (0,1280) size 20x19
            text run at (0,1280) width 20: "````"
          RenderBR {BR} at (20,1295) size 0x0
          RenderText {#text} at (0,1300) size 32x19
            text run at (0,1300) width 32: "aaaa"
          RenderBR {BR} at (32,1315) size 0x0
          RenderText {#text} at (0,1320) size 32x19
            text run at (0,1320) width 32: "bbbb"
          RenderBR {BR} at (32,1335) size 0x0
          RenderText {#text} at (0,1340) size 28x19
            text run at (0,1340) width 28: "cccc"
          RenderBR {BR} at (28,1355) size 0x0
          RenderText {#text} at (0,1360) size 32x19
            text run at (0,1360) width 32: "dddd"
          RenderBR {BR} at (32,1375) size 0x0
          RenderText {#text} at (0,1380) size 32x19
            text run at (0,1380) width 32: "eeee"
          RenderBR {BR} at (32,1395) size 0x0
          RenderText {#text} at (0,1400) size 20x19
            text run at (0,1400) width 20: "ffff"
          RenderBR {BR} at (20,1415) size 0x0
          RenderText {#text} at (0,1420) size 32x19
            text run at (0,1420) width 32: "gggg"
          RenderBR {BR} at (32,1435) size 0x0
          RenderText {#text} at (0,1440) size 32x19
            text run at (0,1440) width 32: "hhhh"
          RenderBR {BR} at (32,1455) size 0x0
          RenderText {#text} at (0,1460) size 16x19
            text run at (0,1460) width 16: "iiii"
          RenderBR {BR} at (16,1475) size 0x0
          RenderText {#text} at (0,1480) size 16x19
            text run at (0,1480) width 16: "jjjj"
          RenderBR {BR} at (16,1495) size 0x0
          RenderText {#text} at (0,1500) size 36x19
            text run at (0,1500) width 36: "kkkk"
          RenderBR {BR} at (36,1515) size 0x0
          RenderText {#text} at (0,1520) size 16x19
            text run at (0,1520) width 16: "llll"
          RenderBR {BR} at (16,1535) size 0x0
          RenderText {#text} at (0,1540) size 48x19
            text run at (0,1540) width 48: "mmmm"
          RenderBR {BR} at (48,1555) size 0x0
          RenderText {#text} at (0,1560) size 32x19
            text run at (0,1560) width 32: "nnnn"
          RenderBR {BR} at (32,1575) size 0x0
          RenderText {#text} at (0,1580) size 32x19
            text run at (0,1580) width 32: "oooo"
          RenderBR {BR} at (32,1595) size 0x0
          RenderText {#text} at (0,1600) size 32x19
            text run at (0,1600) width 32: "pppp"
          RenderBR {BR} at (32,1615) size 0x0
          RenderText {#text} at (0,1620) size 32x19
            text run at (0,1620) width 32: "qqqq"
          RenderBR {BR} at (32,1635) size 0x0
          RenderText {#text} at (0,1640) size 24x19
            text run at (0,1640) width 24: "rrrr"
          RenderBR {BR} at (24,1655) size 0x0
          RenderText {#text} at (0,1660) size 28x19
            text run at (0,1660) width 28: "ssss"
          RenderBR {BR} at (28,1675) size 0x0
          RenderText {#text} at (0,1680) size 20x19
            text run at (0,1680) width 20: "tttt"
          RenderBR {BR} at (20,1695) size 0x0
          RenderText {#text} at (0,1700) size 32x19
            text run at (0,1700) width 32: "uuuu"
          RenderBR {BR} at (32,1715) size 0x0
          RenderText {#text} at (0,1720) size 32x19
            text run at (0,1720) width 32: "vvvv"
          RenderBR {BR} at (32,1735) size 0x0
          RenderText {#text} at (0,1740) size 40x19
            text run at (0,1740) width 40: "wwww"
          RenderBR {BR} at (40,1755) size 0x0
          RenderText {#text} at (0,1760) size 32x19
            text run at (0,1760) width 32: "xxxx"
          RenderBR {BR} at (32,1775) size 0x0
          RenderText {#text} at (0,1780) size 32x19
            text run at (0,1780) width 32: "yyyy"
          RenderBR {BR} at (32,1795) size 0x0
          RenderText {#text} at (0,1800) size 24x19
            text run at (0,1800) width 24: "zzzz"
          RenderBR {BR} at (24,1815) size 0x0
          RenderText {#text} at (0,1820) size 24x19
            text run at (0,1820) width 24: "{{{{"
          RenderBR {BR} at (24,1835) size 0x0
          RenderText {#text} at (0,1840) size 12x19
            text run at (0,1840) width 12: "||||"
          RenderBR {BR} at (12,1855) size 0x0
          RenderText {#text} at (0,1860) size 24x19
            text run at (0,1860) width 24: "}}}}"
          RenderBR {BR} at (24,1875) size 0x0
        RenderText {#text} at (0,0) size 0x0
      RenderBlock {P} at (0,3828) size 784x1880
        RenderInline {I} at (0,0) size 60x1879
          RenderText {#text} at (0,0) size 16x19
            text run at (0,0) width 16: "    "
          RenderBR {BR} at (16,15) size 0x0
          RenderText {#text} at (0,20) size 16x19
            text run at (0,20) width 16: "!!!!"
          RenderBR {BR} at (16,35) size 0x0
          RenderText {#text} at (0,40) size 32x19
            text run at (0,40) width 32: "\"\"\"\""
          RenderBR {BR} at (32,55) size 0x0
          RenderText {#text} at (0,60) size 32x19
            text run at (0,60) width 32: "####"
          RenderBR {BR} at (32,75) size 0x0
          RenderText {#text} at (0,80) size 32x19
            text run at (0,80) width 32: "$$$$"
          RenderBR {BR} at (32,95) size 0x0
          RenderText {#text} at (0,100) size 52x19
            text run at (0,100) width 52: "%%%%"
          RenderBR {BR} at (52,115) size 0x0
          RenderText {#text} at (0,120) size 48x19
            text run at (0,120) width 48: "&&&&"
          RenderBR {BR} at (48,135) size 0x0
          RenderText {#text} at (0,140) size 12x19
            text run at (0,140) width 12: "''''"
          RenderBR {BR} at (12,155) size 0x0
          RenderText {#text} at (0,160) size 20x19
            text run at (0,160) width 20: "(((("
          RenderBR {BR} at (20,175) size 0x0
          RenderText {#text} at (0,180) size 20x19
            text run at (0,180) width 20: "))))"
          RenderBR {BR} at (20,195) size 0x0
          RenderText {#text} at (0,200) size 32x19
            text run at (0,200) width 32: "****"
          RenderBR {BR} at (32,215) size 0x0
          RenderText {#text} at (0,220) size 44x19
            text run at (0,220) width 44: "++++"
          RenderBR {BR} at (44,235) size 0x0
          RenderText {#text} at (0,240) size 16x19
            text run at (0,240) width 16: ",,,,"
          RenderBR {BR} at (16,255) size 0x0
          RenderText {#text} at (0,260) size 20x19
            text run at (0,260) width 20: "----"
          RenderBR {BR} at (20,275) size 0x0
          RenderText {#text} at (0,280) size 16x19
            text run at (0,280) width 16: "...."
          RenderBR {BR} at (16,295) size 0x0
          RenderText {#text} at (0,300) size 16x19
            text run at (0,300) width 16: "////"
          RenderBR {BR} at (16,315) size 0x0
          RenderText {#text} at (0,320) size 32x19
            text run at (0,320) width 32: "0000"
          RenderBR {BR} at (32,335) size 0x0
          RenderText {#text} at (0,340) size 32x19
            text run at (0,340) width 32: "1111"
          RenderBR {BR} at (32,355) size 0x0
          RenderText {#text} at (0,360) size 32x19
            text run at (0,360) width 32: "2222"
          RenderBR {BR} at (32,375) size 0x0
          RenderText {#text} at (0,380) size 32x19
            text run at (0,380) width 32: "3333"
          RenderBR {BR} at (32,395) size 0x0
          RenderText {#text} at (0,400) size 32x19
            text run at (0,400) width 32: "4444"
          RenderBR {BR} at (32,415) size 0x0
          RenderText {#text} at (0,420) size 32x19
            text run at (0,420) width 32: "5555"
          RenderBR {BR} at (32,435) size 0x0
          RenderText {#text} at (0,440) size 32x19
            text run at (0,440) width 32: "6666"
          RenderBR {BR} at (32,455) size 0x0
          RenderText {#text} at (0,460) size 32x19
            text run at (0,460) width 32: "7777"
          RenderBR {BR} at (32,475) size 0x0
          RenderText {#text} at (0,480) size 32x19
            text run at (0,480) width 32: "8888"
          RenderBR {BR} at (32,495) size 0x0
          RenderText {#text} at (0,500) size 32x19
            text run at (0,500) width 32: "9999"
          RenderBR {BR} at (32,515) size 0x0
          RenderText {#text} at (0,520) size 20x19
            text run at (0,520) width 20: "::::"
          RenderBR {BR} at (20,535) size 0x0
          RenderText {#text} at (0,540) size 20x19
            text run at (0,540) width 20: ";;;;"
          RenderBR {BR} at (20,555) size 0x0
          RenderText {#text} at (0,560) size 44x19
            text run at (0,560) width 44: "<<<<"
          RenderBR {BR} at (44,575) size 0x0
          RenderText {#text} at (0,580) size 44x19
            text run at (0,580) width 44: "===="
          RenderBR {BR} at (44,595) size 0x0
          RenderText {#text} at (0,600) size 44x19
            text run at (0,600) width 44: ">>>>"
          RenderBR {BR} at (44,615) size 0x0
          RenderText {#text} at (0,620) size 32x19
            text run at (0,620) width 32: "????"
          RenderBR {BR} at (32,635) size 0x0
          RenderText {#text} at (0,640) size 60x19
            text run at (0,640) width 60: "@@@@"
          RenderBR {BR} at (60,655) size 0x0
          RenderText {#text} at (0,660) size 40x19
            text run at (0,660) width 40: "AAAA"
          RenderBR {BR} at (40,675) size 0x0
          RenderText {#text} at (0,680) size 36x19
            text run at (0,680) width 36: "BBBB"
          RenderBR {BR} at (36,695) size 0x0
          RenderText {#text} at (0,700) size 44x19
            text run at (0,700) width 44: "CCCC"
          RenderBR {BR} at (44,715) size 0x0
          RenderText {#text} at (0,720) size 44x19
            text run at (0,720) width 44: "DDDD"
          RenderBR {BR} at (44,735) size 0x0
          RenderText {#text} at (0,740) size 40x19
            text run at (0,740) width 40: "EEEE"
          RenderBR {BR} at (40,755) size 0x0
          RenderText {#text} at (0,760) size 40x19
            text run at (0,760) width 40: "FFFF"
          RenderBR {BR} at (40,775) size 0x0
          RenderText {#text} at (0,780) size 48x19
            text run at (0,780) width 48: "GGGG"
          RenderBR {BR} at (48,795) size 0x0
          RenderText {#text} at (0,800) size 44x19
            text run at (0,800) width 44: "HHHH"
          RenderBR {BR} at (44,815) size 0x0
          RenderText {#text} at (0,820) size 20x19
            text run at (0,820) width 20: "IIII"
          RenderBR {BR} at (20,835) size 0x0
          RenderText {#text} at (0,840) size 28x19
            text run at (0,840) width 28: "JJJJ"
          RenderBR {BR} at (28,855) size 0x0
          RenderText {#text} at (0,860) size 44x19
            text run at (0,860) width 44: "KKKK"
          RenderBR {BR} at (44,875) size 0x0
          RenderText {#text} at (0,880) size 36x19
            text run at (0,880) width 36: "LLLL"
          RenderBR {BR} at (36,895) size 0x0
          RenderText {#text} at (0,900) size 52x19
            text run at (0,900) width 52: "MMMM"
          RenderBR {BR} at (52,915) size 0x0
          RenderText {#text} at (0,920) size 44x19
            text run at (0,920) width 44: "NNNN"
          RenderBR {BR} at (44,935) size 0x0
          RenderText {#text} at (0,940) size 44x19
            text run at (0,940) width 44: "OOOO"
          RenderBR {BR} at (44,955) size 0x0
          RenderText {#text} at (0,960) size 40x19
            text run at (0,960) width 40: "PPPP"
          RenderBR {BR} at (40,975) size 0x0
          RenderText {#text} at (0,980) size 44x19
            text run at (0,980) width 44: "QQQQ"
          RenderBR {BR} at (44,995) size 0x0
          RenderText {#text} at (0,1000) size 36x19
            text run at (0,1000) width 36: "RRRR"
          RenderBR {BR} at (36,1015) size 0x0
          RenderText {#text} at (0,1020) size 32x19
            text run at (0,1020) width 32: "SSSS"
          RenderBR {BR} at (32,1035) size 0x0
          RenderText {#text} at (0,1040) size 36x19
            text run at (0,1040) width 36: "TTTT"
          RenderBR {BR} at (36,1055) size 0x0
          RenderText {#text} at (0,1060) size 48x19
            text run at (0,1060) width 48: "UUUU"
          RenderBR {BR} at (48,1075) size 0x0
          RenderText {#text} at (0,1080) size 40x19
            text run at (0,1080) width 40: "VVVV"
          RenderBR {BR} at (40,1095) size 0x0
          RenderText {#text} at (0,1100) size 52x19
            text run at (0,1100) width 52: "WWWW"
          RenderBR {BR} at (52,1115) size 0x0
          RenderText {#text} at (0,1120) size 40x19
            text run at (0,1120) width 40: "XXXX"
          RenderBR {BR} at (40,1135) size 0x0
          RenderText {#text} at (0,1140) size 32x19
            text run at (0,1140) width 32: "YYYY"
          RenderBR {BR} at (32,1155) size 0x0
          RenderText {#text} at (0,1160) size 36x19
            text run at (0,1160) width 36: "ZZZZ"
          RenderBR {BR} at (36,1175) size 0x0
          RenderText {#text} at (0,1180) size 28x19
            text run at (0,1180) width 28: "[[[["
          RenderBR {BR} at (28,1195) size 0x0
          RenderText {#text} at (0,1200) size 16x19
            text run at (0,1200) width 16: "\\\\\\\\"
          RenderBR {BR} at (16,1215) size 0x0
          RenderText {#text} at (0,1220) size 28x19
            text run at (0,1220) width 28: "]]]]"
          RenderBR {BR} at (28,1235) size 0x0
          RenderText {#text} at (0,1240) size 28x19
            text run at (0,1240) width 28: "^^^^"
          RenderBR {BR} at (28,1255) size 0x0
          RenderText {#text} at (0,1260) size 32x19
            text run at (0,1260) width 32: "____"
          RenderBR {BR} at (32,1275) size 0x0
          RenderText {#text} at (0,1280) size 20x19
            text run at (0,1280) width 20: "````"
          RenderBR {BR} at (20,1295) size 0x0
          RenderText {#text} at (0,1300) size 32x19
            text run at (0,1300) width 32: "aaaa"
          RenderBR {BR} at (32,1315) size 0x0
          RenderText {#text} at (0,1320) size 32x19
            text run at (0,1320) width 32: "bbbb"
          RenderBR {BR} at (32,1335) size 0x0
          RenderText {#text} at (0,1340) size 28x19
            text run at (0,1340) width 28: "cccc"
          RenderBR {BR} at (28,1355) size 0x0
          RenderText {#text} at (0,1360) size 32x19
            text run at (0,1360) width 32: "dddd"
          RenderBR {BR} at (32,1375) size 0x0
          RenderText {#text} at (0,1380) size 28x19
            text run at (0,1380) width 28: "eeee"
          RenderBR {BR} at (28,1395) size 0x0
          RenderText {#text} at (0,1400) size 20x19
            text run at (0,1400) width 20: "ffff"
          RenderBR {BR} at (20,1415) size 0x0
          RenderText {#text} at (0,1420) size 32x19
            text run at (0,1420) width 32: "gggg"
          RenderBR {BR} at (32,1435) size 0x0
          RenderText {#text} at (0,1440) size 32x19
            text run at (0,1440) width 32: "hhhh"
          RenderBR {BR} at (32,1455) size 0x0
          RenderText {#text} at (0,1460) size 16x19
            text run at (0,1460) width 16: "iiii"
          RenderBR {BR} at (16,1475) size 0x0
          RenderText {#text} at (0,1480) size 20x19
            text run at (0,1480) width 20: "jjjj"
          RenderBR {BR} at (20,1495) size 0x0
          RenderText {#text} at (0,1500) size 32x19
            text run at (0,1500) width 32: "kkkk"
          RenderBR {BR} at (32,1515) size 0x0
          RenderText {#text} at (0,1520) size 16x19
            text run at (0,1520) width 16: "llll"
          RenderBR {BR} at (16,1535) size 0x0
          RenderText {#text} at (0,1540) size 48x19
            text run at (0,1540) width 48: "mmmm"
          RenderBR {BR} at (48,1555) size 0x0
          RenderText {#text} at (0,1560) size 32x19
            text run at (0,1560) width 32: "nnnn"
          RenderBR {BR} at (32,1575) size 0x0
          RenderText {#text} at (0,1580) size 32x19
            text run at (0,1580) width 32: "oooo"
          RenderBR {BR} at (32,1595) size 0x0
          RenderText {#text} at (0,1600) size 32x19
            text run at (0,1600) width 32: "pppp"
          RenderBR {BR} at (32,1615) size 0x0
          RenderText {#text} at (0,1620) size 32x19
            text run at (0,1620) width 32: "qqqq"
          RenderBR {BR} at (32,1635) size 0x0
          RenderText {#text} at (0,1640) size 24x19
            text run at (0,1640) width 24: "rrrr"
          RenderBR {BR} at (24,1655) size 0x0
          RenderText {#text} at (0,1660) size 24x19
            text run at (0,1660) width 24: "ssss"
          RenderBR {BR} at (24,1675) size 0x0
          RenderText {#text} at (0,1680) size 20x19
            text run at (0,1680) width 20: "tttt"
          RenderBR {BR} at (20,1695) size 0x0
          RenderText {#text} at (0,1700) size 32x19
            text run at (0,1700) width 32: "uuuu"
          RenderBR {BR} at (32,1715) size 0x0
          RenderText {#text} at (0,1720) size 32x19
            text run at (0,1720) width 32: "vvvv"
          RenderBR {BR} at (32,1735) size 0x0
          RenderText {#text} at (0,1740) size 44x19
            text run at (0,1740) width 44: "wwww"
          RenderBR {BR} at (44,1755) size 0x0
          RenderText {#text} at (0,1760) size 32x19
            text run at (0,1760) width 32: "xxxx"
          RenderBR {BR} at (32,1775) size 0x0
          RenderText {#text} at (0,1780) size 28x19
            text run at (0,1780) width 28: "yyyy"
          RenderBR {BR} at (28,1795) size 0x0
          RenderText {#text} at (0,1800) size 24x19
            text run at (0,1800) width 24: "zzzz"
          RenderBR {BR} at (24,1815) size 0x0
          RenderText {#text} at (0,1820) size 24x19
            text run at (0,1820) width 24: "{{{{"
          RenderBR {BR} at (24,1835) size 0x0
          RenderText {#text} at (0,1840) size 16x19
            text run at (0,1840) width 16: "||||"
          RenderBR {BR} at (16,1855) size 0x0
          RenderText {#text} at (0,1860) size 24x19
            text run at (0,1860) width 24: "}}}}"
          RenderBR {BR} at (24,1875) size 0x0
        RenderText {#text} at (0,0) size 0x0
