layer at (0,0) size 800x5069
  RenderView at (0,0) size 800x600
layer at (0,0) size 800x5069
  RenderBlock {HTML} at (0,0) size 800x5069
    RenderBody {BODY} at (8,8) size 784x5045
      RenderBlock (anonymous) at (0,0) size 784x20
        RenderText {#text} at (0,0) size 336x19
          text run at (0,0) width 336: "This tests font choices and metrics for monospace fonts."
      RenderBlock {P} at (0,36) size 784x140
        RenderInline {FONT} at (0,0) size 783x139
          RenderText {#text} at (0,0) size 51x19
            text run at (0,0) width 51: "Monaco"
          RenderBR {BR} at (51,15) size 0x0
          RenderText {#text} at (0,20) size 779x39
            text run at (0,20) width 779: "  ! \" # $ % & ' ( ) * + , - . / 0 1 2 3 4 5 6 7 8 9 : ; < = > ? @ A B C D E F G H I J K L M N O P Q R S T U V W X Y Z [ \\ ] ^"
            text run at (0,40) width 343: "_ ` a b c d e f g h i j k l m n o p q r s t u v w x y z { | } > "
          RenderBR {BR} at (343,55) size 0x0
          RenderInline {B} at (0,0) size 783x39
            RenderText {#text} at (0,60) size 783x39
              text run at (0,60) width 783: "  ! \" # $ % & ' ( ) * + , - . / 0 1 2 3 4 5 6 7 8 9 : ; < = > ? @ A B C D E F G H I J K L M N O P Q R S T U V W X Y Z [ \\"
              text run at (0,80) width 378: "] ^ _ ` a b c d e f g h i j k l m n o p q r s t u v w x y z { | } > "
          RenderText {#text} at (0,0) size 0x0
          RenderBR {BR} at (0,0) size 0x0
          RenderInline {I} at (0,0) size 774x39
            RenderText {#text} at (0,100) size 774x39
              text run at (0,100) width 774: "  ! \" # $ % & ' ( ) * + , - . / 0 1 2 3 4 5 6 7 8 9 : ; < = > ? @ A B C D E F G H I J K L M N O P Q R S T U V W X Y Z [ \\ ]"
              text run at (0,120) width 364: "^ _ ` a b c d e f g h i j k l m n o p q r s t u v w x y z { | } >"
          RenderText {#text} at (0,0) size 0x0
        RenderText {#text} at (0,0) size 0x0
      RenderBlock {P} at (0,192) size 784x183
        RenderInline {FONT} at (0,0) size 770x182
          RenderText {#text} at (0,0) size 70x18
            text run at (0,0) width 70: "Courier"
          RenderBR {BR} at (70,14) size 0x0
          RenderText {#text} at (0,18) size 770x54
            text run at (0,18) width 770: "  ! \" # $ % & ' ( ) * + , - . / 0 1 2 3 4 5 6 7 8 9 : ; < = > ? @ A B C D E F"
            text run at (0,36) width 770: "G H I J K L M N O P Q R S T U V W X Y Z [ \\ ] ^ _ ` a b c d e f g h i j k l m"
            text run at (0,54) width 340: "n o p q r s t u v w x y z { | } > "
          RenderBR {BR} at (340,68) size 0x0
          RenderInline {B} at (0,0) size 770x54
            RenderText {#text} at (0,72) size 770x54
              text run at (0,72) width 770: "  ! \" # $ % & ' ( ) * + , - . / 0 1 2 3 4 5 6 7 8 9 : ; < = > ? @ A B C D E F"
              text run at (0,90) width 770: "G H I J K L M N O P Q R S T U V W X Y Z [ \\ ] ^ _ ` a b c d e f g h i j k l m"
              text run at (0,108) width 340: "n o p q r s t u v w x y z { | } > "
          RenderText {#text} at (0,0) size 0x0
          RenderBR {BR} at (0,0) size 0x0
          RenderInline {I} at (0,0) size 770x57
            RenderText {#text} at (0,126) size 770x57
              text run at (0,126) width 770: "  ! \" # $ % & ' ( ) * + , - . / 0 1 2 3 4 5 6 7 8 9 : ; < = > ? @ A B C D E F"
              text run at (0,145) width 770: "G H I J K L M N O P Q R S T U V W X Y Z [ \\ ] ^ _ ` a b c d e f g h i j k l m"
              text run at (0,164) width 330: "n o p q r s t u v w x y z { | } >"
          RenderText {#text} at (0,0) size 0x0
        RenderText {#text} at (0,0) size 0x0
      RenderBlock {P} at (0,391) size 784x1520
        RenderInline {FONT} at (0,0) size 72x1520
          RenderText {#text} at (0,0) size 72x16
            text run at (0,0) width 72: "monospace"
          RenderBR {BR} at (72,12) size 0x0
          RenderText {#text} at (0,16) size 32x16
            text run at (0,16) width 32: "    "
          RenderBR {BR} at (32,28) size 0x0
          RenderText {#text} at (0,32) size 32x16
            text run at (0,32) width 32: "!!!!"
          RenderBR {BR} at (32,44) size 0x0
          RenderText {#text} at (0,48) size 32x16
            text run at (0,48) width 32: "\"\"\"\""
          RenderBR {BR} at (32,60) size 0x0
          RenderText {#text} at (0,64) size 32x16
            text run at (0,64) width 32: "####"
          RenderBR {BR} at (32,76) size 0x0
          RenderText {#text} at (0,80) size 32x16
            text run at (0,80) width 32: "$$$$"
          RenderBR {BR} at (32,92) size 0x0
          RenderText {#text} at (0,96) size 32x16
            text run at (0,96) width 32: "%%%%"
          RenderBR {BR} at (32,108) size 0x0
          RenderText {#text} at (0,112) size 32x16
            text run at (0,112) width 32: "&&&&"
          RenderBR {BR} at (32,124) size 0x0
          RenderText {#text} at (0,128) size 32x16
            text run at (0,128) width 32: "''''"
          RenderBR {BR} at (32,140) size 0x0
          RenderText {#text} at (0,144) size 32x16
            text run at (0,144) width 32: "(((("
          RenderBR {BR} at (32,156) size 0x0
          RenderText {#text} at (0,160) size 32x16
            text run at (0,160) width 32: "))))"
          RenderBR {BR} at (32,172) size 0x0
          RenderText {#text} at (0,176) size 32x16
            text run at (0,176) width 32: "****"
          RenderBR {BR} at (32,188) size 0x0
          RenderText {#text} at (0,192) size 32x16
            text run at (0,192) width 32: "++++"
          RenderBR {BR} at (32,204) size 0x0
          RenderText {#text} at (0,208) size 32x16
            text run at (0,208) width 32: ",,,,"
          RenderBR {BR} at (32,220) size 0x0
          RenderText {#text} at (0,224) size 32x16
            text run at (0,224) width 32: "----"
          RenderBR {BR} at (32,236) size 0x0
          RenderText {#text} at (0,240) size 32x16
            text run at (0,240) width 32: "...."
          RenderBR {BR} at (32,252) size 0x0
          RenderText {#text} at (0,256) size 32x16
            text run at (0,256) width 32: "////"
          RenderBR {BR} at (32,268) size 0x0
          RenderText {#text} at (0,272) size 32x16
            text run at (0,272) width 32: "0000"
          RenderBR {BR} at (32,284) size 0x0
          RenderText {#text} at (0,288) size 32x16
            text run at (0,288) width 32: "1111"
          RenderBR {BR} at (32,300) size 0x0
          RenderText {#text} at (0,304) size 32x16
            text run at (0,304) width 32: "2222"
          RenderBR {BR} at (32,316) size 0x0
          RenderText {#text} at (0,320) size 32x16
            text run at (0,320) width 32: "3333"
          RenderBR {BR} at (32,332) size 0x0
          RenderText {#text} at (0,336) size 32x16
            text run at (0,336) width 32: "4444"
          RenderBR {BR} at (32,348) size 0x0
          RenderText {#text} at (0,352) size 32x16
            text run at (0,352) width 32: "5555"
          RenderBR {BR} at (32,364) size 0x0
          RenderText {#text} at (0,368) size 32x16
            text run at (0,368) width 32: "6666"
          RenderBR {BR} at (32,380) size 0x0
          RenderText {#text} at (0,384) size 32x16
            text run at (0,384) width 32: "7777"
          RenderBR {BR} at (32,396) size 0x0
          RenderText {#text} at (0,400) size 32x16
            text run at (0,400) width 32: "8888"
          RenderBR {BR} at (32,412) size 0x0
          RenderText {#text} at (0,416) size 32x16
            text run at (0,416) width 32: "9999"
          RenderBR {BR} at (32,428) size 0x0
          RenderText {#text} at (0,432) size 32x16
            text run at (0,432) width 32: "::::"
          RenderBR {BR} at (32,444) size 0x0
          RenderText {#text} at (0,448) size 32x16
            text run at (0,448) width 32: ";;;;"
          RenderBR {BR} at (32,460) size 0x0
          RenderText {#text} at (0,464) size 32x16
            text run at (0,464) width 32: "<<<<"
          RenderBR {BR} at (32,476) size 0x0
          RenderText {#text} at (0,480) size 32x16
            text run at (0,480) width 32: "===="
          RenderBR {BR} at (32,492) size 0x0
          RenderText {#text} at (0,496) size 32x16
            text run at (0,496) width 32: ">>>>"
          RenderBR {BR} at (32,508) size 0x0
          RenderText {#text} at (0,512) size 32x16
            text run at (0,512) width 32: "????"
          RenderBR {BR} at (32,524) size 0x0
          RenderText {#text} at (0,528) size 32x16
            text run at (0,528) width 32: "@@@@"
          RenderBR {BR} at (32,540) size 0x0
          RenderText {#text} at (0,544) size 32x16
            text run at (0,544) width 32: "AAAA"
          RenderBR {BR} at (32,556) size 0x0
          RenderText {#text} at (0,560) size 32x16
            text run at (0,560) width 32: "BBBB"
          RenderBR {BR} at (32,572) size 0x0
          RenderText {#text} at (0,576) size 32x16
            text run at (0,576) width 32: "CCCC"
          RenderBR {BR} at (32,588) size 0x0
          RenderText {#text} at (0,592) size 32x16
            text run at (0,592) width 32: "DDDD"
          RenderBR {BR} at (32,604) size 0x0
          RenderText {#text} at (0,608) size 32x16
            text run at (0,608) width 32: "EEEE"
          RenderBR {BR} at (32,620) size 0x0
          RenderText {#text} at (0,624) size 32x16
            text run at (0,624) width 32: "FFFF"
          RenderBR {BR} at (32,636) size 0x0
          RenderText {#text} at (0,640) size 32x16
            text run at (0,640) width 32: "GGGG"
          RenderBR {BR} at (32,652) size 0x0
          RenderText {#text} at (0,656) size 32x16
            text run at (0,656) width 32: "HHHH"
          RenderBR {BR} at (32,668) size 0x0
          RenderText {#text} at (0,672) size 32x16
            text run at (0,672) width 32: "IIII"
          RenderBR {BR} at (32,684) size 0x0
          RenderText {#text} at (0,688) size 32x16
            text run at (0,688) width 32: "JJJJ"
          RenderBR {BR} at (32,700) size 0x0
          RenderText {#text} at (0,704) size 32x16
            text run at (0,704) width 32: "KKKK"
          RenderBR {BR} at (32,716) size 0x0
          RenderText {#text} at (0,720) size 32x16
            text run at (0,720) width 32: "LLLL"
          RenderBR {BR} at (32,732) size 0x0
          RenderText {#text} at (0,736) size 32x16
            text run at (0,736) width 32: "MMMM"
          RenderBR {BR} at (32,748) size 0x0
          RenderText {#text} at (0,752) size 32x16
            text run at (0,752) width 32: "NNNN"
          RenderBR {BR} at (32,764) size 0x0
          RenderText {#text} at (0,768) size 32x16
            text run at (0,768) width 32: "OOOO"
          RenderBR {BR} at (32,780) size 0x0
          RenderText {#text} at (0,784) size 32x16
            text run at (0,784) width 32: "PPPP"
          RenderBR {BR} at (32,796) size 0x0
          RenderText {#text} at (0,800) size 32x16
            text run at (0,800) width 32: "QQQQ"
          RenderBR {BR} at (32,812) size 0x0
          RenderText {#text} at (0,816) size 32x16
            text run at (0,816) width 32: "RRRR"
          RenderBR {BR} at (32,828) size 0x0
          RenderText {#text} at (0,832) size 32x16
            text run at (0,832) width 32: "SSSS"
          RenderBR {BR} at (32,844) size 0x0
          RenderText {#text} at (0,848) size 32x16
            text run at (0,848) width 32: "TTTT"
          RenderBR {BR} at (32,860) size 0x0
          RenderText {#text} at (0,864) size 32x16
            text run at (0,864) width 32: "UUUU"
          RenderBR {BR} at (32,876) size 0x0
          RenderText {#text} at (0,880) size 32x16
            text run at (0,880) width 32: "VVVV"
          RenderBR {BR} at (32,892) size 0x0
          RenderText {#text} at (0,896) size 32x16
            text run at (0,896) width 32: "WWWW"
          RenderBR {BR} at (32,908) size 0x0
          RenderText {#text} at (0,912) size 32x16
            text run at (0,912) width 32: "XXXX"
          RenderBR {BR} at (32,924) size 0x0
          RenderText {#text} at (0,928) size 32x16
            text run at (0,928) width 32: "YYYY"
          RenderBR {BR} at (32,940) size 0x0
          RenderText {#text} at (0,944) size 32x16
            text run at (0,944) width 32: "ZZZZ"
          RenderBR {BR} at (32,956) size 0x0
          RenderText {#text} at (0,960) size 32x16
            text run at (0,960) width 32: "[[[["
          RenderBR {BR} at (32,972) size 0x0
          RenderText {#text} at (0,976) size 32x16
            text run at (0,976) width 32: "\\\\\\\\"
          RenderBR {BR} at (32,988) size 0x0
          RenderText {#text} at (0,992) size 32x16
            text run at (0,992) width 32: "]]]]"
          RenderBR {BR} at (32,1004) size 0x0
          RenderText {#text} at (0,1008) size 32x16
            text run at (0,1008) width 32: "^^^^"
          RenderBR {BR} at (32,1020) size 0x0
          RenderText {#text} at (0,1024) size 32x16
            text run at (0,1024) width 32: "____"
          RenderBR {BR} at (32,1036) size 0x0
          RenderText {#text} at (0,1040) size 32x16
            text run at (0,1040) width 32: "````"
          RenderBR {BR} at (32,1052) size 0x0
          RenderText {#text} at (0,1056) size 32x16
            text run at (0,1056) width 32: "aaaa"
          RenderBR {BR} at (32,1068) size 0x0
          RenderText {#text} at (0,1072) size 32x16
            text run at (0,1072) width 32: "bbbb"
          RenderBR {BR} at (32,1084) size 0x0
          RenderText {#text} at (0,1088) size 32x16
            text run at (0,1088) width 32: "cccc"
          RenderBR {BR} at (32,1100) size 0x0
          RenderText {#text} at (0,1104) size 32x16
            text run at (0,1104) width 32: "dddd"
          RenderBR {BR} at (32,1116) size 0x0
          RenderText {#text} at (0,1120) size 32x16
            text run at (0,1120) width 32: "eeee"
          RenderBR {BR} at (32,1132) size 0x0
          RenderText {#text} at (0,1136) size 32x16
            text run at (0,1136) width 32: "ffff"
          RenderBR {BR} at (32,1148) size 0x0
          RenderText {#text} at (0,1152) size 32x16
            text run at (0,1152) width 32: "gggg"
          RenderBR {BR} at (32,1164) size 0x0
          RenderText {#text} at (0,1168) size 32x16
            text run at (0,1168) width 32: "hhhh"
          RenderBR {BR} at (32,1180) size 0x0
          RenderText {#text} at (0,1184) size 32x16
            text run at (0,1184) width 32: "iiii"
          RenderBR {BR} at (32,1196) size 0x0
          RenderText {#text} at (0,1200) size 32x16
            text run at (0,1200) width 32: "jjjj"
          RenderBR {BR} at (32,1212) size 0x0
          RenderText {#text} at (0,1216) size 32x16
            text run at (0,1216) width 32: "kkkk"
          RenderBR {BR} at (32,1228) size 0x0
          RenderText {#text} at (0,1232) size 32x16
            text run at (0,1232) width 32: "llll"
          RenderBR {BR} at (32,1244) size 0x0
          RenderText {#text} at (0,1248) size 32x16
            text run at (0,1248) width 32: "mmmm"
          RenderBR {BR} at (32,1260) size 0x0
          RenderText {#text} at (0,1264) size 32x16
            text run at (0,1264) width 32: "nnnn"
          RenderBR {BR} at (32,1276) size 0x0
          RenderText {#text} at (0,1280) size 32x16
            text run at (0,1280) width 32: "oooo"
          RenderBR {BR} at (32,1292) size 0x0
          RenderText {#text} at (0,1296) size 32x16
            text run at (0,1296) width 32: "pppp"
          RenderBR {BR} at (32,1308) size 0x0
          RenderText {#text} at (0,1312) size 32x16
            text run at (0,1312) width 32: "qqqq"
          RenderBR {BR} at (32,1324) size 0x0
          RenderText {#text} at (0,1328) size 32x16
            text run at (0,1328) width 32: "rrrr"
          RenderBR {BR} at (32,1340) size 0x0
          RenderText {#text} at (0,1344) size 32x16
            text run at (0,1344) width 32: "ssss"
          RenderBR {BR} at (32,1356) size 0x0
          RenderText {#text} at (0,1360) size 32x16
            text run at (0,1360) width 32: "tttt"
          RenderBR {BR} at (32,1372) size 0x0
          RenderText {#text} at (0,1376) size 32x16
            text run at (0,1376) width 32: "uuuu"
          RenderBR {BR} at (32,1388) size 0x0
          RenderText {#text} at (0,1392) size 32x16
            text run at (0,1392) width 32: "vvvv"
          RenderBR {BR} at (32,1404) size 0x0
          RenderText {#text} at (0,1408) size 32x16
            text run at (0,1408) width 32: "wwww"
          RenderBR {BR} at (32,1420) size 0x0
          RenderText {#text} at (0,1424) size 32x16
            text run at (0,1424) width 32: "xxxx"
          RenderBR {BR} at (32,1436) size 0x0
          RenderText {#text} at (0,1440) size 32x16
            text run at (0,1440) width 32: "yyyy"
          RenderBR {BR} at (32,1452) size 0x0
          RenderText {#text} at (0,1456) size 32x16
            text run at (0,1456) width 32: "zzzz"
          RenderBR {BR} at (32,1468) size 0x0
          RenderText {#text} at (0,1472) size 32x16
            text run at (0,1472) width 32: "{{{{"
          RenderBR {BR} at (32,1484) size 0x0
          RenderText {#text} at (0,1488) size 32x16
            text run at (0,1488) width 32: "||||"
          RenderBR {BR} at (32,1500) size 0x0
          RenderText {#text} at (0,1504) size 32x16
            text run at (0,1504) width 32: "}}}}"
          RenderBR {BR} at (32,1516) size 0x0
      RenderBlock {P} at (0,1927) size 784x1504
        RenderInline {FONT} at (0,0) size 32x1504
          RenderText {#text} at (0,0) size 0x0
          RenderInline {B} at (0,0) size 32x1504
            RenderText {#text} at (0,0) size 32x16
              text run at (0,0) width 32: "    "
            RenderBR {BR} at (32,12) size 0x0
            RenderText {#text} at (0,16) size 32x16
              text run at (0,16) width 32: "!!!!"
            RenderBR {BR} at (32,28) size 0x0
            RenderText {#text} at (0,32) size 32x16
              text run at (0,32) width 32: "\"\"\"\""
            RenderBR {BR} at (32,44) size 0x0
            RenderText {#text} at (0,48) size 32x16
              text run at (0,48) width 32: "####"
            RenderBR {BR} at (32,60) size 0x0
            RenderText {#text} at (0,64) size 32x16
              text run at (0,64) width 32: "$$$$"
            RenderBR {BR} at (32,76) size 0x0
            RenderText {#text} at (0,80) size 32x16
              text run at (0,80) width 32: "%%%%"
            RenderBR {BR} at (32,92) size 0x0
            RenderText {#text} at (0,96) size 32x16
              text run at (0,96) width 32: "&&&&"
            RenderBR {BR} at (32,108) size 0x0
            RenderText {#text} at (0,112) size 32x16
              text run at (0,112) width 32: "''''"
            RenderBR {BR} at (32,124) size 0x0
            RenderText {#text} at (0,128) size 32x16
              text run at (0,128) width 32: "(((("
            RenderBR {BR} at (32,140) size 0x0
            RenderText {#text} at (0,144) size 32x16
              text run at (0,144) width 32: "))))"
            RenderBR {BR} at (32,156) size 0x0
            RenderText {#text} at (0,160) size 32x16
              text run at (0,160) width 32: "****"
            RenderBR {BR} at (32,172) size 0x0
            RenderText {#text} at (0,176) size 32x16
              text run at (0,176) width 32: "++++"
            RenderBR {BR} at (32,188) size 0x0
            RenderText {#text} at (0,192) size 32x16
              text run at (0,192) width 32: ",,,,"
            RenderBR {BR} at (32,204) size 0x0
            RenderText {#text} at (0,208) size 32x16
              text run at (0,208) width 32: "----"
            RenderBR {BR} at (32,220) size 0x0
            RenderText {#text} at (0,224) size 32x16
              text run at (0,224) width 32: "...."
            RenderBR {BR} at (32,236) size 0x0
            RenderText {#text} at (0,240) size 32x16
              text run at (0,240) width 32: "////"
            RenderBR {BR} at (32,252) size 0x0
            RenderText {#text} at (0,256) size 32x16
              text run at (0,256) width 32: "0000"
            RenderBR {BR} at (32,268) size 0x0
            RenderText {#text} at (0,272) size 32x16
              text run at (0,272) width 32: "1111"
            RenderBR {BR} at (32,284) size 0x0
            RenderText {#text} at (0,288) size 32x16
              text run at (0,288) width 32: "2222"
            RenderBR {BR} at (32,300) size 0x0
            RenderText {#text} at (0,304) size 32x16
              text run at (0,304) width 32: "3333"
            RenderBR {BR} at (32,316) size 0x0
            RenderText {#text} at (0,320) size 32x16
              text run at (0,320) width 32: "4444"
            RenderBR {BR} at (32,332) size 0x0
            RenderText {#text} at (0,336) size 32x16
              text run at (0,336) width 32: "5555"
            RenderBR {BR} at (32,348) size 0x0
            RenderText {#text} at (0,352) size 32x16
              text run at (0,352) width 32: "6666"
            RenderBR {BR} at (32,364) size 0x0
            RenderText {#text} at (0,368) size 32x16
              text run at (0,368) width 32: "7777"
            RenderBR {BR} at (32,380) size 0x0
            RenderText {#text} at (0,384) size 32x16
              text run at (0,384) width 32: "8888"
            RenderBR {BR} at (32,396) size 0x0
            RenderText {#text} at (0,400) size 32x16
              text run at (0,400) width 32: "9999"
            RenderBR {BR} at (32,412) size 0x0
            RenderText {#text} at (0,416) size 32x16
              text run at (0,416) width 32: "::::"
            RenderBR {BR} at (32,428) size 0x0
            RenderText {#text} at (0,432) size 32x16
              text run at (0,432) width 32: ";;;;"
            RenderBR {BR} at (32,444) size 0x0
            RenderText {#text} at (0,448) size 32x16
              text run at (0,448) width 32: "<<<<"
            RenderBR {BR} at (32,460) size 0x0
            RenderText {#text} at (0,464) size 32x16
              text run at (0,464) width 32: "===="
            RenderBR {BR} at (32,476) size 0x0
            RenderText {#text} at (0,480) size 32x16
              text run at (0,480) width 32: ">>>>"
            RenderBR {BR} at (32,492) size 0x0
            RenderText {#text} at (0,496) size 32x16
              text run at (0,496) width 32: "????"
            RenderBR {BR} at (32,508) size 0x0
            RenderText {#text} at (0,512) size 32x16
              text run at (0,512) width 32: "@@@@"
            RenderBR {BR} at (32,524) size 0x0
            RenderText {#text} at (0,528) size 32x16
              text run at (0,528) width 32: "AAAA"
            RenderBR {BR} at (32,540) size 0x0
            RenderText {#text} at (0,544) size 32x16
              text run at (0,544) width 32: "BBBB"
            RenderBR {BR} at (32,556) size 0x0
            RenderText {#text} at (0,560) size 32x16
              text run at (0,560) width 32: "CCCC"
            RenderBR {BR} at (32,572) size 0x0
            RenderText {#text} at (0,576) size 32x16
              text run at (0,576) width 32: "DDDD"
            RenderBR {BR} at (32,588) size 0x0
            RenderText {#text} at (0,592) size 32x16
              text run at (0,592) width 32: "EEEE"
            RenderBR {BR} at (32,604) size 0x0
            RenderText {#text} at (0,608) size 32x16
              text run at (0,608) width 32: "FFFF"
            RenderBR {BR} at (32,620) size 0x0
            RenderText {#text} at (0,624) size 32x16
              text run at (0,624) width 32: "GGGG"
            RenderBR {BR} at (32,636) size 0x0
            RenderText {#text} at (0,640) size 32x16
              text run at (0,640) width 32: "HHHH"
            RenderBR {BR} at (32,652) size 0x0
            RenderText {#text} at (0,656) size 32x16
              text run at (0,656) width 32: "IIII"
            RenderBR {BR} at (32,668) size 0x0
            RenderText {#text} at (0,672) size 32x16
              text run at (0,672) width 32: "JJJJ"
            RenderBR {BR} at (32,684) size 0x0
            RenderText {#text} at (0,688) size 32x16
              text run at (0,688) width 32: "KKKK"
            RenderBR {BR} at (32,700) size 0x0
            RenderText {#text} at (0,704) size 32x16
              text run at (0,704) width 32: "LLLL"
            RenderBR {BR} at (32,716) size 0x0
            RenderText {#text} at (0,720) size 32x16
              text run at (0,720) width 32: "MMMM"
            RenderBR {BR} at (32,732) size 0x0
            RenderText {#text} at (0,736) size 32x16
              text run at (0,736) width 32: "NNNN"
            RenderBR {BR} at (32,748) size 0x0
            RenderText {#text} at (0,752) size 32x16
              text run at (0,752) width 32: "OOOO"
            RenderBR {BR} at (32,764) size 0x0
            RenderText {#text} at (0,768) size 32x16
              text run at (0,768) width 32: "PPPP"
            RenderBR {BR} at (32,780) size 0x0
            RenderText {#text} at (0,784) size 32x16
              text run at (0,784) width 32: "QQQQ"
            RenderBR {BR} at (32,796) size 0x0
            RenderText {#text} at (0,800) size 32x16
              text run at (0,800) width 32: "RRRR"
            RenderBR {BR} at (32,812) size 0x0
            RenderText {#text} at (0,816) size 32x16
              text run at (0,816) width 32: "SSSS"
            RenderBR {BR} at (32,828) size 0x0
            RenderText {#text} at (0,832) size 32x16
              text run at (0,832) width 32: "TTTT"
            RenderBR {BR} at (32,844) size 0x0
            RenderText {#text} at (0,848) size 32x16
              text run at (0,848) width 32: "UUUU"
            RenderBR {BR} at (32,860) size 0x0
            RenderText {#text} at (0,864) size 32x16
              text run at (0,864) width 32: "VVVV"
            RenderBR {BR} at (32,876) size 0x0
            RenderText {#text} at (0,880) size 32x16
              text run at (0,880) width 32: "WWWW"
            RenderBR {BR} at (32,892) size 0x0
            RenderText {#text} at (0,896) size 32x16
              text run at (0,896) width 32: "XXXX"
            RenderBR {BR} at (32,908) size 0x0
            RenderText {#text} at (0,912) size 32x16
              text run at (0,912) width 32: "YYYY"
            RenderBR {BR} at (32,924) size 0x0
            RenderText {#text} at (0,928) size 32x16
              text run at (0,928) width 32: "ZZZZ"
            RenderBR {BR} at (32,940) size 0x0
            RenderText {#text} at (0,944) size 32x16
              text run at (0,944) width 32: "[[[["
            RenderBR {BR} at (32,956) size 0x0
            RenderText {#text} at (0,960) size 32x16
              text run at (0,960) width 32: "\\\\\\\\"
            RenderBR {BR} at (32,972) size 0x0
            RenderText {#text} at (0,976) size 32x16
              text run at (0,976) width 32: "]]]]"
            RenderBR {BR} at (32,988) size 0x0
            RenderText {#text} at (0,992) size 32x16
              text run at (0,992) width 32: "^^^^"
            RenderBR {BR} at (32,1004) size 0x0
            RenderText {#text} at (0,1008) size 32x16
              text run at (0,1008) width 32: "____"
            RenderBR {BR} at (32,1020) size 0x0
            RenderText {#text} at (0,1024) size 32x16
              text run at (0,1024) width 32: "````"
            RenderBR {BR} at (32,1036) size 0x0
            RenderText {#text} at (0,1040) size 32x16
              text run at (0,1040) width 32: "aaaa"
            RenderBR {BR} at (32,1052) size 0x0
            RenderText {#text} at (0,1056) size 32x16
              text run at (0,1056) width 32: "bbbb"
            RenderBR {BR} at (32,1068) size 0x0
            RenderText {#text} at (0,1072) size 32x16
              text run at (0,1072) width 32: "cccc"
            RenderBR {BR} at (32,1084) size 0x0
            RenderText {#text} at (0,1088) size 32x16
              text run at (0,1088) width 32: "dddd"
            RenderBR {BR} at (32,1100) size 0x0
            RenderText {#text} at (0,1104) size 32x16
              text run at (0,1104) width 32: "eeee"
            RenderBR {BR} at (32,1116) size 0x0
            RenderText {#text} at (0,1120) size 32x16
              text run at (0,1120) width 32: "ffff"
            RenderBR {BR} at (32,1132) size 0x0
            RenderText {#text} at (0,1136) size 32x16
              text run at (0,1136) width 32: "gggg"
            RenderBR {BR} at (32,1148) size 0x0
            RenderText {#text} at (0,1152) size 32x16
              text run at (0,1152) width 32: "hhhh"
            RenderBR {BR} at (32,1164) size 0x0
            RenderText {#text} at (0,1168) size 32x16
              text run at (0,1168) width 32: "iiii"
            RenderBR {BR} at (32,1180) size 0x0
            RenderText {#text} at (0,1184) size 32x16
              text run at (0,1184) width 32: "jjjj"
            RenderBR {BR} at (32,1196) size 0x0
            RenderText {#text} at (0,1200) size 32x16
              text run at (0,1200) width 32: "kkkk"
            RenderBR {BR} at (32,1212) size 0x0
            RenderText {#text} at (0,1216) size 32x16
              text run at (0,1216) width 32: "llll"
            RenderBR {BR} at (32,1228) size 0x0
            RenderText {#text} at (0,1232) size 32x16
              text run at (0,1232) width 32: "mmmm"
            RenderBR {BR} at (32,1244) size 0x0
            RenderText {#text} at (0,1248) size 32x16
              text run at (0,1248) width 32: "nnnn"
            RenderBR {BR} at (32,1260) size 0x0
            RenderText {#text} at (0,1264) size 32x16
              text run at (0,1264) width 32: "oooo"
            RenderBR {BR} at (32,1276) size 0x0
            RenderText {#text} at (0,1280) size 32x16
              text run at (0,1280) width 32: "pppp"
            RenderBR {BR} at (32,1292) size 0x0
            RenderText {#text} at (0,1296) size 32x16
              text run at (0,1296) width 32: "qqqq"
            RenderBR {BR} at (32,1308) size 0x0
            RenderText {#text} at (0,1312) size 32x16
              text run at (0,1312) width 32: "rrrr"
            RenderBR {BR} at (32,1324) size 0x0
            RenderText {#text} at (0,1328) size 32x16
              text run at (0,1328) width 32: "ssss"
            RenderBR {BR} at (32,1340) size 0x0
            RenderText {#text} at (0,1344) size 32x16
              text run at (0,1344) width 32: "tttt"
            RenderBR {BR} at (32,1356) size 0x0
            RenderText {#text} at (0,1360) size 32x16
              text run at (0,1360) width 32: "uuuu"
            RenderBR {BR} at (32,1372) size 0x0
            RenderText {#text} at (0,1376) size 32x16
              text run at (0,1376) width 32: "vvvv"
            RenderBR {BR} at (32,1388) size 0x0
            RenderText {#text} at (0,1392) size 32x16
              text run at (0,1392) width 32: "wwww"
            RenderBR {BR} at (32,1404) size 0x0
            RenderText {#text} at (0,1408) size 32x16
              text run at (0,1408) width 32: "xxxx"
            RenderBR {BR} at (32,1420) size 0x0
            RenderText {#text} at (0,1424) size 32x16
              text run at (0,1424) width 32: "yyyy"
            RenderBR {BR} at (32,1436) size 0x0
            RenderText {#text} at (0,1440) size 32x16
              text run at (0,1440) width 32: "zzzz"
            RenderBR {BR} at (32,1452) size 0x0
            RenderText {#text} at (0,1456) size 32x16
              text run at (0,1456) width 32: "{{{{"
            RenderBR {BR} at (32,1468) size 0x0
            RenderText {#text} at (0,1472) size 32x16
              text run at (0,1472) width 32: "||||"
            RenderBR {BR} at (32,1484) size 0x0
            RenderText {#text} at (0,1488) size 32x16
              text run at (0,1488) width 32: "}}}}"
            RenderBR {BR} at (32,1500) size 0x0
          RenderText {#text} at (0,0) size 0x0
      RenderBlock {P} at (0,3447) size 784x1598
        RenderInline {FONT} at (0,0) size 32x1597
          RenderText {#text} at (0,0) size 0x0
          RenderInline {I} at (0,0) size 32x1598
            RenderText {#text} at (0,0) size 32x17
              text run at (0,0) width 32: "    "
            RenderBR {BR} at (32,13) size 0x0
            RenderText {#text} at (0,17) size 32x17
              text run at (0,17) width 32: "!!!!"
            RenderBR {BR} at (32,30) size 0x0
            RenderText {#text} at (0,34) size 32x17
              text run at (0,34) width 32: "\"\"\"\""
            RenderBR {BR} at (32,47) size 0x0
            RenderText {#text} at (0,51) size 32x17
              text run at (0,51) width 32: "####"
            RenderBR {BR} at (32,64) size 0x0
            RenderText {#text} at (0,68) size 32x17
              text run at (0,68) width 32: "$$$$"
            RenderBR {BR} at (32,81) size 0x0
            RenderText {#text} at (0,85) size 32x17
              text run at (0,85) width 32: "%%%%"
            RenderBR {BR} at (32,98) size 0x0
            RenderText {#text} at (0,102) size 32x17
              text run at (0,102) width 32: "&&&&"
            RenderBR {BR} at (32,115) size 0x0
            RenderText {#text} at (0,119) size 32x17
              text run at (0,119) width 32: "''''"
            RenderBR {BR} at (32,132) size 0x0
            RenderText {#text} at (0,136) size 32x17
              text run at (0,136) width 32: "(((("
            RenderBR {BR} at (32,149) size 0x0
            RenderText {#text} at (0,153) size 32x17
              text run at (0,153) width 32: "))))"
            RenderBR {BR} at (32,166) size 0x0
            RenderText {#text} at (0,170) size 32x17
              text run at (0,170) width 32: "****"
            RenderBR {BR} at (32,183) size 0x0
            RenderText {#text} at (0,187) size 32x17
              text run at (0,187) width 32: "++++"
            RenderBR {BR} at (32,200) size 0x0
            RenderText {#text} at (0,204) size 32x17
              text run at (0,204) width 32: ",,,,"
            RenderBR {BR} at (32,217) size 0x0
            RenderText {#text} at (0,221) size 32x17
              text run at (0,221) width 32: "----"
            RenderBR {BR} at (32,234) size 0x0
            RenderText {#text} at (0,238) size 32x17
              text run at (0,238) width 32: "...."
            RenderBR {BR} at (32,251) size 0x0
            RenderText {#text} at (0,255) size 32x17
              text run at (0,255) width 32: "////"
            RenderBR {BR} at (32,268) size 0x0
            RenderText {#text} at (0,272) size 32x17
              text run at (0,272) width 32: "0000"
            RenderBR {BR} at (32,285) size 0x0
            RenderText {#text} at (0,289) size 32x17
              text run at (0,289) width 32: "1111"
            RenderBR {BR} at (32,302) size 0x0
            RenderText {#text} at (0,306) size 32x17
              text run at (0,306) width 32: "2222"
            RenderBR {BR} at (32,319) size 0x0
            RenderText {#text} at (0,323) size 32x17
              text run at (0,323) width 32: "3333"
            RenderBR {BR} at (32,336) size 0x0
            RenderText {#text} at (0,340) size 32x17
              text run at (0,340) width 32: "4444"
            RenderBR {BR} at (32,353) size 0x0
            RenderText {#text} at (0,357) size 32x17
              text run at (0,357) width 32: "5555"
            RenderBR {BR} at (32,370) size 0x0
            RenderText {#text} at (0,374) size 32x17
              text run at (0,374) width 32: "6666"
            RenderBR {BR} at (32,387) size 0x0
            RenderText {#text} at (0,391) size 32x17
              text run at (0,391) width 32: "7777"
            RenderBR {BR} at (32,404) size 0x0
            RenderText {#text} at (0,408) size 32x17
              text run at (0,408) width 32: "8888"
            RenderBR {BR} at (32,421) size 0x0
            RenderText {#text} at (0,425) size 32x17
              text run at (0,425) width 32: "9999"
            RenderBR {BR} at (32,438) size 0x0
            RenderText {#text} at (0,442) size 32x17
              text run at (0,442) width 32: "::::"
            RenderBR {BR} at (32,455) size 0x0
            RenderText {#text} at (0,459) size 32x17
              text run at (0,459) width 32: ";;;;"
            RenderBR {BR} at (32,472) size 0x0
            RenderText {#text} at (0,476) size 32x17
              text run at (0,476) width 32: "<<<<"
            RenderBR {BR} at (32,489) size 0x0
            RenderText {#text} at (0,493) size 32x17
              text run at (0,493) width 32: "===="
            RenderBR {BR} at (32,506) size 0x0
            RenderText {#text} at (0,510) size 32x17
              text run at (0,510) width 32: ">>>>"
            RenderBR {BR} at (32,523) size 0x0
            RenderText {#text} at (0,527) size 32x17
              text run at (0,527) width 32: "????"
            RenderBR {BR} at (32,540) size 0x0
            RenderText {#text} at (0,544) size 32x17
              text run at (0,544) width 32: "@@@@"
            RenderBR {BR} at (32,557) size 0x0
            RenderText {#text} at (0,561) size 32x17
              text run at (0,561) width 32: "AAAA"
            RenderBR {BR} at (32,574) size 0x0
            RenderText {#text} at (0,578) size 32x17
              text run at (0,578) width 32: "BBBB"
            RenderBR {BR} at (32,591) size 0x0
            RenderText {#text} at (0,595) size 32x17
              text run at (0,595) width 32: "CCCC"
            RenderBR {BR} at (32,608) size 0x0
            RenderText {#text} at (0,612) size 32x17
              text run at (0,612) width 32: "DDDD"
            RenderBR {BR} at (32,625) size 0x0
            RenderText {#text} at (0,629) size 32x17
              text run at (0,629) width 32: "EEEE"
            RenderBR {BR} at (32,642) size 0x0
            RenderText {#text} at (0,646) size 32x17
              text run at (0,646) width 32: "FFFF"
            RenderBR {BR} at (32,659) size 0x0
            RenderText {#text} at (0,663) size 32x17
              text run at (0,663) width 32: "GGGG"
            RenderBR {BR} at (32,676) size 0x0
            RenderText {#text} at (0,680) size 32x17
              text run at (0,680) width 32: "HHHH"
            RenderBR {BR} at (32,693) size 0x0
            RenderText {#text} at (0,697) size 32x17
              text run at (0,697) width 32: "IIII"
            RenderBR {BR} at (32,710) size 0x0
            RenderText {#text} at (0,714) size 32x17
              text run at (0,714) width 32: "JJJJ"
            RenderBR {BR} at (32,727) size 0x0
            RenderText {#text} at (0,731) size 32x17
              text run at (0,731) width 32: "KKKK"
            RenderBR {BR} at (32,744) size 0x0
            RenderText {#text} at (0,748) size 32x17
              text run at (0,748) width 32: "LLLL"
            RenderBR {BR} at (32,761) size 0x0
            RenderText {#text} at (0,765) size 32x17
              text run at (0,765) width 32: "MMMM"
            RenderBR {BR} at (32,778) size 0x0
            RenderText {#text} at (0,782) size 32x17
              text run at (0,782) width 32: "NNNN"
            RenderBR {BR} at (32,795) size 0x0
            RenderText {#text} at (0,799) size 32x17
              text run at (0,799) width 32: "OOOO"
            RenderBR {BR} at (32,812) size 0x0
            RenderText {#text} at (0,816) size 32x17
              text run at (0,816) width 32: "PPPP"
            RenderBR {BR} at (32,829) size 0x0
            RenderText {#text} at (0,833) size 32x17
              text run at (0,833) width 32: "QQQQ"
            RenderBR {BR} at (32,846) size 0x0
            RenderText {#text} at (0,850) size 32x17
              text run at (0,850) width 32: "RRRR"
            RenderBR {BR} at (32,863) size 0x0
            RenderText {#text} at (0,867) size 32x17
              text run at (0,867) width 32: "SSSS"
            RenderBR {BR} at (32,880) size 0x0
            RenderText {#text} at (0,884) size 32x17
              text run at (0,884) width 32: "TTTT"
            RenderBR {BR} at (32,897) size 0x0
            RenderText {#text} at (0,901) size 32x17
              text run at (0,901) width 32: "UUUU"
            RenderBR {BR} at (32,914) size 0x0
            RenderText {#text} at (0,918) size 32x17
              text run at (0,918) width 32: "VVVV"
            RenderBR {BR} at (32,931) size 0x0
            RenderText {#text} at (0,935) size 32x17
              text run at (0,935) width 32: "WWWW"
            RenderBR {BR} at (32,948) size 0x0
            RenderText {#text} at (0,952) size 32x17
              text run at (0,952) width 32: "XXXX"
            RenderBR {BR} at (32,965) size 0x0
            RenderText {#text} at (0,969) size 32x17
              text run at (0,969) width 32: "YYYY"
            RenderBR {BR} at (32,982) size 0x0
            RenderText {#text} at (0,986) size 32x17
              text run at (0,986) width 32: "ZZZZ"
            RenderBR {BR} at (32,999) size 0x0
            RenderText {#text} at (0,1003) size 32x17
              text run at (0,1003) width 32: "[[[["
            RenderBR {BR} at (32,1016) size 0x0
            RenderText {#text} at (0,1020) size 32x17
              text run at (0,1020) width 32: "\\\\\\\\"
            RenderBR {BR} at (32,1033) size 0x0
            RenderText {#text} at (0,1037) size 32x17
              text run at (0,1037) width 32: "]]]]"
            RenderBR {BR} at (32,1050) size 0x0
            RenderText {#text} at (0,1054) size 32x17
              text run at (0,1054) width 32: "^^^^"
            RenderBR {BR} at (32,1067) size 0x0
            RenderText {#text} at (0,1071) size 32x17
              text run at (0,1071) width 32: "____"
            RenderBR {BR} at (32,1084) size 0x0
            RenderText {#text} at (0,1088) size 32x17
              text run at (0,1088) width 32: "````"
            RenderBR {BR} at (32,1101) size 0x0
            RenderText {#text} at (0,1105) size 32x17
              text run at (0,1105) width 32: "aaaa"
            RenderBR {BR} at (32,1118) size 0x0
            RenderText {#text} at (0,1122) size 32x17
              text run at (0,1122) width 32: "bbbb"
            RenderBR {BR} at (32,1135) size 0x0
            RenderText {#text} at (0,1139) size 32x17
              text run at (0,1139) width 32: "cccc"
            RenderBR {BR} at (32,1152) size 0x0
            RenderText {#text} at (0,1156) size 32x17
              text run at (0,1156) width 32: "dddd"
            RenderBR {BR} at (32,1169) size 0x0
            RenderText {#text} at (0,1173) size 32x17
              text run at (0,1173) width 32: "eeee"
            RenderBR {BR} at (32,1186) size 0x0
            RenderText {#text} at (0,1190) size 32x17
              text run at (0,1190) width 32: "ffff"
            RenderBR {BR} at (32,1203) size 0x0
            RenderText {#text} at (0,1207) size 32x17
              text run at (0,1207) width 32: "gggg"
            RenderBR {BR} at (32,1220) size 0x0
            RenderText {#text} at (0,1224) size 32x17
              text run at (0,1224) width 32: "hhhh"
            RenderBR {BR} at (32,1237) size 0x0
            RenderText {#text} at (0,1241) size 32x17
              text run at (0,1241) width 32: "iiii"
            RenderBR {BR} at (32,1254) size 0x0
            RenderText {#text} at (0,1258) size 32x17
              text run at (0,1258) width 32: "jjjj"
            RenderBR {BR} at (32,1271) size 0x0
            RenderText {#text} at (0,1275) size 32x17
              text run at (0,1275) width 32: "kkkk"
            RenderBR {BR} at (32,1288) size 0x0
            RenderText {#text} at (0,1292) size 32x17
              text run at (0,1292) width 32: "llll"
            RenderBR {BR} at (32,1305) size 0x0
            RenderText {#text} at (0,1309) size 32x17
              text run at (0,1309) width 32: "mmmm"
            RenderBR {BR} at (32,1322) size 0x0
            RenderText {#text} at (0,1326) size 32x17
              text run at (0,1326) width 32: "nnnn"
            RenderBR {BR} at (32,1339) size 0x0
            RenderText {#text} at (0,1343) size 32x17
              text run at (0,1343) width 32: "oooo"
            RenderBR {BR} at (32,1356) size 0x0
            RenderText {#text} at (0,1360) size 32x17
              text run at (0,1360) width 32: "pppp"
            RenderBR {BR} at (32,1373) size 0x0
            RenderText {#text} at (0,1377) size 32x17
              text run at (0,1377) width 32: "qqqq"
            RenderBR {BR} at (32,1390) size 0x0
            RenderText {#text} at (0,1394) size 32x17
              text run at (0,1394) width 32: "rrrr"
            RenderBR {BR} at (32,1407) size 0x0
            RenderText {#text} at (0,1411) size 32x17
              text run at (0,1411) width 32: "ssss"
            RenderBR {BR} at (32,1424) size 0x0
            RenderText {#text} at (0,1428) size 32x17
              text run at (0,1428) width 32: "tttt"
            RenderBR {BR} at (32,1441) size 0x0
            RenderText {#text} at (0,1445) size 32x17
              text run at (0,1445) width 32: "uuuu"
            RenderBR {BR} at (32,1458) size 0x0
            RenderText {#text} at (0,1462) size 32x17
              text run at (0,1462) width 32: "vvvv"
            RenderBR {BR} at (32,1475) size 0x0
            RenderText {#text} at (0,1479) size 32x17
              text run at (0,1479) width 32: "wwww"
            RenderBR {BR} at (32,1492) size 0x0
            RenderText {#text} at (0,1496) size 32x17
              text run at (0,1496) width 32: "xxxx"
            RenderBR {BR} at (32,1509) size 0x0
            RenderText {#text} at (0,1513) size 32x17
              text run at (0,1513) width 32: "yyyy"
            RenderBR {BR} at (32,1526) size 0x0
            RenderText {#text} at (0,1530) size 32x17
              text run at (0,1530) width 32: "zzzz"
            RenderBR {BR} at (32,1543) size 0x0
            RenderText {#text} at (0,1547) size 32x17
              text run at (0,1547) width 32: "{{{{"
            RenderBR {BR} at (32,1560) size 0x0
            RenderText {#text} at (0,1564) size 32x17
              text run at (0,1564) width 32: "||||"
            RenderBR {BR} at (32,1577) size 0x0
            RenderText {#text} at (0,1581) size 32x17
              text run at (0,1581) width 32: "}}}}"
            RenderBR {BR} at (32,1594) size 0x0
          RenderText {#text} at (0,0) size 0x0
        RenderText {#text} at (0,0) size 0x0
