layer at (0,0) size 800x6119
  RenderView at (0,0) size 800x600
layer at (0,0) size 800x6119
  RenderBlock {HTML} at (0,0) size 800x6119
    RenderBody {BODY} at (8,8) size 784x6095
      RenderBlock (anonymous) at (0,0) size 784x20
        RenderText {#text} at (0,0) size 324x19
          text run at (0,0) width 324: "This tests font choices and metrics for sans-serif fonts."
      RenderBlock {P} at (0,36) size 784x137
        RenderInline {FONT} at (0,0) size 783x136
          RenderText {#text} at (0,0) size 64x18
            text run at (0,0) width 64: "Helvetica"
          RenderBR {BR} at (64,15) size 0x0
          RenderText {#text} at (0,19) size 778x37
            text run at (0,19) width 778: "  ! \" # $ % & ' ( ) * + , - . / 0 1 2 3 4 5 6 7 8 9 : ; < = > ? @ A B C D E F G H I J K L M N O P Q R S T U V W X Y Z [ \\"
            text run at (0,38) width 378: "] ^ _ ` a b c d e f g h i j k l m n o p q r s t u v w x y z { | } > "
          RenderBR {BR} at (378,53) size 0x0
          RenderInline {B} at (0,0) size 783x39
            RenderText {#text} at (0,57) size 783x39
              text run at (0,57) width 783: "  ! \" # $ % & ' ( ) * + , - . / 0 1 2 3 4 5 6 7 8 9 : ; < = > ? @ A B C D E F G H I J K L M N O P Q R S T U V W X Y Z"
              text run at (0,77) width 432: "[ \\ ] ^ _ ` a b c d e f g h i j k l m n o p q r s t u v w x y z { | } > "
          RenderText {#text} at (0,0) size 0x0
          RenderBR {BR} at (0,0) size 0x0
          RenderInline {I} at (0,0) size 779x39
            RenderText {#text} at (0,97) size 779x39
              text run at (0,97) width 779: "  ! \" # $ % & ' ( ) * + , - . / 0 1 2 3 4 5 6 7 8 9 : ; < = > ? @ A B C D E F G H I J K L M N O P Q R S T U V W X Y Z ["
              text run at (0,117) width 391: "\\ ] ^ _ ` a b c d e f g h i j k l m n o p q r s t u v w x y z { | } >"
          RenderText {#text} at (0,0) size 0x0
        RenderText {#text} at (0,0) size 0x0
      RenderBlock {P} at (0,189) size 784x140
        RenderInline {FONT} at (0,0) size 783x139
          RenderText {#text} at (0,0) size 90x19
            text run at (0,0) width 90: "Lucida Grande"
          RenderBR {BR} at (90,15) size 0x0
          RenderText {#text} at (0,20) size 779x39
            text run at (0,20) width 779: "  ! \" # $ % & ' ( ) * + , - . / 0 1 2 3 4 5 6 7 8 9 : ; < = > ? @ A B C D E F G H I J K L M N O P Q R S T U V W X Y Z [ \\ ] ^"
            text run at (0,40) width 343: "_ ` a b c d e f g h i j k l m n o p q r s t u v w x y z { | } > "
          RenderBR {BR} at (343,55) size 0x0
          RenderInline {B} at (0,0) size 783x39
            RenderText {#text} at (0,60) size 783x39
              text run at (0,60) width 783: "  ! \" # $ % & ' ( ) * + , - . / 0 1 2 3 4 5 6 7 8 9 : ; < = > ? @ A B C D E F G H I J K L M N O P Q R S T U V W X Y Z [ \\"
              text run at (0,80) width 378: "] ^ _ ` a b c d e f g h i j k l m n o p q r s t u v w x y z { | } > "
          RenderText {#text} at (0,0) size 0x0
          RenderBR {BR} at (0,0) size 0x0
          RenderInline {I} at (0,0) size 774x39
            RenderText {#text} at (0,100) size 774x39
              text run at (0,100) width 774: "  ! \" # $ % & ' ( ) * + , - . / 0 1 2 3 4 5 6 7 8 9 : ; < = > ? @ A B C D E F G H I J K L M N O P Q R S T U V W X Y Z [ \\ ]"
              text run at (0,120) width 364: "^ _ ` a b c d e f g h i j k l m n o p q r s t u v w x y z { | } >"
          RenderText {#text} at (0,0) size 0x0
        RenderText {#text} at (0,0) size 0x0
      RenderBlock {P} at (0,345) size 784x137
        RenderInline {FONT} at (0,0) size 783x136
          RenderText {#text} at (0,0) size 32x18
            text run at (0,0) width 32: "Arial"
          RenderBR {BR} at (32,15) size 0x0
          RenderText {#text} at (0,19) size 778x37
            text run at (0,19) width 778: "  ! \" # $ % & ' ( ) * + , - . / 0 1 2 3 4 5 6 7 8 9 : ; < = > ? @ A B C D E F G H I J K L M N O P Q R S T U V W X Y Z [ \\"
            text run at (0,38) width 378: "] ^ _ ` a b c d e f g h i j k l m n o p q r s t u v w x y z { | } > "
          RenderBR {BR} at (378,53) size 0x0
          RenderInline {B} at (0,0) size 783x39
            RenderText {#text} at (0,57) size 783x39
              text run at (0,57) width 783: "  ! \" # $ % & ' ( ) * + , - . / 0 1 2 3 4 5 6 7 8 9 : ; < = > ? @ A B C D E F G H I J K L M N O P Q R S T U V W X Y Z"
              text run at (0,77) width 432: "[ \\ ] ^ _ ` a b c d e f g h i j k l m n o p q r s t u v w x y z { | } > "
          RenderText {#text} at (0,0) size 0x0
          RenderBR {BR} at (0,0) size 0x0
          RenderInline {I} at (0,0) size 779x39
            RenderText {#text} at (0,97) size 779x39
              text run at (0,97) width 779: "  ! \" # $ % & ' ( ) * + , - . / 0 1 2 3 4 5 6 7 8 9 : ; < = > ? @ A B C D E F G H I J K L M N O P Q R S T U V W X Y Z ["
              text run at (0,117) width 391: "\\ ] ^ _ ` a b c d e f g h i j k l m n o p q r s t u v w x y z { | } >"
          RenderText {#text} at (0,0) size 0x0
          RenderInline {FONT} at (0,0) size 0x0
            RenderText {#text} at (0,0) size 0x0
      RenderBlock {P} at (0,498) size 784x1805
        RenderInline {FONT} at (0,0) size 68x1804
          RenderInline {FONT} at (0,0) size 68x1804
            RenderText {#text} at (0,0) size 0x0
            RenderInline {FONT} at (0,0) size 68x1804
              RenderText {#text} at (0,0) size 68x18
                text run at (0,0) width 68: "sans-serif"
              RenderBR {BR} at (68,15) size 0x0
              RenderText {#text} at (0,19) size 16x18
                text run at (0,19) width 16: "    "
              RenderBR {BR} at (16,34) size 0x0
              RenderText {#text} at (0,38) size 20x18
                text run at (0,38) width 20: "!!!!"
              RenderBR {BR} at (20,53) size 0x0
              RenderText {#text} at (0,57) size 24x18
                text run at (0,57) width 24: "\"\"\"\""
              RenderBR {BR} at (24,72) size 0x0
              RenderText {#text} at (0,76) size 36x18
                text run at (0,76) width 36: "####"
              RenderBR {BR} at (36,91) size 0x0
              RenderText {#text} at (0,95) size 36x18
                text run at (0,95) width 36: "$$$$"
              RenderBR {BR} at (36,110) size 0x0
              RenderText {#text} at (0,114) size 56x18
                text run at (0,114) width 56: "%%%%"
              RenderBR {BR} at (56,129) size 0x0
              RenderText {#text} at (0,133) size 44x18
                text run at (0,133) width 44: "&&&&"
              RenderBR {BR} at (44,148) size 0x0
              RenderText {#text} at (0,152) size 12x18
                text run at (0,152) width 12: "''''"
              RenderBR {BR} at (12,167) size 0x0
              RenderText {#text} at (0,171) size 20x18
                text run at (0,171) width 20: "(((("
              RenderBR {BR} at (20,186) size 0x0
              RenderText {#text} at (0,190) size 20x18
                text run at (0,190) width 20: "))))"
              RenderBR {BR} at (20,205) size 0x0
              RenderText {#text} at (0,209) size 24x18
                text run at (0,209) width 24: "****"
              RenderBR {BR} at (24,224) size 0x0
              RenderText {#text} at (0,228) size 36x18
                text run at (0,228) width 36: "++++"
              RenderBR {BR} at (36,243) size 0x0
              RenderText {#text} at (0,247) size 16x18
                text run at (0,247) width 16: ",,,,"
              RenderBR {BR} at (16,262) size 0x0
              RenderText {#text} at (0,266) size 20x18
                text run at (0,266) width 20: "----"
              RenderBR {BR} at (20,281) size 0x0
              RenderText {#text} at (0,285) size 16x18
                text run at (0,285) width 16: "...."
              RenderBR {BR} at (16,300) size 0x0
              RenderText {#text} at (0,304) size 16x18
                text run at (0,304) width 16: "////"
              RenderBR {BR} at (16,319) size 0x0
              RenderText {#text} at (0,323) size 36x18
                text run at (0,323) width 36: "0000"
              RenderBR {BR} at (36,338) size 0x0
              RenderText {#text} at (0,342) size 36x18
                text run at (0,342) width 36: "1111"
              RenderBR {BR} at (36,357) size 0x0
              RenderText {#text} at (0,361) size 36x18
                text run at (0,361) width 36: "2222"
              RenderBR {BR} at (36,376) size 0x0
              RenderText {#text} at (0,380) size 36x18
                text run at (0,380) width 36: "3333"
              RenderBR {BR} at (36,395) size 0x0
              RenderText {#text} at (0,399) size 36x18
                text run at (0,399) width 36: "4444"
              RenderBR {BR} at (36,414) size 0x0
              RenderText {#text} at (0,418) size 36x18
                text run at (0,418) width 36: "5555"
              RenderBR {BR} at (36,433) size 0x0
              RenderText {#text} at (0,437) size 36x18
                text run at (0,437) width 36: "6666"
              RenderBR {BR} at (36,452) size 0x0
              RenderText {#text} at (0,456) size 36x18
                text run at (0,456) width 36: "7777"
              RenderBR {BR} at (36,471) size 0x0
              RenderText {#text} at (0,475) size 36x18
                text run at (0,475) width 36: "8888"
              RenderBR {BR} at (36,490) size 0x0
              RenderText {#text} at (0,494) size 36x18
                text run at (0,494) width 36: "9999"
              RenderBR {BR} at (36,509) size 0x0
              RenderText {#text} at (0,513) size 16x18
                text run at (0,513) width 16: "::::"
              RenderBR {BR} at (16,528) size 0x0
              RenderText {#text} at (0,532) size 16x18
                text run at (0,532) width 16: ";;;;"
              RenderBR {BR} at (16,547) size 0x0
              RenderText {#text} at (0,551) size 36x18
                text run at (0,551) width 36: "<<<<"
              RenderBR {BR} at (36,566) size 0x0
              RenderText {#text} at (0,570) size 36x18
                text run at (0,570) width 36: "===="
              RenderBR {BR} at (36,585) size 0x0
              RenderText {#text} at (0,589) size 36x18
                text run at (0,589) width 36: ">>>>"
              RenderBR {BR} at (36,604) size 0x0
              RenderText {#text} at (0,608) size 36x18
                text run at (0,608) width 36: "????"
              RenderBR {BR} at (36,623) size 0x0
              RenderText {#text} at (0,627) size 64x18
                text run at (0,627) width 64: "@@@@"
              RenderBR {BR} at (64,642) size 0x0
              RenderText {#text} at (0,646) size 44x18
                text run at (0,646) width 44: "AAAA"
              RenderBR {BR} at (44,661) size 0x0
              RenderText {#text} at (0,665) size 44x18
                text run at (0,665) width 44: "BBBB"
              RenderBR {BR} at (44,680) size 0x0
              RenderText {#text} at (0,684) size 48x18
                text run at (0,684) width 48: "CCCC"
              RenderBR {BR} at (48,699) size 0x0
              RenderText {#text} at (0,703) size 48x18
                text run at (0,703) width 48: "DDDD"
              RenderBR {BR} at (48,718) size 0x0
              RenderText {#text} at (0,722) size 44x18
                text run at (0,722) width 44: "EEEE"
              RenderBR {BR} at (44,737) size 0x0
              RenderText {#text} at (0,741) size 40x18
                text run at (0,741) width 40: "FFFF"
              RenderBR {BR} at (40,756) size 0x0
              RenderText {#text} at (0,760) size 48x18
                text run at (0,760) width 48: "GGGG"
              RenderBR {BR} at (48,775) size 0x0
              RenderText {#text} at (0,779) size 44x18
                text run at (0,779) width 44: "HHHH"
              RenderBR {BR} at (44,794) size 0x0
              RenderText {#text} at (0,798) size 12x18
                text run at (0,798) width 12: "IIII"
              RenderBR {BR} at (12,813) size 0x0
              RenderText {#text} at (0,817) size 32x18
                text run at (0,817) width 32: "JJJJ"
              RenderBR {BR} at (32,832) size 0x0
              RenderText {#text} at (0,836) size 44x18
                text run at (0,836) width 44: "KKKK"
              RenderBR {BR} at (44,851) size 0x0
              RenderText {#text} at (0,855) size 36x18
                text run at (0,855) width 36: "LLLL"
              RenderBR {BR} at (36,870) size 0x0
              RenderText {#text} at (0,874) size 52x18
                text run at (0,874) width 52: "MMMM"
              RenderBR {BR} at (52,889) size 0x0
              RenderText {#text} at (0,893) size 44x18
                text run at (0,893) width 44: "NNNN"
              RenderBR {BR} at (44,908) size 0x0
              RenderText {#text} at (0,912) size 48x18
                text run at (0,912) width 48: "OOOO"
              RenderBR {BR} at (48,927) size 0x0
              RenderText {#text} at (0,931) size 44x18
                text run at (0,931) width 44: "PPPP"
              RenderBR {BR} at (44,946) size 0x0
              RenderText {#text} at (0,950) size 48x18
                text run at (0,950) width 48: "QQQQ"
              RenderBR {BR} at (48,965) size 0x0
              RenderText {#text} at (0,969) size 44x18
                text run at (0,969) width 44: "RRRR"
              RenderBR {BR} at (44,984) size 0x0
              RenderText {#text} at (0,988) size 44x18
                text run at (0,988) width 44: "SSSS"
              RenderBR {BR} at (44,1003) size 0x0
              RenderText {#text} at (0,1007) size 36x18
                text run at (0,1007) width 36: "TTTT"
              RenderBR {BR} at (36,1022) size 0x0
              RenderText {#text} at (0,1026) size 44x18
                text run at (0,1026) width 44: "UUUU"
              RenderBR {BR} at (44,1041) size 0x0
              RenderText {#text} at (0,1045) size 44x18
                text run at (0,1045) width 44: "VVVV"
              RenderBR {BR} at (44,1060) size 0x0
              RenderText {#text} at (0,1064) size 60x18
                text run at (0,1064) width 60: "WWWW"
              RenderBR {BR} at (60,1079) size 0x0
              RenderText {#text} at (0,1083) size 44x18
                text run at (0,1083) width 44: "XXXX"
              RenderBR {BR} at (44,1098) size 0x0
              RenderText {#text} at (0,1102) size 36x18
                text run at (0,1102) width 36: "YYYY"
              RenderBR {BR} at (36,1117) size 0x0
              RenderText {#text} at (0,1121) size 36x18
                text run at (0,1121) width 36: "ZZZZ"
              RenderBR {BR} at (36,1136) size 0x0
              RenderText {#text} at (0,1140) size 16x18
                text run at (0,1140) width 16: "[[[["
              RenderBR {BR} at (16,1155) size 0x0
              RenderText {#text} at (0,1159) size 16x18
                text run at (0,1159) width 16: "\\\\\\\\"
              RenderBR {BR} at (16,1174) size 0x0
              RenderText {#text} at (0,1178) size 16x18
                text run at (0,1178) width 16: "]]]]"
              RenderBR {BR} at (16,1193) size 0x0
              RenderText {#text} at (0,1197) size 28x18
                text run at (0,1197) width 28: "^^^^"
              RenderBR {BR} at (28,1212) size 0x0
              RenderText {#text} at (0,1216) size 36x18
                text run at (0,1216) width 36: "____"
              RenderBR {BR} at (36,1231) size 0x0
              RenderText {#text} at (0,1235) size 20x18
                text run at (0,1235) width 20: "````"
              RenderBR {BR} at (20,1250) size 0x0
              RenderText {#text} at (0,1254) size 36x18
                text run at (0,1254) width 36: "aaaa"
              RenderBR {BR} at (36,1269) size 0x0
              RenderText {#text} at (0,1273) size 36x18
                text run at (0,1273) width 36: "bbbb"
              RenderBR {BR} at (36,1288) size 0x0
              RenderText {#text} at (0,1292) size 32x18
                text run at (0,1292) width 32: "cccc"
              RenderBR {BR} at (32,1307) size 0x0
              RenderText {#text} at (0,1311) size 36x18
                text run at (0,1311) width 36: "dddd"
              RenderBR {BR} at (36,1326) size 0x0
              RenderText {#text} at (0,1330) size 36x18
                text run at (0,1330) width 36: "eeee"
              RenderBR {BR} at (36,1345) size 0x0
              RenderText {#text} at (0,1349) size 16x18
                text run at (0,1349) width 16: "ffff"
              RenderBR {BR} at (16,1364) size 0x0
              RenderText {#text} at (0,1368) size 36x18
                text run at (0,1368) width 36: "gggg"
              RenderBR {BR} at (36,1383) size 0x0
              RenderText {#text} at (0,1387) size 32x18
                text run at (0,1387) width 32: "hhhh"
              RenderBR {BR} at (32,1402) size 0x0
              RenderText {#text} at (0,1406) size 16x18
                text run at (0,1406) width 16: "iiii"
              RenderBR {BR} at (16,1421) size 0x0
              RenderText {#text} at (0,1425) size 12x18
                text run at (0,1425) width 12: "jjjj"
              RenderBR {BR} at (12,1440) size 0x0
              RenderText {#text} at (0,1444) size 32x18
                text run at (0,1444) width 32: "kkkk"
              RenderBR {BR} at (32,1459) size 0x0
              RenderText {#text} at (0,1463) size 12x18
                text run at (0,1463) width 12: "llll"
              RenderBR {BR} at (12,1478) size 0x0
              RenderText {#text} at (0,1482) size 52x18
                text run at (0,1482) width 52: "mmmm"
              RenderBR {BR} at (52,1497) size 0x0
              RenderText {#text} at (0,1501) size 32x18
                text run at (0,1501) width 32: "nnnn"
              RenderBR {BR} at (32,1516) size 0x0
              RenderText {#text} at (0,1520) size 36x18
                text run at (0,1520) width 36: "oooo"
              RenderBR {BR} at (36,1535) size 0x0
              RenderText {#text} at (0,1539) size 36x18
                text run at (0,1539) width 36: "pppp"
              RenderBR {BR} at (36,1554) size 0x0
              RenderText {#text} at (0,1558) size 36x18
                text run at (0,1558) width 36: "qqqq"
              RenderBR {BR} at (36,1573) size 0x0
              RenderText {#text} at (0,1577) size 20x18
                text run at (0,1577) width 20: "rrrr"
              RenderBR {BR} at (20,1592) size 0x0
              RenderText {#text} at (0,1596) size 32x18
                text run at (0,1596) width 32: "ssss"
              RenderBR {BR} at (32,1611) size 0x0
              RenderText {#text} at (0,1615) size 16x18
                text run at (0,1615) width 16: "tttt"
              RenderBR {BR} at (16,1630) size 0x0
              RenderText {#text} at (0,1634) size 32x18
                text run at (0,1634) width 32: "uuuu"
              RenderBR {BR} at (32,1649) size 0x0
              RenderText {#text} at (0,1653) size 28x18
                text run at (0,1653) width 28: "vvvv"
              RenderBR {BR} at (28,1668) size 0x0
              RenderText {#text} at (0,1672) size 44x18
                text run at (0,1672) width 44: "wwww"
              RenderBR {BR} at (44,1687) size 0x0
              RenderText {#text} at (0,1691) size 28x18
                text run at (0,1691) width 28: "xxxx"
              RenderBR {BR} at (28,1706) size 0x0
              RenderText {#text} at (0,1710) size 28x18
                text run at (0,1710) width 28: "yyyy"
              RenderBR {BR} at (28,1725) size 0x0
              RenderText {#text} at (0,1729) size 28x18
                text run at (0,1729) width 28: "zzzz"
              RenderBR {BR} at (28,1744) size 0x0
              RenderText {#text} at (0,1748) size 20x18
                text run at (0,1748) width 20: "{{{{"
              RenderBR {BR} at (20,1763) size 0x0
              RenderText {#text} at (0,1767) size 12x18
                text run at (0,1767) width 12: "||||"
              RenderBR {BR} at (12,1782) size 0x0
              RenderText {#text} at (0,1786) size 20x18
                text run at (0,1786) width 20: "}}}}"
              RenderBR {BR} at (20,1801) size 0x0
      RenderBlock {P} at (0,2319) size 784x1880
        RenderInline {FONT} at (0,0) size 64x1878
          RenderInline {FONT} at (0,0) size 64x1878
            RenderInline {FONT} at (0,0) size 64x1878
              RenderText {#text} at (0,0) size 0x0
              RenderInline {B} at (0,0) size 64x1879
                RenderText {#text} at (0,0) size 16x19
                  text run at (0,0) width 16: "    "
                RenderBR {BR} at (16,15) size 0x0
                RenderText {#text} at (0,20) size 16x19
                  text run at (0,20) width 16: "!!!!"
                RenderBR {BR} at (16,35) size 0x0
                RenderText {#text} at (0,40) size 32x19
                  text run at (0,40) width 32: "\"\"\"\""
                RenderBR {BR} at (32,55) size 0x0
                RenderText {#text} at (0,60) size 36x19
                  text run at (0,60) width 36: "####"
                RenderBR {BR} at (36,75) size 0x0
                RenderText {#text} at (0,80) size 36x19
                  text run at (0,80) width 36: "$$$$"
                RenderBR {BR} at (36,95) size 0x0
                RenderText {#text} at (0,100) size 64x19
                  text run at (0,100) width 64: "%%%%"
                RenderBR {BR} at (64,115) size 0x0
                RenderText {#text} at (0,120) size 48x19
                  text run at (0,120) width 48: "&&&&"
                RenderBR {BR} at (48,135) size 0x0
                RenderText {#text} at (0,140) size 16x19
                  text run at (0,140) width 16: "''''"
                RenderBR {BR} at (16,155) size 0x0
                RenderText {#text} at (0,160) size 20x19
                  text run at (0,160) width 20: "(((("
                RenderBR {BR} at (20,175) size 0x0
                RenderText {#text} at (0,180) size 20x19
                  text run at (0,180) width 20: "))))"
                RenderBR {BR} at (20,195) size 0x0
                RenderText {#text} at (0,200) size 24x19
                  text run at (0,200) width 24: "****"
                RenderBR {BR} at (24,215) size 0x0
                RenderText {#text} at (0,220) size 36x19
                  text run at (0,220) width 36: "++++"
                RenderBR {BR} at (36,235) size 0x0
                RenderText {#text} at (0,240) size 16x19
                  text run at (0,240) width 16: ",,,,"
                RenderBR {BR} at (16,255) size 0x0
                RenderText {#text} at (0,260) size 20x19
                  text run at (0,260) width 20: "----"
                RenderBR {BR} at (20,275) size 0x0
                RenderText {#text} at (0,280) size 16x19
                  text run at (0,280) width 16: "...."
                RenderBR {BR} at (16,295) size 0x0
                RenderText {#text} at (0,300) size 16x19
                  text run at (0,300) width 16: "////"
                RenderBR {BR} at (16,315) size 0x0
                RenderText {#text} at (0,320) size 36x19
                  text run at (0,320) width 36: "0000"
                RenderBR {BR} at (36,335) size 0x0
                RenderText {#text} at (0,340) size 36x19
                  text run at (0,340) width 36: "1111"
                RenderBR {BR} at (36,355) size 0x0
                RenderText {#text} at (0,360) size 36x19
                  text run at (0,360) width 36: "2222"
                RenderBR {BR} at (36,375) size 0x0
                RenderText {#text} at (0,380) size 36x19
                  text run at (0,380) width 36: "3333"
                RenderBR {BR} at (36,395) size 0x0
                RenderText {#text} at (0,400) size 36x19
                  text run at (0,400) width 36: "4444"
                RenderBR {BR} at (36,415) size 0x0
                RenderText {#text} at (0,420) size 36x19
                  text run at (0,420) width 36: "5555"
                RenderBR {BR} at (36,435) size 0x0
                RenderText {#text} at (0,440) size 36x19
                  text run at (0,440) width 36: "6666"
                RenderBR {BR} at (36,455) size 0x0
                RenderText {#text} at (0,460) size 36x19
                  text run at (0,460) width 36: "7777"
                RenderBR {BR} at (36,475) size 0x0
                RenderText {#text} at (0,480) size 36x19
                  text run at (0,480) width 36: "8888"
                RenderBR {BR} at (36,495) size 0x0
                RenderText {#text} at (0,500) size 36x19
                  text run at (0,500) width 36: "9999"
                RenderBR {BR} at (36,515) size 0x0
                RenderText {#text} at (0,520) size 24x19
                  text run at (0,520) width 24: "::::"
                RenderBR {BR} at (24,535) size 0x0
                RenderText {#text} at (0,540) size 24x19
                  text run at (0,540) width 24: ";;;;"
                RenderBR {BR} at (24,555) size 0x0
                RenderText {#text} at (0,560) size 36x19
                  text run at (0,560) width 36: "<<<<"
                RenderBR {BR} at (36,575) size 0x0
                RenderText {#text} at (0,580) size 36x19
                  text run at (0,580) width 36: "===="
                RenderBR {BR} at (36,595) size 0x0
                RenderText {#text} at (0,600) size 36x19
                  text run at (0,600) width 36: ">>>>"
                RenderBR {BR} at (36,615) size 0x0
                RenderText {#text} at (0,620) size 40x19
                  text run at (0,620) width 40: "????"
                RenderBR {BR} at (40,635) size 0x0
                RenderText {#text} at (0,640) size 64x19
                  text run at (0,640) width 64: "@@@@"
                RenderBR {BR} at (64,655) size 0x0
                RenderText {#text} at (0,660) size 44x19
                  text run at (0,660) width 44: "AAAA"
                RenderBR {BR} at (44,675) size 0x0
                RenderText {#text} at (0,680) size 48x19
                  text run at (0,680) width 48: "BBBB"
                RenderBR {BR} at (48,695) size 0x0
                RenderText {#text} at (0,700) size 48x19
                  text run at (0,700) width 48: "CCCC"
                RenderBR {BR} at (48,715) size 0x0
                RenderText {#text} at (0,720) size 48x19
                  text run at (0,720) width 48: "DDDD"
                RenderBR {BR} at (48,735) size 0x0
                RenderText {#text} at (0,740) size 44x19
                  text run at (0,740) width 44: "EEEE"
                RenderBR {BR} at (44,755) size 0x0
                RenderText {#text} at (0,760) size 40x19
                  text run at (0,760) width 40: "FFFF"
                RenderBR {BR} at (40,775) size 0x0
                RenderText {#text} at (0,780) size 48x19
                  text run at (0,780) width 48: "GGGG"
                RenderBR {BR} at (48,795) size 0x0
                RenderText {#text} at (0,800) size 48x19
                  text run at (0,800) width 48: "HHHH"
                RenderBR {BR} at (48,815) size 0x0
                RenderText {#text} at (0,820) size 16x19
                  text run at (0,820) width 16: "IIII"
                RenderBR {BR} at (16,835) size 0x0
                RenderText {#text} at (0,840) size 36x19
                  text run at (0,840) width 36: "JJJJ"
                RenderBR {BR} at (36,855) size 0x0
                RenderText {#text} at (0,860) size 48x19
                  text run at (0,860) width 48: "KKKK"
                RenderBR {BR} at (48,875) size 0x0
                RenderText {#text} at (0,880) size 40x19
                  text run at (0,880) width 40: "LLLL"
                RenderBR {BR} at (40,895) size 0x0
                RenderText {#text} at (0,900) size 52x19
                  text run at (0,900) width 52: "MMMM"
                RenderBR {BR} at (52,915) size 0x0
                RenderText {#text} at (0,920) size 48x19
                  text run at (0,920) width 48: "NNNN"
                RenderBR {BR} at (48,935) size 0x0
                RenderText {#text} at (0,940) size 48x19
                  text run at (0,940) width 48: "OOOO"
                RenderBR {BR} at (48,955) size 0x0
                RenderText {#text} at (0,960) size 44x19
                  text run at (0,960) width 44: "PPPP"
                RenderBR {BR} at (44,975) size 0x0
                RenderText {#text} at (0,980) size 48x19
                  text run at (0,980) width 48: "QQQQ"
                RenderBR {BR} at (48,995) size 0x0
                RenderText {#text} at (0,1000) size 48x19
                  text run at (0,1000) width 48: "RRRR"
                RenderBR {BR} at (48,1015) size 0x0
                RenderText {#text} at (0,1020) size 44x19
                  text run at (0,1020) width 44: "SSSS"
                RenderBR {BR} at (44,1035) size 0x0
                RenderText {#text} at (0,1040) size 40x19
                  text run at (0,1040) width 40: "TTTT"
                RenderBR {BR} at (40,1055) size 0x0
                RenderText {#text} at (0,1060) size 48x19
                  text run at (0,1060) width 48: "UUUU"
                RenderBR {BR} at (48,1075) size 0x0
                RenderText {#text} at (0,1080) size 44x19
                  text run at (0,1080) width 44: "VVVV"
                RenderBR {BR} at (44,1095) size 0x0
                RenderText {#text} at (0,1100) size 60x19
                  text run at (0,1100) width 60: "WWWW"
                RenderBR {BR} at (60,1115) size 0x0
                RenderText {#text} at (0,1120) size 44x19
                  text run at (0,1120) width 44: "XXXX"
                RenderBR {BR} at (44,1135) size 0x0
                RenderText {#text} at (0,1140) size 40x19
                  text run at (0,1140) width 40: "YYYY"
                RenderBR {BR} at (40,1155) size 0x0
                RenderText {#text} at (0,1160) size 36x19
                  text run at (0,1160) width 36: "ZZZZ"
                RenderBR {BR} at (36,1175) size 0x0
                RenderText {#text} at (0,1180) size 20x19
                  text run at (0,1180) width 20: "[[[["
                RenderBR {BR} at (20,1195) size 0x0
                RenderText {#text} at (0,1200) size 16x19
                  text run at (0,1200) width 16: "\\\\\\\\"
                RenderBR {BR} at (16,1215) size 0x0
                RenderText {#text} at (0,1220) size 20x19
                  text run at (0,1220) width 20: "]]]]"
                RenderBR {BR} at (20,1235) size 0x0
                RenderText {#text} at (0,1240) size 36x19
                  text run at (0,1240) width 36: "^^^^"
                RenderBR {BR} at (36,1255) size 0x0
                RenderText {#text} at (0,1260) size 36x19
                  text run at (0,1260) width 36: "____"
                RenderBR {BR} at (36,1275) size 0x0
                RenderText {#text} at (0,1280) size 20x19
                  text run at (0,1280) width 20: "````"
                RenderBR {BR} at (20,1295) size 0x0
                RenderText {#text} at (0,1300) size 36x19
                  text run at (0,1300) width 36: "aaaa"
                RenderBR {BR} at (36,1315) size 0x0
                RenderText {#text} at (0,1320) size 40x19
                  text run at (0,1320) width 40: "bbbb"
                RenderBR {BR} at (40,1335) size 0x0
                RenderText {#text} at (0,1340) size 36x19
                  text run at (0,1340) width 36: "cccc"
                RenderBR {BR} at (36,1355) size 0x0
                RenderText {#text} at (0,1360) size 40x19
                  text run at (0,1360) width 40: "dddd"
                RenderBR {BR} at (40,1375) size 0x0
                RenderText {#text} at (0,1380) size 36x19
                  text run at (0,1380) width 36: "eeee"
                RenderBR {BR} at (36,1395) size 0x0
                RenderText {#text} at (0,1400) size 20x19
                  text run at (0,1400) width 20: "ffff"
                RenderBR {BR} at (20,1415) size 0x0
                RenderText {#text} at (0,1420) size 40x19
                  text run at (0,1420) width 40: "gggg"
                RenderBR {BR} at (40,1435) size 0x0
                RenderText {#text} at (0,1440) size 40x19
                  text run at (0,1440) width 40: "hhhh"
                RenderBR {BR} at (40,1455) size 0x0
                RenderText {#text} at (0,1460) size 16x19
                  text run at (0,1460) width 16: "iiii"
                RenderBR {BR} at (16,1475) size 0x0
                RenderText {#text} at (0,1480) size 16x19
                  text run at (0,1480) width 16: "jjjj"
                RenderBR {BR} at (16,1495) size 0x0
                RenderText {#text} at (0,1500) size 36x19
                  text run at (0,1500) width 36: "kkkk"
                RenderBR {BR} at (36,1515) size 0x0
                RenderText {#text} at (0,1520) size 16x19
                  text run at (0,1520) width 16: "llll"
                RenderBR {BR} at (16,1535) size 0x0
                RenderText {#text} at (0,1540) size 56x19
                  text run at (0,1540) width 56: "mmmm"
                RenderBR {BR} at (56,1555) size 0x0
                RenderText {#text} at (0,1560) size 40x19
                  text run at (0,1560) width 40: "nnnn"
                RenderBR {BR} at (40,1575) size 0x0
                RenderText {#text} at (0,1580) size 40x19
                  text run at (0,1580) width 40: "oooo"
                RenderBR {BR} at (40,1595) size 0x0
                RenderText {#text} at (0,1600) size 40x19
                  text run at (0,1600) width 40: "pppp"
                RenderBR {BR} at (40,1615) size 0x0
                RenderText {#text} at (0,1620) size 40x19
                  text run at (0,1620) width 40: "qqqq"
                RenderBR {BR} at (40,1635) size 0x0
                RenderText {#text} at (0,1640) size 24x19
                  text run at (0,1640) width 24: "rrrr"
                RenderBR {BR} at (24,1655) size 0x0
                RenderText {#text} at (0,1660) size 36x19
                  text run at (0,1660) width 36: "ssss"
                RenderBR {BR} at (36,1675) size 0x0
                RenderText {#text} at (0,1680) size 20x19
                  text run at (0,1680) width 20: "tttt"
                RenderBR {BR} at (20,1695) size 0x0
                RenderText {#text} at (0,1700) size 40x19
                  text run at (0,1700) width 40: "uuuu"
                RenderBR {BR} at (40,1715) size 0x0
                RenderText {#text} at (0,1720) size 36x19
                  text run at (0,1720) width 36: "vvvv"
                RenderBR {BR} at (36,1735) size 0x0
                RenderText {#text} at (0,1740) size 52x19
                  text run at (0,1740) width 52: "wwww"
                RenderBR {BR} at (52,1755) size 0x0
                RenderText {#text} at (0,1760) size 36x19
                  text run at (0,1760) width 36: "xxxx"
                RenderBR {BR} at (36,1775) size 0x0
                RenderText {#text} at (0,1780) size 36x19
                  text run at (0,1780) width 36: "yyyy"
                RenderBR {BR} at (36,1795) size 0x0
                RenderText {#text} at (0,1800) size 36x19
                  text run at (0,1800) width 36: "zzzz"
                RenderBR {BR} at (36,1815) size 0x0
                RenderText {#text} at (0,1820) size 24x19
                  text run at (0,1820) width 24: "{{{{"
                RenderBR {BR} at (24,1835) size 0x0
                RenderText {#text} at (0,1840) size 16x19
                  text run at (0,1840) width 16: "||||"
                RenderBR {BR} at (16,1855) size 0x0
                RenderText {#text} at (0,1860) size 24x19
                  text run at (0,1860) width 24: "}}}}"
                RenderBR {BR} at (24,1875) size 0x0
              RenderText {#text} at (0,0) size 0x0
      RenderBlock {P} at (0,4215) size 784x1880
        RenderInline {FONT} at (0,0) size 64x1878
          RenderInline {FONT} at (0,0) size 64x1878
            RenderInline {FONT} at (0,0) size 64x1878
              RenderText {#text} at (0,0) size 0x0
              RenderInline {I} at (0,0) size 64x1879
                RenderText {#text} at (0,0) size 16x19
                  text run at (0,0) width 16: "    "
                RenderBR {BR} at (16,16) size 0x0
                RenderText {#text} at (0,20) size 16x19
                  text run at (0,20) width 16: "!!!!"
                RenderBR {BR} at (16,36) size 0x0
                RenderText {#text} at (0,40) size 24x19
                  text run at (0,40) width 24: "\"\"\"\""
                RenderBR {BR} at (24,56) size 0x0
                RenderText {#text} at (0,60) size 36x19
                  text run at (0,60) width 36: "####"
                RenderBR {BR} at (36,76) size 0x0
                RenderText {#text} at (0,80) size 36x19
                  text run at (0,80) width 36: "$$$$"
                RenderBR {BR} at (36,96) size 0x0
                RenderText {#text} at (0,100) size 56x19
                  text run at (0,100) width 56: "%%%%"
                RenderBR {BR} at (56,116) size 0x0
                RenderText {#text} at (0,120) size 44x19
                  text run at (0,120) width 44: "&&&&"
                RenderBR {BR} at (44,136) size 0x0
                RenderText {#text} at (0,140) size 12x19
                  text run at (0,140) width 12: "''''"
                RenderBR {BR} at (12,156) size 0x0
                RenderText {#text} at (0,160) size 20x19
                  text run at (0,160) width 20: "(((("
                RenderBR {BR} at (20,176) size 0x0
                RenderText {#text} at (0,180) size 20x19
                  text run at (0,180) width 20: "))))"
                RenderBR {BR} at (20,196) size 0x0
                RenderText {#text} at (0,200) size 24x19
                  text run at (0,200) width 24: "****"
                RenderBR {BR} at (24,216) size 0x0
                RenderText {#text} at (0,220) size 36x19
                  text run at (0,220) width 36: "++++"
                RenderBR {BR} at (36,236) size 0x0
                RenderText {#text} at (0,240) size 16x19
                  text run at (0,240) width 16: ",,,,"
                RenderBR {BR} at (16,256) size 0x0
                RenderText {#text} at (0,260) size 20x19
                  text run at (0,260) width 20: "----"
                RenderBR {BR} at (20,276) size 0x0
                RenderText {#text} at (0,280) size 16x19
                  text run at (0,280) width 16: "...."
                RenderBR {BR} at (16,296) size 0x0
                RenderText {#text} at (0,300) size 16x19
                  text run at (0,300) width 16: "////"
                RenderBR {BR} at (16,316) size 0x0
                RenderText {#text} at (0,320) size 36x19
                  text run at (0,320) width 36: "0000"
                RenderBR {BR} at (36,336) size 0x0
                RenderText {#text} at (0,340) size 36x19
                  text run at (0,340) width 36: "1111"
                RenderBR {BR} at (36,356) size 0x0
                RenderText {#text} at (0,360) size 36x19
                  text run at (0,360) width 36: "2222"
                RenderBR {BR} at (36,376) size 0x0
                RenderText {#text} at (0,380) size 36x19
                  text run at (0,380) width 36: "3333"
                RenderBR {BR} at (36,396) size 0x0
                RenderText {#text} at (0,400) size 36x19
                  text run at (0,400) width 36: "4444"
                RenderBR {BR} at (36,416) size 0x0
                RenderText {#text} at (0,420) size 36x19
                  text run at (0,420) width 36: "5555"
                RenderBR {BR} at (36,436) size 0x0
                RenderText {#text} at (0,440) size 36x19
                  text run at (0,440) width 36: "6666"
                RenderBR {BR} at (36,456) size 0x0
                RenderText {#text} at (0,460) size 36x19
                  text run at (0,460) width 36: "7777"
                RenderBR {BR} at (36,476) size 0x0
                RenderText {#text} at (0,480) size 36x19
                  text run at (0,480) width 36: "8888"
                RenderBR {BR} at (36,496) size 0x0
                RenderText {#text} at (0,500) size 36x19
                  text run at (0,500) width 36: "9999"
                RenderBR {BR} at (36,516) size 0x0
                RenderText {#text} at (0,520) size 16x19
                  text run at (0,520) width 16: "::::"
                RenderBR {BR} at (16,536) size 0x0
                RenderText {#text} at (0,540) size 16x19
                  text run at (0,540) width 16: ";;;;"
                RenderBR {BR} at (16,556) size 0x0
                RenderText {#text} at (0,560) size 36x19
                  text run at (0,560) width 36: "<<<<"
                RenderBR {BR} at (36,576) size 0x0
                RenderText {#text} at (0,580) size 36x19
                  text run at (0,580) width 36: "===="
                RenderBR {BR} at (36,596) size 0x0
                RenderText {#text} at (0,600) size 36x19
                  text run at (0,600) width 36: ">>>>"
                RenderBR {BR} at (36,616) size 0x0
                RenderText {#text} at (0,620) size 36x19
                  text run at (0,620) width 36: "????"
                RenderBR {BR} at (36,636) size 0x0
                RenderText {#text} at (0,640) size 64x19
                  text run at (0,640) width 64: "@@@@"
                RenderBR {BR} at (64,656) size 0x0
                RenderText {#text} at (0,660) size 44x19
                  text run at (0,660) width 44: "AAAA"
                RenderBR {BR} at (44,676) size 0x0
                RenderText {#text} at (0,680) size 44x19
                  text run at (0,680) width 44: "BBBB"
                RenderBR {BR} at (44,696) size 0x0
                RenderText {#text} at (0,700) size 48x19
                  text run at (0,700) width 48: "CCCC"
                RenderBR {BR} at (48,716) size 0x0
                RenderText {#text} at (0,720) size 48x19
                  text run at (0,720) width 48: "DDDD"
                RenderBR {BR} at (48,736) size 0x0
                RenderText {#text} at (0,740) size 44x19
                  text run at (0,740) width 44: "EEEE"
                RenderBR {BR} at (44,756) size 0x0
                RenderText {#text} at (0,760) size 40x19
                  text run at (0,760) width 40: "FFFF"
                RenderBR {BR} at (40,776) size 0x0
                RenderText {#text} at (0,780) size 48x19
                  text run at (0,780) width 48: "GGGG"
                RenderBR {BR} at (48,796) size 0x0
                RenderText {#text} at (0,800) size 48x19
                  text run at (0,800) width 48: "HHHH"
                RenderBR {BR} at (48,816) size 0x0
                RenderText {#text} at (0,820) size 16x19
                  text run at (0,820) width 16: "IIII"
                RenderBR {BR} at (16,836) size 0x0
                RenderText {#text} at (0,840) size 32x19
                  text run at (0,840) width 32: "JJJJ"
                RenderBR {BR} at (32,856) size 0x0
                RenderText {#text} at (0,860) size 44x19
                  text run at (0,860) width 44: "KKKK"
                RenderBR {BR} at (44,876) size 0x0
                RenderText {#text} at (0,880) size 36x19
                  text run at (0,880) width 36: "LLLL"
                RenderBR {BR} at (36,896) size 0x0
                RenderText {#text} at (0,900) size 56x19
                  text run at (0,900) width 56: "MMMM"
                RenderBR {BR} at (56,916) size 0x0
                RenderText {#text} at (0,920) size 48x19
                  text run at (0,920) width 48: "NNNN"
                RenderBR {BR} at (48,936) size 0x0
                RenderText {#text} at (0,940) size 48x19
                  text run at (0,940) width 48: "OOOO"
                RenderBR {BR} at (48,956) size 0x0
                RenderText {#text} at (0,960) size 44x19
                  text run at (0,960) width 44: "PPPP"
                RenderBR {BR} at (44,976) size 0x0
                RenderText {#text} at (0,980) size 48x19
                  text run at (0,980) width 48: "QQQQ"
                RenderBR {BR} at (48,996) size 0x0
                RenderText {#text} at (0,1000) size 48x19
                  text run at (0,1000) width 48: "RRRR"
                RenderBR {BR} at (48,1016) size 0x0
                RenderText {#text} at (0,1020) size 44x19
                  text run at (0,1020) width 44: "SSSS"
                RenderBR {BR} at (44,1036) size 0x0
                RenderText {#text} at (0,1040) size 40x19
                  text run at (0,1040) width 40: "TTTT"
                RenderBR {BR} at (40,1056) size 0x0
                RenderText {#text} at (0,1060) size 48x19
                  text run at (0,1060) width 48: "UUUU"
                RenderBR {BR} at (48,1076) size 0x0
                RenderText {#text} at (0,1080) size 44x19
                  text run at (0,1080) width 44: "VVVV"
                RenderBR {BR} at (44,1096) size 0x0
                RenderText {#text} at (0,1100) size 60x19
                  text run at (0,1100) width 60: "WWWW"
                RenderBR {BR} at (60,1116) size 0x0
                RenderText {#text} at (0,1120) size 44x19
                  text run at (0,1120) width 44: "XXXX"
                RenderBR {BR} at (44,1136) size 0x0
                RenderText {#text} at (0,1140) size 44x19
                  text run at (0,1140) width 44: "YYYY"
                RenderBR {BR} at (44,1156) size 0x0
                RenderText {#text} at (0,1160) size 40x19
                  text run at (0,1160) width 40: "ZZZZ"
                RenderBR {BR} at (40,1176) size 0x0
                RenderText {#text} at (0,1180) size 16x19
                  text run at (0,1180) width 16: "[[[["
                RenderBR {BR} at (16,1196) size 0x0
                RenderText {#text} at (0,1200) size 16x19
                  text run at (0,1200) width 16: "\\\\\\\\"
                RenderBR {BR} at (16,1216) size 0x0
                RenderText {#text} at (0,1220) size 16x19
                  text run at (0,1220) width 16: "]]]]"
                RenderBR {BR} at (16,1236) size 0x0
                RenderText {#text} at (0,1240) size 32x19
                  text run at (0,1240) width 32: "^^^^"
                RenderBR {BR} at (32,1256) size 0x0
                RenderText {#text} at (0,1260) size 36x19
                  text run at (0,1260) width 36: "____"
                RenderBR {BR} at (36,1276) size 0x0
                RenderText {#text} at (0,1280) size 20x19
                  text run at (0,1280) width 20: "````"
                RenderBR {BR} at (20,1296) size 0x0
                RenderText {#text} at (0,1300) size 36x19
                  text run at (0,1300) width 36: "aaaa"
                RenderBR {BR} at (36,1316) size 0x0
                RenderText {#text} at (0,1320) size 36x19
                  text run at (0,1320) width 36: "bbbb"
                RenderBR {BR} at (36,1336) size 0x0
                RenderText {#text} at (0,1340) size 32x19
                  text run at (0,1340) width 32: "cccc"
                RenderBR {BR} at (32,1356) size 0x0
                RenderText {#text} at (0,1360) size 36x19
                  text run at (0,1360) width 36: "dddd"
                RenderBR {BR} at (36,1376) size 0x0
                RenderText {#text} at (0,1380) size 36x19
                  text run at (0,1380) width 36: "eeee"
                RenderBR {BR} at (36,1396) size 0x0
                RenderText {#text} at (0,1400) size 16x19
                  text run at (0,1400) width 16: "ffff"
                RenderBR {BR} at (16,1416) size 0x0
                RenderText {#text} at (0,1420) size 36x19
                  text run at (0,1420) width 36: "gggg"
                RenderBR {BR} at (36,1436) size 0x0
                RenderText {#text} at (0,1440) size 36x19
                  text run at (0,1440) width 36: "hhhh"
                RenderBR {BR} at (36,1456) size 0x0
                RenderText {#text} at (0,1460) size 16x19
                  text run at (0,1460) width 16: "iiii"
                RenderBR {BR} at (16,1476) size 0x0
                RenderText {#text} at (0,1480) size 16x19
                  text run at (0,1480) width 16: "jjjj"
                RenderBR {BR} at (16,1496) size 0x0
                RenderText {#text} at (0,1500) size 32x19
                  text run at (0,1500) width 32: "kkkk"
                RenderBR {BR} at (32,1516) size 0x0
                RenderText {#text} at (0,1520) size 16x19
                  text run at (0,1520) width 16: "llll"
                RenderBR {BR} at (16,1536) size 0x0
                RenderText {#text} at (0,1540) size 56x19
                  text run at (0,1540) width 56: "mmmm"
                RenderBR {BR} at (56,1556) size 0x0
                RenderText {#text} at (0,1560) size 36x19
                  text run at (0,1560) width 36: "nnnn"
                RenderBR {BR} at (36,1576) size 0x0
                RenderText {#text} at (0,1580) size 36x19
                  text run at (0,1580) width 36: "oooo"
                RenderBR {BR} at (36,1596) size 0x0
                RenderText {#text} at (0,1600) size 36x19
                  text run at (0,1600) width 36: "pppp"
                RenderBR {BR} at (36,1616) size 0x0
                RenderText {#text} at (0,1620) size 36x19
                  text run at (0,1620) width 36: "qqqq"
                RenderBR {BR} at (36,1636) size 0x0
                RenderText {#text} at (0,1640) size 20x19
                  text run at (0,1640) width 20: "rrrr"
                RenderBR {BR} at (20,1656) size 0x0
                RenderText {#text} at (0,1660) size 32x19
                  text run at (0,1660) width 32: "ssss"
                RenderBR {BR} at (32,1676) size 0x0
                RenderText {#text} at (0,1680) size 16x19
                  text run at (0,1680) width 16: "tttt"
                RenderBR {BR} at (16,1696) size 0x0
                RenderText {#text} at (0,1700) size 36x19
                  text run at (0,1700) width 36: "uuuu"
                RenderBR {BR} at (36,1716) size 0x0
                RenderText {#text} at (0,1720) size 32x19
                  text run at (0,1720) width 32: "vvvv"
                RenderBR {BR} at (32,1736) size 0x0
                RenderText {#text} at (0,1740) size 36x19
                  text run at (0,1740) width 36: "wwww"
                RenderBR {BR} at (36,1756) size 0x0
                RenderText {#text} at (0,1760) size 32x19
                  text run at (0,1760) width 32: "xxxx"
                RenderBR {BR} at (32,1776) size 0x0
                RenderText {#text} at (0,1780) size 32x19
                  text run at (0,1780) width 32: "yyyy"
                RenderBR {BR} at (32,1796) size 0x0
                RenderText {#text} at (0,1800) size 28x19
                  text run at (0,1800) width 28: "zzzz"
                RenderBR {BR} at (28,1816) size 0x0
                RenderText {#text} at (0,1820) size 20x19
                  text run at (0,1820) width 20: "{{{{"
                RenderBR {BR} at (20,1836) size 0x0
                RenderText {#text} at (0,1840) size 16x19
                  text run at (0,1840) width 16: "||||"
                RenderBR {BR} at (16,1856) size 0x0
                RenderText {#text} at (0,1860) size 20x19
                  text run at (0,1860) width 20: "}}}}"
                RenderBR {BR} at (20,1876) size 0x0
              RenderText {#text} at (0,0) size 0x0
            RenderText {#text} at (0,0) size 0x0
