layer at (0,0) size 800x600
  RenderView at (0,0) size 800x600
layer at (0,0) size 800x600
  RenderBlock {HTML} at (0,0) size 800x600
    RenderBody {BODY} at (8,8) size 784x576
      RenderBlock {P} at (0,0) size 784x38 [color=#008000]
        RenderText {#text} at (0,0) size 762x38
          text run at (0,0) width 532: "This text should be green if the viewport is 800:600 ratio. This is unlikely to happen "
          text run at (532,0) width 230: "by chance, but the layout testing sets"
          text run at (0,19) width 50: "this size"
      RenderBlock {P} at (0,54) size 784x19 [color=#008000]
        RenderText {#text} at (0,0) size 529x19
          text run at (0,0) width 529: "This text should be green if the viewport is landscape (minimum aspect ratio of 1:1)."
      RenderBlock {P} at (0,89) size 784x19
        RenderText {#text} at (0,0) size 515x19
          text run at (0,0) width 515: "This text should be green if the viewport is portrait (maximum aspect ratio of 1:1)."
      RenderBlock {P} at (0,124) size 784x19
        RenderText {#text} at (0,0) size 458x19
          text run at (0,0) width 458: "This text should be green if the viewport aspect ratio is greater than 16:9."
