layer at (0,0) size 800x600
  RenderView at (0,0) size 800x600
layer at (0,0) size 800x600
  RenderBlock {HTML} at (0,0) size 800x600
    RenderBody {BODY} at (8,8) size 784x576
      RenderBlock {P} at (0,0) size 784x18 [color=#008000]
        RenderText {#text} at (0,0) size 560x19
          text run at (0,0) width 560: "This text should be green and below should read \"braille, not screen, screen and (color)\"."
      RenderBlock {P} at (0,34) size 784x18 [color=#008000]
        RenderText {#text} at (0,0) size 304x19
          text run at (0,0) width 304: "braille, not screen, screen and (color), not screen"
      RenderBlock {P} at (0,68) size 784x18 [color=#008000]
        RenderText {#text} at (0,0) size 182x19
          text run at (0,0) width 182: "expected to fail (24.07.2005)"
