layer at (0,0) size 785x643
  RenderView at (0,0) size 785x600
layer at (0,0) size 785x643
  RenderBlock {HTML} at (0,0) size 785x643
    RenderBody {BODY} at (8,8) size 769x576
      RenderBlock {P} at (0,0) size 769x19 [color=#008000]
        RenderText {#text} at (0,0) size 319x19
          text run at (0,0) width 319: "This text should be green if height is at least 30ex ."
      RenderBlock (floating) {DIV} at (0,35) size 115x240 [bgcolor=#ADD8E6]
        RenderText {#text} at (0,0) size 115x19
          text run at (0,0) width 115: "div of height 30ex"
      RenderBlock (floating) {DIV} at (115,35) size 124x600 [bgcolor=#ADD8E6]
        RenderText {#text} at (0,0) size 124x19
          text run at (0,0) width 124: "div of height 600px"
