layer at (0,0) size 808x585
  RenderView at (0,0) size 800x585
layer at (0,0) size 800x585
  RenderBlock {HTML} at (0,0) size 800x585
    RenderBody {BODY} at (8,8) size 784x569
      RenderBlock {P} at (0,0) size 784x18 [color=#008000]
        RenderText {#text} at (0,0) size 378x19
          text run at (0,0) width 378: "This text should be green if viewport is at most 800px wide."
      RenderBlock {DIV} at (0,34) size 800x18 [bgcolor=#ADD8E6]
        RenderText {#text} at (0,0) size 121x19
          text run at (0,0) width 121: "div of width 800px"
