layer at (0,0) size 800x600
  RenderView at (0,0) size 800x600
layer at (0,0) size 800x600
  RenderBlock {HTML} at (0,0) size 800x600
    RenderBody {BODY} at (8,8) size 784x576
      RenderBlock {P} at (0,0) size 784x44
        RenderText {#text} at (0,0) size 57x22
          text run at (0,0) width 57: "Test for "
        RenderInline {I} at (0,0) size 773x44
          RenderInline {A} at (0,0) size 310x22 [color=#0000EE]
            RenderText {#text} at (57,0) size 310x22
              text run at (57,0) width 310: "https://bugs.webkit.org/show_bug.cgi?id=23848"
          RenderText {#text} at (367,0) size 773x44
            text run at (367,0) width 406: " REGRESSION: Crash when mouse cursor moves over a link"
            text run at (0,22) width 145: "on www.opportuno.de"
        RenderText {#text} at (145,22) size 4x22
          text run at (145,22) width 4: "."
      RenderBlock {P} at (0,60) size 784x22
        RenderText {#text} at (0,0) size 784x22
          text run at (0,0) width 480: "This tests that changing the z-index of an inline correctly invalidates its "
          text run at (480,0) width 304: "layer\x{2019}s and its stacking context\x{2019}s z-index lists."
      RenderBlock (anonymous) at (0,98) size 784x0
        RenderText {#text} at (0,0) size 0x0
        RenderText {#text} at (0,0) size 0x0
