layer at (0,0) size 784x7588
  RenderView at (0,0) size 784x600
layer at (0,0) size 784x7588
  RenderBlock {HTML} at (0,0) size 784x7588
    RenderBody {BODY} at (8,8) size 768x7572
      RenderBlock (anonymous) at (0,0) size 768x18
        RenderText {#text} at (0,0) size 454x17
          text run at (0,0) width 454: "This is a test of all the various HTML alignments using LTR direction."
      RenderBlock {DIV} at (0,18) size 768x226 [border: (4px solid #008000)]
        RenderBlock {DIV} at (6,6) size 756x26 [border: (2px solid #0000FF)]
          RenderText {#text} at (4,4) size 190x17
            text run at (4,4) width 190: "Normal div inside normal div"
        RenderBlock {DIV} at (6,32) size 756x26 [border: (2px solid #0000FF)]
          RenderText {#text} at (4,4) size 168x17
            text run at (4,4) width 168: "Left div inside normal div"
        RenderBlock {DIV} at (6,58) size 756x26 [border: (2px solid #0000FF)]
          RenderText {#text} at (286,4) size 184x17
            text run at (286,4) width 184: "Center div inside normal div"
        RenderBlock {DIV} at (6,84) size 756x26 [border: (2px solid #0000FF)]
          RenderText {#text} at (576,4) size 176x17
            text run at (576,4) width 176: "Right div inside normal div"
        RenderBlock {CENTER} at (6,110) size 756x26 [border: (2px solid #0000FF)]
          RenderText {#text} at (286,4) size 184x17
            text run at (286,4) width 184: "Center tag inside normal div"
        RenderTable {TABLE} at (6,136) size 98x28 [border: (2px solid #0000FF)]
          RenderTableSection {TBODY} at (2,2) size 94x24
            RenderTableRow {TR} at (0,2) size 94x20
              RenderTableCell {TD} at (2,2) size 90x20 [r=0 c=0 rs=1 cs=1]
                RenderText {#text} at (1,1) size 88x17
                  text run at (1,1) width 88: "Normal table."
        RenderTable {TABLE} at (312,164) size 143x28 [border: (2px solid #0000FF)]
          RenderTableSection {TBODY} at (2,2) size 139x24
            RenderTableRow {TR} at (0,2) size 139x20
              RenderTableCell {TD} at (2,2) size 135x20 [r=0 c=0 rs=1 cs=1]
                RenderText {#text} at (1,1) size 133x17
                  text run at (1,1) width 133: "Center aligned table."
        RenderTable {TABLE} at (8,192) size 195x28 [border: (2px solid #0000FF)]
          RenderTableSection {TBODY} at (2,2) size 191x24
            RenderTableRow {TR} at (0,2) size 191x20
              RenderTableCell {TD} at (2,2) size 187x20 [r=0 c=0 rs=1 cs=1]
                RenderText {#text} at (1,1) size 185x17
                  text run at (1,1) width 185: "Center table (fixed margins)."
      RenderBlock {DIV} at (0,244) size 768x226 [border: (4px solid #800080)]
        RenderBlock {DIV} at (6,6) size 408x26 [border: (2px solid #0000FF)]
          RenderText {#text} at (4,4) size 267x17
            text run at (4,4) width 267: "Normal fixed width div inside normal div"
        RenderBlock {DIV} at (6,32) size 408x26 [border: (2px solid #0000FF)]
          RenderText {#text} at (4,4) size 245x17
            text run at (4,4) width 245: "Left fixed width div inside normal div"
        RenderBlock {DIV} at (6,58) size 408x26 [border: (2px solid #0000FF)]
          RenderText {#text} at (73,4) size 262x17
            text run at (73,4) width 262: "Center fixed width div inside normal div"
        RenderBlock {DIV} at (6,84) size 408x26 [border: (2px solid #0000FF)]
          RenderText {#text} at (150,4) size 254x17
            text run at (150,4) width 254: "Right fixed width div inside normal div"
        RenderBlock {CENTER} at (6,110) size 408x26 [border: (2px solid #0000FF)]
          RenderText {#text} at (68,4) size 272x17
            text run at (68,4) width 272: "Center tag (fixed width) inside normal div"
        RenderTable {TABLE} at (6,136) size 400x28 [border: (2px solid #0000FF)]
          RenderTableSection {TBODY} at (2,2) size 396x24
            RenderTableRow {TR} at (0,2) size 396x20
              RenderTableCell {TD} at (2,2) size 392x20 [r=0 c=0 rs=1 cs=1]
                RenderText {#text} at (1,1) size 88x17
                  text run at (1,1) width 88: "Normal table."
        RenderTable {TABLE} at (184,164) size 400x28 [border: (2px solid #0000FF)]
          RenderTableSection {TBODY} at (2,2) size 396x24
            RenderTableRow {TR} at (0,2) size 396x20
              RenderTableCell {TD} at (2,2) size 392x20 [r=0 c=0 rs=1 cs=1]
                RenderText {#text} at (1,1) size 133x17
                  text run at (1,1) width 133: "Center aligned table."
        RenderTable {TABLE} at (8,192) size 400x28 [border: (2px solid #0000FF)]
          RenderTableSection {TBODY} at (2,2) size 396x24
            RenderTableRow {TR} at (0,2) size 396x20
              RenderTableCell {TD} at (2,2) size 392x20 [r=0 c=0 rs=1 cs=1]
                RenderText {#text} at (1,1) size 185x17
                  text run at (1,1) width 185: "Center table (fixed margins)."
      RenderBlock {DIV} at (0,470) size 768x226 [border: (4px solid #008000)]
        RenderBlock {DIV} at (6,6) size 756x26 [border: (2px solid #0000FF)]
          RenderText {#text} at (4,4) size 207x17
            text run at (4,4) width 207: "Normal div inside align=left div"
        RenderBlock {DIV} at (6,32) size 756x26 [border: (2px solid #0000FF)]
          RenderText {#text} at (4,4) size 185x17
            text run at (4,4) width 185: "Left div inside align=left div"
        RenderBlock {DIV} at (6,58) size 756x26 [border: (2px solid #0000FF)]
          RenderText {#text} at (277,4) size 202x17
            text run at (277,4) width 202: "Center div inside align=left div"
        RenderBlock {DIV} at (6,84) size 756x26 [border: (2px solid #0000FF)]
          RenderText {#text} at (558,4) size 194x17
            text run at (558,4) width 194: "Right div inside align=left div"
        RenderBlock {CENTER} at (6,110) size 756x26 [border: (2px solid #0000FF)]
          RenderText {#text} at (278,4) size 200x17
            text run at (278,4) width 200: "Center tag inside align=left div"
        RenderTable {TABLE} at (6,136) size 98x28 [border: (2px solid #0000FF)]
          RenderTableSection {TBODY} at (2,2) size 94x24
            RenderTableRow {TR} at (0,2) size 94x20
              RenderTableCell {TD} at (2,2) size 90x20 [r=0 c=0 rs=1 cs=1]
                RenderText {#text} at (1,1) size 88x17
                  text run at (1,1) width 88: "Normal table."
        RenderTable {TABLE} at (312,164) size 143x28 [border: (2px solid #0000FF)]
          RenderTableSection {TBODY} at (2,2) size 139x24
            RenderTableRow {TR} at (0,2) size 139x20
              RenderTableCell {TD} at (2,2) size 135x20 [r=0 c=0 rs=1 cs=1]
                RenderText {#text} at (1,1) size 133x17
                  text run at (1,1) width 133: "Center aligned table."
        RenderTable {TABLE} at (8,192) size 195x28 [border: (2px solid #0000FF)]
          RenderTableSection {TBODY} at (2,2) size 191x24
            RenderTableRow {TR} at (0,2) size 191x20
              RenderTableCell {TD} at (2,2) size 187x20 [r=0 c=0 rs=1 cs=1]
                RenderText {#text} at (1,1) size 185x17
                  text run at (1,1) width 185: "Center table (fixed margins)."
      RenderBlock {DIV} at (0,696) size 768x226 [border: (4px solid #800080)]
        RenderBlock {DIV} at (6,6) size 408x26 [border: (2px solid #0000FF)]
          RenderText {#text} at (4,4) size 284x17
            text run at (4,4) width 284: "Normal fixed width div inside align=left div"
        RenderBlock {DIV} at (6,32) size 408x26 [border: (2px solid #0000FF)]
          RenderText {#text} at (4,4) size 262x17
            text run at (4,4) width 262: "Left fixed width div inside align=left div"
        RenderBlock {DIV} at (6,58) size 408x26 [border: (2px solid #0000FF)]
          RenderText {#text} at (65,4) size 278x17
            text run at (65,4) width 278: "Center fixed width div inside align=left div"
        RenderBlock {DIV} at (6,84) size 408x26 [border: (2px solid #0000FF)]
          RenderText {#text} at (133,4) size 271x17
            text run at (133,4) width 271: "Right fixed width div inside align=left div"
        RenderBlock {CENTER} at (6,110) size 408x26 [border: (2px solid #0000FF)]
          RenderText {#text} at (60,4) size 288x17
            text run at (60,4) width 288: "Center tag (fixed width) inside align=left div"
        RenderTable {TABLE} at (6,136) size 400x28 [border: (2px solid #0000FF)]
          RenderTableSection {TBODY} at (2,2) size 396x24
            RenderTableRow {TR} at (0,2) size 396x20
              RenderTableCell {TD} at (2,2) size 392x20 [r=0 c=0 rs=1 cs=1]
                RenderText {#text} at (1,1) size 88x17
                  text run at (1,1) width 88: "Normal table."
        RenderTable {TABLE} at (184,164) size 400x28 [border: (2px solid #0000FF)]
          RenderTableSection {TBODY} at (2,2) size 396x24
            RenderTableRow {TR} at (0,2) size 396x20
              RenderTableCell {TD} at (2,2) size 392x20 [r=0 c=0 rs=1 cs=1]
                RenderText {#text} at (1,1) size 133x17
                  text run at (1,1) width 133: "Center aligned table."
        RenderTable {TABLE} at (8,192) size 400x28 [border: (2px solid #0000FF)]
          RenderTableSection {TBODY} at (2,2) size 396x24
            RenderTableRow {TR} at (0,2) size 396x20
              RenderTableCell {TD} at (2,2) size 392x20 [r=0 c=0 rs=1 cs=1]
                RenderText {#text} at (1,1) size 185x17
                  text run at (1,1) width 185: "Center table (fixed margins)."
      RenderBlock {DIV} at (0,922) size 768x226 [border: (4px solid #008000)]
        RenderBlock {DIV} at (6,6) size 756x26 [border: (2px solid #0000FF)]
          RenderText {#text} at (263,4) size 230x17
            text run at (263,4) width 230: "Normal div inside align= center div"
        RenderBlock {DIV} at (6,32) size 756x26 [border: (2px solid #0000FF)]
          RenderText {#text} at (4,4) size 202x17
            text run at (4,4) width 202: "Left div inside align=center div"
        RenderBlock {DIV} at (6,58) size 756x26 [border: (2px solid #0000FF)]
          RenderText {#text} at (269,4) size 218x17
            text run at (269,4) width 218: "Center div inside align=center div"
        RenderBlock {DIV} at (6,84) size 756x26 [border: (2px solid #0000FF)]
          RenderText {#text} at (541,4) size 211x17
            text run at (541,4) width 211: "Right div inside align=center div"
        RenderBlock {CENTER} at (6,110) size 756x26 [border: (2px solid #0000FF)]
          RenderText {#text} at (269,4) size 218x17
            text run at (269,4) width 218: "Center tag inside align=center div"
        RenderTable {TABLE} at (335,136) size 98x28 [border: (2px solid #0000FF)]
          RenderTableSection {TBODY} at (2,2) size 94x24
            RenderTableRow {TR} at (0,2) size 94x20
              RenderTableCell {TD} at (2,2) size 90x20 [r=0 c=0 rs=1 cs=1]
                RenderText {#text} at (1,1) size 88x17
                  text run at (1,1) width 88: "Normal table."
        RenderTable {TABLE} at (312,164) size 143x28 [border: (2px solid #0000FF)]
          RenderTableSection {TBODY} at (2,2) size 139x24
            RenderTableRow {TR} at (0,2) size 139x20
              RenderTableCell {TD} at (2,2) size 135x20 [r=0 c=0 rs=1 cs=1]
                RenderText {#text} at (1,1) size 133x17
                  text run at (1,1) width 133: "Center aligned table."
        RenderTable {TABLE} at (286,192) size 195x28 [border: (2px solid #0000FF)]
          RenderTableSection {TBODY} at (2,2) size 191x24
            RenderTableRow {TR} at (0,2) size 191x20
              RenderTableCell {TD} at (2,2) size 187x20 [r=0 c=0 rs=1 cs=1]
                RenderText {#text} at (1,1) size 185x17
                  text run at (1,1) width 185: "Center table (fixed margins)."
      RenderBlock {DIV} at (0,1148) size 768x314 [border: (4px solid #800080)]
        RenderBlock {DIV} at (180,6) size 408x26 [border: (2px solid #0000FF)]
          RenderText {#text} at (53,4) size 302x17
            text run at (53,4) width 302: "Normal fixed width div inside align=center div"
        RenderBlock {DIV} at (354,32) size 408x44 [border: (2px solid #0000FF)]
          RenderText {#text} at (7,4) size 394x35
            text run at (7,4) width 394: "Normal fixed width div (auto left margin) inside align=center"
            text run at (193,22) width 22: "div"
        RenderBlock {DIV} at (6,76) size 408x44 [border: (2px solid #0000FF)]
          RenderText {#text} at (44,4) size 320x35
            text run at (44,4) width 320: "Normal fixed width div (auto right margin) inside"
            text run at (151,22) width 106: "align=center div"
        RenderBlock {DIV} at (180,120) size 408x26 [border: (2px solid #0000FF)]
          RenderText {#text} at (4,4) size 280x17
            text run at (4,4) width 280: "Left fixed width div inside align=center div"
        RenderBlock {DIV} at (180,146) size 408x26 [border: (2px solid #0000FF)]
          RenderText {#text} at (56,4) size 296x17
            text run at (56,4) width 296: "Center fixed width div inside align=center div"
        RenderBlock {DIV} at (180,172) size 408x26 [border: (2px solid #0000FF)]
          RenderText {#text} at (115,4) size 289x17
            text run at (115,4) width 289: "Right fixed width div inside align=center div"
        RenderBlock {CENTER} at (180,198) size 408x26 [border: (2px solid #0000FF)]
          RenderText {#text} at (51,4) size 306x17
            text run at (51,4) width 306: "Center tag (fixed width) inside align=center div"
        RenderTable {TABLE} at (184,224) size 400x28 [border: (2px solid #0000FF)]
          RenderTableSection {TBODY} at (2,2) size 396x24
            RenderTableRow {TR} at (0,2) size 396x20
              RenderTableCell {TD} at (2,2) size 392x20 [r=0 c=0 rs=1 cs=1]
                RenderText {#text} at (1,1) size 88x17
                  text run at (1,1) width 88: "Normal table."
        RenderTable {TABLE} at (184,252) size 400x28 [border: (2px solid #0000FF)]
          RenderTableSection {TBODY} at (2,2) size 396x24
            RenderTableRow {TR} at (0,2) size 396x20
              RenderTableCell {TD} at (2,2) size 392x20 [r=0 c=0 rs=1 cs=1]
                RenderText {#text} at (1,1) size 133x17
                  text run at (1,1) width 133: "Center aligned table."
        RenderTable {TABLE} at (184,280) size 400x28 [border: (2px solid #0000FF)]
          RenderTableSection {TBODY} at (2,2) size 396x24
            RenderTableRow {TR} at (0,2) size 396x20
              RenderTableCell {TD} at (2,2) size 392x20 [r=0 c=0 rs=1 cs=1]
                RenderText {#text} at (1,1) size 185x17
                  text run at (1,1) width 185: "Center table (fixed margins)."
      RenderBlock {DIV} at (0,1462) size 768x226 [border: (4px solid #008000)]
        RenderBlock {DIV} at (6,6) size 756x26 [border: (2px solid #0000FF)]
          RenderText {#text} at (536,4) size 216x17
            text run at (536,4) width 216: "Normal div inside align=right div"
        RenderBlock {DIV} at (6,32) size 756x26 [border: (2px solid #0000FF)]
          RenderText {#text} at (4,4) size 193x17
            text run at (4,4) width 193: "Left div inside align=right div"
        RenderBlock {DIV} at (6,58) size 756x26 [border: (2px solid #0000FF)]
          RenderText {#text} at (273,4) size 210x17
            text run at (273,4) width 210: "Center div inside align=right div"
        RenderBlock {DIV} at (6,84) size 756x26 [border: (2px solid #0000FF)]
          RenderText {#text} at (550,4) size 202x17
            text run at (550,4) width 202: "Right div inside align=right div"
        RenderBlock {CENTER} at (6,110) size 756x26 [border: (2px solid #0000FF)]
          RenderText {#text} at (273,4) size 210x17
            text run at (273,4) width 210: "Center tag inside align=right div"
        RenderTable {TABLE} at (664,136) size 98x28 [border: (2px solid #0000FF)]
          RenderTableSection {TBODY} at (2,2) size 94x24
            RenderTableRow {TR} at (0,2) size 94x20
              RenderTableCell {TD} at (2,2) size 90x20 [r=0 c=0 rs=1 cs=1]
                RenderText {#text} at (1,1) size 88x17
                  text run at (1,1) width 88: "Normal table."
        RenderTable {TABLE} at (312,164) size 143x28 [border: (2px solid #0000FF)]
          RenderTableSection {TBODY} at (2,2) size 139x24
            RenderTableRow {TR} at (0,2) size 139x20
              RenderTableCell {TD} at (2,2) size 135x20 [r=0 c=0 rs=1 cs=1]
                RenderText {#text} at (1,1) size 133x17
                  text run at (1,1) width 133: "Center aligned table."
        RenderTable {TABLE} at (565,192) size 195x28 [border: (2px solid #0000FF)]
          RenderTableSection {TBODY} at (2,2) size 191x24
            RenderTableRow {TR} at (0,2) size 191x20
              RenderTableCell {TD} at (2,2) size 187x20 [r=0 c=0 rs=1 cs=1]
                RenderText {#text} at (1,1) size 185x17
                  text run at (1,1) width 185: "Center table (fixed margins)."
      RenderBlock {DIV} at (0,1688) size 768x226 [border: (4px solid #800080)]
        RenderBlock {DIV} at (354,6) size 408x26 [border: (2px solid #0000FF)]
          RenderText {#text} at (111,4) size 293x17
            text run at (111,4) width 293: "Normal fixed width div inside align=right div"
        RenderBlock {DIV} at (354,32) size 408x26 [border: (2px solid #0000FF)]
          RenderText {#text} at (4,4) size 271x17
            text run at (4,4) width 271: "Left fixed width div inside align=right div"
        RenderBlock {DIV} at (354,58) size 408x26 [border: (2px solid #0000FF)]
          RenderText {#text} at (60,4) size 288x17
            text run at (60,4) width 288: "Center fixed width div inside align=right div"
        RenderBlock {DIV} at (354,84) size 408x26 [border: (2px solid #0000FF)]
          RenderText {#text} at (124,4) size 280x17
            text run at (124,4) width 280: "Right fixed width div inside align=right div"
        RenderBlock {CENTER} at (354,110) size 408x26 [border: (2px solid #0000FF)]
          RenderText {#text} at (55,4) size 298x17
            text run at (55,4) width 298: "Center tag (fixed width) inside align=right div"
        RenderTable {TABLE} at (362,136) size 400x28 [border: (2px solid #0000FF)]
          RenderTableSection {TBODY} at (2,2) size 396x24
            RenderTableRow {TR} at (0,2) size 396x20
              RenderTableCell {TD} at (2,2) size 392x20 [r=0 c=0 rs=1 cs=1]
                RenderText {#text} at (1,1) size 88x17
                  text run at (1,1) width 88: "Normal table."
        RenderTable {TABLE} at (184,164) size 400x28 [border: (2px solid #0000FF)]
          RenderTableSection {TBODY} at (2,2) size 396x24
            RenderTableRow {TR} at (0,2) size 396x20
              RenderTableCell {TD} at (2,2) size 392x20 [r=0 c=0 rs=1 cs=1]
                RenderText {#text} at (1,1) size 133x17
                  text run at (1,1) width 133: "Center aligned table."
        RenderTable {TABLE} at (360,192) size 400x28 [border: (2px solid #0000FF)]
          RenderTableSection {TBODY} at (2,2) size 396x24
            RenderTableRow {TR} at (0,2) size 396x20
              RenderTableCell {TD} at (2,2) size 392x20 [r=0 c=0 rs=1 cs=1]
                RenderText {#text} at (1,1) size 185x17
                  text run at (1,1) width 185: "Center table (fixed margins)."
      RenderBlock {P} at (0,1930) size 768x18
        RenderText {#text} at (0,0) size 378x17
          text run at (0,0) width 378: "This is a test using TABLE cells (all in the LTR direction)."
      RenderTable {TABLE} at (0,1964) size 768x232 [border: (2px solid #0000FF)]
        RenderTableSection {TBODY} at (2,2) size 764x228
          RenderTableRow {TR} at (0,2) size 764x224
            RenderTableCell {TD} at (2,2) size 760x224 [border: (4px solid #008000)] [r=0 c=0 rs=1 cs=1]
              RenderBlock {DIV} at (5,5) size 750x26 [border: (2px solid #0000FF)]
                RenderText {#text} at (4,4) size 182x17
                  text run at (4,4) width 182: "Normal div inside normal td"
              RenderBlock {DIV} at (5,31) size 750x26 [border: (2px solid #0000FF)]
                RenderText {#text} at (4,4) size 160x17
                  text run at (4,4) width 160: "Left div inside normal td"
              RenderBlock {DIV} at (5,57) size 750x26 [border: (2px solid #0000FF)]
                RenderText {#text} at (287,4) size 176x17
                  text run at (287,4) width 176: "Center div inside normal td"
              RenderBlock {DIV} at (5,83) size 750x26 [border: (2px solid #0000FF)]
                RenderText {#text} at (578,4) size 168x17
                  text run at (578,4) width 168: "Right div inside normal td"
              RenderBlock {CENTER} at (5,109) size 750x26 [border: (2px solid #0000FF)]
                RenderText {#text} at (287,4) size 176x17
                  text run at (287,4) width 176: "Center tag inside normal td"
              RenderTable {TABLE} at (5,135) size 98x28 [border: (2px solid #0000FF)]
                RenderTableSection {TBODY} at (2,2) size 94x24
                  RenderTableRow {TR} at (0,2) size 94x20
                    RenderTableCell {TD} at (2,2) size 90x20 [r=0 c=0 rs=1 cs=1]
                      RenderText {#text} at (1,1) size 88x17
                        text run at (1,1) width 88: "Normal table."
              RenderTable {TABLE} at (308,163) size 143x28 [border: (2px solid #0000FF)]
                RenderTableSection {TBODY} at (2,2) size 139x24
                  RenderTableRow {TR} at (0,2) size 139x20
                    RenderTableCell {TD} at (2,2) size 135x20 [r=0 c=0 rs=1 cs=1]
                      RenderText {#text} at (1,1) size 133x17
                        text run at (1,1) width 133: "Center aligned table."
              RenderTable {TABLE} at (7,191) size 195x28 [border: (2px solid #0000FF)]
                RenderTableSection {TBODY} at (2,2) size 191x24
                  RenderTableRow {TR} at (0,2) size 191x20
                    RenderTableCell {TD} at (2,2) size 187x20 [r=0 c=0 rs=1 cs=1]
                      RenderText {#text} at (1,1) size 185x17
                        text run at (1,1) width 185: "Center table (fixed margins)."
      RenderTable {TABLE} at (0,2196) size 768x232 [border: (2px solid #0000FF)]
        RenderTableSection {TBODY} at (2,2) size 764x228
          RenderTableRow {TR} at (0,2) size 764x224
            RenderTableCell {TD} at (2,2) size 760x224 [border: (4px solid #800080)] [r=0 c=0 rs=1 cs=1]
              RenderBlock {DIV} at (5,5) size 408x26 [border: (2px solid #0000FF)]
                RenderText {#text} at (4,4) size 259x17
                  text run at (4,4) width 259: "Normal fixed width div inside normal td"
              RenderBlock {DIV} at (5,31) size 408x26 [border: (2px solid #0000FF)]
                RenderText {#text} at (4,4) size 237x17
                  text run at (4,4) width 237: "Left fixed width div inside normal td"
              RenderBlock {DIV} at (5,57) size 408x26 [border: (2px solid #0000FF)]
                RenderText {#text} at (77,4) size 254x17
                  text run at (77,4) width 254: "Center fixed width div inside normal td"
              RenderBlock {DIV} at (5,83) size 408x26 [border: (2px solid #0000FF)]
                RenderText {#text} at (158,4) size 246x17
                  text run at (158,4) width 246: "Right fixed width div inside normal td"
              RenderBlock {CENTER} at (5,109) size 408x26 [border: (2px solid #0000FF)]
                RenderText {#text} at (72,4) size 264x17
                  text run at (72,4) width 264: "Center tag (fixed width) inside normal td"
              RenderTable {TABLE} at (5,135) size 400x28 [border: (2px solid #0000FF)]
                RenderTableSection {TBODY} at (2,2) size 396x24
                  RenderTableRow {TR} at (0,2) size 396x20
                    RenderTableCell {TD} at (2,2) size 392x20 [r=0 c=0 rs=1 cs=1]
                      RenderText {#text} at (1,1) size 88x17
                        text run at (1,1) width 88: "Normal table."
              RenderTable {TABLE} at (180,163) size 400x28 [border: (2px solid #0000FF)]
                RenderTableSection {TBODY} at (2,2) size 396x24
                  RenderTableRow {TR} at (0,2) size 396x20
                    RenderTableCell {TD} at (2,2) size 392x20 [r=0 c=0 rs=1 cs=1]
                      RenderText {#text} at (1,1) size 133x17
                        text run at (1,1) width 133: "Center aligned table."
              RenderTable {TABLE} at (7,191) size 400x28 [border: (2px solid #0000FF)]
                RenderTableSection {TBODY} at (2,2) size 396x24
                  RenderTableRow {TR} at (0,2) size 396x20
                    RenderTableCell {TD} at (2,2) size 392x20 [r=0 c=0 rs=1 cs=1]
                      RenderText {#text} at (1,1) size 185x17
                        text run at (1,1) width 185: "Center table (fixed margins)."
      RenderTable {TABLE} at (0,2428) size 768x232 [border: (2px solid #0000FF)]
        RenderTableSection {TBODY} at (2,2) size 764x228
          RenderTableRow {TR} at (0,2) size 764x224
            RenderTableCell {TD} at (2,2) size 760x224 [border: (4px solid #008000)] [r=0 c=0 rs=1 cs=1]
              RenderBlock {DIV} at (5,5) size 750x26 [border: (2px solid #0000FF)]
                RenderText {#text} at (4,4) size 199x17
                  text run at (4,4) width 199: "Normal div inside align=left td"
              RenderBlock {DIV} at (5,31) size 750x26 [border: (2px solid #0000FF)]
                RenderText {#text} at (4,4) size 177x17
                  text run at (4,4) width 177: "Left div inside align=left td"
              RenderBlock {DIV} at (5,57) size 750x26 [border: (2px solid #0000FF)]
                RenderText {#text} at (278,4) size 194x17
                  text run at (278,4) width 194: "Center div inside align=left td"
              RenderBlock {DIV} at (5,83) size 750x26 [border: (2px solid #0000FF)]
                RenderText {#text} at (560,4) size 186x17
                  text run at (560,4) width 186: "Right div inside align=left td"
              RenderBlock {CENTER} at (5,109) size 750x26 [border: (2px solid #0000FF)]
                RenderText {#text} at (279,4) size 192x17
                  text run at (279,4) width 192: "Center tag inside align=left td"
              RenderTable {TABLE} at (5,135) size 98x28 [border: (2px solid #0000FF)]
                RenderTableSection {TBODY} at (2,2) size 94x24
                  RenderTableRow {TR} at (0,2) size 94x20
                    RenderTableCell {TD} at (2,2) size 90x20 [r=0 c=0 rs=1 cs=1]
                      RenderText {#text} at (1,1) size 88x17
                        text run at (1,1) width 88: "Normal table."
              RenderTable {TABLE} at (308,163) size 143x28 [border: (2px solid #0000FF)]
                RenderTableSection {TBODY} at (2,2) size 139x24
                  RenderTableRow {TR} at (0,2) size 139x20
                    RenderTableCell {TD} at (2,2) size 135x20 [r=0 c=0 rs=1 cs=1]
                      RenderText {#text} at (1,1) size 133x17
                        text run at (1,1) width 133: "Center aligned table."
              RenderTable {TABLE} at (7,191) size 195x28 [border: (2px solid #0000FF)]
                RenderTableSection {TBODY} at (2,2) size 191x24
                  RenderTableRow {TR} at (0,2) size 191x20
                    RenderTableCell {TD} at (2,2) size 187x20 [r=0 c=0 rs=1 cs=1]
                      RenderText {#text} at (1,1) size 185x17
                        text run at (1,1) width 185: "Center table (fixed margins)."
      RenderTable {TABLE} at (0,2660) size 768x232 [border: (2px solid #0000FF)]
        RenderTableSection {TBODY} at (2,2) size 764x228
          RenderTableRow {TR} at (0,2) size 764x224
            RenderTableCell {TD} at (2,2) size 760x224 [border: (4px solid #800080)] [r=0 c=0 rs=1 cs=1]
              RenderBlock {DIV} at (5,5) size 408x26 [border: (2px solid #0000FF)]
                RenderText {#text} at (4,4) size 276x17
                  text run at (4,4) width 276: "Normal fixed width div inside align=left td"
              RenderBlock {DIV} at (5,31) size 408x26 [border: (2px solid #0000FF)]
                RenderText {#text} at (4,4) size 254x17
                  text run at (4,4) width 254: "Left fixed width div inside align=left td"
              RenderBlock {DIV} at (5,57) size 408x26 [border: (2px solid #0000FF)]
                RenderText {#text} at (69,4) size 270x17
                  text run at (69,4) width 270: "Center fixed width div inside align=left td"
              RenderBlock {DIV} at (5,83) size 408x26 [border: (2px solid #0000FF)]
                RenderText {#text} at (141,4) size 263x17
                  text run at (141,4) width 263: "Right fixed width div inside align=left td"
              RenderBlock {CENTER} at (5,109) size 408x26 [border: (2px solid #0000FF)]
                RenderText {#text} at (64,4) size 280x17
                  text run at (64,4) width 280: "Center tag (fixed width) inside align=left td"
              RenderTable {TABLE} at (5,135) size 400x28 [border: (2px solid #0000FF)]
                RenderTableSection {TBODY} at (2,2) size 396x24
                  RenderTableRow {TR} at (0,2) size 396x20
                    RenderTableCell {TD} at (2,2) size 392x20 [r=0 c=0 rs=1 cs=1]
                      RenderText {#text} at (1,1) size 88x17
                        text run at (1,1) width 88: "Normal table."
              RenderTable {TABLE} at (180,163) size 400x28 [border: (2px solid #0000FF)]
                RenderTableSection {TBODY} at (2,2) size 396x24
                  RenderTableRow {TR} at (0,2) size 396x20
                    RenderTableCell {TD} at (2,2) size 392x20 [r=0 c=0 rs=1 cs=1]
                      RenderText {#text} at (1,1) size 133x17
                        text run at (1,1) width 133: "Center aligned table."
              RenderTable {TABLE} at (7,191) size 400x28 [border: (2px solid #0000FF)]
                RenderTableSection {TBODY} at (2,2) size 396x24
                  RenderTableRow {TR} at (0,2) size 396x20
                    RenderTableCell {TD} at (2,2) size 392x20 [r=0 c=0 rs=1 cs=1]
                      RenderText {#text} at (1,1) size 185x17
                        text run at (1,1) width 185: "Center table (fixed margins)."
      RenderTable {TABLE} at (0,2892) size 768x232 [border: (2px solid #0000FF)]
        RenderTableSection {TBODY} at (2,2) size 764x228
          RenderTableRow {TR} at (0,2) size 764x224
            RenderTableCell {TD} at (2,2) size 760x224 [border: (4px solid #008000)] [r=0 c=0 rs=1 cs=1]
              RenderBlock {DIV} at (5,5) size 750x26 [border: (2px solid #0000FF)]
                RenderText {#text} at (264,4) size 222x17
                  text run at (264,4) width 222: "Normal div inside align= center td"
              RenderBlock {DIV} at (5,31) size 750x26 [border: (2px solid #0000FF)]
                RenderText {#text} at (4,4) size 194x17
                  text run at (4,4) width 194: "Left div inside align=center td"
              RenderBlock {DIV} at (5,57) size 750x26 [border: (2px solid #0000FF)]
                RenderText {#text} at (270,4) size 210x17
                  text run at (270,4) width 210: "Center div inside align=center td"
              RenderBlock {DIV} at (5,83) size 750x26 [border: (2px solid #0000FF)]
                RenderText {#text} at (543,4) size 203x17
                  text run at (543,4) width 203: "Right div inside align=center td"
              RenderBlock {CENTER} at (5,109) size 750x26 [border: (2px solid #0000FF)]
                RenderText {#text} at (270,4) size 210x17
                  text run at (270,4) width 210: "Center tag inside align=center td"
              RenderTable {TABLE} at (331,135) size 98x28 [border: (2px solid #0000FF)]
                RenderTableSection {TBODY} at (2,2) size 94x24
                  RenderTableRow {TR} at (0,2) size 94x20
                    RenderTableCell {TD} at (2,2) size 90x20 [r=0 c=0 rs=1 cs=1]
                      RenderText {#text} at (1,1) size 88x17
                        text run at (1,1) width 88: "Normal table."
              RenderTable {TABLE} at (308,163) size 143x28 [border: (2px solid #0000FF)]
                RenderTableSection {TBODY} at (2,2) size 139x24
                  RenderTableRow {TR} at (0,2) size 139x20
                    RenderTableCell {TD} at (2,2) size 135x20 [r=0 c=0 rs=1 cs=1]
                      RenderText {#text} at (1,1) size 133x17
                        text run at (1,1) width 133: "Center aligned table."
              RenderTable {TABLE} at (282,191) size 195x28 [border: (2px solid #0000FF)]
                RenderTableSection {TBODY} at (2,2) size 191x24
                  RenderTableRow {TR} at (0,2) size 191x20
                    RenderTableCell {TD} at (2,2) size 187x20 [r=0 c=0 rs=1 cs=1]
                      RenderText {#text} at (1,1) size 185x17
                        text run at (1,1) width 185: "Center table (fixed margins)."
      RenderTable {TABLE} at (0,3124) size 768x232 [border: (2px solid #0000FF)]
        RenderTableSection {TBODY} at (2,2) size 764x228
          RenderTableRow {TR} at (0,2) size 764x224
            RenderTableCell {TD} at (2,2) size 760x224 [border: (4px solid #800080)] [r=0 c=0 rs=1 cs=1]
              RenderBlock {DIV} at (176,5) size 408x26 [border: (2px solid #0000FF)]
                RenderText {#text} at (57,4) size 294x17
                  text run at (57,4) width 294: "Normal fixed width div inside align=center td"
              RenderBlock {DIV} at (176,31) size 408x26 [border: (2px solid #0000FF)]
                RenderText {#text} at (4,4) size 272x17
                  text run at (4,4) width 272: "Left fixed width div inside align=center td"
              RenderBlock {DIV} at (176,57) size 408x26 [border: (2px solid #0000FF)]
                RenderText {#text} at (60,4) size 288x17
                  text run at (60,4) width 288: "Center fixed width div inside align=center td"
              RenderBlock {DIV} at (176,83) size 408x26 [border: (2px solid #0000FF)]
                RenderText {#text} at (123,4) size 281x17
                  text run at (123,4) width 281: "Right fixed width div inside align=center td"
              RenderBlock {CENTER} at (176,109) size 408x26 [border: (2px solid #0000FF)]
                RenderText {#text} at (55,4) size 298x17
                  text run at (55,4) width 298: "Center tag (fixed width) inside align=center td"
              RenderTable {TABLE} at (180,135) size 400x28 [border: (2px solid #0000FF)]
                RenderTableSection {TBODY} at (2,2) size 396x24
                  RenderTableRow {TR} at (0,2) size 396x20
                    RenderTableCell {TD} at (2,2) size 392x20 [r=0 c=0 rs=1 cs=1]
                      RenderText {#text} at (1,1) size 88x17
                        text run at (1,1) width 88: "Normal table."
              RenderTable {TABLE} at (180,163) size 400x28 [border: (2px solid #0000FF)]
                RenderTableSection {TBODY} at (2,2) size 396x24
                  RenderTableRow {TR} at (0,2) size 396x20
                    RenderTableCell {TD} at (2,2) size 392x20 [r=0 c=0 rs=1 cs=1]
                      RenderText {#text} at (1,1) size 133x17
                        text run at (1,1) width 133: "Center aligned table."
              RenderTable {TABLE} at (180,191) size 400x28 [border: (2px solid #0000FF)]
                RenderTableSection {TBODY} at (2,2) size 396x24
                  RenderTableRow {TR} at (0,2) size 396x20
                    RenderTableCell {TD} at (2,2) size 392x20 [r=0 c=0 rs=1 cs=1]
                      RenderText {#text} at (1,1) size 185x17
                        text run at (1,1) width 185: "Center table (fixed margins)."
      RenderTable {TABLE} at (0,3356) size 768x232 [border: (2px solid #0000FF)]
        RenderTableSection {TBODY} at (2,2) size 764x228
          RenderTableRow {TR} at (0,2) size 764x224
            RenderTableCell {TD} at (2,2) size 760x224 [border: (4px solid #008000)] [r=0 c=0 rs=1 cs=1]
              RenderBlock {DIV} at (5,5) size 750x26 [border: (2px solid #0000FF)]
                RenderText {#text} at (538,4) size 208x17
                  text run at (538,4) width 208: "Normal div inside align=right td"
              RenderBlock {DIV} at (5,31) size 750x26 [border: (2px solid #0000FF)]
                RenderText {#text} at (4,4) size 185x17
                  text run at (4,4) width 185: "Left div inside align=right td"
              RenderBlock {DIV} at (5,57) size 750x26 [border: (2px solid #0000FF)]
                RenderText {#text} at (274,4) size 202x17
                  text run at (274,4) width 202: "Center div inside align=right td"
              RenderBlock {DIV} at (5,83) size 750x26 [border: (2px solid #0000FF)]
                RenderText {#text} at (552,4) size 194x17
                  text run at (552,4) width 194: "Right div inside align=right td"
              RenderBlock {CENTER} at (5,109) size 750x26 [border: (2px solid #0000FF)]
                RenderText {#text} at (274,4) size 202x17
                  text run at (274,4) width 202: "Center tag inside align=right td"
              RenderTable {TABLE} at (657,135) size 98x28 [border: (2px solid #0000FF)]
                RenderTableSection {TBODY} at (2,2) size 94x24
                  RenderTableRow {TR} at (0,2) size 94x20
                    RenderTableCell {TD} at (2,2) size 90x20 [r=0 c=0 rs=1 cs=1]
                      RenderText {#text} at (1,1) size 88x17
                        text run at (1,1) width 88: "Normal table."
              RenderTable {TABLE} at (308,163) size 143x28 [border: (2px solid #0000FF)]
                RenderTableSection {TBODY} at (2,2) size 139x24
                  RenderTableRow {TR} at (0,2) size 139x20
                    RenderTableCell {TD} at (2,2) size 135x20 [r=0 c=0 rs=1 cs=1]
                      RenderText {#text} at (1,1) size 133x17
                        text run at (1,1) width 133: "Center aligned table."
              RenderTable {TABLE} at (558,191) size 195x28 [border: (2px solid #0000FF)]
                RenderTableSection {TBODY} at (2,2) size 191x24
                  RenderTableRow {TR} at (0,2) size 191x20
                    RenderTableCell {TD} at (2,2) size 187x20 [r=0 c=0 rs=1 cs=1]
                      RenderText {#text} at (1,1) size 185x17
                        text run at (1,1) width 185: "Center table (fixed margins)."
      RenderTable {TABLE} at (0,3588) size 768x232 [border: (2px solid #0000FF)]
        RenderTableSection {TBODY} at (2,2) size 764x228
          RenderTableRow {TR} at (0,2) size 764x224
            RenderTableCell {TD} at (2,2) size 760x224 [border: (4px solid #800080)] [r=0 c=0 rs=1 cs=1]
              RenderBlock {DIV} at (347,5) size 408x26 [border: (2px solid #0000FF)]
                RenderText {#text} at (119,4) size 285x17
                  text run at (119,4) width 285: "Normal fixed width div inside align=right td"
              RenderBlock {DIV} at (347,31) size 408x26 [border: (2px solid #0000FF)]
                RenderText {#text} at (4,4) size 263x17
                  text run at (4,4) width 263: "Left fixed width div inside align=right td"
              RenderBlock {DIV} at (347,57) size 408x26 [border: (2px solid #0000FF)]
                RenderText {#text} at (64,4) size 280x17
                  text run at (64,4) width 280: "Center fixed width div inside align=right td"
              RenderBlock {DIV} at (347,83) size 408x26 [border: (2px solid #0000FF)]
                RenderText {#text} at (132,4) size 272x17
                  text run at (132,4) width 272: "Right fixed width div inside align=right td"
              RenderBlock {CENTER} at (347,109) size 408x26 [border: (2px solid #0000FF)]
                RenderText {#text} at (59,4) size 290x17
                  text run at (59,4) width 290: "Center tag (fixed width) inside align=right td"
              RenderTable {TABLE} at (355,135) size 400x28 [border: (2px solid #0000FF)]
                RenderTableSection {TBODY} at (2,2) size 396x24
                  RenderTableRow {TR} at (0,2) size 396x20
                    RenderTableCell {TD} at (2,2) size 392x20 [r=0 c=0 rs=1 cs=1]
                      RenderText {#text} at (1,1) size 88x17
                        text run at (1,1) width 88: "Normal table."
              RenderTable {TABLE} at (180,163) size 400x28 [border: (2px solid #0000FF)]
                RenderTableSection {TBODY} at (2,2) size 396x24
                  RenderTableRow {TR} at (0,2) size 396x20
                    RenderTableCell {TD} at (2,2) size 392x20 [r=0 c=0 rs=1 cs=1]
                      RenderText {#text} at (1,1) size 133x17
                        text run at (1,1) width 133: "Center aligned table."
              RenderTable {TABLE} at (353,191) size 400x28 [border: (2px solid #0000FF)]
                RenderTableSection {TBODY} at (2,2) size 396x24
                  RenderTableRow {TR} at (0,2) size 396x20
                    RenderTableCell {TD} at (2,2) size 392x20 [r=0 c=0 rs=1 cs=1]
                      RenderText {#text} at (1,1) size 185x17
                        text run at (1,1) width 185: "Center table (fixed margins)."
      RenderBlock {DIV} at (0,3836) size 768x3736
        RenderBlock (anonymous) at (2,2) size 764x18
          RenderText {#text} at (310,0) size 454x17
            text run at (310,0) width 5 RTL: "."
            text run at (314,0) width 450: "This is a test of all the various HTML alignments using RTL direction"
        RenderBlock {DIV} at (2,20) size 764x226 [border: (4px solid #008000)]
          RenderBlock {DIV} at (6,6) size 752x26 [border: (2px solid #0000FF)]
            RenderText {#text} at (558,4) size 190x17
              text run at (558,4) width 190: "Normal div inside normal div"
          RenderBlock {DIV} at (6,32) size 752x26 [border: (2px solid #0000FF)]
            RenderText {#text} at (4,4) size 168x17
              text run at (4,4) width 168: "Left div inside normal div"
          RenderBlock {DIV} at (6,58) size 752x26 [border: (2px solid #0000FF)]
            RenderText {#text} at (284,4) size 184x17
              text run at (284,4) width 184: "Center div inside normal div"
          RenderBlock {DIV} at (6,84) size 752x26 [border: (2px solid #0000FF)]
            RenderText {#text} at (572,4) size 176x17
              text run at (572,4) width 176: "Right div inside normal div"
          RenderBlock {CENTER} at (6,110) size 752x26 [border: (2px solid #0000FF)]
            RenderText {#text} at (284,4) size 184x17
              text run at (284,4) width 184: "Center tag inside normal div"
          RenderTable {TABLE} at (660,136) size 98x28 [border: (2px solid #0000FF)]
            RenderTableSection {TBODY} at (2,2) size 94x24
              RenderTableRow {TR} at (0,2) size 94x20
                RenderTableCell {TD} at (2,2) size 90x20 [r=0 c=0 rs=1 cs=1]
                  RenderText {#text} at (1,1) size 88x17
                    text run at (1,1) width 5 RTL: "."
                    text run at (5,1) width 84: "Normal table"
          RenderTable {TABLE} at (311,164) size 143x28 [border: (2px solid #0000FF)]
            RenderTableSection {TBODY} at (2,2) size 139x24
              RenderTableRow {TR} at (0,2) size 139x20
                RenderTableCell {TD} at (2,2) size 135x20 [r=0 c=0 rs=1 cs=1]
                  RenderText {#text} at (1,1) size 133x17
                    text run at (1,1) width 5 RTL: "."
                    text run at (5,1) width 129: "Center aligned table"
          RenderTable {TABLE} at (561,192) size 195x28 [border: (2px solid #0000FF)]
            RenderTableSection {TBODY} at (2,2) size 191x24
              RenderTableRow {TR} at (0,2) size 191x20
                RenderTableCell {TD} at (2,2) size 187x20 [r=0 c=0 rs=1 cs=1]
                  RenderText {#text} at (1,1) size 185x17
                    text run at (1,1) width 10 RTL: ")."
                    text run at (10,1) width 176: "Center table (fixed margins"
        RenderBlock {DIV} at (2,246) size 764x226 [border: (4px solid #800080)]
          RenderBlock {DIV} at (350,6) size 408x26 [border: (2px solid #0000FF)]
            RenderText {#text} at (137,4) size 267x17
              text run at (137,4) width 267: "Normal fixed width div inside normal div"
          RenderBlock {DIV} at (350,32) size 408x26 [border: (2px solid #0000FF)]
            RenderText {#text} at (4,4) size 245x17
              text run at (4,4) width 245: "Left fixed width div inside normal div"
          RenderBlock {DIV} at (350,58) size 408x26 [border: (2px solid #0000FF)]
            RenderText {#text} at (73,4) size 262x17
              text run at (73,4) width 262: "Center fixed width div inside normal div"
          RenderBlock {DIV} at (350,84) size 408x26 [border: (2px solid #0000FF)]
            RenderText {#text} at (150,4) size 254x17
              text run at (150,4) width 254: "Right fixed width div inside normal div"
          RenderBlock {CENTER} at (350,110) size 408x26 [border: (2px solid #0000FF)]
            RenderText {#text} at (68,4) size 272x17
              text run at (68,4) width 272: "Center tag (fixed width) inside normal div"
          RenderTable {TABLE} at (358,136) size 400x28 [border: (2px solid #0000FF)]
            RenderTableSection {TBODY} at (2,2) size 396x24
              RenderTableRow {TR} at (0,2) size 396x20
                RenderTableCell {TD} at (2,2) size 392x20 [r=0 c=0 rs=1 cs=1]
                  RenderText {#text} at (303,1) size 88x17
                    text run at (303,1) width 5 RTL: "."
                    text run at (307,1) width 84: "Normal table"
          RenderTable {TABLE} at (182,164) size 400x28 [border: (2px solid #0000FF)]
            RenderTableSection {TBODY} at (2,2) size 396x24
              RenderTableRow {TR} at (0,2) size 396x20
                RenderTableCell {TD} at (2,2) size 392x20 [r=0 c=0 rs=1 cs=1]
                  RenderText {#text} at (258,1) size 133x17
                    text run at (258,1) width 5 RTL: "."
                    text run at (262,1) width 129: "Center aligned table"
          RenderTable {TABLE} at (356,192) size 400x28 [border: (2px solid #0000FF)]
            RenderTableSection {TBODY} at (2,2) size 396x24
              RenderTableRow {TR} at (0,2) size 396x20
                RenderTableCell {TD} at (2,2) size 392x20 [r=0 c=0 rs=1 cs=1]
                  RenderText {#text} at (206,1) size 185x17
                    text run at (206,1) width 10 RTL: ")."
                    text run at (215,1) width 176: "Center table (fixed margins"
        RenderBlock {DIV} at (2,472) size 764x226 [border: (4px solid #008000)]
          RenderBlock {DIV} at (6,6) size 752x26 [border: (2px solid #0000FF)]
            RenderText {#text} at (4,4) size 207x17
              text run at (4,4) width 207: "Normal div inside align=left div"
          RenderBlock {DIV} at (6,32) size 752x26 [border: (2px solid #0000FF)]
            RenderText {#text} at (4,4) size 185x17
              text run at (4,4) width 185: "Left div inside align=left div"
          RenderBlock {DIV} at (6,58) size 752x26 [border: (2px solid #0000FF)]
            RenderText {#text} at (275,4) size 202x17
              text run at (275,4) width 202: "Center div inside align=left div"
          RenderBlock {DIV} at (6,84) size 752x26 [border: (2px solid #0000FF)]
            RenderText {#text} at (554,4) size 194x17
              text run at (554,4) width 194: "Right div inside align=left div"
          RenderBlock {CENTER} at (6,110) size 752x26 [border: (2px solid #0000FF)]
            RenderText {#text} at (276,4) size 200x17
              text run at (276,4) width 200: "Center tag inside align=left div"
          RenderTable {TABLE} at (6,136) size 98x28 [border: (2px solid #0000FF)]
            RenderTableSection {TBODY} at (2,2) size 94x24
              RenderTableRow {TR} at (0,2) size 94x20
                RenderTableCell {TD} at (2,2) size 90x20 [r=0 c=0 rs=1 cs=1]
                  RenderText {#text} at (1,1) size 88x17
                    text run at (1,1) width 5 RTL: "."
                    text run at (5,1) width 84: "Normal table"
          RenderTable {TABLE} at (311,164) size 143x28 [border: (2px solid #0000FF)]
            RenderTableSection {TBODY} at (2,2) size 139x24
              RenderTableRow {TR} at (0,2) size 139x20
                RenderTableCell {TD} at (2,2) size 135x20 [r=0 c=0 rs=1 cs=1]
                  RenderText {#text} at (1,1) size 133x17
                    text run at (1,1) width 5 RTL: "."
                    text run at (5,1) width 129: "Center aligned table"
          RenderTable {TABLE} at (8,192) size 195x28 [border: (2px solid #0000FF)]
            RenderTableSection {TBODY} at (2,2) size 191x24
              RenderTableRow {TR} at (0,2) size 191x20
                RenderTableCell {TD} at (2,2) size 187x20 [r=0 c=0 rs=1 cs=1]
                  RenderText {#text} at (1,1) size 185x17
                    text run at (1,1) width 10 RTL: ")."
                    text run at (10,1) width 176: "Center table (fixed margins"
        RenderBlock {DIV} at (2,698) size 764x226 [border: (4px solid #800080)]
          RenderBlock {DIV} at (6,6) size 408x26 [border: (2px solid #0000FF)]
            RenderText {#text} at (4,4) size 284x17
              text run at (4,4) width 284: "Normal fixed width div inside align=left div"
          RenderBlock {DIV} at (6,32) size 408x26 [border: (2px solid #0000FF)]
            RenderText {#text} at (4,4) size 262x17
              text run at (4,4) width 262: "Left fixed width div inside align=left div"
          RenderBlock {DIV} at (6,58) size 408x26 [border: (2px solid #0000FF)]
            RenderText {#text} at (65,4) size 278x17
              text run at (65,4) width 278: "Center fixed width div inside align=left div"
          RenderBlock {DIV} at (6,84) size 408x26 [border: (2px solid #0000FF)]
            RenderText {#text} at (133,4) size 271x17
              text run at (133,4) width 271: "Right fixed width div inside align=left div"
          RenderBlock {CENTER} at (6,110) size 408x26 [border: (2px solid #0000FF)]
            RenderText {#text} at (60,4) size 288x17
              text run at (60,4) width 288: "Center tag (fixed width) inside align=left div"
          RenderTable {TABLE} at (6,136) size 400x28 [border: (2px solid #0000FF)]
            RenderTableSection {TBODY} at (2,2) size 396x24
              RenderTableRow {TR} at (0,2) size 396x20
                RenderTableCell {TD} at (2,2) size 392x20 [r=0 c=0 rs=1 cs=1]
                  RenderText {#text} at (303,1) size 88x17
                    text run at (303,1) width 5 RTL: "."
                    text run at (307,1) width 84: "Normal table"
          RenderTable {TABLE} at (182,164) size 400x28 [border: (2px solid #0000FF)]
            RenderTableSection {TBODY} at (2,2) size 396x24
              RenderTableRow {TR} at (0,2) size 396x20
                RenderTableCell {TD} at (2,2) size 392x20 [r=0 c=0 rs=1 cs=1]
                  RenderText {#text} at (258,1) size 133x17
                    text run at (258,1) width 5 RTL: "."
                    text run at (262,1) width 129: "Center aligned table"
          RenderTable {TABLE} at (8,192) size 400x28 [border: (2px solid #0000FF)]
            RenderTableSection {TBODY} at (2,2) size 396x24
              RenderTableRow {TR} at (0,2) size 396x20
                RenderTableCell {TD} at (2,2) size 392x20 [r=0 c=0 rs=1 cs=1]
                  RenderText {#text} at (206,1) size 185x17
                    text run at (206,1) width 10 RTL: ")."
                    text run at (215,1) width 176: "Center table (fixed margins"
        RenderBlock {DIV} at (2,924) size 764x226 [border: (4px solid #008000)]
          RenderBlock {DIV} at (6,6) size 752x26 [border: (2px solid #0000FF)]
            RenderText {#text} at (261,4) size 230x17
              text run at (261,4) width 230: "Normal div inside align= center div"
          RenderBlock {DIV} at (6,32) size 752x26 [border: (2px solid #0000FF)]
            RenderText {#text} at (4,4) size 202x17
              text run at (4,4) width 202: "Left div inside align=center div"
          RenderBlock {DIV} at (6,58) size 752x26 [border: (2px solid #0000FF)]
            RenderText {#text} at (267,4) size 218x17
              text run at (267,4) width 218: "Center div inside align=center div"
          RenderBlock {DIV} at (6,84) size 752x26 [border: (2px solid #0000FF)]
            RenderText {#text} at (537,4) size 211x17
              text run at (537,4) width 211: "Right div inside align=center div"
          RenderBlock {CENTER} at (6,110) size 752x26 [border: (2px solid #0000FF)]
            RenderText {#text} at (267,4) size 218x17
              text run at (267,4) width 218: "Center tag inside align=center div"
          RenderTable {TABLE} at (333,136) size 98x28 [border: (2px solid #0000FF)]
            RenderTableSection {TBODY} at (2,2) size 94x24
              RenderTableRow {TR} at (0,2) size 94x20
                RenderTableCell {TD} at (2,2) size 90x20 [r=0 c=0 rs=1 cs=1]
                  RenderText {#text} at (1,1) size 88x17
                    text run at (1,1) width 5 RTL: "."
                    text run at (5,1) width 84: "Normal table"
          RenderTable {TABLE} at (311,164) size 143x28 [border: (2px solid #0000FF)]
            RenderTableSection {TBODY} at (2,2) size 139x24
              RenderTableRow {TR} at (0,2) size 139x20
                RenderTableCell {TD} at (2,2) size 135x20 [r=0 c=0 rs=1 cs=1]
                  RenderText {#text} at (1,1) size 133x17
                    text run at (1,1) width 5 RTL: "."
                    text run at (5,1) width 129: "Center aligned table"
          RenderTable {TABLE} at (285,192) size 195x28 [border: (2px solid #0000FF)]
            RenderTableSection {TBODY} at (2,2) size 191x24
              RenderTableRow {TR} at (0,2) size 191x20
                RenderTableCell {TD} at (2,2) size 187x20 [r=0 c=0 rs=1 cs=1]
                  RenderText {#text} at (1,1) size 185x17
                    text run at (1,1) width 10 RTL: ")."
                    text run at (10,1) width 176: "Center table (fixed margins"
        RenderBlock {DIV} at (2,1150) size 764x226 [border: (4px solid #800080)]
          RenderBlock {DIV} at (178,6) size 408x26 [border: (2px solid #0000FF)]
            RenderText {#text} at (53,4) size 302x17
              text run at (53,4) width 302: "Normal fixed width div inside align=center div"
          RenderBlock {DIV} at (178,32) size 408x26 [border: (2px solid #0000FF)]
            RenderText {#text} at (4,4) size 280x17
              text run at (4,4) width 280: "Left fixed width div inside align=center div"
          RenderBlock {DIV} at (178,58) size 408x26 [border: (2px solid #0000FF)]
            RenderText {#text} at (56,4) size 296x17
              text run at (56,4) width 296: "Center fixed width div inside align=center div"
          RenderBlock {DIV} at (178,84) size 408x26 [border: (2px solid #0000FF)]
            RenderText {#text} at (115,4) size 289x17
              text run at (115,4) width 289: "Right fixed width div inside align=center div"
          RenderBlock {CENTER} at (178,110) size 408x26 [border: (2px solid #0000FF)]
            RenderText {#text} at (51,4) size 306x17
              text run at (51,4) width 306: "Center tag (fixed width) inside align=center div"
          RenderTable {TABLE} at (182,136) size 400x28 [border: (2px solid #0000FF)]
            RenderTableSection {TBODY} at (2,2) size 396x24
              RenderTableRow {TR} at (0,2) size 396x20
                RenderTableCell {TD} at (2,2) size 392x20 [r=0 c=0 rs=1 cs=1]
                  RenderText {#text} at (303,1) size 88x17
                    text run at (303,1) width 5 RTL: "."
                    text run at (307,1) width 84: "Normal table"
          RenderTable {TABLE} at (182,164) size 400x28 [border: (2px solid #0000FF)]
            RenderTableSection {TBODY} at (2,2) size 396x24
              RenderTableRow {TR} at (0,2) size 396x20
                RenderTableCell {TD} at (2,2) size 392x20 [r=0 c=0 rs=1 cs=1]
                  RenderText {#text} at (258,1) size 133x17
                    text run at (258,1) width 5 RTL: "."
                    text run at (262,1) width 129: "Center aligned table"
          RenderTable {TABLE} at (182,192) size 400x28 [border: (2px solid #0000FF)]
            RenderTableSection {TBODY} at (2,2) size 396x24
              RenderTableRow {TR} at (0,2) size 396x20
                RenderTableCell {TD} at (2,2) size 392x20 [r=0 c=0 rs=1 cs=1]
                  RenderText {#text} at (206,1) size 185x17
                    text run at (206,1) width 10 RTL: ")."
                    text run at (215,1) width 176: "Center table (fixed margins"
        RenderBlock {DIV} at (2,1376) size 764x226 [border: (4px solid #008000)]
          RenderBlock {DIV} at (6,6) size 752x26 [border: (2px solid #0000FF)]
            RenderText {#text} at (532,4) size 216x17
              text run at (532,4) width 216: "Normal div inside align=right div"
          RenderBlock {DIV} at (6,32) size 752x26 [border: (2px solid #0000FF)]
            RenderText {#text} at (4,4) size 193x17
              text run at (4,4) width 193: "Left div inside align=right div"
          RenderBlock {DIV} at (6,58) size 752x26 [border: (2px solid #0000FF)]
            RenderText {#text} at (271,4) size 210x17
              text run at (271,4) width 210: "Center div inside align=right div"
          RenderBlock {DIV} at (6,84) size 752x26 [border: (2px solid #0000FF)]
            RenderText {#text} at (546,4) size 202x17
              text run at (546,4) width 202: "Right div inside align=right div"
          RenderBlock {CENTER} at (6,110) size 752x26 [border: (2px solid #0000FF)]
            RenderText {#text} at (271,4) size 210x17
              text run at (271,4) width 210: "Center tag inside align=right div"
          RenderTable {TABLE} at (660,136) size 98x28 [border: (2px solid #0000FF)]
            RenderTableSection {TBODY} at (2,2) size 94x24
              RenderTableRow {TR} at (0,2) size 94x20
                RenderTableCell {TD} at (2,2) size 90x20 [r=0 c=0 rs=1 cs=1]
                  RenderText {#text} at (1,1) size 88x17
                    text run at (1,1) width 5 RTL: "."
                    text run at (5,1) width 84: "Normal table"
          RenderTable {TABLE} at (311,164) size 143x28 [border: (2px solid #0000FF)]
            RenderTableSection {TBODY} at (2,2) size 139x24
              RenderTableRow {TR} at (0,2) size 139x20
                RenderTableCell {TD} at (2,2) size 135x20 [r=0 c=0 rs=1 cs=1]
                  RenderText {#text} at (1,1) size 133x17
                    text run at (1,1) width 5 RTL: "."
                    text run at (5,1) width 129: "Center aligned table"
          RenderTable {TABLE} at (561,192) size 195x28 [border: (2px solid #0000FF)]
            RenderTableSection {TBODY} at (2,2) size 191x24
              RenderTableRow {TR} at (0,2) size 191x20
                RenderTableCell {TD} at (2,2) size 187x20 [r=0 c=0 rs=1 cs=1]
                  RenderText {#text} at (1,1) size 185x17
                    text run at (1,1) width 10 RTL: ")."
                    text run at (10,1) width 176: "Center table (fixed margins"
        RenderBlock {DIV} at (2,1602) size 764x226 [border: (4px solid #800080)]
          RenderBlock {DIV} at (350,6) size 408x26 [border: (2px solid #0000FF)]
            RenderText {#text} at (111,4) size 293x17
              text run at (111,4) width 293: "Normal fixed width div inside align=right div"
          RenderBlock {DIV} at (350,32) size 408x26 [border: (2px solid #0000FF)]
            RenderText {#text} at (4,4) size 271x17
              text run at (4,4) width 271: "Left fixed width div inside align=right div"
          RenderBlock {DIV} at (350,58) size 408x26 [border: (2px solid #0000FF)]
            RenderText {#text} at (60,4) size 288x17
              text run at (60,4) width 288: "Center fixed width div inside align=right div"
          RenderBlock {DIV} at (350,84) size 408x26 [border: (2px solid #0000FF)]
            RenderText {#text} at (124,4) size 280x17
              text run at (124,4) width 280: "Right fixed width div inside align=right div"
          RenderBlock {CENTER} at (350,110) size 408x26 [border: (2px solid #0000FF)]
            RenderText {#text} at (55,4) size 298x17
              text run at (55,4) width 298: "Center tag (fixed width) inside align=right div"
          RenderTable {TABLE} at (358,136) size 400x28 [border: (2px solid #0000FF)]
            RenderTableSection {TBODY} at (2,2) size 396x24
              RenderTableRow {TR} at (0,2) size 396x20
                RenderTableCell {TD} at (2,2) size 392x20 [r=0 c=0 rs=1 cs=1]
                  RenderText {#text} at (303,1) size 88x17
                    text run at (303,1) width 5 RTL: "."
                    text run at (307,1) width 84: "Normal table"
          RenderTable {TABLE} at (182,164) size 400x28 [border: (2px solid #0000FF)]
            RenderTableSection {TBODY} at (2,2) size 396x24
              RenderTableRow {TR} at (0,2) size 396x20
                RenderTableCell {TD} at (2,2) size 392x20 [r=0 c=0 rs=1 cs=1]
                  RenderText {#text} at (258,1) size 133x17
                    text run at (258,1) width 5 RTL: "."
                    text run at (262,1) width 129: "Center aligned table"
          RenderTable {TABLE} at (356,192) size 400x28 [border: (2px solid #0000FF)]
            RenderTableSection {TBODY} at (2,2) size 396x24
              RenderTableRow {TR} at (0,2) size 396x20
                RenderTableCell {TD} at (2,2) size 392x20 [r=0 c=0 rs=1 cs=1]
                  RenderText {#text} at (206,1) size 185x17
                    text run at (206,1) width 10 RTL: ")."
                    text run at (215,1) width 176: "Center table (fixed margins"
        RenderBlock {P} at (2,1844) size 764x18
          RenderText {#text} at (386,0) size 378x17
            text run at (386,0) width 10 RTL: ")."
            text run at (395,0) width 369: "This is a test using TABLE cells (all in the RTL direction"
        RenderTable {TABLE} at (2,1878) size 764x232 [border: (2px solid #0000FF)]
          RenderTableSection {TBODY} at (2,2) size 760x228
            RenderTableRow {TR} at (0,2) size 760x224
              RenderTableCell {TD} at (2,2) size 756x224 [border: (4px solid #008000)] [r=0 c=0 rs=1 cs=1]
                RenderBlock {DIV} at (5,5) size 746x26 [border: (2px solid #0000FF)]
                  RenderText {#text} at (560,4) size 182x17
                    text run at (560,4) width 182: "Normal div inside normal td"
                RenderBlock {DIV} at (5,31) size 746x26 [border: (2px solid #0000FF)]
                  RenderText {#text} at (4,4) size 160x17
                    text run at (4,4) width 160: "Left div inside normal td"
                RenderBlock {DIV} at (5,57) size 746x26 [border: (2px solid #0000FF)]
                  RenderText {#text} at (285,4) size 176x17
                    text run at (285,4) width 176: "Center div inside normal td"
                RenderBlock {DIV} at (5,83) size 746x26 [border: (2px solid #0000FF)]
                  RenderText {#text} at (574,4) size 168x17
                    text run at (574,4) width 168: "Right div inside normal td"
                RenderBlock {CENTER} at (5,109) size 746x26 [border: (2px solid #0000FF)]
                  RenderText {#text} at (285,4) size 176x17
                    text run at (285,4) width 176: "Center tag inside normal td"
                RenderTable {TABLE} at (653,135) size 98x28 [border: (2px solid #0000FF)]
                  RenderTableSection {TBODY} at (2,2) size 94x24
                    RenderTableRow {TR} at (0,2) size 94x20
                      RenderTableCell {TD} at (2,2) size 90x20 [r=0 c=0 rs=1 cs=1]
                        RenderText {#text} at (1,1) size 88x17
                          text run at (1,1) width 5 RTL: "."
                          text run at (5,1) width 84: "Normal table"
                RenderTable {TABLE} at (307,163) size 143x28 [border: (2px solid #0000FF)]
                  RenderTableSection {TBODY} at (2,2) size 139x24
                    RenderTableRow {TR} at (0,2) size 139x20
                      RenderTableCell {TD} at (2,2) size 135x20 [r=0 c=0 rs=1 cs=1]
                        RenderText {#text} at (1,1) size 133x17
                          text run at (1,1) width 5 RTL: "."
                          text run at (5,1) width 129: "Center aligned table"
                RenderTable {TABLE} at (554,191) size 195x28 [border: (2px solid #0000FF)]
                  RenderTableSection {TBODY} at (2,2) size 191x24
                    RenderTableRow {TR} at (0,2) size 191x20
                      RenderTableCell {TD} at (2,2) size 187x20 [r=0 c=0 rs=1 cs=1]
                        RenderText {#text} at (1,1) size 185x17
                          text run at (1,1) width 10 RTL: ")."
                          text run at (10,1) width 176: "Center table (fixed margins"
        RenderTable {TABLE} at (2,2110) size 764x232 [border: (2px solid #0000FF)]
          RenderTableSection {TBODY} at (2,2) size 760x228
            RenderTableRow {TR} at (0,2) size 760x224
              RenderTableCell {TD} at (2,2) size 756x224 [border: (4px solid #800080)] [r=0 c=0 rs=1 cs=1]
                RenderBlock {DIV} at (343,5) size 408x26 [border: (2px solid #0000FF)]
                  RenderText {#text} at (145,4) size 259x17
                    text run at (145,4) width 259: "Normal fixed width div inside normal td"
                RenderBlock {DIV} at (343,31) size 408x26 [border: (2px solid #0000FF)]
                  RenderText {#text} at (4,4) size 237x17
                    text run at (4,4) width 237: "Left fixed width div inside normal td"
                RenderBlock {DIV} at (343,57) size 408x26 [border: (2px solid #0000FF)]
                  RenderText {#text} at (77,4) size 254x17
                    text run at (77,4) width 254: "Center fixed width div inside normal td"
                RenderBlock {DIV} at (343,83) size 408x26 [border: (2px solid #0000FF)]
                  RenderText {#text} at (158,4) size 246x17
                    text run at (158,4) width 246: "Right fixed width div inside normal td"
                RenderBlock {CENTER} at (343,109) size 408x26 [border: (2px solid #0000FF)]
                  RenderText {#text} at (72,4) size 264x17
                    text run at (72,4) width 264: "Center tag (fixed width) inside normal td"
                RenderTable {TABLE} at (351,135) size 400x28 [border: (2px solid #0000FF)]
                  RenderTableSection {TBODY} at (2,2) size 396x24
                    RenderTableRow {TR} at (0,2) size 396x20
                      RenderTableCell {TD} at (2,2) size 392x20 [r=0 c=0 rs=1 cs=1]
                        RenderText {#text} at (303,1) size 88x17
                          text run at (303,1) width 5 RTL: "."
                          text run at (307,1) width 84: "Normal table"
                RenderTable {TABLE} at (178,163) size 400x28 [border: (2px solid #0000FF)]
                  RenderTableSection {TBODY} at (2,2) size 396x24
                    RenderTableRow {TR} at (0,2) size 396x20
                      RenderTableCell {TD} at (2,2) size 392x20 [r=0 c=0 rs=1 cs=1]
                        RenderText {#text} at (258,1) size 133x17
                          text run at (258,1) width 5 RTL: "."
                          text run at (262,1) width 129: "Center aligned table"
                RenderTable {TABLE} at (349,191) size 400x28 [border: (2px solid #0000FF)]
                  RenderTableSection {TBODY} at (2,2) size 396x24
                    RenderTableRow {TR} at (0,2) size 396x20
                      RenderTableCell {TD} at (2,2) size 392x20 [r=0 c=0 rs=1 cs=1]
                        RenderText {#text} at (206,1) size 185x17
                          text run at (206,1) width 10 RTL: ")."
                          text run at (215,1) width 176: "Center table (fixed margins"
        RenderTable {TABLE} at (2,2342) size 764x232 [border: (2px solid #0000FF)]
          RenderTableSection {TBODY} at (2,2) size 760x228
            RenderTableRow {TR} at (0,2) size 760x224
              RenderTableCell {TD} at (2,2) size 756x224 [border: (4px solid #008000)] [r=0 c=0 rs=1 cs=1]
                RenderBlock {DIV} at (5,5) size 746x26 [border: (2px solid #0000FF)]
                  RenderText {#text} at (4,4) size 199x17
                    text run at (4,4) width 199: "Normal div inside align=left td"
                RenderBlock {DIV} at (5,31) size 746x26 [border: (2px solid #0000FF)]
                  RenderText {#text} at (4,4) size 177x17
                    text run at (4,4) width 177: "Left div inside align=left td"
                RenderBlock {DIV} at (5,57) size 746x26 [border: (2px solid #0000FF)]
                  RenderText {#text} at (276,4) size 194x17
                    text run at (276,4) width 194: "Center div inside align=left td"
                RenderBlock {DIV} at (5,83) size 746x26 [border: (2px solid #0000FF)]
                  RenderText {#text} at (556,4) size 186x17
                    text run at (556,4) width 186: "Right div inside align=left td"
                RenderBlock {CENTER} at (5,109) size 746x26 [border: (2px solid #0000FF)]
                  RenderText {#text} at (277,4) size 192x17
                    text run at (277,4) width 192: "Center tag inside align=left td"
                RenderTable {TABLE} at (5,135) size 98x28 [border: (2px solid #0000FF)]
                  RenderTableSection {TBODY} at (2,2) size 94x24
                    RenderTableRow {TR} at (0,2) size 94x20
                      RenderTableCell {TD} at (2,2) size 90x20 [r=0 c=0 rs=1 cs=1]
                        RenderText {#text} at (1,1) size 88x17
                          text run at (1,1) width 5 RTL: "."
                          text run at (5,1) width 84: "Normal table"
                RenderTable {TABLE} at (307,163) size 143x28 [border: (2px solid #0000FF)]
                  RenderTableSection {TBODY} at (2,2) size 139x24
                    RenderTableRow {TR} at (0,2) size 139x20
                      RenderTableCell {TD} at (2,2) size 135x20 [r=0 c=0 rs=1 cs=1]
                        RenderText {#text} at (1,1) size 133x17
                          text run at (1,1) width 5 RTL: "."
                          text run at (5,1) width 129: "Center aligned table"
                RenderTable {TABLE} at (7,191) size 195x28 [border: (2px solid #0000FF)]
                  RenderTableSection {TBODY} at (2,2) size 191x24
                    RenderTableRow {TR} at (0,2) size 191x20
                      RenderTableCell {TD} at (2,2) size 187x20 [r=0 c=0 rs=1 cs=1]
                        RenderText {#text} at (1,1) size 185x17
                          text run at (1,1) width 10 RTL: ")."
                          text run at (10,1) width 176: "Center table (fixed margins"
        RenderTable {TABLE} at (2,2574) size 764x232 [border: (2px solid #0000FF)]
          RenderTableSection {TBODY} at (2,2) size 760x228
            RenderTableRow {TR} at (0,2) size 760x224
              RenderTableCell {TD} at (2,2) size 756x224 [border: (4px solid #800080)] [r=0 c=0 rs=1 cs=1]
                RenderBlock {DIV} at (5,5) size 408x26 [border: (2px solid #0000FF)]
                  RenderText {#text} at (4,4) size 276x17
                    text run at (4,4) width 276: "Normal fixed width div inside align=left td"
                RenderBlock {DIV} at (5,31) size 408x26 [border: (2px solid #0000FF)]
                  RenderText {#text} at (4,4) size 254x17
                    text run at (4,4) width 254: "Left fixed width div inside align=left td"
                RenderBlock {DIV} at (5,57) size 408x26 [border: (2px solid #0000FF)]
                  RenderText {#text} at (69,4) size 270x17
                    text run at (69,4) width 270: "Center fixed width div inside align=left td"
                RenderBlock {DIV} at (5,83) size 408x26 [border: (2px solid #0000FF)]
                  RenderText {#text} at (141,4) size 263x17
                    text run at (141,4) width 263: "Right fixed width div inside align=left td"
                RenderBlock {CENTER} at (5,109) size 408x26 [border: (2px solid #0000FF)]
                  RenderText {#text} at (64,4) size 280x17
                    text run at (64,4) width 280: "Center tag (fixed width) inside align=left td"
                RenderTable {TABLE} at (5,135) size 400x28 [border: (2px solid #0000FF)]
                  RenderTableSection {TBODY} at (2,2) size 396x24
                    RenderTableRow {TR} at (0,2) size 396x20
                      RenderTableCell {TD} at (2,2) size 392x20 [r=0 c=0 rs=1 cs=1]
                        RenderText {#text} at (303,1) size 88x17
                          text run at (303,1) width 5 RTL: "."
                          text run at (307,1) width 84: "Normal table"
                RenderTable {TABLE} at (178,163) size 400x28 [border: (2px solid #0000FF)]
                  RenderTableSection {TBODY} at (2,2) size 396x24
                    RenderTableRow {TR} at (0,2) size 396x20
                      RenderTableCell {TD} at (2,2) size 392x20 [r=0 c=0 rs=1 cs=1]
                        RenderText {#text} at (258,1) size 133x17
                          text run at (258,1) width 5 RTL: "."
                          text run at (262,1) width 129: "Center aligned table"
                RenderTable {TABLE} at (7,191) size 400x28 [border: (2px solid #0000FF)]
                  RenderTableSection {TBODY} at (2,2) size 396x24
                    RenderTableRow {TR} at (0,2) size 396x20
                      RenderTableCell {TD} at (2,2) size 392x20 [r=0 c=0 rs=1 cs=1]
                        RenderText {#text} at (206,1) size 185x17
                          text run at (206,1) width 10 RTL: ")."
                          text run at (215,1) width 176: "Center table (fixed margins"
        RenderTable {TABLE} at (2,2806) size 764x232 [border: (2px solid #0000FF)]
          RenderTableSection {TBODY} at (2,2) size 760x228
            RenderTableRow {TR} at (0,2) size 760x224
              RenderTableCell {TD} at (2,2) size 756x224 [border: (4px solid #008000)] [r=0 c=0 rs=1 cs=1]
                RenderBlock {DIV} at (5,5) size 746x26 [border: (2px solid #0000FF)]
                  RenderText {#text} at (262,4) size 222x17
                    text run at (262,4) width 222: "Normal div inside align= center td"
                RenderBlock {DIV} at (5,31) size 746x26 [border: (2px solid #0000FF)]
                  RenderText {#text} at (4,4) size 194x17
                    text run at (4,4) width 194: "Left div inside align=center td"
                RenderBlock {DIV} at (5,57) size 746x26 [border: (2px solid #0000FF)]
                  RenderText {#text} at (268,4) size 210x17
                    text run at (268,4) width 210: "Center div inside align=center td"
                RenderBlock {DIV} at (5,83) size 746x26 [border: (2px solid #0000FF)]
                  RenderText {#text} at (539,4) size 203x17
                    text run at (539,4) width 203: "Right div inside align=center td"
                RenderBlock {CENTER} at (5,109) size 746x26 [border: (2px solid #0000FF)]
                  RenderText {#text} at (268,4) size 210x17
                    text run at (268,4) width 210: "Center tag inside align=center td"
                RenderTable {TABLE} at (329,135) size 98x28 [border: (2px solid #0000FF)]
                  RenderTableSection {TBODY} at (2,2) size 94x24
                    RenderTableRow {TR} at (0,2) size 94x20
                      RenderTableCell {TD} at (2,2) size 90x20 [r=0 c=0 rs=1 cs=1]
                        RenderText {#text} at (1,1) size 88x17
                          text run at (1,1) width 5 RTL: "."
                          text run at (5,1) width 84: "Normal table"
                RenderTable {TABLE} at (307,163) size 143x28 [border: (2px solid #0000FF)]
                  RenderTableSection {TBODY} at (2,2) size 139x24
                    RenderTableRow {TR} at (0,2) size 139x20
                      RenderTableCell {TD} at (2,2) size 135x20 [r=0 c=0 rs=1 cs=1]
                        RenderText {#text} at (1,1) size 133x17
                          text run at (1,1) width 5 RTL: "."
                          text run at (5,1) width 129: "Center aligned table"
                RenderTable {TABLE} at (281,191) size 195x28 [border: (2px solid #0000FF)]
                  RenderTableSection {TBODY} at (2,2) size 191x24
                    RenderTableRow {TR} at (0,2) size 191x20
                      RenderTableCell {TD} at (2,2) size 187x20 [r=0 c=0 rs=1 cs=1]
                        RenderText {#text} at (1,1) size 185x17
                          text run at (1,1) width 10 RTL: ")."
                          text run at (10,1) width 176: "Center table (fixed margins"
        RenderTable {TABLE} at (2,3038) size 764x232 [border: (2px solid #0000FF)]
          RenderTableSection {TBODY} at (2,2) size 760x228
            RenderTableRow {TR} at (0,2) size 760x224
              RenderTableCell {TD} at (2,2) size 756x224 [border: (4px solid #800080)] [r=0 c=0 rs=1 cs=1]
                RenderBlock {DIV} at (174,5) size 408x26 [border: (2px solid #0000FF)]
                  RenderText {#text} at (57,4) size 294x17
                    text run at (57,4) width 294: "Normal fixed width div inside align=center td"
                RenderBlock {DIV} at (174,31) size 408x26 [border: (2px solid #0000FF)]
                  RenderText {#text} at (4,4) size 272x17
                    text run at (4,4) width 272: "Left fixed width div inside align=center td"
                RenderBlock {DIV} at (174,57) size 408x26 [border: (2px solid #0000FF)]
                  RenderText {#text} at (60,4) size 288x17
                    text run at (60,4) width 288: "Center fixed width div inside align=center td"
                RenderBlock {DIV} at (174,83) size 408x26 [border: (2px solid #0000FF)]
                  RenderText {#text} at (123,4) size 281x17
                    text run at (123,4) width 281: "Right fixed width div inside align=center td"
                RenderBlock {CENTER} at (174,109) size 408x26 [border: (2px solid #0000FF)]
                  RenderText {#text} at (55,4) size 298x17
                    text run at (55,4) width 298: "Center tag (fixed width) inside align=center td"
                RenderTable {TABLE} at (178,135) size 400x28 [border: (2px solid #0000FF)]
                  RenderTableSection {TBODY} at (2,2) size 396x24
                    RenderTableRow {TR} at (0,2) size 396x20
                      RenderTableCell {TD} at (2,2) size 392x20 [r=0 c=0 rs=1 cs=1]
                        RenderText {#text} at (303,1) size 88x17
                          text run at (303,1) width 5 RTL: "."
                          text run at (307,1) width 84: "Normal table"
                RenderTable {TABLE} at (178,163) size 400x28 [border: (2px solid #0000FF)]
                  RenderTableSection {TBODY} at (2,2) size 396x24
                    RenderTableRow {TR} at (0,2) size 396x20
                      RenderTableCell {TD} at (2,2) size 392x20 [r=0 c=0 rs=1 cs=1]
                        RenderText {#text} at (258,1) size 133x17
                          text run at (258,1) width 5 RTL: "."
                          text run at (262,1) width 129: "Center aligned table"
                RenderTable {TABLE} at (178,191) size 400x28 [border: (2px solid #0000FF)]
                  RenderTableSection {TBODY} at (2,2) size 396x24
                    RenderTableRow {TR} at (0,2) size 396x20
                      RenderTableCell {TD} at (2,2) size 392x20 [r=0 c=0 rs=1 cs=1]
                        RenderText {#text} at (206,1) size 185x17
                          text run at (206,1) width 10 RTL: ")."
                          text run at (215,1) width 176: "Center table (fixed margins"
        RenderTable {TABLE} at (2,3270) size 764x232 [border: (2px solid #0000FF)]
          RenderTableSection {TBODY} at (2,2) size 760x228
            RenderTableRow {TR} at (0,2) size 760x224
              RenderTableCell {TD} at (2,2) size 756x224 [border: (4px solid #008000)] [r=0 c=0 rs=1 cs=1]
                RenderBlock {DIV} at (5,5) size 746x26 [border: (2px solid #0000FF)]
                  RenderText {#text} at (534,4) size 208x17
                    text run at (534,4) width 208: "Normal div inside align=right td"
                RenderBlock {DIV} at (5,31) size 746x26 [border: (2px solid #0000FF)]
                  RenderText {#text} at (4,4) size 185x17
                    text run at (4,4) width 185: "Left div inside align=right td"
                RenderBlock {DIV} at (5,57) size 746x26 [border: (2px solid #0000FF)]
                  RenderText {#text} at (272,4) size 202x17
                    text run at (272,4) width 202: "Center div inside align=right td"
                RenderBlock {DIV} at (5,83) size 746x26 [border: (2px solid #0000FF)]
                  RenderText {#text} at (548,4) size 194x17
                    text run at (548,4) width 194: "Right div inside align=right td"
                RenderBlock {CENTER} at (5,109) size 746x26 [border: (2px solid #0000FF)]
                  RenderText {#text} at (272,4) size 202x17
                    text run at (272,4) width 202: "Center tag inside align=right td"
                RenderTable {TABLE} at (653,135) size 98x28 [border: (2px solid #0000FF)]
                  RenderTableSection {TBODY} at (2,2) size 94x24
                    RenderTableRow {TR} at (0,2) size 94x20
                      RenderTableCell {TD} at (2,2) size 90x20 [r=0 c=0 rs=1 cs=1]
                        RenderText {#text} at (1,1) size 88x17
                          text run at (1,1) width 5 RTL: "."
                          text run at (5,1) width 84: "Normal table"
                RenderTable {TABLE} at (307,163) size 143x28 [border: (2px solid #0000FF)]
                  RenderTableSection {TBODY} at (2,2) size 139x24
                    RenderTableRow {TR} at (0,2) size 139x20
                      RenderTableCell {TD} at (2,2) size 135x20 [r=0 c=0 rs=1 cs=1]
                        RenderText {#text} at (1,1) size 133x17
                          text run at (1,1) width 5 RTL: "."
                          text run at (5,1) width 129: "Center aligned table"
                RenderTable {TABLE} at (554,191) size 195x28 [border: (2px solid #0000FF)]
                  RenderTableSection {TBODY} at (2,2) size 191x24
                    RenderTableRow {TR} at (0,2) size 191x20
                      RenderTableCell {TD} at (2,2) size 187x20 [r=0 c=0 rs=1 cs=1]
                        RenderText {#text} at (1,1) size 185x17
                          text run at (1,1) width 10 RTL: ")."
                          text run at (10,1) width 176: "Center table (fixed margins"
        RenderTable {TABLE} at (2,3502) size 764x232 [border: (2px solid #0000FF)]
          RenderTableSection {TBODY} at (2,2) size 760x228
            RenderTableRow {TR} at (0,2) size 760x224
              RenderTableCell {TD} at (2,2) size 756x224 [border: (4px solid #800080)] [r=0 c=0 rs=1 cs=1]
                RenderBlock {DIV} at (343,5) size 408x26 [border: (2px solid #0000FF)]
                  RenderText {#text} at (119,4) size 285x17
                    text run at (119,4) width 285: "Normal fixed width div inside align=right td"
                RenderBlock {DIV} at (343,31) size 408x26 [border: (2px solid #0000FF)]
                  RenderText {#text} at (4,4) size 263x17
                    text run at (4,4) width 263: "Left fixed width div inside align=right td"
                RenderBlock {DIV} at (343,57) size 408x26 [border: (2px solid #0000FF)]
                  RenderText {#text} at (64,4) size 280x17
                    text run at (64,4) width 280: "Center fixed width div inside align=right td"
                RenderBlock {DIV} at (343,83) size 408x26 [border: (2px solid #0000FF)]
                  RenderText {#text} at (132,4) size 272x17
                    text run at (132,4) width 272: "Right fixed width div inside align=right td"
                RenderBlock {CENTER} at (343,109) size 408x26 [border: (2px solid #0000FF)]
                  RenderText {#text} at (59,4) size 290x17
                    text run at (59,4) width 290: "Center tag (fixed width) inside align=right td"
                RenderTable {TABLE} at (351,135) size 400x28 [border: (2px solid #0000FF)]
                  RenderTableSection {TBODY} at (2,2) size 396x24
                    RenderTableRow {TR} at (0,2) size 396x20
                      RenderTableCell {TD} at (2,2) size 392x20 [r=0 c=0 rs=1 cs=1]
                        RenderText {#text} at (303,1) size 88x17
                          text run at (303,1) width 5 RTL: "."
                          text run at (307,1) width 84: "Normal table"
                RenderTable {TABLE} at (178,163) size 400x28 [border: (2px solid #0000FF)]
                  RenderTableSection {TBODY} at (2,2) size 396x24
                    RenderTableRow {TR} at (0,2) size 396x20
                      RenderTableCell {TD} at (2,2) size 392x20 [r=0 c=0 rs=1 cs=1]
                        RenderText {#text} at (258,1) size 133x17
                          text run at (258,1) width 5 RTL: "."
                          text run at (262,1) width 129: "Center aligned table"
                RenderTable {TABLE} at (349,191) size 400x28 [border: (2px solid #0000FF)]
                  RenderTableSection {TBODY} at (2,2) size 396x24
                    RenderTableRow {TR} at (0,2) size 396x20
                      RenderTableCell {TD} at (2,2) size 392x20 [r=0 c=0 rs=1 cs=1]
                        RenderText {#text} at (206,1) size 185x17
                          text run at (206,1) width 10 RTL: ")."
                          text run at (215,1) width 176: "Center table (fixed margins"
