layer at (0,0) size 800x600
  RenderView at (0,0) size 800x600
layer at (0,0) size 800x600
  RenderBlock {HTML} at (0,0) size 800x600
    RenderBody {BODY} at (8,8) size 784x584
layer at (8,8) size 85x80
  RenderBlock (positioned) {DIV} at (0,0) size 85x80 [bgcolor=#ADD8E6]
    RenderBlock (floating) {SPAN} at (4,0) size 81x16 [color=#0000FF]
      RenderText {#text} at (0,0) size 81x16
        text run at (0,0) width 81: "float"
    RenderBlock (floating) {SPAN} at (4,16) size 65x16 [color=#0000FF]
      RenderText {#text} at (0,0) size 65x16
        text run at (0,0) width 65: "floa"
    RenderText {#text} at (0,32) size 65x16
      text run at (0,32) width 65: "word"
    RenderBlock (floating) {SPAN} at (4,48) size 49x16 [color=#0000FF]
      RenderText {#text} at (0,0) size 49x16
        text run at (0,0) width 49: "flo"
    RenderText {#text} at (0,0) size 0x0
    RenderBlock (floating) {SPAN} at (4,64) size 33x16 [color=#0000FF]
      RenderText {#text} at (0,0) size 33x16
        text run at (0,0) width 33: "fl"
    RenderText {#text} at (0,0) size 0x0
layer at (8,104) size 97x80
  RenderBlock (positioned) {DIV} at (0,0) size 97x80 [bgcolor=#ADD8E6]
    RenderBlock (floating) {SPAN} at (4,0) size 81x16 [color=#0000FF]
      RenderText {#text} at (0,0) size 81x16
        text run at (0,0) width 81: "float"
    RenderBlock (floating) {SPAN} at (4,16) size 65x16 [color=#0000FF]
      RenderText {#text} at (0,0) size 65x16
        text run at (0,0) width 65: "floa"
    RenderText {#text} at (0,32) size 97x32
      text run at (0,32) width 97: "longer"
      text run at (0,48) width 65: "word"
    RenderBlock (floating) {SPAN} at (4,64) size 49x16 [color=#0000FF]
      RenderText {#text} at (0,0) size 49x16
        text run at (0,0) width 49: "flo"
    RenderText {#text} at (0,0) size 0x0
    RenderBlock (floating) {SPAN} at (57,64) size 33x16 [color=#0000FF]
      RenderText {#text} at (0,0) size 33x16
        text run at (0,0) width 33: "fl"
    RenderText {#text} at (0,0) size 0x0
