layer at (0,0) size 800x600
  RenderView at (0,0) size 800x600
layer at (0,0) size 800x600
  RenderBlock {HTML} at (0,0) size 800x600
    RenderBody {BODY} at (0,0) size 800x600
layer at (0,0) size 800x600
  RenderBlock (relative positioned) {DIV} at (0,0) size 800x600
    RenderBlock {DIV} at (0,0) size 800x220 [bgcolor=#6CAAD9]
      RenderBlock {H1} at (10,10) size 780x30
        RenderText {#text} at (0,2) size 46x14
          text run at (0,2) width 46: "Content"
      RenderBlock {P} at (10,40) size 780x30
        RenderText {#text} at (0,2) size 418x14
          text run at (0,2) width 418: "Please resize the browser window to see how your 100% CSS footer behaves."
      RenderBlock {P} at (10,70) size 780x102
        RenderText {#text} at (0,2) size 772x86
          text run at (0,2) width 744: "Lorem ipsum dolor sit amet, consectetuer adipiscing elit. Cras porttitor. Ut nonummy vestibulum arcu. Nulla eros eros, mattis et, dictum quis,"
          text run at (0,20) width 772: "convallis vel, mauris. Ut sed mauris vel metus pretium pretium. Curabitur tristique sem id justo. Nunc sit amet felis. Duis luctus pharetra urna. Sed"
          text run at (0,38) width 748: "enim arcu, cursus a, posuere sed, sollicitudin in, justo. Pellentesque enim lacus, egestas ut, elementum eu, molestie vel, urna. Integer quam."
          text run at (0,56) width 741: "Phasellus tempor. Sed commodo porttitor justo. Vestibulum rhoncus lacinia pede. Aliquam lectus velit, auctor a, fermentum a, accumsan et,"
          text run at (0,74) width 37: "neque."
layer at (0,562) size 620x38
  RenderBlock (positioned) {DIV} at (0,562) size 620x38 [bgcolor=#0066B2]
    RenderBlock {H1} at (10,10) size 600x18 [color=#FFFFFF]
      RenderText {#text} at (0,2) size 38x14
        text run at (0,2) width 38: "Footer"
