layer at (0,0) size 784x2415
  RenderView at (0,0) size 784x600
layer at (0,0) size 784x2415
  RenderBlock {HTML} at (0,0) size 784x2415
    RenderBody {BODY} at (8,8) size 768x2399 [bgcolor=#CCCCCC]
      RenderBlock {P} at (0,0) size 768x22
        RenderText {#text} at (0,0) size 380x22
          text run at (0,0) width 380: "The style declarations which apply to the text below are:"
      RenderBlock {PRE} at (0,38) size 768x136
        RenderText {#text} at (0,0) size 368x136
          text run at (0,0) width 160: "IMG.one {display: inline;}"
          text run at (160,0) width 0: " "
          text run at (0,17) width 156: "IMG.two {display: block;}"
          text run at (156,17) width 0: " "
          text run at (0,34) width 164: "IMG.three {display: block;"
          text run at (164,34) width 0: " "
          text run at (0,51) width 368: "           margin-right: auto; margin-left: auto; width: auto;}"
          text run at (368,51) width 0: " "
          text run at (0,68) width 156: "IMG.four {display: block;"
          text run at (156,68) width 0: " "
          text run at (0,85) width 363: "          margin-right: auto; margin-left: auto; width: 50%;}"
          text run at (363,85) width 0: " "
          text run at (0,102) width 152: "IMG.five {display: block;"
          text run at (152,102) width 0: " "
          text run at (0,119) width 342: "          margin-right: 0; margin-left: auto; width: 50%;}"
          text run at (342,119) width 0: " "
      RenderBlock {HR} at (0,187) size 768x2 [border: (1px inset #000000)]
      RenderBlock {P} at (0,205) size 768x22
        RenderImage {IMG} at (0,1) size 15x15
        RenderText {#text} at (15,0) size 462x22
          text run at (15,0) width 462: "The image at the beginning of this sentence should be a 15px square."
      RenderImage {IMG} at (0,243) size 15x15
      RenderBlock {P} at (0,274) size 768x22
        RenderText {#text} at (0,0) size 519x22
          text run at (0,0) width 519: "The above image should be a 15px square with the same left edge as this text."
      RenderImage {IMG} at (376,312) size 15x15
      RenderBlock {P} at (0,343) size 768x22
        RenderText {#text} at (0,0) size 428x22
          text run at (0,0) width 428: "The above image should be a 15px square aligned at the center."
      RenderImage {IMG} at (192,381) size 384x384
      RenderBlock {P} at (0,781) size 768x44
        RenderText {#text} at (0,0) size 692x44
          text run at (0,0) width 689: "The above image should be a square resized so its width is 50% of the its parent element, and centered"
          text run at (0,22) width 267: "horizontally within the parent element: "
          text run at (267,22) width 425: "the document body in the first half, and the table in the second."
      RenderImage {IMG} at (384,841) size 384x384
      RenderBlock {P} at (0,1241) size 768x44
        RenderText {#text} at (0,0) size 734x44
          text run at (0,0) width 734: "The above image should be a square resized so its width is 50% of its parent element, and aligned at the right"
          text run at (0,22) width 187: "edge of the parent element: "
          text run at (187,22) width 425: "the document body in the first half, and the table in the second."
      RenderTable {TABLE} at (0,1301) size 768x1098 [border: (1px outset #808080)]
        RenderTableSection {TBODY} at (1,1) size 766x1096
          RenderTableRow {TR} at (0,0) size 766x30
            RenderTableCell {TD} at (0,0) size 766x30 [bgcolor=#C0C0C0] [border: (1px inset #808080)] [r=0 c=0 rs=1 cs=2]
              RenderInline {STRONG} at (0,0) size 163x22
                RenderText {#text} at (4,4) size 163x22
                  text run at (4,4) width 163: "TABLE Testing Section"
          RenderTableRow {TR} at (0,30) size 766x1066
            RenderTableCell {TD} at (0,548) size 12x30 [bgcolor=#C0C0C0] [border: (1px inset #808080)] [r=1 c=0 rs=1 cs=1]
              RenderText {#text} at (4,4) size 4x22
                text run at (4,4) width 4: " "
            RenderTableCell {TD} at (12,30) size 754x1066 [border: (1px inset #808080)] [r=1 c=1 rs=1 cs=1]
              RenderBlock {P} at (4,4) size 746x22
                RenderImage {IMG} at (0,1) size 15x15
                RenderText {#text} at (15,0) size 462x22
                  text run at (15,0) width 462: "The image at the beginning of this sentence should be a 15px square."
              RenderImage {IMG} at (4,42) size 15x15
              RenderBlock {P} at (4,73) size 746x22
                RenderText {#text} at (0,0) size 519x22
                  text run at (0,0) width 519: "The above image should be a 15px square with the same left edge as this text."
              RenderImage {IMG} at (369,111) size 15x15
              RenderBlock {P} at (4,142) size 746x22
                RenderText {#text} at (0,0) size 428x22
                  text run at (0,0) width 428: "The above image should be a 15px square aligned at the center."
              RenderImage {IMG} at (190,180) size 373x373
              RenderBlock {P} at (4,569) size 746x44
                RenderText {#text} at (0,0) size 692x44
                  text run at (0,0) width 689: "The above image should be a square resized so its width is 50% of the its parent element, and centered"
                  text run at (0,22) width 267: "horizontally within the parent element: "
                  text run at (267,22) width 425: "the document body in the first half, and the table in the second."
              RenderImage {IMG} at (377,629) size 373x373
              RenderBlock {P} at (4,1018) size 746x44
                RenderText {#text} at (0,0) size 734x44
                  text run at (0,0) width 734: "The above image should be a square resized so its width is 50% of its parent element, and aligned at the right"
                  text run at (0,22) width 187: "edge of the parent element: "
                  text run at (187,22) width 425: "the document body in the first half, and the table in the second."
