layer at (0,0) size 800x600
  RenderView at (0,0) size 800x600
layer at (0,0) size 800x89
  RenderBlock {html} at (0,0) size 800x89
    RenderBody {body} at (8,16) size 784x57
      RenderBlock {p} at (0,0) size 784x57
        RenderMathMLMath {math} at (0,0) size 180x57 [padding: 0 1 0 1]
          RenderMathMLFenced {mfenced} at (1,0) size 178x57
            RenderMathMLOperator {mfenced} at (1,0) size 7x57
            RenderBlock {mtext} at (9,6) size 48x48
              RenderBlock {div} at (0,0) size 48x48 [bgcolor=#00FF00]
            RenderMathMLOperator {mfenced} at (57,31) size 4x5
              RenderMathMLBlock (flex) {mfenced} at (0,0) size 4x5
                RenderBlock (anonymous) at (0,0) size 4x5
                  RenderText {mfenced} at (0,-15) size 4x24
                    text run at (0,-15) width 4: ","
            RenderBlock {mtext} at (65,6) size 48x48
              RenderBlock {div} at (0,0) size 48x48 [bgcolor=#00FF00]
            RenderMathMLOperator {mfenced} at (113,31) size 4x5
              RenderMathMLBlock (flex) {mfenced} at (0,0) size 4x5
                RenderBlock (anonymous) at (0,0) size 4x5
                  RenderText {mfenced} at (0,-15) size 4x24
                    text run at (0,-15) width 4: ","
            RenderBlock {mtext} at (121,6) size 48x48
              RenderBlock {div} at (0,0) size 48x48 [bgcolor=#00FF00]
            RenderMathMLOperator {mfenced} at (170,0) size 7x57
        RenderText {#text} at (0,0) size 0x0
layer at (10,16) size 7x16 scrollHeight 19
  RenderMathMLBlock (flex) {mfenced} at (0,0) size 7x16
    RenderBlock (anonymous) at (0,0) size 7x16
      RenderText {mfenced} at (0,-5) size 7x24
        text run at (0,-5) width 7: "\x{239B}"
layer at (10,32) size 7x15 scrollHeight 19
  RenderMathMLBlock (flex) {mfenced} at (0,16) size 7x15
    RenderBlock (anonymous) at (0,0) size 7x15
layer at (10,47) size 7x10 scrollHeight 19
  RenderMathMLBlock (flex) {mfenced} at (0,31) size 7x10
    RenderBlock (anonymous) at (0,0) size 7x10
layer at (10,57) size 7x16 scrollHeight 19
  RenderMathMLBlock (flex) {mfenced} at (0,41) size 7x16
    RenderBlock (anonymous) at (0,0) size 7x16
layer at (179,16) size 7x16 scrollHeight 19
  RenderMathMLBlock (flex) {mfenced} at (0,0) size 7x16
    RenderBlock (anonymous) at (0,0) size 7x16
      RenderText {mfenced} at (0,-5) size 7x24
        text run at (0,-5) width 7: "\x{239E}"
layer at (179,32) size 7x15 scrollHeight 19
  RenderMathMLBlock (flex) {mfenced} at (0,16) size 7x15
    RenderBlock (anonymous) at (0,0) size 7x15
layer at (179,47) size 7x10 scrollHeight 19
  RenderMathMLBlock (flex) {mfenced} at (0,31) size 7x10
    RenderBlock (anonymous) at (0,0) size 7x10
layer at (179,57) size 7x16 scrollHeight 19
  RenderMathMLBlock (flex) {mfenced} at (0,41) size 7x16
    RenderBlock (anonymous) at (0,0) size 7x16
layer at (10,31) size 7x17 backgroundClip at (10,32) size 7x15 clip at (10,32) size 7x15 outlineClip at (10,32) size 7x15
  RenderBlock (relative positioned) {mfenced} at (0,0) size 7x17
    RenderText {mfenced} at (0,-5) size 7x24
      text run at (0,-5) width 7: "\x{239C}"
layer at (10,46) size 7x17 backgroundClip at (10,47) size 7x10 clip at (10,47) size 7x10 outlineClip at (10,47) size 7x10
  RenderBlock (relative positioned) {mfenced} at (0,0) size 7x17
    RenderText {mfenced} at (0,-5) size 7x24
      text run at (0,-5) width 7: "\x{239C}"
layer at (10,56) size 7x17 backgroundClip at (10,57) size 7x16 clip at (10,57) size 7x16 outlineClip at (10,57) size 7x16
  RenderBlock (relative positioned) {mfenced} at (0,0) size 7x17
    RenderText {mfenced} at (0,-5) size 7x24
      text run at (0,-5) width 7: "\x{239D}"
layer at (179,31) size 7x17 backgroundClip at (179,32) size 7x15 clip at (179,32) size 7x15 outlineClip at (179,32) size 7x15
  RenderBlock (relative positioned) {mfenced} at (0,0) size 7x17
    RenderText {mfenced} at (0,-5) size 7x24
      text run at (0,-5) width 7: "\x{239F}"
layer at (179,46) size 7x17 backgroundClip at (179,47) size 7x10 clip at (179,47) size 7x10 outlineClip at (179,47) size 7x10
  RenderBlock (relative positioned) {mfenced} at (0,0) size 7x17
    RenderText {mfenced} at (0,-5) size 7x24
      text run at (0,-5) width 7: "\x{239F}"
layer at (179,56) size 7x17 backgroundClip at (179,57) size 7x16 clip at (179,57) size 7x16 outlineClip at (179,57) size 7x16
  RenderBlock (relative positioned) {mfenced} at (0,0) size 7x17
    RenderText {mfenced} at (0,-5) size 7x24
      text run at (0,-5) width 7: "\x{23A0}"
