layer at (0,0) size 800x600
  RenderView at (0,0) size 800x600
layer at (0,0) size 800x152
  RenderBlock {html} at (0,0) size 800x152
    RenderBody {body} at (8,16) size 784x120
      RenderBlock {p} at (0,0) size 784x18
        RenderMathMLMath {math} at (0,3) size 46x15 [padding: 0 1 0 1]
          RenderMathMLFenced {mfenced} at (1,0) size 44x15 [padding: 0 1 0 1]
            RenderMathMLOperator {mfenced} at (1,0) size 6x14 [padding: 0 1 0 0]
              RenderMathMLBlock (flex) {mfenced} at (0,0) size 5x14
                RenderBlock (anonymous) at (0,0) size 5x14
                  RenderText {mfenced} at (0,-6) size 5x24
                    text run at (0,-6) width 5: "("
            RenderBlock {mi} at (7,3) size 7x9
              RenderText {#text} at (0,-9) size 7x24
                text run at (0,-9) width 7: "x"
            RenderMathMLOperator {mfenced} at (14,9) size 5x5 [padding: 0 1 0 0]
              RenderMathMLBlock (flex) {mfenced} at (0,0) size 4x5
                RenderBlock (anonymous) at (0,0) size 4x5
                  RenderText {mfenced} at (0,-15) size 4x24
                    text run at (0,-15) width 4: ","
            RenderBlock {mi} at (19,3) size 7x12
              RenderText {#text} at (0,-9) size 7x24
                text run at (0,-9) width 7: "y"
            RenderMathMLOperator {mfenced} at (26,9) size 5x5 [padding: 0 1 0 0]
              RenderMathMLBlock (flex) {mfenced} at (0,0) size 4x5
                RenderBlock (anonymous) at (0,0) size 4x5
                  RenderText {mfenced} at (0,-15) size 4x24
                    text run at (0,-15) width 4: ","
            RenderBlock {mi} at (31,4) size 6x9
              RenderText {#text} at (0,-10) size 6x24
                text run at (0,-10) width 6: "z"
            RenderMathMLOperator {mfenced} at (37,0) size 6x14 [padding: 0 1 0 0]
              RenderMathMLBlock (flex) {mfenced} at (0,0) size 5x14
                RenderBlock (anonymous) at (0,0) size 5x14
                  RenderText {mfenced} at (0,-6) size 5x24
                    text run at (0,-6) width 5: ")"
        RenderText {#text} at (0,0) size 0x0
      RenderBlock {p} at (0,34) size 784x18
        RenderMathMLMath {math} at (0,3) size 44x15 [padding: 0 1 0 1]
          RenderMathMLOperator {mo} at (1,0) size 6x14 [padding: 0 1 0 0]
            RenderMathMLBlock (flex) {mo} at (0,0) size 5x14
              RenderBlock (anonymous) at (0,0) size 5x14
                RenderText {mo} at (0,-6) size 5x24
                  text run at (0,-6) width 5: "("
          RenderBlock {mi} at (7,3) size 7x9
            RenderText {#text} at (0,-9) size 7x24
              text run at (0,-9) width 7: "x"
          RenderMathMLOperator {mo} at (14,9) size 5x5 [padding: 0 1 0 0]
            RenderMathMLBlock (flex) {mo} at (0,0) size 4x5
              RenderBlock (anonymous) at (0,0) size 4x5
                RenderText {mo} at (0,-15) size 4x24
                  text run at (0,-15) width 4: ","
          RenderBlock {mi} at (19,3) size 7x12
            RenderText {#text} at (0,-9) size 7x24
              text run at (0,-9) width 7: "y"
          RenderMathMLOperator {mo} at (26,9) size 5x5 [padding: 0 1 0 0]
            RenderMathMLBlock (flex) {mo} at (0,0) size 4x5
              RenderBlock (anonymous) at (0,0) size 4x5
                RenderText {mo} at (0,-15) size 4x24
                  text run at (0,-15) width 4: ","
          RenderBlock {mi} at (31,4) size 6x9
            RenderText {#text} at (0,-10) size 6x24
              text run at (0,-10) width 6: "z"
          RenderMathMLOperator {mo} at (37,0) size 6x14 [padding: 0 1 0 0]
            RenderMathMLBlock (flex) {mo} at (0,0) size 5x14
              RenderBlock (anonymous) at (0,0) size 5x14
                RenderText {mo} at (0,-6) size 5x24
                  text run at (0,-6) width 5: ")"
        RenderText {#text} at (0,0) size 0x0
      RenderBlock {p} at (0,68) size 784x18
        RenderMathMLMath {math} at (0,3) size 60x15 [padding: 0 1 0 1]
          RenderMathMLFenced {mfenced} at (1,0) size 58x15 [padding: 0 1 0 1]
            RenderMathMLOperator {mfenced} at (1,0) size 9x14 [padding: 0 1 0 0]
              RenderMathMLBlock (flex) {mfenced} at (0,0) size 8x14
                RenderBlock (anonymous) at (0,0) size 8x14
                  RenderText {mfenced} at (0,-6) size 8x24
                    text run at (0,-6) width 8: "{"
            RenderBlock {mi} at (10,3) size 7x9
              RenderText {#text} at (0,-9) size 7x24
                text run at (0,-9) width 7: "x"
            RenderMathMLOperator {mfenced} at (17,0) size 9x12 [padding: 0 1 0 0]
              RenderMathMLBlock (flex) {mfenced} at (0,0) size 8x12
                RenderBlock (anonymous) at (0,0) size 8x12
                  RenderText {mfenced} at (0,-6) size 8x24
                    text run at (0,-6) width 8: "1"
            RenderBlock {mi} at (26,3) size 7x12
              RenderText {#text} at (0,-9) size 7x24
                text run at (0,-9) width 7: "y"
            RenderMathMLOperator {mfenced} at (33,0) size 9x12 [padding: 0 1 0 0]
              RenderMathMLBlock (flex) {mfenced} at (0,0) size 8x12
                RenderBlock (anonymous) at (0,0) size 8x12
                  RenderText {mfenced} at (0,-6) size 8x24
                    text run at (0,-6) width 8: "2"
            RenderBlock {mi} at (42,4) size 6x9
              RenderText {#text} at (0,-10) size 6x24
                text run at (0,-10) width 6: "z"
            RenderMathMLOperator {mfenced} at (48,0) size 9x14 [padding: 0 1 0 0]
              RenderMathMLBlock (flex) {mfenced} at (0,0) size 8x14
                RenderBlock (anonymous) at (0,0) size 8x14
                  RenderText {mfenced} at (0,-6) size 8x24
                    text run at (0,-6) width 8: "}"
        RenderText {#text} at (0,0) size 0x0
      RenderBlock {p} at (0,102) size 784x18
        RenderMathMLMath {math} at (0,3) size 107x15 [padding: 0 1 0 1]
          RenderMathMLFenced {mfenced} at (1,0) size 105x15 [padding: 0 1 0 1]
            RenderMathMLOperator {mfenced} at (1,0) size 6x14 [padding: 0 1 0 0]
              RenderMathMLBlock (flex) {mfenced} at (0,0) size 5x14
                RenderBlock (anonymous) at (0,0) size 5x14
                  RenderText {mfenced} at (0,-6) size 5x24
                    text run at (0,-6) width 5: "("
            RenderBlock {mi} at (7,3) size 7x9
              RenderText {#text} at (0,-9) size 7x24
                text run at (0,-9) width 7: "x"
            RenderMathMLOperator {mfenced} at (14,0) size 9x12 [padding: 0 1 0 0]
              RenderMathMLBlock (flex) {mfenced} at (0,0) size 8x12
                RenderBlock (anonymous) at (0,0) size 8x12
                  RenderText {mfenced} at (0,-6) size 8x24
                    text run at (0,-6) width 8: "1"
            RenderBlock {mi} at (23,3) size 7x12
              RenderText {#text} at (0,-9) size 7x24
                text run at (0,-9) width 7: "y"
            RenderMathMLOperator {mfenced} at (30,0) size 9x12 [padding: 0 1 0 0]
              RenderMathMLBlock (flex) {mfenced} at (0,0) size 8x12
                RenderBlock (anonymous) at (0,0) size 8x12
                  RenderText {mfenced} at (0,-6) size 8x24
                    text run at (0,-6) width 8: "2"
            RenderBlock {mi} at (39,4) size 6x9
              RenderText {#text} at (0,-10) size 6x24
                text run at (0,-10) width 6: "z"
            RenderMathMLOperator {mfenced} at (45,0) size 9x12 [padding: 0 1 0 0]
              RenderMathMLBlock (flex) {mfenced} at (0,0) size 8x12
                RenderBlock (anonymous) at (0,0) size 8x12
                  RenderText {mfenced} at (0,-6) size 8x24
                    text run at (0,-6) width 8: "3"
            RenderBlock {mi} at (54,3) size 8x9
              RenderText {#text} at (0,-9) size 8x24
                text run at (0,-9) width 8: "u"
            RenderMathMLOperator {mfenced} at (62,0) size 9x12 [padding: 0 1 0 0]
              RenderMathMLBlock (flex) {mfenced} at (0,0) size 8x12
                RenderBlock (anonymous) at (0,0) size 8x12
                  RenderText {mfenced} at (0,-6) size 8x24
                    text run at (0,-6) width 8: "3"
            RenderBlock {mi} at (71,3) size 7x9
              RenderText {#text} at (0,-9) size 7x24
                text run at (0,-9) width 7: "v"
            RenderMathMLOperator {mfenced} at (78,0) size 9x12 [padding: 0 1 0 0]
              RenderMathMLBlock (flex) {mfenced} at (0,0) size 8x12
                RenderBlock (anonymous) at (0,0) size 8x12
                  RenderText {mfenced} at (0,-6) size 8x24
                    text run at (0,-6) width 8: "3"
            RenderBlock {mi} at (87,3) size 11x9
              RenderText {#text} at (0,-9) size 11x24
                text run at (0,-9) width 11: "w"
            RenderMathMLOperator {mfenced} at (98,0) size 6x14 [padding: 0 1 0 0]
              RenderMathMLBlock (flex) {mfenced} at (0,0) size 5x14
                RenderBlock (anonymous) at (0,0) size 5x14
                  RenderText {mfenced} at (0,-6) size 5x24
                    text run at (0,-6) width 5: ")"
        RenderText {#text} at (0,0) size 0x0
