layer at (0,0) size 800x600
  RenderView at (0,0) size 800x600
layer at (0,0) size 800x296
  RenderBlock {html} at (0,0) size 800x296
    RenderBody {body} at (8,16) size 784x264
      RenderBlock {p} at (0,0) size 784x26
        RenderText {#text} at (0,3) size 49x18
          text run at (0,3) width 49: "simple: "
        RenderMathMLMath {math} at (49,0) size 16x26 [padding: 0 1 0 1]
          RenderMathMLFraction {mfrac} at (1,0) size 14x26
            RenderMathMLBlock (anonymous, flex) at (0,0) size 14x12 [padding: 0 3 0 3]
              RenderBlock {mn} at (3,0) size 8x12
                RenderText {#text} at (0,-6) size 8x24
                  text run at (0,-6) width 8: "1"
            RenderMathMLBlock (anonymous, flex) at (0,12) size 14x14 [padding: 2 3 0 3]
              RenderBlock {mn} at (3,2) size 8x12
                RenderText {#text} at (0,-6) size 8x24
                  text run at (0,-6) width 8: "2"
      RenderBlock {p} at (0,42) size 784x26
        RenderText {#text} at (0,3) size 197x18
          text run at (0,3) width 197: "more complex (should be red): "
        RenderMathMLMath {math} at (197,0) size 35x26 [padding: 0 1 0 1]
          RenderMathMLFraction {mfrac} at (1,0) size 33x26 [color=#FF0000]
            RenderMathMLBlock (anonymous, flex) at (0,0) size 33x12 [padding: 0 3 0 3]
              RenderMathMLRow {mrow} at (3,0) size 27x12
                RenderBlock {mi} at (0,3) size 7x9
                  RenderText {#text} at (0,-9) size 7x24
                    text run at (0,-9) width 7: "x"
                RenderMathMLOperator {mo} at (7,2) size 12x10 [padding: 0 1 0 0]
                  RenderMathMLBlock (flex) {mo} at (0,0) size 11x10
                    RenderBlock (anonymous) at (0,0) size 11x10
                      RenderText {mo} at (0,-8) size 11x24
                        text run at (0,-8) width 11: "+"
                RenderBlock {mn} at (19,0) size 8x12
                  RenderText {#text} at (0,-6) size 8x24
                    text run at (0,-6) width 8: "1"
            RenderMathMLBlock (anonymous, flex) at (0,12) size 33x14 [padding: 2 3 0 3]
              RenderMathMLRow {mrow} at (3,2) size 27x12
                RenderBlock {mi} at (0,3) size 7x9
                  RenderText {#text} at (0,-9) size 7x24
                    text run at (0,-9) width 7: "x"
                RenderMathMLOperator {mo} at (7,2) size 12x10 [padding: 0 1 0 0]
                  RenderMathMLBlock (flex) {mo} at (0,0) size 11x10
                    RenderBlock (anonymous) at (0,0) size 11x10
                      RenderText {mo} at (0,-8) size 11x24
                        text run at (0,-8) width 11: "+"
                RenderBlock {mn} at (19,0) size 8x12
                  RenderText {#text} at (0,-6) size 8x24
                    text run at (0,-6) width 8: "2"
        RenderText {#text} at (0,0) size 0x0
      RenderBlock {p} at (0,84) size 784x32
        RenderText {#text} at (0,6) size 31x18
          text run at (0,6) width 31: "text: "
        RenderMathMLMath {math} at (31,0) size 128x32 [padding: 0 1 0 1]
          RenderMathMLFraction {mfrac} at (1,0) size 126x32
            RenderMathMLBlock (anonymous, flex) at (0,0) size 126x15 [padding: 0 3 0 3]
              RenderBlock {mtext} at (13,0) size 99x15
                RenderText {#text} at (0,-6) size 99x24
                  text run at (0,-6) width 99: "number of bugs"
            RenderMathMLBlock (anonymous, flex) at (0,15) size 126x17 [padding: 2 3 0 3]
              RenderBlock {mtext} at (3,2) size 120x15
                RenderText {#text} at (0,-6) size 120x24
                  text run at (0,-6) width 120: "number of changes"
        RenderText {#text} at (0,0) size 0x0
      RenderBlock {p} at (0,132) size 784x52
        RenderText {#text} at (0,17) size 173x18
          text run at (0,17) width 173: "line thickness by keyword: "
        RenderMathMLMath {math} at (173,0) size 86x52 [padding: 0 1 0 1]
          RenderMathMLFraction {mfrac} at (1,0) size 28x49
            RenderMathMLBlock (anonymous, flex) at (0,0) size 28x23 [padding: 0 6 0 6]
              RenderBlock {mn} at (6,0) size 16x23
                RenderText {#text} at (0,-12) size 16x49
                  text run at (0,-12) width 16: "1"
            RenderMathMLBlock (anonymous, flex) at (0,23) size 28x26 [padding: 3 6 0 6]
              RenderBlock {mn} at (6,3) size 16x23
                RenderText {#text} at (0,-12) size 16x49
                  text run at (0,-12) width 16: "2"
          RenderMathMLFraction {mfrac} at (29,0) size 28x50
            RenderMathMLBlock (anonymous, flex) at (0,0) size 28x23 [padding: 0 6 0 6]
              RenderBlock {mn} at (6,0) size 16x23
                RenderText {#text} at (0,-12) size 16x49
                  text run at (0,-12) width 16: "1"
            RenderMathMLBlock (anonymous, flex) at (0,23) size 28x27 [padding: 4 6 0 6]
              RenderBlock {mn} at (6,4) size 16x23
                RenderText {#text} at (0,-12) size 16x49
                  text run at (0,-12) width 16: "2"
          RenderMathMLFraction {mfrac} at (57,0) size 28x52
            RenderMathMLBlock (anonymous, flex) at (0,0) size 28x23 [padding: 0 6 0 6]
              RenderBlock {mn} at (6,0) size 16x23
                RenderText {#text} at (0,-12) size 16x49
                  text run at (0,-12) width 16: "1"
            RenderMathMLBlock (anonymous, flex) at (0,23) size 28x29 [padding: 6 6 0 6]
              RenderBlock {mn} at (6,6) size 16x23
                RenderText {#text} at (0,-12) size 16x49
                  text run at (0,-12) width 16: "2"
        RenderText {#text} at (0,0) size 0x0
      RenderBlock {p} at (0,200) size 784x24
        RenderText {#text} at (0,0) size 138x18
          text run at (0,0) width 138: "numerator alignment: "
        RenderMathMLMath {math} at (138,0) size 97x24 [padding: 0 1 0 1]
          RenderMathMLFraction {mfrac} at (1,0) size 95x24
            RenderMathMLBlock (anonymous, flex) at (0,0) size 95x9 [padding: 0 3 0 3]
              RenderBlock {mi} at (3,0) size 7x9
                RenderText {#text} at (0,-9) size 7x24
                  text run at (0,-9) width 7: "x"
            RenderMathMLBlock (anonymous, flex) at (0,9) size 95x15 [padding: 2 3 0 3]
              RenderMathMLRow {mrow} at (4,2) size 88x13
                RenderBlock {mn} at (0,1) size 8x12
                  RenderText {#text} at (0,-6) size 8x24
                    text run at (0,-6) width 8: "1"
                RenderMathMLOperator {mo} at (8,3) size 12x10 [padding: 0 1 0 0]
                  RenderMathMLBlock (flex) {mo} at (0,0) size 11x10
                    RenderBlock (anonymous) at (0,0) size 11x10
                      RenderText {mo} at (0,-8) size 11x24
                        text run at (0,-8) width 11: "+"
                RenderBlock {mn} at (20,1) size 8x12
                  RenderText {#text} at (0,-6) size 8x24
                    text run at (0,-6) width 8: "2"
                RenderMathMLOperator {mo} at (28,3) size 12x10 [padding: 0 1 0 0]
                  RenderMathMLBlock (flex) {mo} at (0,0) size 11x10
                    RenderBlock (anonymous) at (0,0) size 11x10
                      RenderText {mo} at (0,-8) size 11x24
                        text run at (0,-8) width 11: "+"
                RenderBlock {mn} at (40,1) size 8x12
                  RenderText {#text} at (0,-6) size 8x24
                    text run at (0,-6) width 8: "3"
                RenderMathMLOperator {mo} at (48,3) size 12x10 [padding: 0 1 0 0]
                  RenderMathMLBlock (flex) {mo} at (0,0) size 11x10
                    RenderBlock (anonymous) at (0,0) size 11x10
                      RenderText {mo} at (0,-8) size 11x24
                        text run at (0,-8) width 11: "+"
                RenderBlock {mn} at (60,1) size 8x12
                  RenderText {#text} at (0,-6) size 8x24
                    text run at (0,-6) width 8: "4"
                RenderMathMLOperator {mo} at (68,3) size 12x10 [padding: 0 1 0 0]
                  RenderMathMLBlock (flex) {mo} at (0,0) size 11x10
                    RenderBlock (anonymous) at (0,0) size 11x10
                      RenderText {mo} at (0,-8) size 11x24
                        text run at (0,-8) width 11: "+"
                RenderBlock {mn} at (80,0) size 8x13
                  RenderText {#text} at (0,-5) size 8x24
                    text run at (0,-5) width 8: "5"
        RenderText {#text} at (235,0) size 4x18
          text run at (235,0) width 4: " "
        RenderMathMLMath {math} at (239,0) size 97x24 [padding: 0 1 0 1]
          RenderMathMLFraction {mfrac} at (1,0) size 95x24
            RenderMathMLBlock (anonymous, flex) at (0,0) size 95x9 [padding: 0 3 0 3]
              RenderBlock {mi} at (44,0) size 7x9
                RenderText {#text} at (0,-9) size 7x24
                  text run at (0,-9) width 7: "x"
            RenderMathMLBlock (anonymous, flex) at (0,9) size 95x15 [padding: 2 3 0 3]
              RenderMathMLRow {mrow} at (4,2) size 88x13
                RenderBlock {mn} at (0,1) size 8x12
                  RenderText {#text} at (0,-6) size 8x24
                    text run at (0,-6) width 8: "1"
                RenderMathMLOperator {mo} at (8,3) size 12x10 [padding: 0 1 0 0]
                  RenderMathMLBlock (flex) {mo} at (0,0) size 11x10
                    RenderBlock (anonymous) at (0,0) size 11x10
                      RenderText {mo} at (0,-8) size 11x24
                        text run at (0,-8) width 11: "+"
                RenderBlock {mn} at (20,1) size 8x12
                  RenderText {#text} at (0,-6) size 8x24
                    text run at (0,-6) width 8: "2"
                RenderMathMLOperator {mo} at (28,3) size 12x10 [padding: 0 1 0 0]
                  RenderMathMLBlock (flex) {mo} at (0,0) size 11x10
                    RenderBlock (anonymous) at (0,0) size 11x10
                      RenderText {mo} at (0,-8) size 11x24
                        text run at (0,-8) width 11: "+"
                RenderBlock {mn} at (40,1) size 8x12
                  RenderText {#text} at (0,-6) size 8x24
                    text run at (0,-6) width 8: "3"
                RenderMathMLOperator {mo} at (48,3) size 12x10 [padding: 0 1 0 0]
                  RenderMathMLBlock (flex) {mo} at (0,0) size 11x10
                    RenderBlock (anonymous) at (0,0) size 11x10
                      RenderText {mo} at (0,-8) size 11x24
                        text run at (0,-8) width 11: "+"
                RenderBlock {mn} at (60,1) size 8x12
                  RenderText {#text} at (0,-6) size 8x24
                    text run at (0,-6) width 8: "4"
                RenderMathMLOperator {mo} at (68,3) size 12x10 [padding: 0 1 0 0]
                  RenderMathMLBlock (flex) {mo} at (0,0) size 11x10
                    RenderBlock (anonymous) at (0,0) size 11x10
                      RenderText {mo} at (0,-8) size 11x24
                        text run at (0,-8) width 11: "+"
                RenderBlock {mn} at (80,0) size 8x13
                  RenderText {#text} at (0,-5) size 8x24
                    text run at (0,-5) width 8: "5"
        RenderText {#text} at (336,0) size 4x18
          text run at (336,0) width 4: " "
        RenderMathMLMath {math} at (340,0) size 97x24 [padding: 0 1 0 1]
          RenderMathMLFraction {mfrac} at (1,0) size 95x24
            RenderMathMLBlock (anonymous, flex) at (0,0) size 95x9 [padding: 0 3 0 3]
              RenderBlock {mi} at (85,0) size 7x9
                RenderText {#text} at (0,-9) size 7x24
                  text run at (0,-9) width 7: "x"
            RenderMathMLBlock (anonymous, flex) at (0,9) size 95x15 [padding: 2 3 0 3]
              RenderMathMLRow {mrow} at (4,2) size 88x13
                RenderBlock {mn} at (0,1) size 8x12
                  RenderText {#text} at (0,-6) size 8x24
                    text run at (0,-6) width 8: "1"
                RenderMathMLOperator {mo} at (8,3) size 12x10 [padding: 0 1 0 0]
                  RenderMathMLBlock (flex) {mo} at (0,0) size 11x10
                    RenderBlock (anonymous) at (0,0) size 11x10
                      RenderText {mo} at (0,-8) size 11x24
                        text run at (0,-8) width 11: "+"
                RenderBlock {mn} at (20,1) size 8x12
                  RenderText {#text} at (0,-6) size 8x24
                    text run at (0,-6) width 8: "2"
                RenderMathMLOperator {mo} at (28,3) size 12x10 [padding: 0 1 0 0]
                  RenderMathMLBlock (flex) {mo} at (0,0) size 11x10
                    RenderBlock (anonymous) at (0,0) size 11x10
                      RenderText {mo} at (0,-8) size 11x24
                        text run at (0,-8) width 11: "+"
                RenderBlock {mn} at (40,1) size 8x12
                  RenderText {#text} at (0,-6) size 8x24
                    text run at (0,-6) width 8: "3"
                RenderMathMLOperator {mo} at (48,3) size 12x10 [padding: 0 1 0 0]
                  RenderMathMLBlock (flex) {mo} at (0,0) size 11x10
                    RenderBlock (anonymous) at (0,0) size 11x10
                      RenderText {mo} at (0,-8) size 11x24
                        text run at (0,-8) width 11: "+"
                RenderBlock {mn} at (60,1) size 8x12
                  RenderText {#text} at (0,-6) size 8x24
                    text run at (0,-6) width 8: "4"
                RenderMathMLOperator {mo} at (68,3) size 12x10 [padding: 0 1 0 0]
                  RenderMathMLBlock (flex) {mo} at (0,0) size 11x10
                    RenderBlock (anonymous) at (0,0) size 11x10
                      RenderText {mo} at (0,-8) size 11x24
                        text run at (0,-8) width 11: "+"
                RenderBlock {mn} at (80,0) size 8x13
                  RenderText {#text} at (0,-5) size 8x24
                    text run at (0,-5) width 8: "5"
        RenderText {#text} at (0,0) size 0x0
      RenderBlock {p} at (0,240) size 784x24
        RenderText {#text} at (0,4) size 153x18
          text run at (0,4) width 153: "denominator alignment: "
        RenderMathMLMath {math} at (153,0) size 96x24 [padding: 0 1 0 1]
          RenderMathMLFraction {mfrac} at (1,0) size 94x24
            RenderMathMLBlock (anonymous, flex) at (0,0) size 94x13 [padding: 0 3 0 3]
              RenderMathMLRow {mrow} at (3,0) size 88x13
                RenderBlock {mn} at (0,1) size 8x12
                  RenderText {#text} at (0,-6) size 8x24
                    text run at (0,-6) width 8: "1"
                RenderMathMLOperator {mo} at (8,3) size 12x10 [padding: 0 1 0 0]
                  RenderMathMLBlock (flex) {mo} at (0,0) size 11x10
                    RenderBlock (anonymous) at (0,0) size 11x10
                      RenderText {mo} at (0,-8) size 11x24
                        text run at (0,-8) width 11: "+"
                RenderBlock {mn} at (20,1) size 8x12
                  RenderText {#text} at (0,-6) size 8x24
                    text run at (0,-6) width 8: "2"
                RenderMathMLOperator {mo} at (28,3) size 12x10 [padding: 0 1 0 0]
                  RenderMathMLBlock (flex) {mo} at (0,0) size 11x10
                    RenderBlock (anonymous) at (0,0) size 11x10
                      RenderText {mo} at (0,-8) size 11x24
                        text run at (0,-8) width 11: "+"
                RenderBlock {mn} at (40,1) size 8x12
                  RenderText {#text} at (0,-6) size 8x24
                    text run at (0,-6) width 8: "3"
                RenderMathMLOperator {mo} at (48,3) size 12x10 [padding: 0 1 0 0]
                  RenderMathMLBlock (flex) {mo} at (0,0) size 11x10
                    RenderBlock (anonymous) at (0,0) size 11x10
                      RenderText {mo} at (0,-8) size 11x24
                        text run at (0,-8) width 11: "+"
                RenderBlock {mn} at (60,1) size 8x12
                  RenderText {#text} at (0,-6) size 8x24
                    text run at (0,-6) width 8: "4"
                RenderMathMLOperator {mo} at (68,3) size 12x10 [padding: 0 1 0 0]
                  RenderMathMLBlock (flex) {mo} at (0,0) size 11x10
                    RenderBlock (anonymous) at (0,0) size 11x10
                      RenderText {mo} at (0,-8) size 11x24
                        text run at (0,-8) width 11: "+"
                RenderBlock {mn} at (80,0) size 8x13
                  RenderText {#text} at (0,-5) size 8x24
                    text run at (0,-5) width 8: "5"
            RenderMathMLBlock (anonymous, flex) at (0,13) size 94x11 [padding: 2 3 0 3]
              RenderBlock {mi} at (3,2) size 7x9
                RenderText {#text} at (0,-9) size 7x24
                  text run at (0,-9) width 7: "x"
        RenderText {#text} at (249,4) size 4x18
          text run at (249,4) width 4: " "
        RenderMathMLMath {math} at (253,0) size 96x24 [padding: 0 1 0 1]
          RenderMathMLFraction {mfrac} at (1,0) size 94x24
            RenderMathMLBlock (anonymous, flex) at (0,0) size 94x13 [padding: 0 3 0 3]
              RenderMathMLRow {mrow} at (3,0) size 88x13
                RenderBlock {mn} at (0,1) size 8x12
                  RenderText {#text} at (0,-6) size 8x24
                    text run at (0,-6) width 8: "1"
                RenderMathMLOperator {mo} at (8,3) size 12x10 [padding: 0 1 0 0]
                  RenderMathMLBlock (flex) {mo} at (0,0) size 11x10
                    RenderBlock (anonymous) at (0,0) size 11x10
                      RenderText {mo} at (0,-8) size 11x24
                        text run at (0,-8) width 11: "+"
                RenderBlock {mn} at (20,1) size 8x12
                  RenderText {#text} at (0,-6) size 8x24
                    text run at (0,-6) width 8: "2"
                RenderMathMLOperator {mo} at (28,3) size 12x10 [padding: 0 1 0 0]
                  RenderMathMLBlock (flex) {mo} at (0,0) size 11x10
                    RenderBlock (anonymous) at (0,0) size 11x10
                      RenderText {mo} at (0,-8) size 11x24
                        text run at (0,-8) width 11: "+"
                RenderBlock {mn} at (40,1) size 8x12
                  RenderText {#text} at (0,-6) size 8x24
                    text run at (0,-6) width 8: "3"
                RenderMathMLOperator {mo} at (48,3) size 12x10 [padding: 0 1 0 0]
                  RenderMathMLBlock (flex) {mo} at (0,0) size 11x10
                    RenderBlock (anonymous) at (0,0) size 11x10
                      RenderText {mo} at (0,-8) size 11x24
                        text run at (0,-8) width 11: "+"
                RenderBlock {mn} at (60,1) size 8x12
                  RenderText {#text} at (0,-6) size 8x24
                    text run at (0,-6) width 8: "4"
                RenderMathMLOperator {mo} at (68,3) size 12x10 [padding: 0 1 0 0]
                  RenderMathMLBlock (flex) {mo} at (0,0) size 11x10
                    RenderBlock (anonymous) at (0,0) size 11x10
                      RenderText {mo} at (0,-8) size 11x24
                        text run at (0,-8) width 11: "+"
                RenderBlock {mn} at (80,0) size 8x13
                  RenderText {#text} at (0,-5) size 8x24
                    text run at (0,-5) width 8: "5"
            RenderMathMLBlock (anonymous, flex) at (0,13) size 94x11 [padding: 2 3 0 3]
              RenderBlock {mi} at (43,2) size 7x9
                RenderText {#text} at (0,-9) size 7x24
                  text run at (0,-9) width 7: "x"
        RenderText {#text} at (349,4) size 4x18
          text run at (349,4) width 4: " "
        RenderMathMLMath {math} at (353,0) size 96x24 [padding: 0 1 0 1]
          RenderMathMLFraction {mfrac} at (1,0) size 94x24
            RenderMathMLBlock (anonymous, flex) at (0,0) size 94x13 [padding: 0 3 0 3]
              RenderMathMLRow {mrow} at (3,0) size 88x13
                RenderBlock {mn} at (0,1) size 8x12
                  RenderText {#text} at (0,-6) size 8x24
                    text run at (0,-6) width 8: "1"
                RenderMathMLOperator {mo} at (8,3) size 12x10 [padding: 0 1 0 0]
                  RenderMathMLBlock (flex) {mo} at (0,0) size 11x10
                    RenderBlock (anonymous) at (0,0) size 11x10
                      RenderText {mo} at (0,-8) size 11x24
                        text run at (0,-8) width 11: "+"
                RenderBlock {mn} at (20,1) size 8x12
                  RenderText {#text} at (0,-6) size 8x24
                    text run at (0,-6) width 8: "2"
                RenderMathMLOperator {mo} at (28,3) size 12x10 [padding: 0 1 0 0]
                  RenderMathMLBlock (flex) {mo} at (0,0) size 11x10
                    RenderBlock (anonymous) at (0,0) size 11x10
                      RenderText {mo} at (0,-8) size 11x24
                        text run at (0,-8) width 11: "+"
                RenderBlock {mn} at (40,1) size 8x12
                  RenderText {#text} at (0,-6) size 8x24
                    text run at (0,-6) width 8: "3"
                RenderMathMLOperator {mo} at (48,3) size 12x10 [padding: 0 1 0 0]
                  RenderMathMLBlock (flex) {mo} at (0,0) size 11x10
                    RenderBlock (anonymous) at (0,0) size 11x10
                      RenderText {mo} at (0,-8) size 11x24
                        text run at (0,-8) width 11: "+"
                RenderBlock {mn} at (60,1) size 8x12
                  RenderText {#text} at (0,-6) size 8x24
                    text run at (0,-6) width 8: "4"
                RenderMathMLOperator {mo} at (68,3) size 12x10 [padding: 0 1 0 0]
                  RenderMathMLBlock (flex) {mo} at (0,0) size 11x10
                    RenderBlock (anonymous) at (0,0) size 11x10
                      RenderText {mo} at (0,-8) size 11x24
                        text run at (0,-8) width 11: "+"
                RenderBlock {mn} at (80,0) size 8x13
                  RenderText {#text} at (0,-5) size 8x24
                    text run at (0,-5) width 8: "5"
            RenderMathMLBlock (anonymous, flex) at (0,13) size 94x11 [padding: 2 3 0 3]
              RenderBlock {mi} at (84,2) size 7x9
                RenderText {#text} at (0,-9) size 7x24
                  text run at (0,-9) width 7: "x"
        RenderText {#text} at (0,0) size 0x0
