layer at (0,0) size 800x600
  RenderView at (0,0) size 800x600
layer at (0,0) size 800x375
  RenderBlock {html} at (0,0) size 800x375
    RenderBody {body} at (8,16) size 784x343
      RenderBlock {p} at (0,0) size 784x18
        RenderText {#text} at (0,0) size 60x18
          text run at (0,0) width 60: "operator: "
        RenderMathMLMath {math} at (60,4) size 15x14 [padding: 0 1 0 1]
          RenderMathMLOperator {mo} at (2,0) size 11x14
            RenderMathMLBlock (flex) {mo} at (0,0) size 11x14
              RenderBlock (anonymous) at (0,0) size 11x14
                RenderText {mo} at (0,-3) size 11x18
                  text run at (0,-3) width 11: "\x{2211}"
        RenderText {#text} at (75,0) size 72x18
          text run at (75,0) width 72: " , operator: "
        RenderMathMLMath {math} at (147,6) size 12x9 [padding: 0 1 0 1]
          RenderMathMLOperator {mo} at (2,0) size 8x9
            RenderMathMLBlock (flex) {mo} at (0,0) size 8x9
              RenderBlock (anonymous) at (0,0) size 8x9
                RenderText {mo} at (0,-5) size 8x18
                  text run at (0,-5) width 8: "B"
        RenderText {#text} at (159,0) size 114x18
          text run at (159,0) width 114: " , minus operator: "
        RenderMathMLMath {math} at (273,10) size 12x5 [padding: 0 1 0 1]
          RenderMathMLOperator {mo} at (2,0) size 8x5
            RenderMathMLBlock (flex) {mo} at (0,0) size 8x5
              RenderBlock (anonymous) at (0,0) size 8x5
                RenderText {mo} at (0,-9) size 8x18
                  text run at (0,-9) width 8: "\x{2212}"
        RenderText {#text} at (0,0) size 0x0
      RenderBlock {p} at (0,34) size 784x19
        RenderText {#text} at (0,0) size 60x18
          text run at (0,0) width 60: "operator: "
        RenderMathMLMath {math} at (60,1) size 19x18 [padding: 0 1 0 1]
          RenderMathMLOperator {mo} at (2,0) size 15x18
            RenderMathMLBlock (flex) {mo} at (0,0) size 15x18
              RenderBlock (anonymous) at (0,0) size 15x18
                RenderText {mo} at (0,-4) size 15x24
                  text run at (0,-4) width 15: "\x{2211}"
        RenderText {#text} at (79,0) size 72x18
          text run at (79,0) width 72: " , operator: "
        RenderMathMLMath {math} at (151,3) size 15x12 [padding: 0 1 0 1]
          RenderMathMLOperator {mo} at (2,0) size 11x12
            RenderMathMLBlock (flex) {mo} at (0,0) size 11x12
              RenderBlock (anonymous) at (0,0) size 11x12
                RenderText {mo} at (0,-6) size 11x24
                  text run at (0,-6) width 11: "B"
        RenderText {#text} at (166,0) size 114x18
          text run at (166,0) width 114: " , minus operator: "
        RenderMathMLMath {math} at (280,9) size 15x6 [padding: 0 1 0 1]
          RenderMathMLOperator {mo} at (2,0) size 11x6
            RenderMathMLBlock (flex) {mo} at (0,0) size 11x6
              RenderBlock (anonymous) at (0,0) size 11x6
                RenderText {mo} at (0,-12) size 11x24
                  text run at (0,-12) width 11: "\x{2212}"
        RenderText {#text} at (0,0) size 0x0
      RenderBlock {p} at (0,69) size 784x26
        RenderText {#text} at (0,5) size 60x18
          text run at (0,5) width 60: "operator: "
        RenderMathMLMath {math} at (60,0) size 28x26 [padding: 0 1 0 1]
          RenderMathMLOperator {mo} at (3,0) size 22x26
            RenderMathMLBlock (flex) {mo} at (0,0) size 22x26
              RenderBlock (anonymous) at (0,0) size 22x26
                RenderText {mo} at (0,-6) size 22x36
                  text run at (0,-6) width 22: "\x{2211}"
        RenderText {#text} at (88,5) size 72x18
          text run at (88,5) width 72: " , operator: "
        RenderMathMLMath {math} at (160,3) size 22x17 [padding: 0 1 0 1]
          RenderMathMLOperator {mo} at (3,0) size 16x17
            RenderMathMLBlock (flex) {mo} at (0,0) size 16x17
              RenderBlock (anonymous) at (0,0) size 16x17
                RenderText {mo} at (0,-9) size 16x36
                  text run at (0,-9) width 16: "B"
        RenderText {#text} at (182,5) size 114x18
          text run at (182,5) width 114: " , minus operator: "
        RenderMathMLMath {math} at (296,12) size 22x8 [padding: 0 1 0 1]
          RenderMathMLOperator {mo} at (3,0) size 16x8
            RenderMathMLBlock (flex) {mo} at (0,0) size 16x8
              RenderBlock (anonymous) at (0,0) size 16x8
                RenderText {mo} at (0,-18) size 16x36
                  text run at (0,-18) width 16: "\x{2212}"
        RenderText {#text} at (0,0) size 0x0
      RenderBlock {p} at (0,111) size 784x26
        RenderText {#text} at (0,5) size 60x18
          text run at (0,5) width 60: "operator: "
        RenderMathMLMath {math} at (60,0) size 62x26 [padding: 0 1 0 1]
          RenderMathMLOperator {mo} at (2,9) size 11x14
            RenderMathMLBlock (flex) {mo} at (0,0) size 11x14
              RenderBlock (anonymous) at (0,0) size 11x14
                RenderText {mo} at (0,-3) size 11x18
                  text run at (0,-3) width 11: "\x{2211}"
          RenderMathMLOperator {mo} at (17,6) size 15x18
            RenderMathMLBlock (flex) {mo} at (0,0) size 15x18
              RenderBlock (anonymous) at (0,0) size 15x18
                RenderText {mo} at (0,-4) size 15x24
                  text run at (0,-4) width 15: "\x{2211}"
          RenderMathMLOperator {mo} at (37,0) size 22x26
            RenderMathMLBlock (flex) {mo} at (0,0) size 22x26
              RenderBlock (anonymous) at (0,0) size 22x26
                RenderText {mo} at (0,-6) size 22x36
                  text run at (0,-6) width 22: "\x{2211}"
        RenderText {#text} at (122,5) size 72x18
          text run at (122,5) width 72: " , operator: "
        RenderMathMLMath {math} at (194,3) size 49x17 [padding: 0 1 0 1]
          RenderMathMLOperator {mo} at (2,8) size 8x9
            RenderMathMLBlock (flex) {mo} at (0,0) size 8x9
              RenderBlock (anonymous) at (0,0) size 8x9
                RenderText {mo} at (0,-5) size 8x18
                  text run at (0,-5) width 8: "B"
          RenderMathMLOperator {mo} at (14,5) size 11x12
            RenderMathMLBlock (flex) {mo} at (0,0) size 11x12
              RenderBlock (anonymous) at (0,0) size 11x12
                RenderText {mo} at (0,-6) size 11x24
                  text run at (0,-6) width 11: "B"
          RenderMathMLOperator {mo} at (30,0) size 16x17
            RenderMathMLBlock (flex) {mo} at (0,0) size 16x17
              RenderBlock (anonymous) at (0,0) size 16x17
                RenderText {mo} at (0,-9) size 16x36
                  text run at (0,-9) width 16: "B"
        RenderText {#text} at (243,5) size 114x18
          text run at (243,5) width 114: " , minus operator: "
        RenderMathMLMath {math} at (357,12) size 49x8 [padding: 0 1 0 1]
          RenderMathMLOperator {mo} at (2,3) size 8x5
            RenderMathMLBlock (flex) {mo} at (0,0) size 8x5
              RenderBlock (anonymous) at (0,0) size 8x5
                RenderText {mo} at (0,-9) size 8x18
                  text run at (0,-9) width 8: "\x{2212}"
          RenderMathMLOperator {mo} at (14,2) size 11x6
            RenderMathMLBlock (flex) {mo} at (0,0) size 11x6
              RenderBlock (anonymous) at (0,0) size 11x6
                RenderText {mo} at (0,-12) size 11x24
                  text run at (0,-12) width 11: "\x{2212}"
          RenderMathMLOperator {mo} at (30,0) size 16x8
            RenderMathMLBlock (flex) {mo} at (0,0) size 16x8
              RenderBlock (anonymous) at (0,0) size 16x8
                RenderText {mo} at (0,-18) size 16x36
                  text run at (0,-18) width 16: "\x{2212}"
        RenderText {#text} at (0,0) size 0x0
      RenderBlock {p} at (0,153) size 784x62
        RenderText {#text} at (0,22) size 60x18
          text run at (0,22) width 60: "operator: "
        RenderMathMLMath {math} at (60,0) size 141x62 [padding: 0 1 0 1]
          RenderMathMLOperator {mo} at (2,0) size 10x62
          RenderMathMLOperator {mo} at (16,0) size 11x62
          RenderMathMLOperator {mo} at (33,0) size 10x62
          RenderMathMLOperator {mo} at (49,0) size 7x62
          RenderBlock {mtext} at (59,0) size 56x52
            RenderBlock {div} at (2,0) size 52x52 [border: (1px solid #000000)]
            RenderText {#text} at (0,0) size 0x0
          RenderMathMLOperator {mo} at (118,0) size 7x62
          RenderMathMLOperator {mo} at (129,0) size 10x62
        RenderText {#text} at (0,0) size 0x0
      RenderBlock {p} at (0,231) size 784x112
        RenderMathMLMath {math} at (0,0) size 110x112 [padding: 0 1 0 1]
          RenderMathMLOperator {mo} at (5,0) size 31x112
          RenderMathMLFraction {mfrac} at (41,1) size 28x94
            RenderMathMLBlock (anonymous, flex) at (0,0) size 28x52
              RenderBlock {mi} at (5,0) size 17x43
                RenderText {#text} at (0,-18) size 13x73
                  text run at (0,-18) width 13: "f"
            RenderMathMLBlock (anonymous, flex) at (0,52) size 28x42 [padding: 1 0 0 0]
              RenderBlock {mi} at (0,10) size 28x32
                RenderText {#text} at (0,-29) size 24x73
                  text run at (0,-29) width 24: "g"
          RenderMathMLOperator {mo} at (74,0) size 31x112
        RenderText {#text} at (0,0) size 0x0
layer at (70,169) size 10x16 scrollHeight 19
  RenderMathMLBlock (flex) {mo} at (0,0) size 10x16
    RenderBlock (anonymous) at (0,0) size 10x16
      RenderText {mo} at (0,-5) size 10x24
        text run at (0,-5) width 10: "\x{23AA}"
layer at (70,185) size 10x15 scrollHeight 19
  RenderMathMLBlock (flex) {mo} at (0,16) size 10x15
    RenderBlock (anonymous) at (0,0) size 10x15
layer at (70,200) size 10x15 scrollHeight 19
  RenderMathMLBlock (flex) {mo} at (0,31) size 10x15
    RenderBlock (anonymous) at (0,0) size 10x15
layer at (70,215) size 10x16 scrollHeight 19
  RenderMathMLBlock (flex) {mo} at (0,46) size 10x16
    RenderBlock (anonymous) at (0,0) size 10x16
layer at (84,169) size 11x18 scrollHeight 25
  RenderMathMLBlock (flex) {mo} at (0,0) size 11x18
    RenderBlock (anonymous) at (0,0) size 11x18
      RenderText {mo} at (0,1) size 11x24
        text run at (0,1) width 11: "\x{2320}"
layer at (84,187) size 11x9 scrollHeight 17
  RenderMathMLBlock (flex) {mo} at (0,18) size 11x9
    RenderBlock (anonymous) at (0,0) size 11x9
layer at (84,196) size 11x9 scrollHeight 17
  RenderMathMLBlock (flex) {mo} at (0,27) size 11x9
    RenderBlock (anonymous) at (0,0) size 11x9
layer at (84,205) size 11x8 scrollHeight 17
  RenderMathMLBlock (flex) {mo} at (0,36) size 11x8
    RenderBlock (anonymous) at (0,0) size 11x8
layer at (84,213) size 11x18 scrollHeight 25
  RenderMathMLBlock (flex) {mo} at (0,44) size 11x18
    RenderBlock (anonymous) at (0,0) size 11x18
layer at (101,169) size 10x16 scrollHeight 19
  RenderMathMLBlock (flex) {mo} at (0,0) size 10x16
    RenderBlock (anonymous) at (0,0) size 10x16
      RenderText {mo} at (0,-5) size 10x24
        text run at (0,-5) width 10: "\x{23A7}"
layer at (101,185) size 10x7 scrollHeight 19
  RenderMathMLBlock (flex) {mo} at (0,16) size 10x7
    RenderBlock (anonymous) at (0,0) size 10x7
layer at (101,192) size 10x15 scrollHeight 19
  RenderMathMLBlock (flex) {mo} at (0,23) size 10x15
    RenderBlock (anonymous) at (0,0) size 10x15
layer at (101,207) size 10x8 scrollHeight 19
  RenderMathMLBlock (flex) {mo} at (0,38) size 10x8
    RenderBlock (anonymous) at (0,0) size 10x8
layer at (101,215) size 10x16 scrollHeight 19
  RenderMathMLBlock (flex) {mo} at (0,46) size 10x16
    RenderBlock (anonymous) at (0,0) size 10x16
layer at (117,169) size 7x16 scrollHeight 18
  RenderMathMLBlock (flex) {mo} at (0,0) size 7x16
    RenderBlock (anonymous) at (0,0) size 7x16
      RenderText {mo} at (0,-6) size 7x24
        text run at (0,-6) width 7: "\x{23A1}"
layer at (117,185) size 7x15 scrollHeight 18
  RenderMathMLBlock (flex) {mo} at (0,16) size 7x15
    RenderBlock (anonymous) at (0,0) size 7x15
layer at (117,200) size 7x15 scrollHeight 18
  RenderMathMLBlock (flex) {mo} at (0,31) size 7x15
    RenderBlock (anonymous) at (0,0) size 7x15
layer at (117,215) size 7x16 scrollHeight 18
  RenderMathMLBlock (flex) {mo} at (0,46) size 7x16
    RenderBlock (anonymous) at (0,0) size 7x16
layer at (186,169) size 7x16 scrollHeight 18
  RenderMathMLBlock (flex) {mo} at (0,0) size 7x16
    RenderBlock (anonymous) at (0,0) size 7x16
      RenderText {mo} at (0,-6) size 7x24
        text run at (0,-6) width 7: "\x{23A4}"
layer at (186,185) size 7x15 scrollHeight 18
  RenderMathMLBlock (flex) {mo} at (0,16) size 7x15
    RenderBlock (anonymous) at (0,0) size 7x15
layer at (186,200) size 7x15 scrollHeight 18
  RenderMathMLBlock (flex) {mo} at (0,31) size 7x15
    RenderBlock (anonymous) at (0,0) size 7x15
layer at (186,215) size 7x16 scrollHeight 18
  RenderMathMLBlock (flex) {mo} at (0,46) size 7x16
    RenderBlock (anonymous) at (0,0) size 7x16
layer at (197,169) size 10x16 scrollHeight 19
  RenderMathMLBlock (flex) {mo} at (0,0) size 10x16
    RenderBlock (anonymous) at (0,0) size 10x16
      RenderText {mo} at (0,-5) size 10x24
        text run at (0,-5) width 10: "\x{23AB}"
layer at (197,185) size 10x7 scrollHeight 19
  RenderMathMLBlock (flex) {mo} at (0,16) size 10x7
    RenderBlock (anonymous) at (0,0) size 10x7
layer at (197,192) size 10x15 scrollHeight 19
  RenderMathMLBlock (flex) {mo} at (0,23) size 10x15
    RenderBlock (anonymous) at (0,0) size 10x15
layer at (197,207) size 10x8 scrollHeight 19
  RenderMathMLBlock (flex) {mo} at (0,38) size 10x8
    RenderBlock (anonymous) at (0,0) size 10x8
layer at (197,215) size 10x16 scrollHeight 19
  RenderMathMLBlock (flex) {mo} at (0,46) size 10x16
    RenderBlock (anonymous) at (0,0) size 10x16
layer at (13,247) size 31x48 scrollHeight 56
  RenderMathMLBlock (flex) {mo} at (0,0) size 31x48
    RenderBlock (anonymous) at (0,0) size 31x48
      RenderText {mo} at (0,-17) size 31x73
        text run at (0,-17) width 31: "\x{23AA}"
layer at (13,295) size 31x16 scrollHeight 56
  RenderMathMLBlock (flex) {mo} at (0,48) size 31x16
    RenderBlock (anonymous) at (0,0) size 31x16
layer at (13,311) size 31x48 scrollHeight 56
  RenderMathMLBlock (flex) {mo} at (0,64) size 31x48
    RenderBlock (anonymous) at (0,0) size 31x48
layer at (82,247) size 31x48 scrollHeight 56
  RenderMathMLBlock (flex) {mo} at (0,0) size 31x48
    RenderBlock (anonymous) at (0,0) size 31x48
      RenderText {mo} at (0,-17) size 31x73
        text run at (0,-17) width 31: "\x{23AA}"
layer at (82,295) size 31x16 scrollHeight 56
  RenderMathMLBlock (flex) {mo} at (0,48) size 31x16
    RenderBlock (anonymous) at (0,0) size 31x16
layer at (82,311) size 31x48 scrollHeight 56
  RenderMathMLBlock (flex) {mo} at (0,64) size 31x48
    RenderBlock (anonymous) at (0,0) size 31x48
layer at (70,184) size 10x17 backgroundClip at (70,185) size 10x15 clip at (70,185) size 10x15 outlineClip at (70,185) size 10x15
  RenderBlock (relative positioned) {mo} at (0,0) size 10x17
    RenderText {mo} at (0,-5) size 10x24
      text run at (0,-5) width 10: "\x{23AA}"
layer at (70,199) size 10x17 backgroundClip at (70,200) size 10x15 clip at (70,200) size 10x15 outlineClip at (70,200) size 10x15
  RenderBlock (relative positioned) {mo} at (0,0) size 10x17
    RenderText {mo} at (0,-5) size 10x24
      text run at (0,-5) width 10: "\x{23AA}"
layer at (70,214) size 10x17 backgroundClip at (70,215) size 10x16 clip at (70,215) size 10x16 outlineClip at (70,215) size 10x16
  RenderBlock (relative positioned) {mo} at (0,0) size 10x17
    RenderText {mo} at (0,-5) size 10x24
      text run at (0,-5) width 10: "\x{23AA}"
layer at (84,186) size 11x11 backgroundClip at (84,187) size 11x9 clip at (84,187) size 11x9 outlineClip at (84,187) size 11x9
  RenderBlock (relative positioned) {mo} at (0,0) size 11x11
    RenderText {mo} at (0,-7) size 11x24
      text run at (0,-7) width 11: "\x{23AE}"
layer at (84,195) size 11x11 backgroundClip at (84,196) size 11x9 clip at (84,196) size 11x9 outlineClip at (84,196) size 11x9
  RenderBlock (relative positioned) {mo} at (0,0) size 11x11
    RenderText {mo} at (0,-7) size 11x24
      text run at (0,-7) width 11: "\x{23AE}"
layer at (84,204) size 11x11 backgroundClip at (84,205) size 11x8 clip at (84,205) size 11x8 outlineClip at (84,205) size 11x8
  RenderBlock (relative positioned) {mo} at (0,0) size 11x11
    RenderText {mo} at (0,-7) size 11x24
      text run at (0,-7) width 11: "\x{23AE}"
layer at (84,212) size 11x19 backgroundClip at (84,213) size 11x18 clip at (84,213) size 11x18 outlineClip at (84,213) size 11x18
  RenderBlock (relative positioned) {mo} at (0,0) size 11x19
    RenderText {mo} at (0,1) size 11x24
      text run at (0,1) width 11: "\x{2321}"
layer at (101,184) size 10x17 backgroundClip at (101,185) size 10x7 clip at (101,185) size 10x7 outlineClip at (101,185) size 10x7
  RenderBlock (relative positioned) {mo} at (0,0) size 10x17
    RenderText {mo} at (0,-5) size 10x24
      text run at (0,-5) width 10: "\x{23AA}"
layer at (101,191) size 10x17 backgroundClip at (101,192) size 10x15 clip at (101,192) size 10x15 outlineClip at (101,192) size 10x15
  RenderBlock (relative positioned) {mo} at (0,0) size 10x17
    RenderText {mo} at (0,-5) size 10x24
      text run at (0,-5) width 10: "\x{23A8}"
layer at (101,206) size 10x17 backgroundClip at (101,207) size 10x8 clip at (101,207) size 10x8 outlineClip at (101,207) size 10x8
  RenderBlock (relative positioned) {mo} at (0,0) size 10x17
    RenderText {mo} at (0,-5) size 10x24
      text run at (0,-5) width 10: "\x{23AA}"
layer at (101,214) size 10x17 backgroundClip at (101,215) size 10x16 clip at (101,215) size 10x16 outlineClip at (101,215) size 10x16
  RenderBlock (relative positioned) {mo} at (0,0) size 10x17
    RenderText {mo} at (0,-5) size 10x24
      text run at (0,-5) width 10: "\x{23A9}"
layer at (117,184) size 7x17 backgroundClip at (117,185) size 7x15 clip at (117,185) size 7x15 outlineClip at (117,185) size 7x15
  RenderBlock (relative positioned) {mo} at (0,0) size 7x17
    RenderText {mo} at (0,-6) size 7x24
      text run at (0,-6) width 7: "\x{23A2}"
layer at (117,199) size 7x17 backgroundClip at (117,200) size 7x15 clip at (117,200) size 7x15 outlineClip at (117,200) size 7x15
  RenderBlock (relative positioned) {mo} at (0,0) size 7x17
    RenderText {mo} at (0,-6) size 7x24
      text run at (0,-6) width 7: "\x{23A2}"
layer at (117,214) size 7x17 backgroundClip at (117,215) size 7x16 clip at (117,215) size 7x16 outlineClip at (117,215) size 7x16
  RenderBlock (relative positioned) {mo} at (0,0) size 7x17
    RenderText {mo} at (0,-6) size 7x24
      text run at (0,-6) width 7: "\x{23A3}"
layer at (186,184) size 7x17 backgroundClip at (186,185) size 7x15 clip at (186,185) size 7x15 outlineClip at (186,185) size 7x15
  RenderBlock (relative positioned) {mo} at (0,0) size 7x17
    RenderText {mo} at (0,-6) size 7x24
      text run at (0,-6) width 7: "\x{23A5}"
layer at (186,199) size 7x17 backgroundClip at (186,200) size 7x15 clip at (186,200) size 7x15 outlineClip at (186,200) size 7x15
  RenderBlock (relative positioned) {mo} at (0,0) size 7x17
    RenderText {mo} at (0,-6) size 7x24
      text run at (0,-6) width 7: "\x{23A5}"
layer at (186,214) size 7x17 backgroundClip at (186,215) size 7x16 clip at (186,215) size 7x16 outlineClip at (186,215) size 7x16
  RenderBlock (relative positioned) {mo} at (0,0) size 7x17
    RenderText {mo} at (0,-6) size 7x24
      text run at (0,-6) width 7: "\x{23A6}"
layer at (197,184) size 10x17 backgroundClip at (197,185) size 10x7 clip at (197,185) size 10x7 outlineClip at (197,185) size 10x7
  RenderBlock (relative positioned) {mo} at (0,0) size 10x17
    RenderText {mo} at (0,-5) size 10x24
      text run at (0,-5) width 10: "\x{23AA}"
layer at (197,191) size 10x17 backgroundClip at (197,192) size 10x15 clip at (197,192) size 10x15 outlineClip at (197,192) size 10x15
  RenderBlock (relative positioned) {mo} at (0,0) size 10x17
    RenderText {mo} at (0,-5) size 10x24
      text run at (0,-5) width 10: "\x{23AC}"
layer at (197,206) size 10x17 backgroundClip at (197,207) size 10x8 clip at (197,207) size 10x8 outlineClip at (197,207) size 10x8
  RenderBlock (relative positioned) {mo} at (0,0) size 10x17
    RenderText {mo} at (0,-5) size 10x24
      text run at (0,-5) width 10: "\x{23AA}"
layer at (197,214) size 10x17 backgroundClip at (197,215) size 10x16 clip at (197,215) size 10x16 outlineClip at (197,215) size 10x16
  RenderBlock (relative positioned) {mo} at (0,0) size 10x17
    RenderText {mo} at (0,-5) size 10x24
      text run at (0,-5) width 10: "\x{23AD}"
layer at (13,294) size 31x49 backgroundClip at (13,295) size 31x16 clip at (13,295) size 31x16 outlineClip at (13,295) size 31x16
  RenderBlock (relative positioned) {mo} at (0,0) size 31x49
    RenderText {mo} at (0,-17) size 31x73
      text run at (0,-17) width 31: "\x{23AA}"
layer at (13,310) size 31x49 backgroundClip at (13,311) size 31x48 clip at (13,311) size 31x48 outlineClip at (13,311) size 31x48
  RenderBlock (relative positioned) {mo} at (0,0) size 31x49
    RenderText {mo} at (0,-17) size 31x73
      text run at (0,-17) width 31: "\x{23AA}"
layer at (82,294) size 31x49 backgroundClip at (82,295) size 31x16 clip at (82,295) size 31x16 outlineClip at (82,295) size 31x16
  RenderBlock (relative positioned) {mo} at (0,0) size 31x49
    RenderText {mo} at (0,-17) size 31x73
      text run at (0,-17) width 31: "\x{23AA}"
layer at (82,310) size 31x49 backgroundClip at (82,311) size 31x48 clip at (82,311) size 31x48 outlineClip at (82,311) size 31x48
  RenderBlock (relative positioned) {mo} at (0,0) size 31x49
    RenderText {mo} at (0,-17) size 31x73
      text run at (0,-17) width 31: "\x{23AA}"
