layer at (0,0) size 800x600
  RenderView at (0,0) size 800x600
layer at (0,0) size 800x206
  RenderBlock {HTML} at (0,0) size 800x206
    RenderBody {BODY} at (8,8) size 784x182
      RenderMathMLMath {math} at (0,0) size 784x85
        RenderMathMLRow {mrow} at (308,0) size 168x85
          RenderMathMLRow {mrow} at (0,0) size 120x85
            RenderMathMLRow {mrow} at (0,0) size 55x85
              RenderInline {mi} at (0,0) size 5x16
                RenderText {#text} at (0,38) size 5x16
                  text run at (0,38) width 5: "f"
              RenderMathMLRow {mrow} at (6,0) size 49x85
                RenderMathMLOperator {mo} at (0,0) size 6x85
                RenderMathMLFraction {mfrac} at (6,10) size 37x70
                  RenderMathMLBlock {mfrac} at (0,0) size 37x34
                    RenderMathMLRow {mrow} at (3,0) size 31x34
                      RenderMathMLFraction {mfrac} at (0,0) size 14x34
                        RenderMathMLBlock {mfrac} at (0,0) size 14x16
                          RenderInline {mi} at (0,0) size 8x16
                            RenderText {#text} at (3,0) size 8x16
                              text run at (3,0) width 8: "a"
                        RenderMathMLBlock {mfrac} at (0,16) size 14x18
                          RenderInline {mi} at (0,0) size 8x16
                            RenderText {#text} at (3,2) size 8x16
                              text run at (3,2) width 8: "b"
                      RenderMathMLOperator {mo} at (14,10) size 10x16
                        RenderMathMLBlock {mo} at (0,0) size 9x16
                          RenderText {mo} at (0,0) size 9x16
                            text run at (0,0) width 9: "+"
                      RenderInline {mi} at (0,0) size 7x16
                        RenderText {#text} at (24,10) size 7x16
                          text run at (24,10) width 7: "c"
                  RenderMathMLBlock {mfrac} at (0,34) size 37x36
                    RenderMathMLRow {mrow} at (3,2) size 31x34
                      RenderMathMLFraction {mfrac} at (0,0) size 14x34
                        RenderMathMLBlock {mfrac} at (0,0) size 14x16
                          RenderInline {mi} at (0,0) size 8x16
                            RenderText {#text} at (3,0) size 8x16
                              text run at (3,0) width 8: "c"
                        RenderMathMLBlock {mfrac} at (0,16) size 14x18
                          RenderInline {mi} at (0,0) size 8x16
                            RenderText {#text} at (3,2) size 8x16
                              text run at (3,2) width 8: "d"
                      RenderMathMLOperator {mo} at (14,10) size 10x16
                        RenderMathMLBlock {mo} at (0,0) size 9x16
                          RenderText {mo} at (0,0) size 9x16
                            text run at (0,0) width 9: "+"
                      RenderInline {mi} at (0,0) size 7x16
                        RenderText {#text} at (24,10) size 7x16
                          text run at (24,10) width 7: "e"
                RenderMathMLOperator {mo} at (43,0) size 6x85
            RenderMathMLOperator {mo} at (55,38) size 10x16
              RenderMathMLBlock {mo} at (0,0) size 9x16
                RenderText {mo} at (0,0) size 9x16
                  text run at (0,0) width 9: "+"
            RenderMathMLRow {mrow} at (65,13) size 55x63
              RenderInline {mi} at (0,0) size 9x16
                RenderText {#text} at (0,25) size 9x16
                  text run at (0,25) width 9: "g"
              RenderMathMLRow {mrow} at (10,0) size 45x63
                RenderMathMLOperator {mo} at (0,0) size 6x63
                RenderMathMLSubSup {msubsup} at (6,7) size 33x52
                  RenderMathMLBlock {msubsup} at (0,0) size 7x34
                    RenderInline {mi} at (0,0) size 7x16
                      RenderText {#text} at (0,18) size 7x16
                        text run at (0,18) width 7: "x"
                  RenderMathMLBlock {msubsup} at (8,0) size 25x52
                    RenderMathMLBlock {msubsup} at (0,0) size 25x26
                      RenderMathMLRow {mrow} at (0,0) size 23x26
                        RenderMathMLFraction {mfrac} at (0,0) size 10x26
                          RenderMathMLBlock {mfrac} at (0,0) size 10x12
                            RenderInline {mi} at (0,0) size 6x12
                              RenderText {#text} at (2,0) size 6x12
                                text run at (2,0) width 6: "a"
                          RenderMathMLBlock {mfrac} at (0,12) size 10x14
                            RenderInline {mi} at (0,0) size 6x12
                              RenderText {#text} at (2,2) size 6x12
                                text run at (2,2) width 6: "b"
                        RenderMathMLOperator {mo} at (10,8) size 8x12
                          RenderMathMLBlock {mo} at (0,0) size 7x12
                            RenderText {mo} at (0,0) size 7x12
                              text run at (0,0) width 7: "+"
                        RenderInline {mi} at (0,0) size 5x12
                          RenderText {#text} at (18,8) size 5x12
                            text run at (18,8) width 5: "c"
                    RenderMathMLBlock {msubsup} at (0,26) size 25x26
                      RenderMathMLRow {mrow} at (1,0) size 23x26
                        RenderMathMLFraction {mfrac} at (0,0) size 10x26
                          RenderMathMLBlock {mfrac} at (0,0) size 10x12
                            RenderInline {mi} at (0,0) size 6x12
                              RenderText {#text} at (2,0) size 6x12
                                text run at (2,0) width 6: "c"
                          RenderMathMLBlock {mfrac} at (0,12) size 10x14
                            RenderInline {mi} at (0,0) size 6x12
                              RenderText {#text} at (2,2) size 6x12
                                text run at (2,2) width 6: "d"
                        RenderMathMLOperator {mo} at (10,8) size 8x12
                          RenderMathMLBlock {mo} at (0,0) size 7x12
                            RenderText {mo} at (0,0) size 7x12
                              text run at (0,0) width 7: "+"
                        RenderInline {mi} at (0,0) size 5x12
                          RenderText {#text} at (18,8) size 5x12
                            text run at (18,8) width 5: "e"
                RenderMathMLOperator {mo} at (39,0) size 6x63
          RenderMathMLOperator {mo} at (120,38) size 10x16
            RenderMathMLBlock {mo} at (0,0) size 9x16
              RenderText {mo} at (0,0) size 9x16
                text run at (0,0) width 9: "+"
          RenderMathMLRow {mrow} at (130,19) size 38x53
            RenderMathMLSubSup {msubsup} at (0,0) size 17x53
              RenderMathMLBlock {msubsup} at (0,0) size 10x53
                RenderMathMLOperator {mo} at (0,0) size 10x53
              RenderMathMLBlock {msubsup} at (11,0) size 6x53
                RenderMathMLBlock {msubsup} at (0,0) size 6x41
                  RenderInline {mi} at (0,0) size 6x12
                    RenderText {#text} at (0,0) size 6x12
                      text run at (0,0) width 6: "b"
                RenderMathMLBlock {msubsup} at (0,41) size 6x12
                  RenderInline {mi} at (0,0) size 6x12
                    RenderText {#text} at (0,0) size 6x12
                      text run at (0,0) width 6: "a"
            RenderMathMLRow {mrow} at (17,7) size 21x44
              RenderMathMLUnderOver {munderover} at (0,0) size 17x44
                RenderBlock (anonymous) at (0,0) size 17x16
                  RenderInline {mi} at (0,0) size 7x12
                    RenderText {#text} at (5,3) size 7x12
                      text run at (5,3) width 7: "n"
                RenderBlock (anonymous) at (0,12) size 17x16
                  RenderMathMLOperator {mo} at (3,0) size 11x16
                    RenderMathMLBlock {mo} at (0,0) size 11x16
                      RenderText {mo} at (0,0) size 11x16
                        text run at (0,0) width 11: "\x{2211}"
                RenderBlock (anonymous) at (0,28) size 17x16
                  RenderMathMLRow {mrow} at (0,3) size 17x12
                    RenderInline {mi} at (0,0) size 3x12
                      RenderText {#text} at (0,0) size 3x12
                        text run at (0,0) width 3: "i"
                    RenderMathMLOperator {mo} at (3,0) size 8x12
                      RenderMathMLBlock {mo} at (0,0) size 7x12
                        RenderText {mo} at (0,0) size 7x12
                          text run at (0,0) width 7: "="
                    RenderInline {mn} at (0,0) size 6x12
                      RenderText {#text} at (11,0) size 6x12
                        text run at (11,0) width 6: "0"
              RenderInline {mi} at (0,0) size 4x16
                RenderText {#text} at (17,12) size 4x16
                  text run at (17,12) width 4: "i"
      RenderBlock {P} at (0,101) size 784x18
        RenderText {#text} at (0,0) size 52x18
          text run at (0,0) width 52: "Implied "
        RenderInline {CODE} at (0,0) size 32x15
          RenderText {#text} at (52,2) size 32x15
            text run at (52,2) width 32: "mrow"
        RenderText {#text} at (84,0) size 157x18
          text run at (84,0) width 157: " with operator stretching:"
      RenderMathMLMath {math} at (0,135) size 784x47
        RenderMathMLSquareRoot {msqrt} at (372,0) size 40x47
          RenderMathMLRow (anonymous) at (12,3) size 28x41
            RenderInline {mi} at (0,0) size 4x16
              RenderText {#text} at (0,12) size 4x16
                text run at (0,12) width 4: "f"
            RenderMathMLOperator {mo} at (4,0) size 5x41
            RenderMathMLFraction {mfrac} at (9,2) size 14x34
              RenderMathMLBlock {mfrac} at (0,0) size 14x16
                RenderInline {mn} at (0,0) size 8x16
                  RenderText {#text} at (3,0) size 8x16
                    text run at (3,0) width 8: "1"
              RenderMathMLBlock {mfrac} at (0,16) size 14x18
                RenderInline {mi} at (0,0) size 8x16
                  RenderText {#text} at (3,2) size 8x16
                    text run at (3,2) width 8: "y"
            RenderMathMLOperator {mo} at (23,0) size 5x41
layer at (322,8) size 5x10 scrollHeight 14
  RenderMathMLBlock {mo} at (0,0) size 5x10
layer at (322,18) size 5x10 scrollHeight 13
  RenderMathMLBlock {mo} at (0,10) size 5x10
    RenderText {mo} at (0,-1) size 5x14
      text run at (0,-1) width 5: "\x{239C}"
layer at (322,28) size 5x10 scrollHeight 13
  RenderMathMLBlock {mo} at (0,20) size 5x10
    RenderText {mo} at (0,-1) size 5x14
      text run at (0,-1) width 5: "\x{239C}"
layer at (322,38) size 5x10 scrollHeight 13
  RenderMathMLBlock {mo} at (0,30) size 5x10
    RenderText {mo} at (0,-1) size 5x14
      text run at (0,-1) width 5: "\x{239C}"
layer at (322,48) size 5x10 scrollHeight 13
  RenderMathMLBlock {mo} at (0,40) size 5x10
    RenderText {mo} at (0,-1) size 5x14
      text run at (0,-1) width 5: "\x{239C}"
layer at (322,58) size 5x10 scrollHeight 13
  RenderMathMLBlock {mo} at (0,50) size 5x10
    RenderText {mo} at (0,-1) size 5x14
      text run at (0,-1) width 5: "\x{239C}"
layer at (322,68) size 5x10 scrollHeight 13
  RenderMathMLBlock {mo} at (0,60) size 5x10
    RenderText {mo} at (0,-1) size 5x14
      text run at (0,-1) width 5: "\x{239C}"
layer at (322,78) size 5x4 scrollHeight 13
  RenderMathMLBlock {mo} at (0,70) size 5x4
    RenderText {mo} at (0,-1) size 5x14
      text run at (0,-1) width 5: "\x{239C}"
layer at (322,82) size 5x11 scrollHeight 13
  RenderMathMLBlock {mo} at (0,74) size 5x11
layer at (365,8) size 5x10 scrollHeight 14
  RenderMathMLBlock {mo} at (0,0) size 5x10
layer at (365,18) size 5x10 scrollHeight 13
  RenderMathMLBlock {mo} at (0,10) size 5x10
    RenderText {mo} at (0,-1) size 5x14
      text run at (0,-1) width 5: "\x{239F}"
layer at (365,28) size 5x10 scrollHeight 13
  RenderMathMLBlock {mo} at (0,20) size 5x10
    RenderText {mo} at (0,-1) size 5x14
      text run at (0,-1) width 5: "\x{239F}"
layer at (365,38) size 5x10 scrollHeight 13
  RenderMathMLBlock {mo} at (0,30) size 5x10
    RenderText {mo} at (0,-1) size 5x14
      text run at (0,-1) width 5: "\x{239F}"
layer at (365,48) size 5x10 scrollHeight 13
  RenderMathMLBlock {mo} at (0,40) size 5x10
    RenderText {mo} at (0,-1) size 5x14
      text run at (0,-1) width 5: "\x{239F}"
layer at (365,58) size 5x10 scrollHeight 13
  RenderMathMLBlock {mo} at (0,50) size 5x10
    RenderText {mo} at (0,-1) size 5x14
      text run at (0,-1) width 5: "\x{239F}"
layer at (365,68) size 5x10 scrollHeight 13
  RenderMathMLBlock {mo} at (0,60) size 5x10
    RenderText {mo} at (0,-1) size 5x14
      text run at (0,-1) width 5: "\x{239F}"
layer at (365,78) size 5x4 scrollHeight 13
  RenderMathMLBlock {mo} at (0,70) size 5x4
    RenderText {mo} at (0,-1) size 5x14
      text run at (0,-1) width 5: "\x{239F}"
layer at (365,82) size 5x11 scrollHeight 13
  RenderMathMLBlock {mo} at (0,74) size 5x11
layer at (391,21) size 5x10 scrollHeight 14
  RenderMathMLBlock {mo} at (0,0) size 5x10
layer at (391,31) size 5x10 scrollHeight 13
  RenderMathMLBlock {mo} at (0,10) size 5x10
    RenderText {mo} at (0,-1) size 5x14
      text run at (0,-1) width 5: "\x{23A2}"
layer at (391,41) size 5x10 scrollHeight 13
  RenderMathMLBlock {mo} at (0,20) size 5x10
    RenderText {mo} at (0,-1) size 5x14
      text run at (0,-1) width 5: "\x{23A2}"
layer at (391,51) size 5x10 scrollHeight 13
  RenderMathMLBlock {mo} at (0,30) size 5x10
    RenderText {mo} at (0,-1) size 5x14
      text run at (0,-1) width 5: "\x{23A2}"
layer at (391,61) size 5x10 scrollHeight 13
  RenderMathMLBlock {mo} at (0,40) size 5x10
    RenderText {mo} at (0,-1) size 5x14
      text run at (0,-1) width 5: "\x{23A2}"
layer at (391,71) size 5x2 scrollHeight 13
  RenderMathMLBlock {mo} at (0,50) size 5x2
    RenderText {mo} at (0,-1) size 5x14
      text run at (0,-1) width 5: "\x{23A2}"
layer at (391,73) size 5x11 scrollHeight 13
  RenderMathMLBlock {mo} at (0,52) size 5x11
layer at (430,21) size 5x10 scrollHeight 14
  RenderMathMLBlock {mo} at (0,0) size 5x10
layer at (430,31) size 5x10 scrollHeight 13
  RenderMathMLBlock {mo} at (0,10) size 5x10
    RenderText {mo} at (0,-1) size 5x14
      text run at (0,-1) width 5: "\x{23A5}"
layer at (430,41) size 5x10 scrollHeight 13
  RenderMathMLBlock {mo} at (0,20) size 5x10
    RenderText {mo} at (0,-1) size 5x14
      text run at (0,-1) width 5: "\x{23A5}"
layer at (430,51) size 5x10 scrollHeight 13
  RenderMathMLBlock {mo} at (0,30) size 5x10
    RenderText {mo} at (0,-1) size 5x14
      text run at (0,-1) width 5: "\x{23A5}"
layer at (430,61) size 5x10 scrollHeight 13
  RenderMathMLBlock {mo} at (0,40) size 5x10
    RenderText {mo} at (0,-1) size 5x14
      text run at (0,-1) width 5: "\x{23A5}"
layer at (430,71) size 5x2 scrollHeight 13
  RenderMathMLBlock {mo} at (0,50) size 5x2
    RenderText {mo} at (0,-1) size 5x14
      text run at (0,-1) width 5: "\x{23A5}"
layer at (430,73) size 5x11 scrollHeight 13
  RenderMathMLBlock {mo} at (0,52) size 5x11
layer at (446,27) size 10x10 scrollHeight 14
  RenderMathMLBlock {mo} at (0,0) size 10x10
layer at (446,37) size 10x10 scrollHeight 13
  RenderMathMLBlock {mo} at (0,10) size 10x10
    RenderText {mo} at (0,-1) size 10x14
      text run at (0,-1) width 10: "\x{23AE}"
layer at (446,47) size 10x10 scrollHeight 13
  RenderMathMLBlock {mo} at (0,20) size 10x10
    RenderText {mo} at (0,-1) size 10x14
      text run at (0,-1) width 10: "\x{23AE}"
layer at (446,57) size 10x10 scrollHeight 13
  RenderMathMLBlock {mo} at (0,30) size 10x10
    RenderText {mo} at (0,-1) size 10x14
      text run at (0,-1) width 10: "\x{23AE}"
layer at (446,67) size 10x2 scrollHeight 13
  RenderMathMLBlock {mo} at (0,40) size 10x2
    RenderText {mo} at (0,-1) size 10x14
      text run at (0,-1) width 10: "\x{23AE}"
layer at (446,69) size 10x11 scrollHeight 13
  RenderMathMLBlock {mo} at (0,42) size 10x11
layer at (396,146) size 5x10 scrollHeight 14
  RenderMathMLBlock {mo} at (0,0) size 5x10
layer at (396,156) size 5x10 scrollHeight 13
  RenderMathMLBlock {mo} at (0,10) size 5x10
    RenderText {mo} at (0,-1) size 5x14
      text run at (0,-1) width 5: "\x{239C}"
layer at (396,166) size 5x10 scrollHeight 13
  RenderMathMLBlock {mo} at (0,20) size 5x10
    RenderText {mo} at (0,-1) size 5x14
      text run at (0,-1) width 5: "\x{239C}"
layer at (396,176) size 5x11 scrollHeight 13
  RenderMathMLBlock {mo} at (0,30) size 5x11
layer at (415,146) size 5x10 scrollHeight 14
  RenderMathMLBlock {mo} at (0,0) size 5x10
layer at (415,156) size 5x10 scrollHeight 13
  RenderMathMLBlock {mo} at (0,10) size 5x10
    RenderText {mo} at (0,-1) size 5x14
      text run at (0,-1) width 5: "\x{239F}"
layer at (415,166) size 5x10 scrollHeight 13
  RenderMathMLBlock {mo} at (0,20) size 5x10
    RenderText {mo} at (0,-1) size 5x14
      text run at (0,-1) width 5: "\x{239F}"
layer at (415,176) size 5x11 scrollHeight 13
  RenderMathMLBlock {mo} at (0,30) size 5x11
layer at (322,9) size 5x11 backgroundClip at (322,8) size 5x10 clip at (322,8) size 5x10 outlineClip at (322,8) size 5x10
  RenderBlock (relative positioned) {mo} at (0,0) size 5x11
    RenderText {mo} at (0,-1) size 5x14
      text run at (0,-1) width 5: "\x{239B}"
layer at (322,79) size 5x11 backgroundClip at (322,82) size 5x11 clip at (322,82) size 5x11 outlineClip at (322,82) size 5x11
  RenderBlock (relative positioned) {mo} at (0,0) size 5x11
    RenderText {mo} at (0,-1) size 5x14
      text run at (0,-1) width 5: "\x{239D}"
layer at (365,9) size 5x11 backgroundClip at (365,8) size 5x10 clip at (365,8) size 5x10 outlineClip at (365,8) size 5x10
  RenderBlock (relative positioned) {mo} at (0,0) size 5x11
    RenderText {mo} at (0,-1) size 5x14
      text run at (0,-1) width 5: "\x{239E}"
layer at (365,79) size 5x11 backgroundClip at (365,82) size 5x11 clip at (365,82) size 5x11 outlineClip at (365,82) size 5x11
  RenderBlock (relative positioned) {mo} at (0,0) size 5x11
    RenderText {mo} at (0,-1) size 5x14
      text run at (0,-1) width 5: "\x{23A0}"
layer at (391,22) size 5x11 backgroundClip at (391,21) size 5x10 clip at (391,21) size 5x10 outlineClip at (391,21) size 5x10
  RenderBlock (relative positioned) {mo} at (0,0) size 5x11
    RenderText {mo} at (0,-1) size 5x14
      text run at (0,-1) width 5: "\x{23A1}"
layer at (391,70) size 5x11 backgroundClip at (391,73) size 5x11 clip at (391,73) size 5x11 outlineClip at (391,73) size 5x11
  RenderBlock (relative positioned) {mo} at (0,0) size 5x11
    RenderText {mo} at (0,-1) size 5x14
      text run at (0,-1) width 5: "\x{23A3}"
layer at (430,22) size 5x11 backgroundClip at (430,21) size 5x10 clip at (430,21) size 5x10 outlineClip at (430,21) size 5x10
  RenderBlock (relative positioned) {mo} at (0,0) size 5x11
    RenderText {mo} at (0,-1) size 5x14
      text run at (0,-1) width 5: "\x{23A4}"
layer at (430,70) size 5x11 backgroundClip at (430,73) size 5x11 clip at (430,73) size 5x11 outlineClip at (430,73) size 5x11
  RenderBlock (relative positioned) {mo} at (0,0) size 5x11
    RenderText {mo} at (0,-1) size 5x14
      text run at (0,-1) width 5: "\x{23A6}"
layer at (446,28) size 10x11 backgroundClip at (446,27) size 10x10 clip at (446,27) size 10x10 outlineClip at (446,27) size 10x10
  RenderBlock (relative positioned) {mo} at (0,0) size 10x11
    RenderText {mo} at (0,-1) size 10x14
      text run at (0,-1) width 10: "\x{2320}"
layer at (446,66) size 10x11 backgroundClip at (446,69) size 10x11 clip at (446,69) size 10x11 outlineClip at (446,69) size 10x11
  RenderBlock (relative positioned) {mo} at (0,0) size 10x11
    RenderText {mo} at (0,-1) size 10x14
      text run at (0,-1) width 10: "\x{2321}"
layer at (396,147) size 5x11 backgroundClip at (396,146) size 5x10 clip at (396,146) size 5x10 outlineClip at (396,146) size 5x10
  RenderBlock (relative positioned) {mo} at (0,0) size 5x11
    RenderText {mo} at (0,-1) size 5x14
      text run at (0,-1) width 5: "\x{239B}"
layer at (396,173) size 5x11 backgroundClip at (396,176) size 5x11 clip at (396,176) size 5x11 outlineClip at (396,176) size 5x11
  RenderBlock (relative positioned) {mo} at (0,0) size 5x11
    RenderText {mo} at (0,-1) size 5x14
      text run at (0,-1) width 5: "\x{239D}"
layer at (415,147) size 5x11 backgroundClip at (415,146) size 5x10 clip at (415,146) size 5x10 outlineClip at (415,146) size 5x10
  RenderBlock (relative positioned) {mo} at (0,0) size 5x11
    RenderText {mo} at (0,-1) size 5x14
      text run at (0,-1) width 5: "\x{239E}"
layer at (415,173) size 5x11 backgroundClip at (415,176) size 5x11 clip at (415,176) size 5x11 outlineClip at (415,176) size 5x11
  RenderBlock (relative positioned) {mo} at (0,0) size 5x11
    RenderText {mo} at (0,-1) size 5x14
      text run at (0,-1) width 5: "\x{23A0}"
