layer at (0,0) size 800x600
  RenderView at (0,0) size 800x600
layer at (0,0) size 800x87
  RenderBlock {HTML} at (0,0) size 800x87
    RenderBody {BODY} at (8,16) size 784x63
      RenderBlock {P} at (0,0) size 784x18
        RenderText {#text} at (0,0) size 405x18
          text run at (0,0) width 405: "The table cell border should go around the mroot, not through it:"
      RenderBlock (anonymous) at (0,34) size 784x29
        RenderMathMLMath {math} at (0,0) size 87x29 [padding: 0 1 0 1]
          RenderTable {mtable} at (1,0) size 85x29
            RenderTableSection (anonymous) at (0,0) size 85x29
              RenderTableRow {mtr} at (0,0) size 85x29
                RenderTableCell {mtd} at (0,0) size 85x29 [border: (3px solid #000000)] [r=0 c=0 rs=1 cs=1]
                  RenderText {#text} at (0,0) size 0x0
        RenderText {#text} at (0,0) size 0x0
layer at (15,56) size 73x17
  RenderMathMLRoot {mroot} at (6,6) size 73x17 [intrinsic padding: 8 0 0 66]
    RenderMathMLRow (anonymous) at (66,8) size 7x9
      RenderInline {mi} at (0,0) size 7x24
        RenderText {#text} at (0,-9) size 7x24
          text run at (0,-9) width 7: "x"
layer at (15,56) size 66x14
  RenderBlock (positioned) {mn} at (0,0) size 66x14
    RenderText {#text} at (2,-4) size 60x18
      text run at (2,-4) width 60: "1234567890"
