layer at (0,0) size 800x600
  RenderView at (0,0) size 800x600
layer at (0,0) size 800x56
  RenderBlock {html} at (0,0) size 800x56
    RenderBody {body} at (8,16) size 784x24
      RenderBlock {p} at (0,0) size 784x24
        RenderMathMLMath {math} at (0,0) size 16x24
          RenderMathMLSubSup {msubsup} at (1,0) size 14x24
            RenderMathMLBlock {msubsup} at (0,0) size 7x20
              RenderInline {mi} at (0,0) size 7x16
                RenderText {#text} at (0,4) size 7x16
                  text run at (0,4) width 7: "x"
            RenderMathMLBlock {msubsup} at (8,0) size 6x24
              RenderMathMLBlock {msubsup} at (0,0) size 6x12
                RenderInline {mi} at (0,0) size 3x12
                  RenderText {#text} at (0,0) size 3x12
                    text run at (0,0) width 3: "j"
              RenderMathMLBlock {msubsup} at (0,12) size 6x0
              RenderMathMLBlock {msubsup} at (0,12) size 6x12
                RenderInline {mn} at (0,0) size 6x12
                  RenderText {#text} at (0,0) size 6x12
                    text run at (0,0) width 6: "1"
        RenderText {#text} at (0,0) size 0x0
