layer at (0,0) size 800x600
  RenderView at (0,0) size 800x600
layer at (0,0) size 800x54
  RenderBlock {html} at (0,0) size 800x54
    RenderBody {body} at (8,16) size 784x22
      RenderBlock {p} at (0,0) size 784x22
        RenderBlock {math} at (0,3) size 15x19
          RenderBlock {msup} at (1,0) size 13x19
            RenderBlock {msup} at (0,3) size 7x16
              RenderInline {mi} at (0,0) size 7x16
                RenderText {#text} at (0,0) size 7x16
                  text run at (0,0) width 7: "y"
            RenderBlock {msup} at (7,14) size 0x0
            RenderInline {mn} at (0,0) size 6x12
              RenderText {#text} at (7,0) size 6x12
                text run at (7,0) width 6: "1"
        RenderText {#text} at (0,0) size 0x0
