layer at (0,0) size 800x600
  RenderView at (0,0) size 800x600
layer at (0,0) size 800x311
  RenderBlock {html} at (0,0) size 800x311
    RenderBody {body} at (8,16) size 784x279
      RenderBlock {p} at (0,0) size 784x22
        RenderText {#text} at (0,4) size 36x18
          text run at (0,4) width 36: "over: "
        RenderMathMLMath {math} at (36,0) size 13x19 [padding: 0 1 0 1]
          RenderMathMLUnderOver {mover} at (1,0) size 11x19
            RenderBlock {mi} at (0,7) size 11x12
              RenderText {#text} at (0,-6) size 10x24
                text run at (0,-6) width 10: "B"
            RenderBlock {mi} at (2,0) size 6x7
              RenderText {#text} at (0,-7) size 5x18
                text run at (0,-7) width 5: "x"
        RenderText {#text} at (0,0) size 0x0
      RenderBlock {p} at (0,38) size 784x24
        RenderText {#text} at (0,6) size 36x18
          text run at (0,6) width 36: "over: "
        RenderMathMLMath {math} at (36,0) size 13x21 [padding: 0 1 0 1]
          RenderMathMLUnderOver {mover} at (1,0) size 11x21
            RenderBlock {mi} at (0,9) size 11x12
              RenderText {#text} at (0,-6) size 10x24
                text run at (0,-6) width 10: "B"
            RenderBlock {mi} at (2,0) size 6x9
              RenderText {#text} at (0,-7) size 5x18
                text run at (0,-7) width 5: "y"
        RenderText {#text} at (0,0) size 0x0
      RenderBlock {p} at (0,78) size 784x29
        RenderText {#text} at (0,11) size 36x18
          text run at (0,11) width 36: "over: "
        RenderMathMLMath {math} at (36,0) size 19x26 [padding: 0 1 0 1]
          RenderMathMLUnderOver {mover} at (1,0) size 17x26
            RenderBlock {mi} at (0,9) size 17x17
              RenderText {#text} at (0,-9) size 15x36
                text run at (0,-9) width 15: "B"
            RenderBlock {mi} at (5,0) size 6x9
              RenderText {#text} at (0,-7) size 5x18
                text run at (0,-7) width 5: "y"
        RenderText {#text} at (0,0) size 0x0
      RenderBlock {p} at (0,123) size 784x35
        RenderText {#text} at (0,14) size 36x18
          text run at (0,14) width 36: "over: "
        RenderMathMLMath {math} at (36,0) size 24x35 [padding: 0 1 0 1]
          RenderMathMLUnderOver {mover} at (1,0) size 22x35
            RenderMathMLOperator {mo} at (0,9) size 22x26
              RenderMathMLBlock (flex) {mo} at (0,0) size 22x26
                RenderBlock (anonymous) at (0,0) size 22x26
                  RenderText {mo} at (0,-6) size 22x36
                    text run at (0,-6) width 22: "\x{2211}"
            RenderBlock {mi} at (8,0) size 6x9
              RenderText {#text} at (0,-7) size 5x18
                text run at (0,-7) width 5: "y"
        RenderText {#text} at (0,0) size 0x0
      RenderBlock {p} at (0,174) size 784x65
        RenderText {#text} at (0,26) size 36x18
          text run at (0,26) width 36: "over: "
        RenderMathMLMath {math} at (36,0) size 52x65 [padding: 0 1 0 1]
          RenderMathMLUnderOver {mover} at (1,3) size 10x62
            RenderMathMLOperator {mo} at (0,9) size 10x53
            RenderBlock {mi} at (2,0) size 6x9
              RenderText {#text} at (0,-7) size 5x18
                text run at (0,-7) width 5: "y"
          RenderBlock {div} at (11,0) size 40x40
        RenderText {#text} at (0,0) size 0x0
      RenderBlock {p} at (0,255) size 784x24
        RenderText {#text} at (0,6) size 46x18
          text run at (0,6) width 46: "Overs: "
        RenderMathMLMath {math} at (46,3) size 10x18 [padding: 0 1 0 1]
          RenderMathMLUnderOver {mover} at (1,0) size 8x18
            RenderBlock {mi} at (0,9) size 8x9
              RenderText {#text} at (0,-9) size 7x24
                text run at (0,-9) width 7: "x"
            RenderMathMLOperator {mo} at (1,0) size 6x9
              RenderMathMLBlock (flex) {mo} at (0,0) size 6x9
                RenderBlock (anonymous) at (0,0) size 6x9
                  RenderText {mo} at (0,-5) size 6x18
                    text run at (0,-5) width 6: "^"
        RenderText {#text} at (56,6) size 4x18
          text run at (56,6) width 4: " "
        RenderMathMLMath {math} at (60,7) size 13x14 [padding: 0 1 0 1]
          RenderMathMLUnderOver {mover} at (1,0) size 11x14
            RenderBlock {mi} at (0,2) size 11x12
              RenderText {#text} at (0,-6) size 10x24
                text run at (0,-6) width 10: "A"
            RenderMathMLOperator {mo} at (2,0) size 6x2
              RenderMathMLBlock (flex) {mo} at (0,0) size 6x2
                RenderBlock (anonymous) at (0,0) size 6x2
                  RenderText {mo} at (0,-13) size 6x18
                    text run at (0,-13) width 6: "_"
        RenderText {#text} at (73,6) size 4x18
          text run at (73,6) width 4: " "
        RenderMathMLMath {math} at (77,10) size 10x11 [padding: 0 1 0 1]
          RenderMathMLUnderOver {mover} at (1,0) size 8x11
            RenderBlock {mi} at (0,2) size 8x9
              RenderText {#text} at (0,-9) size 7x24
                text run at (0,-9) width 7: "x"
            RenderMathMLOperator {mo} at (1,0) size 6x2
              RenderMathMLBlock (flex) {mo} at (0,0) size 6x2
                RenderBlock (anonymous) at (0,0) size 6x2
                  RenderText {mo} at (0,-13) size 6x18
                    text run at (0,-13) width 6: "_"
        RenderText {#text} at (87,6) size 4x18
          text run at (87,6) width 4: " "
        RenderMathMLMath {math} at (91,0) size 13x21 [padding: 0 1 0 1]
          RenderMathMLUnderOver {mover} at (1,0) size 11x21
            RenderBlock {mi} at (0,9) size 11x12
              RenderText {#text} at (0,-6) size 10x24
                text run at (0,-6) width 10: "A"
            RenderMathMLOperator {mo} at (2,0) size 6x9
              RenderMathMLBlock (flex) {mo} at (0,0) size 6x9
                RenderBlock (anonymous) at (0,0) size 6x9
                  RenderText {mo} at (0,-5) size 6x18
                    text run at (0,-5) width 6: "^"
        RenderText {#text} at (104,6) size 4x18
          text run at (104,6) width 4: " "
        RenderMathMLMath {math} at (108,5) size 13x16 [padding: 0 1 0 1]
          RenderMathMLUnderOver {mover} at (1,0) size 11x16
            RenderBlock {mi} at (1,7) size 8x9
              RenderText {#text} at (0,-9) size 7x24
                text run at (0,-9) width 7: "v"
            RenderMathMLOperator {mo} at (0,0) size 11x7
              RenderMathMLBlock (flex) {mo} at (0,0) size 11x7
                RenderBlock (anonymous) at (0,0) size 11x7
                  RenderText {mo} at (0,-7) size 11x18
                    text run at (0,-7) width 11: "\x{2192}"
        RenderText {#text} at (0,0) size 0x0
layer at (45,202) size 10x10 scrollHeight 18
  RenderMathMLBlock (flex) {mo} at (0,0) size 10x10
    RenderBlock (anonymous) at (0,0) size 10x10
layer at (45,212) size 10x10 scrollHeight 17
  RenderMathMLBlock (flex) {mo} at (0,10) size 10x10
    RenderBlock (anonymous) at (0,0) size 10x10
      RenderText {mo} at (0,-4) size 10x21
        text run at (0,-4) width 10: "\x{23AE}"
layer at (45,222) size 10x10 scrollHeight 17
  RenderMathMLBlock (flex) {mo} at (0,20) size 10x10
    RenderBlock (anonymous) at (0,0) size 10x10
      RenderText {mo} at (0,-4) size 10x21
        text run at (0,-4) width 10: "\x{23AE}"
layer at (45,232) size 10x8 scrollHeight 17
  RenderMathMLBlock (flex) {mo} at (0,30) size 10x8
    RenderBlock (anonymous) at (0,0) size 10x8
      RenderText {mo} at (0,-4) size 10x21
        text run at (0,-4) width 10: "\x{23AE}"
layer at (45,240) size 10x15 scrollHeight 17
  RenderMathMLBlock (flex) {mo} at (0,38) size 10x15
    RenderBlock (anonymous) at (0,0) size 10x15
layer at (45,203) size 10x15 backgroundClip at (45,202) size 10x10 clip at (45,202) size 10x10 outlineClip at (45,202) size 10x10
  RenderBlock (relative positioned) {mo} at (0,0) size 10x15
    RenderText {mo} at (0,-4) size 10x21
      text run at (0,-4) width 10: "\x{2320}"
layer at (45,237) size 10x15 backgroundClip at (45,240) size 10x15 clip at (45,240) size 10x15 outlineClip at (45,240) size 10x15
  RenderBlock (relative positioned) {mo} at (0,0) size 10x15
    RenderText {mo} at (0,-4) size 10x21
      text run at (0,-4) width 10: "\x{2321}"
