layer at (0,0) size 836x600
  RenderView at (0,0) size 800x600
layer at (0,0) size 800x548
  RenderBlock {html} at (0,0) size 800x548
    RenderBody {body} at (8,16) size 784x516
      RenderBlock {p} at (0,0) size 784x18
        RenderText {#text} at (0,0) size 177x18
          text run at (0,0) width 177: "square root (should be red): "
        RenderMathMLMath {math} at (177,0) size 22x15 [padding: 0 1 0 1]
          RenderMathMLSquareRoot {msqrt} at (1,0) size 20x15 [color=#FF0000] [intrinsic padding: 3 0 0 12]
            RenderMathMLRow (anonymous) at (12,3) size 8x12
              RenderBlock {mn} at (0,0) size 8x12
                RenderText {#text} at (0,-6) size 8x24
                  text run at (0,-6) width 8: "2"
      RenderBlock {p} at (0,34) size 784x18
        RenderText {#text} at (0,0) size 110x18
          text run at (0,0) width 110: "long square root: "
        RenderMathMLMath {math} at (110,0) size 41x15 [padding: 0 1 0 1]
          RenderMathMLSquareRoot {msqrt} at (1,0) size 39x15 [intrinsic padding: 3 0 0 12]
            RenderMathMLRow (anonymous) at (12,3) size 27x12
              RenderMathMLRow {mrow} at (0,0) size 27x12
                RenderBlock {mi} at (0,3) size 7x9
                  RenderText {#text} at (0,-9) size 7x24
                    text run at (0,-9) width 7: "x"
                RenderMathMLOperator {mo} at (7,2) size 12x10 [padding: 0 1 0 0]
                  RenderMathMLBlock (flex) {mo} at (0,0) size 11x10
                    RenderBlock (anonymous) at (0,0) size 11x10
                      RenderText {mo} at (0,-8) size 11x24
                        text run at (0,-8) width 11: "+"
                RenderBlock {mn} at (19,0) size 8x12
                  RenderText {#text} at (0,-6) size 8x24
                    text run at (0,-6) width 8: "1"
      RenderBlock {p} at (0,68) size 784x22
        RenderText {#text} at (0,4) size 222x18
          text run at (0,4) width 222: "long square root with implied row: "
        RenderMathMLMath {math} at (222,0) size 46x19 [padding: 0 1 0 1]
          RenderMathMLSquareRoot {msqrt} at (1,0) size 44x19 [intrinsic padding: 3 0 0 12]
            RenderMathMLRow (anonymous) at (12,3) size 32x16
              RenderMathMLSubSup {msup} at (0,0) size 13x16
                RenderMathMLBlock (anonymous, flex) at (0,0) size 7x16 [padding: 7 0 0 0]
                  RenderBlock {mi} at (0,7) size 7x9
                    RenderText {#text} at (0,-9) size 7x24
                      text run at (0,-9) width 7: "x"
                RenderMathMLBlock (anonymous, flex) at (7,0) size 6x16
                  RenderBlock {mn} at (0,0) size 6x10
                    RenderText {#text} at (0,-4) size 6x18
                      text run at (0,-4) width 6: "2"
              RenderMathMLOperator {mo} at (13,6) size 11x10
                RenderMathMLBlock (flex) {mo} at (0,0) size 11x10
                  RenderBlock (anonymous) at (0,0) size 11x10
                    RenderText {mo} at (0,-8) size 11x24
                      text run at (0,-8) width 11: "+"
              RenderBlock {mn} at (24,4) size 8x12
                RenderText {#text} at (0,-6) size 8x24
                  text run at (0,-6) width 8: "1"
      RenderBlock {p} at (0,106) size 784x32
        RenderText {#text} at (0,6) size 113x18
          text run at (0,6) width 113: "root of a fraction: "
        RenderMathMLMath {math} at (113,0) size 47x32 [padding: 0 1 0 1]
          RenderMathMLSquareRoot {msqrt} at (1,0) size 45x32 [intrinsic padding: 3 0 3 12]
            RenderMathMLRow (anonymous) at (12,3) size 33x26
              RenderMathMLFraction {mfrac} at (0,0) size 33x26
                RenderMathMLBlock (anonymous, flex) at (0,0) size 33x12 [padding: 0 3 0 3]
                  RenderMathMLRow {mrow} at (3,0) size 27x12
                    RenderBlock {mi} at (0,3) size 7x9
                      RenderText {#text} at (0,-9) size 7x24
                        text run at (0,-9) width 7: "x"
                    RenderMathMLOperator {mo} at (7,2) size 12x10 [padding: 0 1 0 0]
                      RenderMathMLBlock (flex) {mo} at (0,0) size 11x10
                        RenderBlock (anonymous) at (0,0) size 11x10
                          RenderText {mo} at (0,-8) size 11x24
                            text run at (0,-8) width 11: "+"
                    RenderBlock {mn} at (19,0) size 8x12
                      RenderText {#text} at (0,-6) size 8x24
                        text run at (0,-6) width 8: "1"
                RenderMathMLBlock (anonymous, flex) at (0,12) size 33x14 [padding: 2 3 0 3]
                  RenderMathMLRow {mrow} at (3,2) size 27x12
                    RenderBlock {mi} at (0,3) size 7x9
                      RenderText {#text} at (0,-9) size 7x24
                        text run at (0,-9) width 7: "x"
                    RenderMathMLOperator {mo} at (7,2) size 12x10 [padding: 0 1 0 0]
                      RenderMathMLBlock (flex) {mo} at (0,0) size 11x10
                        RenderBlock (anonymous) at (0,0) size 11x10
                          RenderText {mo} at (0,-8) size 11x24
                            text run at (0,-8) width 11: "+"
                    RenderBlock {mn} at (19,0) size 8x12
                      RenderText {#text} at (0,-6) size 8x24
                        text run at (0,-6) width 8: "2"
      RenderBlock {p} at (0,154) size 784x22
        RenderText {#text} at (0,4) size 173x18
          text run at (0,4) width 173: "cube root (should be blue): "
        RenderMathMLMath {math} at (173,0) size 22x19 [color=#0000FF] [padding: 0 1 0 1]
      RenderBlock {p} at (0,192) size 784x22
        RenderText {#text} at (0,4) size 75x18
          text run at (0,4) width 75: "long index: "
        RenderMathMLMath {math} at (75,0) size 49x19 [padding: 0 1 0 1]
      RenderBlock {p} at (0,230) size 784x32
        RenderText {#text} at (0,6) size 185x18
          text run at (0,6) width 185: "long index w/ complex base: "
        RenderMathMLMath {math} at (185,0) size 74x32 [padding: 0 1 0 1]
      RenderBlock {p} at (0,278) size 784x39
        RenderText {#text} at (0,21) size 75x18
          text run at (0,21) width 75: "high index: "
        RenderMathMLMath {math} at (75,0) size 29x36 [padding: 0 1 0 1]
      RenderBlock {p} at (0,333) size 784x45
        RenderText {#text} at (0,21) size 155x18
          text run at (0,21) width 155: "Imbricated square roots: "
        RenderMathMLMath {math} at (155,0) size 247x45 [padding: 0 1 0 1]
          RenderMathMLSquareRoot {msqrt} at (1,0) size 245x45 [intrinsic padding: 3 0 3 12]
            RenderMathMLRow (anonymous) at (12,3) size 233x39
              RenderBlock {mn} at (0,21) size 8x12
                RenderText {#text} at (0,-6) size 8x24
                  text run at (0,-6) width 8: "1"
              RenderMathMLOperator {mo} at (8,23) size 11x10
                RenderMathMLBlock (flex) {mo} at (0,0) size 11x10
                  RenderBlock (anonymous) at (0,0) size 11x10
                    RenderText {mo} at (0,-8) size 11x24
                      text run at (0,-8) width 11: "+"
              RenderMathMLSquareRoot {msqrt} at (19,0) size 214x39 [intrinsic padding: 3 0 3 12]
                RenderMathMLRow (anonymous) at (12,3) size 202x33
                  RenderMathMLRow {mrow} at (0,0) size 202x33
                    RenderBlock {mn} at (0,18) size 8x12
                      RenderText {#text} at (0,-6) size 8x24
                        text run at (0,-6) width 8: "2"
                    RenderMathMLOperator {mo} at (8,20) size 12x10 [padding: 0 1 0 0]
                      RenderMathMLBlock (flex) {mo} at (0,0) size 11x10
                        RenderBlock (anonymous) at (0,0) size 11x10
                          RenderText {mo} at (0,-8) size 11x24
                            text run at (0,-8) width 11: "+"
                    RenderMathMLSquareRoot {msqrt} at (20,0) size 182x33 [intrinsic padding: 3 0 3 12]
                      RenderMathMLRow (anonymous) at (12,3) size 170x27
                        RenderMathMLRow {mrow} at (0,0) size 170x27
                          RenderBlock {mn} at (0,15) size 8x12
                            RenderText {#text} at (0,-6) size 8x24
                              text run at (0,-6) width 8: "3"
                          RenderMathMLOperator {mo} at (8,17) size 12x10 [padding: 0 1 0 0]
                            RenderMathMLBlock (flex) {mo} at (0,0) size 11x10
                              RenderBlock (anonymous) at (0,0) size 11x10
                                RenderText {mo} at (0,-8) size 11x24
                                  text run at (0,-8) width 11: "+"
                          RenderMathMLSquareRoot {msqrt} at (20,0) size 150x27 [intrinsic padding: 3 0 0 12]
                            RenderMathMLRow (anonymous) at (12,3) size 138x24
                              RenderMathMLRow {mrow} at (0,0) size 138x24
                                RenderBlock {mn} at (0,12) size 8x12
                                  RenderText {#text} at (0,-6) size 8x24
                                    text run at (0,-6) width 8: "4"
                                RenderMathMLOperator {mo} at (8,14) size 12x10 [padding: 0 1 0 0]
                                  RenderMathMLBlock (flex) {mo} at (0,0) size 11x10
                                    RenderBlock (anonymous) at (0,0) size 11x10
                                      RenderText {mo} at (0,-8) size 11x24
                                        text run at (0,-8) width 11: "+"
                                RenderMathMLSquareRoot {msqrt} at (20,0) size 118x24 [intrinsic padding: 3 0 0 12]
                                  RenderMathMLRow (anonymous) at (12,3) size 106x21
                                    RenderMathMLRow {mrow} at (0,0) size 106x21
                                      RenderBlock {mn} at (0,8) size 8x13
                                        RenderText {#text} at (0,-5) size 8x24
                                          text run at (0,-5) width 8: "5"
                                      RenderMathMLOperator {mo} at (8,11) size 12x10 [padding: 0 1 0 0]
                                        RenderMathMLBlock (flex) {mo} at (0,0) size 11x10
                                          RenderBlock (anonymous) at (0,0) size 11x10
                                            RenderText {mo} at (0,-8) size 11x24
                                              text run at (0,-8) width 11: "+"
                                      RenderMathMLSquareRoot {msqrt} at (20,0) size 86x21 [intrinsic padding: 3 0 0 12]
                                        RenderMathMLRow (anonymous) at (12,3) size 74x18
                                          RenderMathMLRow {mrow} at (0,0) size 74x18
                                            RenderBlock {mn} at (0,6) size 8x12
                                              RenderText {#text} at (0,-6) size 8x24
                                                text run at (0,-6) width 8: "6"
                                            RenderMathMLOperator {mo} at (8,8) size 12x10 [padding: 0 1 0 0]
                                              RenderMathMLBlock (flex) {mo} at (0,0) size 11x10
                                                RenderBlock (anonymous) at (0,0) size 11x10
                                                  RenderText {mo} at (0,-8) size 11x24
                                                    text run at (0,-8) width 11: "+"
                                            RenderMathMLSquareRoot {msqrt} at (20,0) size 54x18 [intrinsic padding: 3 0 0 12]
                                              RenderMathMLRow (anonymous) at (12,3) size 42x15
                                                RenderMathMLRow {mrow} at (0,0) size 42x15
                                                  RenderBlock {mn} at (0,3) size 8x12
                                                    RenderText {#text} at (0,-6) size 8x24
                                                      text run at (0,-6) width 8: "7"
                                                  RenderMathMLOperator {mo} at (8,5) size 12x10 [padding: 0 1 0 0]
                                                    RenderMathMLBlock (flex) {mo} at (0,0) size 11x10
                                                      RenderBlock (anonymous) at (0,0) size 11x10
                                                        RenderText {mo} at (0,-8) size 11x24
                                                          text run at (0,-8) width 11: "+"
                                                  RenderMathMLSquareRoot {msqrt} at (20,0) size 22x15 [intrinsic padding: 3 0 0 12]
                                                    RenderMathMLRow (anonymous) at (12,3) size 10x12
                                                      RenderBlock {mi} at (0,0) size 10x12
                                                        RenderText {#text} at (0,-6) size 10x24
                                                          text run at (0,-6) width 10: "A"
        RenderText {#text} at (0,0) size 0x0
      RenderBlock {p} at (0,394) size 784x70
        RenderText {#text} at (0,34) size 110x18
          text run at (0,34) width 110: "Imbricated roots: "
        RenderMathMLMath {math} at (110,0) size 295x70 [padding: 0 1 0 1]
        RenderText {#text} at (0,0) size 0x0
      RenderBlock {p} at (0,480) size 784x36
        RenderText {#text} at (0,0) size 306x18
          text run at (0,0) width 306: "Don't wrap this wide line with an implicit mrow:"
        RenderBR {br} at (306,0) size 0x18
        RenderMathMLMath {math} at (0,21) size 828x15 [padding: 0 1 0 1]
          RenderMathMLSquareRoot {msqrt} at (1,0) size 826x15 [intrinsic padding: 3 0 0 12]
            RenderMathMLRow (anonymous) at (12,3) size 814x12
              RenderBlock {mi} at (0,0) size 407x9
                RenderText {#text} at (0,-9) size 7x24
                  text run at (0,-9) width 7: "x"
              RenderBlock {mi} at (407,0) size 407x12
                RenderText {#text} at (0,-9) size 7x24
                  text run at (0,-9) width 7: "y"
        RenderText {#text} at (0,0) size 0x0
layer at (182,170) size 20x19
  RenderMathMLRoot {mroot} at (1,0) size 20x19 [intrinsic padding: 7 0 0 12]
    RenderMathMLRow (anonymous) at (12,7) size 8x12
      RenderBlock {mn} at (0,0) size 8x12
        RenderText {#text} at (0,-6) size 8x24
          text run at (0,-6) width 8: "2"
layer at (182,170) size 12x14
  RenderBlock (positioned) {mn} at (0,0) size 12x14
    RenderText {#text} at (2,-4) size 6x18
      text run at (2,-4) width 6: "3"
layer at (84,208) size 47x19
  RenderMathMLRoot {mroot} at (1,0) size 47x19 [intrinsic padding: 7 0 0 39]
    RenderMathMLRow (anonymous) at (39,7) size 8x12
      RenderBlock {mn} at (0,0) size 8x12
        RenderText {#text} at (0,-6) size 8x24
          text run at (0,-6) width 8: "2"
layer at (84,208) size 39x14
  RenderMathMLRow {mrow} at (0,0) size 39x14 [padding: 0 4 4 2]
    RenderBlock {mi} at (2,1) size 5x7
      RenderText {#text} at (0,-7) size 5x18
        text run at (0,-7) width 5: "x"
    RenderMathMLOperator {mo} at (7,0) size 9x8 [padding: 0 1 0 0]
      RenderMathMLBlock (flex) {mo} at (0,0) size 8x8
        RenderBlock (anonymous) at (0,0) size 8x8
          RenderText {mo} at (0,-6) size 8x18
            text run at (0,-6) width 8: "+"
    RenderBlock {mi} at (16,1) size 5x9
      RenderText {#text} at (0,-7) size 5x18
        text run at (0,-7) width 5: "y"
    RenderMathMLOperator {mo} at (21,0) size 9x8 [padding: 0 1 0 0]
      RenderMathMLBlock (flex) {mo} at (0,0) size 8x8
        RenderBlock (anonymous) at (0,0) size 8x8
          RenderText {mo} at (0,-6) size 8x18
            text run at (0,-6) width 8: "+"
    RenderBlock {mi} at (30,1) size 5x7
      RenderText {#text} at (0,-7) size 5x18
        text run at (0,-7) width 5: "z"
layer at (194,246) size 72x32
  RenderMathMLRoot {mroot} at (1,0) size 72x32 [intrinsic padding: 3 0 3 39]
    RenderMathMLRow (anonymous) at (39,3) size 33x26
      RenderMathMLFraction {mfrac} at (0,0) size 33x26
        RenderMathMLBlock (anonymous, flex) at (0,0) size 33x12 [padding: 0 3 0 3]
          RenderMathMLRow {mrow} at (3,0) size 27x12
            RenderBlock {mi} at (0,3) size 7x9
              RenderText {#text} at (0,-9) size 7x24
                text run at (0,-9) width 7: "x"
            RenderMathMLOperator {mo} at (7,2) size 12x10 [padding: 0 1 0 0]
              RenderMathMLBlock (flex) {mo} at (0,0) size 11x10
                RenderBlock (anonymous) at (0,0) size 11x10
                  RenderText {mo} at (0,-8) size 11x24
                    text run at (0,-8) width 11: "+"
            RenderBlock {mn} at (19,0) size 8x12
              RenderText {#text} at (0,-6) size 8x24
                text run at (0,-6) width 8: "1"
        RenderMathMLBlock (anonymous, flex) at (0,12) size 33x14 [padding: 2 3 0 3]
          RenderMathMLRow {mrow} at (3,2) size 27x12
            RenderBlock {mi} at (0,3) size 7x9
              RenderText {#text} at (0,-9) size 7x24
                text run at (0,-9) width 7: "x"
            RenderMathMLOperator {mo} at (7,2) size 12x10 [padding: 0 1 0 0]
              RenderMathMLBlock (flex) {mo} at (0,0) size 11x10
                RenderBlock (anonymous) at (0,0) size 11x10
                  RenderText {mo} at (0,-8) size 11x24
                    text run at (0,-8) width 11: "+"
            RenderBlock {mn} at (19,0) size 8x12
              RenderText {#text} at (0,-6) size 8x24
                text run at (0,-6) width 8: "2"
layer at (194,251) size 39x14
  RenderMathMLRow {mrow} at (0,5) size 39x14 [padding: 0 4 4 2]
    RenderBlock {mi} at (2,1) size 5x7
      RenderText {#text} at (0,-7) size 5x18
        text run at (0,-7) width 5: "x"
    RenderMathMLOperator {mo} at (7,0) size 9x8 [padding: 0 1 0 0]
      RenderMathMLBlock (flex) {mo} at (0,0) size 8x8
        RenderBlock (anonymous) at (0,0) size 8x8
          RenderText {mo} at (0,-6) size 8x18
            text run at (0,-6) width 8: "+"
    RenderBlock {mi} at (16,1) size 5x9
      RenderText {#text} at (0,-7) size 5x18
        text run at (0,-7) width 5: "y"
    RenderMathMLOperator {mo} at (21,0) size 9x8 [padding: 0 1 0 0]
      RenderMathMLBlock (flex) {mo} at (0,0) size 8x8
        RenderBlock (anonymous) at (0,0) size 8x8
          RenderText {mo} at (0,-6) size 8x18
            text run at (0,-6) width 8: "+"
    RenderBlock {mi} at (30,1) size 5x7
      RenderText {#text} at (0,-7) size 5x18
        text run at (0,-7) width 5: "z"
layer at (84,294) size 27x36
  RenderMathMLRoot {mroot} at (1,0) size 27x36 [intrinsic padding: 24 0 0 19]
    RenderMathMLRow (anonymous) at (19,24) size 8x12
      RenderBlock {mn} at (0,0) size 8x12
        RenderText {#text} at (0,-6) size 8x24
          text run at (0,-6) width 8: "2"
layer at (84,294) size 19x31
  RenderMathMLFraction {mfrac} at (0,0) size 19x31 [padding: 0 4 4 2]
    RenderMathMLBlock (anonymous, flex) at (2,0) size 13x18 [padding: 0 2 0 2]
      RenderMathMLFraction {mfrac} at (2,0) size 9x18
        RenderMathMLBlock (anonymous, flex) at (0,0) size 9x7 [padding: 0 2 0 2]
          RenderBlock {mi} at (2,0) size 5x7
            RenderText {#text} at (0,-7) size 5x18
              text run at (0,-7) width 5: "x"
        RenderMathMLBlock (anonymous, flex) at (0,7) size 9x11 [padding: 2 2 0 2]
          RenderBlock {mi} at (2,2) size 5x9
            RenderText {#text} at (0,-7) size 5x18
              text run at (0,-7) width 5: "y"
    RenderMathMLBlock (anonymous, flex) at (2,18) size 13x9 [padding: 2 2 0 2]
      RenderBlock {mi} at (4,2) size 5x7
        RenderText {#text} at (0,-7) size 5x18
          text run at (0,-7) width 5: "z"
layer at (119,410) size 293x70
  RenderMathMLRoot {mroot} at (1,0) size 293x70 [intrinsic padding: 3 0 3 18]
    RenderMathMLRow (anonymous) at (18,3) size 275x64
      RenderMathMLRow {mrow} at (0,0) size 275x64
        RenderBlock {mn} at (0,34) size 8x12
          RenderText {#text} at (0,-6) size 8x24
            text run at (0,-6) width 8: "1"
        RenderMathMLOperator {mo} at (8,36) size 12x10 [padding: 0 1 0 0]
          RenderMathMLBlock (flex) {mo} at (0,0) size 11x10
            RenderBlock (anonymous) at (0,0) size 11x10
              RenderText {mo} at (0,-8) size 11x24
                text run at (0,-8) width 11: "+"
layer at (157,413) size 255x64
  RenderMathMLRoot {mroot} at (20,0) size 255x64 [intrinsic padding: 3 0 3 18]
    RenderMathMLRow (anonymous) at (18,3) size 237x58
      RenderMathMLRow {mrow} at (0,0) size 237x58
        RenderBlock {mn} at (0,31) size 8x12
          RenderText {#text} at (0,-6) size 8x24
            text run at (0,-6) width 8: "2"
        RenderMathMLOperator {mo} at (8,33) size 12x10 [padding: 0 1 0 0]
          RenderMathMLBlock (flex) {mo} at (0,0) size 11x10
            RenderBlock (anonymous) at (0,0) size 11x10
              RenderText {mo} at (0,-8) size 11x24
                text run at (0,-8) width 11: "+"
layer at (195,416) size 217x58
  RenderMathMLRoot {mroot} at (20,0) size 217x58 [intrinsic padding: 3 0 3 18]
    RenderMathMLRow (anonymous) at (18,3) size 199x52
      RenderMathMLRow {mrow} at (0,0) size 199x52
        RenderBlock {mn} at (0,28) size 8x12
          RenderText {#text} at (0,-6) size 8x24
            text run at (0,-6) width 8: "3"
        RenderMathMLOperator {mo} at (8,30) size 12x10 [padding: 0 1 0 0]
          RenderMathMLBlock (flex) {mo} at (0,0) size 11x10
            RenderBlock (anonymous) at (0,0) size 11x10
              RenderText {mo} at (0,-8) size 11x24
                text run at (0,-8) width 11: "+"
layer at (233,419) size 179x52
  RenderMathMLRoot {mroot} at (20,0) size 179x52 [intrinsic padding: 3 0 3 17]
    RenderMathMLRow (anonymous) at (17,3) size 162x46
      RenderMathMLRow {mrow} at (0,0) size 162x46
        RenderBlock {mn} at (0,25) size 8x12
          RenderText {#text} at (0,-6) size 8x24
            text run at (0,-6) width 8: "4"
        RenderMathMLOperator {mo} at (8,27) size 12x10 [padding: 0 1 0 0]
          RenderMathMLBlock (flex) {mo} at (0,0) size 11x10
            RenderBlock (anonymous) at (0,0) size 11x10
              RenderText {mo} at (0,-8) size 11x24
                text run at (0,-8) width 11: "+"
layer at (270,422) size 142x46
  RenderMathMLRoot {mroot} at (20,0) size 142x46 [intrinsic padding: 3 0 3 16]
    RenderMathMLRow (anonymous) at (16,3) size 126x40
      RenderMathMLRow {mrow} at (0,0) size 126x40
        RenderBlock {mn} at (0,21) size 8x13
          RenderText {#text} at (0,-5) size 8x24
            text run at (0,-5) width 8: "5"
        RenderMathMLOperator {mo} at (8,24) size 12x10 [padding: 0 1 0 0]
          RenderMathMLBlock (flex) {mo} at (0,0) size 11x10
            RenderBlock (anonymous) at (0,0) size 11x10
              RenderText {mo} at (0,-8) size 11x24
                text run at (0,-8) width 11: "+"
layer at (306,425) size 106x40
  RenderMathMLRoot {mroot} at (20,0) size 106x40 [intrinsic padding: 3 0 3 14]
    RenderMathMLRow (anonymous) at (14,3) size 92x34
      RenderMathMLRow {mrow} at (0,0) size 92x34
        RenderBlock {mn} at (0,19) size 8x12
          RenderText {#text} at (0,-6) size 8x24
            text run at (0,-6) width 8: "6"
        RenderMathMLOperator {mo} at (8,21) size 12x10 [padding: 0 1 0 0]
          RenderMathMLBlock (flex) {mo} at (0,0) size 11x10
            RenderBlock (anonymous) at (0,0) size 11x10
              RenderText {mo} at (0,-8) size 11x24
                text run at (0,-8) width 11: "+"
layer at (340,428) size 72x34
  RenderMathMLRoot {mroot} at (20,0) size 72x34 [intrinsic padding: 3 0 3 13]
    RenderMathMLRow (anonymous) at (13,3) size 59x28
      RenderMathMLRow {mrow} at (0,0) size 59x28
        RenderBlock {mn} at (0,16) size 8x12
          RenderText {#text} at (0,-6) size 8x24
            text run at (0,-6) width 8: "7"
        RenderMathMLOperator {mo} at (8,18) size 12x10 [padding: 0 1 0 0]
          RenderMathMLBlock (flex) {mo} at (0,0) size 11x10
            RenderBlock (anonymous) at (0,0) size 11x10
              RenderText {mo} at (0,-8) size 11x24
                text run at (0,-8) width 11: "+"
layer at (373,431) size 39x28
  RenderMathMLRoot {mroot} at (20,0) size 39x28 [intrinsic padding: 16 0 0 29]
    RenderMathMLRow (anonymous) at (29,16) size 10x12
      RenderBlock {mi} at (0,0) size 10x12
        RenderText {#text} at (0,-6) size 10x24
          text run at (0,-6) width 10: "A"
layer at (373,431) size 29x23
  RenderMathMLFraction {mfrac} at (0,0) size 29x23 [padding: 0 4 4 2]
    RenderMathMLBlock (anonymous, flex) at (2,0) size 23x10 [padding: 0 2 0 2]
      RenderMathMLRow {mrow} at (2,0) size 19x10
        RenderBlock {mi} at (0,1) size 5x7
          RenderText {#text} at (0,-7) size 5x18
            text run at (0,-7) width 5: "x"
        RenderMathMLOperator {mo} at (5,0) size 9x8 [padding: 0 1 0 0]
          RenderMathMLBlock (flex) {mo} at (0,0) size 8x8
            RenderBlock (anonymous) at (0,0) size 8x8
              RenderText {mo} at (0,-6) size 8x18
                text run at (0,-6) width 8: "+"
        RenderBlock {mi} at (14,1) size 5x9
          RenderText {#text} at (0,-7) size 5x18
            text run at (0,-7) width 5: "y"
    RenderMathMLBlock (anonymous, flex) at (2,10) size 23x9 [padding: 2 2 0 2]
      RenderBlock {mi} at (9,2) size 5x7
        RenderText {#text} at (0,-7) size 5x18
          text run at (0,-7) width 5: "z"
layer at (340,434) size 12x14
  RenderBlock (positioned) {mn} at (0,6) size 12x14
    RenderText {#text} at (2,-4) size 6x18
      text run at (2,-4) width 6: "9"
layer at (306,435) size 12x14
  RenderBlock (positioned) {mn} at (0,10) size 12x14
    RenderText {#text} at (2,-4) size 6x18
      text run at (2,-4) width 6: "8"
layer at (270,437) size 12x13
  RenderBlock (positioned) {mn} at (0,15) size 12x13
    RenderText {#text} at (2,-5) size 6x18
      text run at (2,-5) width 6: "7"
layer at (233,437) size 12x14
  RenderBlock (positioned) {mn} at (0,18) size 12x14
    RenderText {#text} at (2,-4) size 6x18
      text run at (2,-4) width 6: "6"
layer at (195,437) size 12x14
  RenderBlock (positioned) {mn} at (0,21) size 12x14
    RenderText {#text} at (2,-4) size 6x18
      text run at (2,-4) width 6: "5"
layer at (157,438) size 12x14
  RenderBlock (positioned) {mn} at (0,25) size 12x14
    RenderText {#text} at (2,-4) size 6x18
      text run at (2,-4) width 6: "4"
layer at (119,439) size 12x14
  RenderBlock (positioned) {mn} at (0,29) size 12x14
    RenderText {#text} at (2,-4) size 6x18
      text run at (2,-4) width 6: "3"
