layer at (0,0) size 800x600
  RenderView at (0,0) size 800x600
layer at (0,0) size 800x510
  RenderBlock {html} at (0,0) size 800x510
    RenderBody {body} at (8,16) size 784x478
      RenderBlock {p} at (0,0) size 784x18
        RenderMathMLMath {math} at (0,3) size 29x12 [padding: 0 1 0 1]
          RenderBlock {mi} at (1,3) size 7x9
            RenderText {#text} at (0,-9) size 7x24
              text run at (0,-9) width 7: "x"
          RenderMathMLOperator {mo} at (8,2) size 12x10 [bgcolor=#C8C8C8] [padding: 0 1 0 0]
            RenderMathMLBlock (flex) {mo} at (0,0) size 11x10
              RenderBlock (anonymous) at (0,0) size 11x10
                RenderText {mo} at (0,-8) size 11x24
                  text run at (0,-8) width 11: "+"
          RenderBlock {mn} at (20,0) size 8x12
            RenderText {#text} at (0,-6) size 8x24
              text run at (0,-6) width 8: "1"
        RenderText {#text} at (0,0) size 0x0
      RenderBlock {p} at (0,34) size 784x23
        RenderText {#text} at (0,2) size 40x18
          text run at (0,2) width 40: "16px: "
        RenderMathMLMath {math} at (40,3) size 45x18 [padding: 0 1 0 1]
          RenderMathMLRow {mrow} at (1,0) size 43x18
            RenderMathMLOperator {mo} at (0,0) size 10x17 [bgcolor=#C8C8C8] [padding: 0 1 0 0]
              RenderMathMLBlock (flex) {mo} at (0,0) size 9x17
                RenderBlock (anonymous) at (0,0) size 9x17
                  RenderText {mo} at (0,-7) size 9x29
                    text run at (0,-7) width 9: "{"
            RenderBlock {mi} at (10,5) size 7x9
              RenderText {#text} at (0,-9) size 7x24
                text run at (0,-9) width 7: "x"
            RenderBlock {mtext} at (17,2) size 16x16
              RenderBlock {div} at (0,0) size 16x16 [bgcolor=#00FF00]
            RenderMathMLOperator {mo} at (33,0) size 10x17 [bgcolor=#C8C8C8] [padding: 0 1 0 0]
              RenderMathMLBlock (flex) {mo} at (0,0) size 9x17
                RenderBlock (anonymous) at (0,0) size 9x17
                  RenderText {mo} at (0,-7) size 9x29
                    text run at (0,-7) width 9: "}"
        RenderText {#text} at (85,2) size 4x18
          text run at (85,2) width 4: " "
        RenderMathMLMath {math} at (89,3) size 39x18 [padding: 0 1 0 1]
          RenderMathMLRow {mrow} at (1,0) size 37x18
            RenderMathMLOperator {mo} at (0,0) size 7x16 [bgcolor=#C8C8C8] [padding: 0 1 0 0]
              RenderMathMLBlock (flex) {mo} at (0,0) size 6x16
                RenderBlock (anonymous) at (0,0) size 6x16
                  RenderText {mo} at (0,-7) size 6x29
                    text run at (0,-7) width 6: "["
            RenderBlock {mi} at (7,5) size 7x9
              RenderText {#text} at (0,-9) size 7x24
                text run at (0,-9) width 7: "x"
            RenderBlock {mtext} at (14,2) size 16x16
              RenderBlock {div} at (0,0) size 16x16 [bgcolor=#00FF00]
            RenderMathMLOperator {mo} at (30,0) size 7x16 [bgcolor=#C8C8C8] [padding: 0 1 0 0]
              RenderMathMLBlock (flex) {mo} at (0,0) size 6x16
                RenderBlock (anonymous) at (0,0) size 6x16
                  RenderText {mo} at (0,-7) size 6x29
                    text run at (0,-7) width 6: "]"
        RenderText {#text} at (128,2) size 4x18
          text run at (128,2) width 4: " "
        RenderMathMLMath {math} at (132,3) size 39x18 [padding: 0 1 0 1]
          RenderMathMLRow {mrow} at (1,0) size 37x18
            RenderMathMLOperator {mo} at (0,0) size 7x17 [bgcolor=#C8C8C8] [padding: 0 1 0 0]
              RenderMathMLBlock (flex) {mo} at (0,0) size 6x17
                RenderBlock (anonymous) at (0,0) size 6x17
                  RenderText {mo} at (0,-7) size 6x29
                    text run at (0,-7) width 6: "("
            RenderBlock {mi} at (7,5) size 7x9
              RenderText {#text} at (0,-9) size 7x24
                text run at (0,-9) width 7: "x"
            RenderBlock {mtext} at (14,2) size 16x16
              RenderBlock {div} at (0,0) size 16x16 [bgcolor=#00FF00]
            RenderMathMLOperator {mo} at (30,0) size 7x17 [bgcolor=#C8C8C8] [padding: 0 1 0 0]
              RenderMathMLBlock (flex) {mo} at (0,0) size 6x17
                RenderBlock (anonymous) at (0,0) size 6x17
                  RenderText {mo} at (0,-7) size 6x29
                    text run at (0,-7) width 6: ")"
        RenderText {#text} at (171,2) size 4x18
          text run at (171,2) width 4: " "
        RenderMathMLMath {math} at (175,3) size 35x18 [padding: 0 1 0 1]
          RenderMathMLRow {mrow} at (1,0) size 33x18
            RenderMathMLOperator {mo} at (0,0) size 5x14 [bgcolor=#C8C8C8] [padding: 0 1 0 0]
              RenderMathMLBlock (flex) {mo} at (0,0) size 4x14
                RenderBlock (anonymous) at (0,0) size 4x14
                  RenderText {mo} at (0,-7) size 4x29
                    text run at (0,-7) width 4: "|"
            RenderBlock {mi} at (5,5) size 7x9
              RenderText {#text} at (0,-9) size 7x24
                text run at (0,-9) width 7: "x"
            RenderBlock {mtext} at (12,2) size 16x16
              RenderBlock {div} at (0,0) size 16x16 [bgcolor=#00FF00]
            RenderMathMLOperator {mo} at (28,0) size 5x14 [bgcolor=#C8C8C8] [padding: 0 1 0 0]
              RenderMathMLBlock (flex) {mo} at (0,0) size 4x14
                RenderBlock (anonymous) at (0,0) size 4x14
                  RenderText {mo} at (0,-7) size 4x29
                    text run at (0,-7) width 4: "|"
        RenderText {#text} at (210,2) size 4x18
          text run at (210,2) width 4: " "
        RenderMathMLMath {math} at (214,0) size 35x23 [padding: 0 1 0 1]
          RenderMathMLRow {mrow} at (1,0) size 33x23
            RenderMathMLOperator {mo} at (0,0) size 10x23 [bgcolor=#C8C8C8] [padding: 0 1 0 0]
              RenderMathMLBlock (flex) {mo} at (0,0) size 9x23
                RenderBlock (anonymous) at (0,0) size 9x23
                  RenderText {mo} at (0,-4) size 9x29
                    text run at (0,-4) width 9: "\x{222B}"
            RenderBlock {mi} at (10,8) size 7x9
              RenderText {#text} at (0,-9) size 7x24
                text run at (0,-9) width 7: "x"
            RenderBlock {mtext} at (17,5) size 16x16
              RenderBlock {div} at (0,0) size 16x16 [bgcolor=#00FF00]
        RenderText {#text} at (0,0) size 0x0
      RenderBlock {p} at (0,73) size 784x35
        RenderText {#text} at (0,3) size 40x18
          text run at (0,3) width 40: "24px: "
        RenderMathMLMath {math} at (40,0) size 49x35 [padding: 0 1 0 1]
          RenderMathMLRow {mrow} at (1,0) size 47x35
            RenderMathMLOperator {mo} at (0,1) size 8x34 [bgcolor=#C8C8C8] [padding: 0 1 0 0]
            RenderBlock {mi} at (8,9) size 7x9
              RenderText {#text} at (0,-9) size 7x24
                text run at (0,-9) width 7: "x"
            RenderBlock {mtext} at (15,0) size 24x24
              RenderBlock {div} at (0,0) size 24x24 [bgcolor=#00FF00]
            RenderMathMLOperator {mo} at (39,1) size 8x34 [bgcolor=#C8C8C8] [padding: 0 1 0 0]
        RenderText {#text} at (89,3) size 4x18
          text run at (89,3) width 4: " "
        RenderMathMLMath {math} at (93,0) size 45x34 [padding: 0 1 0 1]
          RenderMathMLRow {mrow} at (1,0) size 43x34
            RenderMathMLOperator {mo} at (0,1) size 6x33 [bgcolor=#C8C8C8] [padding: 0 1 0 0]
            RenderBlock {mi} at (6,9) size 7x9
              RenderText {#text} at (0,-9) size 7x24
                text run at (0,-9) width 7: "x"
            RenderBlock {mtext} at (13,0) size 24x24
              RenderBlock {div} at (0,0) size 24x24 [bgcolor=#00FF00]
            RenderMathMLOperator {mo} at (37,1) size 6x33 [bgcolor=#C8C8C8] [padding: 0 1 0 0]
        RenderText {#text} at (138,3) size 4x18
          text run at (138,3) width 4: " "
        RenderMathMLMath {math} at (142,0) size 45x33 [padding: 0 1 0 1]
          RenderMathMLRow {mrow} at (1,0) size 43x33
            RenderMathMLOperator {mo} at (0,1) size 6x32 [bgcolor=#C8C8C8] [padding: 0 1 0 0]
            RenderBlock {mi} at (6,9) size 7x9
              RenderText {#text} at (0,-9) size 7x24
                text run at (0,-9) width 7: "x"
            RenderBlock {mtext} at (13,0) size 24x24
              RenderBlock {div} at (0,0) size 24x24 [bgcolor=#00FF00]
            RenderMathMLOperator {mo} at (37,1) size 6x32 [bgcolor=#C8C8C8] [padding: 0 1 0 0]
        RenderText {#text} at (187,3) size 4x18
          text run at (187,3) width 4: " "
        RenderMathMLMath {math} at (191,0) size 49x32 [padding: 0 1 0 1]
          RenderMathMLRow {mrow} at (1,0) size 47x32
            RenderMathMLOperator {mo} at (0,1) size 8x31 [bgcolor=#C8C8C8] [padding: 0 1 0 0]
            RenderBlock {mi} at (8,9) size 7x9
              RenderText {#text} at (0,-9) size 7x24
                text run at (0,-9) width 7: "x"
            RenderBlock {mtext} at (15,0) size 24x24
              RenderBlock {div} at (0,0) size 24x24 [bgcolor=#00FF00]
            RenderMathMLOperator {mo} at (39,1) size 8x31 [bgcolor=#C8C8C8] [padding: 0 1 0 0]
        RenderText {#text} at (240,3) size 4x18
          text run at (240,3) width 4: " "
        RenderMathMLMath {math} at (244,0) size 44x34 [padding: 0 1 0 1]
          RenderMathMLRow {mrow} at (1,0) size 42x34
            RenderMathMLOperator {mo} at (0,1) size 11x33 [bgcolor=#C8C8C8] [padding: 0 1 0 0]
            RenderBlock {mi} at (11,9) size 7x9
              RenderText {#text} at (0,-9) size 7x24
                text run at (0,-9) width 7: "x"
            RenderBlock {mtext} at (18,0) size 24x24
              RenderBlock {div} at (0,0) size 24x24 [bgcolor=#00FF00]
        RenderText {#text} at (0,0) size 0x0
      RenderBlock {p} at (0,124) size 784x43
        RenderText {#text} at (0,8) size 40x18
          text run at (0,8) width 40: "32px: "
        RenderMathMLMath {math} at (40,0) size 57x43 [padding: 0 1 0 1]
          RenderMathMLRow {mrow} at (1,0) size 55x43
            RenderMathMLOperator {mo} at (0,0) size 8x43 [bgcolor=#C8C8C8] [padding: 0 1 0 0]
            RenderBlock {mi} at (8,14) size 7x9
              RenderText {#text} at (0,-9) size 7x24
                text run at (0,-9) width 7: "x"
            RenderBlock {mtext} at (15,0) size 32x32
              RenderBlock {div} at (0,0) size 32x32 [bgcolor=#00FF00]
            RenderMathMLOperator {mo} at (47,0) size 8x43 [bgcolor=#C8C8C8] [padding: 0 1 0 0]
        RenderText {#text} at (97,8) size 4x18
          text run at (97,8) width 4: " "
        RenderMathMLMath {math} at (101,0) size 53x43 [padding: 0 1 0 1]
          RenderMathMLRow {mrow} at (1,0) size 51x43
            RenderMathMLOperator {mo} at (0,0) size 6x43 [bgcolor=#C8C8C8] [padding: 0 1 0 0]
            RenderBlock {mi} at (6,14) size 7x9
              RenderText {#text} at (0,-9) size 7x24
                text run at (0,-9) width 7: "x"
            RenderBlock {mtext} at (13,0) size 32x32
              RenderBlock {div} at (0,0) size 32x32 [bgcolor=#00FF00]
            RenderMathMLOperator {mo} at (45,0) size 6x43 [bgcolor=#C8C8C8] [padding: 0 1 0 0]
        RenderText {#text} at (154,8) size 4x18
          text run at (154,8) width 4: " "
        RenderMathMLMath {math} at (158,0) size 53x42 [padding: 0 1 0 1]
          RenderMathMLRow {mrow} at (1,0) size 51x42
            RenderMathMLOperator {mo} at (0,0) size 6x42 [bgcolor=#C8C8C8] [padding: 0 1 0 0]
            RenderBlock {mi} at (6,14) size 7x9
              RenderText {#text} at (0,-9) size 7x24
                text run at (0,-9) width 7: "x"
            RenderBlock {mtext} at (13,0) size 32x32
              RenderBlock {div} at (0,0) size 32x32 [bgcolor=#00FF00]
            RenderMathMLOperator {mo} at (45,0) size 6x42 [bgcolor=#C8C8C8] [padding: 0 1 0 0]
        RenderText {#text} at (211,8) size 4x18
          text run at (211,8) width 4: " "
        RenderMathMLMath {math} at (215,0) size 57x41 [padding: 0 1 0 1]
          RenderMathMLRow {mrow} at (1,0) size 55x41
            RenderMathMLOperator {mo} at (0,0) size 8x41 [bgcolor=#C8C8C8] [padding: 0 1 0 0]
            RenderBlock {mi} at (8,14) size 7x9
              RenderText {#text} at (0,-9) size 7x24
                text run at (0,-9) width 7: "x"
            RenderBlock {mtext} at (15,0) size 32x32
              RenderBlock {div} at (0,0) size 32x32 [bgcolor=#00FF00]
            RenderMathMLOperator {mo} at (47,0) size 8x41 [bgcolor=#C8C8C8] [padding: 0 1 0 0]
        RenderText {#text} at (272,8) size 4x18
          text run at (272,8) width 4: " "
        RenderMathMLMath {math} at (276,0) size 52x43 [padding: 0 1 0 1]
          RenderMathMLRow {mrow} at (1,0) size 50x43
            RenderMathMLOperator {mo} at (0,0) size 11x43 [bgcolor=#C8C8C8] [padding: 0 1 0 0]
            RenderBlock {mi} at (11,14) size 7x9
              RenderText {#text} at (0,-9) size 7x24
                text run at (0,-9) width 7: "x"
            RenderBlock {mtext} at (18,0) size 32x32
              RenderBlock {div} at (0,0) size 32x32 [bgcolor=#00FF00]
        RenderText {#text} at (0,0) size 0x0
      RenderBlock {p} at (0,183) size 784x62
        RenderText {#text} at (0,19) size 40x18
          text run at (0,19) width 40: "48px: "
        RenderMathMLMath {math} at (40,0) size 73x62 [padding: 0 1 0 1]
          RenderMathMLRow {mrow} at (1,0) size 71x62
            RenderMathMLOperator {mo} at (0,0) size 8x62 [bgcolor=#C8C8C8] [padding: 0 1 0 0]
            RenderBlock {mi} at (8,25) size 7x9
              RenderText {#text} at (0,-9) size 7x24
                text run at (0,-9) width 7: "x"
            RenderBlock {mtext} at (15,0) size 48x48
              RenderBlock {div} at (0,0) size 48x48 [bgcolor=#00FF00]
            RenderMathMLOperator {mo} at (63,0) size 8x62 [bgcolor=#C8C8C8] [padding: 0 1 0 0]
        RenderText {#text} at (113,19) size 4x18
          text run at (113,19) width 4: " "
        RenderMathMLMath {math} at (117,0) size 69x62 [padding: 0 1 0 1]
          RenderMathMLRow {mrow} at (1,0) size 67x62
            RenderMathMLOperator {mo} at (0,0) size 6x62 [bgcolor=#C8C8C8] [padding: 0 1 0 0]
            RenderBlock {mi} at (6,25) size 7x9
              RenderText {#text} at (0,-9) size 7x24
                text run at (0,-9) width 7: "x"
            RenderBlock {mtext} at (13,0) size 48x48
              RenderBlock {div} at (0,0) size 48x48 [bgcolor=#00FF00]
            RenderMathMLOperator {mo} at (61,0) size 6x62 [bgcolor=#C8C8C8] [padding: 0 1 0 0]
        RenderText {#text} at (186,19) size 4x18
          text run at (186,19) width 4: " "
        RenderMathMLMath {math} at (190,0) size 69x61 [padding: 0 1 0 1]
          RenderMathMLRow {mrow} at (1,0) size 67x61
            RenderMathMLOperator {mo} at (0,0) size 6x61 [bgcolor=#C8C8C8] [padding: 0 1 0 0]
            RenderBlock {mi} at (6,25) size 7x9
              RenderText {#text} at (0,-9) size 7x24
                text run at (0,-9) width 7: "x"
            RenderBlock {mtext} at (13,0) size 48x48
              RenderBlock {div} at (0,0) size 48x48 [bgcolor=#00FF00]
            RenderMathMLOperator {mo} at (61,0) size 6x61 [bgcolor=#C8C8C8] [padding: 0 1 0 0]
        RenderText {#text} at (259,19) size 4x18
          text run at (259,19) width 4: " "
        RenderMathMLMath {math} at (263,0) size 73x60 [padding: 0 1 0 1]
          RenderMathMLRow {mrow} at (1,0) size 71x60
            RenderMathMLOperator {mo} at (0,0) size 8x60 [bgcolor=#C8C8C8] [padding: 0 1 0 0]
            RenderBlock {mi} at (8,25) size 7x9
              RenderText {#text} at (0,-9) size 7x24
                text run at (0,-9) width 7: "x"
            RenderBlock {mtext} at (15,0) size 48x48
              RenderBlock {div} at (0,0) size 48x48 [bgcolor=#00FF00]
            RenderMathMLOperator {mo} at (63,0) size 8x60 [bgcolor=#C8C8C8] [padding: 0 1 0 0]
        RenderText {#text} at (336,19) size 4x18
          text run at (336,19) width 4: " "
        RenderMathMLMath {math} at (340,0) size 68x62 [padding: 0 1 0 1]
          RenderMathMLRow {mrow} at (1,0) size 66x62
            RenderMathMLOperator {mo} at (0,0) size 11x62 [bgcolor=#C8C8C8] [padding: 0 1 0 0]
            RenderBlock {mi} at (11,25) size 7x9
              RenderText {#text} at (0,-9) size 7x24
                text run at (0,-9) width 7: "x"
            RenderBlock {mtext} at (18,0) size 48x48
              RenderBlock {div} at (0,0) size 48x48 [bgcolor=#00FF00]
        RenderText {#text} at (0,0) size 0x0
      RenderBlock {p} at (0,261) size 784x149
        RenderText {#text} at (0,70) size 48x18
          text run at (0,70) width 48: "120px: "
        RenderMathMLMath {math} at (48,0) size 73x149 [padding: 0 1 0 1]
          RenderMathMLRow {mrow} at (1,0) size 71x149
            RenderMathMLOperator {mo} at (0,0) size 8x149 [bgcolor=#C8C8C8] [padding: 0 1 0 0]
            RenderBlock {mi} at (8,76) size 7x9
              RenderText {#text} at (0,-9) size 7x24
                text run at (0,-9) width 7: "x"
            RenderBlock {mtext} at (15,3) size 48x120
              RenderBlock {div} at (0,0) size 48x120 [bgcolor=#00FF00]
            RenderMathMLOperator {mo} at (63,0) size 8x149 [bgcolor=#C8C8C8] [padding: 0 1 0 0]
        RenderText {#text} at (121,70) size 4x18
          text run at (121,70) width 4: " "
        RenderMathMLMath {math} at (125,0) size 69x149 [padding: 0 1 0 1]
          RenderMathMLRow {mrow} at (1,0) size 67x149
            RenderMathMLOperator {mo} at (0,0) size 6x149 [bgcolor=#C8C8C8] [padding: 0 1 0 0]
            RenderBlock {mi} at (6,76) size 7x9
              RenderText {#text} at (0,-9) size 7x24
                text run at (0,-9) width 7: "x"
            RenderBlock {mtext} at (13,3) size 48x120
              RenderBlock {div} at (0,0) size 48x120 [bgcolor=#00FF00]
            RenderMathMLOperator {mo} at (61,0) size 6x149 [bgcolor=#C8C8C8] [padding: 0 1 0 0]
        RenderText {#text} at (194,70) size 4x18
          text run at (194,70) width 4: " "
        RenderMathMLMath {math} at (198,0) size 69x148 [padding: 0 1 0 1]
          RenderMathMLRow {mrow} at (1,0) size 67x148
            RenderMathMLOperator {mo} at (0,0) size 6x148 [bgcolor=#C8C8C8] [padding: 0 1 0 0]
            RenderBlock {mi} at (6,76) size 7x9
              RenderText {#text} at (0,-9) size 7x24
                text run at (0,-9) width 7: "x"
            RenderBlock {mtext} at (13,3) size 48x120
              RenderBlock {div} at (0,0) size 48x120 [bgcolor=#00FF00]
            RenderMathMLOperator {mo} at (61,0) size 6x148 [bgcolor=#C8C8C8] [padding: 0 1 0 0]
        RenderText {#text} at (267,70) size 4x18
          text run at (267,70) width 4: " "
        RenderMathMLMath {math} at (271,0) size 73x147 [padding: 0 1 0 1]
          RenderMathMLRow {mrow} at (1,0) size 71x147
            RenderMathMLOperator {mo} at (0,0) size 8x147 [bgcolor=#C8C8C8] [padding: 0 1 0 0]
            RenderBlock {mi} at (8,76) size 7x9
              RenderText {#text} at (0,-9) size 7x24
                text run at (0,-9) width 7: "x"
            RenderBlock {mtext} at (15,3) size 48x120
              RenderBlock {div} at (0,0) size 48x120 [bgcolor=#00FF00]
            RenderMathMLOperator {mo} at (63,0) size 8x147 [bgcolor=#C8C8C8] [padding: 0 1 0 0]
        RenderText {#text} at (344,70) size 4x18
          text run at (344,70) width 4: " "
        RenderMathMLMath {math} at (348,0) size 68x149 [padding: 0 1 0 1]
          RenderMathMLRow {mrow} at (1,0) size 66x149
            RenderMathMLOperator {mo} at (0,0) size 11x149 [bgcolor=#C8C8C8] [padding: 0 1 0 0]
            RenderBlock {mi} at (11,76) size 7x9
              RenderText {#text} at (0,-9) size 7x24
                text run at (0,-9) width 7: "x"
            RenderBlock {mtext} at (18,3) size 48x120
              RenderBlock {div} at (0,0) size 48x120 [bgcolor=#00FF00]
        RenderText {#text} at (0,0) size 0x0
      RenderBlock {p} at (0,426) size 784x52
        RenderText {#text} at (0,14) size 40x18
          text run at (0,14) width 40: "40px: "
        RenderMathMLMath {math} at (40,0) size 156x52 [padding: 0 1 0 1]
          RenderMathMLRow {mrow} at (1,0) size 154x52
            RenderMathMLOperator {mo} at (0,0) size 6x52 [bgcolor=#C8C8C8] [padding: 0 1 0 0]
            RenderBlock {mi} at (6,20) size 7x9
              RenderText {#text} at (0,-9) size 7x24
                text run at (0,-9) width 7: "x"
            RenderMathMLOperator {mo} at (13,26) size 5x5 [bgcolor=#C8C8C8] [padding: 0 1 0 0]
              RenderMathMLBlock (flex) {mo} at (0,0) size 4x5
                RenderBlock (anonymous) at (0,0) size 4x5
                  RenderText {mo} at (0,-15) size 4x24
                    text run at (0,-15) width 4: ","
            RenderBlock {mtext} at (18,1) size 40x40
              RenderBlock {div} at (0,0) size 40x40 [bgcolor=#00FF00]
            RenderMathMLOperator {mo} at (58,26) size 5x5 [bgcolor=#C8C8C8] [padding: 0 1 0 0]
              RenderMathMLBlock (flex) {mo} at (0,0) size 4x5
                RenderBlock (anonymous) at (0,0) size 4x5
                  RenderText {mo} at (0,-15) size 4x24
                    text run at (0,-15) width 4: ","
            RenderBlock {mtext} at (63,1) size 40x40
              RenderBlock {div} at (0,0) size 40x40 [bgcolor=#00FF00]
            RenderMathMLOperator {mo} at (103,26) size 5x5 [bgcolor=#C8C8C8] [padding: 0 1 0 0]
              RenderMathMLBlock (flex) {mo} at (0,0) size 4x5
                RenderBlock (anonymous) at (0,0) size 4x5
                  RenderText {mo} at (0,-15) size 4x24
                    text run at (0,-15) width 4: ","
            RenderBlock {mtext} at (108,1) size 40x40
              RenderBlock {div} at (0,0) size 40x40 [bgcolor=#00FF00]
            RenderMathMLOperator {mo} at (148,0) size 6x52 [bgcolor=#C8C8C8] [padding: 0 1 0 0]
        RenderText {#text} at (0,0) size 0x0
layer at (49,90) size 7x9 scrollHeight 18
  RenderMathMLBlock (flex) {mo} at (0,0) size 7x9
    RenderBlock (anonymous) at (0,0) size 7x9
layer at (49,99) size 7x10 scrollHeight 17
  RenderMathMLBlock (flex) {mo} at (0,9) size 7x10
    RenderBlock (anonymous) at (0,0) size 7x10
layer at (49,109) size 7x15 scrollHeight 17
  RenderMathMLBlock (flex) {mo} at (0,19) size 7x15
    RenderBlock (anonymous) at (0,0) size 7x15
layer at (88,90) size 7x9 scrollHeight 18
  RenderMathMLBlock (flex) {mo} at (0,0) size 7x9
    RenderBlock (anonymous) at (0,0) size 7x9
layer at (88,99) size 7x10 scrollHeight 17
  RenderMathMLBlock (flex) {mo} at (0,9) size 7x10
    RenderBlock (anonymous) at (0,0) size 7x10
layer at (88,109) size 7x15 scrollHeight 17
  RenderMathMLBlock (flex) {mo} at (0,19) size 7x15
    RenderBlock (anonymous) at (0,0) size 7x15
layer at (102,90) size 5x10 scrollHeight 18
  RenderMathMLBlock (flex) {mo} at (0,0) size 5x10
    RenderBlock (anonymous) at (0,0) size 5x10
layer at (102,100) size 5x8 scrollHeight 17
  RenderMathMLBlock (flex) {mo} at (0,10) size 5x8
    RenderBlock (anonymous) at (0,0) size 5x8
      RenderText {mo} at (0,-4) size 5x21
        text run at (0,-4) width 5: "\x{23A2}"
layer at (102,108) size 5x15 scrollHeight 17
  RenderMathMLBlock (flex) {mo} at (0,18) size 5x15
    RenderBlock (anonymous) at (0,0) size 5x15
layer at (139,90) size 5x10 scrollHeight 18
  RenderMathMLBlock (flex) {mo} at (0,0) size 5x10
    RenderBlock (anonymous) at (0,0) size 5x10
layer at (139,100) size 5x8 scrollHeight 17
  RenderMathMLBlock (flex) {mo} at (0,10) size 5x8
    RenderBlock (anonymous) at (0,0) size 5x8
      RenderText {mo} at (0,-4) size 5x21
        text run at (0,-4) width 5: "\x{23A5}"
layer at (139,108) size 5x15 scrollHeight 17
  RenderMathMLBlock (flex) {mo} at (0,18) size 5x15
    RenderBlock (anonymous) at (0,0) size 5x15
layer at (151,90) size 5x10 scrollHeight 18
  RenderMathMLBlock (flex) {mo} at (0,0) size 5x10
    RenderBlock (anonymous) at (0,0) size 5x10
layer at (151,100) size 5x8 scrollHeight 17
  RenderMathMLBlock (flex) {mo} at (0,10) size 5x8
    RenderBlock (anonymous) at (0,0) size 5x8
      RenderText {mo} at (0,-4) size 5x21
        text run at (0,-4) width 5: "\x{239C}"
layer at (151,108) size 5x14 scrollHeight 17
  RenderMathMLBlock (flex) {mo} at (0,18) size 5x14
    RenderBlock (anonymous) at (0,0) size 5x14
layer at (188,90) size 5x10 scrollHeight 18
  RenderMathMLBlock (flex) {mo} at (0,0) size 5x10
    RenderBlock (anonymous) at (0,0) size 5x10
layer at (188,100) size 5x8 scrollHeight 17
  RenderMathMLBlock (flex) {mo} at (0,10) size 5x8
    RenderBlock (anonymous) at (0,0) size 5x8
      RenderText {mo} at (0,-4) size 5x21
        text run at (0,-4) width 5: "\x{239F}"
layer at (188,108) size 5x14 scrollHeight 17
  RenderMathMLBlock (flex) {mo} at (0,18) size 5x14
    RenderBlock (anonymous) at (0,0) size 5x14
layer at (200,90) size 7x4 scrollHeight 13
  RenderMathMLBlock (flex) {mo} at (0,0) size 7x4
    RenderBlock (anonymous) at (0,0) size 7x4
layer at (200,94) size 7x4 scrollHeight 12
  RenderMathMLBlock (flex) {mo} at (0,4) size 7x4
    RenderBlock (anonymous) at (0,0) size 7x4
      RenderText {mo} at (0,-9) size 7x21
        text run at (0,-9) width 7: "\x{23D0}"
layer at (200,98) size 7x4 scrollHeight 12
  RenderMathMLBlock (flex) {mo} at (0,8) size 7x4
    RenderBlock (anonymous) at (0,0) size 7x4
      RenderText {mo} at (0,-9) size 7x21
        text run at (0,-9) width 7: "\x{23D0}"
layer at (200,102) size 7x4 scrollHeight 12
  RenderMathMLBlock (flex) {mo} at (0,12) size 7x4
    RenderBlock (anonymous) at (0,0) size 7x4
      RenderText {mo} at (0,-9) size 7x21
        text run at (0,-9) width 7: "\x{23D0}"
layer at (200,106) size 7x4 scrollHeight 12
  RenderMathMLBlock (flex) {mo} at (0,16) size 7x4
    RenderBlock (anonymous) at (0,0) size 7x4
      RenderText {mo} at (0,-9) size 7x21
        text run at (0,-9) width 7: "\x{23D0}"
layer at (200,110) size 7x4 scrollHeight 12
  RenderMathMLBlock (flex) {mo} at (0,20) size 7x4
    RenderBlock (anonymous) at (0,0) size 7x4
      RenderText {mo} at (0,-9) size 7x21
        text run at (0,-9) width 7: "\x{23D0}"
layer at (200,114) size 7x7 scrollHeight 12
  RenderMathMLBlock (flex) {mo} at (0,24) size 7x7
    RenderBlock (anonymous) at (0,0) size 7x7
layer at (239,90) size 7x4 scrollHeight 13
  RenderMathMLBlock (flex) {mo} at (0,0) size 7x4
    RenderBlock (anonymous) at (0,0) size 7x4
layer at (239,94) size 7x4 scrollHeight 12
  RenderMathMLBlock (flex) {mo} at (0,4) size 7x4
    RenderBlock (anonymous) at (0,0) size 7x4
      RenderText {mo} at (0,-9) size 7x21
        text run at (0,-9) width 7: "\x{23D0}"
layer at (239,98) size 7x4 scrollHeight 12
  RenderMathMLBlock (flex) {mo} at (0,8) size 7x4
    RenderBlock (anonymous) at (0,0) size 7x4
      RenderText {mo} at (0,-9) size 7x21
        text run at (0,-9) width 7: "\x{23D0}"
layer at (239,102) size 7x4 scrollHeight 12
  RenderMathMLBlock (flex) {mo} at (0,12) size 7x4
    RenderBlock (anonymous) at (0,0) size 7x4
      RenderText {mo} at (0,-9) size 7x21
        text run at (0,-9) width 7: "\x{23D0}"
layer at (239,106) size 7x4 scrollHeight 12
  RenderMathMLBlock (flex) {mo} at (0,16) size 7x4
    RenderBlock (anonymous) at (0,0) size 7x4
      RenderText {mo} at (0,-9) size 7x21
        text run at (0,-9) width 7: "\x{23D0}"
layer at (239,110) size 7x4 scrollHeight 12
  RenderMathMLBlock (flex) {mo} at (0,20) size 7x4
    RenderBlock (anonymous) at (0,0) size 7x4
      RenderText {mo} at (0,-9) size 7x21
        text run at (0,-9) width 7: "\x{23D0}"
layer at (239,114) size 7x7 scrollHeight 12
  RenderMathMLBlock (flex) {mo} at (0,24) size 7x7
    RenderBlock (anonymous) at (0,0) size 7x7
layer at (253,90) size 10x10 scrollHeight 18
  RenderMathMLBlock (flex) {mo} at (0,0) size 10x10
    RenderBlock (anonymous) at (0,0) size 10x10
layer at (253,100) size 10x8 scrollHeight 17
  RenderMathMLBlock (flex) {mo} at (0,10) size 10x8
    RenderBlock (anonymous) at (0,0) size 10x8
      RenderText {mo} at (0,-4) size 10x21
        text run at (0,-4) width 10: "\x{23AE}"
layer at (253,108) size 10x15 scrollHeight 17
  RenderMathMLBlock (flex) {mo} at (0,18) size 10x15
    RenderBlock (anonymous) at (0,0) size 10x15
layer at (49,140) size 7x10 scrollHeight 18
  RenderMathMLBlock (flex) {mo} at (0,0) size 7x10
    RenderBlock (anonymous) at (0,0) size 7x10
layer at (49,150) size 7x4 scrollHeight 17
  RenderMathMLBlock (flex) {mo} at (0,10) size 7x4
    RenderBlock (anonymous) at (0,0) size 7x4
      RenderText {mo} at (0,-4) size 7x21
        text run at (0,-4) width 7: "\x{23AA}"
layer at (49,154) size 7x10 scrollHeight 17
  RenderMathMLBlock (flex) {mo} at (0,14) size 7x10
    RenderBlock (anonymous) at (0,0) size 7x10
layer at (49,164) size 7x4 scrollHeight 17
  RenderMathMLBlock (flex) {mo} at (0,24) size 7x4
    RenderBlock (anonymous) at (0,0) size 7x4
      RenderText {mo} at (0,-4) size 7x21
        text run at (0,-4) width 7: "\x{23AA}"
layer at (49,168) size 7x15 scrollHeight 17
  RenderMathMLBlock (flex) {mo} at (0,28) size 7x15
    RenderBlock (anonymous) at (0,0) size 7x15
layer at (96,140) size 7x10 scrollHeight 18
  RenderMathMLBlock (flex) {mo} at (0,0) size 7x10
    RenderBlock (anonymous) at (0,0) size 7x10
layer at (96,150) size 7x4 scrollHeight 17
  RenderMathMLBlock (flex) {mo} at (0,10) size 7x4
    RenderBlock (anonymous) at (0,0) size 7x4
      RenderText {mo} at (0,-4) size 7x21
        text run at (0,-4) width 7: "\x{23AA}"
layer at (96,154) size 7x10 scrollHeight 17
  RenderMathMLBlock (flex) {mo} at (0,14) size 7x10
    RenderBlock (anonymous) at (0,0) size 7x10
layer at (96,164) size 7x4 scrollHeight 17
  RenderMathMLBlock (flex) {mo} at (0,24) size 7x4
    RenderBlock (anonymous) at (0,0) size 7x4
      RenderText {mo} at (0,-4) size 7x21
        text run at (0,-4) width 7: "\x{23AA}"
layer at (96,168) size 7x15 scrollHeight 17
  RenderMathMLBlock (flex) {mo} at (0,28) size 7x15
    RenderBlock (anonymous) at (0,0) size 7x15
layer at (110,140) size 5x10 scrollHeight 18
  RenderMathMLBlock (flex) {mo} at (0,0) size 5x10
    RenderBlock (anonymous) at (0,0) size 5x10
layer at (110,150) size 5x10 scrollHeight 17
  RenderMathMLBlock (flex) {mo} at (0,10) size 5x10
    RenderBlock (anonymous) at (0,0) size 5x10
      RenderText {mo} at (0,-4) size 5x21
        text run at (0,-4) width 5: "\x{23A2}"
layer at (110,160) size 5x8 scrollHeight 17
  RenderMathMLBlock (flex) {mo} at (0,20) size 5x8
    RenderBlock (anonymous) at (0,0) size 5x8
      RenderText {mo} at (0,-4) size 5x21
        text run at (0,-4) width 5: "\x{23A2}"
layer at (110,168) size 5x15 scrollHeight 17
  RenderMathMLBlock (flex) {mo} at (0,28) size 5x15
    RenderBlock (anonymous) at (0,0) size 5x15
layer at (155,140) size 5x10 scrollHeight 18
  RenderMathMLBlock (flex) {mo} at (0,0) size 5x10
    RenderBlock (anonymous) at (0,0) size 5x10
layer at (155,150) size 5x10 scrollHeight 17
  RenderMathMLBlock (flex) {mo} at (0,10) size 5x10
    RenderBlock (anonymous) at (0,0) size 5x10
      RenderText {mo} at (0,-4) size 5x21
        text run at (0,-4) width 5: "\x{23A5}"
layer at (155,160) size 5x8 scrollHeight 17
  RenderMathMLBlock (flex) {mo} at (0,20) size 5x8
    RenderBlock (anonymous) at (0,0) size 5x8
      RenderText {mo} at (0,-4) size 5x21
        text run at (0,-4) width 5: "\x{23A5}"
layer at (155,168) size 5x15 scrollHeight 17
  RenderMathMLBlock (flex) {mo} at (0,28) size 5x15
    RenderBlock (anonymous) at (0,0) size 5x15
layer at (167,140) size 5x10 scrollHeight 18
  RenderMathMLBlock (flex) {mo} at (0,0) size 5x10
    RenderBlock (anonymous) at (0,0) size 5x10
layer at (167,150) size 5x10 scrollHeight 17
  RenderMathMLBlock (flex) {mo} at (0,10) size 5x10
    RenderBlock (anonymous) at (0,0) size 5x10
      RenderText {mo} at (0,-4) size 5x21
        text run at (0,-4) width 5: "\x{239C}"
layer at (167,160) size 5x8 scrollHeight 17
  RenderMathMLBlock (flex) {mo} at (0,20) size 5x8
    RenderBlock (anonymous) at (0,0) size 5x8
      RenderText {mo} at (0,-4) size 5x21
        text run at (0,-4) width 5: "\x{239C}"
layer at (167,168) size 5x14 scrollHeight 17
  RenderMathMLBlock (flex) {mo} at (0,28) size 5x14
    RenderBlock (anonymous) at (0,0) size 5x14
layer at (212,140) size 5x10 scrollHeight 18
  RenderMathMLBlock (flex) {mo} at (0,0) size 5x10
    RenderBlock (anonymous) at (0,0) size 5x10
layer at (212,150) size 5x10 scrollHeight 17
  RenderMathMLBlock (flex) {mo} at (0,10) size 5x10
    RenderBlock (anonymous) at (0,0) size 5x10
      RenderText {mo} at (0,-4) size 5x21
        text run at (0,-4) width 5: "\x{239F}"
layer at (212,160) size 5x8 scrollHeight 17
  RenderMathMLBlock (flex) {mo} at (0,20) size 5x8
    RenderBlock (anonymous) at (0,0) size 5x8
      RenderText {mo} at (0,-4) size 5x21
        text run at (0,-4) width 5: "\x{239F}"
layer at (212,168) size 5x14 scrollHeight 17
  RenderMathMLBlock (flex) {mo} at (0,28) size 5x14
    RenderBlock (anonymous) at (0,0) size 5x14
layer at (224,140) size 7x4 scrollHeight 13
  RenderMathMLBlock (flex) {mo} at (0,0) size 7x4
    RenderBlock (anonymous) at (0,0) size 7x4
layer at (224,144) size 7x4 scrollHeight 12
  RenderMathMLBlock (flex) {mo} at (0,4) size 7x4
    RenderBlock (anonymous) at (0,0) size 7x4
      RenderText {mo} at (0,-9) size 7x21
        text run at (0,-9) width 7: "\x{23D0}"
layer at (224,148) size 7x4 scrollHeight 12
  RenderMathMLBlock (flex) {mo} at (0,8) size 7x4
    RenderBlock (anonymous) at (0,0) size 7x4
      RenderText {mo} at (0,-9) size 7x21
        text run at (0,-9) width 7: "\x{23D0}"
layer at (224,152) size 7x4 scrollHeight 12
  RenderMathMLBlock (flex) {mo} at (0,12) size 7x4
    RenderBlock (anonymous) at (0,0) size 7x4
      RenderText {mo} at (0,-9) size 7x21
        text run at (0,-9) width 7: "\x{23D0}"
layer at (224,156) size 7x4 scrollHeight 12
  RenderMathMLBlock (flex) {mo} at (0,16) size 7x4
    RenderBlock (anonymous) at (0,0) size 7x4
      RenderText {mo} at (0,-9) size 7x21
        text run at (0,-9) width 7: "\x{23D0}"
layer at (224,160) size 7x4 scrollHeight 12
  RenderMathMLBlock (flex) {mo} at (0,20) size 7x4
    RenderBlock (anonymous) at (0,0) size 7x4
      RenderText {mo} at (0,-9) size 7x21
        text run at (0,-9) width 7: "\x{23D0}"
layer at (224,164) size 7x4 scrollHeight 12
  RenderMathMLBlock (flex) {mo} at (0,24) size 7x4
    RenderBlock (anonymous) at (0,0) size 7x4
      RenderText {mo} at (0,-9) size 7x21
        text run at (0,-9) width 7: "\x{23D0}"
layer at (224,168) size 7x4 scrollHeight 12
  RenderMathMLBlock (flex) {mo} at (0,28) size 7x4
    RenderBlock (anonymous) at (0,0) size 7x4
      RenderText {mo} at (0,-9) size 7x21
        text run at (0,-9) width 7: "\x{23D0}"
layer at (224,172) size 7x2 scrollHeight 12
  RenderMathMLBlock (flex) {mo} at (0,32) size 7x2
    RenderBlock (anonymous) at (0,0) size 7x2
      RenderText {mo} at (0,-9) size 7x21
        text run at (0,-9) width 7: "\x{23D0}"
layer at (224,174) size 7x7 scrollHeight 12
  RenderMathMLBlock (flex) {mo} at (0,34) size 7x7
    RenderBlock (anonymous) at (0,0) size 7x7
layer at (271,140) size 7x4 scrollHeight 13
  RenderMathMLBlock (flex) {mo} at (0,0) size 7x4
    RenderBlock (anonymous) at (0,0) size 7x4
layer at (271,144) size 7x4 scrollHeight 12
  RenderMathMLBlock (flex) {mo} at (0,4) size 7x4
    RenderBlock (anonymous) at (0,0) size 7x4
      RenderText {mo} at (0,-9) size 7x21
        text run at (0,-9) width 7: "\x{23D0}"
layer at (271,148) size 7x4 scrollHeight 12
  RenderMathMLBlock (flex) {mo} at (0,8) size 7x4
    RenderBlock (anonymous) at (0,0) size 7x4
      RenderText {mo} at (0,-9) size 7x21
        text run at (0,-9) width 7: "\x{23D0}"
layer at (271,152) size 7x4 scrollHeight 12
  RenderMathMLBlock (flex) {mo} at (0,12) size 7x4
    RenderBlock (anonymous) at (0,0) size 7x4
      RenderText {mo} at (0,-9) size 7x21
        text run at (0,-9) width 7: "\x{23D0}"
layer at (271,156) size 7x4 scrollHeight 12
  RenderMathMLBlock (flex) {mo} at (0,16) size 7x4
    RenderBlock (anonymous) at (0,0) size 7x4
      RenderText {mo} at (0,-9) size 7x21
        text run at (0,-9) width 7: "\x{23D0}"
layer at (271,160) size 7x4 scrollHeight 12
  RenderMathMLBlock (flex) {mo} at (0,20) size 7x4
    RenderBlock (anonymous) at (0,0) size 7x4
      RenderText {mo} at (0,-9) size 7x21
        text run at (0,-9) width 7: "\x{23D0}"
layer at (271,164) size 7x4 scrollHeight 12
  RenderMathMLBlock (flex) {mo} at (0,24) size 7x4
    RenderBlock (anonymous) at (0,0) size 7x4
      RenderText {mo} at (0,-9) size 7x21
        text run at (0,-9) width 7: "\x{23D0}"
layer at (271,168) size 7x4 scrollHeight 12
  RenderMathMLBlock (flex) {mo} at (0,28) size 7x4
    RenderBlock (anonymous) at (0,0) size 7x4
      RenderText {mo} at (0,-9) size 7x21
        text run at (0,-9) width 7: "\x{23D0}"
layer at (271,172) size 7x2 scrollHeight 12
  RenderMathMLBlock (flex) {mo} at (0,32) size 7x2
    RenderBlock (anonymous) at (0,0) size 7x2
      RenderText {mo} at (0,-9) size 7x21
        text run at (0,-9) width 7: "\x{23D0}"
layer at (271,174) size 7x7 scrollHeight 12
  RenderMathMLBlock (flex) {mo} at (0,34) size 7x7
    RenderBlock (anonymous) at (0,0) size 7x7
layer at (285,140) size 10x10 scrollHeight 18
  RenderMathMLBlock (flex) {mo} at (0,0) size 10x10
    RenderBlock (anonymous) at (0,0) size 10x10
layer at (285,150) size 10x10 scrollHeight 17
  RenderMathMLBlock (flex) {mo} at (0,10) size 10x10
    RenderBlock (anonymous) at (0,0) size 10x10
      RenderText {mo} at (0,-4) size 10x21
        text run at (0,-4) width 10: "\x{23AE}"
layer at (285,160) size 10x8 scrollHeight 17
  RenderMathMLBlock (flex) {mo} at (0,20) size 10x8
    RenderBlock (anonymous) at (0,0) size 10x8
      RenderText {mo} at (0,-4) size 10x21
        text run at (0,-4) width 10: "\x{23AE}"
layer at (285,168) size 10x15 scrollHeight 17
  RenderMathMLBlock (flex) {mo} at (0,28) size 10x15
    RenderBlock (anonymous) at (0,0) size 10x15
layer at (49,199) size 7x10 scrollHeight 18
  RenderMathMLBlock (flex) {mo} at (0,0) size 7x10
    RenderBlock (anonymous) at (0,0) size 7x10
layer at (49,209) size 7x10 scrollHeight 17
  RenderMathMLBlock (flex) {mo} at (0,10) size 7x10
    RenderBlock (anonymous) at (0,0) size 7x10
      RenderText {mo} at (0,-4) size 7x21
        text run at (0,-4) width 7: "\x{23AA}"
layer at (49,219) size 7x3 scrollHeight 17
  RenderMathMLBlock (flex) {mo} at (0,20) size 7x3
    RenderBlock (anonymous) at (0,0) size 7x3
      RenderText {mo} at (0,-4) size 7x21
        text run at (0,-4) width 7: "\x{23AA}"
layer at (49,222) size 7x10 scrollHeight 17
  RenderMathMLBlock (flex) {mo} at (0,23) size 7x10
    RenderBlock (anonymous) at (0,0) size 7x10
layer at (49,232) size 7x10 scrollHeight 17
  RenderMathMLBlock (flex) {mo} at (0,33) size 7x10
    RenderBlock (anonymous) at (0,0) size 7x10
      RenderText {mo} at (0,-4) size 7x21
        text run at (0,-4) width 7: "\x{23AA}"
layer at (49,242) size 7x4 scrollHeight 17
  RenderMathMLBlock (flex) {mo} at (0,43) size 7x4
    RenderBlock (anonymous) at (0,0) size 7x4
      RenderText {mo} at (0,-4) size 7x21
        text run at (0,-4) width 7: "\x{23AA}"
layer at (49,246) size 7x15 scrollHeight 17
  RenderMathMLBlock (flex) {mo} at (0,47) size 7x15
    RenderBlock (anonymous) at (0,0) size 7x15
layer at (112,199) size 7x10 scrollHeight 18
  RenderMathMLBlock (flex) {mo} at (0,0) size 7x10
    RenderBlock (anonymous) at (0,0) size 7x10
layer at (112,209) size 7x10 scrollHeight 17
  RenderMathMLBlock (flex) {mo} at (0,10) size 7x10
    RenderBlock (anonymous) at (0,0) size 7x10
      RenderText {mo} at (0,-4) size 7x21
        text run at (0,-4) width 7: "\x{23AA}"
layer at (112,219) size 7x3 scrollHeight 17
  RenderMathMLBlock (flex) {mo} at (0,20) size 7x3
    RenderBlock (anonymous) at (0,0) size 7x3
      RenderText {mo} at (0,-4) size 7x21
        text run at (0,-4) width 7: "\x{23AA}"
layer at (112,222) size 7x10 scrollHeight 17
  RenderMathMLBlock (flex) {mo} at (0,23) size 7x10
    RenderBlock (anonymous) at (0,0) size 7x10
layer at (112,232) size 7x10 scrollHeight 17
  RenderMathMLBlock (flex) {mo} at (0,33) size 7x10
    RenderBlock (anonymous) at (0,0) size 7x10
      RenderText {mo} at (0,-4) size 7x21
        text run at (0,-4) width 7: "\x{23AA}"
layer at (112,242) size 7x4 scrollHeight 17
  RenderMathMLBlock (flex) {mo} at (0,43) size 7x4
    RenderBlock (anonymous) at (0,0) size 7x4
      RenderText {mo} at (0,-4) size 7x21
        text run at (0,-4) width 7: "\x{23AA}"
layer at (112,246) size 7x15 scrollHeight 17
  RenderMathMLBlock (flex) {mo} at (0,47) size 7x15
    RenderBlock (anonymous) at (0,0) size 7x15
layer at (126,199) size 5x10 scrollHeight 18
  RenderMathMLBlock (flex) {mo} at (0,0) size 5x10
    RenderBlock (anonymous) at (0,0) size 5x10
layer at (126,209) size 5x10 scrollHeight 17
  RenderMathMLBlock (flex) {mo} at (0,10) size 5x10
    RenderBlock (anonymous) at (0,0) size 5x10
      RenderText {mo} at (0,-4) size 5x21
        text run at (0,-4) width 5: "\x{23A2}"
layer at (126,219) size 5x10 scrollHeight 17
  RenderMathMLBlock (flex) {mo} at (0,20) size 5x10
    RenderBlock (anonymous) at (0,0) size 5x10
      RenderText {mo} at (0,-4) size 5x21
        text run at (0,-4) width 5: "\x{23A2}"
layer at (126,229) size 5x10 scrollHeight 17
  RenderMathMLBlock (flex) {mo} at (0,30) size 5x10
    RenderBlock (anonymous) at (0,0) size 5x10
      RenderText {mo} at (0,-4) size 5x21
        text run at (0,-4) width 5: "\x{23A2}"
layer at (126,239) size 5x7 scrollHeight 17
  RenderMathMLBlock (flex) {mo} at (0,40) size 5x7
    RenderBlock (anonymous) at (0,0) size 5x7
      RenderText {mo} at (0,-4) size 5x21
        text run at (0,-4) width 5: "\x{23A2}"
layer at (126,246) size 5x15 scrollHeight 17
  RenderMathMLBlock (flex) {mo} at (0,47) size 5x15
    RenderBlock (anonymous) at (0,0) size 5x15
layer at (187,199) size 5x10 scrollHeight 18
  RenderMathMLBlock (flex) {mo} at (0,0) size 5x10
    RenderBlock (anonymous) at (0,0) size 5x10
layer at (187,209) size 5x10 scrollHeight 17
  RenderMathMLBlock (flex) {mo} at (0,10) size 5x10
    RenderBlock (anonymous) at (0,0) size 5x10
      RenderText {mo} at (0,-4) size 5x21
        text run at (0,-4) width 5: "\x{23A5}"
layer at (187,219) size 5x10 scrollHeight 17
  RenderMathMLBlock (flex) {mo} at (0,20) size 5x10
    RenderBlock (anonymous) at (0,0) size 5x10
      RenderText {mo} at (0,-4) size 5x21
        text run at (0,-4) width 5: "\x{23A5}"
layer at (187,229) size 5x10 scrollHeight 17
  RenderMathMLBlock (flex) {mo} at (0,30) size 5x10
    RenderBlock (anonymous) at (0,0) size 5x10
      RenderText {mo} at (0,-4) size 5x21
        text run at (0,-4) width 5: "\x{23A5}"
layer at (187,239) size 5x7 scrollHeight 17
  RenderMathMLBlock (flex) {mo} at (0,40) size 5x7
    RenderBlock (anonymous) at (0,0) size 5x7
      RenderText {mo} at (0,-4) size 5x21
        text run at (0,-4) width 5: "\x{23A5}"
layer at (187,246) size 5x15 scrollHeight 17
  RenderMathMLBlock (flex) {mo} at (0,47) size 5x15
    RenderBlock (anonymous) at (0,0) size 5x15
layer at (199,199) size 5x10 scrollHeight 18
  RenderMathMLBlock (flex) {mo} at (0,0) size 5x10
    RenderBlock (anonymous) at (0,0) size 5x10
layer at (199,209) size 5x10 scrollHeight 17
  RenderMathMLBlock (flex) {mo} at (0,10) size 5x10
    RenderBlock (anonymous) at (0,0) size 5x10
      RenderText {mo} at (0,-4) size 5x21
        text run at (0,-4) width 5: "\x{239C}"
layer at (199,219) size 5x10 scrollHeight 17
  RenderMathMLBlock (flex) {mo} at (0,20) size 5x10
    RenderBlock (anonymous) at (0,0) size 5x10
      RenderText {mo} at (0,-4) size 5x21
        text run at (0,-4) width 5: "\x{239C}"
layer at (199,229) size 5x10 scrollHeight 17
  RenderMathMLBlock (flex) {mo} at (0,30) size 5x10
    RenderBlock (anonymous) at (0,0) size 5x10
      RenderText {mo} at (0,-4) size 5x21
        text run at (0,-4) width 5: "\x{239C}"
layer at (199,239) size 5x7 scrollHeight 17
  RenderMathMLBlock (flex) {mo} at (0,40) size 5x7
    RenderBlock (anonymous) at (0,0) size 5x7
      RenderText {mo} at (0,-4) size 5x21
        text run at (0,-4) width 5: "\x{239C}"
layer at (199,246) size 5x14 scrollHeight 17
  RenderMathMLBlock (flex) {mo} at (0,47) size 5x14
    RenderBlock (anonymous) at (0,0) size 5x14
layer at (260,199) size 5x10 scrollHeight 18
  RenderMathMLBlock (flex) {mo} at (0,0) size 5x10
    RenderBlock (anonymous) at (0,0) size 5x10
layer at (260,209) size 5x10 scrollHeight 17
  RenderMathMLBlock (flex) {mo} at (0,10) size 5x10
    RenderBlock (anonymous) at (0,0) size 5x10
      RenderText {mo} at (0,-4) size 5x21
        text run at (0,-4) width 5: "\x{239F}"
layer at (260,219) size 5x10 scrollHeight 17
  RenderMathMLBlock (flex) {mo} at (0,20) size 5x10
    RenderBlock (anonymous) at (0,0) size 5x10
      RenderText {mo} at (0,-4) size 5x21
        text run at (0,-4) width 5: "\x{239F}"
layer at (260,229) size 5x10 scrollHeight 17
  RenderMathMLBlock (flex) {mo} at (0,30) size 5x10
    RenderBlock (anonymous) at (0,0) size 5x10
      RenderText {mo} at (0,-4) size 5x21
        text run at (0,-4) width 5: "\x{239F}"
layer at (260,239) size 5x7 scrollHeight 17
  RenderMathMLBlock (flex) {mo} at (0,40) size 5x7
    RenderBlock (anonymous) at (0,0) size 5x7
      RenderText {mo} at (0,-4) size 5x21
        text run at (0,-4) width 5: "\x{239F}"
layer at (260,246) size 5x14 scrollHeight 17
  RenderMathMLBlock (flex) {mo} at (0,47) size 5x14
    RenderBlock (anonymous) at (0,0) size 5x14
layer at (272,199) size 7x4 scrollHeight 13
  RenderMathMLBlock (flex) {mo} at (0,0) size 7x4
    RenderBlock (anonymous) at (0,0) size 7x4
layer at (272,203) size 7x4 scrollHeight 12
  RenderMathMLBlock (flex) {mo} at (0,4) size 7x4
    RenderBlock (anonymous) at (0,0) size 7x4
      RenderText {mo} at (0,-9) size 7x21
        text run at (0,-9) width 7: "\x{23D0}"
layer at (272,207) size 7x4 scrollHeight 12
  RenderMathMLBlock (flex) {mo} at (0,8) size 7x4
    RenderBlock (anonymous) at (0,0) size 7x4
      RenderText {mo} at (0,-9) size 7x21
        text run at (0,-9) width 7: "\x{23D0}"
layer at (272,211) size 7x4 scrollHeight 12
  RenderMathMLBlock (flex) {mo} at (0,12) size 7x4
    RenderBlock (anonymous) at (0,0) size 7x4
      RenderText {mo} at (0,-9) size 7x21
        text run at (0,-9) width 7: "\x{23D0}"
layer at (272,215) size 7x4 scrollHeight 12
  RenderMathMLBlock (flex) {mo} at (0,16) size 7x4
    RenderBlock (anonymous) at (0,0) size 7x4
      RenderText {mo} at (0,-9) size 7x21
        text run at (0,-9) width 7: "\x{23D0}"
layer at (272,219) size 7x4 scrollHeight 12
  RenderMathMLBlock (flex) {mo} at (0,20) size 7x4
    RenderBlock (anonymous) at (0,0) size 7x4
      RenderText {mo} at (0,-9) size 7x21
        text run at (0,-9) width 7: "\x{23D0}"
layer at (272,223) size 7x4 scrollHeight 12
  RenderMathMLBlock (flex) {mo} at (0,24) size 7x4
    RenderBlock (anonymous) at (0,0) size 7x4
      RenderText {mo} at (0,-9) size 7x21
        text run at (0,-9) width 7: "\x{23D0}"
layer at (272,227) size 7x4 scrollHeight 12
  RenderMathMLBlock (flex) {mo} at (0,28) size 7x4
    RenderBlock (anonymous) at (0,0) size 7x4
      RenderText {mo} at (0,-9) size 7x21
        text run at (0,-9) width 7: "\x{23D0}"
layer at (272,231) size 7x4 scrollHeight 12
  RenderMathMLBlock (flex) {mo} at (0,32) size 7x4
    RenderBlock (anonymous) at (0,0) size 7x4
      RenderText {mo} at (0,-9) size 7x21
        text run at (0,-9) width 7: "\x{23D0}"
layer at (272,235) size 7x4 scrollHeight 12
  RenderMathMLBlock (flex) {mo} at (0,36) size 7x4
    RenderBlock (anonymous) at (0,0) size 7x4
      RenderText {mo} at (0,-9) size 7x21
        text run at (0,-9) width 7: "\x{23D0}"
layer at (272,239) size 7x4 scrollHeight 12
  RenderMathMLBlock (flex) {mo} at (0,40) size 7x4
    RenderBlock (anonymous) at (0,0) size 7x4
      RenderText {mo} at (0,-9) size 7x21
        text run at (0,-9) width 7: "\x{23D0}"
layer at (272,243) size 7x4 scrollHeight 12
  RenderMathMLBlock (flex) {mo} at (0,44) size 7x4
    RenderBlock (anonymous) at (0,0) size 7x4
      RenderText {mo} at (0,-9) size 7x21
        text run at (0,-9) width 7: "\x{23D0}"
layer at (272,247) size 7x4 scrollHeight 12
  RenderMathMLBlock (flex) {mo} at (0,48) size 7x4
    RenderBlock (anonymous) at (0,0) size 7x4
      RenderText {mo} at (0,-9) size 7x21
        text run at (0,-9) width 7: "\x{23D0}"
layer at (272,251) size 7x1 scrollHeight 12
  RenderMathMLBlock (flex) {mo} at (0,52) size 7x1
    RenderBlock (anonymous) at (0,0) size 7x1
      RenderText {mo} at (0,-9) size 7x21
        text run at (0,-9) width 7: "\x{23D0}"
layer at (272,252) size 7x7 scrollHeight 12
  RenderMathMLBlock (flex) {mo} at (0,53) size 7x7
    RenderBlock (anonymous) at (0,0) size 7x7
layer at (335,199) size 7x4 scrollHeight 13
  RenderMathMLBlock (flex) {mo} at (0,0) size 7x4
    RenderBlock (anonymous) at (0,0) size 7x4
layer at (335,203) size 7x4 scrollHeight 12
  RenderMathMLBlock (flex) {mo} at (0,4) size 7x4
    RenderBlock (anonymous) at (0,0) size 7x4
      RenderText {mo} at (0,-9) size 7x21
        text run at (0,-9) width 7: "\x{23D0}"
layer at (335,207) size 7x4 scrollHeight 12
  RenderMathMLBlock (flex) {mo} at (0,8) size 7x4
    RenderBlock (anonymous) at (0,0) size 7x4
      RenderText {mo} at (0,-9) size 7x21
        text run at (0,-9) width 7: "\x{23D0}"
layer at (335,211) size 7x4 scrollHeight 12
  RenderMathMLBlock (flex) {mo} at (0,12) size 7x4
    RenderBlock (anonymous) at (0,0) size 7x4
      RenderText {mo} at (0,-9) size 7x21
        text run at (0,-9) width 7: "\x{23D0}"
layer at (335,215) size 7x4 scrollHeight 12
  RenderMathMLBlock (flex) {mo} at (0,16) size 7x4
    RenderBlock (anonymous) at (0,0) size 7x4
      RenderText {mo} at (0,-9) size 7x21
        text run at (0,-9) width 7: "\x{23D0}"
layer at (335,219) size 7x4 scrollHeight 12
  RenderMathMLBlock (flex) {mo} at (0,20) size 7x4
    RenderBlock (anonymous) at (0,0) size 7x4
      RenderText {mo} at (0,-9) size 7x21
        text run at (0,-9) width 7: "\x{23D0}"
layer at (335,223) size 7x4 scrollHeight 12
  RenderMathMLBlock (flex) {mo} at (0,24) size 7x4
    RenderBlock (anonymous) at (0,0) size 7x4
      RenderText {mo} at (0,-9) size 7x21
        text run at (0,-9) width 7: "\x{23D0}"
layer at (335,227) size 7x4 scrollHeight 12
  RenderMathMLBlock (flex) {mo} at (0,28) size 7x4
    RenderBlock (anonymous) at (0,0) size 7x4
      RenderText {mo} at (0,-9) size 7x21
        text run at (0,-9) width 7: "\x{23D0}"
layer at (335,231) size 7x4 scrollHeight 12
  RenderMathMLBlock (flex) {mo} at (0,32) size 7x4
    RenderBlock (anonymous) at (0,0) size 7x4
      RenderText {mo} at (0,-9) size 7x21
        text run at (0,-9) width 7: "\x{23D0}"
layer at (335,235) size 7x4 scrollHeight 12
  RenderMathMLBlock (flex) {mo} at (0,36) size 7x4
    RenderBlock (anonymous) at (0,0) size 7x4
      RenderText {mo} at (0,-9) size 7x21
        text run at (0,-9) width 7: "\x{23D0}"
layer at (335,239) size 7x4 scrollHeight 12
  RenderMathMLBlock (flex) {mo} at (0,40) size 7x4
    RenderBlock (anonymous) at (0,0) size 7x4
      RenderText {mo} at (0,-9) size 7x21
        text run at (0,-9) width 7: "\x{23D0}"
layer at (335,243) size 7x4 scrollHeight 12
  RenderMathMLBlock (flex) {mo} at (0,44) size 7x4
    RenderBlock (anonymous) at (0,0) size 7x4
      RenderText {mo} at (0,-9) size 7x21
        text run at (0,-9) width 7: "\x{23D0}"
layer at (335,247) size 7x4 scrollHeight 12
  RenderMathMLBlock (flex) {mo} at (0,48) size 7x4
    RenderBlock (anonymous) at (0,0) size 7x4
      RenderText {mo} at (0,-9) size 7x21
        text run at (0,-9) width 7: "\x{23D0}"
layer at (335,251) size 7x1 scrollHeight 12
  RenderMathMLBlock (flex) {mo} at (0,52) size 7x1
    RenderBlock (anonymous) at (0,0) size 7x1
      RenderText {mo} at (0,-9) size 7x21
        text run at (0,-9) width 7: "\x{23D0}"
layer at (335,252) size 7x7 scrollHeight 12
  RenderMathMLBlock (flex) {mo} at (0,53) size 7x7
    RenderBlock (anonymous) at (0,0) size 7x7
layer at (349,199) size 10x10 scrollHeight 18
  RenderMathMLBlock (flex) {mo} at (0,0) size 10x10
    RenderBlock (anonymous) at (0,0) size 10x10
layer at (349,209) size 10x10 scrollHeight 17
  RenderMathMLBlock (flex) {mo} at (0,10) size 10x10
    RenderBlock (anonymous) at (0,0) size 10x10
      RenderText {mo} at (0,-4) size 10x21
        text run at (0,-4) width 10: "\x{23AE}"
layer at (349,219) size 10x10 scrollHeight 17
  RenderMathMLBlock (flex) {mo} at (0,20) size 10x10
    RenderBlock (anonymous) at (0,0) size 10x10
      RenderText {mo} at (0,-4) size 10x21
        text run at (0,-4) width 10: "\x{23AE}"
layer at (349,229) size 10x10 scrollHeight 17
  RenderMathMLBlock (flex) {mo} at (0,30) size 10x10
    RenderBlock (anonymous) at (0,0) size 10x10
      RenderText {mo} at (0,-4) size 10x21
        text run at (0,-4) width 10: "\x{23AE}"
layer at (349,239) size 10x7 scrollHeight 17
  RenderMathMLBlock (flex) {mo} at (0,40) size 10x7
    RenderBlock (anonymous) at (0,0) size 10x7
      RenderText {mo} at (0,-4) size 10x21
        text run at (0,-4) width 10: "\x{23AE}"
layer at (349,246) size 10x15 scrollHeight 17
  RenderMathMLBlock (flex) {mo} at (0,47) size 10x15
    RenderBlock (anonymous) at (0,0) size 10x15
layer at (57,277) size 7x10 scrollHeight 18
  RenderMathMLBlock (flex) {mo} at (0,0) size 7x10
    RenderBlock (anonymous) at (0,0) size 7x10
layer at (57,287) size 7x10 scrollHeight 17
  RenderMathMLBlock (flex) {mo} at (0,10) size 7x10
    RenderBlock (anonymous) at (0,0) size 7x10
      RenderText {mo} at (0,-4) size 7x21
        text run at (0,-4) width 7: "\x{23AA}"
layer at (57,297) size 7x10 scrollHeight 17
  RenderMathMLBlock (flex) {mo} at (0,20) size 7x10
    RenderBlock (anonymous) at (0,0) size 7x10
      RenderText {mo} at (0,-4) size 7x21
        text run at (0,-4) width 7: "\x{23AA}"
layer at (57,307) size 7x10 scrollHeight 17
  RenderMathMLBlock (flex) {mo} at (0,30) size 7x10
    RenderBlock (anonymous) at (0,0) size 7x10
      RenderText {mo} at (0,-4) size 7x21
        text run at (0,-4) width 7: "\x{23AA}"
layer at (57,317) size 7x10 scrollHeight 17
  RenderMathMLBlock (flex) {mo} at (0,40) size 7x10
    RenderBlock (anonymous) at (0,0) size 7x10
      RenderText {mo} at (0,-4) size 7x21
        text run at (0,-4) width 7: "\x{23AA}"
layer at (57,327) size 7x10 scrollHeight 17
  RenderMathMLBlock (flex) {mo} at (0,50) size 7x10
    RenderBlock (anonymous) at (0,0) size 7x10
      RenderText {mo} at (0,-4) size 7x21
        text run at (0,-4) width 7: "\x{23AA}"
layer at (57,337) size 7x7 scrollHeight 17
  RenderMathMLBlock (flex) {mo} at (0,60) size 7x7
    RenderBlock (anonymous) at (0,0) size 7x7
      RenderText {mo} at (0,-4) size 7x21
        text run at (0,-4) width 7: "\x{23AA}"
layer at (57,344) size 7x10 scrollHeight 17
  RenderMathMLBlock (flex) {mo} at (0,67) size 7x10
    RenderBlock (anonymous) at (0,0) size 7x10
layer at (57,354) size 7x10 scrollHeight 17
  RenderMathMLBlock (flex) {mo} at (0,77) size 7x10
    RenderBlock (anonymous) at (0,0) size 7x10
      RenderText {mo} at (0,-4) size 7x21
        text run at (0,-4) width 7: "\x{23AA}"
layer at (57,364) size 7x10 scrollHeight 17
  RenderMathMLBlock (flex) {mo} at (0,87) size 7x10
    RenderBlock (anonymous) at (0,0) size 7x10
      RenderText {mo} at (0,-4) size 7x21
        text run at (0,-4) width 7: "\x{23AA}"
layer at (57,374) size 7x10 scrollHeight 17
  RenderMathMLBlock (flex) {mo} at (0,97) size 7x10
    RenderBlock (anonymous) at (0,0) size 7x10
      RenderText {mo} at (0,-4) size 7x21
        text run at (0,-4) width 7: "\x{23AA}"
layer at (57,384) size 7x10 scrollHeight 17
  RenderMathMLBlock (flex) {mo} at (0,107) size 7x10
    RenderBlock (anonymous) at (0,0) size 7x10
      RenderText {mo} at (0,-4) size 7x21
        text run at (0,-4) width 7: "\x{23AA}"
layer at (57,394) size 7x10 scrollHeight 17
  RenderMathMLBlock (flex) {mo} at (0,117) size 7x10
    RenderBlock (anonymous) at (0,0) size 7x10
      RenderText {mo} at (0,-4) size 7x21
        text run at (0,-4) width 7: "\x{23AA}"
layer at (57,404) size 7x7 scrollHeight 17
  RenderMathMLBlock (flex) {mo} at (0,127) size 7x7
    RenderBlock (anonymous) at (0,0) size 7x7
      RenderText {mo} at (0,-4) size 7x21
        text run at (0,-4) width 7: "\x{23AA}"
layer at (57,411) size 7x15 scrollHeight 17
  RenderMathMLBlock (flex) {mo} at (0,134) size 7x15
    RenderBlock (anonymous) at (0,0) size 7x15
layer at (120,277) size 7x10 scrollHeight 18
  RenderMathMLBlock (flex) {mo} at (0,0) size 7x10
    RenderBlock (anonymous) at (0,0) size 7x10
layer at (120,287) size 7x10 scrollHeight 17
  RenderMathMLBlock (flex) {mo} at (0,10) size 7x10
    RenderBlock (anonymous) at (0,0) size 7x10
      RenderText {mo} at (0,-4) size 7x21
        text run at (0,-4) width 7: "\x{23AA}"
layer at (120,297) size 7x10 scrollHeight 17
  RenderMathMLBlock (flex) {mo} at (0,20) size 7x10
    RenderBlock (anonymous) at (0,0) size 7x10
      RenderText {mo} at (0,-4) size 7x21
        text run at (0,-4) width 7: "\x{23AA}"
layer at (120,307) size 7x10 scrollHeight 17
  RenderMathMLBlock (flex) {mo} at (0,30) size 7x10
    RenderBlock (anonymous) at (0,0) size 7x10
      RenderText {mo} at (0,-4) size 7x21
        text run at (0,-4) width 7: "\x{23AA}"
layer at (120,317) size 7x10 scrollHeight 17
  RenderMathMLBlock (flex) {mo} at (0,40) size 7x10
    RenderBlock (anonymous) at (0,0) size 7x10
      RenderText {mo} at (0,-4) size 7x21
        text run at (0,-4) width 7: "\x{23AA}"
layer at (120,327) size 7x10 scrollHeight 17
  RenderMathMLBlock (flex) {mo} at (0,50) size 7x10
    RenderBlock (anonymous) at (0,0) size 7x10
      RenderText {mo} at (0,-4) size 7x21
        text run at (0,-4) width 7: "\x{23AA}"
layer at (120,337) size 7x7 scrollHeight 17
  RenderMathMLBlock (flex) {mo} at (0,60) size 7x7
    RenderBlock (anonymous) at (0,0) size 7x7
      RenderText {mo} at (0,-4) size 7x21
        text run at (0,-4) width 7: "\x{23AA}"
layer at (120,344) size 7x10 scrollHeight 17
  RenderMathMLBlock (flex) {mo} at (0,67) size 7x10
    RenderBlock (anonymous) at (0,0) size 7x10
layer at (120,354) size 7x10 scrollHeight 17
  RenderMathMLBlock (flex) {mo} at (0,77) size 7x10
    RenderBlock (anonymous) at (0,0) size 7x10
      RenderText {mo} at (0,-4) size 7x21
        text run at (0,-4) width 7: "\x{23AA}"
layer at (120,364) size 7x10 scrollHeight 17
  RenderMathMLBlock (flex) {mo} at (0,87) size 7x10
    RenderBlock (anonymous) at (0,0) size 7x10
      RenderText {mo} at (0,-4) size 7x21
        text run at (0,-4) width 7: "\x{23AA}"
layer at (120,374) size 7x10 scrollHeight 17
  RenderMathMLBlock (flex) {mo} at (0,97) size 7x10
    RenderBlock (anonymous) at (0,0) size 7x10
      RenderText {mo} at (0,-4) size 7x21
        text run at (0,-4) width 7: "\x{23AA}"
layer at (120,384) size 7x10 scrollHeight 17
  RenderMathMLBlock (flex) {mo} at (0,107) size 7x10
    RenderBlock (anonymous) at (0,0) size 7x10
      RenderText {mo} at (0,-4) size 7x21
        text run at (0,-4) width 7: "\x{23AA}"
layer at (120,394) size 7x10 scrollHeight 17
  RenderMathMLBlock (flex) {mo} at (0,117) size 7x10
    RenderBlock (anonymous) at (0,0) size 7x10
      RenderText {mo} at (0,-4) size 7x21
        text run at (0,-4) width 7: "\x{23AA}"
layer at (120,404) size 7x7 scrollHeight 17
  RenderMathMLBlock (flex) {mo} at (0,127) size 7x7
    RenderBlock (anonymous) at (0,0) size 7x7
      RenderText {mo} at (0,-4) size 7x21
        text run at (0,-4) width 7: "\x{23AA}"
layer at (120,411) size 7x15 scrollHeight 17
  RenderMathMLBlock (flex) {mo} at (0,134) size 7x15
    RenderBlock (anonymous) at (0,0) size 7x15
layer at (134,277) size 5x10 scrollHeight 18
  RenderMathMLBlock (flex) {mo} at (0,0) size 5x10
    RenderBlock (anonymous) at (0,0) size 5x10
layer at (134,287) size 5x10 scrollHeight 17
  RenderMathMLBlock (flex) {mo} at (0,10) size 5x10
    RenderBlock (anonymous) at (0,0) size 5x10
      RenderText {mo} at (0,-4) size 5x21
        text run at (0,-4) width 5: "\x{23A2}"
layer at (134,297) size 5x10 scrollHeight 17
  RenderMathMLBlock (flex) {mo} at (0,20) size 5x10
    RenderBlock (anonymous) at (0,0) size 5x10
      RenderText {mo} at (0,-4) size 5x21
        text run at (0,-4) width 5: "\x{23A2}"
layer at (134,307) size 5x10 scrollHeight 17
  RenderMathMLBlock (flex) {mo} at (0,30) size 5x10
    RenderBlock (anonymous) at (0,0) size 5x10
      RenderText {mo} at (0,-4) size 5x21
        text run at (0,-4) width 5: "\x{23A2}"
layer at (134,317) size 5x10 scrollHeight 17
  RenderMathMLBlock (flex) {mo} at (0,40) size 5x10
    RenderBlock (anonymous) at (0,0) size 5x10
      RenderText {mo} at (0,-4) size 5x21
        text run at (0,-4) width 5: "\x{23A2}"
layer at (134,327) size 5x10 scrollHeight 17
  RenderMathMLBlock (flex) {mo} at (0,50) size 5x10
    RenderBlock (anonymous) at (0,0) size 5x10
      RenderText {mo} at (0,-4) size 5x21
        text run at (0,-4) width 5: "\x{23A2}"
layer at (134,337) size 5x10 scrollHeight 17
  RenderMathMLBlock (flex) {mo} at (0,60) size 5x10
    RenderBlock (anonymous) at (0,0) size 5x10
      RenderText {mo} at (0,-4) size 5x21
        text run at (0,-4) width 5: "\x{23A2}"
layer at (134,347) size 5x10 scrollHeight 17
  RenderMathMLBlock (flex) {mo} at (0,70) size 5x10
    RenderBlock (anonymous) at (0,0) size 5x10
      RenderText {mo} at (0,-4) size 5x21
        text run at (0,-4) width 5: "\x{23A2}"
layer at (134,357) size 5x10 scrollHeight 17
  RenderMathMLBlock (flex) {mo} at (0,80) size 5x10
    RenderBlock (anonymous) at (0,0) size 5x10
      RenderText {mo} at (0,-4) size 5x21
        text run at (0,-4) width 5: "\x{23A2}"
layer at (134,367) size 5x10 scrollHeight 17
  RenderMathMLBlock (flex) {mo} at (0,90) size 5x10
    RenderBlock (anonymous) at (0,0) size 5x10
      RenderText {mo} at (0,-4) size 5x21
        text run at (0,-4) width 5: "\x{23A2}"
layer at (134,377) size 5x10 scrollHeight 17
  RenderMathMLBlock (flex) {mo} at (0,100) size 5x10
    RenderBlock (anonymous) at (0,0) size 5x10
      RenderText {mo} at (0,-4) size 5x21
        text run at (0,-4) width 5: "\x{23A2}"
layer at (134,387) size 5x10 scrollHeight 17
  RenderMathMLBlock (flex) {mo} at (0,110) size 5x10
    RenderBlock (anonymous) at (0,0) size 5x10
      RenderText {mo} at (0,-4) size 5x21
        text run at (0,-4) width 5: "\x{23A2}"
layer at (134,397) size 5x10 scrollHeight 17
  RenderMathMLBlock (flex) {mo} at (0,120) size 5x10
    RenderBlock (anonymous) at (0,0) size 5x10
      RenderText {mo} at (0,-4) size 5x21
        text run at (0,-4) width 5: "\x{23A2}"
layer at (134,407) size 5x4 scrollHeight 17
  RenderMathMLBlock (flex) {mo} at (0,130) size 5x4
    RenderBlock (anonymous) at (0,0) size 5x4
      RenderText {mo} at (0,-4) size 5x21
        text run at (0,-4) width 5: "\x{23A2}"
layer at (134,411) size 5x15 scrollHeight 17
  RenderMathMLBlock (flex) {mo} at (0,134) size 5x15
    RenderBlock (anonymous) at (0,0) size 5x15
layer at (195,277) size 5x10 scrollHeight 18
  RenderMathMLBlock (flex) {mo} at (0,0) size 5x10
    RenderBlock (anonymous) at (0,0) size 5x10
layer at (195,287) size 5x10 scrollHeight 17
  RenderMathMLBlock (flex) {mo} at (0,10) size 5x10
    RenderBlock (anonymous) at (0,0) size 5x10
      RenderText {mo} at (0,-4) size 5x21
        text run at (0,-4) width 5: "\x{23A5}"
layer at (195,297) size 5x10 scrollHeight 17
  RenderMathMLBlock (flex) {mo} at (0,20) size 5x10
    RenderBlock (anonymous) at (0,0) size 5x10
      RenderText {mo} at (0,-4) size 5x21
        text run at (0,-4) width 5: "\x{23A5}"
layer at (195,307) size 5x10 scrollHeight 17
  RenderMathMLBlock (flex) {mo} at (0,30) size 5x10
    RenderBlock (anonymous) at (0,0) size 5x10
      RenderText {mo} at (0,-4) size 5x21
        text run at (0,-4) width 5: "\x{23A5}"
layer at (195,317) size 5x10 scrollHeight 17
  RenderMathMLBlock (flex) {mo} at (0,40) size 5x10
    RenderBlock (anonymous) at (0,0) size 5x10
      RenderText {mo} at (0,-4) size 5x21
        text run at (0,-4) width 5: "\x{23A5}"
layer at (195,327) size 5x10 scrollHeight 17
  RenderMathMLBlock (flex) {mo} at (0,50) size 5x10
    RenderBlock (anonymous) at (0,0) size 5x10
      RenderText {mo} at (0,-4) size 5x21
        text run at (0,-4) width 5: "\x{23A5}"
layer at (195,337) size 5x10 scrollHeight 17
  RenderMathMLBlock (flex) {mo} at (0,60) size 5x10
    RenderBlock (anonymous) at (0,0) size 5x10
      RenderText {mo} at (0,-4) size 5x21
        text run at (0,-4) width 5: "\x{23A5}"
layer at (195,347) size 5x10 scrollHeight 17
  RenderMathMLBlock (flex) {mo} at (0,70) size 5x10
    RenderBlock (anonymous) at (0,0) size 5x10
      RenderText {mo} at (0,-4) size 5x21
        text run at (0,-4) width 5: "\x{23A5}"
layer at (195,357) size 5x10 scrollHeight 17
  RenderMathMLBlock (flex) {mo} at (0,80) size 5x10
    RenderBlock (anonymous) at (0,0) size 5x10
      RenderText {mo} at (0,-4) size 5x21
        text run at (0,-4) width 5: "\x{23A5}"
layer at (195,367) size 5x10 scrollHeight 17
  RenderMathMLBlock (flex) {mo} at (0,90) size 5x10
    RenderBlock (anonymous) at (0,0) size 5x10
      RenderText {mo} at (0,-4) size 5x21
        text run at (0,-4) width 5: "\x{23A5}"
layer at (195,377) size 5x10 scrollHeight 17
  RenderMathMLBlock (flex) {mo} at (0,100) size 5x10
    RenderBlock (anonymous) at (0,0) size 5x10
      RenderText {mo} at (0,-4) size 5x21
        text run at (0,-4) width 5: "\x{23A5}"
layer at (195,387) size 5x10 scrollHeight 17
  RenderMathMLBlock (flex) {mo} at (0,110) size 5x10
    RenderBlock (anonymous) at (0,0) size 5x10
      RenderText {mo} at (0,-4) size 5x21
        text run at (0,-4) width 5: "\x{23A5}"
layer at (195,397) size 5x10 scrollHeight 17
  RenderMathMLBlock (flex) {mo} at (0,120) size 5x10
    RenderBlock (anonymous) at (0,0) size 5x10
      RenderText {mo} at (0,-4) size 5x21
        text run at (0,-4) width 5: "\x{23A5}"
layer at (195,407) size 5x4 scrollHeight 17
  RenderMathMLBlock (flex) {mo} at (0,130) size 5x4
    RenderBlock (anonymous) at (0,0) size 5x4
      RenderText {mo} at (0,-4) size 5x21
        text run at (0,-4) width 5: "\x{23A5}"
layer at (195,411) size 5x15 scrollHeight 17
  RenderMathMLBlock (flex) {mo} at (0,134) size 5x15
    RenderBlock (anonymous) at (0,0) size 5x15
layer at (207,277) size 5x10 scrollHeight 18
  RenderMathMLBlock (flex) {mo} at (0,0) size 5x10
    RenderBlock (anonymous) at (0,0) size 5x10
layer at (207,287) size 5x10 scrollHeight 17
  RenderMathMLBlock (flex) {mo} at (0,10) size 5x10
    RenderBlock (anonymous) at (0,0) size 5x10
      RenderText {mo} at (0,-4) size 5x21
        text run at (0,-4) width 5: "\x{239C}"
layer at (207,297) size 5x10 scrollHeight 17
  RenderMathMLBlock (flex) {mo} at (0,20) size 5x10
    RenderBlock (anonymous) at (0,0) size 5x10
      RenderText {mo} at (0,-4) size 5x21
        text run at (0,-4) width 5: "\x{239C}"
layer at (207,307) size 5x10 scrollHeight 17
  RenderMathMLBlock (flex) {mo} at (0,30) size 5x10
    RenderBlock (anonymous) at (0,0) size 5x10
      RenderText {mo} at (0,-4) size 5x21
        text run at (0,-4) width 5: "\x{239C}"
layer at (207,317) size 5x10 scrollHeight 17
  RenderMathMLBlock (flex) {mo} at (0,40) size 5x10
    RenderBlock (anonymous) at (0,0) size 5x10
      RenderText {mo} at (0,-4) size 5x21
        text run at (0,-4) width 5: "\x{239C}"
layer at (207,327) size 5x10 scrollHeight 17
  RenderMathMLBlock (flex) {mo} at (0,50) size 5x10
    RenderBlock (anonymous) at (0,0) size 5x10
      RenderText {mo} at (0,-4) size 5x21
        text run at (0,-4) width 5: "\x{239C}"
layer at (207,337) size 5x10 scrollHeight 17
  RenderMathMLBlock (flex) {mo} at (0,60) size 5x10
    RenderBlock (anonymous) at (0,0) size 5x10
      RenderText {mo} at (0,-4) size 5x21
        text run at (0,-4) width 5: "\x{239C}"
layer at (207,347) size 5x10 scrollHeight 17
  RenderMathMLBlock (flex) {mo} at (0,70) size 5x10
    RenderBlock (anonymous) at (0,0) size 5x10
      RenderText {mo} at (0,-4) size 5x21
        text run at (0,-4) width 5: "\x{239C}"
layer at (207,357) size 5x10 scrollHeight 17
  RenderMathMLBlock (flex) {mo} at (0,80) size 5x10
    RenderBlock (anonymous) at (0,0) size 5x10
      RenderText {mo} at (0,-4) size 5x21
        text run at (0,-4) width 5: "\x{239C}"
layer at (207,367) size 5x10 scrollHeight 17
  RenderMathMLBlock (flex) {mo} at (0,90) size 5x10
    RenderBlock (anonymous) at (0,0) size 5x10
      RenderText {mo} at (0,-4) size 5x21
        text run at (0,-4) width 5: "\x{239C}"
layer at (207,377) size 5x10 scrollHeight 17
  RenderMathMLBlock (flex) {mo} at (0,100) size 5x10
    RenderBlock (anonymous) at (0,0) size 5x10
      RenderText {mo} at (0,-4) size 5x21
        text run at (0,-4) width 5: "\x{239C}"
layer at (207,387) size 5x10 scrollHeight 17
  RenderMathMLBlock (flex) {mo} at (0,110) size 5x10
    RenderBlock (anonymous) at (0,0) size 5x10
      RenderText {mo} at (0,-4) size 5x21
        text run at (0,-4) width 5: "\x{239C}"
layer at (207,397) size 5x10 scrollHeight 17
  RenderMathMLBlock (flex) {mo} at (0,120) size 5x10
    RenderBlock (anonymous) at (0,0) size 5x10
      RenderText {mo} at (0,-4) size 5x21
        text run at (0,-4) width 5: "\x{239C}"
layer at (207,407) size 5x4 scrollHeight 17
  RenderMathMLBlock (flex) {mo} at (0,130) size 5x4
    RenderBlock (anonymous) at (0,0) size 5x4
      RenderText {mo} at (0,-4) size 5x21
        text run at (0,-4) width 5: "\x{239C}"
layer at (207,411) size 5x14 scrollHeight 17
  RenderMathMLBlock (flex) {mo} at (0,134) size 5x14
    RenderBlock (anonymous) at (0,0) size 5x14
layer at (268,277) size 5x10 scrollHeight 18
  RenderMathMLBlock (flex) {mo} at (0,0) size 5x10
    RenderBlock (anonymous) at (0,0) size 5x10
layer at (268,287) size 5x10 scrollHeight 17
  RenderMathMLBlock (flex) {mo} at (0,10) size 5x10
    RenderBlock (anonymous) at (0,0) size 5x10
      RenderText {mo} at (0,-4) size 5x21
        text run at (0,-4) width 5: "\x{239F}"
layer at (268,297) size 5x10 scrollHeight 17
  RenderMathMLBlock (flex) {mo} at (0,20) size 5x10
    RenderBlock (anonymous) at (0,0) size 5x10
      RenderText {mo} at (0,-4) size 5x21
        text run at (0,-4) width 5: "\x{239F}"
layer at (268,307) size 5x10 scrollHeight 17
  RenderMathMLBlock (flex) {mo} at (0,30) size 5x10
    RenderBlock (anonymous) at (0,0) size 5x10
      RenderText {mo} at (0,-4) size 5x21
        text run at (0,-4) width 5: "\x{239F}"
layer at (268,317) size 5x10 scrollHeight 17
  RenderMathMLBlock (flex) {mo} at (0,40) size 5x10
    RenderBlock (anonymous) at (0,0) size 5x10
      RenderText {mo} at (0,-4) size 5x21
        text run at (0,-4) width 5: "\x{239F}"
layer at (268,327) size 5x10 scrollHeight 17
  RenderMathMLBlock (flex) {mo} at (0,50) size 5x10
    RenderBlock (anonymous) at (0,0) size 5x10
      RenderText {mo} at (0,-4) size 5x21
        text run at (0,-4) width 5: "\x{239F}"
layer at (268,337) size 5x10 scrollHeight 17
  RenderMathMLBlock (flex) {mo} at (0,60) size 5x10
    RenderBlock (anonymous) at (0,0) size 5x10
      RenderText {mo} at (0,-4) size 5x21
        text run at (0,-4) width 5: "\x{239F}"
layer at (268,347) size 5x10 scrollHeight 17
  RenderMathMLBlock (flex) {mo} at (0,70) size 5x10
    RenderBlock (anonymous) at (0,0) size 5x10
      RenderText {mo} at (0,-4) size 5x21
        text run at (0,-4) width 5: "\x{239F}"
layer at (268,357) size 5x10 scrollHeight 17
  RenderMathMLBlock (flex) {mo} at (0,80) size 5x10
    RenderBlock (anonymous) at (0,0) size 5x10
      RenderText {mo} at (0,-4) size 5x21
        text run at (0,-4) width 5: "\x{239F}"
layer at (268,367) size 5x10 scrollHeight 17
  RenderMathMLBlock (flex) {mo} at (0,90) size 5x10
    RenderBlock (anonymous) at (0,0) size 5x10
      RenderText {mo} at (0,-4) size 5x21
        text run at (0,-4) width 5: "\x{239F}"
layer at (268,377) size 5x10 scrollHeight 17
  RenderMathMLBlock (flex) {mo} at (0,100) size 5x10
    RenderBlock (anonymous) at (0,0) size 5x10
      RenderText {mo} at (0,-4) size 5x21
        text run at (0,-4) width 5: "\x{239F}"
layer at (268,387) size 5x10 scrollHeight 17
  RenderMathMLBlock (flex) {mo} at (0,110) size 5x10
    RenderBlock (anonymous) at (0,0) size 5x10
      RenderText {mo} at (0,-4) size 5x21
        text run at (0,-4) width 5: "\x{239F}"
layer at (268,397) size 5x10 scrollHeight 17
  RenderMathMLBlock (flex) {mo} at (0,120) size 5x10
    RenderBlock (anonymous) at (0,0) size 5x10
      RenderText {mo} at (0,-4) size 5x21
        text run at (0,-4) width 5: "\x{239F}"
layer at (268,407) size 5x4 scrollHeight 17
  RenderMathMLBlock (flex) {mo} at (0,130) size 5x4
    RenderBlock (anonymous) at (0,0) size 5x4
      RenderText {mo} at (0,-4) size 5x21
        text run at (0,-4) width 5: "\x{239F}"
layer at (268,411) size 5x14 scrollHeight 17
  RenderMathMLBlock (flex) {mo} at (0,134) size 5x14
    RenderBlock (anonymous) at (0,0) size 5x14
layer at (280,277) size 7x4 scrollHeight 13
  RenderMathMLBlock (flex) {mo} at (0,0) size 7x4
    RenderBlock (anonymous) at (0,0) size 7x4
layer at (280,281) size 7x4 scrollHeight 12
  RenderMathMLBlock (flex) {mo} at (0,4) size 7x4
    RenderBlock (anonymous) at (0,0) size 7x4
      RenderText {mo} at (0,-9) size 7x21
        text run at (0,-9) width 7: "\x{23D0}"
layer at (280,285) size 7x4 scrollHeight 12
  RenderMathMLBlock (flex) {mo} at (0,8) size 7x4
    RenderBlock (anonymous) at (0,0) size 7x4
      RenderText {mo} at (0,-9) size 7x21
        text run at (0,-9) width 7: "\x{23D0}"
layer at (280,289) size 7x4 scrollHeight 12
  RenderMathMLBlock (flex) {mo} at (0,12) size 7x4
    RenderBlock (anonymous) at (0,0) size 7x4
      RenderText {mo} at (0,-9) size 7x21
        text run at (0,-9) width 7: "\x{23D0}"
layer at (280,293) size 7x4 scrollHeight 12
  RenderMathMLBlock (flex) {mo} at (0,16) size 7x4
    RenderBlock (anonymous) at (0,0) size 7x4
      RenderText {mo} at (0,-9) size 7x21
        text run at (0,-9) width 7: "\x{23D0}"
layer at (280,297) size 7x4 scrollHeight 12
  RenderMathMLBlock (flex) {mo} at (0,20) size 7x4
    RenderBlock (anonymous) at (0,0) size 7x4
      RenderText {mo} at (0,-9) size 7x21
        text run at (0,-9) width 7: "\x{23D0}"
layer at (280,301) size 7x4 scrollHeight 12
  RenderMathMLBlock (flex) {mo} at (0,24) size 7x4
    RenderBlock (anonymous) at (0,0) size 7x4
      RenderText {mo} at (0,-9) size 7x21
        text run at (0,-9) width 7: "\x{23D0}"
layer at (280,305) size 7x4 scrollHeight 12
  RenderMathMLBlock (flex) {mo} at (0,28) size 7x4
    RenderBlock (anonymous) at (0,0) size 7x4
      RenderText {mo} at (0,-9) size 7x21
        text run at (0,-9) width 7: "\x{23D0}"
layer at (280,309) size 7x4 scrollHeight 12
  RenderMathMLBlock (flex) {mo} at (0,32) size 7x4
    RenderBlock (anonymous) at (0,0) size 7x4
      RenderText {mo} at (0,-9) size 7x21
        text run at (0,-9) width 7: "\x{23D0}"
layer at (280,313) size 7x4 scrollHeight 12
  RenderMathMLBlock (flex) {mo} at (0,36) size 7x4
    RenderBlock (anonymous) at (0,0) size 7x4
      RenderText {mo} at (0,-9) size 7x21
        text run at (0,-9) width 7: "\x{23D0}"
layer at (280,317) size 7x4 scrollHeight 12
  RenderMathMLBlock (flex) {mo} at (0,40) size 7x4
    RenderBlock (anonymous) at (0,0) size 7x4
      RenderText {mo} at (0,-9) size 7x21
        text run at (0,-9) width 7: "\x{23D0}"
layer at (280,321) size 7x4 scrollHeight 12
  RenderMathMLBlock (flex) {mo} at (0,44) size 7x4
    RenderBlock (anonymous) at (0,0) size 7x4
      RenderText {mo} at (0,-9) size 7x21
        text run at (0,-9) width 7: "\x{23D0}"
layer at (280,325) size 7x4 scrollHeight 12
  RenderMathMLBlock (flex) {mo} at (0,48) size 7x4
    RenderBlock (anonymous) at (0,0) size 7x4
      RenderText {mo} at (0,-9) size 7x21
        text run at (0,-9) width 7: "\x{23D0}"
layer at (280,329) size 7x4 scrollHeight 12
  RenderMathMLBlock (flex) {mo} at (0,52) size 7x4
    RenderBlock (anonymous) at (0,0) size 7x4
      RenderText {mo} at (0,-9) size 7x21
        text run at (0,-9) width 7: "\x{23D0}"
layer at (280,333) size 7x4 scrollHeight 12
  RenderMathMLBlock (flex) {mo} at (0,56) size 7x4
    RenderBlock (anonymous) at (0,0) size 7x4
      RenderText {mo} at (0,-9) size 7x21
        text run at (0,-9) width 7: "\x{23D0}"
layer at (280,337) size 7x4 scrollHeight 12
  RenderMathMLBlock (flex) {mo} at (0,60) size 7x4
    RenderBlock (anonymous) at (0,0) size 7x4
      RenderText {mo} at (0,-9) size 7x21
        text run at (0,-9) width 7: "\x{23D0}"
layer at (280,341) size 7x4 scrollHeight 12
  RenderMathMLBlock (flex) {mo} at (0,64) size 7x4
    RenderBlock (anonymous) at (0,0) size 7x4
      RenderText {mo} at (0,-9) size 7x21
        text run at (0,-9) width 7: "\x{23D0}"
layer at (280,345) size 7x4 scrollHeight 12
  RenderMathMLBlock (flex) {mo} at (0,68) size 7x4
    RenderBlock (anonymous) at (0,0) size 7x4
      RenderText {mo} at (0,-9) size 7x21
        text run at (0,-9) width 7: "\x{23D0}"
layer at (280,349) size 7x4 scrollHeight 12
  RenderMathMLBlock (flex) {mo} at (0,72) size 7x4
    RenderBlock (anonymous) at (0,0) size 7x4
      RenderText {mo} at (0,-9) size 7x21
        text run at (0,-9) width 7: "\x{23D0}"
layer at (280,353) size 7x4 scrollHeight 12
  RenderMathMLBlock (flex) {mo} at (0,76) size 7x4
    RenderBlock (anonymous) at (0,0) size 7x4
      RenderText {mo} at (0,-9) size 7x21
        text run at (0,-9) width 7: "\x{23D0}"
layer at (280,357) size 7x4 scrollHeight 12
  RenderMathMLBlock (flex) {mo} at (0,80) size 7x4
    RenderBlock (anonymous) at (0,0) size 7x4
      RenderText {mo} at (0,-9) size 7x21
        text run at (0,-9) width 7: "\x{23D0}"
layer at (280,361) size 7x4 scrollHeight 12
  RenderMathMLBlock (flex) {mo} at (0,84) size 7x4
    RenderBlock (anonymous) at (0,0) size 7x4
      RenderText {mo} at (0,-9) size 7x21
        text run at (0,-9) width 7: "\x{23D0}"
layer at (280,365) size 7x4 scrollHeight 12
  RenderMathMLBlock (flex) {mo} at (0,88) size 7x4
    RenderBlock (anonymous) at (0,0) size 7x4
      RenderText {mo} at (0,-9) size 7x21
        text run at (0,-9) width 7: "\x{23D0}"
layer at (280,369) size 7x4 scrollHeight 12
  RenderMathMLBlock (flex) {mo} at (0,92) size 7x4
    RenderBlock (anonymous) at (0,0) size 7x4
      RenderText {mo} at (0,-9) size 7x21
        text run at (0,-9) width 7: "\x{23D0}"
layer at (280,373) size 7x4 scrollHeight 12
  RenderMathMLBlock (flex) {mo} at (0,96) size 7x4
    RenderBlock (anonymous) at (0,0) size 7x4
      RenderText {mo} at (0,-9) size 7x21
        text run at (0,-9) width 7: "\x{23D0}"
layer at (280,377) size 7x4 scrollHeight 12
  RenderMathMLBlock (flex) {mo} at (0,100) size 7x4
    RenderBlock (anonymous) at (0,0) size 7x4
      RenderText {mo} at (0,-9) size 7x21
        text run at (0,-9) width 7: "\x{23D0}"
layer at (280,381) size 7x4 scrollHeight 12
  RenderMathMLBlock (flex) {mo} at (0,104) size 7x4
    RenderBlock (anonymous) at (0,0) size 7x4
      RenderText {mo} at (0,-9) size 7x21
        text run at (0,-9) width 7: "\x{23D0}"
layer at (280,385) size 7x4 scrollHeight 12
  RenderMathMLBlock (flex) {mo} at (0,108) size 7x4
    RenderBlock (anonymous) at (0,0) size 7x4
      RenderText {mo} at (0,-9) size 7x21
        text run at (0,-9) width 7: "\x{23D0}"
layer at (280,389) size 7x4 scrollHeight 12
  RenderMathMLBlock (flex) {mo} at (0,112) size 7x4
    RenderBlock (anonymous) at (0,0) size 7x4
      RenderText {mo} at (0,-9) size 7x21
        text run at (0,-9) width 7: "\x{23D0}"
layer at (280,393) size 7x4 scrollHeight 12
  RenderMathMLBlock (flex) {mo} at (0,116) size 7x4
    RenderBlock (anonymous) at (0,0) size 7x4
      RenderText {mo} at (0,-9) size 7x21
        text run at (0,-9) width 7: "\x{23D0}"
layer at (280,397) size 7x4 scrollHeight 12
  RenderMathMLBlock (flex) {mo} at (0,120) size 7x4
    RenderBlock (anonymous) at (0,0) size 7x4
      RenderText {mo} at (0,-9) size 7x21
        text run at (0,-9) width 7: "\x{23D0}"
layer at (280,401) size 7x4 scrollHeight 12
  RenderMathMLBlock (flex) {mo} at (0,124) size 7x4
    RenderBlock (anonymous) at (0,0) size 7x4
      RenderText {mo} at (0,-9) size 7x21
        text run at (0,-9) width 7: "\x{23D0}"
layer at (280,405) size 7x4 scrollHeight 12
  RenderMathMLBlock (flex) {mo} at (0,128) size 7x4
    RenderBlock (anonymous) at (0,0) size 7x4
      RenderText {mo} at (0,-9) size 7x21
        text run at (0,-9) width 7: "\x{23D0}"
layer at (280,409) size 7x4 scrollHeight 12
  RenderMathMLBlock (flex) {mo} at (0,132) size 7x4
    RenderBlock (anonymous) at (0,0) size 7x4
      RenderText {mo} at (0,-9) size 7x21
        text run at (0,-9) width 7: "\x{23D0}"
layer at (280,413) size 7x4 scrollHeight 12
  RenderMathMLBlock (flex) {mo} at (0,136) size 7x4
    RenderBlock (anonymous) at (0,0) size 7x4
      RenderText {mo} at (0,-9) size 7x21
        text run at (0,-9) width 7: "\x{23D0}"
layer at (280,417) size 7x7 scrollHeight 12
  RenderMathMLBlock (flex) {mo} at (0,140) size 7x7
    RenderBlock (anonymous) at (0,0) size 7x7
layer at (343,277) size 7x4 scrollHeight 13
  RenderMathMLBlock (flex) {mo} at (0,0) size 7x4
    RenderBlock (anonymous) at (0,0) size 7x4
layer at (343,281) size 7x4 scrollHeight 12
  RenderMathMLBlock (flex) {mo} at (0,4) size 7x4
    RenderBlock (anonymous) at (0,0) size 7x4
      RenderText {mo} at (0,-9) size 7x21
        text run at (0,-9) width 7: "\x{23D0}"
layer at (343,285) size 7x4 scrollHeight 12
  RenderMathMLBlock (flex) {mo} at (0,8) size 7x4
    RenderBlock (anonymous) at (0,0) size 7x4
      RenderText {mo} at (0,-9) size 7x21
        text run at (0,-9) width 7: "\x{23D0}"
layer at (343,289) size 7x4 scrollHeight 12
  RenderMathMLBlock (flex) {mo} at (0,12) size 7x4
    RenderBlock (anonymous) at (0,0) size 7x4
      RenderText {mo} at (0,-9) size 7x21
        text run at (0,-9) width 7: "\x{23D0}"
layer at (343,293) size 7x4 scrollHeight 12
  RenderMathMLBlock (flex) {mo} at (0,16) size 7x4
    RenderBlock (anonymous) at (0,0) size 7x4
      RenderText {mo} at (0,-9) size 7x21
        text run at (0,-9) width 7: "\x{23D0}"
layer at (343,297) size 7x4 scrollHeight 12
  RenderMathMLBlock (flex) {mo} at (0,20) size 7x4
    RenderBlock (anonymous) at (0,0) size 7x4
      RenderText {mo} at (0,-9) size 7x21
        text run at (0,-9) width 7: "\x{23D0}"
layer at (343,301) size 7x4 scrollHeight 12
  RenderMathMLBlock (flex) {mo} at (0,24) size 7x4
    RenderBlock (anonymous) at (0,0) size 7x4
      RenderText {mo} at (0,-9) size 7x21
        text run at (0,-9) width 7: "\x{23D0}"
layer at (343,305) size 7x4 scrollHeight 12
  RenderMathMLBlock (flex) {mo} at (0,28) size 7x4
    RenderBlock (anonymous) at (0,0) size 7x4
      RenderText {mo} at (0,-9) size 7x21
        text run at (0,-9) width 7: "\x{23D0}"
layer at (343,309) size 7x4 scrollHeight 12
  RenderMathMLBlock (flex) {mo} at (0,32) size 7x4
    RenderBlock (anonymous) at (0,0) size 7x4
      RenderText {mo} at (0,-9) size 7x21
        text run at (0,-9) width 7: "\x{23D0}"
layer at (343,313) size 7x4 scrollHeight 12
  RenderMathMLBlock (flex) {mo} at (0,36) size 7x4
    RenderBlock (anonymous) at (0,0) size 7x4
      RenderText {mo} at (0,-9) size 7x21
        text run at (0,-9) width 7: "\x{23D0}"
layer at (343,317) size 7x4 scrollHeight 12
  RenderMathMLBlock (flex) {mo} at (0,40) size 7x4
    RenderBlock (anonymous) at (0,0) size 7x4
      RenderText {mo} at (0,-9) size 7x21
        text run at (0,-9) width 7: "\x{23D0}"
layer at (343,321) size 7x4 scrollHeight 12
  RenderMathMLBlock (flex) {mo} at (0,44) size 7x4
    RenderBlock (anonymous) at (0,0) size 7x4
      RenderText {mo} at (0,-9) size 7x21
        text run at (0,-9) width 7: "\x{23D0}"
layer at (343,325) size 7x4 scrollHeight 12
  RenderMathMLBlock (flex) {mo} at (0,48) size 7x4
    RenderBlock (anonymous) at (0,0) size 7x4
      RenderText {mo} at (0,-9) size 7x21
        text run at (0,-9) width 7: "\x{23D0}"
layer at (343,329) size 7x4 scrollHeight 12
  RenderMathMLBlock (flex) {mo} at (0,52) size 7x4
    RenderBlock (anonymous) at (0,0) size 7x4
      RenderText {mo} at (0,-9) size 7x21
        text run at (0,-9) width 7: "\x{23D0}"
layer at (343,333) size 7x4 scrollHeight 12
  RenderMathMLBlock (flex) {mo} at (0,56) size 7x4
    RenderBlock (anonymous) at (0,0) size 7x4
      RenderText {mo} at (0,-9) size 7x21
        text run at (0,-9) width 7: "\x{23D0}"
layer at (343,337) size 7x4 scrollHeight 12
  RenderMathMLBlock (flex) {mo} at (0,60) size 7x4
    RenderBlock (anonymous) at (0,0) size 7x4
      RenderText {mo} at (0,-9) size 7x21
        text run at (0,-9) width 7: "\x{23D0}"
layer at (343,341) size 7x4 scrollHeight 12
  RenderMathMLBlock (flex) {mo} at (0,64) size 7x4
    RenderBlock (anonymous) at (0,0) size 7x4
      RenderText {mo} at (0,-9) size 7x21
        text run at (0,-9) width 7: "\x{23D0}"
layer at (343,345) size 7x4 scrollHeight 12
  RenderMathMLBlock (flex) {mo} at (0,68) size 7x4
    RenderBlock (anonymous) at (0,0) size 7x4
      RenderText {mo} at (0,-9) size 7x21
        text run at (0,-9) width 7: "\x{23D0}"
layer at (343,349) size 7x4 scrollHeight 12
  RenderMathMLBlock (flex) {mo} at (0,72) size 7x4
    RenderBlock (anonymous) at (0,0) size 7x4
      RenderText {mo} at (0,-9) size 7x21
        text run at (0,-9) width 7: "\x{23D0}"
layer at (343,353) size 7x4 scrollHeight 12
  RenderMathMLBlock (flex) {mo} at (0,76) size 7x4
    RenderBlock (anonymous) at (0,0) size 7x4
      RenderText {mo} at (0,-9) size 7x21
        text run at (0,-9) width 7: "\x{23D0}"
layer at (343,357) size 7x4 scrollHeight 12
  RenderMathMLBlock (flex) {mo} at (0,80) size 7x4
    RenderBlock (anonymous) at (0,0) size 7x4
      RenderText {mo} at (0,-9) size 7x21
        text run at (0,-9) width 7: "\x{23D0}"
layer at (343,361) size 7x4 scrollHeight 12
  RenderMathMLBlock (flex) {mo} at (0,84) size 7x4
    RenderBlock (anonymous) at (0,0) size 7x4
      RenderText {mo} at (0,-9) size 7x21
        text run at (0,-9) width 7: "\x{23D0}"
layer at (343,365) size 7x4 scrollHeight 12
  RenderMathMLBlock (flex) {mo} at (0,88) size 7x4
    RenderBlock (anonymous) at (0,0) size 7x4
      RenderText {mo} at (0,-9) size 7x21
        text run at (0,-9) width 7: "\x{23D0}"
layer at (343,369) size 7x4 scrollHeight 12
  RenderMathMLBlock (flex) {mo} at (0,92) size 7x4
    RenderBlock (anonymous) at (0,0) size 7x4
      RenderText {mo} at (0,-9) size 7x21
        text run at (0,-9) width 7: "\x{23D0}"
layer at (343,373) size 7x4 scrollHeight 12
  RenderMathMLBlock (flex) {mo} at (0,96) size 7x4
    RenderBlock (anonymous) at (0,0) size 7x4
      RenderText {mo} at (0,-9) size 7x21
        text run at (0,-9) width 7: "\x{23D0}"
layer at (343,377) size 7x4 scrollHeight 12
  RenderMathMLBlock (flex) {mo} at (0,100) size 7x4
    RenderBlock (anonymous) at (0,0) size 7x4
      RenderText {mo} at (0,-9) size 7x21
        text run at (0,-9) width 7: "\x{23D0}"
layer at (343,381) size 7x4 scrollHeight 12
  RenderMathMLBlock (flex) {mo} at (0,104) size 7x4
    RenderBlock (anonymous) at (0,0) size 7x4
      RenderText {mo} at (0,-9) size 7x21
        text run at (0,-9) width 7: "\x{23D0}"
layer at (343,385) size 7x4 scrollHeight 12
  RenderMathMLBlock (flex) {mo} at (0,108) size 7x4
    RenderBlock (anonymous) at (0,0) size 7x4
      RenderText {mo} at (0,-9) size 7x21
        text run at (0,-9) width 7: "\x{23D0}"
layer at (343,389) size 7x4 scrollHeight 12
  RenderMathMLBlock (flex) {mo} at (0,112) size 7x4
    RenderBlock (anonymous) at (0,0) size 7x4
      RenderText {mo} at (0,-9) size 7x21
        text run at (0,-9) width 7: "\x{23D0}"
layer at (343,393) size 7x4 scrollHeight 12
  RenderMathMLBlock (flex) {mo} at (0,116) size 7x4
    RenderBlock (anonymous) at (0,0) size 7x4
      RenderText {mo} at (0,-9) size 7x21
        text run at (0,-9) width 7: "\x{23D0}"
layer at (343,397) size 7x4 scrollHeight 12
  RenderMathMLBlock (flex) {mo} at (0,120) size 7x4
    RenderBlock (anonymous) at (0,0) size 7x4
      RenderText {mo} at (0,-9) size 7x21
        text run at (0,-9) width 7: "\x{23D0}"
layer at (343,401) size 7x4 scrollHeight 12
  RenderMathMLBlock (flex) {mo} at (0,124) size 7x4
    RenderBlock (anonymous) at (0,0) size 7x4
      RenderText {mo} at (0,-9) size 7x21
        text run at (0,-9) width 7: "\x{23D0}"
layer at (343,405) size 7x4 scrollHeight 12
  RenderMathMLBlock (flex) {mo} at (0,128) size 7x4
    RenderBlock (anonymous) at (0,0) size 7x4
      RenderText {mo} at (0,-9) size 7x21
        text run at (0,-9) width 7: "\x{23D0}"
layer at (343,409) size 7x4 scrollHeight 12
  RenderMathMLBlock (flex) {mo} at (0,132) size 7x4
    RenderBlock (anonymous) at (0,0) size 7x4
      RenderText {mo} at (0,-9) size 7x21
        text run at (0,-9) width 7: "\x{23D0}"
layer at (343,413) size 7x4 scrollHeight 12
  RenderMathMLBlock (flex) {mo} at (0,136) size 7x4
    RenderBlock (anonymous) at (0,0) size 7x4
      RenderText {mo} at (0,-9) size 7x21
        text run at (0,-9) width 7: "\x{23D0}"
layer at (343,417) size 7x7 scrollHeight 12
  RenderMathMLBlock (flex) {mo} at (0,140) size 7x7
    RenderBlock (anonymous) at (0,0) size 7x7
layer at (357,277) size 10x10 scrollHeight 18
  RenderMathMLBlock (flex) {mo} at (0,0) size 10x10
    RenderBlock (anonymous) at (0,0) size 10x10
layer at (357,287) size 10x10 scrollHeight 17
  RenderMathMLBlock (flex) {mo} at (0,10) size 10x10
    RenderBlock (anonymous) at (0,0) size 10x10
      RenderText {mo} at (0,-4) size 10x21
        text run at (0,-4) width 10: "\x{23AE}"
layer at (357,297) size 10x10 scrollHeight 17
  RenderMathMLBlock (flex) {mo} at (0,20) size 10x10
    RenderBlock (anonymous) at (0,0) size 10x10
      RenderText {mo} at (0,-4) size 10x21
        text run at (0,-4) width 10: "\x{23AE}"
layer at (357,307) size 10x10 scrollHeight 17
  RenderMathMLBlock (flex) {mo} at (0,30) size 10x10
    RenderBlock (anonymous) at (0,0) size 10x10
      RenderText {mo} at (0,-4) size 10x21
        text run at (0,-4) width 10: "\x{23AE}"
layer at (357,317) size 10x10 scrollHeight 17
  RenderMathMLBlock (flex) {mo} at (0,40) size 10x10
    RenderBlock (anonymous) at (0,0) size 10x10
      RenderText {mo} at (0,-4) size 10x21
        text run at (0,-4) width 10: "\x{23AE}"
layer at (357,327) size 10x10 scrollHeight 17
  RenderMathMLBlock (flex) {mo} at (0,50) size 10x10
    RenderBlock (anonymous) at (0,0) size 10x10
      RenderText {mo} at (0,-4) size 10x21
        text run at (0,-4) width 10: "\x{23AE}"
layer at (357,337) size 10x10 scrollHeight 17
  RenderMathMLBlock (flex) {mo} at (0,60) size 10x10
    RenderBlock (anonymous) at (0,0) size 10x10
      RenderText {mo} at (0,-4) size 10x21
        text run at (0,-4) width 10: "\x{23AE}"
layer at (357,347) size 10x10 scrollHeight 17
  RenderMathMLBlock (flex) {mo} at (0,70) size 10x10
    RenderBlock (anonymous) at (0,0) size 10x10
      RenderText {mo} at (0,-4) size 10x21
        text run at (0,-4) width 10: "\x{23AE}"
layer at (357,357) size 10x10 scrollHeight 17
  RenderMathMLBlock (flex) {mo} at (0,80) size 10x10
    RenderBlock (anonymous) at (0,0) size 10x10
      RenderText {mo} at (0,-4) size 10x21
        text run at (0,-4) width 10: "\x{23AE}"
layer at (357,367) size 10x10 scrollHeight 17
  RenderMathMLBlock (flex) {mo} at (0,90) size 10x10
    RenderBlock (anonymous) at (0,0) size 10x10
      RenderText {mo} at (0,-4) size 10x21
        text run at (0,-4) width 10: "\x{23AE}"
layer at (357,377) size 10x10 scrollHeight 17
  RenderMathMLBlock (flex) {mo} at (0,100) size 10x10
    RenderBlock (anonymous) at (0,0) size 10x10
      RenderText {mo} at (0,-4) size 10x21
        text run at (0,-4) width 10: "\x{23AE}"
layer at (357,387) size 10x10 scrollHeight 17
  RenderMathMLBlock (flex) {mo} at (0,110) size 10x10
    RenderBlock (anonymous) at (0,0) size 10x10
      RenderText {mo} at (0,-4) size 10x21
        text run at (0,-4) width 10: "\x{23AE}"
layer at (357,397) size 10x10 scrollHeight 17
  RenderMathMLBlock (flex) {mo} at (0,120) size 10x10
    RenderBlock (anonymous) at (0,0) size 10x10
      RenderText {mo} at (0,-4) size 10x21
        text run at (0,-4) width 10: "\x{23AE}"
layer at (357,407) size 10x4 scrollHeight 17
  RenderMathMLBlock (flex) {mo} at (0,130) size 10x4
    RenderBlock (anonymous) at (0,0) size 10x4
      RenderText {mo} at (0,-4) size 10x21
        text run at (0,-4) width 10: "\x{23AE}"
layer at (357,411) size 10x15 scrollHeight 17
  RenderMathMLBlock (flex) {mo} at (0,134) size 10x15
    RenderBlock (anonymous) at (0,0) size 10x15
layer at (49,442) size 5x10 scrollHeight 18
  RenderMathMLBlock (flex) {mo} at (0,0) size 5x10
    RenderBlock (anonymous) at (0,0) size 5x10
layer at (49,452) size 5x10 scrollHeight 17
  RenderMathMLBlock (flex) {mo} at (0,10) size 5x10
    RenderBlock (anonymous) at (0,0) size 5x10
      RenderText {mo} at (0,-4) size 5x21
        text run at (0,-4) width 5: "\x{239C}"
layer at (49,462) size 5x10 scrollHeight 17
  RenderMathMLBlock (flex) {mo} at (0,20) size 5x10
    RenderBlock (anonymous) at (0,0) size 5x10
      RenderText {mo} at (0,-4) size 5x21
        text run at (0,-4) width 5: "\x{239C}"
layer at (49,472) size 5x8 scrollHeight 17
  RenderMathMLBlock (flex) {mo} at (0,30) size 5x8
    RenderBlock (anonymous) at (0,0) size 5x8
      RenderText {mo} at (0,-4) size 5x21
        text run at (0,-4) width 5: "\x{239C}"
layer at (49,480) size 5x14 scrollHeight 17
  RenderMathMLBlock (flex) {mo} at (0,38) size 5x14
    RenderBlock (anonymous) at (0,0) size 5x14
layer at (197,442) size 5x10 scrollHeight 18
  RenderMathMLBlock (flex) {mo} at (0,0) size 5x10
    RenderBlock (anonymous) at (0,0) size 5x10
layer at (197,452) size 5x10 scrollHeight 17
  RenderMathMLBlock (flex) {mo} at (0,10) size 5x10
    RenderBlock (anonymous) at (0,0) size 5x10
      RenderText {mo} at (0,-4) size 5x21
        text run at (0,-4) width 5: "\x{239F}"
layer at (197,462) size 5x10 scrollHeight 17
  RenderMathMLBlock (flex) {mo} at (0,20) size 5x10
    RenderBlock (anonymous) at (0,0) size 5x10
      RenderText {mo} at (0,-4) size 5x21
        text run at (0,-4) width 5: "\x{239F}"
layer at (197,472) size 5x8 scrollHeight 17
  RenderMathMLBlock (flex) {mo} at (0,30) size 5x8
    RenderBlock (anonymous) at (0,0) size 5x8
      RenderText {mo} at (0,-4) size 5x21
        text run at (0,-4) width 5: "\x{239F}"
layer at (197,480) size 5x14 scrollHeight 17
  RenderMathMLBlock (flex) {mo} at (0,38) size 5x14
    RenderBlock (anonymous) at (0,0) size 5x14
layer at (49,91) size 7x15 backgroundClip at (49,90) size 7x9 clip at (49,90) size 7x9 outlineClip at (49,90) size 7x9
  RenderBlock (relative positioned) {mo} at (0,0) size 7x15
    RenderText {mo} at (0,-4) size 7x21
      text run at (0,-4) width 7: "\x{23A7}"
layer at (49,98) size 7x15 backgroundClip at (49,99) size 7x10 clip at (49,99) size 7x10 outlineClip at (49,99) size 7x10
  RenderBlock (relative positioned) {mo} at (0,0) size 7x15
    RenderText {mo} at (0,-4) size 7x21
      text run at (0,-4) width 7: "\x{23A8}"
layer at (49,106) size 7x15 backgroundClip at (49,109) size 7x15 clip at (49,109) size 7x15 outlineClip at (49,109) size 7x15
  RenderBlock (relative positioned) {mo} at (0,0) size 7x15
    RenderText {mo} at (0,-4) size 7x21
      text run at (0,-4) width 7: "\x{23A9}"
layer at (88,91) size 7x15 backgroundClip at (88,90) size 7x9 clip at (88,90) size 7x9 outlineClip at (88,90) size 7x9
  RenderBlock (relative positioned) {mo} at (0,0) size 7x15
    RenderText {mo} at (0,-4) size 7x21
      text run at (0,-4) width 7: "\x{23AB}"
layer at (88,98) size 7x15 backgroundClip at (88,99) size 7x10 clip at (88,99) size 7x10 outlineClip at (88,99) size 7x10
  RenderBlock (relative positioned) {mo} at (0,0) size 7x15
    RenderText {mo} at (0,-4) size 7x21
      text run at (0,-4) width 7: "\x{23AC}"
layer at (88,106) size 7x15 backgroundClip at (88,109) size 7x15 clip at (88,109) size 7x15 outlineClip at (88,109) size 7x15
  RenderBlock (relative positioned) {mo} at (0,0) size 7x15
    RenderText {mo} at (0,-4) size 7x21
      text run at (0,-4) width 7: "\x{23AD}"
layer at (102,91) size 5x15 backgroundClip at (102,90) size 5x10 clip at (102,90) size 5x10 outlineClip at (102,90) size 5x10
  RenderBlock (relative positioned) {mo} at (0,0) size 5x15
    RenderText {mo} at (0,-4) size 5x21
      text run at (0,-4) width 5: "\x{23A1}"
layer at (102,105) size 5x15 backgroundClip at (102,108) size 5x15 clip at (102,108) size 5x15 outlineClip at (102,108) size 5x15
  RenderBlock (relative positioned) {mo} at (0,0) size 5x15
    RenderText {mo} at (0,-4) size 5x21
      text run at (0,-4) width 5: "\x{23A3}"
layer at (139,91) size 5x15 backgroundClip at (139,90) size 5x10 clip at (139,90) size 5x10 outlineClip at (139,90) size 5x10
  RenderBlock (relative positioned) {mo} at (0,0) size 5x15
    RenderText {mo} at (0,-4) size 5x21
      text run at (0,-4) width 5: "\x{23A4}"
layer at (139,105) size 5x15 backgroundClip at (139,108) size 5x15 clip at (139,108) size 5x15 outlineClip at (139,108) size 5x15
  RenderBlock (relative positioned) {mo} at (0,0) size 5x15
    RenderText {mo} at (0,-4) size 5x21
      text run at (0,-4) width 5: "\x{23A6}"
layer at (151,91) size 5x15 backgroundClip at (151,90) size 5x10 clip at (151,90) size 5x10 outlineClip at (151,90) size 5x10
  RenderBlock (relative positioned) {mo} at (0,0) size 5x15
    RenderText {mo} at (0,-4) size 5x21
      text run at (0,-4) width 5: "\x{239B}"
layer at (151,105) size 5x14 backgroundClip at (151,108) size 5x14 clip at (151,108) size 5x14 outlineClip at (151,108) size 5x14
  RenderBlock (relative positioned) {mo} at (0,0) size 5x14
    RenderText {mo} at (0,-4) size 5x21
      text run at (0,-4) width 5: "\x{239D}"
layer at (188,91) size 5x15 backgroundClip at (188,90) size 5x10 clip at (188,90) size 5x10 outlineClip at (188,90) size 5x10
  RenderBlock (relative positioned) {mo} at (0,0) size 5x15
    RenderText {mo} at (0,-4) size 5x21
      text run at (0,-4) width 5: "\x{239E}"
layer at (188,105) size 5x14 backgroundClip at (188,108) size 5x14 clip at (188,108) size 5x14 outlineClip at (188,108) size 5x14
  RenderBlock (relative positioned) {mo} at (0,0) size 5x14
    RenderText {mo} at (0,-4) size 5x21
      text run at (0,-4) width 5: "\x{23A0}"
layer at (200,91) size 7x7 backgroundClip at (200,90) size 7x4 clip at (200,90) size 7x4 outlineClip at (200,90) size 7x4
  RenderBlock (relative positioned) {mo} at (0,0) size 7x7
    RenderText {mo} at (0,-9) size 7x21
      text run at (0,-9) width 7: "\x{23D0}"
layer at (200,111) size 7x7 backgroundClip at (200,114) size 7x7 clip at (200,114) size 7x7 outlineClip at (200,114) size 7x7
  RenderBlock (relative positioned) {mo} at (0,0) size 7x7
    RenderText {mo} at (0,-9) size 7x21
      text run at (0,-9) width 7: "\x{23D0}"
layer at (239,91) size 7x7 backgroundClip at (239,90) size 7x4 clip at (239,90) size 7x4 outlineClip at (239,90) size 7x4
  RenderBlock (relative positioned) {mo} at (0,0) size 7x7
    RenderText {mo} at (0,-9) size 7x21
      text run at (0,-9) width 7: "\x{23D0}"
layer at (239,111) size 7x7 backgroundClip at (239,114) size 7x7 clip at (239,114) size 7x7 outlineClip at (239,114) size 7x7
  RenderBlock (relative positioned) {mo} at (0,0) size 7x7
    RenderText {mo} at (0,-9) size 7x21
      text run at (0,-9) width 7: "\x{23D0}"
layer at (253,91) size 10x15 backgroundClip at (253,90) size 10x10 clip at (253,90) size 10x10 outlineClip at (253,90) size 10x10
  RenderBlock (relative positioned) {mo} at (0,0) size 10x15
    RenderText {mo} at (0,-4) size 10x21
      text run at (0,-4) width 10: "\x{2320}"
layer at (253,105) size 10x15 backgroundClip at (253,108) size 10x15 clip at (253,108) size 10x15 outlineClip at (253,108) size 10x15
  RenderBlock (relative positioned) {mo} at (0,0) size 10x15
    RenderText {mo} at (0,-4) size 10x21
      text run at (0,-4) width 10: "\x{2321}"
layer at (49,141) size 7x15 backgroundClip at (49,140) size 7x10 clip at (49,140) size 7x10 outlineClip at (49,140) size 7x10
  RenderBlock (relative positioned) {mo} at (0,0) size 7x15
    RenderText {mo} at (0,-4) size 7x21
      text run at (0,-4) width 7: "\x{23A7}"
layer at (49,153) size 7x15 backgroundClip at (49,154) size 7x10 clip at (49,154) size 7x10 outlineClip at (49,154) size 7x10
  RenderBlock (relative positioned) {mo} at (0,0) size 7x15
    RenderText {mo} at (0,-4) size 7x21
      text run at (0,-4) width 7: "\x{23A8}"
layer at (49,165) size 7x15 backgroundClip at (49,168) size 7x15 clip at (49,168) size 7x15 outlineClip at (49,168) size 7x15
  RenderBlock (relative positioned) {mo} at (0,0) size 7x15
    RenderText {mo} at (0,-4) size 7x21
      text run at (0,-4) width 7: "\x{23A9}"
layer at (96,141) size 7x15 backgroundClip at (96,140) size 7x10 clip at (96,140) size 7x10 outlineClip at (96,140) size 7x10
  RenderBlock (relative positioned) {mo} at (0,0) size 7x15
    RenderText {mo} at (0,-4) size 7x21
      text run at (0,-4) width 7: "\x{23AB}"
layer at (96,153) size 7x15 backgroundClip at (96,154) size 7x10 clip at (96,154) size 7x10 outlineClip at (96,154) size 7x10
  RenderBlock (relative positioned) {mo} at (0,0) size 7x15
    RenderText {mo} at (0,-4) size 7x21
      text run at (0,-4) width 7: "\x{23AC}"
layer at (96,165) size 7x15 backgroundClip at (96,168) size 7x15 clip at (96,168) size 7x15 outlineClip at (96,168) size 7x15
  RenderBlock (relative positioned) {mo} at (0,0) size 7x15
    RenderText {mo} at (0,-4) size 7x21
      text run at (0,-4) width 7: "\x{23AD}"
layer at (110,141) size 5x15 backgroundClip at (110,140) size 5x10 clip at (110,140) size 5x10 outlineClip at (110,140) size 5x10
  RenderBlock (relative positioned) {mo} at (0,0) size 5x15
    RenderText {mo} at (0,-4) size 5x21
      text run at (0,-4) width 5: "\x{23A1}"
layer at (110,165) size 5x15 backgroundClip at (110,168) size 5x15 clip at (110,168) size 5x15 outlineClip at (110,168) size 5x15
  RenderBlock (relative positioned) {mo} at (0,0) size 5x15
    RenderText {mo} at (0,-4) size 5x21
      text run at (0,-4) width 5: "\x{23A3}"
layer at (155,141) size 5x15 backgroundClip at (155,140) size 5x10 clip at (155,140) size 5x10 outlineClip at (155,140) size 5x10
  RenderBlock (relative positioned) {mo} at (0,0) size 5x15
    RenderText {mo} at (0,-4) size 5x21
      text run at (0,-4) width 5: "\x{23A4}"
layer at (155,165) size 5x15 backgroundClip at (155,168) size 5x15 clip at (155,168) size 5x15 outlineClip at (155,168) size 5x15
  RenderBlock (relative positioned) {mo} at (0,0) size 5x15
    RenderText {mo} at (0,-4) size 5x21
      text run at (0,-4) width 5: "\x{23A6}"
layer at (167,141) size 5x15 backgroundClip at (167,140) size 5x10 clip at (167,140) size 5x10 outlineClip at (167,140) size 5x10
  RenderBlock (relative positioned) {mo} at (0,0) size 5x15
    RenderText {mo} at (0,-4) size 5x21
      text run at (0,-4) width 5: "\x{239B}"
layer at (167,165) size 5x14 backgroundClip at (167,168) size 5x14 clip at (167,168) size 5x14 outlineClip at (167,168) size 5x14
  RenderBlock (relative positioned) {mo} at (0,0) size 5x14
    RenderText {mo} at (0,-4) size 5x21
      text run at (0,-4) width 5: "\x{239D}"
layer at (212,141) size 5x15 backgroundClip at (212,140) size 5x10 clip at (212,140) size 5x10 outlineClip at (212,140) size 5x10
  RenderBlock (relative positioned) {mo} at (0,0) size 5x15
    RenderText {mo} at (0,-4) size 5x21
      text run at (0,-4) width 5: "\x{239E}"
layer at (212,165) size 5x14 backgroundClip at (212,168) size 5x14 clip at (212,168) size 5x14 outlineClip at (212,168) size 5x14
  RenderBlock (relative positioned) {mo} at (0,0) size 5x14
    RenderText {mo} at (0,-4) size 5x21
      text run at (0,-4) width 5: "\x{23A0}"
layer at (224,141) size 7x7 backgroundClip at (224,140) size 7x4 clip at (224,140) size 7x4 outlineClip at (224,140) size 7x4
  RenderBlock (relative positioned) {mo} at (0,0) size 7x7
    RenderText {mo} at (0,-9) size 7x21
      text run at (0,-9) width 7: "\x{23D0}"
layer at (224,171) size 7x7 backgroundClip at (224,174) size 7x7 clip at (224,174) size 7x7 outlineClip at (224,174) size 7x7
  RenderBlock (relative positioned) {mo} at (0,0) size 7x7
    RenderText {mo} at (0,-9) size 7x21
      text run at (0,-9) width 7: "\x{23D0}"
layer at (271,141) size 7x7 backgroundClip at (271,140) size 7x4 clip at (271,140) size 7x4 outlineClip at (271,140) size 7x4
  RenderBlock (relative positioned) {mo} at (0,0) size 7x7
    RenderText {mo} at (0,-9) size 7x21
      text run at (0,-9) width 7: "\x{23D0}"
layer at (271,171) size 7x7 backgroundClip at (271,174) size 7x7 clip at (271,174) size 7x7 outlineClip at (271,174) size 7x7
  RenderBlock (relative positioned) {mo} at (0,0) size 7x7
    RenderText {mo} at (0,-9) size 7x21
      text run at (0,-9) width 7: "\x{23D0}"
layer at (285,141) size 10x15 backgroundClip at (285,140) size 10x10 clip at (285,140) size 10x10 outlineClip at (285,140) size 10x10
  RenderBlock (relative positioned) {mo} at (0,0) size 10x15
    RenderText {mo} at (0,-4) size 10x21
      text run at (0,-4) width 10: "\x{2320}"
layer at (285,165) size 10x15 backgroundClip at (285,168) size 10x15 clip at (285,168) size 10x15 outlineClip at (285,168) size 10x15
  RenderBlock (relative positioned) {mo} at (0,0) size 10x15
    RenderText {mo} at (0,-4) size 10x21
      text run at (0,-4) width 10: "\x{2321}"
layer at (49,200) size 7x15 backgroundClip at (49,199) size 7x10 clip at (49,199) size 7x10 outlineClip at (49,199) size 7x10
  RenderBlock (relative positioned) {mo} at (0,0) size 7x15
    RenderText {mo} at (0,-4) size 7x21
      text run at (0,-4) width 7: "\x{23A7}"
layer at (49,221) size 7x15 backgroundClip at (49,222) size 7x10 clip at (49,222) size 7x10 outlineClip at (49,222) size 7x10
  RenderBlock (relative positioned) {mo} at (0,0) size 7x15
    RenderText {mo} at (0,-4) size 7x21
      text run at (0,-4) width 7: "\x{23A8}"
layer at (49,243) size 7x15 backgroundClip at (49,246) size 7x15 clip at (49,246) size 7x15 outlineClip at (49,246) size 7x15
  RenderBlock (relative positioned) {mo} at (0,0) size 7x15
    RenderText {mo} at (0,-4) size 7x21
      text run at (0,-4) width 7: "\x{23A9}"
layer at (112,200) size 7x15 backgroundClip at (112,199) size 7x10 clip at (112,199) size 7x10 outlineClip at (112,199) size 7x10
  RenderBlock (relative positioned) {mo} at (0,0) size 7x15
    RenderText {mo} at (0,-4) size 7x21
      text run at (0,-4) width 7: "\x{23AB}"
layer at (112,221) size 7x15 backgroundClip at (112,222) size 7x10 clip at (112,222) size 7x10 outlineClip at (112,222) size 7x10
  RenderBlock (relative positioned) {mo} at (0,0) size 7x15
    RenderText {mo} at (0,-4) size 7x21
      text run at (0,-4) width 7: "\x{23AC}"
layer at (112,243) size 7x15 backgroundClip at (112,246) size 7x15 clip at (112,246) size 7x15 outlineClip at (112,246) size 7x15
  RenderBlock (relative positioned) {mo} at (0,0) size 7x15
    RenderText {mo} at (0,-4) size 7x21
      text run at (0,-4) width 7: "\x{23AD}"
layer at (126,200) size 5x15 backgroundClip at (126,199) size 5x10 clip at (126,199) size 5x10 outlineClip at (126,199) size 5x10
  RenderBlock (relative positioned) {mo} at (0,0) size 5x15
    RenderText {mo} at (0,-4) size 5x21
      text run at (0,-4) width 5: "\x{23A1}"
layer at (126,243) size 5x15 backgroundClip at (126,246) size 5x15 clip at (126,246) size 5x15 outlineClip at (126,246) size 5x15
  RenderBlock (relative positioned) {mo} at (0,0) size 5x15
    RenderText {mo} at (0,-4) size 5x21
      text run at (0,-4) width 5: "\x{23A3}"
layer at (187,200) size 5x15 backgroundClip at (187,199) size 5x10 clip at (187,199) size 5x10 outlineClip at (187,199) size 5x10
  RenderBlock (relative positioned) {mo} at (0,0) size 5x15
    RenderText {mo} at (0,-4) size 5x21
      text run at (0,-4) width 5: "\x{23A4}"
layer at (187,243) size 5x15 backgroundClip at (187,246) size 5x15 clip at (187,246) size 5x15 outlineClip at (187,246) size 5x15
  RenderBlock (relative positioned) {mo} at (0,0) size 5x15
    RenderText {mo} at (0,-4) size 5x21
      text run at (0,-4) width 5: "\x{23A6}"
layer at (199,200) size 5x15 backgroundClip at (199,199) size 5x10 clip at (199,199) size 5x10 outlineClip at (199,199) size 5x10
  RenderBlock (relative positioned) {mo} at (0,0) size 5x15
    RenderText {mo} at (0,-4) size 5x21
      text run at (0,-4) width 5: "\x{239B}"
layer at (199,243) size 5x14 backgroundClip at (199,246) size 5x14 clip at (199,246) size 5x14 outlineClip at (199,246) size 5x14
  RenderBlock (relative positioned) {mo} at (0,0) size 5x14
    RenderText {mo} at (0,-4) size 5x21
      text run at (0,-4) width 5: "\x{239D}"
layer at (260,200) size 5x15 backgroundClip at (260,199) size 5x10 clip at (260,199) size 5x10 outlineClip at (260,199) size 5x10
  RenderBlock (relative positioned) {mo} at (0,0) size 5x15
    RenderText {mo} at (0,-4) size 5x21
      text run at (0,-4) width 5: "\x{239E}"
layer at (260,243) size 5x14 backgroundClip at (260,246) size 5x14 clip at (260,246) size 5x14 outlineClip at (260,246) size 5x14
  RenderBlock (relative positioned) {mo} at (0,0) size 5x14
    RenderText {mo} at (0,-4) size 5x21
      text run at (0,-4) width 5: "\x{23A0}"
layer at (272,200) size 7x7 backgroundClip at (272,199) size 7x4 clip at (272,199) size 7x4 outlineClip at (272,199) size 7x4
  RenderBlock (relative positioned) {mo} at (0,0) size 7x7
    RenderText {mo} at (0,-9) size 7x21
      text run at (0,-9) width 7: "\x{23D0}"
layer at (272,249) size 7x7 backgroundClip at (272,252) size 7x7 clip at (272,252) size 7x7 outlineClip at (272,252) size 7x7
  RenderBlock (relative positioned) {mo} at (0,0) size 7x7
    RenderText {mo} at (0,-9) size 7x21
      text run at (0,-9) width 7: "\x{23D0}"
layer at (335,200) size 7x7 backgroundClip at (335,199) size 7x4 clip at (335,199) size 7x4 outlineClip at (335,199) size 7x4
  RenderBlock (relative positioned) {mo} at (0,0) size 7x7
    RenderText {mo} at (0,-9) size 7x21
      text run at (0,-9) width 7: "\x{23D0}"
layer at (335,249) size 7x7 backgroundClip at (335,252) size 7x7 clip at (335,252) size 7x7 outlineClip at (335,252) size 7x7
  RenderBlock (relative positioned) {mo} at (0,0) size 7x7
    RenderText {mo} at (0,-9) size 7x21
      text run at (0,-9) width 7: "\x{23D0}"
layer at (349,200) size 10x15 backgroundClip at (349,199) size 10x10 clip at (349,199) size 10x10 outlineClip at (349,199) size 10x10
  RenderBlock (relative positioned) {mo} at (0,0) size 10x15
    RenderText {mo} at (0,-4) size 10x21
      text run at (0,-4) width 10: "\x{2320}"
layer at (349,243) size 10x15 backgroundClip at (349,246) size 10x15 clip at (349,246) size 10x15 outlineClip at (349,246) size 10x15
  RenderBlock (relative positioned) {mo} at (0,0) size 10x15
    RenderText {mo} at (0,-4) size 10x21
      text run at (0,-4) width 10: "\x{2321}"
layer at (57,278) size 7x15 backgroundClip at (57,277) size 7x10 clip at (57,277) size 7x10 outlineClip at (57,277) size 7x10
  RenderBlock (relative positioned) {mo} at (0,0) size 7x15
    RenderText {mo} at (0,-4) size 7x21
      text run at (0,-4) width 7: "\x{23A7}"
layer at (57,343) size 7x15 backgroundClip at (57,344) size 7x10 clip at (57,344) size 7x10 outlineClip at (57,344) size 7x10
  RenderBlock (relative positioned) {mo} at (0,0) size 7x15
    RenderText {mo} at (0,-4) size 7x21
      text run at (0,-4) width 7: "\x{23A8}"
layer at (57,408) size 7x15 backgroundClip at (57,411) size 7x15 clip at (57,411) size 7x15 outlineClip at (57,411) size 7x15
  RenderBlock (relative positioned) {mo} at (0,0) size 7x15
    RenderText {mo} at (0,-4) size 7x21
      text run at (0,-4) width 7: "\x{23A9}"
layer at (120,278) size 7x15 backgroundClip at (120,277) size 7x10 clip at (120,277) size 7x10 outlineClip at (120,277) size 7x10
  RenderBlock (relative positioned) {mo} at (0,0) size 7x15
    RenderText {mo} at (0,-4) size 7x21
      text run at (0,-4) width 7: "\x{23AB}"
layer at (120,343) size 7x15 backgroundClip at (120,344) size 7x10 clip at (120,344) size 7x10 outlineClip at (120,344) size 7x10
  RenderBlock (relative positioned) {mo} at (0,0) size 7x15
    RenderText {mo} at (0,-4) size 7x21
      text run at (0,-4) width 7: "\x{23AC}"
layer at (120,408) size 7x15 backgroundClip at (120,411) size 7x15 clip at (120,411) size 7x15 outlineClip at (120,411) size 7x15
  RenderBlock (relative positioned) {mo} at (0,0) size 7x15
    RenderText {mo} at (0,-4) size 7x21
      text run at (0,-4) width 7: "\x{23AD}"
layer at (134,278) size 5x15 backgroundClip at (134,277) size 5x10 clip at (134,277) size 5x10 outlineClip at (134,277) size 5x10
  RenderBlock (relative positioned) {mo} at (0,0) size 5x15
    RenderText {mo} at (0,-4) size 5x21
      text run at (0,-4) width 5: "\x{23A1}"
layer at (134,408) size 5x15 backgroundClip at (134,411) size 5x15 clip at (134,411) size 5x15 outlineClip at (134,411) size 5x15
  RenderBlock (relative positioned) {mo} at (0,0) size 5x15
    RenderText {mo} at (0,-4) size 5x21
      text run at (0,-4) width 5: "\x{23A3}"
layer at (195,278) size 5x15 backgroundClip at (195,277) size 5x10 clip at (195,277) size 5x10 outlineClip at (195,277) size 5x10
  RenderBlock (relative positioned) {mo} at (0,0) size 5x15
    RenderText {mo} at (0,-4) size 5x21
      text run at (0,-4) width 5: "\x{23A4}"
layer at (195,408) size 5x15 backgroundClip at (195,411) size 5x15 clip at (195,411) size 5x15 outlineClip at (195,411) size 5x15
  RenderBlock (relative positioned) {mo} at (0,0) size 5x15
    RenderText {mo} at (0,-4) size 5x21
      text run at (0,-4) width 5: "\x{23A6}"
layer at (207,278) size 5x15 backgroundClip at (207,277) size 5x10 clip at (207,277) size 5x10 outlineClip at (207,277) size 5x10
  RenderBlock (relative positioned) {mo} at (0,0) size 5x15
    RenderText {mo} at (0,-4) size 5x21
      text run at (0,-4) width 5: "\x{239B}"
layer at (207,408) size 5x14 backgroundClip at (207,411) size 5x14 clip at (207,411) size 5x14 outlineClip at (207,411) size 5x14
  RenderBlock (relative positioned) {mo} at (0,0) size 5x14
    RenderText {mo} at (0,-4) size 5x21
      text run at (0,-4) width 5: "\x{239D}"
layer at (268,278) size 5x15 backgroundClip at (268,277) size 5x10 clip at (268,277) size 5x10 outlineClip at (268,277) size 5x10
  RenderBlock (relative positioned) {mo} at (0,0) size 5x15
    RenderText {mo} at (0,-4) size 5x21
      text run at (0,-4) width 5: "\x{239E}"
layer at (268,408) size 5x14 backgroundClip at (268,411) size 5x14 clip at (268,411) size 5x14 outlineClip at (268,411) size 5x14
  RenderBlock (relative positioned) {mo} at (0,0) size 5x14
    RenderText {mo} at (0,-4) size 5x21
      text run at (0,-4) width 5: "\x{23A0}"
layer at (280,278) size 7x7 backgroundClip at (280,277) size 7x4 clip at (280,277) size 7x4 outlineClip at (280,277) size 7x4
  RenderBlock (relative positioned) {mo} at (0,0) size 7x7
    RenderText {mo} at (0,-9) size 7x21
      text run at (0,-9) width 7: "\x{23D0}"
layer at (280,414) size 7x7 backgroundClip at (280,417) size 7x7 clip at (280,417) size 7x7 outlineClip at (280,417) size 7x7
  RenderBlock (relative positioned) {mo} at (0,0) size 7x7
    RenderText {mo} at (0,-9) size 7x21
      text run at (0,-9) width 7: "\x{23D0}"
layer at (343,278) size 7x7 backgroundClip at (343,277) size 7x4 clip at (343,277) size 7x4 outlineClip at (343,277) size 7x4
  RenderBlock (relative positioned) {mo} at (0,0) size 7x7
    RenderText {mo} at (0,-9) size 7x21
      text run at (0,-9) width 7: "\x{23D0}"
layer at (343,414) size 7x7 backgroundClip at (343,417) size 7x7 clip at (343,417) size 7x7 outlineClip at (343,417) size 7x7
  RenderBlock (relative positioned) {mo} at (0,0) size 7x7
    RenderText {mo} at (0,-9) size 7x21
      text run at (0,-9) width 7: "\x{23D0}"
layer at (357,278) size 10x15 backgroundClip at (357,277) size 10x10 clip at (357,277) size 10x10 outlineClip at (357,277) size 10x10
  RenderBlock (relative positioned) {mo} at (0,0) size 10x15
    RenderText {mo} at (0,-4) size 10x21
      text run at (0,-4) width 10: "\x{2320}"
layer at (357,408) size 10x15 backgroundClip at (357,411) size 10x15 clip at (357,411) size 10x15 outlineClip at (357,411) size 10x15
  RenderBlock (relative positioned) {mo} at (0,0) size 10x15
    RenderText {mo} at (0,-4) size 10x21
      text run at (0,-4) width 10: "\x{2321}"
layer at (49,443) size 5x15 backgroundClip at (49,442) size 5x10 clip at (49,442) size 5x10 outlineClip at (49,442) size 5x10
  RenderBlock (relative positioned) {mo} at (0,0) size 5x15
    RenderText {mo} at (0,-4) size 5x21
      text run at (0,-4) width 5: "\x{239B}"
layer at (49,477) size 5x14 backgroundClip at (49,480) size 5x14 clip at (49,480) size 5x14 outlineClip at (49,480) size 5x14
  RenderBlock (relative positioned) {mo} at (0,0) size 5x14
    RenderText {mo} at (0,-4) size 5x21
      text run at (0,-4) width 5: "\x{239D}"
layer at (197,443) size 5x15 backgroundClip at (197,442) size 5x10 clip at (197,442) size 5x10 outlineClip at (197,442) size 5x10
  RenderBlock (relative positioned) {mo} at (0,0) size 5x15
    RenderText {mo} at (0,-4) size 5x21
      text run at (0,-4) width 5: "\x{239E}"
layer at (197,477) size 5x14 backgroundClip at (197,480) size 5x14 clip at (197,480) size 5x14 outlineClip at (197,480) size 5x14
  RenderBlock (relative positioned) {mo} at (0,0) size 5x14
    RenderText {mo} at (0,-4) size 5x21
      text run at (0,-4) width 5: "\x{23A0}"
