layer at (0,0) size 800x600
  RenderView at (0,0) size 800x600
layer at (0,0) size 800x570
  RenderBlock {html} at (0,0) size 800x570
    RenderBody {body} at (8,19) size 784x535
      RenderBlock {div} at (0,0) size 784x65
        RenderBlock {h2} at (0,0) size 784x28
          RenderText {#text} at (0,0) size 129x28
            text run at (0,0) width 129: "Normal flow"
        RenderBlock {p} at (0,47) size 784x18
          RenderText {#text} at (0,0) size 154x18
            text run at (0,0) width 154: "I am a paragraph of text "
          RenderMathMLMath {math} at (154,3) size 35x12 [padding: 0 1 0 1]
            RenderBlock {mi} at (1,3) size 8x9
              RenderText {#text} at (0,-9) size 7x24
                text run at (0,-9) width 7: "x"
            RenderMathMLOperator {mo} at (12,2) size 11x10
              RenderMathMLBlock (flex) {mo} at (0,0) size 11x10
                RenderBlock (anonymous) at (0,0) size 11x10
                  RenderText {mo} at (0,-8) size 11x24
                    text run at (0,-8) width 11: "+"
            RenderBlock {mn} at (26,0) size 8x12
              RenderText {#text} at (0,-6) size 8x24
                text run at (0,-6) width 8: "1"
          RenderText {#text} at (189,0) size 110x18
            text run at (189,0) width 110: " with math inline."
      RenderBlock {div} at (0,84) size 784x145
        RenderBlock {h2} at (0,0) size 784x28
          RenderText {#text} at (0,0) size 203x28
            text run at (0,0) width 203: "Fraction Alignment"
        RenderBlock {p} at (0,47) size 784x31
          RenderText {#text} at (0,5) size 27x18
            text run at (0,5) width 27: "text "
          RenderMathMLMath {math} at (27,0) size 37x31 [padding: 0 1 0 1]
            RenderMathMLFraction {mfrac} at (2,0) size 33x31
              RenderMathMLBlock (anonymous, flex) at (0,0) size 33x15
                RenderMathMLRow {mrow} at (0,0) size 33x12
                  RenderBlock {mi} at (0,3) size 8x9
                    RenderText {#text} at (0,-9) size 7x24
                      text run at (0,-9) width 7: "x"
                  RenderMathMLOperator {mo} at (11,2) size 11x10
                    RenderMathMLBlock (flex) {mo} at (0,0) size 11x10
                      RenderBlock (anonymous) at (0,0) size 11x10
                        RenderText {mo} at (0,-8) size 11x24
                          text run at (0,-8) width 11: "+"
                  RenderBlock {mn} at (25,0) size 8x12
                    RenderText {#text} at (0,-6) size 8x24
                      text run at (0,-6) width 8: "1"
              RenderMathMLBlock (anonymous, flex) at (0,15) size 33x16 [padding: 1 0 0 0]
                RenderBlock {mn} at (12,4) size 8x12
                  RenderText {#text} at (0,-6) size 8x24
                    text run at (0,-6) width 8: "2"
          RenderText {#text} at (0,0) size 0x0
        RenderBlock {p} at (0,94) size 784x51
          RenderText {#text} at (0,15) size 27x18
            text run at (0,15) width 27: "text "
          RenderMathMLMath {math} at (27,0) size 82x51 [padding: 0 1 0 1]
            RenderBlock {mi} at (1,21) size 8x9
              RenderText {#text} at (0,-9) size 7x24
                text run at (0,-9) width 7: "x"
            RenderMathMLOperator {mo} at (12,20) size 11x10
              RenderMathMLBlock (flex) {mo} at (0,0) size 11x10
                RenderBlock (anonymous) at (0,0) size 11x10
                  RenderText {mo} at (0,-8) size 11x24
                    text run at (0,-8) width 11: "+"
            RenderMathMLFraction {mfrac} at (27,0) size 53x51 [bgcolor=#FFFF00] [padding: 10 10 10 10]
              RenderMathMLBlock (anonymous, flex) at (10,10) size 33x15
                RenderMathMLRow {mrow} at (0,0) size 33x12
                  RenderBlock {mi} at (0,3) size 8x9
                    RenderText {#text} at (0,-9) size 7x24
                      text run at (0,-9) width 7: "x"
                  RenderMathMLOperator {mo} at (11,2) size 11x10
                    RenderMathMLBlock (flex) {mo} at (0,0) size 11x10
                      RenderBlock (anonymous) at (0,0) size 11x10
                        RenderText {mo} at (0,-8) size 11x24
                          text run at (0,-8) width 11: "+"
                  RenderBlock {mn} at (25,0) size 8x12
                    RenderText {#text} at (0,-6) size 8x24
                      text run at (0,-6) width 8: "1"
              RenderMathMLBlock (anonymous, flex) at (10,25) size 33x16 [padding: 1 0 0 0]
                RenderBlock {mn} at (12,4) size 8x12
                  RenderText {#text} at (0,-6) size 8x24
                    text run at (0,-6) width 8: "2"
          RenderText {#text} at (0,0) size 0x0
      RenderBlock {div} at (0,248) size 784x287
        RenderBlock {h2} at (0,0) size 784x28
          RenderText {#text} at (0,0) size 210x28
            text run at (0,0) width 210: "Operator Stretching"
        RenderBlock {p} at (0,47) size 784x41
          RenderText {#text} at (0,7) size 27x18
            text run at (0,7) width 27: "text "
          RenderMathMLMath {math} at (27,0) size 76x41 [padding: 0 1 0 1]
            RenderMathMLOperator {mo} at (2,0) size 5x41
            RenderBlock {mi} at (8,13) size 8x9
              RenderText {#text} at (0,-9) size 7x24
                text run at (0,-9) width 7: "x"
            RenderMathMLOperator {mo} at (19,12) size 11x10
              RenderMathMLBlock (flex) {mo} at (0,0) size 11x10
                RenderBlock (anonymous) at (0,0) size 11x10
                  RenderText {mo} at (0,-8) size 11x24
                    text run at (0,-8) width 11: "+"
            RenderMathMLFraction {mfrac} at (34,2) size 33x31
              RenderMathMLBlock (anonymous, flex) at (0,0) size 33x15
                RenderMathMLRow {mrow} at (0,0) size 33x12
                  RenderBlock {mi} at (0,3) size 8x9
                    RenderText {#text} at (0,-9) size 7x24
                      text run at (0,-9) width 7: "x"
                  RenderMathMLOperator {mo} at (11,2) size 11x10
                    RenderMathMLBlock (flex) {mo} at (0,0) size 11x10
                      RenderBlock (anonymous) at (0,0) size 11x10
                        RenderText {mo} at (0,-8) size 11x24
                          text run at (0,-8) width 11: "+"
                  RenderBlock {mn} at (25,0) size 8x12
                    RenderText {#text} at (0,-6) size 8x24
                      text run at (0,-6) width 8: "1"
              RenderMathMLBlock (anonymous, flex) at (0,15) size 33x16 [padding: 1 0 0 0]
                RenderBlock {mn} at (12,4) size 8x12
                  RenderText {#text} at (0,-6) size 8x24
                    text run at (0,-6) width 8: "2"
            RenderMathMLOperator {mo} at (69,0) size 5x41
          RenderText {#text} at (0,0) size 0x0
        RenderBlock {p} at (0,104) size 784x86
          RenderText {#text} at (0,33) size 27x18
            text run at (0,33) width 27: "text "
          RenderMathMLMath {math} at (27,0) size 104x86 [padding: 0 1 0 1]
            RenderBlock {mi} at (1,39) size 8x12
              RenderText {#text} at (0,-9) size 7x24
                text run at (0,-9) width 7: "y"
            RenderMathMLOperator {mo} at (12,0) size 5x86
            RenderMathMLUnderOver {munder} at (20,35) size 14x23
              RenderBlock {mi} at (0,0) size 14x16
                RenderText {#text} at (0,-5) size 13x24
                  text run at (0,-5) width 13: "\x{220F}"
              RenderBlock {mi} at (4,16) size 6x7
                RenderText {#text} at (0,-7) size 5x18
                  text run at (0,-7) width 5: "x"
            RenderMathMLFraction {mfrac} at (35,9) size 60x69
              RenderMathMLBlock (anonymous, flex) at (0,0) size 60x34
                RenderMathMLRow {mrow} at (0,0) size 60x31
                  RenderBlock {mi} at (0,11) size 8x9
                    RenderText {#text} at (0,-9) size 7x24
                      text run at (0,-9) width 7: "x"
                  RenderMathMLOperator {mo} at (11,10) size 11x10
                    RenderMathMLBlock (flex) {mo} at (0,0) size 11x10
                      RenderBlock (anonymous) at (0,0) size 11x10
                        RenderText {mo} at (0,-8) size 11x24
                          text run at (0,-8) width 11: "+"
                  RenderMathMLFraction {mfrac} at (26,0) size 33x31
                    RenderMathMLBlock (anonymous, flex) at (0,0) size 33x15
                      RenderMathMLRow {mrow} at (0,0) size 33x12
                        RenderBlock {mi} at (0,3) size 8x9
                          RenderText {#text} at (0,-9) size 7x24
                            text run at (0,-9) width 7: "x"
                        RenderMathMLOperator {mo} at (11,2) size 11x10
                          RenderMathMLBlock (flex) {mo} at (0,0) size 11x10
                            RenderBlock (anonymous) at (0,0) size 11x10
                              RenderText {mo} at (0,-8) size 11x24
                                text run at (0,-8) width 11: "+"
                        RenderBlock {mn} at (25,0) size 8x12
                          RenderText {#text} at (0,-6) size 8x24
                            text run at (0,-6) width 8: "1"
                    RenderMathMLBlock (anonymous, flex) at (0,15) size 33x16 [padding: 1 0 0 0]
                      RenderBlock {mn} at (12,4) size 8x12
                        RenderText {#text} at (0,-6) size 8x24
                          text run at (0,-6) width 8: "2"
              RenderMathMLBlock (anonymous, flex) at (0,34) size 60x35 [padding: 1 0 0 0]
                RenderMathMLRow {mrow} at (0,4) size 60x31
                  RenderBlock {mi} at (0,11) size 8x9
                    RenderText {#text} at (0,-9) size 7x24
                      text run at (0,-9) width 7: "x"
                  RenderMathMLOperator {mo} at (11,10) size 11x10
                    RenderMathMLBlock (flex) {mo} at (0,0) size 11x10
                      RenderBlock (anonymous) at (0,0) size 11x10
                        RenderText {mo} at (0,-8) size 11x24
                          text run at (0,-8) width 11: "+"
                  RenderMathMLFraction {mfrac} at (26,0) size 33x31
                    RenderMathMLBlock (anonymous, flex) at (0,0) size 33x15
                      RenderMathMLRow {mrow} at (0,0) size 33x12
                        RenderBlock {mi} at (0,3) size 8x9
                          RenderText {#text} at (0,-9) size 7x24
                            text run at (0,-9) width 7: "x"
                        RenderMathMLOperator {mo} at (11,2) size 11x10
                          RenderMathMLBlock (flex) {mo} at (0,0) size 11x10
                            RenderBlock (anonymous) at (0,0) size 11x10
                              RenderText {mo} at (0,-8) size 11x24
                                text run at (0,-8) width 11: "+"
                        RenderBlock {mn} at (25,0) size 8x12
                          RenderText {#text} at (0,-6) size 8x24
                            text run at (0,-6) width 8: "1"
                    RenderMathMLBlock (anonymous, flex) at (0,15) size 33x16 [padding: 1 0 0 0]
                      RenderBlock {mn} at (12,4) size 8x12
                        RenderText {#text} at (0,-6) size 8x24
                          text run at (0,-6) width 8: "2"
            RenderMathMLOperator {mo} at (97,0) size 5x86
          RenderText {#text} at (0,0) size 0x0
        RenderBlock {p} at (0,206) size 784x81
          RenderText {#text} at (0,30) size 27x18
            text run at (0,30) width 27: "text "
          RenderMathMLMath {math} at (27,0) size 94x81 [padding: 0 1 0 1]
            RenderMathMLOperator {mo} at (2,0) size 5x81
            RenderMathMLTable {mtable} at (8,9) size 78x64
              RenderTableSection (anonymous) at (0,0) size 78x64
                RenderTableRow {mtr} at (0,0) size 78x20
                  RenderTableCell {mtd} at (0,0) size 26x20 [r=0 c=0 rs=1 cs=1]
                    RenderMathMLSubSup {msub} at (3,3) size 20x14
                      RenderMathMLBlock (anonymous, flex) at (0,0) size 8x14 [padding: 0 0 5 0]
                        RenderBlock {mi} at (0,0) size 8x9
                          RenderText {#text} at (0,-9) size 8x24
                            text run at (0,-9) width 8: "a"
                      RenderMathMLBlock (anonymous, flex) at (8,0) size 12x14
                        RenderBlock {mn} at (0,4) size 12x10
                          RenderText {#text} at (0,-4) size 12x18
                            text run at (0,-4) width 12: "11"
                  RenderTableCell {mtd} at (26,0) size 26x20 [r=0 c=1 rs=1 cs=1]
                    RenderMathMLSubSup {msub} at (3,3) size 20x14
                      RenderMathMLBlock (anonymous, flex) at (0,0) size 8x14 [padding: 0 0 5 0]
                        RenderBlock {mi} at (0,0) size 8x9
                          RenderText {#text} at (0,-9) size 8x24
                            text run at (0,-9) width 8: "a"
                      RenderMathMLBlock (anonymous, flex) at (8,0) size 12x14
                        RenderBlock {mn} at (0,4) size 12x10
                          RenderText {#text} at (0,-4) size 12x18
                            text run at (0,-4) width 12: "12"
                  RenderTableCell {mtd} at (52,0) size 26x20 [r=0 c=2 rs=1 cs=1]
                    RenderMathMLSubSup {msub} at (3,3) size 20x14
                      RenderMathMLBlock (anonymous, flex) at (0,0) size 8x14 [padding: 0 0 5 0]
                        RenderBlock {mi} at (0,0) size 8x9
                          RenderText {#text} at (0,-9) size 8x24
                            text run at (0,-9) width 8: "a"
                      RenderMathMLBlock (anonymous, flex) at (8,0) size 12x14
                        RenderBlock {mn} at (0,4) size 12x10
                          RenderText {#text} at (0,-4) size 12x18
                            text run at (0,-4) width 12: "13"
                RenderTableRow {mtr} at (0,20) size 78x24
                  RenderTableCell {mtd} at (0,20) size 26x24 [r=1 c=0 rs=1 cs=1]
                    RenderMathMLSubSup {msub} at (3,3) size 20x18
                      RenderMathMLBlock (anonymous, flex) at (0,0) size 8x18 [padding: 0 0 6 0]
                        RenderBlock {mi} at (0,0) size 8x12
                          RenderText {#text} at (0,-6) size 8x24
                            text run at (0,-6) width 8: "b"
                      RenderMathMLBlock (anonymous, flex) at (8,0) size 12x18
                        RenderBlock {mn} at (0,8) size 12x10
                          RenderText {#text} at (0,-4) size 12x18
                            text run at (0,-4) width 12: "21"
                  RenderTableCell {mtd} at (26,20) size 26x24 [r=1 c=1 rs=1 cs=1]
                    RenderMathMLSubSup {msub} at (3,3) size 20x18
                      RenderMathMLBlock (anonymous, flex) at (0,0) size 8x18 [padding: 0 0 6 0]
                        RenderBlock {mi} at (0,0) size 8x12
                          RenderText {#text} at (0,-6) size 8x24
                            text run at (0,-6) width 8: "b"
                      RenderMathMLBlock (anonymous, flex) at (8,0) size 12x18
                        RenderBlock {mn} at (0,8) size 12x10
                          RenderText {#text} at (0,-4) size 12x18
                            text run at (0,-4) width 12: "22"
                  RenderTableCell {mtd} at (52,20) size 26x24 [r=1 c=2 rs=1 cs=1]
                    RenderMathMLSubSup {msub} at (3,3) size 20x18
                      RenderMathMLBlock (anonymous, flex) at (0,0) size 8x18 [padding: 0 0 6 0]
                        RenderBlock {mi} at (0,0) size 8x12
                          RenderText {#text} at (0,-6) size 8x24
                            text run at (0,-6) width 8: "b"
                      RenderMathMLBlock (anonymous, flex) at (8,0) size 12x18
                        RenderBlock {mn} at (0,8) size 12x10
                          RenderText {#text} at (0,-4) size 12x18
                            text run at (0,-4) width 12: "23"
                RenderTableRow {mtr} at (0,44) size 78x20
                  RenderTableCell {mtd} at (0,44) size 26x20 [r=2 c=0 rs=1 cs=1]
                    RenderMathMLSubSup {msub} at (4,3) size 19x14
                      RenderMathMLBlock (anonymous, flex) at (0,0) size 7x14 [padding: 0 0 5 0]
                        RenderBlock {mi} at (0,0) size 7x9
                          RenderText {#text} at (0,-9) size 7x24
                            text run at (0,-9) width 7: "c"
                      RenderMathMLBlock (anonymous, flex) at (7,0) size 12x14
                        RenderBlock {mn} at (0,4) size 12x10
                          RenderText {#text} at (0,-4) size 12x18
                            text run at (0,-4) width 12: "31"
                  RenderTableCell {mtd} at (26,44) size 26x20 [r=2 c=1 rs=1 cs=1]
                    RenderMathMLSubSup {msub} at (4,3) size 19x14
                      RenderMathMLBlock (anonymous, flex) at (0,0) size 7x14 [padding: 0 0 5 0]
                        RenderBlock {mi} at (0,0) size 7x9
                          RenderText {#text} at (0,-9) size 7x24
                            text run at (0,-9) width 7: "c"
                      RenderMathMLBlock (anonymous, flex) at (7,0) size 12x14
                        RenderBlock {mn} at (0,4) size 12x10
                          RenderText {#text} at (0,-4) size 12x18
                            text run at (0,-4) width 12: "32"
                  RenderTableCell {mtd} at (52,44) size 26x20 [r=2 c=2 rs=1 cs=1]
                    RenderMathMLSubSup {msub} at (4,3) size 19x14
                      RenderMathMLBlock (anonymous, flex) at (0,0) size 7x14 [padding: 0 0 5 0]
                        RenderBlock {mi} at (0,0) size 7x9
                          RenderText {#text} at (0,-9) size 7x24
                            text run at (0,-9) width 7: "c"
                      RenderMathMLBlock (anonymous, flex) at (7,0) size 12x14
                        RenderBlock {mn} at (0,4) size 12x10
                          RenderText {#text} at (0,-4) size 12x18
                            text run at (0,-4) width 12: "33"
            RenderMathMLOperator {mo} at (87,0) size 5x81
          RenderText {#text} at (0,0) size 0x0
layer at (37,314) size 5x10 scrollHeight 18
  RenderMathMLBlock (flex) {mo} at (0,0) size 5x10
    RenderBlock (anonymous) at (0,0) size 5x10
layer at (37,324) size 5x10 scrollHeight 17
  RenderMathMLBlock (flex) {mo} at (0,10) size 5x10
    RenderBlock (anonymous) at (0,0) size 5x10
      RenderText {mo} at (0,-4) size 5x21
        text run at (0,-4) width 5: "\x{239C}"
layer at (37,334) size 5x7 scrollHeight 17
  RenderMathMLBlock (flex) {mo} at (0,20) size 5x7
    RenderBlock (anonymous) at (0,0) size 5x7
      RenderText {mo} at (0,-4) size 5x21
        text run at (0,-4) width 5: "\x{239C}"
layer at (37,341) size 5x14 scrollHeight 17
  RenderMathMLBlock (flex) {mo} at (0,27) size 5x14
    RenderBlock (anonymous) at (0,0) size 5x14
layer at (104,314) size 5x10 scrollHeight 18
  RenderMathMLBlock (flex) {mo} at (0,0) size 5x10
    RenderBlock (anonymous) at (0,0) size 5x10
layer at (104,324) size 5x10 scrollHeight 17
  RenderMathMLBlock (flex) {mo} at (0,10) size 5x10
    RenderBlock (anonymous) at (0,0) size 5x10
      RenderText {mo} at (0,-4) size 5x21
        text run at (0,-4) width 5: "\x{239F}"
layer at (104,334) size 5x7 scrollHeight 17
  RenderMathMLBlock (flex) {mo} at (0,20) size 5x7
    RenderBlock (anonymous) at (0,0) size 5x7
      RenderText {mo} at (0,-4) size 5x21
        text run at (0,-4) width 5: "\x{239F}"
layer at (104,341) size 5x14 scrollHeight 17
  RenderMathMLBlock (flex) {mo} at (0,27) size 5x14
    RenderBlock (anonymous) at (0,0) size 5x14
layer at (47,371) size 5x10 scrollHeight 18
  RenderMathMLBlock (flex) {mo} at (0,0) size 5x10
    RenderBlock (anonymous) at (0,0) size 5x10
layer at (47,381) size 5x10 scrollHeight 17
  RenderMathMLBlock (flex) {mo} at (0,10) size 5x10
    RenderBlock (anonymous) at (0,0) size 5x10
      RenderText {mo} at (0,-4) size 5x21
        text run at (0,-4) width 5: "\x{239C}"
layer at (47,391) size 5x10 scrollHeight 17
  RenderMathMLBlock (flex) {mo} at (0,20) size 5x10
    RenderBlock (anonymous) at (0,0) size 5x10
      RenderText {mo} at (0,-4) size 5x21
        text run at (0,-4) width 5: "\x{239C}"
layer at (47,401) size 5x10 scrollHeight 17
  RenderMathMLBlock (flex) {mo} at (0,30) size 5x10
    RenderBlock (anonymous) at (0,0) size 5x10
      RenderText {mo} at (0,-4) size 5x21
        text run at (0,-4) width 5: "\x{239C}"
layer at (47,411) size 5x10 scrollHeight 17
  RenderMathMLBlock (flex) {mo} at (0,40) size 5x10
    RenderBlock (anonymous) at (0,0) size 5x10
      RenderText {mo} at (0,-4) size 5x21
        text run at (0,-4) width 5: "\x{239C}"
layer at (47,421) size 5x10 scrollHeight 17
  RenderMathMLBlock (flex) {mo} at (0,50) size 5x10
    RenderBlock (anonymous) at (0,0) size 5x10
      RenderText {mo} at (0,-4) size 5x21
        text run at (0,-4) width 5: "\x{239C}"
layer at (47,431) size 5x10 scrollHeight 17
  RenderMathMLBlock (flex) {mo} at (0,60) size 5x10
    RenderBlock (anonymous) at (0,0) size 5x10
      RenderText {mo} at (0,-4) size 5x21
        text run at (0,-4) width 5: "\x{239C}"
layer at (47,441) size 5x2 scrollHeight 17
  RenderMathMLBlock (flex) {mo} at (0,70) size 5x2
    RenderBlock (anonymous) at (0,0) size 5x2
      RenderText {mo} at (0,-4) size 5x21
        text run at (0,-4) width 5: "\x{239C}"
layer at (47,443) size 5x14 scrollHeight 17
  RenderMathMLBlock (flex) {mo} at (0,72) size 5x14
    RenderBlock (anonymous) at (0,0) size 5x14
layer at (132,371) size 5x10 scrollHeight 18
  RenderMathMLBlock (flex) {mo} at (0,0) size 5x10
    RenderBlock (anonymous) at (0,0) size 5x10
layer at (132,381) size 5x10 scrollHeight 17
  RenderMathMLBlock (flex) {mo} at (0,10) size 5x10
    RenderBlock (anonymous) at (0,0) size 5x10
      RenderText {mo} at (0,-4) size 5x21
        text run at (0,-4) width 5: "\x{239F}"
layer at (132,391) size 5x10 scrollHeight 17
  RenderMathMLBlock (flex) {mo} at (0,20) size 5x10
    RenderBlock (anonymous) at (0,0) size 5x10
      RenderText {mo} at (0,-4) size 5x21
        text run at (0,-4) width 5: "\x{239F}"
layer at (132,401) size 5x10 scrollHeight 17
  RenderMathMLBlock (flex) {mo} at (0,30) size 5x10
    RenderBlock (anonymous) at (0,0) size 5x10
      RenderText {mo} at (0,-4) size 5x21
        text run at (0,-4) width 5: "\x{239F}"
layer at (132,411) size 5x10 scrollHeight 17
  RenderMathMLBlock (flex) {mo} at (0,40) size 5x10
    RenderBlock (anonymous) at (0,0) size 5x10
      RenderText {mo} at (0,-4) size 5x21
        text run at (0,-4) width 5: "\x{239F}"
layer at (132,421) size 5x10 scrollHeight 17
  RenderMathMLBlock (flex) {mo} at (0,50) size 5x10
    RenderBlock (anonymous) at (0,0) size 5x10
      RenderText {mo} at (0,-4) size 5x21
        text run at (0,-4) width 5: "\x{239F}"
layer at (132,431) size 5x10 scrollHeight 17
  RenderMathMLBlock (flex) {mo} at (0,60) size 5x10
    RenderBlock (anonymous) at (0,0) size 5x10
      RenderText {mo} at (0,-4) size 5x21
        text run at (0,-4) width 5: "\x{239F}"
layer at (132,441) size 5x2 scrollHeight 17
  RenderMathMLBlock (flex) {mo} at (0,70) size 5x2
    RenderBlock (anonymous) at (0,0) size 5x2
      RenderText {mo} at (0,-4) size 5x21
        text run at (0,-4) width 5: "\x{239F}"
layer at (132,443) size 5x14 scrollHeight 17
  RenderMathMLBlock (flex) {mo} at (0,72) size 5x14
    RenderBlock (anonymous) at (0,0) size 5x14
layer at (37,473) size 5x10 scrollHeight 18
  RenderMathMLBlock (flex) {mo} at (0,0) size 5x10
    RenderBlock (anonymous) at (0,0) size 5x10
layer at (37,483) size 5x10 scrollHeight 17
  RenderMathMLBlock (flex) {mo} at (0,10) size 5x10
    RenderBlock (anonymous) at (0,0) size 5x10
      RenderText {mo} at (0,-4) size 5x21
        text run at (0,-4) width 5: "\x{23A2}"
layer at (37,493) size 5x10 scrollHeight 17
  RenderMathMLBlock (flex) {mo} at (0,20) size 5x10
    RenderBlock (anonymous) at (0,0) size 5x10
      RenderText {mo} at (0,-4) size 5x21
        text run at (0,-4) width 5: "\x{23A2}"
layer at (37,503) size 5x10 scrollHeight 17
  RenderMathMLBlock (flex) {mo} at (0,30) size 5x10
    RenderBlock (anonymous) at (0,0) size 5x10
      RenderText {mo} at (0,-4) size 5x21
        text run at (0,-4) width 5: "\x{23A2}"
layer at (37,513) size 5x10 scrollHeight 17
  RenderMathMLBlock (flex) {mo} at (0,40) size 5x10
    RenderBlock (anonymous) at (0,0) size 5x10
      RenderText {mo} at (0,-4) size 5x21
        text run at (0,-4) width 5: "\x{23A2}"
layer at (37,523) size 5x10 scrollHeight 17
  RenderMathMLBlock (flex) {mo} at (0,50) size 5x10
    RenderBlock (anonymous) at (0,0) size 5x10
      RenderText {mo} at (0,-4) size 5x21
        text run at (0,-4) width 5: "\x{23A2}"
layer at (37,533) size 5x6 scrollHeight 17
  RenderMathMLBlock (flex) {mo} at (0,60) size 5x6
    RenderBlock (anonymous) at (0,0) size 5x6
      RenderText {mo} at (0,-4) size 5x21
        text run at (0,-4) width 5: "\x{23A2}"
layer at (37,539) size 5x15 scrollHeight 17
  RenderMathMLBlock (flex) {mo} at (0,66) size 5x15
    RenderBlock (anonymous) at (0,0) size 5x15
layer at (122,473) size 5x10 scrollHeight 18
  RenderMathMLBlock (flex) {mo} at (0,0) size 5x10
    RenderBlock (anonymous) at (0,0) size 5x10
layer at (122,483) size 5x10 scrollHeight 17
  RenderMathMLBlock (flex) {mo} at (0,10) size 5x10
    RenderBlock (anonymous) at (0,0) size 5x10
      RenderText {mo} at (0,-4) size 5x21
        text run at (0,-4) width 5: "\x{23A5}"
layer at (122,493) size 5x10 scrollHeight 17
  RenderMathMLBlock (flex) {mo} at (0,20) size 5x10
    RenderBlock (anonymous) at (0,0) size 5x10
      RenderText {mo} at (0,-4) size 5x21
        text run at (0,-4) width 5: "\x{23A5}"
layer at (122,503) size 5x10 scrollHeight 17
  RenderMathMLBlock (flex) {mo} at (0,30) size 5x10
    RenderBlock (anonymous) at (0,0) size 5x10
      RenderText {mo} at (0,-4) size 5x21
        text run at (0,-4) width 5: "\x{23A5}"
layer at (122,513) size 5x10 scrollHeight 17
  RenderMathMLBlock (flex) {mo} at (0,40) size 5x10
    RenderBlock (anonymous) at (0,0) size 5x10
      RenderText {mo} at (0,-4) size 5x21
        text run at (0,-4) width 5: "\x{23A5}"
layer at (122,523) size 5x10 scrollHeight 17
  RenderMathMLBlock (flex) {mo} at (0,50) size 5x10
    RenderBlock (anonymous) at (0,0) size 5x10
      RenderText {mo} at (0,-4) size 5x21
        text run at (0,-4) width 5: "\x{23A5}"
layer at (122,533) size 5x6 scrollHeight 17
  RenderMathMLBlock (flex) {mo} at (0,60) size 5x6
    RenderBlock (anonymous) at (0,0) size 5x6
      RenderText {mo} at (0,-4) size 5x21
        text run at (0,-4) width 5: "\x{23A5}"
layer at (122,539) size 5x15 scrollHeight 17
  RenderMathMLBlock (flex) {mo} at (0,66) size 5x15
    RenderBlock (anonymous) at (0,0) size 5x15
layer at (37,315) size 5x15 backgroundClip at (37,314) size 5x10 clip at (37,314) size 5x10 outlineClip at (37,314) size 5x10
  RenderBlock (relative positioned) {mo} at (0,0) size 5x15
    RenderText {mo} at (0,-4) size 5x21
      text run at (0,-4) width 5: "\x{239B}"
layer at (37,338) size 5x14 backgroundClip at (37,341) size 5x14 clip at (37,341) size 5x14 outlineClip at (37,341) size 5x14
  RenderBlock (relative positioned) {mo} at (0,0) size 5x14
    RenderText {mo} at (0,-4) size 5x21
      text run at (0,-4) width 5: "\x{239D}"
layer at (104,315) size 5x15 backgroundClip at (104,314) size 5x10 clip at (104,314) size 5x10 outlineClip at (104,314) size 5x10
  RenderBlock (relative positioned) {mo} at (0,0) size 5x15
    RenderText {mo} at (0,-4) size 5x21
      text run at (0,-4) width 5: "\x{239E}"
layer at (104,338) size 5x14 backgroundClip at (104,341) size 5x14 clip at (104,341) size 5x14 outlineClip at (104,341) size 5x14
  RenderBlock (relative positioned) {mo} at (0,0) size 5x14
    RenderText {mo} at (0,-4) size 5x21
      text run at (0,-4) width 5: "\x{23A0}"
layer at (47,372) size 5x15 backgroundClip at (47,371) size 5x10 clip at (47,371) size 5x10 outlineClip at (47,371) size 5x10
  RenderBlock (relative positioned) {mo} at (0,0) size 5x15
    RenderText {mo} at (0,-4) size 5x21
      text run at (0,-4) width 5: "\x{239B}"
layer at (47,440) size 5x14 backgroundClip at (47,443) size 5x14 clip at (47,443) size 5x14 outlineClip at (47,443) size 5x14
  RenderBlock (relative positioned) {mo} at (0,0) size 5x14
    RenderText {mo} at (0,-4) size 5x21
      text run at (0,-4) width 5: "\x{239D}"
layer at (132,372) size 5x15 backgroundClip at (132,371) size 5x10 clip at (132,371) size 5x10 outlineClip at (132,371) size 5x10
  RenderBlock (relative positioned) {mo} at (0,0) size 5x15
    RenderText {mo} at (0,-4) size 5x21
      text run at (0,-4) width 5: "\x{239E}"
layer at (132,440) size 5x14 backgroundClip at (132,443) size 5x14 clip at (132,443) size 5x14 outlineClip at (132,443) size 5x14
  RenderBlock (relative positioned) {mo} at (0,0) size 5x14
    RenderText {mo} at (0,-4) size 5x21
      text run at (0,-4) width 5: "\x{23A0}"
layer at (37,474) size 5x15 backgroundClip at (37,473) size 5x10 clip at (37,473) size 5x10 outlineClip at (37,473) size 5x10
  RenderBlock (relative positioned) {mo} at (0,0) size 5x15
    RenderText {mo} at (0,-4) size 5x21
      text run at (0,-4) width 5: "\x{23A1}"
layer at (37,536) size 5x15 backgroundClip at (37,539) size 5x15 clip at (37,539) size 5x15 outlineClip at (37,539) size 5x15
  RenderBlock (relative positioned) {mo} at (0,0) size 5x15
    RenderText {mo} at (0,-4) size 5x21
      text run at (0,-4) width 5: "\x{23A3}"
layer at (122,474) size 5x15 backgroundClip at (122,473) size 5x10 clip at (122,473) size 5x10 outlineClip at (122,473) size 5x10
  RenderBlock (relative positioned) {mo} at (0,0) size 5x15
    RenderText {mo} at (0,-4) size 5x21
      text run at (0,-4) width 5: "\x{23A4}"
layer at (122,536) size 5x15 backgroundClip at (122,539) size 5x15 clip at (122,539) size 5x15 outlineClip at (122,539) size 5x15
  RenderBlock (relative positioned) {mo} at (0,0) size 5x15
    RenderText {mo} at (0,-4) size 5x21
      text run at (0,-4) width 5: "\x{23A6}"
