layer at (0,0) size 800x600
  RenderView at (0,0) size 800x600
layer at (0,0) size 800x51
  RenderBlock {html} at (0,0) size 800x51
    RenderBody {body} at (8,16) size 784x19
      RenderBlock {p} at (0,0) size 784x19
        RenderText {#text} at (0,0) size 0x0
layer at (8,19) size 27x16
  RenderMathMLMath {math} at (0,3) size 27x16
    RenderInline {mi} at (0,0) size 7x16
      RenderText {#text} at (1,0) size 7x16
        text run at (1,0) width 7: "x"
    RenderMathMLOperator {mo} at (8,0) size 10x16
      RenderMathMLBlock {mo} at (0,0) size 9x16
        RenderText {mo} at (0,0) size 9x16
          text run at (0,0) width 9: "+"
    RenderInline {mn} at (0,0) size 8x16
      RenderText {#text} at (18,0) size 8x16
        text run at (18,0) width 8: "1"
