layer at (0,0) size 800x600
  RenderView at (0,0) size 800x600
layer at (0,0) size 800x134
  RenderBlock {html} at (0,0) size 800x134
    RenderBody {body} at (8,16) size 784x102
      RenderBlock {p} at (0,0) size 784x22
        RenderText {#text} at (0,0) size 27x18
          text run at (0,0) width 27: "text "
        RenderMathMLMath {math} at (27,3) size 15x19
          RenderMathMLSubSup {msub} at (1,0) size 13x19
            RenderMathMLBlock {msub} at (0,0) size 7x16
              RenderInline {mi} at (0,0) size 7x16
                RenderText {#text} at (0,0) size 7x16
                  text run at (0,0) width 7: "x"
            RenderInline {mn} at (0,0) size 6x12
              RenderText {#text} at (7,7) size 6x12
                text run at (7,7) width 6: "1"
        RenderText {#text} at (0,0) size 0x0
      RenderBlock {p} at (0,38) size 784x22
        RenderText {#text} at (0,0) size 27x18
          text run at (0,0) width 27: "text "
        RenderMathMLMath {math} at (27,3) size 16x19
          RenderMathMLSubSup {msub} at (1,0) size 14x19
            RenderMathMLBlock {msub} at (0,0) size 9x16
              RenderMathMLOperator {mo} at (0,0) size 9x16
                RenderMathMLBlock {mo} at (0,0) size 9x16
                  RenderText {mo} at (0,0) size 9x16
                    text run at (0,0) width 9: "+"
            RenderInline {mi} at (0,0) size 5x12
              RenderText {#text} at (9,7) size 5x12
                text run at (9,7) width 5: "x"
        RenderText {#text} at (0,0) size 0x0
      RenderBlock {p} at (0,76) size 784x26
        RenderText {#text} at (0,4) size 27x18
          text run at (0,4) width 27: "text "
        RenderMathMLMath {math} at (27,0) size 15x26
          RenderMathMLSubSup {msub} at (1,0) size 13x26
            RenderMathMLBlock {msub} at (0,0) size 6x23
              RenderMathMLOperator {mo} at (0,0) size 6x23
                RenderMathMLBlock {mo} at (0,0) size 6x22
                  RenderText {mo} at (0,-2) size 6x26
                    text run at (0,-2) width 6: "\x{222B}"
            RenderInline {mi} at (0,0) size 7x12
              RenderText {#text} at (6,14) size 7x12
                text run at (6,14) width 7: "Y"
        RenderText {#text} at (0,0) size 0x0
