layer at (0,0) size 800x600
  RenderView at (0,0) size 800x600
layer at (0,0) size 800x302
  RenderBlock {html} at (0,0) size 800x302
    RenderBody {body} at (8,16) size 784x270
      RenderBlock {p} at (0,0) size 784x20
        RenderText {#text} at (0,1) size 36x18
          text run at (0,1) width 36: "both: "
        RenderMathMLMath {math} at (36,0) size 16x20 [padding: 0 1 0 1]
          RenderMathMLSubSup {msubsup} at (1,0) size 14x20
            RenderMathMLBlock (anonymous, flex) at (0,0) size 7x20 [padding: 7 0 4 0]
              RenderBlock {mi} at (0,7) size 7x9
                RenderText {#text} at (0,-9) size 7x24
                  text run at (0,-9) width 7: "x"
            RenderMathMLBlock (anonymous, flex) at (8,0) size 6x20
              RenderBlock {mn} at (0,10) size 6x10
                RenderText {#text} at (0,-4) size 6x18
                  text run at (0,-4) width 6: "1"
              RenderBlock {mi} at (0,0) size 6x10
                RenderText {#text} at (0,-4) size 5x18
                  text run at (0,-4) width 5: "k"
        RenderText {#text} at (0,0) size 0x0
      RenderBlock {p} at (0,36) size 784x21
        RenderText {#text} at (0,0) size 148x18
          text run at (0,0) width 148: "long subscript w/ both: "
        RenderMathMLMath {math} at (148,0) size 46x21 [padding: 0 1 0 1]
          RenderMathMLSubSup {msubsup} at (1,0) size 44x21
            RenderMathMLBlock (anonymous, flex) at (0,0) size 9x21 [padding: 3 0 0 0]
              RenderBlock {mi} at (0,3) size 9x18
                RenderText {#text} at (0,-6) size 9x24
                  text run at (0,-6) width 9: "Z"
            RenderMathMLBlock (anonymous, flex) at (10,0) size 34x21
              RenderMathMLRow {mrow} at (1,11) size 33x10
                RenderBlock {mi} at (0,1) size 5x7
                  RenderText {#text} at (0,-7) size 5x18
                    text run at (0,-7) width 5: "x"
                RenderMathMLOperator {mo} at (5,0) size 9x8 [padding: 0 1 0 0]
                  RenderMathMLBlock (flex) {mo} at (0,0) size 8x8
                    RenderBlock (anonymous) at (0,0) size 8x8
                      RenderText {mo} at (0,-6) size 8x18
                        text run at (0,-6) width 8: "+"
                RenderBlock {mi} at (14,1) size 5x9
                  RenderText {#text} at (0,-7) size 5x18
                    text run at (0,-7) width 5: "y"
                RenderMathMLOperator {mo} at (19,0) size 9x8 [padding: 0 1 0 0]
                  RenderMathMLBlock (flex) {mo} at (0,0) size 8x8
                    RenderBlock (anonymous) at (0,0) size 8x8
                      RenderText {mo} at (0,-6) size 8x18
                        text run at (0,-6) width 8: "+"
                RenderBlock {mi} at (28,1) size 5x7
                  RenderText {#text} at (0,-7) size 5x18
                    text run at (0,-7) width 5: "z"
              RenderBlock {mi} at (0,0) size 34x11
                RenderText {#text} at (0,-5) size 3x18
                  text run at (0,-5) width 3: "j"
        RenderText {#text} at (0,0) size 0x0
      RenderBlock {p} at (0,73) size 784x19
        RenderText {#text} at (0,1) size 160x18
          text run at (0,1) width 160: "long superscript w/ both: "
        RenderMathMLMath {math} at (160,0) size 30x19 [padding: 0 1 0 1]
          RenderMathMLSubSup {msubsup} at (1,0) size 28x19
            RenderMathMLBlock (anonymous, flex) at (0,0) size 9x19 [padding: 4 0 2 0]
              RenderBlock {mi} at (0,4) size 9x13
                RenderText {#text} at (0,-6) size 9x24
                  text run at (0,-6) width 9: "Z"
            RenderMathMLBlock (anonymous, flex) at (10,0) size 18x19
              RenderBlock {mi} at (0,12) size 18x7
                RenderText {#text} at (0,-7) size 5x18
                  text run at (0,-7) width 5: "x"
              RenderMathMLRow {mrow} at (1,0) size 17x12
                RenderBlock {mi} at (0,0) size 5x10
                  RenderText {#text} at (0,-4) size 5x18
                    text run at (0,-4) width 5: "k"
                RenderMathMLOperator {mo} at (5,2) size 9x8 [padding: 0 1 0 0]
                  RenderMathMLBlock (flex) {mo} at (0,0) size 8x8
                    RenderBlock (anonymous) at (0,0) size 8x8
                      RenderText {mo} at (0,-6) size 8x18
                        text run at (0,-6) width 8: "+"
                RenderBlock {mi} at (14,1) size 3x11
                  RenderText {#text} at (0,-5) size 3x18
                    text run at (0,-5) width 3: "j"
        RenderText {#text} at (0,0) size 0x0
      RenderBlock {p} at (0,108) size 784x22
        RenderText {#text} at (0,1) size 88x18
          text run at (0,1) width 88: "long w/ both: "
        RenderMathMLMath {math} at (88,0) size 46x22 [padding: 0 1 0 1]
          RenderMathMLSubSup {msubsup} at (1,0) size 44x22
            RenderMathMLBlock (anonymous, flex) at (0,0) size 9x22 [padding: 4 0 0 0]
              RenderBlock {mi} at (0,4) size 9x18
                RenderText {#text} at (0,-6) size 9x24
                  text run at (0,-6) width 9: "Z"
            RenderMathMLBlock (anonymous, flex) at (10,0) size 34x22
              RenderMathMLRow {mrow} at (1,12) size 33x10
                RenderBlock {mi} at (0,1) size 5x7
                  RenderText {#text} at (0,-7) size 5x18
                    text run at (0,-7) width 5: "x"
                RenderMathMLOperator {mo} at (5,0) size 9x8 [padding: 0 1 0 0]
                  RenderMathMLBlock (flex) {mo} at (0,0) size 8x8
                    RenderBlock (anonymous) at (0,0) size 8x8
                      RenderText {mo} at (0,-6) size 8x18
                        text run at (0,-6) width 8: "+"
                RenderBlock {mi} at (14,1) size 5x9
                  RenderText {#text} at (0,-7) size 5x18
                    text run at (0,-7) width 5: "y"
                RenderMathMLOperator {mo} at (19,0) size 9x8 [padding: 0 1 0 0]
                  RenderMathMLBlock (flex) {mo} at (0,0) size 8x8
                    RenderBlock (anonymous) at (0,0) size 8x8
                      RenderText {mo} at (0,-6) size 8x18
                        text run at (0,-6) width 8: "+"
                RenderBlock {mi} at (28,1) size 5x7
                  RenderText {#text} at (0,-7) size 5x18
                    text run at (0,-7) width 5: "z"
              RenderMathMLRow {mrow} at (0,0) size 34x12
                RenderBlock {mi} at (0,0) size 5x10
                  RenderText {#text} at (0,-4) size 5x18
                    text run at (0,-4) width 5: "k"
                RenderMathMLOperator {mo} at (5,2) size 9x8 [padding: 0 1 0 0]
                  RenderMathMLBlock (flex) {mo} at (0,0) size 8x8
                    RenderBlock (anonymous) at (0,0) size 8x8
                      RenderText {mo} at (0,-6) size 8x18
                        text run at (0,-6) width 8: "+"
                RenderBlock {mi} at (14,1) size 3x11
                  RenderText {#text} at (0,-5) size 3x18
                    text run at (0,-5) width 3: "j"
        RenderText {#text} at (0,0) size 0x0
      RenderBlock {p} at (0,146) size 784x22
        RenderText {#text} at (0,1) size 123x18
          text run at (0,1) width 123: "Wrapped in mrow: "
        RenderMathMLMath {math} at (123,0) size 16x22 [padding: 0 1 0 1]
          RenderMathMLRow {mrow} at (1,0) size 14x22
            RenderMathMLSubSup {msubsup} at (0,0) size 14x22
              RenderMathMLBlock (anonymous, flex) at (0,0) size 7x22 [padding: 7 0 6 0]
                RenderBlock {mi} at (0,7) size 7x9
                  RenderText {#text} at (0,-9) size 7x24
                    text run at (0,-9) width 7: "x"
              RenderMathMLBlock (anonymous, flex) at (8,0) size 6x22
                RenderBlock {mn} at (0,12) size 6x10
                  RenderText {#text} at (0,-4) size 6x18
                    text run at (0,-4) width 6: "1"
                RenderBlock {mi} at (0,0) size 6x10
                  RenderText {#text} at (0,-4) size 5x18
                    text run at (0,-4) width 5: "k"
        RenderText {#text} at (0,0) size 0x0
      RenderBlock {p} at (0,184) size 784x45
        RenderText {#text} at (0,12) size 169x18
          text run at (0,12) width 169: "parts with various heights: "
        RenderMathMLMath {math} at (169,0) size 95x45 [padding: 0 1 0 1]
          RenderMathMLSubSup {msubsup} at (1,0) size 18x30
            RenderMathMLBlock (anonymous, flex) at (0,0) size 7x30 [padding: 18 0 2 0]
              RenderBlock {mi} at (0,18) size 7x10
                RenderText {#text} at (0,-9) size 7x24
                  text run at (0,-9) width 7: "x"
            RenderMathMLBlock (anonymous, flex) at (8,0) size 10x30
              RenderBlock {mi} at (0,23) size 10x7
                RenderText {#text} at (0,-7) size 6x18
                  text run at (0,-7) width 6: "n"
              RenderMathMLFraction {mfrac} at (0,0) size 10x23
                RenderMathMLBlock (anonymous, flex) at (0,0) size 10x12 [padding: 0 2 0 2]
                  RenderBlock {mi} at (3,0) size 3x12
                    RenderText {#text} at (0,-4) size 3x18
                      text run at (0,-4) width 3: "f"
                RenderMathMLBlock (anonymous, flex) at (0,12) size 10x11 [padding: 2 2 0 2]
                  RenderBlock {mi} at (2,2) size 6x9
                    RenderText {#text} at (0,-7) size 6x18
                      text run at (0,-7) width 6: "g"
          RenderMathMLOperator {mo} at (19,17) size 12x10 [padding: 0 1 0 0]
            RenderMathMLBlock (flex) {mo} at (0,0) size 11x10
              RenderBlock (anonymous) at (0,0) size 11x10
                RenderText {mo} at (0,-8) size 11x24
                  text run at (0,-8) width 11: "+"
          RenderMathMLSubSup {msubsup} at (31,14) size 18x30
            RenderMathMLBlock (anonymous, flex) at (0,0) size 7x30 [padding: 4 0 4 0]
              RenderBlock {mi} at (0,4) size 7x22
                RenderText {#text} at (0,-9) size 7x24
                  text run at (0,-9) width 7: "x"
            RenderMathMLBlock (anonymous, flex) at (8,0) size 10x30
              RenderMathMLFraction {mfrac} at (0,7) size 10x23
                RenderMathMLBlock (anonymous, flex) at (0,0) size 10x12 [padding: 0 2 0 2]
                  RenderBlock {mi} at (3,0) size 3x12
                    RenderText {#text} at (0,-4) size 3x18
                      text run at (0,-4) width 3: "f"
                RenderMathMLBlock (anonymous, flex) at (0,12) size 10x11 [padding: 2 2 0 2]
                  RenderBlock {mi} at (2,2) size 6x9
                    RenderText {#text} at (0,-7) size 6x18
                      text run at (0,-7) width 6: "g"
              RenderBlock {mi} at (0,0) size 10x7
                RenderText {#text} at (0,-7) size 6x18
                  text run at (0,-7) width 6: "n"
          RenderMathMLOperator {mo} at (49,17) size 12x10 [padding: 0 1 0 0]
            RenderMathMLBlock (flex) {mo} at (0,0) size 11x10
              RenderBlock (anonymous) at (0,0) size 11x10
                RenderText {mo} at (0,-8) size 11x24
                  text run at (0,-8) width 11: "+"
          RenderMathMLSubSup {msubsup} at (61,6) size 33x39
            RenderMathMLBlock (anonymous, flex) at (0,0) size 26x39
              RenderMathMLFenced {mfenced} at (0,0) size 26x39
                RenderMathMLOperator {mfenced} at (0,1) size 6x38 [padding: 0 1 0 0]
                RenderMathMLFraction {mfrac} at (6,0) size 14x29
                  RenderMathMLBlock (anonymous, flex) at (0,0) size 14x15 [padding: 0 3 0 3]
                    RenderBlock {mi} at (5,0) size 4x15
                      RenderText {#text} at (0,-6) size 4x24
                        text run at (0,-6) width 4: "f"
                  RenderMathMLBlock (anonymous, flex) at (0,15) size 14x14 [padding: 2 3 0 3]
                    RenderBlock {mi} at (3,2) size 8x12
                      RenderText {#text} at (0,-9) size 8x24
                        text run at (0,-9) width 8: "g"
                RenderMathMLOperator {mfenced} at (20,1) size 6x38 [padding: 0 1 0 0]
            RenderMathMLBlock (anonymous, flex) at (27,0) size 6x39
              RenderBlock {mi} at (0,32) size 6x7
                RenderText {#text} at (0,-7) size 6x18
                  text run at (0,-7) width 6: "n"
              RenderBlock {mi} at (0,0) size 6x7
                RenderText {#text} at (0,-7) size 5x18
                  text run at (0,-7) width 5: "x"
        RenderText {#text} at (0,0) size 0x0
      RenderBlock {p} at (0,245) size 784x25
        RenderText {#text} at (0,7) size 26x18
          text run at (0,7) width 26: "For "
        RenderInline {a} at (0,0) size 71x18 [color=#0000EE]
          RenderText {#text} at (26,7) size 71x18
            text run at (26,7) width 71: "Bug 95015"
        RenderText {#text} at (97,7) size 430x18
          text run at (97,7) width 430: " - Remove { vertical-align: baseline } declarations from mathml.css: "
        RenderMathMLMath {math} at (527,0) size 20x22 [padding: 0 1 0 1]
          RenderMathMLSubSup {msup} at (1,0) size 18x22
            RenderMathMLBlock (anonymous, flex) at (0,0) size 7x22 [padding: 13 0 0 0]
              RenderBlock {mi} at (0,13) size 7x9
                RenderText {#text} at (0,-9) size 7x24
                  text run at (0,-9) width 7: "x"
            RenderMathMLBlock (anonymous, flex) at (7,0) size 11x22
              RenderMathMLSubSup {msubsup} at (0,0) size 11x18
                RenderMathMLBlock (anonymous, flex) at (0,0) size 5x18 [padding: 6 0 3 0]
                  RenderBlock {mi} at (0,6) size 5x9
                    RenderText {#text} at (0,-7) size 5x18
                      text run at (0,-7) width 5: "y"
                RenderMathMLBlock (anonymous, flex) at (6,0) size 5x18
                  RenderBlock {mn} at (0,10) size 5x8
                    RenderText {#text} at (0,-2) size 5x13
                      text run at (0,-2) width 5: "1"
                  RenderBlock {mn} at (0,0) size 5x8
                    RenderText {#text} at (0,-2) size 5x13
                      text run at (0,-2) width 5: "2"
        RenderText {#text} at (0,0) size 0x0
layer at (238,207) size 5x10 scrollHeight 18
  RenderMathMLBlock (flex) {mfenced} at (0,0) size 5x10
    RenderBlock (anonymous) at (0,0) size 5x10
layer at (238,217) size 5x10 scrollHeight 17
  RenderMathMLBlock (flex) {mfenced} at (0,10) size 5x10
    RenderBlock (anonymous) at (0,0) size 5x10
      RenderText {mfenced} at (0,-4) size 5x21
        text run at (0,-4) width 5: "\x{239C}"
layer at (238,227) size 5x4 scrollHeight 17
  RenderMathMLBlock (flex) {mfenced} at (0,20) size 5x4
    RenderBlock (anonymous) at (0,0) size 5x4
      RenderText {mfenced} at (0,-4) size 5x21
        text run at (0,-4) width 5: "\x{239C}"
layer at (238,231) size 5x14 scrollHeight 17
  RenderMathMLBlock (flex) {mfenced} at (0,24) size 5x14
    RenderBlock (anonymous) at (0,0) size 5x14
layer at (258,207) size 5x10 scrollHeight 18
  RenderMathMLBlock (flex) {mfenced} at (0,0) size 5x10
    RenderBlock (anonymous) at (0,0) size 5x10
layer at (258,217) size 5x10 scrollHeight 17
  RenderMathMLBlock (flex) {mfenced} at (0,10) size 5x10
    RenderBlock (anonymous) at (0,0) size 5x10
      RenderText {mfenced} at (0,-4) size 5x21
        text run at (0,-4) width 5: "\x{239F}"
layer at (258,227) size 5x4 scrollHeight 17
  RenderMathMLBlock (flex) {mfenced} at (0,20) size 5x4
    RenderBlock (anonymous) at (0,0) size 5x4
      RenderText {mfenced} at (0,-4) size 5x21
        text run at (0,-4) width 5: "\x{239F}"
layer at (258,231) size 5x14 scrollHeight 17
  RenderMathMLBlock (flex) {mfenced} at (0,24) size 5x14
    RenderBlock (anonymous) at (0,0) size 5x14
layer at (238,208) size 5x15 backgroundClip at (238,207) size 5x10 clip at (238,207) size 5x10 outlineClip at (238,207) size 5x10
  RenderBlock (relative positioned) {mfenced} at (0,0) size 5x15
    RenderText {mfenced} at (0,-4) size 5x21
      text run at (0,-4) width 5: "\x{239B}"
layer at (238,228) size 5x14 backgroundClip at (238,231) size 5x14 clip at (238,231) size 5x14 outlineClip at (238,231) size 5x14
  RenderBlock (relative positioned) {mfenced} at (0,0) size 5x14
    RenderText {mfenced} at (0,-4) size 5x21
      text run at (0,-4) width 5: "\x{239D}"
layer at (258,208) size 5x15 backgroundClip at (258,207) size 5x10 clip at (258,207) size 5x10 outlineClip at (258,207) size 5x10
  RenderBlock (relative positioned) {mfenced} at (0,0) size 5x15
    RenderText {mfenced} at (0,-4) size 5x21
      text run at (0,-4) width 5: "\x{239E}"
layer at (258,228) size 5x14 backgroundClip at (258,231) size 5x14 clip at (258,231) size 5x14 outlineClip at (258,231) size 5x14
  RenderBlock (relative positioned) {mfenced} at (0,0) size 5x14
    RenderText {mfenced} at (0,-4) size 5x21
      text run at (0,-4) width 5: "\x{23A0}"
