layer at (0,0) size 800x600
  RenderView at (0,0) size 800x600
layer at (0,0) size 800x54
  RenderBlock {html} at (0,0) size 800x54
    RenderBody {body} at (8,16) size 784x22
      RenderBlock {p} at (0,0) size 784x22
        RenderText {#text} at (0,0) size 76x18
          text run at (0,0) width 76: "superscript: "
        RenderMathMLMath {math} at (76,3) size 15x19
          RenderMathMLSubSup {msup} at (1,0) size 13x19
            RenderMathMLBlock {msup} at (0,3) size 7x16
              RenderInline {mi} at (0,0) size 7x16
                RenderText {#text} at (0,0) size 7x16
                  text run at (0,0) width 7: "x"
            RenderInline {mn} at (0,0) size 6x12
              RenderText {#text} at (7,0) size 6x12
                text run at (7,0) width 6: "2"
        RenderText {#text} at (0,0) size 0x0
