layer at (0,0) size 800x600
  RenderView at (0,0) size 800x600
layer at (0,0) size 800x600
  RenderBlock {HTML} at (0,0) size 800x600
    RenderBody {BODY} at (8,8) size 784x584
      RenderBlock {P} at (0,0) size 784x38
        RenderText {#text} at (0,0) size 783x38
          text run at (0,0) width 243: "Test for font-feature-settings property. "
          text run at (243,0) width 540: "The first word of the following three words should be displayed like \"WebKit\", while"
          text run at (0,19) width 267: "others should be displayed as black boxes."
      RenderBlock {DIV} at (0,54) size 784x19
        RenderText {#text} at (0,0) size 0x19
          text run at (0,0) width 0: "WebKit"
      RenderBlock {DIV} at (0,73) size 784x19
        RenderText {#text} at (0,0) size 0x19
          text run at (0,0) width 0: "WebKit"
      RenderBlock {DIV} at (0,92) size 784x19
        RenderText {#text} at (0,0) size 50x19
          text run at (0,0) width 50: "WebKit"
