layer at (0,0) size 800x600
  RenderView at (0,0) size 800x600
layer at (0,0) size 800x580 layerType: background only
layer at (8,27) size 784x0
  RenderBlock (relative positioned) zI: -1 {DIV} at (0,0) size 784x0 [color=#FF0000]
    RenderInline {SPAN} at (0,0) size 10x19
      RenderText {#text} at (0,0) size 10x19
        text run at (0,0) width 10 RTL: "\x{5D0}"
    RenderText zI: -1 {#text} at (10,0) size 75x19
      text run at (10,0) width 75: " (3 reviews)"
layer at (8,83) size 784x0
  RenderBlock (relative positioned) zI: -1 {DIV} at (0,0) size 784x0 [color=#FF0000]
    RenderText zI: -1 {#text} at (0,0) size 18x19
      text run at (0,0) width 10 RTL: "\x{5D0}"
      text run at (10,0) width 8: ": "
    RenderInline {SPAN} at (0,0) size 10x19
      RenderText {#text} at (18,0) size 10x19
        text run at (18,0) width 10 RTL: "\x{5D1}"
    RenderText zI: -1 {#text} at (0,0) size 0x0
layer at (8,139) size 784x0
  RenderBlock (relative positioned) zI: -1 {DIV} at (0,0) size 784x0 [color=#FF0000]
    RenderText zI: -1 {#text} at (0,0) size 10x19
      text run at (0,0) width 10 RTL: "\x{5D0}"
    RenderInline {SPAN} at (0,0) size 10x19
      RenderText {#text} at (10,0) size 10x19
        text run at (10,0) width 10 RTL: "\x{5D1}"
    RenderText zI: -1 {#text} at (0,0) size 0x0
layer at (8,195) size 784x0
  RenderBlock (relative positioned) zI: -1 {DIV} at (0,0) size 784x0 [color=#FF0000]
    RenderInline {SPAN} at (0,0) size 10x19
      RenderText {#text} at (0,0) size 10x19
        text run at (0,0) width 10 RTL: "\x{5D0}"
    RenderText zI: -1 {#text} at (10,0) size 17x19
      text run at (10,0) width 17: " = "
    RenderInline {SPAN} at (0,0) size 10x19
      RenderText {#text} at (27,0) size 10x19
        text run at (27,0) width 10 RTL: "\x{5D1}"
    RenderText zI: -1 {#text} at (0,0) size 0x0
layer at (8,251) size 784x0
  RenderBlock (relative positioned) zI: -1 {DIV} at (0,0) size 784x0 [color=#FF0000]
    RenderInline {SPAN} at (0,0) size 10x19
      RenderText {#text} at (0,0) size 10x19
        text run at (0,0) width 10 RTL: "\x{5D0}"
    RenderInline {SPAN} at (0,0) size 10x19
      RenderText {#text} at (10,0) size 10x19
        text run at (10,0) width 10 RTL: "\x{5D1}"
    RenderText zI: -1 {#text} at (0,0) size 0x0
layer at (8,307) size 784x0
  RenderBlock (relative positioned) zI: -1 {DIV} at (0,0) size 784x0 [color=#FF0000]
    RenderText zI: -1 {#text} at (743,3) size 24x19
      text run at (743,3) width 24: "see "
    RenderInline {SPAN} at (0,0) size 10x19
      RenderText {#text} at (767,3) size 10x19
        text run at (767,3) width 10 RTL: "\x{5D0}"
    RenderInline {SUP} at (0,0) size 7x15
      RenderText {#text} at (777,0) size 7x15
        text run at (777,0) width 7: "3"
    RenderText zI: -1 {#text} at (0,0) size 0x0
layer at (8,366) size 784x0
  RenderBlock (relative positioned) zI: -1 {DIV} at (0,0) size 784x0 [color=#FF0000]
    RenderText zI: -1 {#text} at (645,0) size 32x19
      text run at (645,0) width 32: "with "
    RenderInline {SPAN} at (0,0) size 10x19
      RenderText {#text} at (677,0) size 10x19
        text run at (677,0) width 10 RTL: "\x{5D0}"
    RenderText zI: -1 {#text} at (687,0) size 9x19
      text run at (687,0) width 9: "="
    RenderInline {SPAN} at (0,0) size 10x19
      RenderText {#text} at (696,0) size 10x19
        text run at (696,0) width 10 RTL: "\x{5D1}"
    RenderText zI: -1 {#text} at (706,0) size 78x19
      text run at (706,0) width 78: " everywhere"
layer at (8,422) size 784x0
  RenderBlock (relative positioned) zI: -1 {DIV} at (0,0) size 784x0 [color=#FF0000]
    RenderText zI: -1 {#text} at (0,0) size 39x19
      text run at (0,0) width 39: "about "
    RenderInline {SPAN} at (0,0) size 37x19
      RenderText {#text} at (39,0) size 37x19
        text run at (39,0) width 27: "that "
        text run at (66,0) width 10 RTL: "\x{5D0}"
    RenderText zI: -1 {#text} at (76,0) size 23x19
      text run at (76,0) width 13: " - "
      text run at (89,0) width 10 RTL: "\x{5D1}"
layer at (8,478) size 784x0
  RenderBlock (relative positioned) zI: -1 {DIV} at (0,0) size 784x0 [color=#FF0000]
    RenderText zI: -1 {#text} at (680,0) size 104x19
      text run at (680,0) width 9 RTL: ") "
      text run at (689,0) width 95: "things to do: (1"
    RenderInline {SPAN} at (0,0) size 10x19
      RenderText {#text} at (670,0) size 10x19
        text run at (670,0) width 10 RTL: "\x{5D0}"
      RenderBR {BR} at (670,0) size 0x19
    RenderText zI: -1 {#text} at (730,19) size 54x19
      text run at (730,19) width 32: "sleep"
      text run at (762,19) width 9 RTL: ") "
      text run at (771,19) width 8: "2"
      text run at (779,19) width 5 RTL: "("
layer at (8,553) size 784x0
  RenderBlock (relative positioned) zI: -1 {DIV} at (0,0) size 784x0 [color=#FF0000]
    RenderText zI: -1 {#text} at (0,0) size 39x19
      text run at (0,0) width 39: "about "
    RenderInline {SPAN} at (0,0) size 109x19
      RenderText {#text} at (39,0) size 27x19
        text run at (39,0) width 27: "that "
      RenderInline {SPAN} at (0,0) size 59x19
        RenderText {#text} at (66,0) size 59x19
          text run at (66,0) width 49: "strange "
          text run at (115,0) width 10 RTL: "\x{5D0}"
      RenderText {#text} at (125,0) size 23x19
        text run at (125,0) width 13: " - "
        text run at (138,0) width 10 RTL: "\x{5D1}"
    RenderText zI: -1 {#text} at (148,0) size 20x19
      text run at (148,0) width 13: " - "
      text run at (161,0) width 7 RTL: "\x{5D2}"
layer at (0,0) size 800x580 layerType: foreground only
  RenderBlock {HTML} at (0,0) size 800x580
    RenderBody {BODY} at (8,8) size 784x564
      RenderBlock (anonymous) at (0,0) size 784x19
        RenderText {#text} at (0,0) size 652x19
          text run at (0,0) width 652: "No red text should be visible in any of the sections below. opposite-to-base isolate followed by number."
      RenderBlock {DIV} at (0,19) size 784x19
        RenderBlock {DIV} at (0,0) size 784x19
          RenderInline {SPAN} at (0,0) size 10x19
            RenderText {#text} at (0,0) size 10x19
              text run at (0,0) width 10 RTL: "\x{5D0}"
          RenderText {#text} at (10,0) size 75x19
            text run at (10,0) width 75: " (3 reviews)"
      RenderBlock {HR} at (0,46) size 784x2 [border: (1px inset #000000)]
      RenderBlock (anonymous) at (0,56) size 784x19
        RenderText {#text} at (0,0) size 531x19
          text run at (0,0) width 531: "opposite-to-base isolate with opposite-to-base text before it with neutrals in between."
      RenderBlock {DIV} at (0,75) size 784x19
        RenderBlock {DIV} at (0,0) size 784x19
          RenderInline {SPAN} at (0,0) size 10x19
            RenderText {#text} at (0,0) size 10x19
              text run at (0,0) width 10 RTL: "\x{5D0}"
          RenderText {#text} at (10,0) size 8x19
            text run at (10,0) width 8: ": "
          RenderInline {SPAN} at (0,0) size 10x19
            RenderText {#text} at (18,0) size 10x19
              text run at (18,0) width 10 RTL: "\x{5D1}"
          RenderText {#text} at (0,0) size 0x0
      RenderBlock {HR} at (0,102) size 784x2 [border: (1px inset #000000)]
      RenderBlock (anonymous) at (0,112) size 784x19
        RenderText {#text} at (0,0) size 525x19
          text run at (0,0) width 525: "opposite-to-base isolate with opposite-to-base text before it and nothing in between."
      RenderBlock {DIV} at (0,131) size 784x19
        RenderBlock {DIV} at (0,0) size 784x19
          RenderInline {BDO} at (0,0) size 20x19
            RenderText {#text} at (0,0) size 20x19
              text run at (0,0) width 20 LTR override: "\x{5D0}\x{5D1}"
          RenderText {#text} at (0,0) size 0x0
      RenderBlock {HR} at (0,158) size 784x2 [border: (1px inset #000000)]
      RenderBlock (anonymous) at (0,168) size 784x19
        RenderText {#text} at (0,0) size 343x19
          text run at (0,0) width 343: "two opposite-to-base isolates with neutrals in between."
      RenderBlock {DIV} at (0,187) size 784x19
        RenderBlock {DIV} at (0,0) size 784x19
          RenderInline {SPAN} at (0,0) size 10x19
            RenderText {#text} at (0,0) size 10x19
              text run at (0,0) width 10 RTL: "\x{5D0}"
          RenderText {#text} at (10,0) size 17x19
            text run at (10,0) width 17: " = "
          RenderInline {SPAN} at (0,0) size 10x19
            RenderText {#text} at (27,0) size 10x19
              text run at (27,0) width 10 RTL: "\x{5D1}"
          RenderText {#text} at (0,0) size 0x0
      RenderBlock {HR} at (0,214) size 784x2 [border: (1px inset #000000)]
      RenderBlock (anonymous) at (0,224) size 784x19
        RenderText {#text} at (0,0) size 342x19
          text run at (0,0) width 342: "two opposite-to-base isolates with nothing in between."
      RenderBlock {DIV} at (0,243) size 784x19
        RenderBlock {DIV} at (0,0) size 784x19
          RenderInline {BDO} at (0,0) size 20x19
            RenderText {#text} at (0,0) size 20x19
              text run at (0,0) width 20 LTR override: "\x{5D0}\x{5D1}"
          RenderText {#text} at (0,0) size 0x0
      RenderBlock {HR} at (0,270) size 784x2 [border: (1px inset #000000)]
      RenderBlock (anonymous) at (0,280) size 784x19
        RenderText {#text} at (0,0) size 501x19
          text run at (0,0) width 501: "same-as-base isolate preceded by opposite-to-base text and followed by number"
      RenderBlock {DIV} at (0,299) size 784x22
        RenderBlock {DIV} at (0,0) size 784x22
          RenderText {#text} at (743,3) size 24x19
            text run at (743,3) width 24: "see "
          RenderInline {SPAN} at (0,0) size 10x19
            RenderText {#text} at (767,3) size 10x19
              text run at (767,3) width 10 RTL: "\x{5D0}"
          RenderInline {SUP} at (0,0) size 7x15
            RenderText {#text} at (777,0) size 7x15
              text run at (777,0) width 7: "3"
          RenderText {#text} at (0,0) size 0x0
      RenderBlock {HR} at (0,329) size 784x2 [border: (1px inset #000000)]
      RenderBlock (anonymous) at (0,339) size 784x19
        RenderText {#text} at (0,0) size 356x19
          text run at (0,0) width 356: "same-as-base isolate surrounded by opposite-to-base text"
      RenderBlock {DIV} at (0,358) size 784x19
        RenderBlock {DIV} at (0,0) size 784x19
          RenderText {#text} at (645,0) size 32x19
            text run at (645,0) width 32: "with "
          RenderInline {SPAN} at (0,0) size 10x19
            RenderText {#text} at (677,0) size 10x19
              text run at (677,0) width 10 RTL: "\x{5D0}"
          RenderText {#text} at (687,0) size 9x19
            text run at (687,0) width 9: "="
          RenderInline {SPAN} at (0,0) size 10x19
            RenderText {#text} at (696,0) size 10x19
              text run at (696,0) width 10 RTL: "\x{5D1}"
          RenderText {#text} at (706,0) size 78x19
            text run at (706,0) width 78: " everywhere"
      RenderBlock {HR} at (0,385) size 784x2 [border: (1px inset #000000)]
      RenderBlock (anonymous) at (0,395) size 784x19
        RenderText {#text} at (0,0) size 278x19
          text run at (0,0) width 278: "chimeric isolate surrounded by chimeric text"
      RenderBlock {DIV} at (0,414) size 784x19
        RenderBlock {DIV} at (0,0) size 784x19
          RenderText {#text} at (0,0) size 66x19
            text run at (0,0) width 66: "about that "
          RenderInline {SPAN} at (0,0) size 10x19
            RenderText {#text} at (66,0) size 10x19
              text run at (66,0) width 10 RTL: "\x{5D0}"
          RenderText {#text} at (76,0) size 23x19
            text run at (76,0) width 13: " - "
            text run at (89,0) width 10 RTL: "\x{5D1}"
      RenderBlock {HR} at (0,441) size 784x2 [border: (1px inset #000000)]
      RenderBlock (anonymous) at (0,451) size 784x19
        RenderText {#text} at (0,0) size 461x19
          text run at (0,0) width 461: "same-as-base isolate containing <br> surrounded by opposite-to-base text"
        RenderText {#text} at (0,0) size 0x0
      RenderBlock {DIV} at (0,470) size 784x38
        RenderBlock {DIV} at (0,0) size 784x38
          RenderInline {SPAN} at (0,0) size 114x19
            RenderText {#text} at (670,0) size 114x19
              text run at (670,0) width 104: "things to do: (1) "
              text run at (774,0) width 10 RTL: "\x{5D0}"
          RenderBR {BR} at (784,0) size 0x19
          RenderInline {SPAN} at (0,0) size 54x19
            RenderText {#text} at (730,19) size 54x19
              text run at (730,19) width 54: "(2) sleep"
          RenderText {#text} at (0,0) size 0x0
      RenderBlock {HR} at (0,516) size 784x2 [border: (1px inset #000000)]
      RenderBlock (anonymous) at (0,526) size 784x19
        RenderText {#text} at (0,0) size 328x19
          text run at (0,0) width 328: "nested chimeric isolates surrounded by chimeric text"
      RenderBlock {DIV} at (0,545) size 784x19
        RenderBlock {DIV} at (0,0) size 784x19
          RenderText {#text} at (0,0) size 115x19
            text run at (0,0) width 115: "about that strange "
          RenderInline {SPAN} at (0,0) size 10x19
            RenderText {#text} at (115,0) size 10x19
              text run at (115,0) width 10 RTL: "\x{5D0}"
          RenderText {#text} at (125,0) size 13x19
            text run at (125,0) width 13: " - "
          RenderInline {SPAN} at (0,0) size 10x19
            RenderText {#text} at (138,0) size 10x19
              text run at (138,0) width 10 RTL: "\x{5D1}"
          RenderText {#text} at (148,0) size 20x19
            text run at (148,0) width 13: " - "
            text run at (161,0) width 7 RTL: "\x{5D2}"
