layer at (0,0) size 800x600
  RenderView at (0,0) size 800x600
layer at (0,0) size 800x600
  RenderBlock {HTML} at (0,0) size 800x600
    RenderBody {BODY} at (0,0) size 800x600
      RenderPartObject {IFRAME} at (0,0) size 500x600
        layer at (0,0) size 500x600
          RenderView at (0,0) size 500x600
        layer at (0,0) size 500x600
          RenderBlock {HTML} at (0,0) size 500x600
            RenderBody {BODY} at (8,8) size 484x576
              RenderBlock {DIV} at (0,0) size 450x50
                RenderBlock (floating) {DIV} at (370,10) size 70x150 [bgcolor=#FFC0CB]
              RenderBlock {P} at (0,66) size 418x498 [border: (3px solid #800000)]
                RenderText {#text} at (6,6) size 354x108
                  text run at (6,6) width 354: "The chief difficulty Alice found at first was in managing"
                  text run at (6,24) width 25: "her "
                  text run at (31,24) width 329: "flamingo: she succeeded in getting its body tucked"
                  text run at (6,42) width 42: "away, "
                  text run at (48,42) width 312: "comfortably enough, under her arm, with its legs"
                  text run at (6,60) width 106: "hanging down, "
                  text run at (112,60) width 248: "but generally, just as she had got its"
                  text run at (6,78) width 158: "neck nicely straightened "
                  text run at (164,78) width 196: "out, and was going to give the"
                  text run at (6,96) width 239: "hedgehog a blow with its head, it "
                RenderInline {I} at (0,0) size 39x18
                  RenderText {#text} at (245,96) size 39x18
                    text run at (245,96) width 39: "would"
                RenderText {#text} at (284,96) size 406x72
                  text run at (284,96) width 76: " twist itself"
                  text run at (6,114) width 237: "round and look up in her face, with "
                  text run at (243,114) width 169: "such a puzzled expression"
                  text run at (6,132) width 227: "that she could not help bursting out "
                  text run at (233,132) width 179: "laughing: and when she had"
                  text run at (6,150) width 248: "got its head down, and was going to "
                RenderText {#text} at (254,150) size 406x126
                  text run at (254,150) width 158: "begin again, it was very"
                  text run at (6,168) width 259: "provoking to find that the hedgehog had "
                  text run at (265,168) width 147: "unrolled itself, and was"
                  text run at (6,186) width 252: "in the act of crawling away: besides all "
                  text run at (258,186) width 154: "this, there was generally"
                  text run at (6,204) width 256: "a ridge or furrow in the way wherever "
                  text run at (262,204) width 150: "she wanted to send the"
                  text run at (6,222) width 264: "hedgehog to, and, as the doubled-up "
                  text run at (270,222) width 142: "soldiers were always"
                  text run at (6,240) width 292: "getting up and walking off to other parts of "
                  text run at (298,240) width 114: "the ground, Alice"
                  text run at (41,258) width 322: "soon came to the conclusion that it was a very "
                RenderBlock (floating) {SPAN} at (6,261) size 32x65 [bgcolor=#ADD8E6]
                RenderText {#text} at (363,258) size 371x36
                  text run at (363,258) width 49: "difficult"
                  text run at (41,276) width 88: "game indeed. "
                RenderBR {BR} at (0,0) size 0x0
                RenderText {#text} at (41,294) size 301x18
                  text run at (41,294) width 301: "The players all played at once without waiting "
                RenderBlock (floating) {SPAN} at (364,297) size 48x81 [bgcolor=#90EE90]
                RenderText {#text} at (342,294) size 354x54
                  text run at (342,294) width 18: "for"
                  text run at (41,312) width 39: "turns, "
                  text run at (80,312) width 280: "quarrelling all the while, and fighting for the"
                  text run at (6,330) width 120: "hedgehogs; and in "
                  text run at (126,330) width 111: "a very short time "
                RenderInline {SPAN} at (0,0) size 65x18
                  RenderText {#text} at (237,330) size 65x18
                    text run at (237,330) width 65: "the Queen"
                RenderText {#text} at (302,330) size 354x72
                  text run at (302,330) width 58: " was in a"
                  text run at (6,348) width 167: "furious passion, and went "
                  text run at (173,348) width 187: "stamping about, and shouting"
                  text run at (6,366) width 214: "\x{2018}Off with his head!\x{2019} or \x{2018}Off with "
                  text run at (220,366) width 140: "her head!\x{2019} about once"
                  text run at (6,384) width 78: "in a minute. "
                RenderBR {BR} at (0,0) size 0x0
                RenderText {#text} at (6,402) size 406x90
                  text run at (6,402) width 387: "Alice began to feel very uneasy: to be sure, she had not as "
                  text run at (393,402) width 19: "yet"
                  text run at (6,420) width 406: "had any dispute with the Queen, but she knew that it might"
                  text run at (6,438) width 406: "happen any minute, \x{2018}and then,\x{2019} thought she, \x{2018}what would"
                  text run at (6,456) width 75: "become of "
                  text run at (81,456) width 331: "me? They\x{2019}re dreadfully fond of beheading people"
                  text run at (6,474) width 93: "here; the great "
                  text run at (99,474) width 261: "wonder is, that there\x{2018}s any one left alive!\x{2019}"
      RenderText {#text} at (0,0) size 0x0
