layer at (0,0) size 800x600
  RenderView at (0,0) size 800x600
layer at (0,0) size 800x600
  RenderBlock {HTML} at (0,0) size 800x600
    RenderBody {BODY} at (8,8) size 784x584
      RenderText {#text} at (0,0) size 216x17
        text run at (0,0) width 216: "This iframe should have a border."
      RenderBR {BR} at (215,14) size 1x0
      RenderPartObject {IFRAME} at (0,18) size 304x154 [border: (2px inset #000000)]
        layer at (0,0) size 300x150
          RenderView at (0,0) size 300x150
        layer at (0,0) size 300x150
          RenderBlock {HTML} at (0,0) size 300x150
            RenderBody {BODY} at (8,8) size 284x134
      RenderText {#text} at (304,158) size 4x17
        text run at (304,158) width 4: " "
      RenderBR {BR} at (0,0) size 0x0
      RenderText {#text} at (0,176) size 150x17
        text run at (0,176) width 150: "This iframe should not."
      RenderBR {BR} at (149,190) size 1x0
      RenderPartObject {IFRAME} at (0,194) size 300x150
        layer at (0,0) size 300x150
          RenderView at (0,0) size 300x150
        layer at (0,0) size 300x150
          RenderBlock {HTML} at (0,0) size 300x150
            RenderBody {BODY} at (8,8) size 284x134
      RenderText {#text} at (300,330) size 4x17
        text run at (300,330) width 4: " "
      RenderBR {BR} at (304,344) size 0x0
      RenderText {#text} at (0,348) size 220x17
        text run at (0,348) width 220: "This iframe should have a border. "
      RenderBR {BR} at (219,362) size 1x0
      RenderPartObject {IFRAME} at (0,366) size 304x154 [border: (2px inset #000000)]
        layer at (0,0) size 300x150
          RenderView at (0,0) size 300x150
        layer at (0,0) size 300x150
          RenderBlock {HTML} at (0,0) size 300x150
            RenderBody {BODY} at (8,8) size 284x134
      RenderText {#text} at (0,0) size 0x0
