layer at (0,0) size 784x604
  RenderView at (0,0) size 784x600
layer at (0,0) size 784x600
  RenderBlock {HTML} at (0,0) size 784x600
    RenderBody {BODY} at (8,8) size 768x584
layer at (0,400) size 504x204
  RenderPartObject {IFRAME} at (0,400) size 504x204 [border: (2px inset #000000)]
    layer at (0,0) size 484x1276
      RenderView at (0,0) size 484x200
    layer at (0,0) size 484x1276
      RenderBlock {HTML} at (0,0) size 484x1276
        RenderBody {BODY} at (8,8) size 468x1260 [bgcolor=#E0F0FC]
          RenderText {#text} at (0,0) size 182x17
            text run at (0,0) width 182: "Lorem ipsum dolor sit amet,"
          RenderBR {BR} at (181,14) size 1x0
          RenderText {#text} at (0,18) size 176x17
            text run at (0,18) width 176: "consectetur adipisicing elit,"
          RenderBR {BR} at (175,32) size 1x0
          RenderText {#text} at (0,36) size 149x17
            text run at (0,36) width 149: "sed do eiusmod tempor"
          RenderBR {BR} at (148,50) size 1x0
          RenderText {#text} at (0,54) size 186x17
            text run at (0,54) width 186: "incididunt ut labore et dolore"
          RenderBR {BR} at (185,68) size 1x0
          RenderText {#text} at (0,72) size 211x17
            text run at (0,72) width 211: "magna aliqua. Ut enim ad minim"
          RenderBR {BR} at (210,86) size 1x0
          RenderText {#text} at (0,90) size 134x17
            text run at (0,90) width 134: "veniam, quis nostrud"
          RenderBR {BR} at (133,104) size 1x0
          RenderText {#text} at (0,108) size 179x17
            text run at (0,108) width 179: "exercitation ullamco laboris"
          RenderBR {BR} at (178,122) size 1x0
          RenderText {#text} at (0,126) size 194x17
            text run at (0,126) width 194: "nisi ut aliquip ex ea commodo"
          RenderBR {BR} at (193,140) size 1x0
          RenderText {#text} at (0,144) size 168x17
            text run at (0,144) width 168: "consequat. Duis aute irure"
          RenderBR {BR} at (167,158) size 1x0
          RenderText {#text} at (0,162) size 156x17
            text run at (0,162) width 156: "dolor in reprehenderit in"
          RenderBR {BR} at (155,176) size 1x0
          RenderText {#text} at (0,180) size 168x17
            text run at (0,180) width 168: "voluptate velit esse cillum"
          RenderBR {BR} at (167,194) size 1x0
          RenderText {#text} at (0,198) size 138x17
            text run at (0,198) width 138: "dolore eu fugiat nulla"
          RenderBR {BR} at (137,212) size 1x0
          RenderText {#text} at (0,216) size 150x17
            text run at (0,216) width 150: "pariatur. Excepteur sint"
          RenderBR {BR} at (149,230) size 1x0
          RenderText {#text} at (0,234) size 146x17
            text run at (0,234) width 146: "occaecat cupidatat non"
          RenderBR {BR} at (145,248) size 1x0
          RenderText {#text} at (0,252) size 168x17
            text run at (0,252) width 168: "proident, sunt in culpa qui"
          RenderBR {BR} at (167,266) size 1x0
          RenderText {#text} at (0,270) size 179x17
            text run at (0,270) width 179: "officia deserunt mollit anim"
          RenderBR {BR} at (178,284) size 1x0
          RenderText {#text} at (0,288) size 96x17
            text run at (0,288) width 96: "id est laborum."
          RenderBR {BR} at (95,302) size 1x0
          RenderBR {BR} at (0,306) size 0x17
          RenderText {#text} at (0,324) size 182x17
            text run at (0,324) width 182: "Lorem ipsum dolor sit amet,"
          RenderBR {BR} at (181,338) size 1x0
          RenderText {#text} at (0,342) size 176x17
            text run at (0,342) width 176: "consectetur adipisicing elit,"
          RenderBR {BR} at (175,356) size 1x0
          RenderText {#text} at (0,360) size 149x17
            text run at (0,360) width 149: "sed do eiusmod tempor"
          RenderBR {BR} at (148,374) size 1x0
          RenderText {#text} at (0,378) size 186x17
            text run at (0,378) width 186: "incididunt ut labore et dolore"
          RenderBR {BR} at (185,392) size 1x0
          RenderText {#text} at (0,396) size 211x17
            text run at (0,396) width 211: "magna aliqua. Ut enim ad minim"
          RenderBR {BR} at (210,410) size 1x0
          RenderText {#text} at (0,414) size 134x17
            text run at (0,414) width 134: "veniam, quis nostrud"
          RenderBR {BR} at (133,428) size 1x0
          RenderText {#text} at (0,432) size 179x17
            text run at (0,432) width 179: "exercitation ullamco laboris"
          RenderBR {BR} at (178,446) size 1x0
          RenderText {#text} at (0,450) size 194x17
            text run at (0,450) width 194: "nisi ut aliquip ex ea commodo"
          RenderBR {BR} at (193,464) size 1x0
          RenderText {#text} at (0,468) size 168x17
            text run at (0,468) width 168: "consequat. Duis aute irure"
          RenderBR {BR} at (167,482) size 1x0
          RenderText {#text} at (0,486) size 156x17
            text run at (0,486) width 156: "dolor in reprehenderit in"
          RenderBR {BR} at (155,500) size 1x0
          RenderText {#text} at (0,504) size 168x17
            text run at (0,504) width 168: "voluptate velit esse cillum"
          RenderBR {BR} at (167,518) size 1x0
          RenderText {#text} at (0,522) size 138x17
            text run at (0,522) width 138: "dolore eu fugiat nulla"
          RenderBR {BR} at (137,536) size 1x0
          RenderText {#text} at (0,540) size 150x17
            text run at (0,540) width 150: "pariatur. Excepteur sint"
          RenderBR {BR} at (149,554) size 1x0
          RenderText {#text} at (0,558) size 146x17
            text run at (0,558) width 146: "occaecat cupidatat non"
          RenderBR {BR} at (145,572) size 1x0
          RenderText {#text} at (0,576) size 168x17
            text run at (0,576) width 168: "proident, sunt in culpa qui"
          RenderBR {BR} at (167,590) size 1x0
          RenderText {#text} at (0,594) size 179x17
            text run at (0,594) width 179: "officia deserunt mollit anim"
          RenderBR {BR} at (178,608) size 1x0
          RenderText {#text} at (0,612) size 96x17
            text run at (0,612) width 96: "id est laborum."
          RenderBR {BR} at (95,626) size 1x0
          RenderText {#text} at (0,630) size 182x17
            text run at (0,630) width 182: "Lorem ipsum dolor sit amet,"
          RenderBR {BR} at (181,644) size 1x0
          RenderText {#text} at (0,648) size 176x17
            text run at (0,648) width 176: "consectetur adipisicing elit,"
          RenderBR {BR} at (175,662) size 1x0
          RenderText {#text} at (0,666) size 149x17
            text run at (0,666) width 149: "sed do eiusmod tempor"
          RenderBR {BR} at (148,680) size 1x0
          RenderText {#text} at (0,684) size 186x17
            text run at (0,684) width 186: "incididunt ut labore et dolore"
          RenderBR {BR} at (185,698) size 1x0
          RenderText {#text} at (0,702) size 211x17
            text run at (0,702) width 211: "magna aliqua. Ut enim ad minim"
          RenderBR {BR} at (210,716) size 1x0
          RenderText {#text} at (0,720) size 134x17
            text run at (0,720) width 134: "veniam, quis nostrud"
          RenderBR {BR} at (133,734) size 1x0
          RenderText {#text} at (0,738) size 179x17
            text run at (0,738) width 179: "exercitation ullamco laboris"
          RenderBR {BR} at (178,752) size 1x0
          RenderText {#text} at (0,756) size 194x17
            text run at (0,756) width 194: "nisi ut aliquip ex ea commodo"
          RenderBR {BR} at (193,770) size 1x0
          RenderText {#text} at (0,774) size 168x17
            text run at (0,774) width 168: "consequat. Duis aute irure"
          RenderBR {BR} at (167,788) size 1x0
          RenderText {#text} at (0,792) size 156x17
            text run at (0,792) width 156: "dolor in reprehenderit in"
          RenderBR {BR} at (155,806) size 1x0
          RenderText {#text} at (0,810) size 168x17
            text run at (0,810) width 168: "voluptate velit esse cillum"
          RenderBR {BR} at (167,824) size 1x0
          RenderText {#text} at (0,828) size 138x17
            text run at (0,828) width 138: "dolore eu fugiat nulla"
          RenderBR {BR} at (137,842) size 1x0
          RenderText {#text} at (0,846) size 150x17
            text run at (0,846) width 150: "pariatur. Excepteur sint"
          RenderBR {BR} at (149,860) size 1x0
          RenderText {#text} at (0,864) size 146x17
            text run at (0,864) width 146: "occaecat cupidatat non"
          RenderBR {BR} at (145,878) size 1x0
          RenderText {#text} at (0,882) size 168x17
            text run at (0,882) width 168: "proident, sunt in culpa qui"
          RenderBR {BR} at (167,896) size 1x0
          RenderText {#text} at (0,900) size 179x17
            text run at (0,900) width 179: "officia deserunt mollit anim"
          RenderBR {BR} at (178,914) size 1x0
          RenderText {#text} at (0,918) size 96x17
            text run at (0,918) width 96: "id est laborum."
          RenderBR {BR} at (95,932) size 1x0
          RenderBR {BR} at (0,936) size 0x17
          RenderText {#text} at (0,954) size 182x17
            text run at (0,954) width 182: "Lorem ipsum dolor sit amet,"
          RenderBR {BR} at (181,968) size 1x0
          RenderText {#text} at (0,972) size 176x17
            text run at (0,972) width 176: "consectetur adipisicing elit,"
          RenderBR {BR} at (175,986) size 1x0
          RenderText {#text} at (0,990) size 149x17
            text run at (0,990) width 149: "sed do eiusmod tempor"
          RenderBR {BR} at (148,1004) size 1x0
          RenderText {#text} at (0,1008) size 186x17
            text run at (0,1008) width 186: "incididunt ut labore et dolore"
          RenderBR {BR} at (185,1022) size 1x0
          RenderText {#text} at (0,1026) size 211x17
            text run at (0,1026) width 211: "magna aliqua. Ut enim ad minim"
          RenderBR {BR} at (210,1040) size 1x0
          RenderText {#text} at (0,1044) size 134x17
            text run at (0,1044) width 134: "veniam, quis nostrud"
          RenderBR {BR} at (133,1058) size 1x0
          RenderText {#text} at (0,1062) size 179x17
            text run at (0,1062) width 179: "exercitation ullamco laboris"
          RenderBR {BR} at (178,1076) size 1x0
          RenderText {#text} at (0,1080) size 194x17
            text run at (0,1080) width 194: "nisi ut aliquip ex ea commodo"
          RenderBR {BR} at (193,1094) size 1x0
          RenderText {#text} at (0,1098) size 168x17
            text run at (0,1098) width 168: "consequat. Duis aute irure"
          RenderBR {BR} at (167,1112) size 1x0
          RenderText {#text} at (0,1116) size 156x17
            text run at (0,1116) width 156: "dolor in reprehenderit in"
          RenderBR {BR} at (155,1130) size 1x0
          RenderText {#text} at (0,1134) size 168x17
            text run at (0,1134) width 168: "voluptate velit esse cillum"
          RenderBR {BR} at (167,1148) size 1x0
          RenderText {#text} at (0,1152) size 138x17
            text run at (0,1152) width 138: "dolore eu fugiat nulla"
          RenderBR {BR} at (137,1166) size 1x0
          RenderText {#text} at (0,1170) size 150x17
            text run at (0,1170) width 150: "pariatur. Excepteur sint"
          RenderBR {BR} at (149,1184) size 1x0
          RenderText {#text} at (0,1188) size 146x17
            text run at (0,1188) width 146: "occaecat cupidatat non"
          RenderBR {BR} at (145,1202) size 1x0
          RenderText {#text} at (0,1206) size 168x17
            text run at (0,1206) width 168: "proident, sunt in culpa qui"
          RenderBR {BR} at (167,1220) size 1x0
          RenderText {#text} at (0,1224) size 179x17
            text run at (0,1224) width 179: "officia deserunt mollit anim"
          RenderBR {BR} at (178,1238) size 1x0
          RenderText {#text} at (0,1242) size 96x17
            text run at (0,1242) width 96: "id est laborum."
          RenderBR {BR} at (95,1256) size 1x0
