layer at (0,0) size 800x600
  RenderView at (0,0) size 800x600
layer at (0,0) size 800x416
  RenderBlock {HTML} at (0,0) size 800x416
    RenderBody {BODY} at (8,16) size 784x384
      RenderBlock {P} at (0,0) size 784x18
        RenderText {#text} at (0,0) size 608x18
          text run at (0,0) width 608: "The following two blocks should look identical (to the pixel), and they should both say \"PASS\":"
      RenderBlock {P} at (0,34) size 784x167
        RenderEmbeddedObject {OBJECT} at (0,0) size 790x163 [border: (3px inset #000080)]
          layer at (0,0) size 784x157
            RenderView at (0,0) size 784x157
          layer at (0,0) size 784x157
            RenderSVGRoot {svg} at (0,0) size 471x157
              RenderSVGText {text} at (0,-1) size 3x3 contains 1 chunk(s)
                RenderSVGInlineText {#text} at (0,0) size 3x3
                  chunk 1 text run 1 at (0.00,0.80) startOffset 0 endOffset 4 width 2.39: "PASS"
      RenderBlock {P} at (0,217) size 784x167
        RenderEmbeddedObject {OBJECT} at (0,0) size 790x163 [border: (3px inset #000080)]
          layer at (0,0) size 784x157
            RenderView at (0,0) size 784x157
          layer at (0,0) size 784x157
            RenderSVGRoot {svg} at (0,0) size 375x157
              RenderSVGText {text} at (0,-105) size 2386x1156 contains 1 chunk(s)
                RenderSVGInlineText {#text} at (0,0) size 2386x1156
                  chunk 1 text run 1 at (0.00,800.00) startOffset 0 endOffset 4 width 2385.20: "PASS"
