layer at (0,0) size 807x600
  RenderView at (0,0) size 800x600
layer at (-7,0) size 807x600 backgroundClip at (0,0) size 807x600 clip at (0,0) size 807x600 outlineClip at (0,0) size 807x600
  RenderBlock {HTML} at (0,0) size 807x600
    RenderBody {BODY} at (8,8) size 791x584
layer at (1,8) size 791x584
  RenderBlock {DIV} at (0,0) size 791x584 [border: (5px solid #000000)]
    RenderText {#text} at (5,15) size 2301x174
      text run at (5,15) width 169: "Lorem ipsum dolor sit amet,"
      text run at (25,15) width 164: "consectetuer adipiscing elit."
      text run at (45,15) width 143: "Nulla varius enim ac mi."
      text run at (65,15) width 150: "Curabitur sollicitudin felis"
      text run at (85,15) width 120: "quis lectus. Quisque"
      text run at (105,15) width 142: "adipiscing rhoncus sem."
      text run at (125,15) width 162: "Proin nulla purus, vulputate"
      text run at (145,15) width 152: "vel, varius ut, euismod et,"
      text run at (165,15) width 158: "nisi. Sed vitae felis vel orci"
      text run at (185,15) width 127: "sagittis aliquam. Cras"
      text run at (205,15) width 146: "convallis adipiscing sem."
      text run at (225,15) width 128: "Nam nonummy enim."
      text run at (245,15) width 155: "Nullam bibendum lobortis"
      text run at (265,15) width 170: "neque. Vestibulum velit orci,"
      text run at (285,15) width 150: "tempus euismod, pretium"
      text run at (305,15) width 155: "quis, interdum vitae, nulla."
      text run at (325,15) width 166: "Phasellus eget ante et tortor"
      text run at (345,15) width 151: "condimentum vestibulum."
      text run at (365,15) width 168: "Suspendisse hendrerit quam"
      text run at (385,15) width 156: "nec felis. Sed varius turpis"
      text run at (405,15) width 149: "vitae pede. Lorem ipsum"
      text run at (425,15) width 166: "dolor sit amet, consectetuer"
      text run at (445,15) width 120: "adipiscing elit. Proin"
      text run at (465,15) width 146: "bibendum justo ac enim."
      text run at (485,15) width 163: "Class aptent taciti sociosqu"
      text run at (505,15) width 127: "ad litora torquent per"
      text run at (525,15) width 170: "conubia nostra, per inceptos"
      text run at (545,15) width 156: "hymenaeos. Sed leo nulla,"
      text run at (565,15) width 124: "rutrum eu, dictum ut,"
      text run at (585,15) width 141: "posuere vel, arcu. Nam"
      text run at (605,15) width 111: "libero. Morbi orci."
      text run at (625,15) width 144: "Maecenas pellentesque."
      text run at (645,15) width 115: "Curabitur erat erat,"
      text run at (665,15) width 174: "ullamcorper at, gravida vitae,"
      text run at (685,15) width 144: "iaculis vitae, elit. Nullam"
      text run at (705,15) width 160: "quam. Quisque orci lectus,"
      text run at (725,15) width 153: "ullamcorper eu, imperdiet"
      text run at (745,15) width 145: "sed, accumsan et, ligula."
      text run at (765,15) width 146: "Duis diam nisl, sagittis a,"
      text run at (786,15) width 152: "blandit volutpat, interdum"
      text run at (806,15) width 169: "sed, velit. Vestibulum quam."
      text run at (826,15) width 143: "Nulla a purus. Phasellus"
      text run at (846,15) width 170: "semper semper lectus. Nulla"
      text run at (866,15) width 133: "porttitor, dolor dictum"
      text run at (886,15) width 136: "scelerisque luctus, velit"
      text run at (906,15) width 149: "ipsum lobortis mauris, ac"
      text run at (926,15) width 165: "pretium enim nunc vel risus."
      text run at (946,15) width 141: "Proin gravida mi ut sem"
      text run at (966,15) width 170: "cursus mattis. Fusce laoreet,"
      text run at (986,15) width 171: "nisi quis luctus volutpat, arcu"
      text run at (1006,15) width 145: "pede tincidunt enim, nec"
      text run at (1026,15) width 170: "malesuada urna nisl eu enim."
      text run at (1046,15) width 148: "Vivamus varius augue ac"
      text run at (1066,15) width 108: "purus. Vestibulum"
      text run at (1086,15) width 162: "vestibulum. Phasellus et est"
      text run at (1106,15) width 120: "vitae ante accumsan"
      text run at (1126,15) width 152: "rhoncus. Morbi convallis,"
      text run at (1146,15) width 150: "arcu at hendrerit gravida,"
      text run at (1166,15) width 150: "sem diam dignissim risus,"
      text run at (1186,15) width 146: "sed aliquet erat mi ut mi."
      text run at (1206,15) width 141: "Nunc cursus lacinia elit."
      text run at (1226,15) width 160: "Nunc nisi. Quisque at erat."
      text run at (1246,15) width 148: "Vestibulum dictum quam"
      text run at (1266,15) width 159: "vitae nibh. Nunc vitae ante"
      text run at (1286,15) width 157: "non odio interdum blandit."
      text run at (1306,15) width 120: "Curabitur leo quam,"
      text run at (1326,15) width 153: "fermentum sed, feugiat in,"
      text run at (1346,15) width 123: "ullamcorper id, nibh."
      text run at (1366,15) width 149: "Suspendisse ac turpis. In"
      text run at (1386,15) width 128: "iaculis sollicitudin dui."
      text run at (1406,15) width 148: "Aenean vitae lectus vitae"
      text run at (1426,15) width 105: "nulla pellentesque"
      text run at (1446,15) width 151: "sollicitudin. Nunc gravida"
      text run at (1466,15) width 164: "pharetra lectus. Etiam lacus"
      text run at (1486,15) width 149: "ligula, placerat ut, dictum"
      text run at (1506,15) width 172: "vitae, tempus vel, risus. Cras"
      text run at (1526,15) width 146: "rhoncus. Praesent varius"
      text run at (1546,15) width 163: "ultricies orci. Donec mattis,"
      text run at (1567,15) width 173: "neque ut ornare fringilla, ante"
      text run at (1587,15) width 133: "urna placerat eros, vel"
      text run at (1607,15) width 137: "commodo nisi tortor ut"
      text run at (1627,15) width 154: "mauris. Morbi magna dui,"
      text run at (1647,15) width 167: "sagittis sit amet, tincidunt et,"
      text run at (1667,15) width 138: "elementum eget, quam."
      text run at (1687,15) width 171: "Fusce molestie nisl vitae nisi."
      text run at (1707,15) width 124: "Vestibulum a sapien."
      text run at (1727,15) width 174: "Phasellus ante lacus, vehicula"
      text run at (1747,15) width 149: "non, cursus a, tempor ut,"
      text run at (1767,15) width 170: "magna. Suspendisse potenti."
      text run at (1787,15) width 159: "Fusce aliquet, odio viverra"
      text run at (1807,15) width 165: "vulputate dictum, enim odio"
      text run at (1827,15) width 160: "luctus purus, ut scelerisque"
      text run at (1847,15) width 159: "quam nulla non est. Donec"
      text run at (1867,15) width 148: "eros lacus, egestas vitae,"
      text run at (1887,15) width 148: "lacinia quis, tempor quis,"
      text run at (1907,15) width 174: "pede. Morbi orci erat, iaculis"
      text run at (1927,15) width 167: "id, ornare ac, elementum at,"
      text run at (1947,15) width 157: "sem. Nunc ornare sodales"
      text run at (1967,15) width 121: "nisi. Morbi interdum"
      text run at (1987,15) width 157: "commodo nisl. Fusce eget"
      text run at (2007,15) width 168: "eros non nisi ornare facilisis."
      text run at (2027,15) width 127: "Sed placerat, est non"
      text run at (2047,15) width 169: "posuere posuere, purus sem"
      text run at (2067,15) width 152: "dignissim libero, a viverra"
      text run at (2087,15) width 162: "tellus dolor vel lorem. Cras"
      text run at (2107,15) width 126: "augue. Etiam ultricies"
      text run at (2127,15) width 160: "consequat odio. Mauris ac"
      text run at (2147,15) width 170: "libero. Etiam posuere, libero"
      text run at (2167,15) width 164: "vitae euismod gravida, urna"
      text run at (2187,15) width 145: "elit imperdiet magna, vel"
      text run at (2207,15) width 159: "cursus elit felis non mauris."
      text run at (2227,15) width 153: "Donec orci erat, porta id,"
      text run at (2247,15) width 173: "dignissim ut, posuere dictum,"
      text run at (2267,15) width 170: "leo. Suspendisse scelerisque"
      text run at (2287,15) width 79: "egestas nulla."
