layer at (0,0) size 800x600
  RenderView at (0,0) size 800x600
layer at (0,0) size 800x36
  RenderBlock {HTML} at (0,0) size 800x36
    RenderBody {BODY} at (8,8) size 784x20
      RenderBlock {DIV} at (0,0) size 784x20
        RenderInline {A} at (0,0) size 74x19
          RenderInline (generated) at (0,0) size 5x19 [color=#008000]
            RenderText {#text} at (0,0) size 5x19
              text run at (0,0) width 5: "\""
          RenderText {#text} at (0,0) size 0x0
          RenderInline {SPAN} at (0,0) size 64x19
            RenderInline (generated) at (0,0) size 9x19 [color=#008000]
              RenderText {#text} at (5,0) size 9x19
                text run at (5,0) width 9: "T"
            RenderText {#text} at (14,0) size 55x19
              text run at (14,0) width 55: "his is text"
          RenderText {#text} at (69,0) size 5x19
            text run at (69,0) width 5: "\""
