layer at (0,0) size 800x600
  RenderView at (0,0) size 800x600
layer at (0,0) size 800x115
  RenderBlock {HTML} at (0,0) size 800x115
    RenderBody {BODY} at (8,8) size 784x0
layer at (8,8) size 150x107 clip at (8,8) size 135x92 scrollHeight 103
  RenderBlock (floating) {DIV} at (0,0) size 150x107
    RenderBlock (floating) at (0,0) size 31x10
      RenderText {#text} at (0,-23) size 31x57
        text run at (0,-23) width 31: "T"
    RenderText {#text} at (0,0) size 0x0
    RenderInline {SPAN} at (0,0) size 134x81
      RenderText {#text} at (31,12) size 134x81
        text run at (31,12) width 80: "his is text in a div. "
        text run at (111,12) width 19: "Text"
        text run at (0,35) width 37: "in a div. "
        text run at (37,35) width 59: "Text in a div. "
        text run at (96,35) width 37: "Text in a"
        text run at (0,58) width 19: "div. "
        text run at (19,58) width 59: "Text in a div. "
        text run at (78,58) width 56: "Text in a div."
        text run at (0,81) width 59: "Text in a div. "
        text run at (59,81) width 56: "Text in a div."
