layer at (0,0) size 800x600
  RenderView at (0,0) size 800x600
layer at (0,0) size 800x73
  RenderBlock {HTML} at (0,0) size 800x73
    RenderBody {BODY} at (8,8) size 784x57
      RenderBlock {DIV} at (0,0) size 784x57
        RenderInline {SPAN} at (0,0) size 29x55
          RenderInline (generated) at (0,0) size 29x55 [color=#008000]
            RenderText {#text} at (0,1) size 29x55
              text run at (0,1) width 29: "T"
          RenderText {#text} at (0,0) size 0x0
        RenderText {#text} at (29,1) size 180x55
          text run at (29,1) width 180: "his is text"
