layer at (0,0) size 800x600
  RenderView at (0,0) size 800x600
layer at (0,0) size 800x88
  RenderBlock {HTML} at (0,0) size 800x88
    RenderBody {BODY} at (8,16) size 784x56
      RenderBlock {P} at (0,0) size 784x20
        RenderInline {SPAN} at (0,0) size 41x19
          RenderInline (generated) at (0,0) size 5x19
            RenderInline (generated) at (0,0) size 5x19 [color=#008000]
              RenderText at (0,0) size 5x19
                text run at (0,0) width 5: "\""
            RenderText at (0,0) size 0x0
          RenderInline (generated) at (0,0) size 9x19 [color=#008000]
            RenderText {#text} at (5,0) size 9x19
              text run at (5,0) width 9: "F"
          RenderText {#text} at (14,0) size 16x19
            text run at (14,0) width 16: "oo"
          RenderInline (generated) at (0,0) size 11x25 [border: (3px solid #008000)]
            RenderQuote at (33,0) size 5x19
              text run at (33,0) width 5: "\""
      RenderBlock {P} at (0,36) size 784x20
        RenderInline {SPAN} at (0,0) size 16x19
          RenderInline (generated) at (0,0) size 5x19
            RenderInline (generated) at (0,0) size 5x19 [color=#008000]
              RenderText at (0,0) size 5x19
                text run at (0,0) width 5: "\""
            RenderText at (0,0) size 0x0
          RenderInline (generated) at (0,0) size 11x25 [border: (3px solid #008000)]
            RenderInline (generated) at (0,0) size 5x19 [color=#008000]
              RenderText at (8,0) size 5x19
                text run at (8,0) width 5: "\""
            RenderText at (0,0) size 0x0
