layer at (0,0) size 800x600
  RenderView at (0,0) size 800x600
layer at (0,0) size 800x394
  RenderBlock {HTML} at (0,0) size 800x394
    RenderBody {BODY} at (8,16) size 784x370
      RenderBlock {P} at (0,0) size 784x20
        RenderText {#text} at (0,0) size 330x19
          text run at (0,0) width 330: "Test passes if the two boxes below are the same color."
      RenderBlock {DIV} at (0,120) size 100x100
      RenderBlock {DIV} at (50,270) size 100x100 [bgcolor=#008000]
layer at (108,136) size 0x0
  RenderBlock (relative positioned) {DIV} at (100,0) size 0x0
