layer at (0,0) size 800x600
  RenderView at (0,0) size 800x600
layer at (0,0) size 800x258
  RenderBlock {HTML} at (0,0) size 800x258
    RenderBody {BODY} at (8,16) size 784x234
      RenderBlock {P} at (0,0) size 784x20
        RenderText {#text} at (0,0) size 372x19
          text run at (0,0) width 372: "Test passes if there is a yellow or black box inside a blue box."
      RenderBlock {DIV} at (0,36) size 198x198 [bgcolor=#0000FF] [border: (3px solid #0000FF)]
        RenderBlock {DIV} at (51,51) size 96x96
