layer at (0,0) size 850x585
  RenderView at (0,0) size 800x585
layer at (-50,0) size 850x585 backgroundClip at (0,0) size 850x585 clip at (0,0) size 850x585 outlineClip at (0,0) size 850x585
  RenderBlock {HTML} at (0,0) size 850x585
    RenderBody {BODY} at (8,8) size 834x569
layer at (383,8) size 409x569
  RenderBlock {DIV} at (0,0) size 409x569 [border: (5px solid #0000FF)]
    RenderBlock (anonymous) at (5,5) size 399x271
      RenderText {#text} at (0,0) size 19x110
        text run at (0,0) width 110: "This is some text."
      RenderBR {BR} at (15,110) size 0x0
      RenderText {#text} at (19,0) size 19x110
        text run at (19,0) width 110: "This is some text."
      RenderBR {BR} at (34,110) size 0x0
      RenderText {#text} at (38,0) size 19x110
        text run at (38,0) width 110: "This is some text."
      RenderBR {BR} at (53,110) size 0x0
      RenderText {#text} at (57,0) size 19x110
        text run at (57,0) width 110: "This is some text."
      RenderBR {BR} at (72,110) size 0x0
      RenderText {#text} at (76,0) size 19x110
        text run at (76,0) width 110: "This is some text."
      RenderBR {BR} at (91,110) size 0x0
      RenderText {#text} at (95,0) size 19x110
        text run at (95,0) width 110: "This is some text."
      RenderBR {BR} at (110,110) size 0x0
      RenderText {#text} at (114,0) size 19x110
        text run at (114,0) width 110: "This is some text."
      RenderBR {BR} at (129,110) size 0x0
      RenderText {#text} at (133,0) size 19x110
        text run at (133,0) width 110: "This is some text."
      RenderBR {BR} at (148,110) size 0x0
      RenderText {#text} at (152,0) size 19x110
        text run at (152,0) width 110: "This is some text."
      RenderBR {BR} at (167,110) size 0x0
      RenderText {#text} at (171,0) size 19x110
        text run at (171,0) width 110: "This is some text."
      RenderBR {BR} at (186,110) size 0x0
      RenderText {#text} at (190,0) size 19x110
        text run at (190,0) width 110: "This is some text."
      RenderBR {BR} at (205,110) size 0x0
      RenderText {#text} at (209,0) size 19x110
        text run at (209,0) width 110: "This is some text."
      RenderBR {BR} at (224,110) size 0x0
      RenderText {#text} at (228,0) size 19x110
        text run at (228,0) width 110: "This is some text."
      RenderBR {BR} at (243,110) size 0x0
      RenderText {#text} at (247,0) size 19x110
        text run at (247,0) width 110: "This is some text."
      RenderBR {BR} at (262,110) size 0x0
      RenderText {#text} at (266,0) size 19x110
        text run at (266,0) width 110: "This is some text."
      RenderBR {BR} at (281,110) size 0x0
      RenderText {#text} at (285,0) size 19x110
        text run at (285,0) width 110: "This is some text."
      RenderBR {BR} at (300,110) size 0x0
      RenderText {#text} at (304,0) size 19x110
        text run at (304,0) width 110: "This is some text."
      RenderBR {BR} at (319,110) size 0x0
      RenderText {#text} at (323,0) size 19x110
        text run at (323,0) width 110: "This is some text."
      RenderBR {BR} at (338,110) size 0x0
      RenderText {#text} at (342,0) size 19x110
        text run at (342,0) width 110: "This is some text."
      RenderBR {BR} at (357,110) size 0x0
      RenderText {#text} at (361,0) size 19x110
        text run at (361,0) width 110: "This is some text."
      RenderBR {BR} at (376,110) size 0x0
      RenderText {#text} at (380,0) size 19x110
        text run at (380,0) width 110: "This is some text."
      RenderBR {BR} at (395,110) size 0x0
    RenderBlock {DIV} at (404,5) size 76x271
      RenderText {#text} at (0,0) size 19x262
        text run at (0,0) width 262: "This text should be in the second column."
      RenderBR {BR} at (15,262) size 0x0
      RenderText {#text} at (19,0) size 19x262
        text run at (19,0) width 262: "This text should be in the second column."
      RenderBR {BR} at (34,262) size 0x0
      RenderText {#text} at (38,0) size 19x262
        text run at (38,0) width 262: "This text should be in the second column."
      RenderBR {BR} at (53,262) size 0x0
      RenderText {#text} at (57,0) size 19x262
        text run at (57,0) width 262: "This text should be in the second column."
      RenderBR {BR} at (72,262) size 0x0
layer at (-42,8) size 409x569 backgroundClip at (0,0) size 850x585 clip at (0,0) size 850x585 outlineClip at (0,0) size 850x585
  RenderBlock {DIV} at (425,0) size 409x569 [border: (5px solid #0000FF)]
    RenderBlock (anonymous) at (5,5) size 76x271
      RenderText {#text} at (0,0) size 19x242
        text run at (0,0) width 242: "This text should be in the first column."
      RenderBR {BR} at (15,242) size 0x0
      RenderText {#text} at (19,0) size 19x242
        text run at (19,0) width 242: "This text should be in the first column."
      RenderBR {BR} at (34,242) size 0x0
      RenderText {#text} at (38,0) size 19x242
        text run at (38,0) width 242: "This text should be in the first column."
      RenderBR {BR} at (53,242) size 0x0
      RenderText {#text} at (57,0) size 19x242
        text run at (57,0) width 242: "This text should be in the first column."
      RenderBR {BR} at (72,242) size 0x0
    RenderBlock {DIV} at (404,5) size 399x271
      RenderText {#text} at (0,0) size 19x110
        text run at (0,0) width 110: "This is some text."
      RenderBR {BR} at (15,110) size 0x0
      RenderText {#text} at (19,0) size 19x110
        text run at (19,0) width 110: "This is some text."
      RenderBR {BR} at (34,110) size 0x0
      RenderText {#text} at (38,0) size 19x110
        text run at (38,0) width 110: "This is some text."
      RenderBR {BR} at (53,110) size 0x0
      RenderText {#text} at (57,0) size 19x110
        text run at (57,0) width 110: "This is some text."
      RenderBR {BR} at (72,110) size 0x0
      RenderText {#text} at (76,0) size 19x110
        text run at (76,0) width 110: "This is some text."
      RenderBR {BR} at (91,110) size 0x0
      RenderText {#text} at (95,0) size 19x110
        text run at (95,0) width 110: "This is some text."
      RenderBR {BR} at (110,110) size 0x0
      RenderText {#text} at (114,0) size 19x110
        text run at (114,0) width 110: "This is some text."
      RenderBR {BR} at (129,110) size 0x0
      RenderText {#text} at (133,0) size 19x110
        text run at (133,0) width 110: "This is some text."
      RenderBR {BR} at (148,110) size 0x0
      RenderText {#text} at (152,0) size 19x110
        text run at (152,0) width 110: "This is some text."
      RenderBR {BR} at (167,110) size 0x0
      RenderText {#text} at (171,0) size 19x110
        text run at (171,0) width 110: "This is some text."
      RenderBR {BR} at (186,110) size 0x0
      RenderText {#text} at (190,0) size 19x110
        text run at (190,0) width 110: "This is some text."
      RenderBR {BR} at (205,110) size 0x0
      RenderText {#text} at (209,0) size 19x110
        text run at (209,0) width 110: "This is some text."
      RenderBR {BR} at (224,110) size 0x0
      RenderText {#text} at (228,0) size 19x110
        text run at (228,0) width 110: "This is some text."
      RenderBR {BR} at (243,110) size 0x0
      RenderText {#text} at (247,0) size 19x110
        text run at (247,0) width 110: "This is some text."
      RenderBR {BR} at (262,110) size 0x0
      RenderText {#text} at (266,0) size 19x110
        text run at (266,0) width 110: "This is some text."
      RenderBR {BR} at (281,110) size 0x0
      RenderText {#text} at (285,0) size 19x110
        text run at (285,0) width 110: "This is some text."
      RenderBR {BR} at (300,110) size 0x0
      RenderText {#text} at (304,0) size 19x110
        text run at (304,0) width 110: "This is some text."
      RenderBR {BR} at (319,110) size 0x0
      RenderText {#text} at (323,0) size 19x110
        text run at (323,0) width 110: "This is some text."
      RenderBR {BR} at (338,110) size 0x0
      RenderText {#text} at (342,0) size 19x110
        text run at (342,0) width 110: "This is some text."
      RenderBR {BR} at (357,110) size 0x0
      RenderText {#text} at (361,0) size 19x110
        text run at (361,0) width 110: "This is some text."
      RenderBR {BR} at (376,110) size 0x0
      RenderText {#text} at (380,0) size 19x110
        text run at (380,0) width 110: "This is some text."
      RenderBR {BR} at (395,110) size 0x0
