layer at (0,0) size 785x1208
  RenderView at (0,0) size 785x600
layer at (0,0) size 785x600
  RenderBlock {HTML} at (0,0) size 785x600
    RenderBody {BODY} at (8,8) size 769x1200
layer at (373,8) size 404x1200
  RenderBlock {DIV} at (0,0) size 404x1200 [border: (2px solid #000000)]
    RenderText {#text} at (2,2) size 19x110
      text run at (2,2) width 110: "This is some text."
    RenderBR {BR} at (17,112) size 0x0
    RenderText {#text} at (21,2) size 19x110
      text run at (21,2) width 110: "This is some text."
    RenderBR {BR} at (36,112) size 0x0
    RenderText {#text} at (40,2) size 19x110
      text run at (40,2) width 110: "This is some text."
    RenderBR {BR} at (55,112) size 0x0
    RenderText {#text} at (59,2) size 19x110
      text run at (59,2) width 110: "This is some text."
    RenderBR {BR} at (74,112) size 0x0
    RenderText {#text} at (78,2) size 19x110
      text run at (78,2) width 110: "This is some text."
    RenderBR {BR} at (93,112) size 0x0
    RenderText {#text} at (97,2) size 19x110
      text run at (97,2) width 110: "This is some text."
    RenderBR {BR} at (112,112) size 0x0
    RenderText {#text} at (116,2) size 19x110
      text run at (116,2) width 110: "This is some text."
    RenderBR {BR} at (131,112) size 0x0
    RenderText {#text} at (135,2) size 19x110
      text run at (135,2) width 110: "This is some text."
    RenderBR {BR} at (150,112) size 0x0
    RenderText {#text} at (154,2) size 19x110
      text run at (154,2) width 110: "This is some text."
    RenderBR {BR} at (169,112) size 0x0
    RenderText {#text} at (173,2) size 19x110
      text run at (173,2) width 110: "This is some text."
    RenderBR {BR} at (188,112) size 0x0
    RenderImage {IMG} at (402,2) size 300x250 [bgcolor=#008000]
    RenderText {#text} at (402,252) size 19x110
      text run at (402,252) width 110: "This is some text."
    RenderBR {BR} at (417,362) size 0x0
    RenderText {#text} at (421,252) size 19x110
      text run at (421,252) width 110: "This is some text."
    RenderBR {BR} at (436,362) size 0x0
    RenderText {#text} at (440,252) size 19x110
      text run at (440,252) width 110: "This is some text."
    RenderBR {BR} at (455,362) size 0x0
    RenderText {#text} at (459,252) size 19x110
      text run at (459,252) width 110: "This is some text."
    RenderBR {BR} at (474,362) size 0x0
    RenderText {#text} at (478,252) size 19x110
      text run at (478,252) width 110: "This is some text."
    RenderBR {BR} at (493,362) size 0x0
    RenderText {#text} at (497,252) size 19x110
      text run at (497,252) width 110: "This is some text."
    RenderBR {BR} at (512,362) size 0x0
    RenderText {#text} at (516,252) size 19x110
      text run at (516,252) width 110: "This is some text."
    RenderBR {BR} at (531,362) size 0x0
    RenderText {#text} at (535,252) size 19x110
      text run at (535,252) width 110: "This is some text."
    RenderBR {BR} at (550,362) size 0x0
    RenderText {#text} at (554,252) size 19x110
      text run at (554,252) width 110: "This is some text."
    RenderBR {BR} at (569,362) size 0x0
    RenderText {#text} at (573,252) size 19x110
      text run at (573,252) width 110: "This is some text."
    RenderBR {BR} at (588,362) size 0x0
    RenderText {#text} at (592,252) size 19x110
      text run at (592,252) width 110: "This is some text."
    RenderBR {BR} at (607,362) size 0x0
    RenderText {#text} at (611,252) size 19x110
      text run at (611,252) width 110: "This is some text."
    RenderBR {BR} at (626,362) size 0x0
    RenderText {#text} at (630,252) size 19x110
      text run at (630,252) width 110: "This is some text."
    RenderBR {BR} at (645,362) size 0x0
    RenderText {#text} at (649,252) size 19x110
      text run at (649,252) width 110: "This is some text."
    RenderBR {BR} at (664,362) size 0x0
    RenderText {#text} at (668,252) size 19x110
      text run at (668,252) width 110: "This is some text."
    RenderBR {BR} at (683,362) size 0x0
    RenderText {#text} at (687,252) size 19x110
      text run at (687,252) width 110: "This is some text."
    RenderBR {BR} at (702,362) size 0x0
    RenderText {#text} at (706,2) size 19x110
      text run at (706,2) width 110: "This is some text."
    RenderBR {BR} at (721,112) size 0x0
    RenderText {#text} at (725,2) size 19x110
      text run at (725,2) width 110: "This is some text."
    RenderBR {BR} at (740,112) size 0x0
    RenderText {#text} at (744,2) size 19x110
      text run at (744,2) width 110: "This is some text."
    RenderBR {BR} at (759,112) size 0x0
    RenderText {#text} at (763,2) size 19x110
      text run at (763,2) width 110: "This is some text."
    RenderBR {BR} at (778,112) size 0x0
    RenderText {#text} at (782,2) size 19x110
      text run at (782,2) width 110: "This is some text."
    RenderBR {BR} at (797,112) size 0x0
    RenderText {#text} at (802,2) size 19x110
      text run at (802,2) width 110: "This is some text."
    RenderBR {BR} at (817,112) size 0x0
    RenderText {#text} at (821,2) size 19x110
      text run at (821,2) width 110: "This is some text."
    RenderBR {BR} at (836,112) size 0x0
    RenderText {#text} at (840,2) size 19x110
      text run at (840,2) width 110: "This is some text."
    RenderBR {BR} at (855,112) size 0x0
    RenderText {#text} at (859,2) size 19x110
      text run at (859,2) width 110: "This is some text."
    RenderBR {BR} at (874,112) size 0x0
    RenderText {#text} at (878,2) size 19x110
      text run at (878,2) width 110: "This is some text."
    RenderBR {BR} at (893,112) size 0x0
    RenderText {#text} at (897,2) size 19x110
      text run at (897,2) width 110: "This is some text."
    RenderBR {BR} at (912,112) size 0x0
    RenderText {#text} at (916,2) size 19x110
      text run at (916,2) width 110: "This is some text."
    RenderBR {BR} at (931,112) size 0x0
    RenderText {#text} at (935,2) size 19x110
      text run at (935,2) width 110: "This is some text."
    RenderBR {BR} at (950,112) size 0x0
    RenderText {#text} at (954,2) size 19x110
      text run at (954,2) width 110: "This is some text."
    RenderBR {BR} at (969,112) size 0x0
