layer at (0,0) size 800x600
  RenderView at (0,0) size 800x600
layer at (0,0) size 800x600
  RenderBlock {HTML} at (0,0) size 800x600
    RenderBody {BODY} at (8,8) size 784x584
      RenderBlock {P} at (0,0) size 784x38
        RenderText {#text} at (0,0) size 104x19
          text run at (0,0) width 104: "This is a test for "
        RenderInline {I} at (0,0) size 774x38
          RenderInline {A} at (0,0) size 348x19 [color=#0000EE]
            RenderText {#text} at (104,0) size 348x19
              text run at (104,0) width 348: "http://bugzilla.opendarwin.org/show_bug.cgi?id=9252"
          RenderText {#text} at (452,0) size 774x38
            text run at (452,0) width 4: " "
            text run at (456,0) width 318: "REGRESSION: Very odd roll-over issues (content"
            text run at (0,19) width 88: "disappearing)"
        RenderText {#text} at (88,19) size 4x19
          text run at (88,19) width 4: "."
      RenderBlock {P} at (0,54) size 784x19
        RenderText {#text} at (0,0) size 244x19
          text run at (0,0) width 244: "There should be a green square below."
      RenderBlock {HR} at (0,89) size 784x2 [border: (1px inset #000000)]
      RenderBlock {DIV} at (0,99) size 784x0
      RenderBlock {DIV} at (0,99) size 100x100 [bgcolor=#008000]
