layer at (0,0) size 800x600
  RenderView at (0,0) size 800x600
layer at (0,0) size 800x144
  RenderBlock {HTML} at (0,0) size 800x144
    RenderBody {BODY} at (8,8) size 784x128
      RenderBlock {DIV} at (0,0) size 784x42 [color=#008000]
        RenderBlock {DIV} at (0,0) size 784x42 [color=#FF0000] [border: (3px solid #008000)]
          RenderBlock {DIV} at (3,3) size 778x36 [color=#008000]
            RenderText {#text} at (0,0) size 766x36
              text run at (0,0) width 409: "This should have a green border, because the computed value of "
              text run at (409,0) width 357: "'border-color' set to its initial value is the computed value"
              text run at (0,18) width 274: "of 'color', which is then inherited as a color."
      RenderBlock {DIV} at (0,58) size 784x24 [color=#008000]
        RenderBlock {DIV} at (0,0) size 784x24 [color=#FF0000] [border: (3px solid #008000)]
          RenderBlock {DIV} at (3,3) size 778x18 [color=#008000]
            RenderText {#text} at (0,0) size 56x18
              text run at (0,0) width 56: "This too."
      RenderBlock {DIV} at (0,98) size 784x30 [color=#008000] [border: (3px solid #008000)]
        RenderBlock {DIV} at (3,3) size 778x24 [color=#FF0000] [border: (3px solid #008000)]
          RenderBlock {DIV} at (3,3) size 772x18 [color=#008000]
            RenderText {#text} at (0,0) size 56x18
              text run at (0,0) width 56: "This too."
