layer at (0,0) size 784x1220
  RenderView at (0,0) size 784x600
layer at (0,0) size 784x1220
  RenderBlock {HTML} at (0,0) size 784x1220
    RenderBody {BODY} at (8,8) size 768x1182
      RenderBlock {DIV} at (73,0) size 622x481 [border: (4px solid #000000)]
        RenderBlock {P} at (4,20) size 614x21
          RenderText {#text} at (0,0) size 521x21
            text run at (0,0) width 521: "Affected Browsers: Safari 2.0, Windows Internet Explorer 6 SP2"
        RenderBlock {HR} at (4,57) size 614x2 [border: (1px inset #000000)]
        RenderBlock {P} at (4,75) size 614x63
          RenderText {#text} at (0,0) size 604x63
            text run at (0,0) width 604: "Bug Description: On the Affected Browsers, if a rule sets the 'background-"
            text run at (0,21) width 455: "color' of an element, this color cannot be overridden by"
            text run at (0,42) width 277: "'background:inherit' declarations."
        RenderBlock {HR} at (4,154) size 614x2 [border: (1px inset #000000)]
        RenderBlock {P} at (4,172) size 614x84
          RenderText {#text} at (0,0) size 589x42
            text run at (0,0) width 589: "Example: With the following code, the background color of H1 elements"
            text run at (0,21) width 516: "stays pink, no matter what background color the parents have:"
          RenderBR {BR} at (516,21) size 0x21
          RenderText {#text} at (0,42) size 256x21
            text run at (0,42) width 39: "  H1 "
            text run at (39,42) width 217: "{ background-color: pink; }"
          RenderBR {BR} at (256,42) size 0x21
          RenderText {#text} at (0,63) size 228x21
            text run at (0,63) width 39: "  H1 "
            text run at (39,63) width 189: "{ background: inherit; }"
        RenderBlock {HR} at (4,272) size 614x2 [border: (1px inset #000000)]
        RenderBlock {P} at (4,290) size 614x63
          RenderText {#text} at (0,0) size 603x63
            text run at (0,0) width 592: "Work-around: The 'background-color' can only be overridden by another"
            text run at (0,21) width 603: "'background-color' declaration, or by a 'background' declaration that does"
            text run at (0,42) width 123: "specify a color."
        RenderBlock {HR} at (4,369) size 614x2 [border: (1px inset #000000)]
        RenderBlock (anonymous) at (4,379) size 614x22
          RenderText {#text} at (0,0) size 425x22
            text run at (0,0) width 425: "This is in contradiction with the CSS2 specification which says:"
        RenderBlock {UL} at (4,417) size 614x44
          RenderListItem {LI} at (40,0) size 574x44
            RenderListMarker at (-18,0) size 7x22: bullet
            RenderText {#text} at (0,0) size 31x22
              text run at (0,0) width 31: "The "
            RenderInline {A} at (0,0) size 91x22 [color=#0000EE]
              RenderText {#text} at (31,0) size 91x22
                text run at (31,0) width 91: "'background'"
            RenderText {#text} at (122,0) size 539x44
              text run at (122,0) width 417: " property first sets all the individual background properties to"
              text run at (0,22) width 473: "their initial values, then assigns explicit values given in the declaration."
      RenderBlock {DIV} at (73,511) size 622x671 [color=#008000] [bgcolor=#90EE90] [border: (4px solid #008000)]
        RenderBlock (anonymous) at (4,4) size 614x22
          RenderText {#text} at (0,0) size 236x22
            text run at (0,0) width 236: "This DIV has a green background."
        RenderBlock {H1} at (61,47) size 499x176 [border: (4px solid #008000)]
          RenderText {#text} at (4,4) size 445x168
            text run at (4,4) width 441: "This header should have a green"
            text run at (4,46) width 418: "background (not pink) but the"
            text run at (4,88) width 445: "inline style rule is ignored on the"
            text run at (4,130) width 258: "Affected Browsers."
        RenderBlock (anonymous) at (4,253) size 614x22
          RenderText {#text} at (0,0) size 167x22
            text run at (0,0) width 167: "The DIV continues here."
        RenderBlock {H1} at (61,296) size 499x176 [border: (4px solid #008000)]
          RenderText {#text} at (4,4) size 449x168
            text run at (4,4) width 441: "This header should have a green"
            text run at (4,46) width 418: "background (not pink) but the"
            text run at (4,88) width 449: "!important rule is ignored on the"
            text run at (4,130) width 258: "Affected Browsers."
        RenderBlock (anonymous) at (4,502) size 614x22
          RenderText {#text} at (0,0) size 167x22
            text run at (0,0) width 167: "The DIV continues here."
        RenderBlock {H1} at (61,545) size 499x92 [color=#FF0000] [bgcolor=#FFC0CB] [border: (4px solid #FF0000)]
          RenderText {#text} at (4,4) size 485x84
            text run at (4,4) width 485: "This header has a pink background"
            text run at (4,46) width 219: "and that's good."
