layer at (0,0) size 800x600
  RenderView at (0,0) size 800x600
layer at (0,0) size 800x600
  RenderBlock {HTML} at (0,0) size 800x600
    RenderBody {BODY} at (8,8) size 784x584
      RenderTable {TABLE} at (0,0) size 784x358 [border: (5px outset #808080)]
        RenderTableSection {TBODY} at (5,5) size 774x348
          RenderTableRow {TR} at (0,2) size 774x344
            RenderTableCell {TD} at (2,172) size 716x4 [border: (1px inset #808080)] [r=0 c=0 rs=1 cs=1]
            RenderTableCell {TD} at (720,2) size 52x344 [border: (1px inset #808080)] [r=0 c=1 rs=1 cs=1]
              RenderInline {A} at (0,0) size 16x39 [color=#0000EE]
                RenderText {#text} at (2,2) size 16x39
                  text run at (2,2) width 16: "\x{5CA1}"
                  text run at (2,22) width 16: "\x{5C71}"
              RenderText {#text} at (18,22) size 16x19
                text run at (18,22) width 16: "\x{FF5C}"
              RenderInline {A} at (0,0) size 48x39 [color=#0000EE]
                RenderText {#text} at (34,22) size 48x39
                  text run at (34,22) width 16: "\x{5E83}"
                  text run at (2,42) width 16: "\x{5CF6}"
              RenderText {#text} at (18,42) size 16x19
                text run at (18,42) width 16: "\x{FF5C}"
              RenderInline {A} at (0,0) size 48x39 [color=#0000EE]
                RenderText {#text} at (34,42) size 48x39
                  text run at (34,42) width 16: "\x{5C71}"
                  text run at (2,62) width 16: "\x{53E3}"
              RenderText {#text} at (18,62) size 16x19
                text run at (18,62) width 16: "\x{FF5C}"
              RenderInline {A} at (0,0) size 48x39 [color=#0000EE]
                RenderText {#text} at (34,62) size 48x39
                  text run at (34,62) width 16: "\x{5FB3}"
                  text run at (2,82) width 16: "\x{5CF6}"
              RenderText {#text} at (18,82) size 16x19
                text run at (18,82) width 16: "\x{FF5C}"
              RenderInline {A} at (0,0) size 48x39 [color=#0000EE]
                RenderText {#text} at (34,82) size 48x39
                  text run at (34,82) width 16: "\x{9999}"
                  text run at (2,102) width 16: "\x{5DDD}"
              RenderText {#text} at (18,102) size 16x19
                text run at (18,102) width 16: "\x{FF5C}"
              RenderInline {A} at (0,0) size 48x39 [color=#0000EE]
                RenderText {#text} at (34,102) size 48x39
                  text run at (34,102) width 16: "\x{611B}"
                  text run at (2,122) width 16: "\x{5A9B}"
              RenderText {#text} at (18,122) size 16x19
                text run at (18,122) width 16: "\x{FF5C}"
              RenderInline {A} at (0,0) size 48x39 [color=#0000EE]
                RenderText {#text} at (34,122) size 48x39
                  text run at (34,122) width 16: "\x{9AD8}"
                  text run at (2,142) width 16: "\x{77E5}"
              RenderText {#text} at (18,142) size 16x19
                text run at (18,142) width 16: "\x{FF5C}"
              RenderInline {A} at (0,0) size 48x79 [color=#0000EE]
                RenderText {#text} at (34,142) size 48x79
                  text run at (34,142) width 16: "\x{798F}"
                  text run at (2,162) width 40: "\x{5CA1}\x{30FB}\x{5317}"
                  text run at (2,182) width 16: "\x{4E5D}"
                  text run at (2,202) width 16: "\x{5DDE}"
              RenderText {#text} at (18,202) size 16x19
                text run at (18,202) width 16: "\x{FF5C}"
              RenderInline {A} at (0,0) size 48x39 [color=#0000EE]
                RenderText {#text} at (34,202) size 48x39
                  text run at (34,202) width 16: "\x{4F50}"
                  text run at (2,222) width 16: "\x{8CC0}"
              RenderText {#text} at (18,222) size 16x19
                text run at (18,222) width 16: "\x{FF5C}"
              RenderInline {A} at (0,0) size 48x39 [color=#0000EE]
                RenderText {#text} at (34,222) size 48x39
                  text run at (34,222) width 16: "\x{9577}"
                  text run at (2,242) width 16: "\x{5D0E}"
              RenderText {#text} at (18,242) size 16x19
                text run at (18,242) width 16: "\x{FF5C}"
              RenderInline {A} at (0,0) size 48x39 [color=#0000EE]
                RenderText {#text} at (34,242) size 48x39
                  text run at (34,242) width 16: "\x{718A}"
                  text run at (2,262) width 16: "\x{672C}"
              RenderText {#text} at (18,262) size 16x19
                text run at (18,262) width 16: "\x{FF5C}"
              RenderInline {A} at (0,0) size 48x39 [color=#0000EE]
                RenderText {#text} at (34,262) size 48x39
                  text run at (34,262) width 16: "\x{5927}"
                  text run at (2,282) width 16: "\x{5206}"
              RenderText {#text} at (18,282) size 16x19
                text run at (18,282) width 16: "\x{FF5C}"
              RenderInline {A} at (0,0) size 48x39 [color=#0000EE]
                RenderText {#text} at (34,282) size 48x39
                  text run at (34,282) width 16: "\x{5BAE}"
                  text run at (2,302) width 16: "\x{5D0E}"
              RenderText {#text} at (18,302) size 16x19
                text run at (18,302) width 16: "\x{FF5C}"
              RenderInline {A} at (0,0) size 48x39 [color=#0000EE]
                RenderText {#text} at (34,302) size 48x39
                  text run at (34,302) width 16: "\x{9E7F}"
                  text run at (2,322) width 32: "\x{5150}\x{5CF6}"
              RenderText {#text} at (34,322) size 16x19
                text run at (34,322) width 16: "\x{FF5C}"
