layer at (0,0) size 800x600
  RenderView at (0,0) size 800x600
layer at (0,0) size 800x600
  RenderBlock {HTML} at (0,0) size 800x600
    RenderBody {BODY} at (8,8) size 784x576
      RenderBlock {P} at (0,0) size 784x40
        RenderText {#text} at (0,0) size 733x39
          text run at (0,0) width 733: "This HTML tests if the 'while-space' property controls the behavors of line-break characters (U+000A and U+000D) in a"
          text run at (0,20) width 127: "complex text (Hindi)."
      RenderBlock {P} at (0,56) size 784x40
        RenderText {#text} at (0,0) size 777x39
          text run at (0,0) width 777: "If this test succeeds, you can see this Hindi word \"\x{935}\x{93F}\x{937}\x{92F}\x{94B}\x{902}\" repeated three times separated by a space in the first two paragraphs. In"
          text run at (0,20) width 378: "the third paragraphs, it'll be shown three times in separate lines."
      RenderBlock {P} at (0,112) size 784x20
        RenderText {#text} at (0,0) size 119x19
          text run at (0,0) width 119: "1. \x{935}\x{93F}\x{937}\x{92F}\x{94B}\x{902} \x{935}\x{93F}\x{937}\x{92F}\x{94B}\x{902}\x{D}\x{935}\x{93F}\x{937}\x{92F}\x{94B}\x{902}"
      RenderBlock {P} at (0,148) size 784x20
        RenderText {#text} at (0,0) size 119x19
          text run at (0,0) width 119: "2. \x{935}\x{93F}\x{937}\x{92F}\x{94B}\x{902} \x{935}\x{93F}\x{937}\x{92F}\x{94B}\x{902}\x{D}\x{935}\x{93F}\x{937}\x{92F}\x{94B}\x{902}"
      RenderBlock {P} at (0,184) size 784x60
        RenderText {#text} at (0,0) size 66x59
          text run at (0,0) width 12: "3."
          text run at (12,0) width 0: " "
          text run at (0,20) width 33: "\x{935}\x{93F}\x{937}\x{92F}\x{94B}\x{902}"
          text run at (33,20) width 0: " "
          text run at (0,40) width 66: "\x{935}\x{93F}\x{937}\x{92F}\x{94B}\x{902}\x{D}\x{935}\x{93F}\x{937}\x{92F}\x{94B}\x{902}"
