layer at (0,0) size 800x600
  RenderView at (0,0) size 800x600
layer at (0,0) size 800x36
  RenderBlock {HTML} at (0,0) size 800x36
    RenderBody {BODY} at (8,8) size 784x20
      RenderBlock {DIV} at (0,0) size 784x20
        RenderText {#text} at (0,0) size 483x19
          text run at (0,0) width 483: "This tests proper handling of unicode-bidi: plaintext. You should not see any red."
layer at (8,28) size 104x400
  RenderBlock (positioned) {DIV} at (0,0) size 104x400
    RenderBlock {DIV} at (0,0) size 104x80 [color=#FF0000]
      RenderText {#text} at (0,0) size 41x19
        text run at (0,0) width 41: "!hello. "
      RenderBR {BR} at (41,0) size 0x19
      RenderText {#text} at (0,20) size 42x19
        text run at (0,20) width 42 RTL: "!\x{5E9}\x{5DC}\x{5D5}\x{5DD}. "
      RenderBR {BR} at (0,20) size 0x19
      RenderText {#text} at (0,40) size 60x19
        text run at (0,40) width 36: "hello, "
        text run at (36,40) width 15 RTL: "\x{5DC}\x{5D5}\x{5D9}"
        text run at (51,40) width 9: "! "
      RenderBR {BR} at (60,40) size 0x19
      RenderText {#text} at (0,60) size 91x19
        text run at (0,60) width 5 RTL: "!"
        text run at (5,60) width 49: "WebKit"
        text run at (54,60) width 37 RTL: "\x{5E9}\x{5DC}\x{5D5}\x{5DD}, "
    RenderBlock {PRE} at (0,80) size 104x80 [color=#FF0000]
      RenderText {#text} at (0,0) size 104x80
        text run at (0,0) width 8: "a"
        text run at (8,0) width 0: " "
        text run at (0,16) width 8: "("
        text run at (8,16) width 0: " "
        text run at (0,32) width 0 RTL: " "
        text run at (0,32) width 8 RTL: "!"
        text run at (8,32) width 48: "WebKit"
        text run at (56,32) width 48 RTL: "\x{5E9}\x{5DC}\x{5D5}\x{5DD}, "
        text run at (0,48) width 56: "hello, "
        text run at (56,48) width 24 RTL: "\x{5DC}\x{5D5}\x{5D9}"
        text run at (80,48) width 8: "!"
        text run at (88,48) width 0: " "
        text run at (0,64) width 8: ")"
        text run at (8,64) width 0: " "
layer at (8,28) size 104x400
  RenderBlock (positioned) {DIV} at (0,0) size 104x400 [color=#008000]
    RenderBlock (anonymous) at (0,0) size 104x80
      RenderText {#text} at (0,0) size 37x19
        text run at (0,0) width 37: "!hello."
      RenderBR {BR} at (37,0) size 0x19
      RenderInline {SPAN} at (0,0) size 42x19
        RenderText {#text} at (0,20) size 42x19
          text run at (0,20) width 42 RTL: "!\x{5E9}\x{5DC}\x{5D5}\x{5DD}. "
      RenderBR {BR} at (42,20) size 0x19
      RenderInline {SPAN} at (0,0) size 60x19
        RenderText {#text} at (0,40) size 60x19
          text run at (0,40) width 36: "hello, "
          text run at (36,40) width 15 RTL: "\x{5DC}\x{5D5}\x{5D9}"
          text run at (51,40) width 9: "! "
      RenderBR {BR} at (60,40) size 0x19
      RenderInline {SPAN} at (0,0) size 91x19
        RenderText {#text} at (0,60) size 91x19
          text run at (0,60) width 5 RTL: "!"
          text run at (5,60) width 49: "WebKit"
          text run at (54,60) width 37 RTL: "\x{5E9}\x{5DC}\x{5D5}\x{5DD}, "
      RenderBR {BR} at (91,60) size 0x19
    RenderBlock {PRE} at (0,80) size 104x80
      RenderText {#text} at (0,0) size 104x80
        text run at (0,0) width 8: "a"
        text run at (8,0) width 0: " "
        text run at (0,16) width 8: "("
        text run at (8,16) width 0: " "
        text run at (0,32) width 72: "!WebKit ,"
        text run at (72,32) width 32 RTL: "\x{5E9}\x{5DC}\x{5D5}\x{5DD}"
        text run at (104,32) width 0: " "
        text run at (0,48) width 56: "hello, "
        text run at (56,48) width 24 RTL: "\x{5DC}\x{5D5}\x{5D9}"
        text run at (80,48) width 8: "!"
        text run at (88,48) width 0: " "
        text run at (0,64) width 8: ")"
        text run at (8,64) width 0: " "
