layer at (0,0) size 4768x585
  RenderView at (0,0) size 800x585
layer at (-3968,0) size 4768x585 backgroundClip at (0,0) size 4768x585 clip at (0,0) size 4768x585 outlineClip at (0,0) size 4768x585
  RenderBlock {HTML} at (0,0) size 4769x585
    RenderBody {BODY} at (58,46) size 4652x493
      RenderBlock {H1} at (0,0) size 48x492
        RenderText {#text} at (6,0) size 36x64
          text run at (6,0) width 64: "\x{8349}\x{6795}"
      RenderBlock {H2} at (69,0) size 37x492
        RenderText {#text} at (5,0) size 26x96
          text run at (5,0) width 96: "\x{590F}\x{76EE}\x{6F31}\x{77F3}"
      RenderBlock {DIV} at (125,0) size 4527x492
        RenderBlock (anonymous) at (0,0) size 2546x492
          RenderBR {BR} at (0,0) size 19x0
          RenderBR {BR} at (20,0) size 19x0
          RenderBR {BR} at (40,0) size 19x0
          RenderText {#text} at (60,0) size 19x144
            text run at (60,0) width 144: "\x{3000}\x{3000}\x{3000}\x{3000}\x{3000}\x{3000}\x{3000}\x{3000}\x{4E00}"
          RenderBR {BR} at (60,144) size 19x0
          RenderBR {BR} at (80,0) size 19x0
          RenderText {#text} at (111,0) size 19x16
            text run at (111,0) width 16: "\x{3000}"
          RenderRuby (inline) {RUBY} at (0,0) size 19x32
            RenderRubyRun (anonymous) at (111,14) size 20x36
              RenderRubyText {RT} at (-12,0) size 12x36
                RenderText {#text} at (0,0) size 12x36
                  text run at (0,0) width 36: "\x{3084}\x{307E}\x{307F}\x{3061}"
              RenderRubyBase (anonymous) at (0,0) size 20x36
                RenderInline {RB} at (0,0) size 19x32
                  RenderText {#text} at (0,2) size 19x32
                    text run at (0,2) width 32: "\x{5C71}\x{8DEF}"
          RenderText {#text} at (111,48) size 19x208
            text run at (111,48) width 208: "\x{3092}\x{767B}\x{308A}\x{306A}\x{304C}\x{3089}\x{3001}\x{3053}\x{3046}\x{8003}\x{3048}\x{305F}\x{3002}"
          RenderBR {BR} at (111,256) size 19x0
          RenderText {#text} at (142,0) size 19x16
            text run at (142,0) width 16: "\x{3000}"
          RenderRuby (inline) {RUBY} at (0,0) size 19x16
            RenderRubyRun (anonymous) at (142,16) size 20x16
              RenderRubyText {RT} at (-12,0) size 12x16
                RenderText {#text} at (0,3) size 12x10
                  text run at (0,3) width 9: "\x{3061}"
              RenderRubyBase (anonymous) at (0,0) size 20x16
                RenderInline {RB} at (0,0) size 19x16
                  RenderText {#text} at (0,0) size 19x16
                    text run at (0,0) width 16: "\x{667A}"
          RenderText {#text} at (142,32) size 19x64
            text run at (142,32) width 64: "\x{306B}\x{50CD}\x{3051}\x{3070}"
          RenderRuby (inline) {RUBY} at (0,0) size 19x16
            RenderRubyRun (anonymous) at (142,95) size 20x18
              RenderRubyText {RT} at (-12,0) size 12x18
                RenderText {#text} at (0,0) size 12x18
                  text run at (0,0) width 18: "\x{304B}\x{3069}"
              RenderRubyBase (anonymous) at (0,0) size 20x18
                RenderInline {RB} at (0,0) size 19x16
                  RenderText {#text} at (0,1) size 19x16
                    text run at (0,1) width 16: "\x{89D2}"
          RenderText {#text} at (142,112) size 19x64
            text run at (142,112) width 64: "\x{304C}\x{7ACB}\x{3064}\x{3002}"
          RenderRuby (inline) {RUBY} at (0,0) size 19x19
            RenderRubyRun (anonymous) at (142,172) size 20x27
              RenderRubyText {RT} at (-12,0) size 12x27
                RenderText {#text} at (0,0) size 12x27
                  text run at (0,0) width 27: "\x{3058}\x{3087}\x{3046}"
              RenderRubyBase (anonymous) at (0,0) size 20x27
                RenderInline {RB} at (0,0) size 19x17
                  RenderText {#text} at (0,5) size 19x17
                    text run at (0,5) width 16: "\x{60C5}"
          RenderText {#text} at (142,195) size 19x16
            text run at (142,195) width 16: "\x{306B}"
          RenderRuby (inline) {RUBY} at (0,0) size 19x16
            RenderRubyRun (anonymous) at (142,210) size 20x18
              RenderRubyText {RT} at (-12,0) size 12x18
                RenderText {#text} at (0,0) size 12x18
                  text run at (0,0) width 18: "\x{3055}\x{304A}"
              RenderRubyBase (anonymous) at (0,0) size 20x18
                RenderInline {RB} at (0,0) size 19x16
                  RenderText {#text} at (0,1) size 19x16
                    text run at (0,1) width 16: "\x{68F9}"
          RenderText {#text} at (142,227) size 19x176
            text run at (142,227) width 176: "\x{3055}\x{305B}\x{3070}\x{6D41}\x{3055}\x{308C}\x{308B}\x{3002}\x{610F}\x{5730}\x{3092}"
          RenderRuby (inline) {RUBY} at (0,0) size 19x16
            RenderRubyRun (anonymous) at (142,402) size 20x18
              RenderRubyText {RT} at (-12,0) size 12x18
                RenderText {#text} at (0,0) size 12x18
                  text run at (0,0) width 18: "\x{3068}\x{304A}"
              RenderRubyBase (anonymous) at (0,0) size 20x18
                RenderInline {RB} at (0,0) size 19x16
                  RenderText {#text} at (0,1) size 19x16
                    text run at (0,1) width 16: "\x{901A}"
          RenderText {#text} at (142,419) size 19x32
            text run at (142,419) width 32: "\x{305B}\x{3070}"
          RenderRuby (inline) {RUBY} at (0,0) size 19x41
            RenderRubyRun (anonymous) at (173,0) size 20x45
              RenderRubyText {RT} at (-12,0) size 12x45
                RenderText {#text} at (0,0) size 12x45
                  text run at (0,0) width 45: "\x{304D}\x{3085}\x{3046}\x{304F}\x{3064}"
              RenderRubyBase (anonymous) at (0,0) size 20x45
                RenderInline {RB} at (0,0) size 19x33
                  RenderText {#text} at (0,6) size 19x33
                    text run at (0,6) width 32: "\x{7AAE}\x{5C48}"
          RenderText {#text} at (173,41) size 19x256
            text run at (173,41) width 256: "\x{3060}\x{3002}\x{3068}\x{304B}\x{304F}\x{306B}\x{4EBA}\x{306E}\x{4E16}\x{306F}\x{4F4F}\x{307F}\x{306B}\x{304F}\x{3044}\x{3002}"
          RenderBR {BR} at (173,297) size 19x0
          RenderText {#text} at (204,0) size 19x112
            text run at (204,0) width 112: "\x{3000}\x{4F4F}\x{307F}\x{306B}\x{304F}\x{3055}\x{304C}"
          RenderRuby (inline) {RUBY} at (0,0) size 19x16
            RenderRubyRun (anonymous) at (204,111) size 20x18
              RenderRubyText {RT} at (-12,0) size 12x18
                RenderText {#text} at (0,0) size 12x18
                  text run at (0,0) width 18: "\x{3053}\x{3046}"
              RenderRubyBase (anonymous) at (0,0) size 20x18
                RenderInline {RB} at (0,0) size 19x16
                  RenderText {#text} at (0,1) size 19x16
                    text run at (0,1) width 16: "\x{9AD8}"
          RenderText {#text} at (204,128) size 50x480
            text run at (204,128) width 352: "\x{3058}\x{308B}\x{3068}\x{3001}\x{5B89}\x{3044}\x{6240}\x{3078}\x{5F15}\x{304D}\x{8D8A}\x{3057}\x{305F}\x{304F}\x{306A}\x{308B}\x{3002}\x{3069}\x{3053}\x{3078}\x{8D8A}\x{3057}"
            text run at (235,0) width 128: "\x{3066}\x{3082}\x{4F4F}\x{307F}\x{306B}\x{304F}\x{3044}\x{3068}"
          RenderRuby (inline) {RUBY} at (0,0) size 19x16
            RenderRubyRun (anonymous) at (235,127) size 20x18
              RenderRubyText {RT} at (-12,0) size 12x18
                RenderText {#text} at (0,0) size 12x18
                  text run at (0,0) width 18: "\x{3055}\x{3068}"
              RenderRubyBase (anonymous) at (0,0) size 20x18
                RenderInline {RB} at (0,0) size 19x16
                  RenderText {#text} at (0,1) size 19x16
                    text run at (0,1) width 16: "\x{609F}"
          RenderText {#text} at (235,144) size 19x160
            text run at (235,144) width 160: "\x{3063}\x{305F}\x{6642}\x{3001}\x{8A69}\x{304C}\x{751F}\x{308C}\x{3066}\x{3001}"
          RenderRuby (inline) {RUBY} at (0,0) size 19x16
            RenderRubyRun (anonymous) at (235,304) size 20x16
              RenderRubyText {RT} at (-12,0) size 12x16
                RenderText {#text} at (0,3) size 12x10
                  text run at (0,3) width 9: "\x{3048}"
              RenderRubyBase (anonymous) at (0,0) size 20x16
                RenderInline {RB} at (0,0) size 19x16
                  RenderText {#text} at (0,0) size 19x16
                    text run at (0,0) width 16: "\x{753B}"
          RenderText {#text} at (235,320) size 19x80
            text run at (235,320) width 80: "\x{304C}\x{51FA}\x{6765}\x{308B}\x{3002}"
          RenderBR {BR} at (235,400) size 19x0
          RenderText {#text} at (255,0) size 19x16
            text run at (255,0) width 16: "\x{3000}"
          RenderInline {STRONG} at (0,0) size 19x48
            RenderText {#text} at (255,16) size 19x48
              text run at (255,16) width 48: "\x{4EBA}\x{306E}\x{4E16}"
          RenderText {#text} at (255,64) size 50x480
            text run at (255,64) width 416: "\x{3092}\x{4F5C}\x{3063}\x{305F}\x{3082}\x{306E}\x{306F}\x{795E}\x{3067}\x{3082}\x{306A}\x{3051}\x{308C}\x{3070}\x{9B3C}\x{3067}\x{3082}\x{306A}\x{3044}\x{3002}\x{3084}\x{306F}\x{308A}\x{5411}\x{3046}\x{4E09}"
            text run at (286,0) width 16: "\x{8ED2}"
          RenderRuby (inline) {RUBY} at (0,0) size 19x37
            RenderRubyRun (anonymous) at (286,12) size 20x45
              RenderRubyText {RT} at (-12,0) size 12x45
                RenderText {#text} at (0,0) size 12x45
                  text run at (0,0) width 45: "\x{308A}\x{3087}\x{3046}\x{3069}\x{306A}"
              RenderRubyBase (anonymous) at (0,0) size 20x45
                RenderInline {RB} at (0,0) size 19x33
                  RenderText {#text} at (0,6) size 19x33
                    text run at (0,6) width 32: "\x{4E21}\x{96A3}"
          RenderText {#text} at (286,53) size 19x384
            text run at (286,53) width 384: "\x{308A}\x{306B}\x{3061}\x{3089}\x{3061}\x{3089}\x{3059}\x{308B}\x{305F}\x{3060}\x{306E}\x{4EBA}\x{3067}\x{3042}\x{308B}\x{3002}\x{305F}\x{3060}\x{306E}\x{4EBA}\x{304C}\x{4F5C}\x{3063}\x{305F}"
          RenderInline {STRONG} at (0,0) size 39x469
            RenderText {#text} at (286,437) size 39x469
              text run at (286,437) width 32: "\x{4EBA}\x{306E}"
              text run at (306,0) width 16: "\x{4E16}"
          RenderText {#text} at (306,16) size 19x368
            text run at (306,16) width 368: "\x{304C}\x{4F4F}\x{307F}\x{306B}\x{304F}\x{3044}\x{304B}\x{3089}\x{3068}\x{3066}\x{3001}\x{8D8A}\x{3059}\x{56FD}\x{306F}\x{3042}\x{308B}\x{307E}\x{3044}\x{3002}\x{3042}\x{308C}\x{3070}"
          RenderInline {STRONG} at (0,0) size 19x64
            RenderText {#text} at (306,384) size 19x64
              text run at (306,384) width 64: "\x{4EBA}\x{3067}\x{306A}\x{3057}"
          RenderText {#text} at (306,448) size 39x480
            text run at (306,448) width 32: "\x{306E}\x{56FD}"
            text run at (326,0) width 128: "\x{3078}\x{884C}\x{304F}\x{3070}\x{304B}\x{308A}\x{3060}\x{3002}"
          RenderInline {STRONG} at (0,0) size 19x64
            RenderText {#text} at (326,128) size 19x64
              text run at (326,128) width 64: "\x{4EBA}\x{3067}\x{306A}\x{3057}"
          RenderText {#text} at (326,192) size 19x48
            text run at (326,192) width 48: "\x{306E}\x{56FD}\x{306F}"
          RenderInline {STRONG} at (0,0) size 19x48
            RenderText {#text} at (326,240) size 19x48
              text run at (326,240) width 48: "\x{4EBA}\x{306E}\x{4E16}"
          RenderText {#text} at (326,288) size 39x464
            text run at (326,288) width 176: "\x{3088}\x{308A}\x{3082}\x{306A}\x{304A}\x{4F4F}\x{307F}\x{306B}\x{304F}\x{304B}\x{308D}"
            text run at (346,0) width 32: "\x{3046}\x{3002}"
          RenderBR {BR} at (346,32) size 19x0
          RenderText {#text} at (366,0) size 50x464
            text run at (366,0) width 464: "\x{3000}\x{8D8A}\x{3059}\x{4E8B}\x{306E}\x{306A}\x{3089}\x{306C}\x{4E16}\x{304C}\x{4F4F}\x{307F}\x{306B}\x{304F}\x{3051}\x{308C}\x{3070}\x{3001}\x{4F4F}\x{307F}\x{306B}\x{304F}\x{3044}\x{6240}\x{3092}\x{3069}\x{308C}\x{307B}\x{3069}"
            text run at (397,0) width 32: "\x{304B}\x{3001}"
          RenderRuby (inline) {RUBY} at (0,0) size 19x32
            RenderRubyRun (anonymous) at (397,30) size 20x36
              RenderRubyText {RT} at (-12,0) size 12x36
                RenderText {#text} at (0,0) size 12x36
                  text run at (0,0) width 36: "\x{304F}\x{3064}\x{308D}\x{3052}"
              RenderRubyBase (anonymous) at (0,0) size 20x36
                RenderInline {RB} at (0,0) size 19x32
                  RenderText {#text} at (0,2) size 19x32
                    text run at (0,2) width 32: "\x{5BDB}\x{5BB9}"
          RenderText {#text} at (397,64) size 19x32
            text run at (397,64) width 32: "\x{3066}\x{3001}"
          RenderRuby (inline) {RUBY} at (0,0) size 19x16
            RenderRubyRun (anonymous) at (397,95) size 20x18
              RenderRubyText {RT} at (-12,0) size 12x18
                RenderText {#text} at (0,0) size 12x18
                  text run at (0,0) width 18: "\x{3064}\x{304B}"
              RenderRubyBase (anonymous) at (0,0) size 20x18
                RenderInline {RB} at (0,0) size 19x16
                  RenderText {#text} at (0,1) size 19x16
                    text run at (0,1) width 16: "\x{675F}"
          RenderText {#text} at (397,112) size 19x16
            text run at (397,112) width 16: "\x{306E}"
          RenderRuby (inline) {RUBY} at (0,0) size 19x16
            RenderRubyRun (anonymous) at (397,128) size 20x16
              RenderRubyText {RT} at (-12,0) size 12x16
                RenderText {#text} at (0,3) size 12x10
                  text run at (0,3) width 9: "\x{307E}"
              RenderRubyBase (anonymous) at (0,0) size 20x16
                RenderInline {RB} at (0,0) size 19x16
                  RenderText {#text} at (0,0) size 19x16
                    text run at (0,0) width 16: "\x{9593}"
          RenderText {#text} at (397,144) size 50x480
            text run at (397,144) width 336: "\x{306E}\x{547D}\x{3092}\x{3001}\x{675F}\x{306E}\x{9593}\x{3067}\x{3082}\x{4F4F}\x{307F}\x{3088}\x{304F}\x{305B}\x{306D}\x{3070}\x{306A}\x{3089}\x{306C}\x{3002}\x{3053}"
            text run at (428,0) width 400: "\x{3053}\x{306B}\x{8A69}\x{4EBA}\x{3068}\x{3044}\x{3046}\x{5929}\x{8077}\x{304C}\x{51FA}\x{6765}\x{3066}\x{3001}\x{3053}\x{3053}\x{306B}\x{753B}\x{5BB6}\x{3068}\x{3044}\x{3046}\x{4F7F}\x{547D}\x{304C}"
          RenderRuby (inline) {RUBY} at (0,0) size 19x16
            RenderRubyRun (anonymous) at (428,399) size 20x18
              RenderRubyText {RT} at (-12,0) size 12x18
                RenderText {#text} at (0,0) size 12x18
                  text run at (0,0) width 18: "\x{304F}\x{3060}"
              RenderRubyBase (anonymous) at (0,0) size 20x18
                RenderInline {RB} at (0,0) size 19x16
                  RenderText {#text} at (0,1) size 19x16
                    text run at (0,1) width 16: "\x{964D}"
          RenderText {#text} at (428,416) size 50x480
            text run at (428,416) width 64: "\x{308B}\x{3002}\x{3042}\x{3089}"
            text run at (459,0) width 176: "\x{3086}\x{308B}\x{82B8}\x{8853}\x{306E}\x{58EB}\x{306F}\x{4EBA}\x{306E}\x{4E16}\x{3092}"
          RenderRuby (inline) {RUBY} at (0,0) size 19x32
            RenderRubyRun (anonymous) at (459,176) size 20x32
              RenderRubyText {RT} at (-12,0) size 12x32
                RenderText {#text} at (0,2) size 12x28
                  text run at (0,2) width 27: "\x{306E}\x{3069}\x{304B}"
              RenderRubyBase (anonymous) at (0,0) size 20x32
                RenderInline {RB} at (0,0) size 19x32
                  RenderText {#text} at (0,0) size 19x32
                    text run at (0,0) width 32: "\x{9577}\x{9591}"
          RenderText {#text} at (459,208) size 19x208
            text run at (459,208) width 208: "\x{306B}\x{3057}\x{3001}\x{4EBA}\x{306E}\x{5FC3}\x{3092}\x{8C4A}\x{304B}\x{306B}\x{3059}\x{308B}\x{304C}"
          RenderRuby (inline) {RUBY} at (0,0) size 19x16
            RenderRubyRun (anonymous) at (459,415) size 20x18
              RenderRubyText {RT} at (-12,0) size 12x18
                RenderText {#text} at (0,0) size 12x18
                  text run at (0,0) width 18: "\x{3086}\x{3048}"
              RenderRubyBase (anonymous) at (0,0) size 20x18
                RenderInline {RB} at (0,0) size 19x16
                  RenderText {#text} at (0,1) size 19x16
                    text run at (0,1) width 16: "\x{6545}"
          RenderText {#text} at (459,432) size 19x16
            text run at (459,432) width 16: "\x{306B}"
          RenderRuby (inline) {RUBY} at (0,0) size 19x16
            RenderRubyRun (anonymous) at (459,447) size 20x18
              RenderRubyText {RT} at (-12,0) size 12x18
                RenderText {#text} at (0,0) size 12x18
                  text run at (0,0) width 18: "\x{305F}\x{3063}"
              RenderRubyBase (anonymous) at (0,0) size 20x18
                RenderInline {RB} at (0,0) size 19x16
                  RenderText {#text} at (0,1) size 19x16
                    text run at (0,1) width 16: "\x{5C0A}"
          RenderText {#text} at (459,464) size 39x480
            text run at (459,464) width 16: "\x{3068}"
            text run at (479,0) width 32: "\x{3044}\x{3002}"
          RenderBR {BR} at (479,32) size 19x0
          RenderText {#text} at (510,0) size 19x240
            text run at (510,0) width 240: "\x{3000}\x{4F4F}\x{307F}\x{306B}\x{304F}\x{304D}\x{4E16}\x{304B}\x{3089}\x{3001}\x{4F4F}\x{307F}\x{306B}\x{304F}\x{304D}"
          RenderRuby (inline) {RUBY} at (0,0) size 19x19
            RenderRubyRun (anonymous) at (510,236) size 20x27
              RenderRubyText {RT} at (-12,0) size 12x27
                RenderText {#text} at (0,0) size 12x27
                  text run at (0,0) width 27: "\x{308F}\x{305A}\x{3089}"
              RenderRubyBase (anonymous) at (0,0) size 20x27
                RenderInline {RB} at (0,0) size 19x17
                  RenderText {#text} at (0,5) size 19x17
                    text run at (0,5) width 16: "\x{7169}"
          RenderText {#text} at (510,259) size 50x483
            text run at (510,259) width 224: "\x{3044}\x{3092}\x{5F15}\x{304D}\x{629C}\x{3044}\x{3066}\x{3001}\x{3042}\x{308A}\x{304C}\x{305F}\x{3044}\x{4E16}"
            text run at (541,0) width 272: "\x{754C}\x{3092}\x{307E}\x{306E}\x{3042}\x{305F}\x{308A}\x{306B}\x{5199}\x{3059}\x{306E}\x{304C}\x{8A69}\x{3067}\x{3042}\x{308B}\x{3001}"
          RenderRuby (inline) {RUBY} at (0,0) size 19x16
            RenderRubyRun (anonymous) at (541,272) size 20x16
              RenderRubyText {RT} at (-12,0) size 12x16
                RenderText {#text} at (0,3) size 12x10
                  text run at (0,3) width 9: "\x{3048}"
              RenderRubyBase (anonymous) at (0,0) size 20x16
                RenderInline {RB} at (0,0) size 19x16
                  RenderText {#text} at (0,0) size 19x16
                    text run at (0,0) width 16: "\x{753B}"
          RenderText {#text} at (541,288) size 50x480
            text run at (541,288) width 192: "\x{3067}\x{3042}\x{308B}\x{3002}\x{3042}\x{308B}\x{306F}\x{97F3}\x{697D}\x{3068}\x{5F6B}\x{523B}"
            text run at (572,0) width 128: "\x{3067}\x{3042}\x{308B}\x{3002}\x{3053}\x{307E}\x{304B}\x{306B}"
          RenderRuby (inline) {RUBY} at (0,0) size 19x16
            RenderRubyRun (anonymous) at (572,128) size 20x16
              RenderRubyText {RT} at (-12,0) size 12x16
                RenderText {#text} at (0,3) size 12x10
                  text run at (0,3) width 9: "\x{3044}"
              RenderRubyBase (anonymous) at (0,0) size 20x16
                RenderInline {RB} at (0,0) size 19x16
                  RenderText {#text} at (0,0) size 19x16
                    text run at (0,0) width 16: "\x{4E91}"
          RenderText {#text} at (572,144) size 50x480
            text run at (572,144) width 336: "\x{3048}\x{3070}\x{5199}\x{3055}\x{306A}\x{3044}\x{3067}\x{3082}\x{3088}\x{3044}\x{3002}\x{305F}\x{3060}\x{307E}\x{306E}\x{3042}\x{305F}\x{308A}\x{306B}\x{898B}\x{308C}"
            text run at (603,0) width 192: "\x{3070}\x{3001}\x{305D}\x{3053}\x{306B}\x{8A69}\x{3082}\x{751F}\x{304D}\x{3001}\x{6B4C}\x{3082}"
          RenderRuby (inline) {RUBY} at (0,0) size 19x16
            RenderRubyRun (anonymous) at (603,192) size 20x16
              RenderRubyText {RT} at (-12,0) size 12x16
                RenderText {#text} at (0,3) size 12x10
                  text run at (0,3) width 9: "\x{308F}"
              RenderRubyBase (anonymous) at (0,0) size 20x16
                RenderInline {RB} at (0,0) size 19x16
                  RenderText {#text} at (0,0) size 19x16
                    text run at (0,0) width 16: "\x{6E67}"
          RenderText {#text} at (603,208) size 19x192
            text run at (603,208) width 192: "\x{304F}\x{3002}\x{7740}\x{60F3}\x{3092}\x{7D19}\x{306B}\x{843D}\x{3055}\x{306C}\x{3068}\x{3082}"
          RenderRuby (inline) {RUBY} at (0,0) size 19x37
            RenderRubyRun (anonymous) at (603,396) size 20x45
              RenderRubyText {RT} at (-12,0) size 12x45
                RenderText {#text} at (0,0) size 12x45
                  text run at (0,0) width 45: "\x{304D}\x{3085}\x{3046}\x{305D}\x{3046}"
              RenderRubyBase (anonymous) at (0,0) size 20x45
                RenderInline {RB} at (0,0) size 19x33
                  RenderText {#text} at (0,6) size 19x17
                    text run at (0,6) width 16: "\x{7486}"
                  RenderText {#text} at (0,22) size 19x17
                    text run at (0,22) width 16: "\x{93D8}"
          RenderText {#text} at (603,437) size 19x16
            text run at (603,437) width 16: "\x{306E}"
          RenderRuby (inline) {RUBY} at (0,0) size 19x16
            RenderRubyRun (anonymous) at (603,452) size 20x18
              RenderRubyText {RT} at (-12,0) size 12x18
                RenderText {#text} at (0,0) size 12x18
                  text run at (0,0) width 18: "\x{304A}\x{3093}"
              RenderRubyBase (anonymous) at (0,0) size 20x18
                RenderInline {RB} at (0,0) size 19x16
                  RenderText {#text} at (0,1) size 19x16
                    text run at (0,1) width 16: "\x{97F3}"
          RenderText {#text} at (603,469) size 19x16
            text run at (603,469) width 16: "\x{306F}"
          RenderRuby (inline) {RUBY} at (0,0) size 19x34
            RenderRubyRun (anonymous) at (634,0) size 20x36
              RenderRubyText {RT} at (-12,0) size 12x36
                RenderText {#text} at (0,0) size 12x36
                  text run at (0,0) width 36: "\x{304D}\x{3087}\x{3046}\x{308A}"
              RenderRubyBase (anonymous) at (0,0) size 20x36
                RenderInline {RB} at (0,0) size 19x32
                  RenderText {#text} at (0,2) size 19x32
                    text run at (0,2) width 32: "\x{80F8}\x{88CF}"
          RenderText {#text} at (634,34) size 19x16
            text run at (634,34) width 16: "\x{306B}"
          RenderRuby (inline) {RUBY} at (0,0) size 19x16
            RenderRubyRun (anonymous) at (634,49) size 20x18
              RenderRubyText {RT} at (-12,0) size 12x18
                RenderText {#text} at (0,0) size 12x18
                  text run at (0,0) width 18: "\x{304A}\x{3053}"
              RenderRubyBase (anonymous) at (0,0) size 20x18
                RenderInline {RB} at (0,0) size 19x16
                  RenderText {#text} at (0,1) size 19x16
                    text run at (0,1) width 16: "\x{8D77}"
          RenderText {#text} at (634,66) size 19x32
            text run at (634,66) width 32: "\x{308B}\x{3002}"
          RenderRuby (inline) {RUBY} at (0,0) size 19x32
            RenderRubyRun (anonymous) at (634,96) size 20x36
              RenderRubyText {RT} at (-12,0) size 12x36
                RenderText {#text} at (0,0) size 12x36
                  text run at (0,0) width 36: "\x{305F}\x{3093}\x{305B}\x{3044}"
              RenderRubyBase (anonymous) at (0,0) size 20x36
                RenderInline {RB} at (0,0) size 19x32
                  RenderText {#text} at (0,2) size 19x32
                    text run at (0,2) width 32: "\x{4E39}\x{9752}"
          RenderText {#text} at (634,130) size 19x16
            text run at (634,130) width 16: "\x{306F}"
          RenderRuby (inline) {RUBY} at (0,0) size 19x32
            RenderRubyRun (anonymous) at (634,146) size 20x32
              RenderRubyText {RT} at (-12,0) size 12x32
                RenderText {#text} at (0,7) size 12x18
                  text run at (0,7) width 18: "\x{304C}\x{304B}"
              RenderRubyBase (anonymous) at (0,0) size 20x32
                RenderInline {RB} at (0,0) size 19x32
                  RenderText {#text} at (0,0) size 19x32
                    text run at (0,0) width 32: "\x{753B}\x{67B6}"
          RenderText {#text} at (634,178) size 19x64
            text run at (634,178) width 64: "\x{306B}\x{5411}\x{3063}\x{3066}"
          RenderRuby (inline) {RUBY} at (0,0) size 19x32
            RenderRubyRun (anonymous) at (634,242) size 20x32
              RenderRubyText {RT} at (-12,0) size 12x32
                RenderText {#text} at (0,2) size 12x28
                  text run at (0,2) width 27: "\x{3068}\x{307E}\x{3064}"
              RenderRubyBase (anonymous) at (0,0) size 20x32
                RenderInline {RB} at (0,0) size 19x32
                  RenderText {#text} at (0,0) size 19x32
                    text run at (0,0) width 32: "\x{5857}\x{62B9}"
          RenderText {#text} at (634,274) size 19x64
            text run at (634,274) width 64: "\x{305B}\x{3093}\x{3067}\x{3082}"
          RenderRuby (inline) {RUBY} at (0,0) size 19x32
            RenderRubyRun (anonymous) at (634,338) size 20x32
              RenderRubyText {RT} at (-12,0) size 12x32
                RenderText {#text} at (0,2) size 12x28
                  text run at (0,2) width 27: "\x{3054}\x{3055}\x{3044}"
              RenderRubyBase (anonymous) at (0,0) size 20x32
                RenderInline {RB} at (0,0) size 19x32
                  RenderText {#text} at (0,0) size 19x32
                    text run at (0,0) width 32: "\x{4E94}\x{5F69}"
          RenderText {#text} at (634,370) size 19x16
            text run at (634,370) width 16: "\x{306E}"
          RenderRuby (inline) {RUBY} at (0,0) size 19x32
            RenderRubyRun (anonymous) at (634,384) size 20x36
              RenderRubyText {RT} at (-12,0) size 12x36
                RenderText {#text} at (0,0) size 12x36
                  text run at (0,0) width 36: "\x{3051}\x{3093}\x{3089}\x{3093}"
              RenderRubyBase (anonymous) at (0,0) size 20x36
                RenderInline {RB} at (0,0) size 19x32
                  RenderText {#text} at (0,2) size 19x32
                    text run at (0,2) width 32: "\x{7D62}\x{721B}"
          RenderText {#text} at (634,418) size 19x16
            text run at (634,418) width 16: "\x{306F}"
          RenderRuby (inline) {RUBY} at (0,0) size 19x19
            RenderRubyRun (anonymous) at (634,430) size 20x27
              RenderRubyText {RT} at (-12,0) size 12x27
                RenderText {#text} at (0,0) size 12x27
                  text run at (0,0) width 27: "\x{304A}\x{306E}\x{305A}"
              RenderRubyBase (anonymous) at (0,0) size 20x27
                RenderInline {RB} at (0,0) size 19x17
                  RenderText {#text} at (0,5) size 19x17
                    text run at (0,5) width 16: "\x{81EA}"
          RenderText {#text} at (634,453) size 19x32
            text run at (634,453) width 32: "\x{304B}\x{3089}"
          RenderRuby (inline) {RUBY} at (0,0) size 19x34
            RenderRubyRun (anonymous) at (665,0) size 20x36
              RenderRubyText {RT} at (-12,0) size 12x36
                RenderText {#text} at (0,0) size 12x36
                  text run at (0,0) width 36: "\x{3057}\x{3093}\x{304C}\x{3093}"
              RenderRubyBase (anonymous) at (0,0) size 20x36
                RenderInline {RB} at (0,0) size 19x32
                  RenderText {#text} at (0,2) size 19x32
                    text run at (0,2) width 32: "\x{5FC3}\x{773C}"
          RenderText {#text} at (665,34) size 19x256
            text run at (665,34) width 256: "\x{306B}\x{6620}\x{308B}\x{3002}\x{305F}\x{3060}\x{304A}\x{306E}\x{304C}\x{4F4F}\x{3080}\x{4E16}\x{3092}\x{3001}\x{304B}\x{304F}"
          RenderRuby (inline) {RUBY} at (0,0) size 19x16
            RenderRubyRun (anonymous) at (665,289) size 20x18
              RenderRubyText {RT} at (-12,0) size 12x18
                RenderText {#text} at (0,0) size 12x18
                  text run at (0,0) width 18: "\x{304B}\x{3093}"
              RenderRubyBase (anonymous) at (0,0) size 20x18
                RenderInline {RB} at (0,0) size 19x16
                  RenderText {#text} at (0,1) size 19x16
                    text run at (0,1) width 16: "\x{89B3}"
          RenderText {#text} at (665,306) size 19x64
            text run at (665,306) width 64: "\x{3058}\x{5F97}\x{3066}\x{3001}"
          RenderRuby (inline) {RUBY} at (0,0) size 19x64
            RenderRubyRun (anonymous) at (665,366) size 20x72
              RenderRubyText {RT} at (-12,0) size 12x72
                RenderText {#text} at (0,0) size 12x72
                  text run at (0,0) width 72: "\x{308C}\x{3044}\x{3060}\x{3044}\x{307B}\x{3046}\x{3059}\x{3093}"
              RenderRubyBase (anonymous) at (0,0) size 20x72
                RenderInline {RB} at (0,0) size 19x64
                  RenderText {#text} at (0,4) size 19x64
                    text run at (0,4) width 64: "\x{970A}\x{53F0}\x{65B9}\x{5BF8}"
          RenderText {#text} at (665,434) size 50x482
            text run at (665,434) width 48: "\x{306E}\x{30AB}\x{30E1}"
            text run at (696,0) width 32: "\x{30E9}\x{306B}"
          RenderRuby (inline) {RUBY} at (0,0) size 19x64
            RenderRubyRun (anonymous) at (696,28) size 20x72
              RenderRubyText {RT} at (-12,0) size 12x72
                RenderText {#text} at (0,0) size 12x72
                  text run at (0,0) width 72: "\x{304E}\x{3087}\x{3046}\x{304D}\x{3053}\x{3093}\x{3060}\x{304F}"
              RenderRubyBase (anonymous) at (0,0) size 20x72
                RenderInline {RB} at (0,0) size 19x64
                  RenderText {#text} at (0,4) size 19x64
                    text run at (0,4) width 64: "\x{6F86}\x{5B63}\x{6EB7}\x{6FC1}"
          RenderText {#text} at (696,96) size 19x208
            text run at (696,96) width 208: "\x{306E}\x{4FD7}\x{754C}\x{3092}\x{6E05}\x{304F}\x{3046}\x{3089}\x{3089}\x{304B}\x{306B}\x{53CE}\x{3081}"
          RenderRuby (inline) {RUBY} at (0,0) size 19x16
            RenderRubyRun (anonymous) at (696,304) size 20x16
              RenderRubyText {RT} at (-12,0) size 12x16
                RenderText {#text} at (0,3) size 12x10
                  text run at (0,3) width 9: "\x{3046}"
              RenderRubyBase (anonymous) at (0,0) size 20x16
                RenderInline {RB} at (0,0) size 19x16
                  RenderText {#text} at (0,0) size 19x16
                    text run at (0,0) width 16: "\x{5F97}"
          RenderText {#text} at (696,320) size 19x32
            text run at (696,320) width 32: "\x{308C}\x{3070}"
          RenderRuby (inline) {RUBY} at (0,0) size 19x16
            RenderRubyRun (anonymous) at (696,352) size 20x16
              RenderRubyText {RT} at (-12,0) size 12x16
                RenderText {#text} at (0,3) size 12x10
                  text run at (0,3) width 9: "\x{305F}"
              RenderRubyBase (anonymous) at (0,0) size 20x16
                RenderInline {RB} at (0,0) size 19x16
                  RenderText {#text} at (0,0) size 19x16
                    text run at (0,0) width 16: "\x{8DB3}"
          RenderText {#text} at (696,368) size 19x96
            text run at (696,368) width 96: "\x{308B}\x{3002}\x{3053}\x{306E}\x{6545}\x{306B}"
          RenderRuby (inline) {RUBY} at (0,0) size 19x32
            RenderRubyRun (anonymous) at (727,0) size 20x32
              RenderRubyText {RT} at (-12,0) size 12x32
                RenderText {#text} at (0,2) size 12x28
                  text run at (0,2) width 27: "\x{3080}\x{305B}\x{3044}"
              RenderRubyBase (anonymous) at (0,0) size 20x32
                RenderInline {RB} at (0,0) size 19x32
                  RenderText {#text} at (0,0) size 19x32
                    text run at (0,0) width 32: "\x{7121}\x{58F0}"
          RenderText {#text} at (727,32) size 19x160
            text run at (727,32) width 160: "\x{306E}\x{8A69}\x{4EBA}\x{306B}\x{306F}\x{4E00}\x{53E5}\x{306A}\x{304F}\x{3001}"
          RenderRuby (inline) {RUBY} at (0,0) size 19x32
            RenderRubyRun (anonymous) at (727,190) size 20x36
              RenderRubyText {RT} at (-12,0) size 12x36
                RenderText {#text} at (0,0) size 12x36
                  text run at (0,0) width 36: "\x{3080}\x{3057}\x{3087}\x{304F}"
              RenderRubyBase (anonymous) at (0,0) size 20x36
                RenderInline {RB} at (0,0) size 19x32
                  RenderText {#text} at (0,2) size 19x32
                    text run at (0,2) width 32: "\x{7121}\x{8272}"
          RenderText {#text} at (727,224) size 19x80
            text run at (727,224) width 80: "\x{306E}\x{753B}\x{5BB6}\x{306B}\x{306F}"
          RenderRuby (inline) {RUBY} at (0,0) size 19x32
            RenderRubyRun (anonymous) at (727,302) size 20x36
              RenderRubyText {RT} at (-12,0) size 12x36
                RenderText {#text} at (0,0) size 12x36
                  text run at (0,0) width 36: "\x{305B}\x{3063}\x{3051}\x{3093}"
              RenderRubyBase (anonymous) at (0,0) size 20x36
                RenderInline {RB} at (0,0) size 19x32
                  RenderText {#text} at (0,2) size 19x32
                    text run at (0,2) width 32: "\x{5C3A}\x{7E11}"
          RenderText {#text} at (727,336) size 19x96
            text run at (727,336) width 96: "\x{306A}\x{304D}\x{3082}\x{3001}\x{304B}\x{304F}"
          RenderRuby (inline) {RUBY} at (0,0) size 19x32
            RenderRubyRun (anonymous) at (727,430) size 20x36
              RenderRubyText {RT} at (-12,0) size 12x36
                RenderText {#text} at (0,0) size 12x36
                  text run at (0,0) width 36: "\x{3058}\x{3093}\x{305B}\x{3044}"
              RenderRubyBase (anonymous) at (0,0) size 20x36
                RenderInline {RB} at (0,0) size 19x32
                  RenderText {#text} at (0,2) size 19x32
                    text run at (0,2) width 32: "\x{4EBA}\x{4E16}"
          RenderText {#text} at (727,464) size 50x480
            text run at (727,464) width 16: "\x{3092}"
            text run at (758,0) width 208: "\x{89B3}\x{3058}\x{5F97}\x{308B}\x{306E}\x{70B9}\x{306B}\x{304A}\x{3044}\x{3066}\x{3001}\x{304B}\x{304F}"
          RenderRuby (inline) {RUBY} at (0,0) size 19x32
            RenderRubyRun (anonymous) at (758,206) size 20x36
              RenderRubyText {RT} at (-12,0) size 12x36
                RenderText {#text} at (0,0) size 12x36
                  text run at (0,0) width 36: "\x{307C}\x{3093}\x{306E}\x{3046}"
              RenderRubyBase (anonymous) at (0,0) size 20x36
                RenderInline {RB} at (0,0) size 19x32
                  RenderText {#text} at (0,2) size 19x32
                    text run at (0,2) width 32: "\x{7169}\x{60A9}"
          RenderText {#text} at (758,240) size 19x16
            text run at (758,240) width 16: "\x{3092}"
          RenderRuby (inline) {RUBY} at (0,0) size 19x32
            RenderRubyRun (anonymous) at (758,256) size 20x32
              RenderRubyText {RT} at (-12,0) size 12x32
                RenderText {#text} at (0,2) size 12x28
                  text run at (0,2) width 27: "\x{3052}\x{3060}\x{3064}"
              RenderRubyBase (anonymous) at (0,0) size 20x32
                RenderInline {RB} at (0,0) size 19x32
                  RenderText {#text} at (0,0) size 19x32
                    text run at (0,0) width 32: "\x{89E3}\x{8131}"
          RenderText {#text} at (758,288) size 19x176
            text run at (758,288) width 176: "\x{3059}\x{308B}\x{306E}\x{70B9}\x{306B}\x{304A}\x{3044}\x{3066}\x{3001}\x{304B}\x{304F}"
          RenderRuby (inline) {RUBY} at (0,0) size 19x68
            RenderRubyRun (anonymous) at (789,0) size 20x72
              RenderRubyText {RT} at (-12,0) size 12x72
                RenderText {#text} at (0,0) size 12x72
                  text run at (0,0) width 72: "\x{3057}\x{3087}\x{3046}\x{3058}\x{3087}\x{3046}\x{304B}\x{3044}"
              RenderRubyBase (anonymous) at (0,0) size 20x72
                RenderInline {RB} at (0,0) size 19x48
                  RenderText {#text} at (0,12) size 19x48
                    text run at (0,12) width 48: "\x{6E05}\x{6D44}\x{754C}"
          RenderText {#text} at (789,68) size 19x16
            text run at (789,68) width 16: "\x{306B}"
          RenderRuby (inline) {RUBY} at (0,0) size 19x46
            RenderRubyRun (anonymous) at (789,80) size 20x54
              RenderRubyText {RT} at (-12,0) size 12x54
                RenderText {#text} at (0,0) size 12x54
                  text run at (0,0) width 54: "\x{3057}\x{3085}\x{3064}\x{306B}\x{3085}\x{3046}"
              RenderRubyBase (anonymous) at (0,0) size 20x54
                RenderInline {RB} at (0,0) size 19x32
                  RenderText {#text} at (0,11) size 19x32
                    text run at (0,11) width 32: "\x{51FA}\x{5165}"
          RenderText {#text} at (789,130) size 19x224
            text run at (789,130) width 224: "\x{3057}\x{5F97}\x{308B}\x{306E}\x{70B9}\x{306B}\x{304A}\x{3044}\x{3066}\x{3001}\x{307E}\x{305F}\x{3053}\x{306E}"
          RenderRuby (inline) {RUBY} at (0,0) size 19x64
            RenderRubyRun (anonymous) at (789,354) size 20x64
              RenderRubyText {RT} at (-12,0) size 12x64
                RenderText {#text} at (0,9) size 12x46
                  text run at (0,9) width 45: "\x{3075}\x{3069}\x{3046}\x{3075}\x{3058}"
              RenderRubyBase (anonymous) at (0,0) size 20x64
                RenderInline {RB} at (0,0) size 19x64
                  RenderText {#text} at (0,0) size 19x64
                    text run at (0,0) width 64: "\x{4E0D}\x{540C}\x{4E0D}\x{4E8C}"
          RenderText {#text} at (789,418) size 19x16
            text run at (789,418) width 16: "\x{306E}"
          RenderRuby (inline) {RUBY} at (0,0) size 19x32
            RenderRubyRun (anonymous) at (789,432) size 20x36
              RenderRubyText {RT} at (-12,0) size 12x36
                RenderText {#text} at (0,0) size 12x36
                  text run at (0,0) width 36: "\x{3051}\x{3093}\x{3053}\x{3093}"
              RenderRubyBase (anonymous) at (0,0) size 20x36
                RenderInline {RB} at (0,0) size 19x32
                  RenderText {#text} at (0,2) size 19x32
                    text run at (0,2) width 32: "\x{4E7E}\x{5764}"
          RenderText {#text} at (789,466) size 19x16
            text run at (789,466) width 16: "\x{3092}"
          RenderRuby (inline) {RUBY} at (0,0) size 19x41
            RenderRubyRun (anonymous) at (820,0) size 20x45
              RenderRubyText {RT} at (-12,0) size 12x45
                RenderText {#text} at (0,0) size 12x45
                  text run at (0,0) width 45: "\x{3053}\x{3093}\x{308A}\x{3085}\x{3046}"
              RenderRubyBase (anonymous) at (0,0) size 20x45
                RenderInline {RB} at (0,0) size 19x33
                  RenderText {#text} at (0,6) size 19x33
                    text run at (0,6) width 32: "\x{5EFA}\x{7ACB}"
          RenderText {#text} at (820,41) size 19x160
            text run at (820,41) width 160: "\x{3057}\x{5F97}\x{308B}\x{306E}\x{70B9}\x{306B}\x{304A}\x{3044}\x{3066}\x{3001}"
          RenderRuby (inline) {RUBY} at (0,0) size 19x64
            RenderRubyRun (anonymous) at (820,201) size 20x64
              RenderRubyText {RT} at (-12,0) size 12x64
                RenderText {#text} at (0,9) size 12x46
                  text run at (0,9) width 45: "\x{304C}\x{308A}\x{3057}\x{3088}\x{304F}"
              RenderRubyBase (anonymous) at (0,0) size 20x64
                RenderInline {RB} at (0,0) size 19x64
                  RenderText {#text} at (0,0) size 19x64
                    text run at (0,0) width 64: "\x{6211}\x{5229}\x{79C1}\x{617E}"
          RenderText {#text} at (820,265) size 19x16
            text run at (820,265) width 16: "\x{306E}"
          RenderRuby (inline) {RUBY} at (0,0) size 19x32
            RenderRubyRun (anonymous) at (820,281) size 20x32
              RenderRubyText {RT} at (-12,0) size 12x32
                RenderText {#text} at (0,2) size 12x28
                  text run at (0,2) width 27: "\x{304D}\x{306F}\x{3093}"
              RenderRubyBase (anonymous) at (0,0) size 20x32
                RenderInline {RB} at (0,0) size 19x32
                  RenderText {#text} at (0,0) size 19x32
                    text run at (0,0) width 32: "\x{898A}\x{7D46}"
          RenderText {#text} at (820,313) size 19x16
            text run at (820,313) width 16: "\x{3092}"
          RenderRuby (inline) {RUBY} at (0,0) size 19x32
            RenderRubyRun (anonymous) at (820,327) size 20x36
              RenderRubyText {RT} at (-12,0) size 12x36
                RenderText {#text} at (0,0) size 12x36
                  text run at (0,0) width 36: "\x{305D}\x{3046}\x{3068}\x{3046}"
              RenderRubyBase (anonymous) at (0,0) size 20x36
                RenderInline {RB} at (0,0) size 19x32
                  RenderText {#text} at (0,2) size 19x32
                    text run at (0,2) width 32: "\x{6383}\x{8569}"
          RenderText {#text} at (820,361) size 50x473
            text run at (820,361) width 112: "\x{3059}\x{308B}\x{306E}\x{70B9}\x{306B}\x{304A}\x{3044}"
            text run at (851,0) width 64: "\x{3066}\x{3001}\x{2015}\x{2015}"
          RenderRuby (inline) {RUBY} at (0,0) size 19x32
            RenderRubyRun (anonymous) at (851,62) size 20x36
              RenderRubyText {RT} at (-12,0) size 12x36
                RenderText {#text} at (0,0) size 12x36
                  text run at (0,0) width 36: "\x{305B}\x{3093}\x{304D}\x{3093}"
              RenderRubyBase (anonymous) at (0,0) size 20x36
                RenderInline {RB} at (0,0) size 19x32
                  RenderText {#text} at (0,2) size 19x32
                    text run at (0,2) width 32: "\x{5343}\x{91D1}"
          RenderText {#text} at (851,96) size 19x96
            text run at (851,96) width 96: "\x{306E}\x{5B50}\x{3088}\x{308A}\x{3082}\x{3001}"
          RenderRuby (inline) {RUBY} at (0,0) size 19x37
            RenderRubyRun (anonymous) at (851,188) size 20x45
              RenderRubyText {RT} at (-12,0) size 12x45
                RenderText {#text} at (0,0) size 12x45
                  text run at (0,0) width 45: "\x{3070}\x{3093}\x{3058}\x{3087}\x{3046}"
              RenderRubyBase (anonymous) at (0,0) size 20x45
                RenderInline {RB} at (0,0) size 19x33
                  RenderText {#text} at (0,6) size 19x33
                    text run at (0,6) width 32: "\x{4E07}\x{4E57}"
          RenderText {#text} at (851,229) size 19x208
            text run at (851,229) width 208: "\x{306E}\x{541B}\x{3088}\x{308A}\x{3082}\x{3001}\x{3042}\x{3089}\x{3086}\x{308B}\x{4FD7}\x{754C}\x{306E}"
          RenderRuby (inline) {RUBY} at (0,0) size 19x32
            RenderRubyRun (anonymous) at (851,435) size 20x36
              RenderRubyText {RT} at (-12,0) size 12x36
                RenderText {#text} at (0,0) size 12x36
                  text run at (0,0) width 36: "\x{3061}\x{3087}\x{3046}\x{3058}"
              RenderRubyBase (anonymous) at (0,0) size 20x36
                RenderInline {RB} at (0,0) size 19x32
                  RenderText {#text} at (0,2) size 19x32
                    text run at (0,2) width 32: "\x{5BF5}\x{5150}"
          RenderText {#text} at (851,469) size 39x485
            text run at (851,469) width 16: "\x{3088}"
            text run at (871,0) width 128: "\x{308A}\x{3082}\x{5E78}\x{798F}\x{3067}\x{3042}\x{308B}\x{3002}"
          RenderBR {BR} at (871,128) size 19x0
          RenderText {#text} at (902,0) size 19x272
            text run at (902,0) width 272: "\x{3000}\x{4E16}\x{306B}\x{4F4F}\x{3080}\x{3053}\x{3068}\x{4E8C}\x{5341}\x{5E74}\x{306B}\x{3057}\x{3066}\x{3001}\x{4F4F}\x{3080}\x{306B}"
          RenderRuby (inline) {RUBY} at (0,0) size 19x32
            RenderRubyRun (anonymous) at (902,272) size 20x32
              RenderRubyText {RT} at (-12,0) size 12x32
                RenderText {#text} at (0,7) size 12x18
                  text run at (0,7) width 18: "\x{304B}\x{3044}"
              RenderRubyBase (anonymous) at (0,0) size 20x32
                RenderInline {RB} at (0,0) size 19x32
                  RenderText {#text} at (0,0) size 19x32
                    text run at (0,0) width 32: "\x{7532}\x{6590}"
          RenderText {#text} at (902,304) size 50x480
            text run at (902,304) width 176: "\x{3042}\x{308B}\x{4E16}\x{3068}\x{77E5}\x{3063}\x{305F}\x{3002}\x{4E8C}\x{5341}\x{4E94}"
            text run at (933,0) width 112: "\x{5E74}\x{306B}\x{3057}\x{3066}\x{660E}\x{6697}\x{306F}"
          RenderRuby (inline) {RUBY} at (0,0) size 19x32
            RenderRubyRun (anonymous) at (933,110) size 20x36
              RenderRubyText {RT} at (-12,0) size 12x36
                RenderText {#text} at (0,0) size 12x36
                  text run at (0,0) width 36: "\x{3072}\x{3087}\x{3046}\x{308A}"
              RenderRubyBase (anonymous) at (0,0) size 20x36
                RenderInline {RB} at (0,0) size 19x32
                  RenderText {#text} at (0,2) size 19x32
                    text run at (0,2) width 32: "\x{8868}\x{88CF}"
          RenderText {#text} at (933,144) size 50x480
            text run at (933,144) width 336: "\x{306E}\x{3054}\x{3068}\x{304F}\x{3001}\x{65E5}\x{306E}\x{3042}\x{305F}\x{308B}\x{6240}\x{306B}\x{306F}\x{304D}\x{3063}\x{3068}\x{5F71}\x{304C}\x{3055}\x{3059}\x{3068}"
            text run at (964,0) width 112: "\x{609F}\x{3063}\x{305F}\x{3002}\x{4E09}\x{5341}\x{306E}"
          RenderRuby (inline) {RUBY} at (0,0) size 19x32
            RenderRubyRun (anonymous) at (964,110) size 20x36
              RenderRubyText {RT} at (-12,0) size 12x36
                RenderText {#text} at (0,0) size 12x36
                  text run at (0,0) width 36: "\x{3053}\x{3093}\x{306B}\x{3061}"
              RenderRubyBase (anonymous) at (0,0) size 20x36
                RenderInline {RB} at (0,0) size 19x32
                  RenderText {#text} at (0,2) size 19x32
                    text run at (0,2) width 32: "\x{4ECA}\x{65E5}"
          RenderText {#text} at (964,144) size 19x288
            text run at (964,144) width 288: "\x{306F}\x{3053}\x{3046}\x{601D}\x{3046}\x{3066}\x{3044}\x{308B}\x{3002}\x{2015}\x{2015}\x{559C}\x{3073}\x{306E}\x{6DF1}\x{304D}\x{3068}\x{304D}"
          RenderRuby (inline) {RUBY} at (0,0) size 19x19
            RenderRubyRun (anonymous) at (964,428) size 20x27
              RenderRubyText {RT} at (-12,0) size 12x27
                RenderText {#text} at (0,0) size 12x27
                  text run at (0,0) width 27: "\x{3046}\x{308C}\x{3044}"
              RenderRubyBase (anonymous) at (0,0) size 20x27
                RenderInline {RB} at (0,0) size 19x17
                  RenderText {#text} at (0,5) size 19x17
                    text run at (0,5) width 16: "\x{6182}"
          RenderText {#text} at (964,451) size 50x483
            text run at (964,451) width 32: "\x{3044}\x{3088}"
            text run at (995,0) width 80: "\x{3044}\x{3088}\x{6DF1}\x{304F}\x{3001}"
          RenderRuby (inline) {RUBY} at (0,0) size 19x19
            RenderRubyRun (anonymous) at (995,76) size 20x27
              RenderRubyText {RT} at (-12,0) size 12x27
                RenderText {#text} at (0,0) size 12x27
                  text run at (0,0) width 27: "\x{305F}\x{306E}\x{3057}"
              RenderRubyBase (anonymous) at (0,0) size 20x27
                RenderInline {RB} at (0,0) size 19x17
                  RenderText {#text} at (0,5) size 19x17
                    text run at (0,5) width 16: "\x{697D}"
          RenderText {#text} at (995,99) size 50x483
            text run at (995,99) width 384: "\x{307F}\x{306E}\x{5927}\x{3044}\x{306A}\x{308B}\x{307B}\x{3069}\x{82E6}\x{3057}\x{307F}\x{3082}\x{5927}\x{304D}\x{3044}\x{3002}\x{3053}\x{308C}\x{3092}\x{5207}\x{308A}\x{653E}\x{305D}\x{3046}"
            text run at (1026,0) width 160: "\x{3068}\x{3059}\x{308B}\x{3068}\x{8EAB}\x{304C}\x{6301}\x{3066}\x{306C}\x{3002}"
          RenderRuby (inline) {RUBY} at (0,0) size 19x16
            RenderRubyRun (anonymous) at (1026,159) size 20x18
              RenderRubyText {RT} at (-12,0) size 12x18
                RenderText {#text} at (0,0) size 12x18
                  text run at (0,0) width 18: "\x{304B}\x{305F}"
              RenderRubyBase (anonymous) at (0,0) size 20x18
                RenderInline {RB} at (0,0) size 19x16
                  RenderText {#text} at (0,1) size 19x16
                    text run at (0,1) width 16: "\x{7247}"
          RenderText {#text} at (1026,176) size 50x464
            text run at (1026,176) width 288: "\x{3065}\x{3051}\x{3088}\x{3046}\x{3068}\x{3059}\x{308C}\x{3070}\x{4E16}\x{304C}\x{7ACB}\x{305F}\x{306C}\x{3002}\x{91D1}\x{306F}\x{5927}\x{4E8B}"
            text run at (1057,0) width 128: "\x{3060}\x{3001}\x{5927}\x{4E8B}\x{306A}\x{3082}\x{306E}\x{304C}"
          RenderRuby (inline) {RUBY} at (0,0) size 19x16
            RenderRubyRun (anonymous) at (1057,128) size 20x16
              RenderRubyText {RT} at (-12,0) size 12x16
                RenderText {#text} at (0,3) size 12x10
                  text run at (0,3) width 9: "\x{3075}"
              RenderRubyBase (anonymous) at (0,0) size 20x16
                RenderInline {RB} at (0,0) size 19x16
                  RenderText {#text} at (0,0) size 19x16
                    text run at (0,0) width 16: "\x{6B96}"
          RenderText {#text} at (1057,144) size 19x48
            text run at (1057,144) width 48: "\x{3048}\x{308C}\x{3070}"
          RenderRuby (inline) {RUBY} at (0,0) size 19x16
            RenderRubyRun (anonymous) at (1057,192) size 20x16
              RenderRubyText {RT} at (-12,0) size 12x16
                RenderText {#text} at (0,3) size 12x10
                  text run at (0,3) width 9: "\x{306D}"
              RenderRubyBase (anonymous) at (0,0) size 20x16
                RenderInline {RB} at (0,0) size 19x16
                  RenderText {#text} at (0,0) size 19x16
                    text run at (0,0) width 16: "\x{5BDD}"
          RenderText {#text} at (1057,208) size 19x16
            text run at (1057,208) width 16: "\x{308B}"
          RenderRuby (inline) {RUBY} at (0,0) size 19x16
            RenderRubyRun (anonymous) at (1057,224) size 20x16
              RenderRubyText {RT} at (-12,0) size 12x16
                RenderText {#text} at (0,3) size 12x10
                  text run at (0,3) width 9: "\x{307E}"
              RenderRubyBase (anonymous) at (0,0) size 20x16
                RenderInline {RB} at (0,0) size 19x16
                  RenderText {#text} at (0,0) size 19x16
                    text run at (0,0) width 16: "\x{9593}"
          RenderText {#text} at (1057,240) size 70x480
            text run at (1057,240) width 240: "\x{3082}\x{5FC3}\x{914D}\x{3060}\x{308D}\x{3046}\x{3002}\x{604B}\x{306F}\x{3046}\x{308C}\x{3057}\x{3044}\x{3001}\x{5B09}"
            text run at (1077,0) width 480: "\x{3057}\x{3044}\x{604B}\x{304C}\x{7A4D}\x{3082}\x{308C}\x{3070}\x{3001}\x{604B}\x{3092}\x{305B}\x{306C}\x{6614}\x{304C}\x{304B}\x{3048}\x{3063}\x{3066}\x{604B}\x{3057}\x{304B}\x{308D}\x{3002}\x{95A3}\x{50DA}\x{306E}\x{80A9}\x{306F}\x{6570}"
            text run at (1108,0) width 96: "\x{767E}\x{4E07}\x{4EBA}\x{306E}\x{8DB3}\x{3092}"
          RenderRuby (inline) {RUBY} at (0,0) size 19x16
            RenderRubyRun (anonymous) at (1108,95) size 20x18
              RenderRubyText {RT} at (-12,0) size 12x18
                RenderText {#text} at (0,0) size 12x18
                  text run at (0,0) width 18: "\x{3055}\x{3055}"
              RenderRubyBase (anonymous) at (0,0) size 20x18
                RenderInline {RB} at (0,0) size 19x16
                  RenderText {#text} at (0,1) size 19x16
                    text run at (0,1) width 16: "\x{652F}"
          RenderText {#text} at (1108,112) size 19x80
            text run at (1108,112) width 80: "\x{3048}\x{3066}\x{3044}\x{308B}\x{3002}"
          RenderRuby (inline) {RUBY} at (0,0) size 19x32
            RenderRubyRun (anonymous) at (1108,192) size 20x32
              RenderRubyText {RT} at (-12,0) size 12x32
                RenderText {#text} at (0,2) size 12x28
                  text run at (0,2) width 27: "\x{305B}\x{306A}\x{304B}"
              RenderRubyBase (anonymous) at (0,0) size 20x32
                RenderInline {RB} at (0,0) size 19x32
                  RenderText {#text} at (0,0) size 19x32
                    text run at (0,0) width 32: "\x{80CC}\x{4E2D}"
          RenderText {#text} at (1108,224) size 50x480
            text run at (1108,224) width 256: "\x{306B}\x{306F}\x{91CD}\x{3044}\x{5929}\x{4E0B}\x{304C}\x{304A}\x{3076}\x{3055}\x{3063}\x{3066}\x{3044}\x{308B}\x{3002}\x{3046}"
            text run at (1139,0) width 272: "\x{307E}\x{3044}\x{7269}\x{3082}\x{98DF}\x{308F}\x{306D}\x{3070}\x{60DC}\x{3057}\x{3044}\x{3002}\x{5C11}\x{3057}\x{98DF}\x{3048}\x{3070}"
          RenderRuby (inline) {RUBY} at (0,0) size 19x16
            RenderRubyRun (anonymous) at (1139,272) size 20x16
              RenderRubyText {RT} at (-12,0) size 12x16
                RenderText {#text} at (0,3) size 12x10
                  text run at (0,3) width 9: "\x{3042}"
              RenderRubyBase (anonymous) at (0,0) size 20x16
                RenderInline {RB} at (0,0) size 19x16
                  RenderText {#text} at (0,0) size 19x16
                    text run at (0,0) width 16: "\x{98FD}"
          RenderText {#text} at (1139,288) size 19x16
            text run at (1139,288) width 16: "\x{304D}"
          RenderRuby (inline) {RUBY} at (0,0) size 19x16
            RenderRubyRun (anonymous) at (1139,304) size 20x16
              RenderRubyText {RT} at (-12,0) size 12x16
                RenderText {#text} at (0,3) size 12x10
                  text run at (0,3) width 9: "\x{305F}"
              RenderRubyBase (anonymous) at (0,0) size 20x16
                RenderInline {RB} at (0,0) size 19x16
                  RenderText {#text} at (0,0) size 19x16
                    text run at (0,0) width 16: "\x{8DB3}"
          RenderText {#text} at (1139,320) size 39x480
            text run at (1139,320) width 160: "\x{3089}\x{306C}\x{3002}\x{5B58}\x{5206}\x{98DF}\x{3048}\x{3070}\x{3042}\x{3068}"
            text run at (1159,0) width 128: "\x{304C}\x{4E0D}\x{6109}\x{5FEB}\x{3060}\x{3002}\x{2026}\x{2026}"
          RenderBR {BR} at (1159,128) size 19x0
          RenderText {#text} at (1190,0) size 19x16
            text run at (1190,0) width 16: "\x{3000}"
          RenderRuby (inline) {RUBY} at (0,0) size 19x16
            RenderRubyRun (anonymous) at (1190,16) size 20x16
              RenderRubyText {RT} at (-12,0) size 12x16
                RenderText {#text} at (0,3) size 12x10
                  text run at (0,3) width 9: "\x{3088}"
              RenderRubyBase (anonymous) at (0,0) size 20x16
                RenderInline {RB} at (0,0) size 19x16
                  RenderText {#text} at (0,0) size 19x16
                    text run at (0,0) width 16: "\x{4F59}"
          RenderText {#text} at (1190,32) size 19x16
            text run at (1190,32) width 16: "\x{306E}"
          RenderRuby (inline) {RUBY} at (0,0) size 19x28
            RenderRubyRun (anonymous) at (1190,44) size 20x36
              RenderRubyText {RT} at (-12,0) size 12x36
                RenderText {#text} at (0,0) size 12x36
                  text run at (0,0) width 36: "\x{304B}\x{3093}\x{304C}\x{3048}"
              RenderRubyBase (anonymous) at (0,0) size 20x36
                RenderInline {RB} at (0,0) size 19x16
                  RenderText {#text} at (0,10) size 19x16
                    text run at (0,10) width 16: "\x{8003}"
          RenderText {#text} at (1190,76) size 19x256
            text run at (1190,76) width 256: "\x{304C}\x{3053}\x{3053}\x{307E}\x{3067}\x{6F02}\x{6D41}\x{3057}\x{3066}\x{6765}\x{305F}\x{6642}\x{306B}\x{3001}\x{4F59}\x{306E}"
          RenderRuby (inline) {RUBY} at (0,0) size 19x32
            RenderRubyRun (anonymous) at (1190,332) size 20x32
              RenderRubyText {RT} at (-12,0) size 12x32
                RenderText {#text} at (0,2) size 12x28
                  text run at (0,2) width 27: "\x{3046}\x{305D}\x{304F}"
              RenderRubyBase (anonymous) at (0,0) size 20x32
                RenderInline {RB} at (0,0) size 19x32
                  RenderText {#text} at (0,0) size 19x32
                    text run at (0,0) width 32: "\x{53F3}\x{8DB3}"
          RenderText {#text} at (1190,364) size 19x48
            text run at (1190,364) width 48: "\x{306F}\x{7A81}\x{7136}"
          RenderRuby (inline) {RUBY} at (0,0) size 19x16
            RenderRubyRun (anonymous) at (1190,411) size 20x18
              RenderRubyText {RT} at (-12,0) size 12x18
                RenderText {#text} at (0,0) size 12x18
                  text run at (0,0) width 18: "\x{3059}\x{308F}"
              RenderRubyBase (anonymous) at (0,0) size 20x18
                RenderInline {RB} at (0,0) size 19x16
                  RenderText {#text} at (0,1) size 19x16
                    text run at (0,1) width 16: "\x{5750}"
          RenderText {#text} at (1190,428) size 50x476
            text run at (1190,428) width 48: "\x{308A}\x{306E}\x{308F}"
            text run at (1221,0) width 32: "\x{308B}\x{3044}"
          RenderRuby (inline) {RUBY} at (0,0) size 19x32
            RenderRubyRun (anonymous) at (1221,30) size 20x36
              RenderRubyText {RT} at (-12,0) size 12x36
                RenderText {#text} at (0,0) size 12x36
                  text run at (0,0) width 36: "\x{304B}\x{304F}\x{3044}\x{3057}"
              RenderRubyBase (anonymous) at (0,0) size 20x36
                RenderInline {RB} at (0,0) size 19x32
                  RenderText {#text} at (0,2) size 19x32
                    text run at (0,2) width 32: "\x{89D2}\x{77F3}"
          RenderText {#text} at (1221,64) size 19x16
            text run at (1221,64) width 16: "\x{306E}"
          RenderRuby (inline) {RUBY} at (0,0) size 19x16
            RenderRubyRun (anonymous) at (1221,79) size 20x18
              RenderRubyText {RT} at (-12,0) size 12x18
                RenderText {#text} at (0,0) size 12x18
                  text run at (0,0) width 18: "\x{306F}\x{3057}"
              RenderRubyBase (anonymous) at (0,0) size 20x18
                RenderInline {RB} at (0,0) size 19x16
                  RenderText {#text} at (0,1) size 19x16
                    text run at (0,1) width 16: "\x{7AEF}"
          RenderText {#text} at (1221,96) size 19x48
            text run at (1221,96) width 48: "\x{3092}\x{8E0F}\x{307F}"
          RenderRuby (inline) {RUBY} at (0,0) size 19x16
            RenderRubyRun (anonymous) at (1221,144) size 20x16
              RenderRubyText {RT} at (-12,0) size 12x16
                RenderText {#text} at (0,3) size 12x10
                  text run at (0,3) width 9: "\x{305D}"
              RenderRubyBase (anonymous) at (0,0) size 20x16
                RenderInline {RB} at (0,0) size 19x16
                  RenderText {#text} at (0,0) size 19x16
                    text run at (0,0) width 16: "\x{640D}"
          RenderText {#text} at (1221,160) size 19x80
            text run at (1221,160) width 80: "\x{304F}\x{306A}\x{3063}\x{305F}\x{3002}"
          RenderRuby (inline) {RUBY} at (0,0) size 19x32
            RenderRubyRun (anonymous) at (1221,238) size 20x36
              RenderRubyText {RT} at (-12,0) size 12x36
                RenderText {#text} at (0,0) size 12x36
                  text run at (0,0) width 36: "\x{3078}\x{3044}\x{3053}\x{3046}"
              RenderRubyBase (anonymous) at (0,0) size 20x36
                RenderInline {RB} at (0,0) size 19x32
                  RenderText {#text} at (0,2) size 19x32
                    text run at (0,2) width 32: "\x{5E73}\x{8861}"
          RenderText {#text} at (1221,272) size 50x480
            text run at (1221,272) width 208: "\x{3092}\x{4FDD}\x{3064}\x{305F}\x{3081}\x{306B}\x{3001}\x{3059}\x{308F}\x{3084}\x{3068}\x{524D}\x{306B}"
            text run at (1252,0) width 80: "\x{98DB}\x{3073}\x{51FA}\x{3057}\x{305F}"
          RenderRuby (inline) {RUBY} at (0,0) size 19x32
            RenderRubyRun (anonymous) at (1252,80) size 20x32
              RenderRubyText {RT} at (-12,0) size 12x32
                RenderText {#text} at (0,2) size 12x28
                  text run at (0,2) width 27: "\x{3055}\x{305D}\x{304F}"
              RenderRubyBase (anonymous) at (0,0) size 20x32
                RenderInline {RB} at (0,0) size 19x32
                  RenderText {#text} at (0,0) size 19x32
                    text run at (0,0) width 32: "\x{5DE6}\x{8DB3}"
          RenderText {#text} at (1252,112) size 19x32
            text run at (1252,112) width 32: "\x{304C}\x{3001}"
          RenderRuby (inline) {RUBY} at (0,0) size 19x32
            RenderRubyRun (anonymous) at (1252,144) size 20x32
              RenderRubyText {RT} at (-12,0) size 12x32
                RenderText {#text} at (0,2) size 12x28
                  text run at (0,2) width 27: "\x{3057}\x{305D}\x{3093}"
              RenderRubyBase (anonymous) at (0,0) size 20x32
                RenderInline {RB} at (0,0) size 19x32
                  RenderText {#text} at (0,0) size 19x32
                    text run at (0,0) width 32: "\x{4ED5}\x{640D}"
          RenderText {#text} at (1252,176) size 19x32
            text run at (1252,176) width 32: "\x{3058}\x{306E}"
          RenderRuby (inline) {RUBY} at (0,0) size 19x16
            RenderRubyRun (anonymous) at (1252,208) size 20x16
              RenderRubyText {RT} at (-12,0) size 12x16
                RenderText {#text} at (0,3) size 12x10
                  text run at (0,3) width 9: "\x{3046}"
              RenderRubyBase (anonymous) at (0,0) size 20x16
                RenderInline {RB} at (0,0) size 19x16
                  RenderText {#text} at (0,0) size 19x16
                    text run at (0,0) width 16: "\x{57CB}"
          RenderText {#text} at (1252,224) size 19x16
            text run at (1252,224) width 16: "\x{3081}"
          RenderRuby (inline) {RUBY} at (0,0) size 19x16
            RenderRubyRun (anonymous) at (1252,239) size 20x18
              RenderRubyText {RT} at (-12,0) size 12x18
                RenderText {#text} at (0,0) size 12x18
                  text run at (0,0) width 18: "\x{3042}\x{308F}"
              RenderRubyBase (anonymous) at (0,0) size 20x18
                RenderInline {RB} at (0,0) size 19x16
                  RenderText {#text} at (0,1) size 19x16
                    text run at (0,1) width 16: "\x{5408}"
          RenderText {#text} at (1252,256) size 50x480
            text run at (1252,256) width 224: "\x{305B}\x{3092}\x{3059}\x{308B}\x{3068}\x{5171}\x{306B}\x{3001}\x{4F59}\x{306E}\x{8170}\x{306F}\x{5177}\x{5408}"
            text run at (1283,0) width 32: "\x{3088}\x{304F}"
          RenderRuby (inline) {RUBY} at (0,0) size 19x16
            RenderRubyRun (anonymous) at (1283,31) size 20x18
              RenderRubyText {RT} at (-12,0) size 12x18
                RenderText {#text} at (0,0) size 12x18
                  text run at (0,0) width 18: "\x{307B}\x{3046}"
              RenderRubyBase (anonymous) at (0,0) size 20x18
                RenderInline {RB} at (0,0) size 19x16
                  RenderText {#text} at (0,1) size 19x16
                    text run at (0,1) width 16: "\x{65B9}"
          RenderText {#text} at (1283,48) size 19x144
            text run at (1283,48) width 144: "\x{4E09}\x{5C3A}\x{307B}\x{3069}\x{306A}\x{5CA9}\x{306E}\x{4E0A}\x{306B}"
          RenderRuby (inline) {RUBY} at (0,0) size 19x16
            RenderRubyRun (anonymous) at (1283,192) size 20x16
              RenderRubyText {RT} at (-12,0) size 12x16
                RenderText {#text} at (0,3) size 12x10
                  text run at (0,3) width 9: "\x{304A}"
              RenderRubyBase (anonymous) at (0,0) size 20x16
                RenderInline {RB} at (0,0) size 19x16
                  RenderText {#text} at (0,0) size 19x16
                    text run at (0,0) width 16: "\x{5378}"
          RenderText {#text} at (1283,208) size 19x208
            text run at (1283,208) width 208: "\x{308A}\x{305F}\x{3002}\x{80A9}\x{306B}\x{304B}\x{3051}\x{305F}\x{7D75}\x{306E}\x{5177}\x{7BB1}\x{304C}"
          RenderRuby (inline) {RUBY} at (0,0) size 19x16
            RenderRubyRun (anonymous) at (1283,415) size 20x18
              RenderRubyText {RT} at (-12,0) size 12x18
                RenderText {#text} at (0,0) size 12x18
                  text run at (0,0) width 18: "\x{308F}\x{304D}"
              RenderRubyBase (anonymous) at (0,0) size 20x18
                RenderInline {RB} at (0,0) size 19x16
                  RenderText {#text} at (0,1) size 19x16
                    text run at (0,1) width 16: "\x{814B}"
          RenderText {#text} at (1283,432) size 50x480
            text run at (1283,432) width 48: "\x{306E}\x{4E0B}\x{304B}"
            text run at (1314,0) width 16: "\x{3089}"
          RenderRuby (inline) {RUBY} at (0,0) size 19x16
            RenderRubyRun (anonymous) at (1314,15) size 20x18
              RenderRubyText {RT} at (-12,0) size 12x18
                RenderText {#text} at (0,0) size 12x18
                  text run at (0,0) width 18: "\x{304A}\x{3069}"
              RenderRubyBase (anonymous) at (0,0) size 20x18
                RenderInline {RB} at (0,0) size 19x16
                  RenderText {#text} at (0,1) size 19x16
                    text run at (0,1) width 16: "\x{8E8D}"
          RenderText {#text} at (1314,32) size 19x176
            text run at (1314,32) width 176: "\x{308A}\x{51FA}\x{3057}\x{305F}\x{3060}\x{3051}\x{3067}\x{3001}\x{5E78}\x{3044}\x{3068}"
          RenderRuby (inline) {RUBY} at (0,0) size 19x16
            RenderRubyRun (anonymous) at (1314,207) size 20x18
              RenderRubyText {RT} at (-12,0) size 12x18
                RenderText {#text} at (0,0) size 12x18
                  text run at (0,0) width 18: "\x{306A}\x{3093}"
              RenderRubyBase (anonymous) at (0,0) size 20x18
                RenderInline {RB} at (0,0) size 19x16
                  RenderText {#text} at (0,1) size 19x16
                    text run at (0,1) width 16: "\x{4F55}"
          RenderText {#text} at (1314,224) size 19x128
            text run at (1314,224) width 128: "\x{306E}\x{4E8B}\x{3082}\x{306A}\x{304B}\x{3063}\x{305F}\x{3002}"
          RenderBR {BR} at (1314,352) size 19x0
          RenderText {#text} at (1345,0) size 19x240
            text run at (1345,0) width 240: "\x{3000}\x{7ACB}\x{3061}\x{4E0A}\x{304C}\x{308B}\x{6642}\x{306B}\x{5411}\x{3046}\x{3092}\x{898B}\x{308B}\x{3068}\x{3001}"
          RenderRuby (inline) {RUBY} at (0,0) size 19x16
            RenderRubyRun (anonymous) at (1345,239) size 20x18
              RenderRubyText {RT} at (-12,0) size 12x18
                RenderText {#text} at (0,0) size 12x18
                  text run at (0,0) width 18: "\x{307F}\x{3061}"
              RenderRubyBase (anonymous) at (0,0) size 20x18
                RenderInline {RB} at (0,0) size 19x16
                  RenderText {#text} at (0,1) size 19x16
                    text run at (0,1) width 16: "\x{8DEF}"
          RenderText {#text} at (1345,256) size 50x480
            text run at (1345,256) width 224: "\x{304B}\x{3089}\x{5DE6}\x{306E}\x{65B9}\x{306B}\x{30D0}\x{30B1}\x{30C4}\x{3092}\x{4F0F}\x{305B}\x{305F}\x{3088}"
            text run at (1376,0) width 64: "\x{3046}\x{306A}\x{5CF0}\x{304C}"
          RenderRuby (inline) {RUBY} at (0,0) size 19x16
            RenderRubyRun (anonymous) at (1376,63) size 20x18
              RenderRubyText {RT} at (-12,0) size 12x18
                RenderText {#text} at (0,0) size 12x18
                  text run at (0,0) width 18: "\x{305D}\x{3073}"
              RenderRubyBase (anonymous) at (0,0) size 20x18
                RenderInline {RB} at (0,0) size 19x16
                  RenderText {#text} at (0,1) size 19x16
                    text run at (0,1) width 16: "\x{8073}"
          RenderText {#text} at (1376,80) size 19x112
            text run at (1376,80) width 112: "\x{3048}\x{3066}\x{3044}\x{308B}\x{3002}\x{6749}\x{304B}"
          RenderRuby (inline) {RUBY} at (0,0) size 19x19
            RenderRubyRun (anonymous) at (1376,188) size 20x27
              RenderRubyText {RT} at (-12,0) size 12x27
                RenderText {#text} at (0,0) size 12x27
                  text run at (0,0) width 27: "\x{3072}\x{306E}\x{304D}"
              RenderRubyBase (anonymous) at (0,0) size 20x27
                RenderInline {RB} at (0,0) size 19x17
                  RenderText {#text} at (0,5) size 19x17
                    text run at (0,5) width 16: "\x{6A9C}"
          RenderText {#text} at (1376,211) size 19x112
            text run at (1376,211) width 112: "\x{304B}\x{5206}\x{304B}\x{3089}\x{306A}\x{3044}\x{304C}"
          RenderRuby (inline) {RUBY} at (0,0) size 19x32
            RenderRubyRun (anonymous) at (1376,323) size 20x32
              RenderRubyText {RT} at (-12,0) size 12x32
                RenderText {#text} at (0,2) size 12x28
                  text run at (0,2) width 27: "\x{306D}\x{3082}\x{3068}"
              RenderRubyBase (anonymous) at (0,0) size 20x32
                RenderInline {RB} at (0,0) size 19x32
                  RenderText {#text} at (0,0) size 19x32
                    text run at (0,0) width 32: "\x{6839}\x{5143}"
          RenderText {#text} at (1376,355) size 19x32
            text run at (1376,355) width 32: "\x{304B}\x{3089}"
          RenderRuby (inline) {RUBY} at (0,0) size 19x19
            RenderRubyRun (anonymous) at (1376,383) size 20x27
              RenderRubyText {RT} at (-12,0) size 12x27
                RenderText {#text} at (0,0) size 12x27
                  text run at (0,0) width 27: "\x{3044}\x{305F}\x{3060}"
              RenderRubyBase (anonymous) at (0,0) size 20x27
                RenderInline {RB} at (0,0) size 19x17
                  RenderText {#text} at (0,5) size 19x17
                    text run at (0,5) width 16: "\x{9802}"
          RenderText {#text} at (1376,406) size 50x486
            text run at (1376,406) width 80: "\x{304D}\x{307E}\x{3067}\x{3053}\x{3068}"
            text run at (1407,0) width 48: "\x{3054}\x{3068}\x{304F}"
          RenderRuby (inline) {RUBY} at (0,0) size 19x32
            RenderRubyRun (anonymous) at (1407,46) size 20x36
              RenderRubyText {RT} at (-12,0) size 12x36
                RenderText {#text} at (0,0) size 12x36
                  text run at (0,0) width 36: "\x{3042}\x{304A}\x{3050}\x{308D}"
              RenderRubyBase (anonymous) at (0,0) size 20x36
                RenderInline {RB} at (0,0) size 19x32
                  RenderText {#text} at (0,2) size 19x32
                    text run at (0,2) width 32: "\x{84BC}\x{9ED2}"
          RenderText {#text} at (1407,80) size 19x240
            text run at (1407,80) width 240: "\x{3044}\x{4E2D}\x{306B}\x{3001}\x{5C71}\x{685C}\x{304C}\x{8584}\x{8D64}\x{304F}\x{3060}\x{3093}\x{3060}\x{3089}\x{306B}"
          RenderRuby (inline) {RUBY} at (0,0) size 19x32
            RenderRubyRun (anonymous) at (1407,320) size 20x32
              RenderRubyText {RT} at (-12,0) size 12x32
                RenderText {#text} at (0,2) size 12x28
                  text run at (0,2) width 27: "\x{305F}\x{306A}\x{3073}"
              RenderRubyBase (anonymous) at (0,0) size 20x32
                RenderInline {RB} at (0,0) size 19x32
                  RenderText {#text} at (0,0) size 19x32
                    text run at (0,0) width 32: "\x{68DA}\x{5F15}"
          RenderText {#text} at (1407,352) size 19x48
            text run at (1407,352) width 48: "\x{3044}\x{3066}\x{3001}"
          RenderRuby (inline) {RUBY} at (0,0) size 19x16
            RenderRubyRun (anonymous) at (1407,400) size 20x16
              RenderRubyText {RT} at (-12,0) size 12x16
                RenderText {#text} at (0,3) size 12x10
                  text run at (0,3) width 9: "\x{3064}"
              RenderRubyBase (anonymous) at (0,0) size 20x16
                RenderInline {RB} at (0,0) size 19x16
                  RenderText {#text} at (0,0) size 19x16
                    text run at (0,0) width 16: "\x{7D9A}"
          RenderText {#text} at (1407,416) size 19x16
            text run at (1407,416) width 16: "\x{304E}"
          RenderRuby (inline) {RUBY} at (0,0) size 19x16
            RenderRubyRun (anonymous) at (1407,432) size 20x16
              RenderRubyText {RT} at (-12,0) size 12x16
                RenderText {#text} at (0,3) size 12x10
                  text run at (0,3) width 9: "\x{3081}"
              RenderRubyBase (anonymous) at (0,0) size 20x16
                RenderInline {RB} at (0,0) size 19x16
                  RenderText {#text} at (0,0) size 19x16
                    text run at (0,0) width 16: "\x{76EE}"
          RenderText {#text} at (1407,448) size 19x16
            text run at (1407,448) width 16: "\x{304C}"
          RenderRuby (inline) {RUBY} at (0,0) size 19x17
            RenderRubyRun (anonymous) at (1407,463) size 20x18
              RenderRubyText {RT} at (-12,0) size 12x18
                RenderText {#text} at (0,0) size 12x18
                  text run at (0,0) width 18: "\x{3057}\x{304B}"
              RenderRubyBase (anonymous) at (0,0) size 20x18
                RenderInline {RB} at (0,0) size 19x16
                  RenderText {#text} at (0,1) size 19x16
                    text run at (0,1) width 16: "\x{78BA}"
          RenderText {#text} at (1438,0) size 19x112
            text run at (1438,0) width 112: "\x{3068}\x{898B}\x{3048}\x{306C}\x{304F}\x{3089}\x{3044}"
          RenderRuby (inline) {RUBY} at (0,0) size 19x16
            RenderRubyRun (anonymous) at (1438,111) size 20x18
              RenderRubyText {RT} at (-12,0) size 12x18
                RenderText {#text} at (0,0) size 12x18
                  text run at (0,0) width 18: "\x{3082}\x{3084}"
              RenderRubyBase (anonymous) at (0,0) size 20x18
                RenderInline {RB} at (0,0) size 19x16
                  RenderText {#text} at (0,1) size 19x16
                    text run at (0,1) width 16: "\x{9744}"
          RenderText {#text} at (1438,128) size 19x144
            text run at (1438,128) width 144: "\x{304C}\x{6FC3}\x{3044}\x{3002}\x{5C11}\x{3057}\x{624B}\x{524D}\x{306B}"
          RenderRuby (inline) {RUBY} at (0,0) size 19x32
            RenderRubyRun (anonymous) at (1438,270) size 20x36
              RenderRubyText {RT} at (-12,0) size 12x36
                RenderText {#text} at (0,0) size 12x36
                  text run at (0,0) width 36: "\x{306F}\x{3052}\x{3084}\x{307E}"
              RenderRubyBase (anonymous) at (0,0) size 20x36
                RenderInline {RB} at (0,0) size 19x32
                  RenderText {#text} at (0,2) size 19x32
                    text run at (0,2) width 32: "\x{79BF}\x{5C71}"
          RenderText {#text} at (1438,304) size 19x64
            text run at (1438,304) width 64: "\x{304C}\x{4E00}\x{3064}\x{3001}"
          RenderRuby (inline) {RUBY} at (0,0) size 19x16
            RenderRubyRun (anonymous) at (1438,367) size 20x18
              RenderRubyText {RT} at (-12,0) size 12x18
                RenderText {#text} at (0,0) size 12x18
                  text run at (0,0) width 18: "\x{3050}\x{3093}"
              RenderRubyBase (anonymous) at (0,0) size 20x18
                RenderInline {RB} at (0,0) size 19x16
                  RenderText {#text} at (0,1) size 19x16
                    text run at (0,1) width 16: "\x{7FA4}"
          RenderText {#text} at (1438,384) size 19x96
            text run at (1438,384) width 96: "\x{3092}\x{306C}\x{304D}\x{3093}\x{3067}\x{3066}"
          RenderRuby (inline) {RUBY} at (0,0) size 19x17
            RenderRubyRun (anonymous) at (1469,0) size 20x18
              RenderRubyText {RT} at (-12,0) size 12x18
                RenderText {#text} at (0,0) size 12x18
                  text run at (0,0) width 18: "\x{307E}\x{3086}"
              RenderRubyBase (anonymous) at (0,0) size 20x18
                RenderInline {RB} at (0,0) size 19x16
                  RenderText {#text} at (0,1) size 19x16
                    text run at (0,1) width 16: "\x{7709}"
          RenderText {#text} at (1469,17) size 19x16
            text run at (1469,17) width 16: "\x{306B}"
          RenderRuby (inline) {RUBY} at (0,0) size 19x16
            RenderRubyRun (anonymous) at (1469,32) size 20x18
              RenderRubyText {RT} at (-12,0) size 12x18
                RenderText {#text} at (0,0) size 12x18
                  text run at (0,0) width 18: "\x{305B}\x{307E}"
              RenderRubyBase (anonymous) at (0,0) size 20x18
                RenderInline {RB} at (0,0) size 19x16
                  RenderText {#text} at (0,1) size 19x16
                    text run at (0,1) width 16: "\x{903C}"
          RenderText {#text} at (1469,49) size 19x32
            text run at (1469,49) width 32: "\x{308B}\x{3002}"
          RenderRuby (inline) {RUBY} at (0,0) size 19x16
            RenderRubyRun (anonymous) at (1469,81) size 20x16
              RenderRubyText {RT} at (-12,0) size 12x16
                RenderText {#text} at (0,3) size 12x10
                  text run at (0,3) width 9: "\x{306F}"
              RenderRubyBase (anonymous) at (0,0) size 20x16
                RenderInline {RB} at (0,0) size 19x16
                  RenderText {#text} at (0,0) size 19x16
                    text run at (0,0) width 16: "\x{79BF}"
          RenderText {#text} at (1469,97) size 19x128
            text run at (1469,97) width 128: "\x{3052}\x{305F}\x{5074}\x{9762}\x{306F}\x{5DE8}\x{4EBA}\x{306E}"
          RenderRuby (inline) {RUBY} at (0,0) size 19x16
            RenderRubyRun (anonymous) at (1469,224) size 20x18
              RenderRubyText {RT} at (-12,0) size 12x18
                RenderText {#text} at (0,0) size 12x18
                  text run at (0,0) width 18: "\x{304A}\x{306E}"
              RenderRubyBase (anonymous) at (0,0) size 20x18
                RenderInline {RB} at (0,0) size 19x16
                  RenderText {#text} at (0,1) size 19x16
                    text run at (0,1) width 16: "\x{65A7}"
          RenderText {#text} at (1469,241) size 19x16
            text run at (1469,241) width 16: "\x{3067}"
          RenderRuby (inline) {RUBY} at (0,0) size 19x16
            RenderRubyRun (anonymous) at (1469,256) size 20x18
              RenderRubyText {RT} at (-12,0) size 12x18
                RenderText {#text} at (0,0) size 12x18
                  text run at (0,0) width 18: "\x{3051}\x{305A}"
              RenderRubyBase (anonymous) at (0,0) size 20x18
                RenderInline {RB} at (0,0) size 19x16
                  RenderText {#text} at (0,1) size 19x16
                    text run at (0,1) width 16: "\x{524A}"
          RenderText {#text} at (1469,273) size 50x481
            text run at (1469,273) width 208: "\x{308A}\x{53BB}\x{3063}\x{305F}\x{304B}\x{3001}\x{92ED}\x{3069}\x{304D}\x{5E73}\x{9762}\x{3092}\x{3084}"
            text run at (1500,0) width 96: "\x{3051}\x{306B}\x{8C37}\x{306E}\x{5E95}\x{306B}"
          RenderRuby (inline) {RUBY} at (0,0) size 19x16
            RenderRubyRun (anonymous) at (1500,95) size 20x18
              RenderRubyText {RT} at (-12,0) size 12x18
                RenderText {#text} at (0,0) size 12x18
                  text run at (0,0) width 18: "\x{3046}\x{305A}"
              RenderRubyBase (anonymous) at (0,0) size 20x18
                RenderInline {RB} at (0,0) size 19x16
                  RenderText {#text} at (0,1) size 19x16
                    text run at (0,1) width 16: "\x{57CB}"
          RenderText {#text} at (1500,112) size 19x80
            text run at (1500,112) width 80: "\x{3081}\x{3066}\x{3044}\x{308B}\x{3002}"
          RenderRuby (inline) {RUBY} at (0,0) size 19x32
            RenderRubyRun (anonymous) at (1500,190) size 20x36
              RenderRubyText {RT} at (-12,0) size 12x36
                RenderText {#text} at (0,0) size 12x36
                  text run at (0,0) width 36: "\x{3066}\x{3063}\x{307A}\x{3093}"
              RenderRubyBase (anonymous) at (0,0) size 20x36
                RenderInline {RB} at (0,0) size 19x32
                  RenderText {#text} at (0,2) size 19x32
                    text run at (0,2) width 32: "\x{5929}\x{8FBA}"
          RenderText {#text} at (1500,224) size 50x480
            text run at (1500,224) width 256: "\x{306B}\x{4E00}\x{672C}\x{898B}\x{3048}\x{308B}\x{306E}\x{306F}\x{8D64}\x{677E}\x{3060}\x{308D}\x{3046}\x{3002}\x{679D}\x{306E}"
            text run at (1531,0) width 80: "\x{9593}\x{306E}\x{7A7A}\x{3055}\x{3048}"
          RenderRuby (inline) {RUBY} at (0,0) size 19x32
            RenderRubyRun (anonymous) at (1531,78) size 20x36
              RenderRubyText {RT} at (-12,0) size 12x36
                RenderText {#text} at (0,0) size 12x36
                  text run at (0,0) width 36: "\x{306F}\x{3063}\x{304D}\x{308A}"
              RenderRubyBase (anonymous) at (0,0) size 20x36
                RenderInline {RB} at (0,0) size 19x32
                  RenderText {#text} at (0,2) size 19x32
                    text run at (0,2) width 32: "\x{5224}\x{7136}"
          RenderText {#text} at (1531,112) size 50x480
            text run at (1531,112) width 368: "\x{3057}\x{3066}\x{3044}\x{308B}\x{3002}\x{884C}\x{304F}\x{624B}\x{306F}\x{4E8C}\x{4E01}\x{307B}\x{3069}\x{3067}\x{5207}\x{308C}\x{3066}\x{3044}\x{308B}\x{304C}\x{3001}\x{9AD8}\x{3044}"
            text run at (1562,0) width 80: "\x{6240}\x{304B}\x{3089}\x{8D64}\x{3044}"
          RenderRuby (inline) {RUBY} at (0,0) size 19x32
            RenderRubyRun (anonymous) at (1562,80) size 20x32
              RenderRubyText {RT} at (-12,0) size 12x32
                RenderText {#text} at (0,2) size 12x28
                  text run at (0,2) width 27: "\x{3051}\x{3063}\x{3068}"
              RenderRubyBase (anonymous) at (0,0) size 20x32
                RenderInline {RB} at (0,0) size 19x32
                  RenderText {#text} at (0,0) size 19x32
                    text run at (0,0) width 32: "\x{6BDB}\x{5E03}"
          RenderText {#text} at (1562,112) size 50x480
            text run at (1562,112) width 368: "\x{304C}\x{52D5}\x{3044}\x{3066}\x{6765}\x{308B}\x{306E}\x{3092}\x{898B}\x{308B}\x{3068}\x{3001}\x{767B}\x{308C}\x{3070}\x{3042}\x{3059}\x{3053}\x{3078}\x{51FA}\x{308B}\x{306E}\x{3060}"
            text run at (1593,0) width 144: "\x{308D}\x{3046}\x{3002}\x{8DEF}\x{306F}\x{3059}\x{3053}\x{3076}\x{308B}"
          RenderRuby (inline) {RUBY} at (0,0) size 19x32
            RenderRubyRun (anonymous) at (1593,144) size 20x32
              RenderRubyText {RT} at (-12,0) size 12x32
                RenderText {#text} at (0,2) size 12x28
                  text run at (0,2) width 27: "\x{306A}\x{3093}\x{304E}"
              RenderRubyBase (anonymous) at (0,0) size 20x32
                RenderInline {RB} at (0,0) size 19x32
                  RenderText {#text} at (0,0) size 19x32
                    text run at (0,0) width 32: "\x{96E3}\x{7FA9}"
          RenderText {#text} at (1593,176) size 19x32
            text run at (1593,176) width 32: "\x{3060}\x{3002}"
          RenderBR {BR} at (1593,208) size 19x0
          RenderText {#text} at (1624,0) size 19x208
            text run at (1624,0) width 208: "\x{3000}\x{571F}\x{3092}\x{306A}\x{3089}\x{3059}\x{3060}\x{3051}\x{306A}\x{3089}\x{3055}\x{307B}\x{3069}"
          RenderRuby (inline) {RUBY} at (0,0) size 19x32
            RenderRubyRun (anonymous) at (1624,208) size 20x32
              RenderRubyText {RT} at (-12,0) size 12x32
                RenderText {#text} at (0,7) size 12x18
                  text run at (0,7) width 18: "\x{3066}\x{307E}"
              RenderRubyBase (anonymous) at (0,0) size 20x32
                RenderInline {RB} at (0,0) size 19x32
                  RenderText {#text} at (0,0) size 19x32
                    text run at (0,0) width 32: "\x{624B}\x{9593}"
          RenderText {#text} at (1624,240) size 19x16
            text run at (1624,240) width 16: "\x{3082}"
          RenderRuby (inline) {RUBY} at (0,0) size 19x16
            RenderRubyRun (anonymous) at (1624,256) size 20x16
              RenderRubyText {RT} at (-12,0) size 12x16
                RenderText {#text} at (0,3) size 12x10
                  text run at (0,3) width 9: "\x{3044}"
              RenderRubyBase (anonymous) at (0,0) size 20x16
                RenderInline {RB} at (0,0) size 19x16
                  RenderText {#text} at (0,0) size 19x16
                    text run at (0,0) width 16: "\x{5165}"
          RenderText {#text} at (1624,272) size 50x480
            text run at (1624,272) width 208: "\x{308B}\x{307E}\x{3044}\x{304C}\x{3001}\x{571F}\x{306E}\x{4E2D}\x{306B}\x{306F}\x{5927}\x{304D}\x{306A}"
            text run at (1655,0) width 112: "\x{77F3}\x{304C}\x{3042}\x{308B}\x{3002}\x{571F}\x{306F}"
          RenderRuby (inline) {RUBY} at (0,0) size 19x16
            RenderRubyRun (anonymous) at (1655,111) size 20x18
              RenderRubyText {RT} at (-12,0) size 12x18
                RenderText {#text} at (0,0) size 12x18
                  text run at (0,0) width 18: "\x{305F}\x{3044}"
              RenderRubyBase (anonymous) at (0,0) size 20x18
                RenderInline {RB} at (0,0) size 19x16
                  RenderText {#text} at (0,1) size 19x16
                    text run at (0,1) width 16: "\x{5E73}"
          RenderText {#text} at (1655,128) size 50x464
            text run at (1655,128) width 336: "\x{3089}\x{306B}\x{3057}\x{3066}\x{3082}\x{77F3}\x{306F}\x{5E73}\x{3089}\x{306B}\x{306A}\x{3089}\x{306C}\x{3002}\x{77F3}\x{306F}\x{5207}\x{308A}\x{7815}\x{3044}\x{3066}"
            text run at (1686,0) width 176: "\x{3082}\x{3001}\x{5CA9}\x{306F}\x{59CB}\x{672B}\x{304C}\x{3064}\x{304B}\x{306C}\x{3002}"
          RenderRuby (inline) {RUBY} at (0,0) size 19x32
            RenderRubyRun (anonymous) at (1686,174) size 20x36
              RenderRubyText {RT} at (-12,0) size 12x36
                RenderText {#text} at (0,0) size 12x36
                  text run at (0,0) width 36: "\x{307B}\x{308A}\x{304F}\x{305A}"
              RenderRubyBase (anonymous) at (0,0) size 20x36
                RenderInline {RB} at (0,0) size 19x32
                  RenderText {#text} at (0,2) size 19x32
                    text run at (0,2) width 32: "\x{6398}\x{5D29}"
          RenderText {#text} at (1686,208) size 19x96
            text run at (1686,208) width 96: "\x{3057}\x{305F}\x{571F}\x{306E}\x{4E0A}\x{306B}"
          RenderRuby (inline) {RUBY} at (0,0) size 19x32
            RenderRubyRun (anonymous) at (1686,302) size 20x36
              RenderRubyText {RT} at (-12,0) size 12x36
                RenderText {#text} at (0,0) size 12x36
                  text run at (0,0) width 36: "\x{3086}\x{3046}\x{305C}\x{3093}"
              RenderRubyBase (anonymous) at (0,0) size 20x36
                RenderInline {RB} at (0,0) size 19x32
                  RenderText {#text} at (0,2) size 19x32
                    text run at (0,2) width 32: "\x{60A0}\x{7136}"
          RenderText {#text} at (1686,336) size 19x16
            text run at (1686,336) width 16: "\x{3068}"
          RenderRuby (inline) {RUBY} at (0,0) size 19x19
            RenderRubyRun (anonymous) at (1686,348) size 20x27
              RenderRubyText {RT} at (-12,0) size 12x27
                RenderText {#text} at (0,0) size 12x27
                  text run at (0,0) width 27: "\x{305D}\x{3070}\x{3060}"
              RenderRubyBase (anonymous) at (0,0) size 20x27
                RenderInline {RB} at (0,0) size 19x17
                  RenderText {#text} at (0,5) size 19x17
                    text run at (0,5) width 16: "\x{5CD9}"
          RenderText {#text} at (1686,371) size 50x483
            text run at (1686,371) width 112: "\x{3063}\x{3066}\x{3001}\x{543E}\x{3089}\x{306E}\x{305F}"
            text run at (1717,0) width 96: "\x{3081}\x{306B}\x{9053}\x{3092}\x{8B72}\x{308B}"
          RenderRuby (inline) {RUBY} at (0,0) size 19x32
            RenderRubyRun (anonymous) at (1717,96) size 20x32
              RenderRubyText {RT} at (-12,0) size 12x32
                RenderText {#text} at (0,2) size 12x28
                  text run at (0,2) width 27: "\x{3051}\x{3057}\x{304D}"
              RenderRubyBase (anonymous) at (0,0) size 20x32
                RenderInline {RB} at (0,0) size 19x32
                  RenderText {#text} at (0,0) size 19x32
                    text run at (0,0) width 32: "\x{666F}\x{8272}"
          RenderText {#text} at (1717,128) size 50x480
            text run at (1717,128) width 352: "\x{306F}\x{306A}\x{3044}\x{3002}\x{5411}\x{3046}\x{3067}\x{805E}\x{304B}\x{306C}\x{4E0A}\x{306F}\x{4E57}\x{308A}\x{8D8A}\x{3059}\x{304B}\x{3001}\x{5EFB}\x{3089}\x{306A}\x{3051}"
            text run at (1748,0) width 96: "\x{308C}\x{3070}\x{306A}\x{3089}\x{3093}\x{3002}"
          RenderRuby (inline) {RUBY} at (0,0) size 19x16
            RenderRubyRun (anonymous) at (1748,95) size 20x18
              RenderRubyText {RT} at (-12,0) size 12x18
                RenderText {#text} at (0,0) size 12x18
                  text run at (0,0) width 18: "\x{3044}\x{308F}"
              RenderRubyBase (anonymous) at (0,0) size 20x18
                RenderInline {RB} at (0,0) size 19x16
                  RenderText {#text} at (0,1) size 19x16
                    text run at (0,1) width 16: "\x{5DCC}"
          RenderText {#text} at (1748,112) size 19x112
            text run at (1748,112) width 112: "\x{306E}\x{306A}\x{3044}\x{6240}\x{3067}\x{3055}\x{3048}"
          RenderRuby (inline) {RUBY} at (0,0) size 19x16
            RenderRubyRun (anonymous) at (1748,224) size 20x16
              RenderRubyText {RT} at (-12,0) size 12x16
                RenderText {#text} at (0,3) size 12x10
                  text run at (0,3) width 9: "\x{3042}"
              RenderRubyBase (anonymous) at (0,0) size 20x16
                RenderInline {RB} at (0,0) size 19x16
                  RenderText {#text} at (0,0) size 19x16
                    text run at (0,0) width 16: "\x{6B69}"
          RenderText {#text} at (1748,240) size 50x464
            text run at (1748,240) width 224: "\x{308B}\x{304D}\x{3088}\x{304F}\x{306F}\x{306A}\x{3044}\x{3002}\x{5DE6}\x{53F3}\x{304C}\x{9AD8}\x{304F}\x{3063}"
            text run at (1779,0) width 80: "\x{3066}\x{3001}\x{4E2D}\x{5FC3}\x{304C}"
          RenderRuby (inline) {RUBY} at (0,0) size 19x16
            RenderRubyRun (anonymous) at (1779,79) size 20x18
              RenderRubyText {RT} at (-12,0) size 12x18
                RenderText {#text} at (0,0) size 12x18
                  text run at (0,0) width 18: "\x{304F}\x{307C}"
              RenderRubyBase (anonymous) at (0,0) size 20x18
                RenderInline {RB} at (0,0) size 19x16
                  RenderText {#text} at (0,1) size 19x16
                    text run at (0,1) width 16: "\x{7AAA}"
          RenderText {#text} at (1779,96) size 19x128
            text run at (1779,96) width 128: "\x{3093}\x{3067}\x{3001}\x{307E}\x{308B}\x{3067}\x{4E00}\x{9593}"
          RenderRuby (inline) {RUBY} at (0,0) size 19x16
            RenderRubyRun (anonymous) at (1779,223) size 20x18
              RenderRubyText {RT} at (-12,0) size 12x18
                RenderText {#text} at (0,0) size 12x18
                  text run at (0,0) width 18: "\x{306F}\x{3070}"
              RenderRubyBase (anonymous) at (0,0) size 20x18
                RenderInline {RB} at (0,0) size 19x16
                  RenderText {#text} at (0,1) size 19x16
                    text run at (0,1) width 16: "\x{5E45}"
          RenderText {#text} at (1779,240) size 19x64
            text run at (1779,240) width 64: "\x{3092}\x{4E09}\x{89D2}\x{306B}"
          RenderRuby (inline) {RUBY} at (0,0) size 19x16
            RenderRubyRun (anonymous) at (1779,304) size 20x16
              RenderRubyText {RT} at (-12,0) size 12x16
                RenderText {#text} at (0,3) size 12x10
                  text run at (0,3) width 9: "\x{304F}"
              RenderRubyBase (anonymous) at (0,0) size 20x16
                RenderInline {RB} at (0,0) size 19x16
                  RenderText {#text} at (0,0) size 19x16
                    text run at (0,0) width 16: "\x{7A7F}"
          RenderText {#text} at (1779,320) size 19x128
            text run at (1779,320) width 128: "\x{3063}\x{3066}\x{3001}\x{305D}\x{306E}\x{9802}\x{70B9}\x{304C}"
          RenderRuby (inline) {RUBY} at (0,0) size 19x34
            RenderRubyRun (anonymous) at (1779,446) size 20x36
              RenderRubyText {RT} at (-12,0) size 12x36
                RenderText {#text} at (0,0) size 12x36
                  text run at (0,0) width 36: "\x{307E}\x{3093}\x{306A}\x{304B}"
              RenderRubyBase (anonymous) at (0,0) size 20x36
                RenderInline {RB} at (0,0) size 19x32
                  RenderText {#text} at (0,2) size 19x32
                    text run at (0,2) width 32: "\x{771F}\x{4E2D}"
          RenderText {#text} at (1810,0) size 19x16
            text run at (1810,0) width 16: "\x{3092}"
          RenderRuby (inline) {RUBY} at (0,0) size 19x19
            RenderRubyRun (anonymous) at (1810,12) size 20x27
              RenderRubyText {RT} at (-12,0) size 12x27
                RenderText {#text} at (0,0) size 12x27
                  text run at (0,0) width 27: "\x{3064}\x{3089}\x{306C}"
              RenderRubyBase (anonymous) at (0,0) size 20x27
                RenderInline {RB} at (0,0) size 19x17
                  RenderText {#text} at (0,5) size 19x17
                    text run at (0,5) width 16: "\x{8CAB}"
          RenderText {#text} at (1810,35) size 19x400
            text run at (1810,35) width 400: "\x{3044}\x{3066}\x{3044}\x{308B}\x{3068}\x{8A55}\x{3057}\x{3066}\x{3082}\x{3088}\x{3044}\x{3002}\x{8DEF}\x{3092}\x{884C}\x{304F}\x{3068}\x{4E91}\x{308F}\x{3093}\x{3088}\x{308A}\x{5DDD}\x{5E95}\x{3092}"
          RenderRuby (inline) {RUBY} at (0,0) size 19x16
            RenderRubyRun (anonymous) at (1810,434) size 20x18
              RenderRubyText {RT} at (-12,0) size 12x18
                RenderText {#text} at (0,0) size 12x18
                  text run at (0,0) width 18: "\x{308F}\x{305F}"
              RenderRubyBase (anonymous) at (0,0) size 20x18
                RenderInline {RB} at (0,0) size 19x16
                  RenderText {#text} at (0,1) size 19x16
                    text run at (0,1) width 16: "\x{6E09}"
          RenderText {#text} at (1810,451) size 50x483
            text run at (1810,451) width 32: "\x{308B}\x{3068}"
            text run at (1841,0) width 128: "\x{4E91}\x{3046}\x{65B9}\x{304C}\x{9069}\x{5F53}\x{3060}\x{3002}"
          RenderRuby (inline) {RUBY} at (0,0) size 19x16
            RenderRubyRun (anonymous) at (1841,127) size 20x18
              RenderRubyText {RT} at (-12,0) size 12x18
                RenderText {#text} at (0,0) size 12x18
                  text run at (0,0) width 18: "\x{3082}\x{3068}"
              RenderRubyBase (anonymous) at (0,0) size 20x18
                RenderInline {RB} at (0,0) size 19x16
                  RenderText {#text} at (0,1) size 19x16
                    text run at (0,1) width 16: "\x{56FA}"
          RenderText {#text} at (1841,144) size 19x256
            text run at (1841,144) width 256: "\x{3088}\x{308A}\x{6025}\x{3050}\x{65C5}\x{3067}\x{306A}\x{3044}\x{304B}\x{3089}\x{3001}\x{3076}\x{3089}\x{3076}\x{3089}\x{3068}"
          RenderRuby (inline) {RUBY} at (0,0) size 19x32
            RenderRubyRun (anonymous) at (1841,398) size 20x36
              RenderRubyText {RT} at (-12,0) size 12x36
                RenderText {#text} at (0,0) size 12x36
                  text run at (0,0) width 36: "\x{306A}\x{306A}\x{307E}\x{304C}"
              RenderRubyBase (anonymous) at (0,0) size 20x36
                RenderInline {RB} at (0,0) size 19x32
                  RenderText {#text} at (0,2) size 19x32
                    text run at (0,2) width 32: "\x{4E03}\x{66F2}"
          RenderText {#text} at (1841,432) size 39x480
            text run at (1841,432) width 48: "\x{308A}\x{3078}\x{304B}"
            text run at (1861,0) width 48: "\x{304B}\x{308B}\x{3002}"
          RenderBR {BR} at (1861,48) size 19x0
          RenderText {#text} at (1892,0) size 19x144
            text run at (1892,0) width 144: "\x{3000}\x{305F}\x{3061}\x{307E}\x{3061}\x{8DB3}\x{306E}\x{4E0B}\x{3067}"
          RenderRuby (inline) {RUBY} at (0,0) size 19x32
            RenderRubyRun (anonymous) at (1892,144) size 20x32
              RenderRubyText {RT} at (-12,0) size 12x32
                RenderText {#text} at (0,2) size 12x28
                  text run at (0,2) width 27: "\x{3072}\x{3070}\x{308A}"
              RenderRubyBase (anonymous) at (0,0) size 20x32
                RenderInline {RB} at (0,0) size 19x32
                  RenderText {#text} at (0,0) size 19x32
                    text run at (0,0) width 32: "\x{96F2}\x{96C0}"
          RenderText {#text} at (1892,176) size 19x160
            text run at (1892,176) width 160: "\x{306E}\x{58F0}\x{304C}\x{3057}\x{51FA}\x{3057}\x{305F}\x{3002}\x{8C37}\x{3092}"
          RenderRuby (inline) {RUBY} at (0,0) size 19x32
            RenderRubyRun (anonymous) at (1892,336) size 20x32
              RenderRubyText {RT} at (-12,0) size 12x32
                RenderText {#text} at (0,2) size 12x28
                  text run at (0,2) width 27: "\x{307F}\x{304A}\x{308D}"
              RenderRubyBase (anonymous) at (0,0) size 20x32
                RenderInline {RB} at (0,0) size 19x32
                  RenderText {#text} at (0,0) size 19x32
                    text run at (0,0) width 32: "\x{898B}\x{4E0B}"
          RenderText {#text} at (1892,368) size 70x480
            text run at (1892,368) width 112: "\x{3057}\x{305F}\x{304C}\x{3001}\x{3069}\x{3053}\x{3067}"
            text run at (1912,0) width 480: "\x{9CF4}\x{3044}\x{3066}\x{308B}\x{304B}\x{5F71}\x{3082}\x{5F62}\x{3082}\x{898B}\x{3048}\x{306C}\x{3002}\x{305F}\x{3060}\x{58F0}\x{3060}\x{3051}\x{304C}\x{660E}\x{3089}\x{304B}\x{306B}\x{805E}\x{3048}\x{308B}\x{3002}\x{305B}\x{3063}\x{305B}"
            text run at (1943,0) width 16: "\x{3068}"
          RenderRuby (inline) {RUBY} at (0,0) size 19x16
            RenderRubyRun (anonymous) at (1943,15) size 20x18
              RenderRubyText {RT} at (-12,0) size 12x18
                RenderText {#text} at (0,0) size 12x18
                  text run at (0,0) width 18: "\x{305B}\x{308F}"
              RenderRubyBase (anonymous) at (0,0) size 20x18
                RenderInline {RB} at (0,0) size 19x16
                  RenderText {#text} at (0,1) size 19x16
                    text run at (0,1) width 16: "\x{5FD9}"
          RenderText {#text} at (1943,32) size 19x48
            text run at (1943,32) width 48: "\x{3057}\x{304F}\x{3001}"
          RenderRuby (inline) {RUBY} at (0,0) size 19x32
            RenderRubyRun (anonymous) at (1943,80) size 20x32
              RenderRubyText {RT} at (-12,0) size 12x32
                RenderText {#text} at (0,2) size 12x28
                  text run at (0,2) width 27: "\x{305F}\x{3048}\x{307E}"
              RenderRubyBase (anonymous) at (0,0) size 20x32
                RenderInline {RB} at (0,0) size 19x32
                  RenderText {#text} at (0,0) size 19x32
                    text run at (0,0) width 32: "\x{7D76}\x{9593}"
          RenderText {#text} at (1943,112) size 19x128
            text run at (1943,112) width 128: "\x{306A}\x{304F}\x{9CF4}\x{3044}\x{3066}\x{3044}\x{308B}\x{3002}"
          RenderRuby (inline) {RUBY} at (0,0) size 19x48
            RenderRubyRun (anonymous) at (1943,240) size 20x48
              RenderRubyText {RT} at (-12,0) size 12x48
                RenderText {#text} at (0,1) size 12x46
                  text run at (0,1) width 45: "\x{307B}\x{3046}\x{3044}\x{304F}\x{308A}"
              RenderRubyBase (anonymous) at (0,0) size 20x48
                RenderInline {RB} at (0,0) size 19x48
                  RenderText {#text} at (0,0) size 19x48
                    text run at (0,0) width 48: "\x{65B9}\x{5E7E}\x{91CC}"
          RenderText {#text} at (1943,288) size 19x112
            text run at (1943,288) width 112: "\x{306E}\x{7A7A}\x{6C17}\x{304C}\x{4E00}\x{9762}\x{306B}"
          RenderRuby (inline) {RUBY} at (0,0) size 19x16
            RenderRubyRun (anonymous) at (1943,399) size 20x18
              RenderRubyText {RT} at (-12,0) size 12x18
                RenderText {#text} at (0,0) size 12x18
                  text run at (0,0) width 18: "\x{306E}\x{307F}"
              RenderRubyBase (anonymous) at (0,0) size 20x18
                RenderInline {RB} at (0,0) size 19x16
                  RenderText {#text} at (0,1) size 19x16
                    text run at (0,1) width 16: "\x{86A4}"
          RenderText {#text} at (1943,416) size 50x480
            text run at (1943,416) width 64: "\x{306B}\x{523A}\x{3055}\x{308C}"
            text run at (1974,0) width 352: "\x{3066}\x{3044}\x{305F}\x{305F}\x{307E}\x{308C}\x{306A}\x{3044}\x{3088}\x{3046}\x{306A}\x{6C17}\x{304C}\x{3059}\x{308B}\x{3002}\x{3042}\x{306E}\x{9CE5}\x{306E}\x{9CF4}\x{304F}"
          RenderRuby (inline) {RUBY} at (0,0) size 19x16
            RenderRubyRun (anonymous) at (1974,352) size 20x16
              RenderRubyText {RT} at (-12,0) size 12x16
                RenderText {#text} at (0,3) size 12x10
                  text run at (0,3) width 9: "\x{306D}"
              RenderRubyBase (anonymous) at (0,0) size 20x16
                RenderInline {RB} at (0,0) size 19x16
                  RenderText {#text} at (0,0) size 19x16
                    text run at (0,0) width 16: "\x{97F3}"
          RenderText {#text} at (1974,368) size 110x480
            text run at (1974,368) width 112: "\x{306B}\x{306F}\x{77AC}\x{6642}\x{306E}\x{4F59}\x{88D5}"
            text run at (1994,0) width 480: "\x{3082}\x{306A}\x{3044}\x{3002}\x{306E}\x{3069}\x{304B}\x{306A}\x{6625}\x{306E}\x{65E5}\x{3092}\x{9CF4}\x{304D}\x{5C3D}\x{304F}\x{3057}\x{3001}\x{9CF4}\x{304D}\x{3042}\x{304B}\x{3057}\x{3001}\x{307E}\x{305F}\x{9CF4}\x{304D}\x{66AE}\x{3089}"
            text run at (2014,0) width 480: "\x{3055}\x{306A}\x{3051}\x{308C}\x{3070}\x{6C17}\x{304C}\x{6E08}\x{307E}\x{3093}\x{3068}\x{898B}\x{3048}\x{308B}\x{3002}\x{305D}\x{306E}\x{4E0A}\x{3069}\x{3053}\x{307E}\x{3067}\x{3082}\x{767B}\x{3063}\x{3066}\x{884C}\x{304F}\x{3001}\x{3044}"
            text run at (2034,0) width 480: "\x{3064}\x{307E}\x{3067}\x{3082}\x{767B}\x{3063}\x{3066}\x{884C}\x{304F}\x{3002}\x{96F2}\x{96C0}\x{306F}\x{304D}\x{3063}\x{3068}\x{96F2}\x{306E}\x{4E2D}\x{3067}\x{6B7B}\x{306C}\x{306B}\x{76F8}\x{9055}\x{306A}\x{3044}\x{3002}\x{767B}\x{308A}"
            text run at (2065,0) width 48: "\x{8A70}\x{3081}\x{305F}"
          RenderRuby (inline) {RUBY} at (0,0) size 19x32
            RenderRubyRun (anonymous) at (2065,48) size 20x32
              RenderRubyText {RT} at (-12,0) size 12x32
                RenderText {#text} at (0,2) size 12x28
                  text run at (0,2) width 27: "\x{3042}\x{3052}\x{304F}"
              RenderRubyBase (anonymous) at (0,0) size 20x32
                RenderInline {RB} at (0,0) size 19x32
                  RenderText {#text} at (0,0) size 19x32
                    text run at (0,0) width 32: "\x{63DA}\x{53E5}"
          RenderText {#text} at (2065,80) size 19x112
            text run at (2065,80) width 112: "\x{306F}\x{3001}\x{6D41}\x{308C}\x{3066}\x{96F2}\x{306B}"
          RenderRuby (inline) {RUBY} at (0,0) size 19x16
            RenderRubyRun (anonymous) at (2065,192) size 20x16
              RenderRubyText {RT} at (-12,0) size 12x16
                RenderText {#text} at (0,3) size 12x10
                  text run at (0,3) width 9: "\x{3044}"
              RenderRubyBase (anonymous) at (0,0) size 20x16
                RenderInline {RB} at (0,0) size 19x16
                  RenderText {#text} at (0,0) size 19x16
                    text run at (0,0) width 16: "\x{5165}"
          RenderText {#text} at (2065,208) size 19x48
            text run at (2065,208) width 48: "\x{3063}\x{3066}\x{3001}"
          RenderRuby (inline) {RUBY} at (0,0) size 19x19
            RenderRubyRun (anonymous) at (2065,252) size 20x27
              RenderRubyText {RT} at (-12,0) size 12x27
                RenderText {#text} at (0,0) size 12x27
                  text run at (0,0) width 27: "\x{305F}\x{3060}\x{3088}"
              RenderRubyBase (anonymous) at (0,0) size 20x27
                RenderInline {RB} at (0,0) size 19x17
                  RenderText {#text} at (0,5) size 19x17
                    text run at (0,5) width 16: "\x{6F02}"
          RenderText {#text} at (2065,275) size 50x483
            text run at (2065,275) width 208: "\x{3046}\x{3066}\x{3044}\x{308B}\x{3046}\x{3061}\x{306B}\x{5F62}\x{306F}\x{6D88}\x{3048}\x{3066}\x{306A}"
            text run at (2096,0) width 208: "\x{304F}\x{306A}\x{3063}\x{3066}\x{3001}\x{305F}\x{3060}\x{58F0}\x{3060}\x{3051}\x{304C}\x{7A7A}\x{306E}"
          RenderRuby (inline) {RUBY} at (0,0) size 19x16
            RenderRubyRun (anonymous) at (2096,207) size 20x18
              RenderRubyText {RT} at (-12,0) size 12x18
                RenderText {#text} at (0,0) size 12x18
                  text run at (0,0) width 18: "\x{3046}\x{3061}"
              RenderRubyBase (anonymous) at (0,0) size 20x18
                RenderInline {RB} at (0,0) size 19x16
                  RenderText {#text} at (0,1) size 19x16
                    text run at (0,1) width 16: "\x{88E1}"
          RenderText {#text} at (2096,224) size 19x176
            text run at (2096,224) width 176: "\x{306B}\x{6B8B}\x{308B}\x{306E}\x{304B}\x{3082}\x{77E5}\x{308C}\x{306A}\x{3044}\x{3002}"
          RenderBR {BR} at (2096,400) size 19x0
          RenderText {#text} at (2127,0) size 19x16
            text run at (2127,0) width 16: "\x{3000}"
          RenderRuby (inline) {RUBY} at (0,0) size 19x32
            RenderRubyRun (anonymous) at (2127,14) size 20x36
              RenderRubyText {RT} at (-12,0) size 12x36
                RenderText {#text} at (0,0) size 12x36
                  text run at (0,0) width 36: "\x{3044}\x{308F}\x{304B}\x{3069}"
              RenderRubyBase (anonymous) at (0,0) size 20x36
                RenderInline {RB} at (0,0) size 19x32
                  RenderText {#text} at (0,2) size 19x32
                    text run at (0,2) width 32: "\x{5DCC}\x{89D2}"
          RenderText {#text} at (2127,48) size 19x128
            text run at (2127,48) width 128: "\x{3092}\x{92ED}\x{3069}\x{304F}\x{5EFB}\x{3063}\x{3066}\x{3001}"
          RenderRuby (inline) {RUBY} at (0,0) size 19x32
            RenderRubyRun (anonymous) at (2127,176) size 20x32
              RenderRubyText {RT} at (-12,0) size 12x32
                RenderText {#text} at (0,2) size 12x28
                  text run at (0,2) width 27: "\x{3042}\x{3093}\x{307E}"
              RenderRubyBase (anonymous) at (0,0) size 20x32
                RenderInline {RB} at (0,0) size 19x32
                  RenderText {#text} at (0,0) size 19x32
                    text run at (0,0) width 32: "\x{6309}\x{6469}"
          RenderText {#text} at (2127,208) size 19x32
            text run at (2127,208) width 32: "\x{306A}\x{3089}"
          RenderRuby (inline) {RUBY} at (0,0) size 19x48
            RenderRubyRun (anonymous) at (2127,237) size 20x54
              RenderRubyText {RT} at (-12,0) size 12x54
                RenderText {#text} at (0,0) size 12x54
                  text run at (0,0) width 54: "\x{307E}\x{3063}\x{3055}\x{304B}\x{3055}\x{307E}"
              RenderRubyBase (anonymous) at (0,0) size 20x54
                RenderInline {RB} at (0,0) size 19x48
                  RenderText {#text} at (0,3) size 19x48
                    text run at (0,3) width 48: "\x{771F}\x{9006}\x{69D8}"
          RenderText {#text} at (2127,288) size 19x144
            text run at (2127,288) width 144: "\x{306B}\x{843D}\x{3064}\x{308B}\x{3068}\x{3053}\x{308D}\x{3092}\x{3001}"
          RenderRuby (inline) {RUBY} at (0,0) size 19x16
            RenderRubyRun (anonymous) at (2127,431) size 20x18
              RenderRubyText {RT} at (-12,0) size 12x18
                RenderText {#text} at (0,0) size 12x18
                  text run at (0,0) width 18: "\x{304D}\x{308F}"
              RenderRubyBase (anonymous) at (0,0) size 20x18
                RenderInline {RB} at (0,0) size 19x16
                  RenderText {#text} at (0,1) size 19x16
                    text run at (0,1) width 16: "\x{969B}"
          RenderText {#text} at (2127,448) size 50x480
            text run at (2127,448) width 32: "\x{3069}\x{304F}"
            text run at (2158,0) width 128: "\x{53F3}\x{3078}\x{5207}\x{308C}\x{3066}\x{3001}\x{6A2A}\x{306B}"
          RenderRuby (inline) {RUBY} at (0,0) size 19x32
            RenderRubyRun (anonymous) at (2158,128) size 20x32
              RenderRubyText {RT} at (-12,0) size 12x32
                RenderText {#text} at (0,2) size 12x28
                  text run at (0,2) width 27: "\x{307F}\x{304A}\x{308D}"
              RenderRubyBase (anonymous) at (0,0) size 20x32
                RenderInline {RB} at (0,0) size 19x32
                  RenderText {#text} at (0,0) size 19x32
                    text run at (0,0) width 32: "\x{898B}\x{4E0B}"
          RenderText {#text} at (2158,160) size 19x48
            text run at (2158,160) width 48: "\x{3059}\x{3068}\x{3001}"
          RenderRuby (inline) {RUBY} at (0,0) size 19x16
            RenderRubyRun (anonymous) at (2158,208) size 20x16
              RenderRubyText {RT} at (-12,0) size 12x16
                RenderText {#text} at (0,3) size 12x10
                  text run at (0,3) width 9: "\x{306A}"
              RenderRubyBase (anonymous) at (0,0) size 20x16
                RenderInline {RB} at (0,0) size 19x16
                  RenderText {#text} at (0,0) size 19x16
                    text run at (0,0) width 16: "\x{83DC}"
          RenderText {#text} at (2158,224) size 50x480
            text run at (2158,224) width 256: "\x{306E}\x{82B1}\x{304C}\x{4E00}\x{9762}\x{306B}\x{898B}\x{3048}\x{308B}\x{3002}\x{96F2}\x{96C0}\x{306F}\x{3042}\x{3059}\x{3053}"
            text run at (2189,0) width 272: "\x{3078}\x{843D}\x{3061}\x{308B}\x{306E}\x{304B}\x{3068}\x{601D}\x{3063}\x{305F}\x{3002}\x{3044}\x{3044}\x{3084}\x{3001}\x{3042}\x{306E}"
          RenderRuby (inline) {RUBY} at (0,0) size 19x32
            RenderRubyRun (anonymous) at (2189,272) size 20x32
              RenderRubyText {RT} at (-12,0) size 12x32
                RenderText {#text} at (0,2) size 12x28
                  text run at (0,2) width 27: "\x{3053}\x{304C}\x{306D}"
              RenderRubyBase (anonymous) at (0,0) size 20x32
                RenderInline {RB} at (0,0) size 19x32
                  RenderText {#text} at (0,0) size 19x32
                    text run at (0,0) width 32: "\x{9EC4}\x{91D1}"
          RenderText {#text} at (2189,304) size 50x480
            text run at (2189,304) width 176: "\x{306E}\x{539F}\x{304B}\x{3089}\x{98DB}\x{3073}\x{4E0A}\x{304C}\x{3063}\x{3066}\x{304F}"
            text run at (2220,0) width 288: "\x{308B}\x{306E}\x{304B}\x{3068}\x{601D}\x{3063}\x{305F}\x{3002}\x{6B21}\x{306B}\x{306F}\x{843D}\x{3061}\x{308B}\x{96F2}\x{96C0}\x{3068}\x{3001}"
          RenderRuby (inline) {RUBY} at (0,0) size 19x16
            RenderRubyRun (anonymous) at (2220,287) size 20x18
              RenderRubyText {RT} at (-12,0) size 12x18
                RenderText {#text} at (0,0) size 12x18
                  text run at (0,0) width 18: "\x{3042}\x{304C}"
              RenderRubyBase (anonymous) at (0,0) size 20x18
                RenderInline {RB} at (0,0) size 19x16
                  RenderText {#text} at (0,1) size 19x16
                    text run at (0,1) width 16: "\x{4E0A}"
          RenderText {#text} at (2220,304) size 19x16
            text run at (2220,304) width 16: "\x{308B}"
          RenderRuby (inline) {RUBY} at (0,0) size 19x32
            RenderRubyRun (anonymous) at (2220,320) size 20x32
              RenderRubyText {RT} at (-12,0) size 12x32
                RenderText {#text} at (0,2) size 12x28
                  text run at (0,2) width 27: "\x{3072}\x{3070}\x{308A}"
              RenderRubyBase (anonymous) at (0,0) size 20x32
                RenderInline {RB} at (0,0) size 19x32
                  RenderText {#text} at (0,0) size 19x32
                    text run at (0,0) width 32: "\x{96F2}\x{96C0}"
          RenderText {#text} at (2220,352) size 50x480
            text run at (2220,352) width 128: "\x{304C}\x{5341}\x{6587}\x{5B57}\x{306B}\x{3059}\x{308C}\x{9055}"
            text run at (2251,0) width 464: "\x{3046}\x{306E}\x{304B}\x{3068}\x{601D}\x{3063}\x{305F}\x{3002}\x{6700}\x{5F8C}\x{306B}\x{3001}\x{843D}\x{3061}\x{308B}\x{6642}\x{3082}\x{3001}\x{4E0A}\x{308B}\x{6642}\x{3082}\x{3001}\x{307E}\x{305F}\x{5341}\x{6587}\x{5B57}\x{306B}"
          RenderRuby (inline) {RUBY} at (0,0) size 19x16
            RenderRubyRun (anonymous) at (2251,464) size 20x16
              RenderRubyText {RT} at (-12,0) size 12x16
                RenderText {#text} at (0,3) size 12x10
                  text run at (0,3) width 9: "\x{3059}"
              RenderRubyBase (anonymous) at (0,0) size 20x16
                RenderInline {RB} at (0,0) size 19x16
                  RenderText {#text} at (0,0) size 19x16
                    text run at (0,0) width 16: "\x{64E6}"
          RenderText {#text} at (2271,0) size 19x400
            text run at (2271,0) width 400: "\x{308C}\x{9055}\x{3046}\x{3068}\x{304D}\x{306B}\x{3082}\x{5143}\x{6C17}\x{3088}\x{304F}\x{9CF4}\x{304D}\x{3064}\x{3065}\x{3051}\x{308B}\x{3060}\x{308D}\x{3046}\x{3068}\x{601D}\x{3063}\x{305F}\x{3002}"
          RenderBR {BR} at (2271,400) size 19x0
          RenderText {#text} at (2302,0) size 19x192
            text run at (2302,0) width 192: "\x{3000}\x{6625}\x{306F}\x{7720}\x{304F}\x{306A}\x{308B}\x{3002}\x{732B}\x{306F}\x{9F20}\x{3092}"
          RenderRuby (inline) {RUBY} at (0,0) size 19x16
            RenderRubyRun (anonymous) at (2302,192) size 20x16
              RenderRubyText {RT} at (-12,0) size 12x16
                RenderText {#text} at (0,3) size 12x10
                  text run at (0,3) width 9: "\x{3068}"
              RenderRubyBase (anonymous) at (0,0) size 20x16
                RenderInline {RB} at (0,0) size 19x16
                  RenderText {#text} at (0,0) size 19x16
                    text run at (0,0) width 16: "\x{6355}"
          RenderText {#text} at (2302,208) size 50x480
            text run at (2302,208) width 272: "\x{308B}\x{4E8B}\x{3092}\x{5FD8}\x{308C}\x{3001}\x{4EBA}\x{9593}\x{306F}\x{501F}\x{91D1}\x{306E}\x{3042}\x{308B}\x{4E8B}\x{3092}\x{5FD8}"
            text run at (2333,0) width 144: "\x{308C}\x{308B}\x{3002}\x{6642}\x{306B}\x{306F}\x{81EA}\x{5206}\x{306E}"
          RenderRuby (inline) {RUBY} at (0,0) size 19x28
            RenderRubyRun (anonymous) at (2333,140) size 20x36
              RenderRubyText {RT} at (-12,0) size 12x36
                RenderText {#text} at (0,0) size 12x36
                  text run at (0,0) width 36: "\x{305F}\x{307E}\x{3057}\x{3044}"
              RenderRubyBase (anonymous) at (0,0) size 20x36
                RenderInline {RB} at (0,0) size 19x16
                  RenderText {#text} at (0,10) size 19x16
                    text run at (0,10) width 16: "\x{9B42}"
          RenderText {#text} at (2333,172) size 19x16
            text run at (2333,172) width 16: "\x{306E}"
          RenderRuby (inline) {RUBY} at (0,0) size 19x32
            RenderRubyRun (anonymous) at (2333,186) size 20x36
              RenderRubyText {RT} at (-12,0) size 12x36
                RenderText {#text} at (0,0) size 12x36
                  text run at (0,0) width 36: "\x{3044}\x{3069}\x{3053}\x{308D}"
              RenderRubyBase (anonymous) at (0,0) size 20x36
                RenderInline {RB} at (0,0) size 19x32
                  RenderText {#text} at (0,2) size 19x32
                    text run at (0,2) width 32: "\x{5C45}\x{6240}"
          RenderText {#text} at (2333,220) size 50x476
            text run at (2333,220) width 256: "\x{3055}\x{3048}\x{5FD8}\x{308C}\x{3066}\x{6B63}\x{4F53}\x{306A}\x{304F}\x{306A}\x{308B}\x{3002}\x{305F}\x{3060}\x{83DC}\x{306E}"
            text run at (2364,0) width 192: "\x{82B1}\x{3092}\x{9060}\x{304F}\x{671B}\x{3093}\x{3060}\x{3068}\x{304D}\x{306B}\x{773C}\x{304C}"
          RenderRuby (inline) {RUBY} at (0,0) size 19x16
            RenderRubyRun (anonymous) at (2364,192) size 20x16
              RenderRubyText {RT} at (-12,0) size 12x16
                RenderText {#text} at (0,3) size 12x10
                  text run at (0,3) width 9: "\x{3055}"
              RenderRubyBase (anonymous) at (0,0) size 20x16
                RenderInline {RB} at (0,0) size 19x16
                  RenderText {#text} at (0,0) size 19x16
                    text run at (0,0) width 16: "\x{9192}"
          RenderText {#text} at (2364,208) size 50x480
            text run at (2364,208) width 272: "\x{3081}\x{308B}\x{3002}\x{96F2}\x{96C0}\x{306E}\x{58F0}\x{3092}\x{805E}\x{3044}\x{305F}\x{3068}\x{304D}\x{306B}\x{9B42}\x{306E}\x{3042}"
            text run at (2395,0) width 48: "\x{308A}\x{304B}\x{304C}"
          RenderRuby (inline) {RUBY} at (0,0) size 19x32
            RenderRubyRun (anonymous) at (2395,46) size 20x36
              RenderRubyText {RT} at (-12,0) size 12x36
                RenderText {#text} at (0,0) size 12x36
                  text run at (0,0) width 36: "\x{306F}\x{3093}\x{305C}\x{3093}"
              RenderRubyBase (anonymous) at (0,0) size 20x36
                RenderInline {RB} at (0,0) size 19x32
                  RenderText {#text} at (0,2) size 19x32
                    text run at (0,2) width 32: "\x{5224}\x{7136}"
          RenderText {#text} at (2395,80) size 79x480
            text run at (2395,80) width 400: "\x{3059}\x{308B}\x{3002}\x{96F2}\x{96C0}\x{306E}\x{9CF4}\x{304F}\x{306E}\x{306F}\x{53E3}\x{3067}\x{9CF4}\x{304F}\x{306E}\x{3067}\x{306F}\x{306A}\x{3044}\x{3001}\x{9B42}\x{5168}\x{4F53}\x{304C}\x{9CF4}"
            text run at (2415,0) width 480: "\x{304F}\x{306E}\x{3060}\x{3002}\x{9B42}\x{306E}\x{6D3B}\x{52D5}\x{304C}\x{58F0}\x{306B}\x{3042}\x{3089}\x{308F}\x{308C}\x{305F}\x{3082}\x{306E}\x{306E}\x{3046}\x{3061}\x{3067}\x{3001}\x{3042}\x{308C}\x{307B}\x{3069}\x{5143}\x{6C17}\x{306E}"
            text run at (2435,0) width 480: "\x{3042}\x{308B}\x{3082}\x{306E}\x{306F}\x{306A}\x{3044}\x{3002}\x{3042}\x{3042}\x{6109}\x{5FEB}\x{3060}\x{3002}\x{3053}\x{3046}\x{601D}\x{3063}\x{3066}\x{3001}\x{3053}\x{3046}\x{6109}\x{5FEB}\x{306B}\x{306A}\x{308B}\x{306E}\x{304C}\x{8A69}"
            text run at (2455,0) width 64: "\x{3067}\x{3042}\x{308B}\x{3002}"
          RenderBR {BR} at (2455,64) size 19x0
          RenderText {#text} at (2475,0) size 50x480
            text run at (2475,0) width 480: "\x{3000}\x{305F}\x{3061}\x{307E}\x{3061}\x{30B7}\x{30A7}\x{30EC}\x{30FC}\x{306E}\x{96F2}\x{96C0}\x{306E}\x{8A69}\x{3092}\x{601D}\x{3044}\x{51FA}\x{3057}\x{3066}\x{3001}\x{53E3}\x{306E}\x{3046}\x{3061}\x{3067}\x{899A}\x{3048}\x{305F}\x{3068}"
            text run at (2506,0) width 64: "\x{3053}\x{308D}\x{3060}\x{3051}"
          RenderRuby (inline) {RUBY} at (0,0) size 19x37
            RenderRubyRun (anonymous) at (2506,60) size 20x45
              RenderRubyText {RT} at (-12,0) size 12x45
                RenderText {#text} at (0,0) size 12x45
                  text run at (0,0) width 45: "\x{3042}\x{3093}\x{3057}\x{3087}\x{3046}"
              RenderRubyBase (anonymous) at (0,0) size 20x45
                RenderInline {RB} at (0,0) size 19x33
                  RenderText {#text} at (0,6) size 19x33
                    text run at (0,6) width 32: "\x{6697}\x{8AA6}"
          RenderText {#text} at (2506,101) size 39x469
            text run at (2506,101) width 368: "\x{3057}\x{3066}\x{898B}\x{305F}\x{304C}\x{3001}\x{899A}\x{3048}\x{3066}\x{3044}\x{308B}\x{3068}\x{3053}\x{308D}\x{306F}\x{4E8C}\x{4E09}\x{53E5}\x{3057}\x{304B}\x{306A}\x{304B}\x{3063}"
            text run at (2526,0) width 304: "\x{305F}\x{3002}\x{305D}\x{306E}\x{4E8C}\x{4E09}\x{53E5}\x{306E}\x{306A}\x{304B}\x{306B}\x{3053}\x{3093}\x{306A}\x{306E}\x{304C}\x{3042}\x{308B}\x{3002}"
          RenderBR {BR} at (2526,304) size 19x0
        RenderBlock {DIV} at (2546,32) size 100x460
          RenderText {#text} at (0,0) size 19x185
            text run at (0,0) width 185: "\x{3000}\x{3000}We look before and after"
          RenderBR {BR} at (0,185) size 19x0
          RenderText {#text} at (20,0) size 19x212
            text run at (20,0) width 212: "\x{3000}\x{3000}\x{3000}\x{3000}And pine for what is not:"
          RenderBR {BR} at (20,212) size 19x0
          RenderText {#text} at (40,0) size 19x163
            text run at (40,0) width 163: "\x{3000}\x{3000}Our sincerest laughter"
          RenderBR {BR} at (40,163) size 19x0
          RenderText {#text} at (60,0) size 19x220
            text run at (60,0) width 220: "\x{3000}\x{3000}\x{3000}\x{3000}With some pain is fraught;"
          RenderBR {BR} at (60,220) size 19x0
          RenderText {#text} at (80,0) size 19x342
            text run at (80,0) width 342: "Our sweetest songs are those that tell of saddest thought."
          RenderBR {BR} at (80,342) size 19x0
        RenderBlock (anonymous) at (2646,0) size 1880x492
          RenderText {#text} at (12,0) size 19x112
            text run at (12,0) width 112: "\x{300C}\x{524D}\x{3092}\x{307F}\x{3066}\x{306F}\x{3001}"
          RenderRuby (inline) {RUBY} at (0,0) size 19x16
            RenderRubyRun (anonymous) at (12,111) size 20x18
              RenderRubyText {RT} at (-12,0) size 12x18
                RenderText {#text} at (0,0) size 12x18
                  text run at (0,0) width 18: "\x{3057}\x{308A}"
              RenderRubyBase (anonymous) at (0,0) size 20x18
                RenderInline {RB} at (0,0) size 19x16
                  RenderText {#text} at (0,1) size 19x16
                    text run at (0,1) width 16: "\x{5F8C}"
          RenderText {#text} at (12,128) size 19x96
            text run at (12,128) width 96: "\x{3048}\x{3092}\x{898B}\x{3066}\x{306F}\x{3001}"
          RenderRuby (inline) {RUBY} at (0,0) size 19x32
            RenderRubyRun (anonymous) at (12,224) size 20x32
              RenderRubyText {RT} at (-12,0) size 12x32
                RenderText {#text} at (0,2) size 12x28
                  text run at (0,2) width 27: "\x{3082}\x{306E}\x{307B}"
              RenderRubyBase (anonymous) at (0,0) size 20x32
                RenderInline {RB} at (0,0) size 19x32
                  RenderText {#text} at (0,0) size 19x32
                    text run at (0,0) width 32: "\x{7269}\x{6B32}"
          RenderText {#text} at (12,256) size 50x480
            text run at (12,256) width 224: "\x{3057}\x{3068}\x{3001}\x{3042}\x{3053}\x{304C}\x{308B}\x{308B}\x{304B}\x{306A}\x{308F}\x{308C}\x{3002}\x{8179}"
            text run at (43,0) width 464: "\x{304B}\x{3089}\x{306E}\x{3001}\x{7B11}\x{3068}\x{3044}\x{3048}\x{3069}\x{3001}\x{82E6}\x{3057}\x{307F}\x{306E}\x{3001}\x{305D}\x{3053}\x{306B}\x{3042}\x{308B}\x{3079}\x{3057}\x{3002}\x{3046}\x{3064}\x{304F}\x{3057}\x{304D}\x{3001}"
          RenderRuby (inline) {RUBY} at (0,0) size 19x17
            RenderRubyRun (anonymous) at (43,463) size 20x18
              RenderRubyText {RT} at (-12,0) size 12x18
                RenderText {#text} at (0,0) size 12x18
                  text run at (0,0) width 18: "\x{304D}\x{308F}"
              RenderRubyBase (anonymous) at (0,0) size 20x18
                RenderInline {RB} at (0,0) size 19x16
                  RenderText {#text} at (0,1) size 19x16
                    text run at (0,1) width 16: "\x{6975}"
          RenderText {#text} at (74,0) size 19x208
            text run at (74,0) width 208: "\x{307F}\x{306E}\x{6B4C}\x{306B}\x{3001}\x{60B2}\x{3057}\x{3055}\x{306E}\x{3001}\x{6975}\x{307F}\x{306E}"
          RenderRuby (inline) {RUBY} at (0,0) size 19x19
            RenderRubyRun (anonymous) at (74,204) size 20x27
              RenderRubyText {RT} at (-12,0) size 12x27
                RenderText {#text} at (0,0) size 12x27
                  text run at (0,0) width 27: "\x{304A}\x{3082}\x{3044}"
              RenderRubyBase (anonymous) at (0,0) size 20x27
                RenderInline {RB} at (0,0) size 19x17
                  RenderText {#text} at (0,5) size 19x17
                    text run at (0,5) width 16: "\x{60F3}"
          RenderText {#text} at (74,227) size 19x16
            text run at (74,227) width 16: "\x{3001}"
          RenderRuby (inline) {RUBY} at (0,0) size 19x16
            RenderRubyRun (anonymous) at (74,242) size 20x18
              RenderRubyText {RT} at (-12,0) size 12x18
                RenderText {#text} at (0,0) size 12x18
                  text run at (0,0) width 18: "\x{3053}\x{3082}"
              RenderRubyBase (anonymous) at (0,0) size 20x18
                RenderInline {RB} at (0,0) size 19x16
                  RenderText {#text} at (0,1) size 19x16
                    text run at (0,1) width 16: "\x{7C60}"
          RenderText {#text} at (74,259) size 19x96
            text run at (74,259) width 96: "\x{308B}\x{3068}\x{305E}\x{77E5}\x{308C}\x{300D}"
          RenderBR {BR} at (74,355) size 19x0
          RenderText {#text} at (94,0) size 50x480
            text run at (94,0) width 480: "\x{3000}\x{306A}\x{308B}\x{307B}\x{3069}\x{3044}\x{304F}\x{3089}\x{8A69}\x{4EBA}\x{304C}\x{5E78}\x{798F}\x{3067}\x{3082}\x{3001}\x{3042}\x{306E}\x{96F2}\x{96C0}\x{306E}\x{3088}\x{3046}\x{306B}\x{601D}\x{3044}\x{5207}\x{3063}\x{3066}\x{3001}"
            text run at (125,0) width 336: "\x{4E00}\x{5FC3}\x{4E0D}\x{4E71}\x{306B}\x{3001}\x{524D}\x{5F8C}\x{3092}\x{5FD8}\x{5374}\x{3057}\x{3066}\x{3001}\x{308F}\x{304C}\x{559C}\x{3073}\x{3092}\x{6B4C}\x{3046}"
          RenderRuby (inline) {RUBY} at (0,0) size 19x16
            RenderRubyRun (anonymous) at (125,335) size 20x18
              RenderRubyText {RT} at (-12,0) size 12x18
                RenderText {#text} at (0,0) size 12x18
                  text run at (0,0) width 18: "\x{308F}\x{3051}"
              RenderRubyBase (anonymous) at (0,0) size 20x18
                RenderInline {RB} at (0,0) size 19x16
                  RenderText {#text} at (0,1) size 19x16
                    text run at (0,1) width 16: "\x{8A33}"
          RenderText {#text} at (125,352) size 50x480
            text run at (125,352) width 128: "\x{306B}\x{306F}\x{884C}\x{304F}\x{307E}\x{3044}\x{3002}\x{897F}"
            text run at (156,0) width 288: "\x{6D0B}\x{306E}\x{8A69}\x{306F}\x{7121}\x{8AD6}\x{306E}\x{4E8B}\x{3001}\x{652F}\x{90A3}\x{306E}\x{8A69}\x{306B}\x{3082}\x{3001}\x{3088}\x{304F}"
          RenderRuby (inline) {RUBY} at (0,0) size 19x32
            RenderRubyRun (anonymous) at (156,286) size 20x36
              RenderRubyText {RT} at (-12,0) size 12x36
                RenderText {#text} at (0,0) size 12x36
                  text run at (0,0) width 36: "\x{3070}\x{3093}\x{3053}\x{304F}"
              RenderRubyBase (anonymous) at (0,0) size 20x36
                RenderInline {RB} at (0,0) size 19x32
                  RenderText {#text} at (0,2) size 19x32
                    text run at (0,2) width 32: "\x{4E07}\x{659B}"
          RenderText {#text} at (156,320) size 19x16
            text run at (156,320) width 16: "\x{306E}"
          RenderRuby (inline) {RUBY} at (0,0) size 19x19
            RenderRubyRun (anonymous) at (156,332) size 20x27
              RenderRubyText {RT} at (-12,0) size 12x27
                RenderText {#text} at (0,0) size 12x27
                  text run at (0,0) width 27: "\x{3046}\x{308C}\x{3044}"
              RenderRubyBase (anonymous) at (0,0) size 20x27
                RenderInline {RB} at (0,0) size 19x17
                  RenderText {#text} at (0,5) size 19x17
                    text run at (0,5) width 16: "\x{6101}"
          RenderText {#text} at (156,355) size 50x483
            text run at (156,355) width 128: "\x{306A}\x{3069}\x{3068}\x{4E91}\x{3046}\x{5B57}\x{304C}\x{3042}"
            text run at (187,0) width 160: "\x{308B}\x{3002}\x{8A69}\x{4EBA}\x{3060}\x{304B}\x{3089}\x{4E07}\x{659B}\x{3067}"
          RenderRuby (inline) {RUBY} at (0,0) size 19x32
            RenderRubyRun (anonymous) at (187,158) size 20x36
              RenderRubyText {RT} at (-12,0) size 12x36
                RenderText {#text} at (0,0) size 12x36
                  text run at (0,0) width 36: "\x{3057}\x{308D}\x{3046}\x{3068}"
              RenderRubyBase (anonymous) at (0,0) size 20x36
                RenderInline {RB} at (0,0) size 19x32
                  RenderText {#text} at (0,2) size 19x32
                    text run at (0,2) width 32: "\x{7D20}\x{4EBA}"
          RenderText {#text} at (187,192) size 19x48
            text run at (187,192) width 48: "\x{306A}\x{3089}\x{4E00}"
          RenderRuby (inline) {RUBY} at (0,0) size 19x16
            RenderRubyRun (anonymous) at (187,239) size 20x18
              RenderRubyText {RT} at (-12,0) size 12x18
                RenderText {#text} at (0,0) size 12x18
                  text run at (0,0) width 18: "\x{3054}\x{3046}"
              RenderRubyBase (anonymous) at (0,0) size 20x18
                RenderInline {RB} at (0,0) size 19x16
                  RenderText {#text} at (0,1) size 19x16
                    text run at (0,1) width 16: "\x{5408}"
          RenderText {#text} at (187,256) size 50x480
            text run at (187,256) width 224: "\x{3067}\x{6E08}\x{3080}\x{304B}\x{3082}\x{77E5}\x{308C}\x{306C}\x{3002}\x{3057}\x{3066}\x{898B}\x{308B}\x{3068}"
            text run at (218,0) width 224: "\x{8A69}\x{4EBA}\x{306F}\x{5E38}\x{306E}\x{4EBA}\x{3088}\x{308A}\x{3082}\x{82E6}\x{52B4}\x{6027}\x{3067}\x{3001}"
          RenderRuby (inline) {RUBY} at (0,0) size 19x32
            RenderRubyRun (anonymous) at (218,222) size 20x36
              RenderRubyText {RT} at (-12,0) size 12x36
                RenderText {#text} at (0,0) size 12x36
                  text run at (0,0) width 36: "\x{307C}\x{3093}\x{3053}\x{3064}"
              RenderRubyBase (anonymous) at (0,0) size 20x36
                RenderInline {RB} at (0,0) size 19x32
                  RenderText {#text} at (0,2) size 19x32
                    text run at (0,2) width 32: "\x{51E1}\x{9AA8}"
          RenderText {#text} at (218,256) size 50x480
            text run at (218,256) width 224: "\x{306E}\x{500D}\x{4EE5}\x{4E0A}\x{306B}\x{795E}\x{7D4C}\x{304C}\x{92ED}\x{654F}\x{306A}\x{306E}\x{304B}\x{3082}"
            text run at (249,0) width 288: "\x{77E5}\x{308C}\x{3093}\x{3002}\x{8D85}\x{4FD7}\x{306E}\x{559C}\x{3073}\x{3082}\x{3042}\x{308D}\x{3046}\x{304C}\x{3001}\x{7121}\x{91CF}\x{306E}"
          RenderRuby (inline) {RUBY} at (0,0) size 19x28
            RenderRubyRun (anonymous) at (249,284) size 20x36
              RenderRubyText {RT} at (-12,0) size 12x36
                RenderText {#text} at (0,0) size 12x36
                  text run at (0,0) width 36: "\x{304B}\x{306A}\x{3057}\x{307F}"
              RenderRubyBase (anonymous) at (0,0) size 20x36
                RenderInline {RB} at (0,0) size 19x16
                  RenderText {#text} at (0,10) size 19x16
                    text run at (0,10) width 16: "\x{60B2}"
          RenderText {#text} at (249,316) size 39x476
            text run at (249,316) width 160: "\x{3082}\x{591A}\x{304B}\x{308D}\x{3046}\x{3002}\x{305D}\x{3093}\x{306A}\x{3089}"
            text run at (269,0) width 208: "\x{3070}\x{8A69}\x{4EBA}\x{306B}\x{306A}\x{308B}\x{306E}\x{3082}\x{8003}\x{3048}\x{7269}\x{3060}\x{3002}"
          RenderBR {BR} at (269,208) size 19x0
          RenderText {#text} at (300,0) size 19x128
            text run at (300,0) width 128: "\x{3000}\x{3057}\x{3070}\x{3089}\x{304F}\x{306F}\x{8DEF}\x{304C}"
          RenderRuby (inline) {RUBY} at (0,0) size 19x19
            RenderRubyRun (anonymous) at (300,124) size 20x27
              RenderRubyText {RT} at (-12,0) size 12x27
                RenderText {#text} at (0,0) size 12x27
                  text run at (0,0) width 27: "\x{305F}\x{3044}\x{3089}"
              RenderRubyBase (anonymous) at (0,0) size 20x27
                RenderInline {RB} at (0,0) size 19x17
                  RenderText {#text} at (0,5) size 19x17
                    text run at (0,5) width 16: "\x{5E73}"
          RenderText {#text} at (300,147) size 19x64
            text run at (300,147) width 64: "\x{3067}\x{3001}\x{53F3}\x{306F}"
          RenderRuby (inline) {RUBY} at (0,0) size 19x48
            RenderRubyRun (anonymous) at (300,211) size 20x48
              RenderRubyText {RT} at (-12,0) size 12x48
                RenderText {#text} at (0,1) size 12x46
                  text run at (0,1) width 45: "\x{305E}\x{3046}\x{304D}\x{3084}\x{307E}"
              RenderRubyBase (anonymous) at (0,0) size 20x48
                RenderInline {RB} at (0,0) size 19x48
                  RenderText {#text} at (0,0) size 19x48
                    text run at (0,0) width 48: "\x{96D1}\x{6728}\x{5C71}"
          RenderText {#text} at (300,259) size 50x467
            text run at (300,259) width 208: "\x{3001}\x{5DE6}\x{306F}\x{83DC}\x{306E}\x{82B1}\x{306E}\x{898B}\x{3064}\x{3065}\x{3051}\x{3067}\x{3042}"
            text run at (331,0) width 128: "\x{308B}\x{3002}\x{8DB3}\x{306E}\x{4E0B}\x{306B}\x{6642}\x{3005}"
          RenderRuby (inline) {RUBY} at (0,0) size 19x48
            RenderRubyRun (anonymous) at (331,128) size 20x48
              RenderRubyText {RT} at (-12,0) size 12x48
                RenderText {#text} at (0,6) size 12x36
                  text run at (0,6) width 36: "\x{305F}\x{3093}\x{307D}\x{307D}"
              RenderRubyBase (anonymous) at (0,0) size 20x48
                RenderInline {RB} at (0,0) size 19x48
                  RenderText {#text} at (0,0) size 19x48
                    text run at (0,0) width 48: "\x{84B2}\x{516C}\x{82F1}"
          RenderText {#text} at (331,176) size 19x112
            text run at (331,176) width 112: "\x{3092}\x{8E0F}\x{307F}\x{3064}\x{3051}\x{308B}\x{3002}"
          RenderRuby (inline) {RUBY} at (0,0) size 19x28
            RenderRubyRun (anonymous) at (331,284) size 20x36
              RenderRubyText {RT} at (-12,0) size 12x36
                RenderText {#text} at (0,0) size 12x36
                  text run at (0,0) width 36: "\x{306E}\x{3053}\x{304E}\x{308A}"
              RenderRubyBase (anonymous) at (0,0) size 20x36
                RenderInline {RB} at (0,0) size 19x16
                  RenderText {#text} at (0,10) size 19x16
                    text run at (0,10) width 16: "\x{92F8}"
          RenderText {#text} at (331,316) size 50x476
            text run at (331,316) width 160: "\x{306E}\x{3088}\x{3046}\x{306A}\x{8449}\x{304C}\x{9060}\x{616E}\x{306A}\x{304F}"
            text run at (362,0) width 192: "\x{56DB}\x{65B9}\x{3078}\x{306E}\x{3057}\x{3066}\x{771F}\x{4E2D}\x{306B}\x{9EC4}\x{8272}\x{306A}"
          RenderRuby (inline) {RUBY} at (0,0) size 19x16
            RenderRubyRun (anonymous) at (362,191) size 20x18
              RenderRubyText {RT} at (-12,0) size 12x18
                RenderText {#text} at (0,0) size 12x18
                  text run at (0,0) width 18: "\x{305F}\x{307E}"
              RenderRubyBase (anonymous) at (0,0) size 20x18
                RenderInline {RB} at (0,0) size 19x16
                  RenderText {#text} at (0,1) size 19x16
                    text run at (0,1) width 16: "\x{73E0}"
          RenderText {#text} at (362,208) size 70x480
            text run at (362,208) width 272: "\x{3092}\x{64C1}\x{8B77}\x{3057}\x{3066}\x{3044}\x{308B}\x{3002}\x{83DC}\x{306E}\x{82B1}\x{306B}\x{6C17}\x{3092}\x{3068}\x{3089}\x{308C}"
            text run at (382,0) width 480: "\x{3066}\x{3001}\x{8E0F}\x{307F}\x{3064}\x{3051}\x{305F}\x{3042}\x{3068}\x{3067}\x{3001}\x{6C17}\x{306E}\x{6BD2}\x{306A}\x{4E8B}\x{3092}\x{3057}\x{305F}\x{3068}\x{3001}\x{632F}\x{308A}\x{5411}\x{3044}\x{3066}\x{898B}\x{308B}\x{3068}\x{3001}"
            text run at (413,0) width 240: "\x{9EC4}\x{8272}\x{306A}\x{73E0}\x{306F}\x{4F9D}\x{7136}\x{3068}\x{3057}\x{3066}\x{92F8}\x{306E}\x{306A}\x{304B}\x{306B}"
          RenderRuby (inline) {RUBY} at (0,0) size 19x32
            RenderRubyRun (anonymous) at (413,240) size 20x32
              RenderRubyText {RT} at (-12,0) size 12x32
                RenderText {#text} at (0,2) size 12x28
                  text run at (0,2) width 27: "\x{3061}\x{3093}\x{3056}"
              RenderRubyBase (anonymous) at (0,0) size 20x32
                RenderInline {RB} at (0,0) size 19x32
                  RenderText {#text} at (0,0) size 19x32
                    text run at (0,0) width 32: "\x{93AE}\x{5EA7}"
          RenderText {#text} at (413,272) size 19x80
            text run at (413,272) width 80: "\x{3057}\x{3066}\x{3044}\x{308B}\x{3002}"
          RenderRuby (inline) {RUBY} at (0,0) size 19x32
            RenderRubyRun (anonymous) at (413,352) size 20x32
              RenderRubyText {RT} at (-12,0) size 12x32
                RenderText {#text} at (0,2) size 12x28
                  text run at (0,2) width 27: "\x{306E}\x{3093}\x{304D}"
              RenderRubyBase (anonymous) at (0,0) size 20x32
                RenderInline {RB} at (0,0) size 19x32
                  RenderText {#text} at (0,0) size 19x32
                    text run at (0,0) width 32: "\x{5451}\x{6C17}"
          RenderText {#text} at (413,384) size 39x480
            text run at (413,384) width 96: "\x{306A}\x{3082}\x{306E}\x{3060}\x{3002}\x{307E}"
            text run at (433,0) width 144: "\x{305F}\x{8003}\x{3048}\x{3092}\x{3064}\x{3065}\x{3051}\x{308B}\x{3002}"
          RenderBR {BR} at (433,144) size 19x0
          RenderText {#text} at (464,0) size 19x64
            text run at (464,0) width 64: "\x{3000}\x{8A69}\x{4EBA}\x{306B}"
          RenderRuby (inline) {RUBY} at (0,0) size 19x19
            RenderRubyRun (anonymous) at (464,60) size 20x27
              RenderRubyText {RT} at (-12,0) size 12x27
                RenderText {#text} at (0,0) size 12x27
                  text run at (0,0) width 27: "\x{3046}\x{308C}\x{3044}"
              RenderRubyBase (anonymous) at (0,0) size 20x27
                RenderInline {RB} at (0,0) size 19x17
                  RenderText {#text} at (0,5) size 19x17
                    text run at (0,5) width 16: "\x{6182}"
          RenderText {#text} at (464,83) size 19x240
            text run at (464,83) width 240: "\x{306F}\x{3064}\x{304D}\x{3082}\x{306E}\x{304B}\x{3082}\x{77E5}\x{308C}\x{306A}\x{3044}\x{304C}\x{3001}\x{3042}\x{306E}"
          RenderRuby (inline) {RUBY} at (0,0) size 19x32
            RenderRubyRun (anonymous) at (464,323) size 20x32
              RenderRubyText {RT} at (-12,0) size 12x32
                RenderText {#text} at (0,2) size 12x28
                  text run at (0,2) width 27: "\x{3072}\x{3070}\x{308A}"
              RenderRubyBase (anonymous) at (0,0) size 20x32
                RenderInline {RB} at (0,0) size 19x32
                  RenderText {#text} at (0,0) size 19x32
                    text run at (0,0) width 32: "\x{96F2}\x{96C0}"
          RenderText {#text} at (464,355) size 50x483
            text run at (464,355) width 128: "\x{3092}\x{805E}\x{304F}\x{5FC3}\x{6301}\x{306B}\x{306A}\x{308C}"
            text run at (495,0) width 16: "\x{3070}"
          RenderRuby (inline) {RUBY} at (0,0) size 19x32
            RenderRubyRun (anonymous) at (495,16) size 20x32
              RenderRubyText {RT} at (-12,0) size 12x32
                RenderText {#text} at (0,2) size 12x28
                  text run at (0,2) width 27: "\x{307F}\x{3058}\x{3093}"
              RenderRubyBase (anonymous) at (0,0) size 20x32
                RenderInline {RB} at (0,0) size 19x32
                  RenderText {#text} at (0,0) size 19x32
                    text run at (0,0) width 32: "\x{5FAE}\x{5875}"
          RenderText {#text} at (495,48) size 19x16
            text run at (495,48) width 16: "\x{306E}"
          RenderRuby (inline) {RUBY} at (0,0) size 19x16
            RenderRubyRun (anonymous) at (495,64) size 20x16
              RenderRubyText {RT} at (-12,0) size 12x16
                RenderText {#text} at (0,3) size 12x10
                  text run at (0,3) width 9: "\x{304F}"
              RenderRubyBase (anonymous) at (0,0) size 20x16
                RenderInline {RB} at (0,0) size 19x16
                  RenderText {#text} at (0,0) size 19x16
                    text run at (0,0) width 16: "\x{82E6}"
          RenderText {#text} at (495,80) size 19x336
            text run at (495,80) width 336: "\x{3082}\x{306A}\x{3044}\x{3002}\x{83DC}\x{306E}\x{82B1}\x{3092}\x{898B}\x{3066}\x{3082}\x{3001}\x{305F}\x{3060}\x{3046}\x{308C}\x{3057}\x{304F}\x{3066}\x{80F8}\x{304C}"
          RenderRuby (inline) {RUBY} at (0,0) size 19x16
            RenderRubyRun (anonymous) at (495,415) size 20x18
              RenderRubyText {RT} at (-12,0) size 12x18
                RenderText {#text} at (0,0) size 12x18
                  text run at (0,0) width 18: "\x{304A}\x{3069}"
              RenderRubyBase (anonymous) at (0,0) size 20x18
                RenderInline {RB} at (0,0) size 19x16
                  RenderText {#text} at (0,1) size 19x16
                    text run at (0,1) width 16: "\x{8E8D}"
          RenderText {#text} at (495,432) size 70x480
            text run at (495,432) width 48: "\x{308B}\x{3070}\x{304B}"
            text run at (515,0) width 480: "\x{308A}\x{3060}\x{3002}\x{84B2}\x{516C}\x{82F1}\x{3082}\x{305D}\x{306E}\x{901A}\x{308A}\x{3001}\x{685C}\x{3082}\x{2015}\x{2015}\x{685C}\x{306F}\x{3044}\x{3064}\x{304B}\x{898B}\x{3048}\x{306A}\x{304F}\x{306A}\x{3063}\x{305F}\x{3002}\x{3053}"
            text run at (546,0) width 160: "\x{3046}\x{5C71}\x{306E}\x{4E2D}\x{3078}\x{6765}\x{3066}\x{81EA}\x{7136}\x{306E}"
          RenderRuby (inline) {RUBY} at (0,0) size 19x32
            RenderRubyRun (anonymous) at (546,158) size 20x36
              RenderRubyText {RT} at (-12,0) size 12x36
                RenderText {#text} at (0,0) size 12x36
                  text run at (0,0) width 36: "\x{3051}\x{3044}\x{3076}\x{3064}"
              RenderRubyBase (anonymous) at (0,0) size 20x36
                RenderInline {RB} at (0,0) size 19x32
                  RenderText {#text} at (0,2) size 19x32
                    text run at (0,2) width 32: "\x{666F}\x{7269}"
          RenderText {#text} at (546,192) size 50x480
            text run at (546,192) width 288: "\x{306B}\x{63A5}\x{3059}\x{308C}\x{3070}\x{3001}\x{898B}\x{308B}\x{3082}\x{306E}\x{3082}\x{805E}\x{304F}\x{3082}\x{306E}\x{3082}\x{9762}\x{767D}"
            text run at (577,0) width 432: "\x{3044}\x{3002}\x{9762}\x{767D}\x{3044}\x{3060}\x{3051}\x{3067}\x{5225}\x{6BB5}\x{306E}\x{82E6}\x{3057}\x{307F}\x{3082}\x{8D77}\x{3089}\x{306C}\x{3002}\x{8D77}\x{308B}\x{3068}\x{3059}\x{308C}\x{3070}\x{8DB3}\x{304C}"
          RenderRuby (inline) {RUBY} at (0,0) size 19x32
            RenderRubyRun (anonymous) at (577,432) size 20x32
              RenderRubyText {RT} at (-12,0) size 12x32
                RenderText {#text} at (0,2) size 12x28
                  text run at (0,2) width 27: "\x{304F}\x{305F}\x{3073}"
              RenderRubyBase (anonymous) at (0,0) size 20x32
                RenderInline {RB} at (0,0) size 19x32
                  RenderText {#text} at (0,0) size 19x32
                    text run at (0,0) width 32: "\x{8349}\x{81E5}"
          RenderText {#text} at (577,464) size 50x480
            text run at (577,464) width 16: "\x{308C}"
            text run at (608,0) width 32: "\x{3066}\x{3001}"
          RenderRuby (inline) {RUBY} at (0,0) size 19x16
            RenderRubyRun (anonymous) at (608,31) size 20x18
              RenderRubyText {RT} at (-12,0) size 12x18
                RenderText {#text} at (0,0) size 12x18
                  text run at (0,0) width 18: "\x{3046}\x{307E}"
              RenderRubyBase (anonymous) at (0,0) size 20x18
                RenderInline {RB} at (0,0) size 19x16
                  RenderText {#text} at (0,1) size 19x16
                    text run at (0,1) width 16: "\x{65E8}"
          RenderText {#text} at (608,48) size 19x288
            text run at (608,48) width 288: "\x{3044}\x{3082}\x{306E}\x{304C}\x{98DF}\x{3079}\x{3089}\x{308C}\x{306C}\x{304F}\x{3089}\x{3044}\x{306E}\x{4E8B}\x{3060}\x{308D}\x{3046}\x{3002}"
          RenderBR {BR} at (608,336) size 19x0
          RenderText {#text} at (639,0) size 19x416
            text run at (639,0) width 416: "\x{3000}\x{3057}\x{304B}\x{3057}\x{82E6}\x{3057}\x{307F}\x{306E}\x{306A}\x{3044}\x{306E}\x{306F}\x{306A}\x{305C}\x{3060}\x{308D}\x{3046}\x{3002}\x{305F}\x{3060}\x{3053}\x{306E}\x{666F}\x{8272}\x{3092}\x{4E00}"
          RenderRuby (inline) {RUBY} at (0,0) size 19x16
            RenderRubyRun (anonymous) at (639,415) size 20x18
              RenderRubyText {RT} at (-12,0) size 12x18
                RenderText {#text} at (0,0) size 12x18
                  text run at (0,0) width 18: "\x{3077}\x{304F}"
              RenderRubyBase (anonymous) at (0,0) size 20x18
                RenderInline {RB} at (0,0) size 19x16
                  RenderText {#text} at (0,1) size 19x16
                    text run at (0,1) width 16: "\x{5E45}"
          RenderText {#text} at (639,432) size 19x16
            text run at (639,432) width 16: "\x{306E}"
          RenderRuby (inline) {RUBY} at (0,0) size 19x16
            RenderRubyRun (anonymous) at (639,448) size 20x16
              RenderRubyText {RT} at (-12,0) size 12x16
                RenderText {#text} at (0,3) size 12x10
                  text run at (0,3) width 9: "\x{3048}"
              RenderRubyBase (anonymous) at (0,0) size 20x16
                RenderInline {RB} at (0,0) size 19x16
                  RenderText {#text} at (0,0) size 19x16
                    text run at (0,0) width 16: "\x{753B}"
          RenderText {#text} at (639,464) size 50x480
            text run at (639,464) width 16: "\x{3068}"
            text run at (670,0) width 32: "\x{3057}\x{3066}"
          RenderRuby (inline) {RUBY} at (0,0) size 19x16
            RenderRubyRun (anonymous) at (670,32) size 20x16
              RenderRubyText {RT} at (-12,0) size 12x16
                RenderText {#text} at (0,3) size 12x10
                  text run at (0,3) width 9: "\x{307F}"
              RenderRubyBase (anonymous) at (0,0) size 20x16
                RenderInline {RB} at (0,0) size 19x16
                  RenderText {#text} at (0,0) size 19x16
                    text run at (0,0) width 16: "\x{89B3}"
          RenderText {#text} at (670,48) size 19x32
            text run at (670,48) width 32: "\x{3001}\x{4E00}"
          RenderRuby (inline) {RUBY} at (0,0) size 19x16
            RenderRubyRun (anonymous) at (670,79) size 20x18
              RenderRubyText {RT} at (-12,0) size 12x18
                RenderText {#text} at (0,0) size 12x18
                  text run at (0,0) width 18: "\x{304B}\x{3093}"
              RenderRubyBase (anonymous) at (0,0) size 20x18
                RenderInline {RB} at (0,0) size 19x16
                  RenderText {#text} at (0,1) size 19x16
                    text run at (0,1) width 16: "\x{5DFB}"
          RenderText {#text} at (670,96) size 19x208
            text run at (670,96) width 208: "\x{306E}\x{8A69}\x{3068}\x{3057}\x{3066}\x{8AAD}\x{3080}\x{304B}\x{3089}\x{3067}\x{3042}\x{308B}\x{3002}"
          RenderRuby (inline) {RUBY} at (0,0) size 19x16
            RenderRubyRun (anonymous) at (670,304) size 20x16
              RenderRubyText {RT} at (-12,0) size 12x16
                RenderText {#text} at (0,3) size 12x10
                  text run at (0,3) width 9: "\x{304C}"
              RenderRubyBase (anonymous) at (0,0) size 20x16
                RenderInline {RB} at (0,0) size 19x16
                  RenderText {#text} at (0,0) size 19x16
                    text run at (0,0) width 16: "\x{753B}"
          RenderText {#text} at (670,320) size 19x160
            text run at (670,320) width 160: "\x{3067}\x{3042}\x{308A}\x{8A69}\x{3067}\x{3042}\x{308B}\x{4EE5}\x{4E0A}\x{306F}"
          RenderRuby (inline) {RUBY} at (0,0) size 19x32
            RenderRubyRun (anonymous) at (701,0) size 20x32
              RenderRubyText {RT} at (-12,0) size 12x32
                RenderText {#text} at (0,2) size 12x28
                  text run at (0,2) width 27: "\x{3058}\x{3081}\x{3093}"
              RenderRubyBase (anonymous) at (0,0) size 20x32
                RenderInline {RB} at (0,0) size 19x32
                  RenderText {#text} at (0,0) size 19x32
                    text run at (0,0) width 32: "\x{5730}\x{9762}"
          RenderText {#text} at (701,32) size 19x368
            text run at (701,32) width 368: "\x{3092}\x{8CB0}\x{3063}\x{3066}\x{3001}\x{958B}\x{62D3}\x{3059}\x{308B}\x{6C17}\x{306B}\x{3082}\x{306A}\x{3089}\x{306D}\x{3070}\x{3001}\x{9244}\x{9053}\x{3092}\x{304B}\x{3051}\x{3066}"
          RenderRuby (inline) {RUBY} at (0,0) size 19x32
            RenderRubyRun (anonymous) at (701,398) size 20x36
              RenderRubyText {RT} at (-12,0) size 12x36
                RenderText {#text} at (0,0) size 12x36
                  text run at (0,0) width 36: "\x{3072}\x{3068}\x{3082}\x{3046}"
              RenderRubyBase (anonymous) at (0,0) size 20x36
                RenderInline {RB} at (0,0) size 19x32
                  RenderText {#text} at (0,2) size 19x32
                    text run at (0,2) width 32: "\x{4E00}\x{5132}"
          RenderText {#text} at (701,432) size 19x48
            text run at (701,432) width 48: "\x{3051}\x{3059}\x{308B}"
          RenderRuby (inline) {RUBY} at (0,0) size 19x41
            RenderRubyRun (anonymous) at (732,0) size 20x45
              RenderRubyText {RT} at (-12,0) size 12x45
                RenderText {#text} at (0,0) size 12x45
                  text run at (0,0) width 45: "\x{308A}\x{3087}\x{3046}\x{3051}\x{3093}"
              RenderRubyBase (anonymous) at (0,0) size 20x45
                RenderInline {RB} at (0,0) size 19x33
                  RenderText {#text} at (0,6) size 19x33
                    text run at (0,6) width 32: "\x{4E86}\x{898B}"
          RenderText {#text} at (732,41) size 19x256
            text run at (732,41) width 256: "\x{3082}\x{8D77}\x{3089}\x{306C}\x{3002}\x{305F}\x{3060}\x{3053}\x{306E}\x{666F}\x{8272}\x{304C}\x{2015}\x{2015}\x{8179}\x{306E}"
          RenderRuby (inline) {RUBY} at (0,0) size 19x16
            RenderRubyRun (anonymous) at (732,297) size 20x16
              RenderRubyText {RT} at (-12,0) size 12x16
                RenderText {#text} at (0,3) size 12x10
                  text run at (0,3) width 9: "\x{305F}"
              RenderRubyBase (anonymous) at (0,0) size 20x16
                RenderInline {RB} at (0,0) size 19x16
                  RenderText {#text} at (0,0) size 19x16
                    text run at (0,0) width 16: "\x{8DB3}"
          RenderText {#text} at (732,313) size 70x489
            text run at (732,313) width 176: "\x{3057}\x{306B}\x{3082}\x{306A}\x{3089}\x{306C}\x{3001}\x{6708}\x{7D66}\x{306E}\x{88DC}"
            text run at (752,0) width 480: "\x{3044}\x{306B}\x{3082}\x{306A}\x{3089}\x{306C}\x{3053}\x{306E}\x{666F}\x{8272}\x{304C}\x{666F}\x{8272}\x{3068}\x{3057}\x{3066}\x{306E}\x{307F}\x{3001}\x{4F59}\x{304C}\x{5FC3}\x{3092}\x{697D}\x{307E}\x{305B}\x{3064}\x{3064}\x{3042}\x{308B}"
            text run at (783,0) width 128: "\x{304B}\x{3089}\x{82E6}\x{52B4}\x{3082}\x{5FC3}\x{914D}\x{3082}"
          RenderRuby (inline) {RUBY} at (0,0) size 19x19
            RenderRubyRun (anonymous) at (783,124) size 20x27
              RenderRubyText {RT} at (-12,0) size 12x27
                RenderText {#text} at (0,0) size 12x27
                  text run at (0,0) width 27: "\x{3068}\x{3082}\x{306A}"
              RenderRubyBase (anonymous) at (0,0) size 20x27
                RenderInline {RB} at (0,0) size 19x17
                  RenderText {#text} at (0,5) size 19x17
                    text run at (0,5) width 16: "\x{4F34}"
          RenderText {#text} at (783,147) size 19x288
            text run at (783,147) width 288: "\x{308F}\x{306C}\x{306E}\x{3060}\x{308D}\x{3046}\x{3002}\x{81EA}\x{7136}\x{306E}\x{529B}\x{306F}\x{3053}\x{3053}\x{306B}\x{304A}\x{3044}\x{3066}"
          RenderRuby (inline) {RUBY} at (0,0) size 19x16
            RenderRubyRun (anonymous) at (783,434) size 20x18
              RenderRubyText {RT} at (-12,0) size 12x18
                RenderText {#text} at (0,0) size 12x18
                  text run at (0,0) width 18: "\x{305F}\x{3063}"
              RenderRubyBase (anonymous) at (0,0) size 20x18
                RenderInline {RB} at (0,0) size 19x16
                  RenderText {#text} at (0,1) size 19x16
                    text run at (0,1) width 16: "\x{5C0A}"
          RenderText {#text} at (783,451) size 50x467
            text run at (783,451) width 16: "\x{3068}"
            text run at (814,0) width 176: "\x{3044}\x{3002}\x{543E}\x{4EBA}\x{306E}\x{6027}\x{60C5}\x{3092}\x{77AC}\x{523B}\x{306B}"
          RenderRuby (inline) {RUBY} at (0,0) size 19x32
            RenderRubyRun (anonymous) at (814,176) size 20x32
              RenderRubyText {RT} at (-12,0) size 12x32
                RenderText {#text} at (0,2) size 12x28
                  text run at (0,2) width 27: "\x{3068}\x{3046}\x{3084}"
              RenderRubyBase (anonymous) at (0,0) size 20x32
                RenderInline {RB} at (0,0) size 19x32
                  RenderText {#text} at (0,0) size 19x32
                    text run at (0,0) width 32: "\x{9676}\x{51B6}"
          RenderText {#text} at (814,208) size 19x32
            text run at (814,208) width 32: "\x{3057}\x{3066}"
          RenderRuby (inline) {RUBY} at (0,0) size 19x32
            RenderRubyRun (anonymous) at (814,238) size 20x36
              RenderRubyText {RT} at (-12,0) size 12x36
                RenderText {#text} at (0,0) size 12x36
                  text run at (0,0) width 36: "\x{3058}\x{3085}\x{3093}\x{3053}"
              RenderRubyBase (anonymous) at (0,0) size 20x36
                RenderInline {RB} at (0,0) size 19x32
                  RenderText {#text} at (0,2) size 19x32
                    text run at (0,2) width 32: "\x{9187}\x{4E4E}"
          RenderText {#text} at (814,272) size 39x480
            text run at (814,272) width 208: "\x{3068}\x{3057}\x{3066}\x{9187}\x{306A}\x{308B}\x{8A69}\x{5883}\x{306B}\x{5165}\x{3089}\x{3057}\x{3080}"
            text run at (834,0) width 144: "\x{308B}\x{306E}\x{306F}\x{81EA}\x{7136}\x{3067}\x{3042}\x{308B}\x{3002}"
          RenderBR {BR} at (834,144) size 19x0
          RenderText {#text} at (854,0) size 50x480
            text run at (854,0) width 480: "\x{3000}\x{604B}\x{306F}\x{3046}\x{3064}\x{304F}\x{3057}\x{304B}\x{308D}\x{3001}\x{5B5D}\x{3082}\x{3046}\x{3064}\x{304F}\x{3057}\x{304B}\x{308D}\x{3001}\x{5FE0}\x{541B}\x{611B}\x{56FD}\x{3082}\x{7D50}\x{69CB}\x{3060}\x{308D}\x{3046}\x{3002}"
            text run at (885,0) width 128: "\x{3057}\x{304B}\x{3057}\x{81EA}\x{8EAB}\x{304C}\x{305D}\x{306E}"
          RenderRuby (inline) {RUBY} at (0,0) size 19x19
            RenderRubyRun (anonymous) at (885,124) size 20x27
              RenderRubyText {RT} at (-12,0) size 12x27
                RenderText {#text} at (0,0) size 12x27
                  text run at (0,0) width 27: "\x{304D}\x{3087}\x{304F}"
              RenderRubyBase (anonymous) at (0,0) size 20x27
                RenderInline {RB} at (0,0) size 19x17
                  RenderText {#text} at (0,5) size 19x17
                    text run at (0,5) width 16: "\x{5C40}"
          RenderText {#text} at (885,147) size 19x112
            text run at (885,147) width 112: "\x{306B}\x{5F53}\x{308C}\x{3070}\x{5229}\x{5BB3}\x{306E}"
          RenderRuby (inline) {RUBY} at (0,0) size 19x32
            RenderRubyRun (anonymous) at (885,259) size 20x32
              RenderRubyText {RT} at (-12,0) size 12x32
                RenderText {#text} at (0,2) size 12x28
                  text run at (0,2) width 27: "\x{3064}\x{3080}\x{3058}"
              RenderRubyBase (anonymous) at (0,0) size 20x32
                RenderInline {RB} at (0,0) size 19x32
                  RenderText {#text} at (0,0) size 19x32
                    text run at (0,0) width 32: "\x{65CB}\x{98A8}"
          RenderText {#text} at (885,291) size 19x16
            text run at (885,291) width 16: "\x{306B}"
          RenderRuby (inline) {RUBY} at (0,0) size 19x16
            RenderRubyRun (anonymous) at (885,307) size 20x16
              RenderRubyText {RT} at (-12,0) size 12x16
                RenderText {#text} at (0,3) size 12x10
                  text run at (0,3) width 9: "\x{307E}"
              RenderRubyBase (anonymous) at (0,0) size 20x16
                RenderInline {RB} at (0,0) size 19x16
                  RenderText {#text} at (0,0) size 19x16
                    text run at (0,0) width 16: "\x{6372}"
          RenderText {#text} at (885,323) size 50x483
            text run at (885,323) width 160: "\x{304D}\x{8FBC}\x{307E}\x{308C}\x{3066}\x{3001}\x{3046}\x{3064}\x{304F}\x{3057}"
            text run at (916,0) width 224: "\x{304D}\x{4E8B}\x{306B}\x{3082}\x{3001}\x{7D50}\x{69CB}\x{306A}\x{4E8B}\x{306B}\x{3082}\x{3001}\x{76EE}\x{306F}"
          RenderRuby (inline) {RUBY} at (0,0) size 19x16
            RenderRubyRun (anonymous) at (916,223) size 20x18
              RenderRubyText {RT} at (-12,0) size 12x18
                RenderText {#text} at (0,0) size 12x18
                  text run at (0,0) width 18: "\x{304F}\x{3089}"
              RenderRubyBase (anonymous) at (0,0) size 20x18
                RenderInline {RB} at (0,0) size 19x16
                  RenderText {#text} at (0,1) size 19x16
                    text run at (0,1) width 16: "\x{7729}"
          RenderText {#text} at (916,240) size 50x480
            text run at (916,240) width 240: "\x{3093}\x{3067}\x{3057}\x{307E}\x{3046}\x{3002}\x{3057}\x{305F}\x{304C}\x{3063}\x{3066}\x{3069}\x{3053}\x{306B}\x{8A69}"
            text run at (947,0) width 128: "\x{304C}\x{3042}\x{308B}\x{304B}\x{81EA}\x{8EAB}\x{306B}\x{306F}"
          RenderRuby (inline) {RUBY} at (0,0) size 19x16
            RenderRubyRun (anonymous) at (947,128) size 20x16
              RenderRubyText {RT} at (-12,0) size 12x16
                RenderText {#text} at (0,3) size 12x10
                  text run at (0,3) width 9: "\x{3052}"
              RenderRubyBase (anonymous) at (0,0) size 20x16
                RenderInline {RB} at (0,0) size 19x16
                  RenderText {#text} at (0,0) size 19x16
                    text run at (0,0) width 16: "\x{89E3}"
          RenderText {#text} at (947,144) size 19x80
            text run at (947,144) width 80: "\x{3057}\x{304B}\x{306D}\x{308B}\x{3002}"
          RenderBR {BR} at (947,224) size 19x0
          RenderText {#text} at (967,0) size 50x480
            text run at (967,0) width 480: "\x{3000}\x{3053}\x{308C}\x{304C}\x{308F}\x{304B}\x{308B}\x{305F}\x{3081}\x{306B}\x{306F}\x{3001}\x{308F}\x{304B}\x{308B}\x{3060}\x{3051}\x{306E}\x{4F59}\x{88D5}\x{306E}\x{3042}\x{308B}\x{7B2C}\x{4E09}\x{8005}\x{306E}\x{5730}\x{4F4D}\x{306B}"
            text run at (998,0) width 352: "\x{7ACB}\x{305F}\x{306D}\x{3070}\x{306A}\x{3089}\x{306C}\x{3002}\x{4E09}\x{8005}\x{306E}\x{5730}\x{4F4D}\x{306B}\x{7ACB}\x{3066}\x{3070}\x{3053}\x{305D}\x{829D}\x{5C45}\x{306F}"
          RenderRuby (inline) {RUBY} at (0,0) size 19x16
            RenderRubyRun (anonymous) at (998,352) size 20x16
              RenderRubyText {RT} at (-12,0) size 12x16
                RenderText {#text} at (0,3) size 12x10
                  text run at (0,3) width 9: "\x{307F}"
              RenderRubyBase (anonymous) at (0,0) size 20x16
                RenderInline {RB} at (0,0) size 19x16
                  RenderText {#text} at (0,0) size 19x16
                    text run at (0,0) width 16: "\x{89B3}"
          RenderText {#text} at (998,368) size 70x480
            text run at (998,368) width 112: "\x{3066}\x{9762}\x{767D}\x{3044}\x{3002}\x{5C0F}\x{8AAC}"
            text run at (1018,0) width 480: "\x{3082}\x{898B}\x{3066}\x{9762}\x{767D}\x{3044}\x{3002}\x{829D}\x{5C45}\x{3092}\x{898B}\x{3066}\x{9762}\x{767D}\x{3044}\x{4EBA}\x{3082}\x{3001}\x{5C0F}\x{8AAC}\x{3092}\x{8AAD}\x{3093}\x{3067}\x{9762}\x{767D}\x{3044}\x{4EBA}\x{3082}\x{3001}"
            text run at (1049,0) width 96: "\x{81EA}\x{5DF1}\x{306E}\x{5229}\x{5BB3}\x{306F}"
          RenderRuby (inline) {RUBY} at (0,0) size 19x16
            RenderRubyRun (anonymous) at (1049,95) size 20x18
              RenderRubyText {RT} at (-12,0) size 12x18
                RenderText {#text} at (0,0) size 12x18
                  text run at (0,0) width 18: "\x{305F}\x{306A}"
              RenderRubyBase (anonymous) at (0,0) size 20x18
                RenderInline {RB} at (0,0) size 19x16
                  RenderText {#text} at (0,1) size 19x16
                    text run at (0,1) width 16: "\x{68DA}"
          RenderText {#text} at (1049,112) size 39x480
            text run at (1049,112) width 368: "\x{3078}\x{4E0A}\x{3052}\x{3066}\x{3044}\x{308B}\x{3002}\x{898B}\x{305F}\x{308A}\x{8AAD}\x{3093}\x{3060}\x{308A}\x{3059}\x{308B}\x{9593}\x{3060}\x{3051}\x{306F}\x{8A69}\x{4EBA}\x{3067}"
            text run at (1069,0) width 48: "\x{3042}\x{308B}\x{3002}"
          RenderBR {BR} at (1069,48) size 19x0
          RenderText {#text} at (1100,0) size 19x304
            text run at (1100,0) width 304: "\x{3000}\x{305D}\x{308C}\x{3059}\x{3089}\x{3001}\x{666E}\x{901A}\x{306E}\x{829D}\x{5C45}\x{3084}\x{5C0F}\x{8AAC}\x{3067}\x{306F}\x{4EBA}\x{60C5}\x{3092}"
          RenderRuby (inline) {RUBY} at (0,0) size 19x16
            RenderRubyRun (anonymous) at (1100,303) size 20x18
              RenderRubyText {RT} at (-12,0) size 12x18
                RenderText {#text} at (0,0) size 12x18
                  text run at (0,0) width 18: "\x{307E}\x{306C}"
              RenderRubyBase (anonymous) at (0,0) size 20x18
                RenderInline {RB} at (0,0) size 19x16
                  RenderText {#text} at (0,1) size 19x16
                    text run at (0,1) width 16: "\x{514D}"
          RenderText {#text} at (1100,320) size 70x480
            text run at (1100,320) width 160: "\x{304B}\x{308C}\x{306C}\x{3002}\x{82E6}\x{3057}\x{3093}\x{3060}\x{308A}\x{3001}"
            text run at (1120,0) width 480: "\x{6012}\x{3063}\x{305F}\x{308A}\x{3001}\x{9A12}\x{3044}\x{3060}\x{308A}\x{3001}\x{6CE3}\x{3044}\x{305F}\x{308A}\x{3059}\x{308B}\x{3002}\x{898B}\x{308B}\x{3082}\x{306E}\x{3082}\x{3044}\x{3064}\x{304B}\x{305D}\x{306E}\x{4E2D}\x{306B}\x{540C}"
            text run at (1151,0) width 416: "\x{5316}\x{3057}\x{3066}\x{82E6}\x{3057}\x{3093}\x{3060}\x{308A}\x{3001}\x{6012}\x{3063}\x{305F}\x{308A}\x{3001}\x{9A12}\x{3044}\x{3060}\x{308A}\x{3001}\x{6CE3}\x{3044}\x{305F}\x{308A}\x{3059}\x{308B}\x{3002}"
          RenderRuby (inline) {RUBY} at (0,0) size 19x32
            RenderRubyRun (anonymous) at (1151,416) size 20x32
              RenderRubyText {RT} at (-12,0) size 12x32
                RenderText {#text} at (0,2) size 12x28
                  text run at (0,2) width 27: "\x{3068}\x{308A}\x{3048}"
              RenderRubyBase (anonymous) at (0,0) size 20x32
                RenderInline {RB} at (0,0) size 19x32
                  RenderText {#text} at (0,0) size 19x32
                    text run at (0,0) width 32: "\x{53D6}\x{67C4}"
          RenderText {#text} at (1151,448) size 50x480
            text run at (1151,448) width 32: "\x{306F}\x{5229}"
            text run at (1182,0) width 32: "\x{617E}\x{304C}"
          RenderRuby (inline) {RUBY} at (0,0) size 19x16
            RenderRubyRun (anonymous) at (1182,31) size 20x18
              RenderRubyText {RT} at (-12,0) size 12x18
                RenderText {#text} at (0,0) size 12x18
                  text run at (0,0) width 18: "\x{307E}\x{3058}"
              RenderRubyBase (anonymous) at (0,0) size 20x18
                RenderInline {RB} at (0,0) size 19x16
                  RenderText {#text} at (0,1) size 19x16
                    text run at (0,1) width 16: "\x{4EA4}"
          RenderText {#text} at (1182,48) size 19x112
            text run at (1182,48) width 112: "\x{3089}\x{306C}\x{3068}\x{4E91}\x{3046}\x{70B9}\x{306B}"
          RenderRuby (inline) {RUBY} at (0,0) size 19x16
            RenderRubyRun (anonymous) at (1182,159) size 20x18
              RenderRubyText {RT} at (-12,0) size 12x18
                RenderText {#text} at (0,0) size 12x18
                  text run at (0,0) width 18: "\x{305D}\x{3093}"
              RenderRubyBase (anonymous) at (0,0) size 20x18
                RenderInline {RB} at (0,0) size 19x16
                  RenderText {#text} at (0,1) size 19x16
                    text run at (0,1) width 16: "\x{5B58}"
          RenderText {#text} at (1182,176) size 19x304
            text run at (1182,176) width 304: "\x{3059}\x{308B}\x{304B}\x{3082}\x{77E5}\x{308C}\x{306C}\x{304C}\x{3001}\x{4EA4}\x{3089}\x{306C}\x{3060}\x{3051}\x{306B}\x{305D}\x{306E}\x{4ED6}\x{306E}"
          RenderRuby (inline) {RUBY} at (0,0) size 19x41
            RenderRubyRun (anonymous) at (1213,0) size 20x45
              RenderRubyText {RT} at (-12,0) size 12x45
                RenderText {#text} at (0,0) size 12x45
                  text run at (0,0) width 45: "\x{3058}\x{3087}\x{3046}\x{3057}\x{3087}"
              RenderRubyBase (anonymous) at (0,0) size 20x45
                RenderInline {RB} at (0,0) size 19x33
                  RenderText {#text} at (0,6) size 19x33
                    text run at (0,6) width 32: "\x{60C5}\x{7DD2}"
          RenderText {#text} at (1213,41) size 19x304
            text run at (1213,41) width 304: "\x{306F}\x{5E38}\x{3088}\x{308A}\x{306F}\x{4F59}\x{8A08}\x{306B}\x{6D3B}\x{52D5}\x{3059}\x{308B}\x{3060}\x{308D}\x{3046}\x{3002}\x{305D}\x{308C}\x{304C}"
          RenderRuby (inline) {RUBY} at (0,0) size 19x16
            RenderRubyRun (anonymous) at (1213,344) size 20x18
              RenderRubyText {RT} at (-12,0) size 12x18
                RenderText {#text} at (0,0) size 12x18
                  text run at (0,0) width 18: "\x{3044}\x{3084}"
              RenderRubyBase (anonymous) at (0,0) size 20x18
                RenderInline {RB} at (0,0) size 19x16
                  RenderText {#text} at (0,1) size 19x16
                    text run at (0,1) width 16: "\x{5ACC}"
          RenderText {#text} at (1213,361) size 19x32
            text run at (1213,361) width 32: "\x{3060}\x{3002}"
          RenderBR {BR} at (1213,393) size 19x0
          RenderText {#text} at (1233,0) size 50x480
            text run at (1233,0) width 480: "\x{3000}\x{82E6}\x{3057}\x{3093}\x{3060}\x{308A}\x{3001}\x{6012}\x{3063}\x{305F}\x{308A}\x{3001}\x{9A12}\x{3044}\x{3060}\x{308A}\x{3001}\x{6CE3}\x{3044}\x{305F}\x{308A}\x{306F}\x{4EBA}\x{306E}\x{4E16}\x{306B}\x{3064}\x{304D}\x{3082}\x{306E}"
            text run at (1264,0) width 192: "\x{3060}\x{3002}\x{4F59}\x{3082}\x{4E09}\x{5341}\x{5E74}\x{306E}\x{9593}\x{305D}\x{308C}\x{3092}"
          RenderRuby (inline) {RUBY} at (0,0) size 19x32
            RenderRubyRun (anonymous) at (1264,192) size 20x32
              RenderRubyText {RT} at (-12,0) size 12x32
                RenderText {#text} at (0,2) size 12x28
                  text run at (0,2) width 27: "\x{3057}\x{3068}\x{304A}"
              RenderRubyBase (anonymous) at (0,0) size 20x32
                RenderInline {RB} at (0,0) size 19x32
                  RenderText {#text} at (0,0) size 19x32
                    text run at (0,0) width 32: "\x{4ED5}\x{901A}"
          RenderText {#text} at (1264,224) size 19x48
            text run at (1264,224) width 48: "\x{3057}\x{3066}\x{3001}"
          RenderRuby (inline) {RUBY} at (0,0) size 19x32
            RenderRubyRun (anonymous) at (1264,270) size 20x36
              RenderRubyText {RT} at (-12,0) size 12x36
                RenderText {#text} at (0,0) size 12x36
                  text run at (0,0) width 36: "\x{3042}\x{304D}\x{3042}\x{304D}"
              RenderRubyBase (anonymous) at (0,0) size 20x36
                RenderInline {RB} at (0,0) size 19x32
                  RenderText {#text} at (0,2) size 19x32
                    text run at (0,2) width 32: "\x{98FD}\x{3005}"
          RenderText {#text} at (1264,304) size 19x48
            text run at (1264,304) width 48: "\x{3057}\x{305F}\x{3002}"
          RenderRuby (inline) {RUBY} at (0,0) size 19x16
            RenderRubyRun (anonymous) at (1264,352) size 20x16
              RenderRubyText {RT} at (-12,0) size 12x16
                RenderText {#text} at (0,3) size 12x10
                  text run at (0,3) width 9: "\x{3042}"
              RenderRubyBase (anonymous) at (0,0) size 20x16
                RenderInline {RB} at (0,0) size 19x16
                  RenderText {#text} at (0,0) size 19x16
                    text run at (0,0) width 16: "\x{98FD}"
          RenderText {#text} at (1264,368) size 70x480
            text run at (1264,368) width 112: "\x{304D}\x{98FD}\x{304D}\x{3057}\x{305F}\x{4E0A}\x{306B}"
            text run at (1284,0) width 480: "\x{829D}\x{5C45}\x{3084}\x{5C0F}\x{8AAC}\x{3067}\x{540C}\x{3058}\x{523A}\x{6FC0}\x{3092}\x{7E70}\x{308A}\x{8FD4}\x{3057}\x{3066}\x{306F}\x{5927}\x{5909}\x{3060}\x{3002}\x{4F59}\x{304C}\x{6B32}\x{3059}\x{308B}\x{8A69}\x{306F}\x{305D}\x{3093}"
            text run at (1315,0) width 128: "\x{306A}\x{4E16}\x{9593}\x{7684}\x{306E}\x{4EBA}\x{60C5}\x{3092}"
          RenderRuby (inline) {RUBY} at (0,0) size 19x32
            RenderRubyRun (anonymous) at (1315,128) size 20x32
              RenderRubyText {RT} at (-12,0) size 12x32
                RenderText {#text} at (0,7) size 12x18
                  text run at (0,7) width 18: "\x{3053}\x{3076}"
              RenderRubyBase (anonymous) at (0,0) size 20x32
                RenderInline {RB} at (0,0) size 19x32
                  RenderText {#text} at (0,0) size 19x32
                    text run at (0,0) width 32: "\x{9F13}\x{821E}"
          RenderText {#text} at (1315,160) size 50x480
            text run at (1315,160) width 320: "\x{3059}\x{308B}\x{3088}\x{3046}\x{306A}\x{3082}\x{306E}\x{3067}\x{306F}\x{306A}\x{3044}\x{3002}\x{4FD7}\x{5FF5}\x{3092}\x{653E}\x{68C4}\x{3057}\x{3066}\x{3001}"
            text run at (1346,0) width 96: "\x{3057}\x{3070}\x{3089}\x{304F}\x{3067}\x{3082}"
          RenderRuby (inline) {RUBY} at (0,0) size 19x32
            RenderRubyRun (anonymous) at (1346,94) size 20x36
              RenderRubyText {RT} at (-12,0) size 12x36
                RenderText {#text} at (0,0) size 12x36
                  text run at (0,0) width 36: "\x{3058}\x{3093}\x{304B}\x{3044}"
              RenderRubyBase (anonymous) at (0,0) size 20x36
                RenderInline {RB} at (0,0) size 19x32
                  RenderText {#text} at (0,2) size 19x32
                    text run at (0,2) width 32: "\x{5875}\x{754C}"
          RenderText {#text} at (1346,128) size 90x480
            text run at (1346,128) width 352: "\x{3092}\x{96E2}\x{308C}\x{305F}\x{5FC3}\x{6301}\x{3061}\x{306B}\x{306A}\x{308C}\x{308B}\x{8A69}\x{3067}\x{3042}\x{308B}\x{3002}\x{3044}\x{304F}\x{3089}\x{5091}\x{4F5C}\x{3067}"
            text run at (1366,0) width 480: "\x{3082}\x{4EBA}\x{60C5}\x{3092}\x{96E2}\x{308C}\x{305F}\x{829D}\x{5C45}\x{306F}\x{306A}\x{3044}\x{3001}\x{7406}\x{975E}\x{3092}\x{7D76}\x{3057}\x{305F}\x{5C0F}\x{8AAC}\x{306F}\x{5C11}\x{304B}\x{308D}\x{3046}\x{3002}\x{3069}\x{3053}\x{307E}"
            text run at (1386,0) width 480: "\x{3067}\x{3082}\x{4E16}\x{9593}\x{3092}\x{51FA}\x{308B}\x{4E8B}\x{304C}\x{51FA}\x{6765}\x{306C}\x{306E}\x{304C}\x{5F7C}\x{3089}\x{306E}\x{7279}\x{8272}\x{3067}\x{3042}\x{308B}\x{3002}\x{3053}\x{3068}\x{306B}\x{897F}\x{6D0B}\x{306E}\x{8A69}"
            text run at (1417,0) width 304: "\x{306B}\x{306A}\x{308B}\x{3068}\x{3001}\x{4EBA}\x{4E8B}\x{304C}\x{6839}\x{672C}\x{306B}\x{306A}\x{308B}\x{304B}\x{3089}\x{3044}\x{308F}\x{3086}\x{308B}"
          RenderRuby (inline) {RUBY} at (0,0) size 19x32
            RenderRubyRun (anonymous) at (1417,304) size 20x32
              RenderRubyText {RT} at (-12,0) size 12x32
                RenderText {#text} at (0,2) size 12x28
                  text run at (0,2) width 27: "\x{3057}\x{3044}\x{304B}"
              RenderRubyBase (anonymous) at (0,0) size 20x32
                RenderInline {RB} at (0,0) size 19x32
                  RenderText {#text} at (0,0) size 19x32
                    text run at (0,0) width 32: "\x{8A69}\x{6B4C}"
          RenderText {#text} at (1417,336) size 50x480
            text run at (1417,336) width 144: "\x{306E}\x{7D14}\x{7C8B}\x{306A}\x{308B}\x{3082}\x{306E}\x{3082}\x{3053}"
            text run at (1448,0) width 16: "\x{306E}"
          RenderRuby (inline) {RUBY} at (0,0) size 19x19
            RenderRubyRun (anonymous) at (1448,12) size 20x27
              RenderRubyText {RT} at (-12,0) size 12x27
                RenderText {#text} at (0,0) size 12x27
                  text run at (0,0) width 27: "\x{304D}\x{3087}\x{3046}"
              RenderRubyBase (anonymous) at (0,0) size 20x27
                RenderInline {RB} at (0,0) size 19x17
                  RenderText {#text} at (0,5) size 19x17
                    text run at (0,5) width 16: "\x{5883}"
          RenderText {#text} at (1448,35) size 19x16
            text run at (1448,35) width 16: "\x{3092}"
          RenderRuby (inline) {RUBY} at (0,0) size 19x32
            RenderRubyRun (anonymous) at (1448,51) size 20x32
              RenderRubyText {RT} at (-12,0) size 12x32
                RenderText {#text} at (0,2) size 12x28
                  text run at (0,2) width 27: "\x{3052}\x{3060}\x{3064}"
              RenderRubyBase (anonymous) at (0,0) size 20x32
                RenderInline {RB} at (0,0) size 19x32
                  RenderText {#text} at (0,0) size 19x32
                    text run at (0,0) width 32: "\x{89E3}\x{8131}"
          RenderText {#text} at (1448,83) size 50x483
            text run at (1448,83) width 400: "\x{3059}\x{308B}\x{4E8B}\x{3092}\x{77E5}\x{3089}\x{306C}\x{3002}\x{3069}\x{3053}\x{307E}\x{3067}\x{3082}\x{540C}\x{60C5}\x{3060}\x{3068}\x{304B}\x{3001}\x{611B}\x{3060}\x{3068}\x{304B}\x{3001}\x{6B63}"
            text run at (1479,0) width 176: "\x{7FA9}\x{3060}\x{3068}\x{304B}\x{3001}\x{81EA}\x{7531}\x{3060}\x{3068}\x{304B}\x{3001}"
          RenderRuby (inline) {RUBY} at (0,0) size 19x32
            RenderRubyRun (anonymous) at (1479,176) size 20x32
              RenderRubyText {RT} at (-12,0) size 12x32
                RenderText {#text} at (0,2) size 12x28
                  text run at (0,2) width 27: "\x{3046}\x{304D}\x{3088}"
              RenderRubyBase (anonymous) at (0,0) size 20x32
                RenderInline {RB} at (0,0) size 19x32
                  RenderText {#text} at (0,0) size 19x32
                    text run at (0,0) width 32: "\x{6D6E}\x{4E16}"
          RenderText {#text} at (1479,208) size 19x16
            text run at (1479,208) width 16: "\x{306E}"
          RenderRuby (inline) {RUBY} at (0,0) size 19x48
            RenderRubyRun (anonymous) at (1479,224) size 20x48
              RenderRubyText {RT} at (-12,0) size 12x48
                RenderText {#text} at (0,1) size 12x46
                  text run at (0,1) width 45: "\x{304B}\x{3093}\x{3053}\x{3046}\x{3070}"
              RenderRubyBase (anonymous) at (0,0) size 20x48
                RenderInline {RB} at (0,0) size 19x48
                  RenderText {#text} at (0,0) size 19x48
                    text run at (0,0) width 48: "\x{52E7}\x{5DE5}\x{5834}"
          RenderText {#text} at (1479,272) size 19x160
            text run at (1479,272) width 160: "\x{306B}\x{3042}\x{308B}\x{3082}\x{306E}\x{3060}\x{3051}\x{3067}\x{7528}\x{3092}"
          RenderRuby (inline) {RUBY} at (0,0) size 19x16
            RenderRubyRun (anonymous) at (1479,431) size 20x18
              RenderRubyText {RT} at (-12,0) size 12x18
                RenderText {#text} at (0,0) size 12x18
                  text run at (0,0) width 18: "\x{3079}\x{3093}"
              RenderRubyBase (anonymous) at (0,0) size 20x18
                RenderInline {RB} at (0,0) size 19x16
                  RenderText {#text} at (0,1) size 19x16
                    text run at (0,1) width 16: "\x{5F01}"
          RenderText {#text} at (1479,448) size 50x480
            text run at (1479,448) width 32: "\x{3058}\x{3066}"
            text run at (1510,0) width 288: "\x{3044}\x{308B}\x{3002}\x{3044}\x{304F}\x{3089}\x{8A69}\x{7684}\x{306B}\x{306A}\x{3063}\x{3066}\x{3082}\x{5730}\x{9762}\x{306E}\x{4E0A}\x{3092}"
          RenderRuby (inline) {RUBY} at (0,0) size 19x16
            RenderRubyRun (anonymous) at (1510,288) size 20x16
              RenderRubyText {RT} at (-12,0) size 12x16
                RenderText {#text} at (0,3) size 12x10
                  text run at (0,3) width 9: "\x{304B}"
              RenderRubyBase (anonymous) at (0,0) size 20x16
                RenderInline {RB} at (0,0) size 19x16
                  RenderText {#text} at (0,0) size 19x16
                    text run at (0,0) width 16: "\x{99B3}"
          RenderText {#text} at (1510,304) size 19x112
            text run at (1510,304) width 112: "\x{3051}\x{3066}\x{3042}\x{308B}\x{3044}\x{3066}\x{3001}"
          RenderRuby (inline) {RUBY} at (0,0) size 19x16
            RenderRubyRun (anonymous) at (1510,415) size 20x18
              RenderRubyText {RT} at (-12,0) size 12x18
                RenderText {#text} at (0,0) size 12x18
                  text run at (0,0) width 18: "\x{305C}\x{306B}"
              RenderRubyBase (anonymous) at (0,0) size 20x18
                RenderInline {RB} at (0,0) size 19x16
                  RenderText {#text} at (0,1) size 19x16
                    text run at (0,1) width 16: "\x{92AD}"
          RenderText {#text} at (1510,432) size 50x480
            text run at (1510,432) width 48: "\x{306E}\x{52D8}\x{5B9A}"
            text run at (1541,0) width 240: "\x{3092}\x{5FD8}\x{308C}\x{308B}\x{3072}\x{307E}\x{304C}\x{306A}\x{3044}\x{3002}\x{30B7}\x{30A7}\x{30EC}\x{30FC}\x{304C}"
          RenderRuby (inline) {RUBY} at (0,0) size 19x32
            RenderRubyRun (anonymous) at (1541,240) size 20x32
              RenderRubyText {RT} at (-12,0) size 12x32
                RenderText {#text} at (0,2) size 12x28
                  text run at (0,2) width 27: "\x{3072}\x{3070}\x{308A}"
              RenderRubyBase (anonymous) at (0,0) size 20x32
                RenderInline {RB} at (0,0) size 19x32
                  RenderText {#text} at (0,0) size 19x32
                    text run at (0,0) width 32: "\x{96F2}\x{96C0}"
          RenderText {#text} at (1541,272) size 39x480
            text run at (1541,272) width 208: "\x{3092}\x{805E}\x{3044}\x{3066}\x{5606}\x{606F}\x{3057}\x{305F}\x{306E}\x{3082}\x{7121}\x{7406}\x{306F}"
            text run at (1561,0) width 48: "\x{306A}\x{3044}\x{3002}"
          RenderBR {BR} at (1561,48) size 19x0
          RenderText {#text} at (1592,0) size 19x160
            text run at (1592,0) width 160: "\x{3000}\x{3046}\x{308C}\x{3057}\x{3044}\x{4E8B}\x{306B}\x{6771}\x{6D0B}\x{306E}"
          RenderRuby (inline) {RUBY} at (0,0) size 19x32
            RenderRubyRun (anonymous) at (1592,160) size 20x32
              RenderRubyText {RT} at (-12,0) size 12x32
                RenderText {#text} at (0,2) size 12x28
                  text run at (0,2) width 27: "\x{3057}\x{3044}\x{304B}"
              RenderRubyBase (anonymous) at (0,0) size 20x32
                RenderInline {RB} at (0,0) size 19x32
                  RenderText {#text} at (0,0) size 19x32
                    text run at (0,0) width 32: "\x{8A69}\x{6B4C}"
          RenderText {#text} at (1592,192) size 19x64
            text run at (1592,192) width 64: "\x{306F}\x{305D}\x{3053}\x{3092}"
          RenderRuby (inline) {RUBY} at (0,0) size 19x32
            RenderRubyRun (anonymous) at (1592,256) size 20x32
              RenderRubyText {RT} at (-12,0) size 12x32
                RenderText {#text} at (0,2) size 12x28
                  text run at (0,2) width 27: "\x{3052}\x{3060}\x{3064}"
              RenderRubyBase (anonymous) at (0,0) size 20x32
                RenderInline {RB} at (0,0) size 19x32
                  RenderText {#text} at (0,0) size 19x32
                    text run at (0,0) width 32: "\x{89E3}\x{8131}"
          RenderText {#text} at (1592,288) size 19x112
            text run at (1592,288) width 112: "\x{3057}\x{305F}\x{306E}\x{304C}\x{3042}\x{308B}\x{3002}"
          RenderRuby (inline) {RUBY} at (0,0) size 19x41
            RenderRubyRun (anonymous) at (1592,396) size 20x45
              RenderRubyText {RT} at (-12,0) size 12x45
                RenderText {#text} at (0,0) size 12x45
                  text run at (0,0) width 45: "\x{304D}\x{304F}\x{3092}\x{3068}\x{308B}"
              RenderRubyBase (anonymous) at (0,0) size 20x45
                RenderInline {RB} at (0,0) size 19x33
                  RenderText {#text} at (0,6) size 19x33
                    text run at (0,6) width 32: "\x{63A1}\x{83CA}"
          RenderRuby (inline) {RUBY} at (0,0) size 19x51
            RenderRubyRun (anonymous) at (1623,0) size 20x54
              RenderRubyText {RT} at (-12,0) size 12x54
                RenderText {#text} at (0,0) size 12x54
                  text run at (0,0) width 54: "\x{3068}\x{3046}\x{308A}\x{306E}\x{3082}\x{3068}"
              RenderRubyBase (anonymous) at (0,0) size 20x54
                RenderInline {RB} at (0,0) size 19x48
                  RenderText {#text} at (0,3) size 19x48
                    text run at (0,3) width 48: "\x{6771}\x{7C6C}\x{4E0B}"
          RenderText {#text} at (1623,51) size 19x16
            text run at (1623,51) width 16: "\x{3001}"
          RenderRuby (inline) {RUBY} at (0,0) size 19x59
            RenderRubyRun (anonymous) at (1623,63) size 20x63
              RenderRubyText {RT} at (-12,0) size 12x63
                RenderText {#text} at (0,0) size 12x63
                  text run at (0,0) width 63: "\x{3086}\x{3046}\x{305C}\x{3093}\x{3068}\x{3057}\x{3066}"
              RenderRubyBase (anonymous) at (0,0) size 20x63
                RenderInline {RB} at (0,0) size 19x33
                  RenderText {#text} at (0,15) size 19x33
                    text run at (0,15) width 32: "\x{60A0}\x{7136}"
          RenderRuby (inline) {RUBY} at (0,0) size 19x59
            RenderRubyRun (anonymous) at (1623,126) size 20x63
              RenderRubyText {RT} at (-12,0) size 12x63
                RenderText {#text} at (0,0) size 12x63
                  text run at (0,0) width 63: "\x{306A}\x{3093}\x{3056}\x{3093}\x{3092}\x{307F}\x{308B}"
              RenderRubyBase (anonymous) at (0,0) size 20x63
                RenderInline {RB} at (0,0) size 19x49
                  RenderText {#text} at (0,7) size 19x49
                    text run at (0,7) width 48: "\x{898B}\x{5357}\x{5C71}"
          RenderText {#text} at (1623,185) size 19x128
            text run at (1623,185) width 128: "\x{3002}\x{305F}\x{3060}\x{305D}\x{308C}\x{304E}\x{308A}\x{306E}"
          RenderRuby (inline) {RUBY} at (0,0) size 19x16
            RenderRubyRun (anonymous) at (1623,312) size 20x18
              RenderRubyText {RT} at (-12,0) size 12x18
                RenderText {#text} at (0,0) size 12x18
                  text run at (0,0) width 18: "\x{3046}\x{3061}"
              RenderRubyBase (anonymous) at (0,0) size 20x18
                RenderInline {RB} at (0,0) size 19x16
                  RenderText {#text} at (0,1) size 19x16
                    text run at (0,1) width 16: "\x{88CF}"
          RenderText {#text} at (1623,329) size 50x489
            text run at (1623,329) width 160: "\x{306B}\x{6691}\x{82E6}\x{3057}\x{3044}\x{4E16}\x{306E}\x{4E2D}\x{3092}\x{307E}"
            text run at (1654,0) width 368: "\x{308B}\x{3067}\x{5FD8}\x{308C}\x{305F}\x{5149}\x{666F}\x{304C}\x{51FA}\x{3066}\x{304F}\x{308B}\x{3002}\x{57A3}\x{306E}\x{5411}\x{3046}\x{306B}\x{96A3}\x{308A}\x{306E}\x{5A18}\x{304C}"
          RenderRuby (inline) {RUBY} at (0,0) size 19x16
            RenderRubyRun (anonymous) at (1654,367) size 20x18
              RenderRubyText {RT} at (-12,0) size 12x18
                RenderText {#text} at (0,0) size 12x18
                  text run at (0,0) width 18: "\x{306E}\x{305E}"
              RenderRubyBase (anonymous) at (0,0) size 20x18
                RenderInline {RB} at (0,0) size 19x16
                  RenderText {#text} at (0,1) size 19x16
                    text run at (0,1) width 16: "\x{8997}"
          RenderText {#text} at (1654,384) size 50x480
            text run at (1654,384) width 96: "\x{3044}\x{3066}\x{308B}\x{8A33}\x{3067}\x{3082}"
            text run at (1685,0) width 80: "\x{306A}\x{3051}\x{308C}\x{3070}\x{3001}"
          RenderRuby (inline) {RUBY} at (0,0) size 19x32
            RenderRubyRun (anonymous) at (1685,78) size 20x36
              RenderRubyText {RT} at (-12,0) size 12x36
                RenderText {#text} at (0,0) size 12x36
                  text run at (0,0) width 36: "\x{306A}\x{3093}\x{3056}\x{3093}"
              RenderRubyBase (anonymous) at (0,0) size 20x36
                RenderInline {RB} at (0,0) size 19x32
                  RenderText {#text} at (0,2) size 19x32
                    text run at (0,2) width 32: "\x{5357}\x{5C71}"
          RenderText {#text} at (1685,112) size 19x320
            text run at (1685,112) width 320: "\x{306B}\x{89AA}\x{53CB}\x{304C}\x{5949}\x{8077}\x{3057}\x{3066}\x{3044}\x{308B}\x{6B21}\x{7B2C}\x{3067}\x{3082}\x{306A}\x{3044}\x{3002}\x{8D85}\x{7136}\x{3068}"
          RenderRuby (inline) {RUBY} at (0,0) size 19x68
            RenderRubyRun (anonymous) at (1716,0) size 20x72
              RenderRubyText {RT} at (-12,0) size 12x72
                RenderText {#text} at (0,0) size 12x72
                  text run at (0,0) width 72: "\x{3057}\x{3085}\x{3063}\x{305B}\x{3051}\x{3093}\x{3066}\x{304D}"
              RenderRubyBase (anonymous) at (0,0) size 20x72
                RenderInline {RB} at (0,0) size 19x64
                  RenderText {#text} at (0,4) size 19x64
                    text run at (0,4) width 64: "\x{51FA}\x{4E16}\x{9593}\x{7684}"
          RenderText {#text} at (1716,68) size 19x336
            text run at (1716,68) width 336: "\x{306B}\x{5229}\x{5BB3}\x{640D}\x{5F97}\x{306E}\x{6C57}\x{3092}\x{6D41}\x{3057}\x{53BB}\x{3063}\x{305F}\x{5FC3}\x{6301}\x{3061}\x{306B}\x{306A}\x{308C}\x{308B}\x{3002}"
          RenderRuby (inline) {RUBY} at (0,0) size 19x23
            RenderRubyRun (anonymous) at (1716,400) size 20x27
              RenderRubyText {RT} at (-12,0) size 12x27
                RenderText {#text} at (0,0) size 12x27
                  text run at (0,0) width 27: "\x{3072}\x{3068}\x{308A}"
              RenderRubyBase (anonymous) at (0,0) size 20x27
                RenderInline {RB} at (0,0) size 19x17
                  RenderText {#text} at (0,5) size 19x17
                    text run at (0,5) width 16: "\x{72EC}"
          RenderRuby (inline) {RUBY} at (0,0) size 19x86
            RenderRubyRun (anonymous) at (1747,0) size 20x90
              RenderRubyText {RT} at (-12,0) size 12x90
                RenderText {#text} at (0,0) size 12x90
                  text run at (0,0) width 90: "\x{3086}\x{3046}\x{3053}\x{3046}\x{306E}\x{3046}\x{3061}\x{306B}\x{3056}\x{3057}"
              RenderRubyBase (anonymous) at (0,0) size 20x90
                RenderInline {RB} at (0,0) size 19x64
                  RenderText {#text} at (0,13) size 19x64
                    text run at (0,13) width 64: "\x{5750}\x{5E7D}\x{7BC1}\x{88CF}"
          RenderText {#text} at (1747,86) size 19x16
            text run at (1747,86) width 16: "\x{3001}"
          RenderRuby (inline) {RUBY} at (0,0) size 19x59
            RenderRubyRun (anonymous) at (1747,98) size 20x63
              RenderRubyText {RT} at (-12,0) size 12x63
                RenderText {#text} at (0,0) size 12x63
                  text run at (0,0) width 63: "\x{304D}\x{3093}\x{3092}\x{3060}\x{3093}\x{3058}\x{3066}"
              RenderRubyBase (anonymous) at (0,0) size 20x63
                RenderInline {RB} at (0,0) size 19x33
                  RenderText {#text} at (0,15) size 19x33
                    text run at (0,15) width 32: "\x{5F3E}\x{7434}"
          RenderRuby (inline) {RUBY} at (0,0) size 19x77
            RenderRubyRun (anonymous) at (1747,161) size 20x81
              RenderRubyText {RT} at (-12,0) size 12x81
                RenderText {#text} at (0,0) size 12x81
                  text run at (0,0) width 81: "\x{307E}\x{305F}\x{3061}\x{3087}\x{3046}\x{3057}\x{3087}\x{3046}\x{3059}"
              RenderRubyBase (anonymous) at (0,0) size 20x81
                RenderInline {RB} at (0,0) size 19x49
                  RenderText {#text} at (0,16) size 19x49
                    text run at (0,16) width 48: "\x{5FA9}\x{9577}\x{562F}"
          RenderText {#text} at (1747,238) size 19x16
            text run at (1747,238) width 16: "\x{3001}"
          RenderRuby (inline) {RUBY} at (0,0) size 19x34
            RenderRubyRun (anonymous) at (1747,252) size 20x36
              RenderRubyText {RT} at (-12,0) size 12x36
                RenderText {#text} at (0,0) size 12x36
                  text run at (0,0) width 36: "\x{3057}\x{3093}\x{308A}\x{3093}"
              RenderRubyBase (anonymous) at (0,0) size 20x36
                RenderInline {RB} at (0,0) size 19x32
                  RenderText {#text} at (0,2) size 19x32
                    text run at (0,2) width 32: "\x{6DF1}\x{6797}"
          RenderRuby (inline) {RUBY} at (0,0) size 19x48
            RenderRubyRun (anonymous) at (1747,288) size 20x48
              RenderRubyText {RT} at (-12,0) size 12x48
                RenderText {#text} at (0,1) size 12x46
                  text run at (0,1) width 45: "\x{3072}\x{3068}\x{3057}\x{3089}\x{305A}"
              RenderRubyBase (anonymous) at (0,0) size 20x48
                RenderInline {RB} at (0,0) size 19x48
                  RenderText {#text} at (0,0) size 19x48
                    text run at (0,0) width 48: "\x{4EBA}\x{4E0D}\x{77E5}"
          RenderText {#text} at (1747,336) size 19x16
            text run at (1747,336) width 16: "\x{3001}"
          RenderRuby (inline) {RUBY} at (0,0) size 19x68
            RenderRubyRun (anonymous) at (1747,348) size 20x72
              RenderRubyText {RT} at (-12,0) size 12x72
                RenderText {#text} at (0,0) size 12x72
                  text run at (0,0) width 72: "\x{3081}\x{3044}\x{3052}\x{3064}\x{304D}\x{305F}\x{308A}\x{3066}"
              RenderRubyBase (anonymous) at (0,0) size 20x72
                RenderInline {RB} at (0,0) size 19x48
                  RenderText {#text} at (0,12) size 19x48
                    text run at (0,12) width 48: "\x{660E}\x{6708}\x{6765}"
          RenderRuby (inline) {RUBY} at (0,0) size 19x41
            RenderRubyRun (anonymous) at (1747,420) size 20x45
              RenderRubyText {RT} at (-12,0) size 12x45
                RenderText {#text} at (0,0) size 12x45
                  text run at (0,0) width 45: "\x{3042}\x{3044}\x{3066}\x{3089}\x{3059}"
              RenderRubyBase (anonymous) at (0,0) size 20x45
                RenderInline {RB} at (0,0) size 19x33
                  RenderText {#text} at (0,6) size 19x33
                    text run at (0,6) width 32: "\x{76F8}\x{7167}"
          RenderText {#text} at (1747,461) size 50x477
            text run at (1747,461) width 16: "\x{3002}"
            text run at (1778,0) width 144: "\x{305F}\x{3060}\x{4E8C}\x{5341}\x{5B57}\x{306E}\x{3046}\x{3061}\x{306B}"
          RenderRuby (inline) {RUBY} at (0,0) size 19x16
            RenderRubyRun (anonymous) at (1778,143) size 20x18
              RenderRubyText {RT} at (-12,0) size 12x18
                RenderText {#text} at (0,0) size 12x18
                  text run at (0,0) width 18: "\x{3086}\x{3046}"
              RenderRubyBase (anonymous) at (0,0) size 20x18
                RenderInline {RB} at (0,0) size 19x16
                  RenderText {#text} at (0,1) size 19x16
                    text run at (0,1) width 16: "\x{512A}"
          RenderText {#text} at (1778,160) size 19x16
            text run at (1778,160) width 16: "\x{306B}"
          RenderRuby (inline) {RUBY} at (0,0) size 19x48
            RenderRubyRun (anonymous) at (1778,173) size 20x54
              RenderRubyText {RT} at (-12,0) size 12x54
                RenderText {#text} at (0,0) size 12x54
                  text run at (0,0) width 54: "\x{3079}\x{3064}\x{3051}\x{3093}\x{3053}\x{3093}"
              RenderRubyBase (anonymous) at (0,0) size 20x54
                RenderInline {RB} at (0,0) size 19x48
                  RenderText {#text} at (0,3) size 19x48
                    text run at (0,3) width 48: "\x{5225}\x{4E7E}\x{5764}"
          RenderText {#text} at (1778,224) size 19x16
            text run at (1778,224) width 16: "\x{3092}"
          RenderRuby (inline) {RUBY} at (0,0) size 19x37
            RenderRubyRun (anonymous) at (1778,236) size 20x45
              RenderRubyText {RT} at (-12,0) size 12x45
                RenderText {#text} at (0,0) size 12x45
                  text run at (0,0) width 45: "\x{3053}\x{3093}\x{308A}\x{3085}\x{3046}"
              RenderRubyBase (anonymous) at (0,0) size 20x45
                RenderInline {RB} at (0,0) size 19x33
                  RenderText {#text} at (0,6) size 19x33
                    text run at (0,6) width 32: "\x{5EFA}\x{7ACB}"
          RenderText {#text} at (1778,277) size 19x160
            text run at (1778,277) width 160: "\x{3057}\x{3066}\x{3044}\x{308B}\x{3002}\x{3053}\x{306E}\x{4E7E}\x{5764}\x{306E}"
          RenderRuby (inline) {RUBY} at (0,0) size 19x32
            RenderRubyRun (anonymous) at (1778,437) size 20x32
              RenderRubyText {RT} at (-12,0) size 12x32
                RenderText {#text} at (0,2) size 12x28
                  text run at (0,2) width 27: "\x{304F}\x{3069}\x{304F}"
              RenderRubyBase (anonymous) at (0,0) size 20x32
                RenderInline {RB} at (0,0) size 19x32
                  RenderText {#text} at (0,0) size 19x32
                    text run at (0,0) width 32: "\x{529F}\x{5FB3}"
          RenderText {#text} at (1778,469) size 50x485
            text run at (1778,469) width 16: "\x{306F}"
            text run at (1809,0) width 16: "\x{300C}"
          RenderRuby (inline) {RUBY} at (0,0) size 19x48
            RenderRubyRun (anonymous) at (1809,16) size 20x48
              RenderRubyText {RT} at (-12,0) size 12x48
                RenderText {#text} at (0,1) size 12x46
                  text run at (0,1) width 45: "\x{307B}\x{3068}\x{3068}\x{304E}\x{3059}"
              RenderRubyBase (anonymous) at (0,0) size 20x48
                RenderInline {RB} at (0,0) size 19x48
                  RenderText {#text} at (0,0) size 19x48
                    text run at (0,0) width 48: "\x{4E0D}\x{5982}\x{5E30}"
          RenderText {#text} at (1809,64) size 19x48
            text run at (1809,64) width 48: "\x{300D}\x{3084}\x{300C}"
          RenderRuby (inline) {RUBY} at (0,0) size 19x64
            RenderRubyRun (anonymous) at (1809,112) size 20x64
              RenderRubyText {RT} at (-12,0) size 12x64
                RenderText {#text} at (0,0) size 12x64
                  text run at (0,0) width 63: "\x{3053}\x{3093}\x{3058}\x{304D}\x{3084}\x{3057}\x{3083}"
              RenderRubyBase (anonymous) at (0,0) size 20x64
                RenderInline {RB} at (0,0) size 19x64
                  RenderText {#text} at (0,0) size 19x64
                    text run at (0,0) width 64: "\x{91D1}\x{8272}\x{591C}\x{53C9}"
          RenderText {#text} at (1809,176) size 50x480
            text run at (1809,176) width 304: "\x{300D}\x{306E}\x{529F}\x{5FB3}\x{3067}\x{306F}\x{306A}\x{3044}\x{3002}\x{6C7D}\x{8239}\x{3001}\x{6C7D}\x{8ECA}\x{3001}\x{6A29}\x{5229}\x{3001}\x{7FA9}"
            text run at (1840,0) width 208: "\x{52D9}\x{3001}\x{9053}\x{5FB3}\x{3001}\x{793C}\x{7FA9}\x{3067}\x{75B2}\x{308C}\x{679C}\x{3066}\x{305F}"
          RenderRuby (inline) {RUBY} at (0,0) size 19x16
            RenderRubyRun (anonymous) at (1840,207) size 20x18
              RenderRubyText {RT} at (-12,0) size 12x18
                RenderText {#text} at (0,0) size 12x18
                  text run at (0,0) width 18: "\x{306E}\x{3061}"
              RenderRubyBase (anonymous) at (0,0) size 20x18
                RenderInline {RB} at (0,0) size 19x16
                  RenderText {#text} at (0,1) size 19x16
                    text run at (0,1) width 16: "\x{5F8C}"
          RenderText {#text} at (1840,224) size 39x480
            text run at (1840,224) width 256: "\x{306B}\x{3001}\x{3059}\x{3079}\x{3066}\x{3092}\x{5FD8}\x{5374}\x{3057}\x{3066}\x{3050}\x{3063}\x{3059}\x{308A}\x{5BDD}\x{8FBC}"
            text run at (1860,0) width 160: "\x{3080}\x{3088}\x{3046}\x{306A}\x{529F}\x{5FB3}\x{3067}\x{3042}\x{308B}\x{3002}"
          RenderBR {BR} at (1860,160) size 19x0
