layer at (0,0) size 800x600
  RenderView at (0,0) size 800x600
layer at (0,0) size 800x53
  RenderBlock {HTML} at (0,0) size 800x53
    RenderBody {BODY} at (8,16) size 784x21
      RenderBlock {BLOCKQUOTE} at (40,0) size 704x21
        RenderBlock {DIV} at (0,0) size 704x21
          RenderBlock {DIV} at (0,0) size 704x21
            RenderBlock {P} at (0,0) size 704x21 [color=#008000]
              RenderText {#text} at (0,0) size 183x21
                text run at (0,0) width 183: "This text should be green."
