layer at (0,0) size 800x600
  RenderView at (0,0) size 800x600
layer at (0,0) size 800x130
  RenderBlock {HTML} at (0,0) size 800x130
    RenderBody {BODY} at (8,16) size 784x98
      RenderBlock {P} at (0,0) size 784x22
        RenderText {#text} at (0,0) size 332x22
          text run at (0,0) width 332: "This paragraph should have normal background"
      RenderBlock {DIV} at (0,38) size 784x60
        RenderBlock (anonymous) at (0,0) size 784x22
          RenderText {#text} at (0,0) size 253x22
            text run at (0,0) width 253: "This div contains only one paragraph"
        RenderBlock {P} at (0,38) size 784x22 [bgcolor=#00FF00]
          RenderText {#text} at (0,0) size 321x22
            text run at (0,0) width 321: "This paragraph should have green background"
