layer at (0,0) size 800x600
  RenderView at (0,0) size 800x600
layer at (0,0) size 800x244
  RenderBlock {HTML} at (0,0) size 800x244
    RenderBody {BODY} at (8,16) size 784x212
      RenderBlock {P} at (0,0) size 784x22 [color=#008000]
        RenderText {#text} at (0,0) size 174x22
          text run at (0,0) width 174: "This text should be green."
      RenderBlock {P} at (0,38) size 784x22 [color=#008000]
        RenderText {#text} at (0,0) size 174x22
          text run at (0,0) width 174: "This text should be green."
      RenderBlock {P} at (0,76) size 784x22 [color=#008000]
        RenderText {#text} at (0,0) size 174x22
          text run at (0,0) width 174: "This text should be green."
      RenderBlock {P} at (0,114) size 784x22 [color=#008000]
        RenderText {#text} at (0,0) size 174x22
          text run at (0,0) width 174: "This text should be green."
      RenderBlock {P} at (0,152) size 784x22 [color=#008000]
        RenderText {#text} at (0,0) size 174x22
          text run at (0,0) width 174: "This text should be green."
      RenderBlock {P} at (0,190) size 784x22 [color=#008000]
        RenderText {#text} at (0,0) size 174x22
          text run at (0,0) width 174: "This text should be green."
