layer at (0,0) size 800x600
  RenderView at (0,0) size 800x600
layer at (0,0) size 800x93
  RenderBlock {HTML} at (0,0) size 800x93
    RenderBody {BODY} at (8,16) size 784x61
      RenderBlock {P} at (0,0) size 784x61
        RenderButton {BUTTON} at (2,2) size 272x28 [bgcolor=#00FF00] [border: (2px outset #C0C0C0)]
          RenderBlock (anonymous) at (8,4) size 256x19
            RenderText {#text} at (0,0) size 256x19
              text run at (0,0) width 256: "A button (enabled) with green background"
        RenderText {#text} at (276,6) size 4x19
          text run at (276,6) width 4: " "
        RenderBR {BR} at (0,0) size 0x0
        RenderTextControl {INPUT} at (2,34) size 338x25 [bgcolor=#00FF00] [border: (2px inset #000000)]
        RenderText {#text} at (0,0) size 0x0
layer at (13,53) size 332x19
  RenderBlock {DIV} at (3,3) size 332x19
    RenderText {#text} at (0,0) size 266x19
      text run at (0,0) width 266: "a text area (enabled) with green background"
