layer at (0,0) size 800x600
  RenderView at (0,0) size 800x600
layer at (0,0) size 800x76
  RenderBlock {HTML} at (0,0) size 800x76
    RenderBody {BODY} at (8,16) size 784x44
      RenderBlock {P} at (0,0) size 784x44
        RenderInline {A} at (0,0) size 406x22 [color=#0000EE] [bgcolor=#FF0000]
          RenderText {#text} at (0,0) size 406x22
            text run at (0,0) width 406: "You should see a green background assigned by the anchor."
        RenderText {#text} at (406,0) size 765x44
          text run at (406,0) width 359: " (Note: You must have visited http://www.w3.org/ for"
          text run at (0,22) width 134: "this test to be valid.)"
