layer at (0,0) size 800x600
  RenderView at (0,0) size 800x600
layer at (0,0) size 800x150
  RenderBlock {HTML} at (0,0) size 800x150
    RenderBody {BODY} at (8,8) size 784x126
      RenderBlock {DIV} at (0,0) size 784x88
        RenderTable {TABLE} at (0,0) size 170x88 [border: (1px outset #808080)]
          RenderTableSection {TBODY} at (1,1) size 168x86
            RenderTableRow {TR} at (0,2) size 168x26
              RenderTableCell {TD} at (2,2) size 24x26 [border: (1px solid #000000)] [r=0 c=0 rs=1 cs=1]
                RenderText {#text} at (2,2) size 20x22
                  text run at (2,2) width 20: "1.1"
              RenderTableCell {TD} at (28,2) size 68x26 [bgcolor=#00FF00] [border: (1px solid #000000)] [r=0 c=1 rs=1 cs=1]
                RenderText {#text} at (2,2) size 64x22
                  text run at (2,2) width 64: "green cell"
              RenderTableCell {TD} at (98,2) size 68x26 [bgcolor=#00FF00] [border: (1px solid #000000)] [r=0 c=2 rs=1 cs=1]
                RenderText {#text} at (2,2) size 64x22
                  text run at (2,2) width 64: "green cell"
            RenderTableRow {TR} at (0,30) size 168x26
              RenderTableCell {TD} at (2,30) size 24x26 [border: (1px solid #000000)] [r=1 c=0 rs=1 cs=1]
                RenderText {#text} at (2,2) size 20x22
                  text run at (2,2) width 20: "2.1"
              RenderTableCell {TD} at (28,30) size 68x26 [bgcolor=#00FF00] [border: (1px solid #000000)] [r=1 c=1 rs=1 cs=1]
                RenderText {#text} at (2,2) size 64x22
                  text run at (2,2) width 64: "green cell"
              RenderTableCell {TD} at (98,30) size 68x26 [bgcolor=#00FF00] [border: (1px solid #000000)] [r=1 c=2 rs=1 cs=1]
                RenderText {#text} at (2,2) size 64x22
                  text run at (2,2) width 64: "green cell"
            RenderTableRow {TR} at (0,58) size 168x26
              RenderTableCell {TD} at (2,58) size 24x26 [border: (1px solid #000000)] [r=2 c=0 rs=1 cs=1]
                RenderText {#text} at (2,2) size 20x22
                  text run at (2,2) width 20: "3.1"
              RenderTableCell {TD} at (28,58) size 68x26 [bgcolor=#00FF00] [border: (1px solid #000000)] [r=2 c=1 rs=1 cs=1]
                RenderText {#text} at (2,2) size 64x22
                  text run at (2,2) width 64: "green cell"
              RenderTableCell {TD} at (98,58) size 68x26 [bgcolor=#00FF00] [border: (1px solid #000000)] [r=2 c=2 rs=1 cs=1]
                RenderText {#text} at (2,2) size 64x22
                  text run at (2,2) width 64: "green cell"
      RenderBlock {P} at (0,104) size 784x22
        RenderText {#text} at (0,0) size 111x22
          text run at (0,0) width 111: "This paragraph "
        RenderInline {SPAN} at (0,0) size 65x22
          RenderText {#text} at (111,0) size 65x22
            text run at (111,0) width 65: "should be"
        RenderText {#text} at (176,0) size 65x22
          text run at (176,0) width 65: " unstyled."
