layer at (0,0) size 800x600
  RenderView at (0,0) size 800x600
layer at (0,0) size 800x106
  RenderBlock {HTML} at (0,0) size 800x106
    RenderBody {BODY} at (8,16) size 784x74
      RenderBlock {DIV} at (0,0) size 784x74
        RenderBlock {P} at (0,0) size 784x21 [color=#00FF00]
          RenderInline {A} at (0,0) size 308x21 [color=#000000]
            RenderText {#text} at (0,0) size 308x21
              text run at (0,0) width 308: "This text should turn green while it is active."
          RenderText {#text} at (0,0) size 0x0
        RenderBlock {P} at (0,37) size 784x37 [color=#00FF00]
          RenderButton {BUTTON} at (2,2) size 320x33 [color=#000000] [bgcolor=#C0C0C0]
            RenderBlock (anonymous) at (6,6) size 308x21
              RenderText {#text} at (0,0) size 308x21
                text run at (0,0) width 308: "This text should turn green while it is active."
          RenderText {#text} at (0,0) size 0x0
