layer at (0,0) size 800x600
  RenderView at (0,0) size 800x600
layer at (0,0) size 800x84
  RenderBlock {HTML} at (0,0) size 800x84
    RenderBody {BODY} at (8,16) size 784x60
      RenderBlock {P} at (0,0) size 784x22 [bgcolor=#00FF00]
        RenderText {#text} at (0,0) size 536x22
          text run at (0,0) width 536: "This paragraph should have green background because its language is \"en-gb\""
      RenderBlock {ADDRESS} at (0,38) size 784x22 [bgcolor=#00FF00]
        RenderInline {SPAN} at (0,0) size 160x22
          RenderText {#text} at (0,0) size 160x22
            text run at (0,0) width 160: "This address should also"
        RenderText {#text} at (160,0) size 4x22
          text run at (160,0) width 4: " "
        RenderInline {SPAN} at (0,0) size 528x22
          RenderText {#text} at (164,0) size 528x22
            text run at (164,0) width 436: "have green background because the language of the inner SPANs "
            text run at (600,0) width 92: "is not French."
        RenderText {#text} at (0,0) size 0x0
