layer at (0,0) size 800x600
  RenderView at (0,0) size 800x600
layer at (0,0) size 800x191
  RenderBlock {HTML} at (0,0) size 800x191
    RenderBody {BODY} at (8,16) size 784x159
      RenderBlock {DIV} at (0,0) size 784x159
        RenderBlock {P} at (0,0) size 784x19
          RenderText {#text} at (0,0) size 209x19
            text run at (0,0) width 209: "This paragraph should be unstyled."
        RenderBlock {P} at (0,35) size 784x19 [bgcolor=#00FF00]
          RenderText {#text} at (0,0) size 274x19
            text run at (0,0) width 274: "But this one should have a green background."
        RenderBlock {P} at (0,70) size 784x19 [bgcolor=#00FF00]
          RenderText {#text} at (0,0) size 307x19
            text run at (0,0) width 307: "And this one should also have a green background."
        RenderBlock {ADDRESS} at (0,105) size 784x19
          RenderText {#text} at (0,0) size 439x19
            text run at (0,0) width 439: "This address is only here to fill some space between two paragraphs."
        RenderBlock {P} at (0,140) size 784x19
          RenderText {#text} at (0,0) size 209x19
            text run at (0,0) width 209: "This paragraph should be unstyled."
