layer at (0,0) size 800x600
  RenderView at (0,0) size 800x600
layer at (0,0) size 800x54
  RenderBlock {HTML} at (0,0) size 800x54
    RenderBody {BODY} at (8,16) size 784x22
      RenderBlock {P} at (0,0) size 784x22 [bgcolor=#00FF00]
        RenderText {#text} at (0,0) size 288x22
          text run at (0,0) width 288: "This line should have a green background."
