layer at (0,0) size 800x600
  RenderView at (0,0) size 800x600
layer at (0,0) size 800x90
  RenderBlock {HTML} at (0,0) size 800x90 [color=#00FF00]
    RenderBody {BODY} at (8,16) size 784x58
      RenderBlock {P} at (0,0) size 784x21 [color=#FF0000]
        RenderInline {SPAN} at (0,0) size 523x21 [color=#00FF00]
          RenderText {#text} at (0,0) size 523x21
            text run at (0,0) width 404: "This paragraph, and all textual contents in the document, "
            text run at (404,0) width 119: "should be green."
        RenderText {#text} at (0,0) size 0x0
      RenderBlock {UL} at (0,37) size 784x21 [color=#FF0000]
        RenderListItem {LI} at (40,0) size 744x21 [color=#00FF00]
          RenderListMarker at (-18,0) size 7x21: bullet
          RenderText {#text} at (0,0) size 188x21
            text run at (0,0) width 188: "This item should be green."
