layer at (0,0) size 800x600
  RenderView at (0,0) size 800x600
layer at (0,0) size 800x127
  RenderBlock {HTML} at (0,0) size 800x127
    RenderBody {BODY} at (8,16) size 784x95
      RenderBlock {DIV} at (0,0) size 784x95
        RenderBlock {DIV} at (0,0) size 784x95
          RenderBlock {P} at (0,0) size 784x21 [bgcolor=#FF0000]
            RenderText {#text} at (0,0) size 226x21
              text run at (0,0) width 226: "This line should be unstyled. (2)"
          RenderBlock {P} at (0,37) size 784x21
            RenderText {#text} at (0,0) size 325x21
              text run at (0,0) width 325: "This line should have a green background. (3)"
          RenderBlock {P} at (0,74) size 784x21
            RenderText {#text} at (0,0) size 312x21
              text run at (0,0) width 312: "This line should be unstyled. (4 moving to 1)"
