layer at (0,0) size 800x600
  RenderView at (0,0) size 800x600
layer at (0,0) size 800x160
  RenderBlock {HTML} at (0,0) size 800x160
    RenderBody {BODY} at (8,16) size 784x136
      RenderBlock {DIV} at (0,0) size 784x60
        RenderBlock {P} at (0,0) size 784x22
          RenderText {#text} at (0,0) size 241x22
            text run at (0,0) width 241: "This paragraph should be unstyled."
        RenderBlock {DIV} at (0,38) size 784x22
          RenderBlock {P} at (0,0) size 784x22
            RenderText {#text} at (0,0) size 241x22
              text run at (0,0) width 241: "This paragraph should be unstyled."
      RenderTable {TABLE} at (0,76) size 343x60
        RenderTableSection {TBODY} at (0,0) size 343x60
          RenderTableRow {TR} at (0,2) size 343x56
            RenderTableCell {TD} at (2,2) size 339x56 [r=0 c=0 rs=1 cs=1]
              RenderBlock {P} at (1,17) size 337x22 [bgcolor=#00FF00]
                RenderText {#text} at (0,0) size 337x22
                  text run at (0,0) width 337: "This paragraph should have a green background."
