layer at (0,0) size 800x600
  RenderView at (0,0) size 800x600
layer at (0,0) size 800x150
  RenderBlock {HTML} at (0,0) size 800x150
    RenderBody {BODY} at (8,16) size 784x118
      RenderBlock {DIV} at (0,0) size 784x118
        RenderBlock {P} at (0,0) size 784x22
          RenderText {#text} at (0,0) size 271x22
            text run at (0,0) width 271: "The following two bars should be green."
        RenderBlock {DIV} at (16,38) size 752x32 [bgcolor=#00FF00]
        RenderBlock {DIV} at (16,86) size 752x32 [bgcolor=#FF0000]
