layer at (0,0) size 800x600
  RenderView at (0,0) size 800x600
layer at (0,0) size 800x84
  RenderBlock {HTML} at (0,0) size 800x84
    RenderBody {BODY} at (8,8) size 784x60
      RenderBlock {DIV} at (0,0) size 784x22
        RenderText {#text} at (0,0) size 164x22
          text run at (0,0) width 164: "This should be unstyled."
      RenderBlock {P} at (0,38) size 784x22 [bgcolor=#008000]
        RenderText {#text} at (0,0) size 260x22
          text run at (0,0) width 260: "This should have a green background."
