layer at (0,0) size 800x600
  RenderView at (0,0) size 800x600
layer at (0,0) size 800x130
  RenderBlock {HTML} at (0,0) size 800x130
    RenderBody {BODY} at (8,16) size 784x98
      RenderBlock {DIV} at (0,0) size 784x98
        RenderBlock {P} at (0,0) size 784x22
          RenderText {#text} at (0,0) size 332x22
            text run at (0,0) width 332: "This paragraph should have normal background"
        RenderBlock {ADDRESS} at (0,38) size 784x22 [bgcolor=#00FF00]
          RenderText {#text} at (0,0) size 311x22
            text run at (0,0) width 311: "But this address should have green background"
        RenderBlock {P} at (0,76) size 784x22
          RenderText {#text} at (0,0) size 332x22
            text run at (0,0) width 332: "This paragraph should have normal background"
