layer at (0,0) size 800x600
  RenderView at (0,0) size 800x600
layer at (0,0) size 800x76
  RenderBlock {HTML} at (0,0) size 800x76
    RenderBody {BODY} at (8,16) size 784x44
      RenderBlock {P} at (0,0) size 784x44
        RenderText {#text} at (0,0) size 173x22
          text run at (0,0) width 173: "The background color of "
        RenderInline {A} at (0,0) size 73x22 [color=#0000EE]
          RenderText {#text} at (173,0) size 73x22
            text run at (173,0) width 73: "the anchor"
        RenderText {#text} at (246,0) size 765x44
          text run at (246,0) width 4: " "
          text run at (250,0) width 398: "should turn to green when it is activated and come back to "
          text run at (648,0) width 117: "normal when it is"
          text run at (0,22) width 59: "released."
