layer at (0,0) size 800x600
  RenderView at (0,0) size 800x600
layer at (0,0) size 800x103
  RenderBlock {HTML} at (0,0) size 800x103
    RenderBody {BODY} at (8,16) size 784x79
      RenderBlock {P} at (0,0) size 784x21 [color=#FFFFFF] [bgcolor=#008000]
        RenderText {#text} at (0,0) size 184x21
          text run at (0,0) width 184: "This line should be green."
      RenderBlock {DIV} at (0,37) size 784x21 [color=#FFFFFF] [bgcolor=#008000]
        RenderText {#text} at (0,0) size 184x21
          text run at (0,0) width 184: "This line should be green."
      RenderBlock {ADDRESS} at (0,58) size 784x21 [color=#FFFFFF] [bgcolor=#008000]
        RenderText {#text} at (0,0) size 184x21
          text run at (0,0) width 184: "This line should be green."
