layer at (0,0) size 800x600
  RenderView at (0,0) size 800x600
layer at (0,0) size 800x37
  RenderBlock {HTML} at (0,0) size 800x37
    RenderBody {BODY} at (8,8) size 784x21
      RenderBlock {ADDRESS} at (0,0) size 784x16 [bgcolor=#00FF00]
        RenderInline {SPAN} at (0,0) size 0x0
      RenderBlock {DIV} at (0,0) size 784x21
        RenderText {#text} at (0,0) size 302x21
          text run at (0,0) width 302: "This line should have a green background."
