layer at (0,0) size 800x600
  RenderView at (0,0) size 800x600
layer at (0,0) size 800x400
  RenderBlock {HTML} at (0,0) size 800x400
    RenderBody {BODY} at (8,16) size 784x368
      RenderBlock {P} at (0,0) size 784x19 [bgcolor=#00FF00]
        RenderText {#text} at (0,0) size 278x19
          text run at (0,0) width 278: "This paragraph should have green background"
      RenderBlock {ADDRESS} at (0,35) size 784x19
        RenderText {#text} at (0,0) size 232x19
          text run at (0,0) width 232: "And this address should be unstyled."
      RenderBlock {P} at (0,70) size 784x19 [bgcolor=#00FF00]
        RenderText {#text} at (0,0) size 311x19
          text run at (0,0) width 311: "This paragraph should also have green background!"
      RenderBlock {P} at (0,105) size 784x19
        RenderText {#text} at (0,0) size 225x19
          text run at (0,0) width 225: "But this one should be unstyled again."
      RenderBlock {DL} at (0,140) size 784x228
        RenderBlock {DT} at (0,0) size 784x19
          RenderText {#text} at (0,0) size 116x19
            text run at (0,0) width 116: "First definition term"
        RenderBlock {DD} at (40,19) size 744x19
          RenderText {#text} at (0,0) size 85x19
            text run at (0,0) width 85: "First definition"
        RenderBlock {DT} at (0,38) size 784x19 [bgcolor=#00FF00]
          RenderText {#text} at (0,0) size 349x19
            text run at (0,0) width 349: "Second definition term that should have green background"
        RenderBlock {DD} at (40,57) size 744x19 [bgcolor=#00FF00]
          RenderText {#text} at (0,0) size 318x19
            text run at (0,0) width 318: "Second definition that should have green background"
        RenderBlock {DT} at (0,76) size 784x19 [bgcolor=#00FF00]
          RenderText {#text} at (0,0) size 335x19
            text run at (0,0) width 335: "Third definition term that should have green background"
        RenderBlock {DD} at (40,95) size 744x19 [bgcolor=#00FF00]
          RenderText {#text} at (0,0) size 304x19
            text run at (0,0) width 304: "Third definition that should have green background"
        RenderBlock {DT} at (0,114) size 784x19
          RenderText {#text} at (0,0) size 129x19
            text run at (0,0) width 129: "Fourth definition term"
        RenderBlock {DD} at (40,133) size 744x19
          RenderText {#text} at (0,0) size 98x19
            text run at (0,0) width 98: "Fourth definition"
        RenderBlock {DT} at (0,152) size 784x19 [bgcolor=#00FF00]
          RenderText {#text} at (0,0) size 330x19
            text run at (0,0) width 330: "Fifth definition term that should have green background"
        RenderBlock {DD} at (40,171) size 744x19 [bgcolor=#00FF00]
          RenderText {#text} at (0,0) size 299x19
            text run at (0,0) width 299: "Fifth definition that should have green background"
        RenderBlock {DT} at (0,190) size 784x19 [bgcolor=#00FF00]
          RenderText {#text} at (0,0) size 333x19
            text run at (0,0) width 333: "Sixth definition term that should have green background"
        RenderBlock {DD} at (40,209) size 744x19 [bgcolor=#00FF00]
          RenderText {#text} at (0,0) size 302x19
            text run at (0,0) width 302: "Sixth definition that should have green background"
