layer at (0,0) size 800x600
  RenderView at (0,0) size 800x600
layer at (0,0) size 800x432
  RenderBlock {HTML} at (0,0) size 800x432
    RenderBody {BODY} at (8,16) size 784x400
      RenderBlock {P} at (0,0) size 784x21 [bgcolor=#00FF00]
        RenderText {#text} at (0,0) size 332x21
          text run at (0,0) width 332: "This paragraph should have green background"
      RenderBlock {ADDRESS} at (0,37) size 784x21
        RenderText {#text} at (0,0) size 370x21
          text run at (0,0) width 370: "But this address is here only to fill space in the dom.."
      RenderBlock {P} at (0,74) size 784x21
        RenderText {#text} at (0,0) size 173x21
          text run at (0,0) width 173: "So does this paragraph !"
      RenderBlock {P} at (0,111) size 784x21
        RenderText {#text} at (0,0) size 179x21
          text run at (0,0) width 179: "And so does this one too."
      RenderBlock {DL} at (0,148) size 784x252
        RenderBlock {DT} at (0,0) size 784x21
          RenderText {#text} at (0,0) size 135x21
            text run at (0,0) width 135: "First definition term"
        RenderBlock {DD} at (40,21) size 744x21
          RenderText {#text} at (0,0) size 100x21
            text run at (0,0) width 100: "First definition"
        RenderBlock {DT} at (0,42) size 784x21
          RenderText {#text} at (0,0) size 159x21
            text run at (0,0) width 159: "Second definition term"
        RenderBlock {DD} at (40,63) size 744x21
          RenderText {#text} at (0,0) size 124x21
            text run at (0,0) width 124: "Second definition"
        RenderBlock {DT} at (0,84) size 784x21 [bgcolor=#00FF00]
          RenderText {#text} at (0,0) size 395x21
            text run at (0,0) width 395: "Third definition term that should have green background"
        RenderBlock {DD} at (40,105) size 744x21 [bgcolor=#00FF00]
          RenderText {#text} at (0,0) size 360x21
            text run at (0,0) width 360: "Third definition that should have green background"
        RenderBlock {DT} at (0,126) size 784x21
          RenderText {#text} at (0,0) size 150x21
            text run at (0,0) width 150: "Fourth definition term"
        RenderBlock {DD} at (40,147) size 744x21
          RenderText {#text} at (0,0) size 115x21
            text run at (0,0) width 115: "Fourth definition"
        RenderBlock {DT} at (0,168) size 784x21
          RenderText {#text} at (0,0) size 135x21
            text run at (0,0) width 135: "Fifth definition term"
        RenderBlock {DD} at (40,189) size 744x21
          RenderText {#text} at (0,0) size 100x21
            text run at (0,0) width 100: "Fifth definition"
        RenderBlock {DT} at (0,210) size 784x21 [bgcolor=#00FF00]
          RenderText {#text} at (0,0) size 394x21
            text run at (0,0) width 394: "Sixth definition term that should have green background"
        RenderBlock {DD} at (40,231) size 744x21 [bgcolor=#00FF00]
          RenderText {#text} at (0,0) size 359x21
            text run at (0,0) width 359: "Sixth definition that should have green background"
