layer at (0,0) size 800x600
  RenderView at (0,0) size 800x600
layer at (0,0) size 800x179
  RenderBlock {HTML} at (0,0) size 800x179
    RenderBody {BODY} at (8,16) size 784x155
      RenderBlock {DIV} at (0,0) size 784x96
        RenderBlock {P} at (0,0) size 784x21
          RenderText {#text} at (0,0) size 246x21
            text run at (0,0) width 246: "This paragraph should be unstyled"
        RenderTable {TABLE} at (0,37) size 252x59
          RenderTableSection {TBODY} at (0,0) size 252x59
            RenderTableRow {TR} at (0,2) size 252x55
              RenderTableCell {TD} at (2,2) size 248x55 [r=0 c=0 rs=1 cs=1]
                RenderBlock {P} at (1,17) size 246x21
                  RenderText {#text} at (0,0) size 246x21
                    text run at (0,0) width 246: "This paragraph should be unstyled"
      RenderTable {TABLE} at (0,96) size 351x59
        RenderTableSection {TBODY} at (0,0) size 351x59
          RenderTableRow {TR} at (0,2) size 351x55
            RenderTableCell {TD} at (2,2) size 347x55 [r=0 c=0 rs=1 cs=1]
              RenderBlock {P} at (1,17) size 345x21 [bgcolor=#00FF00]
                RenderText {#text} at (0,0) size 345x21
                  text run at (0,0) width 345: "This paragraph should have a green background"
