layer at (0,0) size 800x600
  RenderView at (0,0) size 800x600
layer at (0,0) size 800x70
  RenderBlock {HTML} at (0,0) size 800x70
    RenderBody {BODY} at (8,16) size 784x38
      RenderBlock {P} at (0,0) size 784x38
        RenderButton {BUTTON} at (2,2) size 604x34 [bgcolor=#C0C0C0]
          RenderBlock (anonymous) at (6,6) size 592x22
            RenderText {#text} at (0,0) size 592x22
              text run at (0,0) width 592: "Activating (e.g. holding the mouse button down on) this button should make it go green."
