layer at (0,0) size 800x600
  RenderView at (0,0) size 800x600
layer at (0,0) size 800x400
  RenderBlock {HTML} at (0,0) size 800x400
    RenderBody {BODY} at (8,16) size 784x368
      RenderBlock {P} at (0,0) size 784x19
        RenderText {#text} at (0,0) size 209x19
          text run at (0,0) width 209: "This paragraph should be unstyled."
      RenderBlock {ADDRESS} at (0,35) size 784x19
        RenderText {#text} at (0,0) size 206x19
          text run at (0,0) width 206: "This address should be unstyled."
      RenderBlock {P} at (0,70) size 784x19 [bgcolor=#00FF00]
        RenderText {#text} at (0,0) size 282x19
          text run at (0,0) width 282: "This paragraph should have green background."
      RenderBlock {P} at (0,105) size 784x19 [bgcolor=#00FF00]
        RenderText {#text} at (0,0) size 282x19
          text run at (0,0) width 282: "This paragraph should have green background."
      RenderBlock {DL} at (0,140) size 784x228
        RenderBlock {DT} at (0,0) size 784x19 [bgcolor=#00FF00]
          RenderText {#text} at (0,0) size 334x19
            text run at (0,0) width 334: "First definition term that should have green background."
        RenderBlock {DD} at (40,19) size 744x19 [bgcolor=#00FF00]
          RenderText {#text} at (0,0) size 342x19
            text run at (0,0) width 342: "First definition that should also have a green background."
        RenderBlock {DT} at (0,38) size 784x19 [bgcolor=#00FF00]
          RenderText {#text} at (0,0) size 353x19
            text run at (0,0) width 353: "Second definition term that should have green background."
        RenderBlock {DD} at (40,57) size 744x19 [bgcolor=#00FF00]
          RenderText {#text} at (0,0) size 322x19
            text run at (0,0) width 322: "Second definition that should have green background."
        RenderBlock {DT} at (0,76) size 784x19
          RenderText {#text} at (0,0) size 125x19
            text run at (0,0) width 125: "Third definition term."
        RenderBlock {DD} at (40,95) size 744x19
          RenderText {#text} at (0,0) size 94x19
            text run at (0,0) width 94: "Third definition."
        RenderBlock {DT} at (0,114) size 784x19 [bgcolor=#00FF00]
          RenderText {#text} at (0,0) size 347x19
            text run at (0,0) width 347: "Fourth definition term that should have green background."
        RenderBlock {DD} at (40,133) size 744x19 [bgcolor=#00FF00]
          RenderText {#text} at (0,0) size 316x19
            text run at (0,0) width 316: "Fourth definition that should have green background."
        RenderBlock {DT} at (0,152) size 784x19 [bgcolor=#00FF00]
          RenderText {#text} at (0,0) size 334x19
            text run at (0,0) width 334: "Fifth definition term that should have green background."
        RenderBlock {DD} at (40,171) size 744x19 [bgcolor=#00FF00]
          RenderText {#text} at (0,0) size 303x19
            text run at (0,0) width 303: "Fifth definition that should have green background."
        RenderBlock {DT} at (0,190) size 784x19
          RenderText {#text} at (0,0) size 123x19
            text run at (0,0) width 123: "Sixth definition term."
        RenderBlock {DD} at (40,209) size 744x19
          RenderText {#text} at (0,0) size 92x19
            text run at (0,0) width 92: "Sixth definition."
