layer at (0,0) size 800x600
  RenderView at (0,0) size 800x600
layer at (0,0) size 800x345
  RenderBlock {HTML} at (0,0) size 800x345
    RenderBody {BODY} at (8,16) size 784x313
      RenderBlock {DIV} at (0,0) size 784x313
        RenderBlock {P} at (0,0) size 784x66
          RenderText {#text} at (0,0) size 736x44
            text run at (0,0) width 736: "The background color of this paragraph should turn to green when the mouse pointer hovers over any of the"
            text run at (0,22) width 67: "following:"
          RenderBR {BR} at (67,22) size 0x22
          RenderInline {STRONG} at (0,0) size 63x22
            RenderText {#text} at (0,44) size 63x22
              text run at (0,44) width 63: "This text."
        RenderBlock {P} at (0,82) size 784x22
          RenderText {#text} at (0,0) size 63x22
            text run at (0,0) width 63: "This text."
        RenderTable {TABLE} at (0,120) size 115x114
          RenderTableSection {TBODY} at (0,0) size 115x114
            RenderTableRow {TR} at (0,2) size 115x84
              RenderTableCell {TD} at (2,2) size 111x84 [r=0 c=0 rs=1 cs=1]
                RenderTable {TABLE} at (1,1) size 109x82
                  RenderTableSection {TBODY} at (0,0) size 109x82
                    RenderTableRow {TR} at (0,2) size 109x78
                      RenderTableCell {TD} at (2,2) size 105x78 [r=0 c=0 rs=1 cs=1]
                        RenderBlock {DL} at (1,17) size 103x44
                          RenderBlock {DT} at (0,0) size 103x22
                            RenderText {#text} at (0,0) size 63x22
                              text run at (0,0) width 63: "This text."
                          RenderBlock {DD} at (40,22) size 63x22
                            RenderText {#text} at (0,0) size 63x22
                              text run at (0,0) width 63: "This text."
            RenderTableRow {TR} at (0,88) size 115x24
              RenderTableCell {TD} at (2,88) size 111x24 [r=1 c=0 rs=1 cs=1]
                RenderText {#text} at (1,1) size 63x22
                  text run at (1,1) width 63: "This text."
        RenderBlock {P} at (0,250) size 784x25
          RenderInline {SUB} at (0,0) size 52x18
            RenderText {#text} at (0,7) size 52x18
              text run at (0,7) width 52: "This text."
        RenderBlock {P} at (0,291) size 784x22
          RenderText {#text} at (0,0) size 624x22
            text run at (0,0) width 624: "...and anything else between the top of the first paragraph and the bottom of this paragraph."
