layer at (0,0) size 800x600
  RenderView at (0,0) size 800x600
layer at (0,0) size 800x575
  RenderBlock {HTML} at (0,0) size 800x575
    RenderBody {BODY} at (8,16) size 784x551
      RenderBlock {UL} at (0,0) size 784x126
        RenderListItem {LI} at (40,0) size 744x21
          RenderListMarker at (-18,0) size 7x21: bullet
          RenderText {#text} at (0,0) size 89x21
            text run at (0,0) width 89: "First list item"
        RenderListItem {LI} at (40,21) size 744x21 [bgcolor=#00FF00]
          RenderListMarker at (-18,0) size 7x21: bullet
          RenderText {#text} at (0,0) size 382x21
            text run at (0,0) width 382: "This second list item should have a green background"
        RenderListItem {LI} at (40,42) size 744x21
          RenderListMarker at (-18,0) size 7x21: bullet
          RenderText {#text} at (0,0) size 95x21
            text run at (0,0) width 95: "Third list item"
        RenderListItem {LI} at (40,63) size 744x21 [bgcolor=#00FF00]
          RenderListMarker at (-18,0) size 7x21: bullet
          RenderText {#text} at (0,0) size 370x21
            text run at (0,0) width 370: "This fourth list item should have a green background"
        RenderListItem {LI} at (40,84) size 744x21
          RenderListMarker at (-18,0) size 7x21: bullet
          RenderText {#text} at (0,0) size 89x21
            text run at (0,0) width 89: "Fifth list item"
        RenderListItem {LI} at (40,105) size 744x21 [bgcolor=#00FF00]
          RenderListMarker at (-18,0) size 7x21: bullet
          RenderText {#text} at (0,0) size 363x21
            text run at (0,0) width 363: "This sixth list item should have a green background"
      RenderBlock {OL} at (0,142) size 784x126
        RenderListItem {LI} at (40,0) size 744x21 [bgcolor=#00FF00]
          RenderListMarker at (-22,0) size 17x21: "1"
          RenderText {#text} at (0,0) size 355x21
            text run at (0,0) width 355: "This first list item should have a green background"
        RenderListItem {LI} at (40,21) size 744x21
          RenderListMarker at (-22,0) size 17x21: "2"
          RenderText {#text} at (0,0) size 113x21
            text run at (0,0) width 113: "Second list item"
        RenderListItem {LI} at (40,42) size 744x21 [bgcolor=#00FF00]
          RenderListMarker at (-22,0) size 17x21: "3"
          RenderText {#text} at (0,0) size 361x21
            text run at (0,0) width 361: "This third list item should have a green background"
        RenderListItem {LI} at (40,63) size 744x21
          RenderListMarker at (-22,0) size 17x21: "4"
          RenderText {#text} at (0,0) size 104x21
            text run at (0,0) width 104: "Fourth list item"
        RenderListItem {LI} at (40,84) size 744x21 [bgcolor=#00FF00]
          RenderListMarker at (-22,0) size 17x21: "5"
          RenderText {#text} at (0,0) size 355x21
            text run at (0,0) width 355: "This fifth list item should have a green background"
        RenderListItem {LI} at (40,105) size 744x21
          RenderListMarker at (-22,0) size 17x21: "6"
          RenderText {#text} at (0,0) size 94x21
            text run at (0,0) width 94: "Sixth list item"
      RenderBlock {DIV} at (0,284) size 784x267
        RenderTable {TABLE} at (0,0) size 174x166 [border: (1px outset #808080)]
          RenderTableSection {TBODY} at (1,1) size 172x164
            RenderTableRow {TR} at (0,2) size 172x25
              RenderTableCell {TD} at (2,2) size 112x25 [border: (1px inset #808080)] [r=0 c=0 rs=1 cs=1]
                RenderText {#text} at (2,2) size 22x21
                  text run at (2,2) width 22: "1.1"
              RenderTableCell {TD} at (116,2) size 26x25 [border: (1px inset #808080)] [r=0 c=1 rs=1 cs=1]
                RenderText {#text} at (2,2) size 22x21
                  text run at (2,2) width 22: "1.2"
              RenderTableCell {TD} at (144,2) size 26x25 [border: (1px inset #808080)] [r=0 c=2 rs=1 cs=1]
                RenderText {#text} at (2,2) size 22x21
                  text run at (2,2) width 22: "1.3"
            RenderTableRow {TR} at (0,29) size 172x25
              RenderTableCell {TD} at (2,29) size 112x25 [border: (1px inset #808080)] [r=1 c=0 rs=1 cs=1]
                RenderText {#text} at (2,2) size 22x21
                  text run at (2,2) width 22: "2.1"
              RenderTableCell {TD} at (116,29) size 26x25 [border: (1px inset #808080)] [r=1 c=1 rs=1 cs=1]
                RenderText {#text} at (2,2) size 22x21
                  text run at (2,2) width 22: "2.2"
              RenderTableCell {TD} at (144,29) size 26x25 [border: (1px inset #808080)] [r=1 c=2 rs=1 cs=1]
                RenderText {#text} at (2,2) size 22x21
                  text run at (2,2) width 22: "2.3"
            RenderTableRow {TR} at (0,56) size 172x25 [bgcolor=#00FF00]
              RenderTableCell {TD} at (2,56) size 112x25 [border: (1px inset #808080)] [r=2 c=0 rs=1 cs=1]
                RenderText {#text} at (2,2) size 108x21
                  text run at (2,2) width 108: "Green row : 3.1"
              RenderTableCell {TD} at (116,56) size 26x25 [border: (1px inset #808080)] [r=2 c=1 rs=1 cs=1]
                RenderText {#text} at (2,2) size 22x21
                  text run at (2,2) width 22: "3.2"
              RenderTableCell {TD} at (144,56) size 26x25 [border: (1px inset #808080)] [r=2 c=2 rs=1 cs=1]
                RenderText {#text} at (2,2) size 22x21
                  text run at (2,2) width 22: "3.3"
            RenderTableRow {TR} at (0,83) size 172x25 [bgcolor=#00FF00]
              RenderTableCell {TD} at (2,83) size 112x25 [border: (1px inset #808080)] [r=3 c=0 rs=1 cs=1]
                RenderText {#text} at (2,2) size 108x21
                  text run at (2,2) width 108: "Green row : 4.1"
              RenderTableCell {TD} at (116,83) size 26x25 [border: (1px inset #808080)] [r=3 c=1 rs=1 cs=1]
                RenderText {#text} at (2,2) size 22x21
                  text run at (2,2) width 22: "4.2"
              RenderTableCell {TD} at (144,83) size 26x25 [border: (1px inset #808080)] [r=3 c=2 rs=1 cs=1]
                RenderText {#text} at (2,2) size 22x21
                  text run at (2,2) width 22: "4.3"
            RenderTableRow {TR} at (0,110) size 172x25 [bgcolor=#00FF00]
              RenderTableCell {TD} at (2,110) size 112x25 [border: (1px inset #808080)] [r=4 c=0 rs=1 cs=1]
                RenderText {#text} at (2,2) size 108x21
                  text run at (2,2) width 108: "Green row : 5.1"
              RenderTableCell {TD} at (116,110) size 26x25 [border: (1px inset #808080)] [r=4 c=1 rs=1 cs=1]
                RenderText {#text} at (2,2) size 22x21
                  text run at (2,2) width 22: "5.2"
              RenderTableCell {TD} at (144,110) size 26x25 [border: (1px inset #808080)] [r=4 c=2 rs=1 cs=1]
                RenderText {#text} at (2,2) size 22x21
                  text run at (2,2) width 22: "5.3"
            RenderTableRow {TR} at (0,137) size 172x25 [bgcolor=#00FF00]
              RenderTableCell {TD} at (2,137) size 112x25 [border: (1px inset #808080)] [r=5 c=0 rs=1 cs=1]
                RenderText {#text} at (2,2) size 108x21
                  text run at (2,2) width 108: "Green row : 6.1"
              RenderTableCell {TD} at (116,137) size 26x25 [border: (1px inset #808080)] [r=5 c=1 rs=1 cs=1]
                RenderText {#text} at (2,2) size 22x21
                  text run at (2,2) width 22: "6.2"
              RenderTableCell {TD} at (144,137) size 26x25 [border: (1px inset #808080)] [r=5 c=2 rs=1 cs=1]
                RenderText {#text} at (2,2) size 22x21
                  text run at (2,2) width 22: "6.3"
        RenderBlock {P} at (0,182) size 784x0
        RenderTable {TABLE} at (0,182) size 372x85 [border: (1px outset #808080)]
          RenderTableSection {TBODY} at (1,1) size 370x83
            RenderTableRow {TR} at (0,2) size 370x25
              RenderTableCell {TD} at (2,2) size 26x25 [border: (1px inset #808080)] [r=0 c=0 rs=1 cs=1]
                RenderText {#text} at (2,2) size 22x21
                  text run at (2,2) width 22: "1.1"
              RenderTableCell {TD} at (30,2) size 74x25 [bgcolor=#00FF00] [border: (1px inset #808080)] [r=0 c=1 rs=1 cs=1]
                RenderText {#text} at (2,2) size 70x21
                  text run at (2,2) width 70: "green cell"
              RenderTableCell {TD} at (106,2) size 26x25 [border: (1px inset #808080)] [r=0 c=2 rs=1 cs=1]
                RenderText {#text} at (2,2) size 22x21
                  text run at (2,2) width 22: "1.3"
              RenderTableCell {TD} at (134,2) size 26x25 [border: (1px inset #808080)] [r=0 c=3 rs=1 cs=1]
                RenderText {#text} at (2,2) size 22x21
                  text run at (2,2) width 22: "1.4"
              RenderTableCell {TD} at (162,2) size 74x25 [bgcolor=#00FF00] [border: (1px inset #808080)] [r=0 c=4 rs=1 cs=1]
                RenderText {#text} at (2,2) size 70x21
                  text run at (2,2) width 70: "green cell"
              RenderTableCell {TD} at (238,2) size 26x25 [border: (1px inset #808080)] [r=0 c=5 rs=1 cs=1]
                RenderText {#text} at (2,2) size 22x21
                  text run at (2,2) width 22: "1.6"
              RenderTableCell {TD} at (266,2) size 26x25 [border: (1px inset #808080)] [r=0 c=6 rs=1 cs=1]
                RenderText {#text} at (2,2) size 22x21
                  text run at (2,2) width 22: "1.7"
              RenderTableCell {TD} at (294,2) size 74x25 [bgcolor=#00FF00] [border: (1px inset #808080)] [r=0 c=7 rs=1 cs=1]
                RenderText {#text} at (2,2) size 70x21
                  text run at (2,2) width 70: "green cell"
            RenderTableRow {TR} at (0,29) size 370x25
              RenderTableCell {TD} at (2,29) size 26x25 [border: (1px inset #808080)] [r=1 c=0 rs=1 cs=1]
                RenderText {#text} at (2,2) size 22x21
                  text run at (2,2) width 22: "2.1"
              RenderTableCell {TD} at (30,29) size 74x25 [bgcolor=#00FF00] [border: (1px inset #808080)] [r=1 c=1 rs=1 cs=1]
                RenderText {#text} at (2,2) size 70x21
                  text run at (2,2) width 70: "green cell"
              RenderTableCell {TD} at (106,29) size 26x25 [border: (1px inset #808080)] [r=1 c=2 rs=1 cs=1]
                RenderText {#text} at (2,2) size 22x21
                  text run at (2,2) width 22: "2.3"
              RenderTableCell {TD} at (134,29) size 26x25 [border: (1px inset #808080)] [r=1 c=3 rs=1 cs=1]
                RenderText {#text} at (2,2) size 22x21
                  text run at (2,2) width 22: "2.4"
              RenderTableCell {TD} at (162,29) size 74x25 [bgcolor=#00FF00] [border: (1px inset #808080)] [r=1 c=4 rs=1 cs=1]
                RenderText {#text} at (2,2) size 70x21
                  text run at (2,2) width 70: "green cell"
              RenderTableCell {TD} at (238,29) size 26x25 [border: (1px inset #808080)] [r=1 c=5 rs=1 cs=1]
                RenderText {#text} at (2,2) size 22x21
                  text run at (2,2) width 22: "2.6"
              RenderTableCell {TD} at (266,29) size 26x25 [border: (1px inset #808080)] [r=1 c=6 rs=1 cs=1]
                RenderText {#text} at (2,2) size 22x21
                  text run at (2,2) width 22: "2.7"
              RenderTableCell {TD} at (294,29) size 74x25 [bgcolor=#00FF00] [border: (1px inset #808080)] [r=1 c=7 rs=1 cs=1]
                RenderText {#text} at (2,2) size 70x21
                  text run at (2,2) width 70: "green cell"
            RenderTableRow {TR} at (0,56) size 370x25
              RenderTableCell {TD} at (2,56) size 26x25 [border: (1px inset #808080)] [r=2 c=0 rs=1 cs=1]
                RenderText {#text} at (2,2) size 22x21
                  text run at (2,2) width 22: "3.1"
              RenderTableCell {TD} at (30,56) size 74x25 [bgcolor=#00FF00] [border: (1px inset #808080)] [r=2 c=1 rs=1 cs=1]
                RenderText {#text} at (2,2) size 70x21
                  text run at (2,2) width 70: "green cell"
              RenderTableCell {TD} at (106,56) size 26x25 [border: (1px inset #808080)] [r=2 c=2 rs=1 cs=1]
                RenderText {#text} at (2,2) size 22x21
                  text run at (2,2) width 22: "3.3"
              RenderTableCell {TD} at (134,56) size 26x25 [border: (1px inset #808080)] [r=2 c=3 rs=1 cs=1]
                RenderText {#text} at (2,2) size 22x21
                  text run at (2,2) width 22: "3.4"
              RenderTableCell {TD} at (162,56) size 74x25 [bgcolor=#00FF00] [border: (1px inset #808080)] [r=2 c=4 rs=1 cs=1]
                RenderText {#text} at (2,2) size 70x21
                  text run at (2,2) width 70: "green cell"
              RenderTableCell {TD} at (238,56) size 26x25 [border: (1px inset #808080)] [r=2 c=5 rs=1 cs=1]
                RenderText {#text} at (2,2) size 22x21
                  text run at (2,2) width 22: "3.6"
              RenderTableCell {TD} at (266,56) size 26x25 [border: (1px inset #808080)] [r=2 c=6 rs=1 cs=1]
                RenderText {#text} at (2,2) size 22x21
                  text run at (2,2) width 22: "3.7"
              RenderTableCell {TD} at (294,56) size 74x25 [bgcolor=#00FF00] [border: (1px inset #808080)] [r=2 c=7 rs=1 cs=1]
                RenderText {#text} at (2,2) size 70x21
                  text run at (2,2) width 70: "green cell"
