layer at (0,0) size 800x600
  RenderView at (0,0) size 800x600
layer at (0,0) size 800x130
  RenderBlock {HTML} at (0,0) size 800x130
    RenderBody {BODY} at (8,16) size 784x98
      RenderBlock {DIV} at (0,0) size 784x98
        RenderBlock {DIV} at (0,0) size 784x98 [color=#FF0000]
          RenderBlock {P} at (0,0) size 784x22 [color=#FFFFFF] [bgcolor=#008000]
            RenderText {#text} at (0,0) size 173x22
              text run at (0,0) width 173: "This line should be green."
          RenderBlock {P} at (0,38) size 784x22 [color=#FFFFFF] [bgcolor=#008000]
            RenderText {#text} at (0,0) size 173x22
              text run at (0,0) width 173: "This line should be green."
          RenderBlock {P} at (0,76) size 784x22 [color=#FFFFFF] [bgcolor=#008000]
            RenderInline {SPAN} at (0,0) size 173x22
              RenderText {#text} at (0,0) size 173x22
                text run at (0,0) width 173: "This line should be green."
