layer at (0,0) size 800x600
  RenderView at (0,0) size 800x600
layer at (0,0) size 800x54
  RenderBlock {HTML} at (0,0) size 800x54
    RenderBody {BODY} at (8,16) size 784x22
      RenderBlock {P} at (0,0) size 784x22
        RenderText {#text} at (0,0) size 539x22
          text run at (0,0) width 539: "Try selecting some text in this document. It should be have a green background."
