layer at (0,0) size 800x600
  RenderView at (0,0) size 800x600
layer at (0,0) size 800x152
  RenderBlock {HTML} at (0,0) size 800x152
    RenderBody {BODY} at (8,8) size 784x136
      RenderBlock {DIV} at (0,0) size 784x136
        RenderBlock {ADDRESS} at (16,0) size 768x22 [bgcolor=#00FF00]
          RenderText {#text} at (0,0) size 341x22
            text run at (0,0) width 341: "A first address that should have a green background"
        RenderBlock {ADDRESS} at (16,38) size 768x22 [bgcolor=#00FF00]
          RenderText {#text} at (0,0) size 361x22
            text run at (0,0) width 361: "A second address that should have a green background"
        RenderBlock {ADDRESS} at (16,76) size 768x22
          RenderText {#text} at (0,0) size 265x22
            text run at (0,0) width 265: "A third address with normal background"
        RenderBlock (anonymous) at (0,114) size 784x22
          RenderText {#text} at (0,0) size 309x22
            text run at (0,0) width 309: "This div should have three addresses above it."
