layer at (0,0) size 800x600
  RenderView at (0,0) size 800x600
layer at (0,0) size 800x160
  RenderBlock {HTML} at (0,0) size 800x160
    RenderBody {BODY} at (8,16) size 784x136
      RenderBlock {P} at (0,0) size 784x22 [bgcolor=#00FF00]
        RenderText {#text} at (0,0) size 288x22
          text run at (0,0) width 288: "This line should have a green background."
      RenderBlock {P} at (0,38) size 784x54 [bgcolor=#00FF00]
        RenderText {#text} at (0,0) size 736x22
          text run at (0,0) width 736: "UAs may render the following element as a pop up menu. If so, please ensure the menu is unstyled (or green)."
        RenderMenuList {SELECT} at (2,24) size 117x28 [border: (1px solid #000000)]
          RenderBlock (anonymous) at (5,3) size 87x22
            RenderText at (0,0) size 79x22
              text run at (0,0) width 79: "This should"
        RenderText {#text} at (0,0) size 0x0
      RenderTable {TABLE} at (0,108) size 460x28 [bgcolor=#00FF00]
        RenderTableSection {TBODY} at (0,0) size 460x28
          RenderTableRow {TR} at (0,2) size 460x24
            RenderTableCell {TD} at (2,2) size 456x24 [r=0 c=0 rs=1 cs=1]
              RenderText {#text} at (1,1) size 454x22
                text run at (1,1) width 454: "This line should have a green background (or it might be unstyled)."
