layer at (0,0) size 800x600
  RenderView at (0,0) size 800x600
layer at (0,0) size 800x259
  RenderBlock {HTML} at (0,0) size 800x259
    RenderBody {BODY} at (8,16) size 784x227
      RenderBlock {P} at (0,0) size 784x227
        RenderInline (generated) at (0,0) size 19x36 [bgcolor=#00FF00]
          RenderText {#text} at (0,0) size 19x36
            text run at (0,0) width 19: "T"
        RenderText {#text} at (19,14) size 776x213
          text run at (19,14) width 482: "his very long paragraph should have a big first letter T with a green background. "
          text run at (501,14) width 239: "Dummy text. Dummy text. Dummy text."
          text run at (0,37) width 776: "Dummy text. Dummy text. Dummy text. Dummy text. Dummy text. Dummy text. Dummy text. Dummy text. Dummy text. Dummy"
          text run at (0,56) width 755: "text. Dummy text. Dummy text. Dummy text. Dummy text. Dummy text. Dummy text. Dummy text. Dummy text. Dummy text."
          text run at (0,75) width 776: "Dummy text. Dummy text. Dummy text. Dummy text. Dummy text. Dummy text. Dummy text. Dummy text. Dummy text. Dummy"
          text run at (0,94) width 755: "text. Dummy text. Dummy text. Dummy text. Dummy text. Dummy text. Dummy text. Dummy text. Dummy text. Dummy text."
          text run at (0,113) width 776: "Dummy text. Dummy text. Dummy text. Dummy text. Dummy text. Dummy text. Dummy text. Dummy text. Dummy text. Dummy"
          text run at (0,132) width 755: "text. Dummy text. Dummy text. Dummy text. Dummy text. Dummy text. Dummy text. Dummy text. Dummy text. Dummy text."
          text run at (0,151) width 776: "Dummy text. Dummy text. Dummy text. Dummy text. Dummy text. Dummy text. Dummy text. Dummy text. Dummy text. Dummy"
          text run at (0,170) width 755: "text. Dummy text. Dummy text. Dummy text. Dummy text. Dummy text. Dummy text. Dummy text. Dummy text. Dummy text."
          text run at (0,189) width 776: "Dummy text. Dummy text. Dummy text. Dummy text. Dummy text. Dummy text. Dummy text. Dummy text. Dummy text. Dummy"
          text run at (0,208) width 512: "text. Dummy text. Dummy text. Dummy text. Dummy text. Dummy text. Dummy text."
