layer at (0,0) size 800x600
  RenderView at (0,0) size 800x600
layer at (0,0) size 800x93
  RenderBlock {HTML} at (0,0) size 800x93
    RenderBody {BODY} at (8,16) size 784x69
      RenderBlock {DIV} at (0,0) size 784x69
        RenderBlock {P} at (0,0) size 784x21
          RenderText {#text} at (0,0) size 246x21
            text run at (0,0) width 246: "The following bar should be green."
        RenderBlock {DIV} at (0,37) size 784x0
        RenderBlock {DIV} at (0,37) size 784x0
        RenderBlock {DIV} at (0,37) size 784x32
          RenderBlock {DIV} at (0,0) size 784x32
            RenderBlock {DIV} at (0,0) size 784x32
              RenderBlock {DIV} at (0,0) size 784x32 [bgcolor=#FF0000]
