layer at (0,0) size 800x600
  RenderView at (0,0) size 800x600
layer at (0,0) size 800x600
  RenderBlock {HTML} at (0,0) size 800x600
    RenderBody {BODY} at (8,8) size 784x576
      RenderBlock {P} at (0,0) size 784x40
        RenderText {#text} at (0,0) size 99x19
          text run at (0,0) width 99: "This is a test for "
        RenderInline {I} at (0,0) size 756x39
          RenderText {#text} at (99,0) size 756x39
            text run at (99,0) width 657: "http://bugzilla.opendarwin.org/show_bug.cgi?id=6139 ATSUI code path should implement small caps,"
            text run at (0,20) width 412: "synthetic bold and oblique and correct metrics for fallback fonts"
        RenderText {#text} at (412,20) size 4x19
          text run at (412,20) width 4: "."
      RenderBlock {HR} at (0,56) size 784x2 [border: (1px inset #000000)]
      RenderBlock {P} at (0,74) size 784x20
        RenderText {#text} at (0,0) size 571x19
          text run at (0,0) width 571: "The two columns should be identical except for the accent over the e and the umlaut over the u."
      RenderTable {TABLE} at (0,110) size 248x133 [border: none]
        RenderTableSection {TBODY} at (0,0) size 247x132
          RenderTableRow {TR} at (0,0) size 247x26
            RenderTableCell {TD} at (0,0) size 133x26 [border: (1px solid #008000)] [r=0 c=0 rs=1 cs=1]
              RenderText {#text} at (2,2) size 56x22
                text run at (2,2) width 56: "Lore\x{300}m "
              RenderInline {SPAN} at (0,0) size 47x22
                RenderText {#text} at (58,2) size 47x22
                  text run at (58,2) width 47: "ipsu\x{308}m"
              RenderText {#text} at (0,0) size 0x0
            RenderTableCell {TD} at (133,0) size 114x26 [border: (1px solid #008000)] [r=0 c=1 rs=1 cs=1]
              RenderText {#text} at (2,2) size 56x22
                text run at (2,2) width 56: "Lorem "
              RenderInline {SPAN} at (0,0) size 47x22
                RenderText {#text} at (58,2) size 47x22
                  text run at (58,2) width 47: "ipsum"
              RenderText {#text} at (0,0) size 0x0
          RenderTableRow {TR} at (0,26) size 247x27
            RenderTableCell {TD} at (0,26) size 133x27 [border: (1px solid #008000)] [r=1 c=0 rs=1 cs=1]
              RenderText {#text} at (2,2) size 61x23
                text run at (2,2) width 61: "Lore\x{300}m "
              RenderInline {SPAN} at (0,0) size 48x23
                RenderText {#text} at (63,2) size 48x23
                  text run at (63,2) width 48: "ipsu\x{308}m"
              RenderText {#text} at (0,0) size 0x0
            RenderTableCell {TD} at (133,26) size 114x27 [border: (1px solid #008000)] [r=1 c=1 rs=1 cs=1]
              RenderText {#text} at (2,2) size 61x23
                text run at (2,2) width 61: "Lorem "
              RenderInline {SPAN} at (0,0) size 48x23
                RenderText {#text} at (63,2) size 48x23
                  text run at (63,2) width 48: "ipsum"
              RenderText {#text} at (0,0) size 0x0
          RenderTableRow {TR} at (0,53) size 247x26
            RenderTableCell {TD} at (0,53) size 133x26 [border: (1px solid #008000)] [r=2 c=0 rs=1 cs=1]
              RenderText {#text} at (2,2) size 57x22
                text run at (2,2) width 57: "Lore\x{300}m "
              RenderInline {SPAN} at (0,0) size 48x22
                RenderText {#text} at (59,2) size 48x22
                  text run at (59,2) width 48: "ipsu\x{308}m"
              RenderText {#text} at (0,0) size 0x0
            RenderTableCell {TD} at (133,53) size 114x26 [border: (1px solid #008000)] [r=2 c=1 rs=1 cs=1]
              RenderText {#text} at (2,2) size 57x22
                text run at (2,2) width 57: "Lorem "
              RenderInline {SPAN} at (0,0) size 48x22
                RenderText {#text} at (59,2) size 48x22
                  text run at (59,2) width 48: "ipsum"
              RenderText {#text} at (0,0) size 0x0
          RenderTableRow {TR} at (0,79) size 247x27
            RenderTableCell {TD} at (0,79) size 133x27 [border: (1px solid #008000)] [r=3 c=0 rs=1 cs=1]
              RenderText {#text} at (2,2) size 60x23
                text run at (2,2) width 60: "Lore\x{300}m "
              RenderInline {SPAN} at (0,0) size 51x23
                RenderText {#text} at (62,2) size 51x23
                  text run at (62,2) width 51: "ipsu\x{308}m"
              RenderText {#text} at (0,0) size 0x0
            RenderTableCell {TD} at (133,79) size 114x27 [border: (1px solid #008000)] [r=3 c=1 rs=1 cs=1]
              RenderText {#text} at (2,2) size 60x23
                text run at (2,2) width 60: "Lorem "
              RenderInline {SPAN} at (0,0) size 51x23
                RenderText {#text} at (62,2) size 51x23
                  text run at (62,2) width 51: "ipsum"
              RenderText {#text} at (0,0) size 0x0
          RenderTableRow {TR} at (0,106) size 247x26
            RenderTableCell {TD} at (0,106) size 133x26 [border: (1px solid #008000)] [r=4 c=0 rs=1 cs=1]
              RenderText {#text} at (2,2) size 130x22
                text run at (2,2) width 130: "Lore\x{300}m ipsu\x{308}m"
            RenderTableCell {TD} at (133,106) size 114x26 [border: (1px solid #008000)] [r=4 c=1 rs=1 cs=1]
              RenderText {#text} at (2,2) size 97x22
                text run at (2,2) width 97: "Lorem ipsum"
      RenderBlock {HR} at (0,251) size 784x2 [border: (1px inset #000000)]
      RenderBlock {P} at (0,269) size 784x20
        RenderText {#text} at (0,0) size 257x19
          text run at (0,0) width 257: "The following two lines should be identical."
      RenderBlock {P} at (0,305) size 784x21
        RenderInline {SPAN} at (0,0) size 362x22 [border: (1px solid #008000)]
          RenderText {#text} at (1,0) size 360x20
            text run at (1,0) width 360: "\x{E01}\x{E02}\x{E03}\x{E04}\x{E05}\x{E06}\x{E07}\x{E08}\x{E01}\x{E02}\x{E03}\x{E04}\x{E05}\x{E06}\x{E07}\x{E08}\x{E01}\x{E02}\x{E03}\x{E04}\x{E05}\x{E06}\x{E07}\x{E08}\x{E01}\x{E02}\x{E03}\x{E04}\x{E05}\x{E06}\x{E07}\x{E08}"
        RenderText {#text} at (0,0) size 0x0
      RenderBlock {P} at (0,342) size 784x21
        RenderInline {SPAN} at (0,0) size 362x22 [border: (1px solid #008000)]
          RenderText {#text} at (1,0) size 360x20
            text run at (1,0) width 360: "\x{E01}\x{E02}\x{E03}\x{E04}\x{E05}\x{E06}\x{E07}\x{E08}\x{E01}\x{E02}\x{E03}\x{E04}\x{E05}\x{E06}\x{E07}\x{E08}\x{E01}\x{E02}\x{E03}\x{E04}\x{E05}\x{E06}\x{E07}\x{E08}\x{E01}\x{E02}\x{E03}\x{E04}\x{E05}\x{E06}\x{E07}\x{E08}"
        RenderText {#text} at (0,0) size 0x0
