layer at (0,0) size 800x600
  RenderView at (0,0) size 800x600
layer at (0,0) size 800x600
  RenderBlock {HTML} at (0,0) size 800x600
    RenderBody {BODY} at (8,8) size 784x584
      RenderBlock {CENTER} at (0,0) size 784x62
        RenderBlock {FORM} at (0,0) size 784x26
          RenderTable {TABLE} at (44,0) size 696x26
            RenderTableSection {TBODY} at (0,0) size 695x26
              RenderTableRow {TR} at (0,0) size 695x26
                RenderTableCell {TD} at (0,3) size 150x20 [r=0 c=0 rs=2 cs=1]
                  RenderText {#text} at (0,0) size 4x19
                    text run at (0,0) width 4: " "
                RenderTableCell {TD} at (150,0) size 277x26 [r=0 c=1 rs=1 cs=1]
                  RenderTextControl {INPUT} at (2,2) size 273x22 [bgcolor=#FFFFFF] [border: (2px inset #000000)]
                  RenderText {#text} at (0,0) size 0x0
                RenderTableCell {TD} at (427,0) size 108x26 [r=0 c=2 rs=1 cs=1]
                  RenderButton {INPUT} at (2,2) size 104x22 [bgcolor=#DDDDDD] [border: (2px outset #DDDDDD)]
                    RenderBlock (anonymous) at (8,3) size 88x16
                      RenderText at (0,0) size 88x16
                        text run at (0,0) width 88: "Search Froogle"
                  RenderText {#text} at (0,0) size 0x0
                RenderTableCell {TD} at (535,3) size 160x19 [r=0 c=3 rs=2 cs=1]
                  RenderInline {LABEL} at (0,0) size 119x12
                    RenderText {#text} at (0,0) size 0x0
                    RenderBlock {INPUT} at (14,3) size 13x13
                    RenderText {#text} at (30,6) size 99x12
                      text run at (30,6) width 99: " Remember this location"
                  RenderText {#text} at (0,0) size 0x0
        RenderBlock (anonymous) at (0,42) size 784x20
          RenderBR {BR} at (392,0) size 0x19
layer at (207,13) size 269x16
  RenderBlock {DIV} at (2,3) size 269x16
caret: position 1 of child 0 {#text} of child 1 {TD} of child 0 {TR} of child 1 {TBODY} of child 1 {TABLE} of child 1 {FORM} of child 1 {CENTER} of body
