layer at (0,0) size 800x600
  RenderView at (0,0) size 800x600
layer at (0,0) size 800x341
  RenderBlock {HTML} at (0,0) size 800x341
    RenderBody {BODY} at (8,8) size 784x325
      RenderBlock (anonymous) at (0,0) size 784x245
        RenderText {#text} at (0,0) size 0x0
      RenderBlock {DIV} at (0,245) size 784x80
        RenderText {#text} at (0,0) size 250x19
          text run at (0,0) width 250: "Rendering horizontal line-positioned cues."
        RenderBR {BR} at (250,0) size 0x19
        RenderText {#text} at (0,20) size 151x19
          text run at (0,20) width 151: "EVENT(canplaythrough)"
        RenderBR {BR} at (151,20) size 0x19
        RenderText {#text} at (0,40) size 103x19
          text run at (0,40) width 103: "EVENT(seeked)"
        RenderBR {BR} at (103,40) size 0x19
        RenderText {#text} at (0,60) size 97x19
          text run at (0,60) width 97: "END OF TEST"
        RenderBR {BR} at (97,60) size 0x19
layer at (8,8) size 320x240
  RenderVideo {VIDEO} at (0,0) size 320x240
layer at (8,8) size 320x240
  RenderDeprecatedFlexibleBox (relative positioned) {DIV} at (0,0) size 320x240
    RenderBlock {DIV} at (0,205) size 320x35
layer at (8,8) size 320x205
  RenderBlock (relative positioned) {DIV} at (0,0) size 320x205 [color=#FFFFFF00]
layer at (8,8) size 320x15
  RenderBlock (positioned) {DIV} at (0,0) size 320x15 [color=#FFFFFF]
    RenderInline {DIV} at (0,0) size 280x19 [bgcolor=#000000CC]
      RenderText {#text} at (22,0) size 276x15
        text run at (22,0) width 276: "Cue 1: should be positioned at the top of the video."
    RenderInline {DIV} at (0,0) size 2x19 [bgcolor=#000000CC]
layer at (8,27) size 320x15
  RenderBlock (positioned) {DIV} at (0,19) size 320x15 [color=#FFFFFF]
    RenderInline {DIV} at (0,0) size 308x19 [bgcolor=#000000CC]
      RenderText {#text} at (8,0) size 304x15
        text run at (8,0) width 304: "Cue 2: should be the second cue and not overlap cue 1."
    RenderInline {DIV} at (0,0) size 2x19 [bgcolor=#000000CC]
layer at (8,46) size 320x15
  RenderBlock (positioned) {DIV} at (0,38) size 320x15 [color=#FFFFFF]
    RenderInline {DIV} at (0,0) size 304x19 [bgcolor=#000000CC]
      RenderText {#text} at (10,0) size 300x15
        text run at (10,0) width 300: "Cue 3: should become the third line from top to bottom."
    RenderInline {DIV} at (0,0) size 2x19 [bgcolor=#000000CC]
layer at (8,103) size 320x15
  RenderBlock (positioned) {DIV} at (0,95) size 320x15 [color=#FFFFFF]
    RenderInline {DIV} at (0,0) size 294x19 [bgcolor=#000000CC]
      RenderText {#text} at (15,0) size 290x15
        text run at (15,0) width 290: "Cue 4: should be fixed positioned around the middle."
    RenderInline {DIV} at (0,0) size 3x19 [bgcolor=#000000CC]
layer at (8,194) size 320x15
  RenderBlock (positioned) {DIV} at (0,186) size 320x15 [color=#FFFFFF]
    RenderInline {DIV} at (0,0) size 296x19 [bgcolor=#000000CC]
      RenderText {#text} at (14,0) size 292x15
        text run at (14,0) width 292: "Cue 5: should be displayed at the bottom of the video."
    RenderInline {DIV} at (0,0) size 2x19 [bgcolor=#000000CC]
layer at (8,175) size 320x15
  RenderBlock (positioned) {DIV} at (0,167) size 320x15 [color=#FFFFFF]
    RenderInline {DIV} at (0,0) size 286x19 [bgcolor=#000000CC]
      RenderText {#text} at (19,0) size 282x15
        text run at (19,0) width 282: "Cue 6: should be on top of bottom positioned cue 5."
    RenderInline {DIV} at (0,0) size 2x19 [bgcolor=#000000CC]
layer at (13,213) size 310x30 scrollHeight 36
  RenderDeprecatedFlexibleBox (relative positioned) {DIV} at (5,0) size 310x30 [bgcolor=#141414CC]
    RenderButton {INPUT} at (9,0) size 30x30
    RenderSlider {INPUT} at (48,11) size 74x8
      RenderFlexibleBox {DIV} at (0,0) size 74x8 [border: (1px solid #E6E6E659)]
        RenderBlock {DIV} at (1,-8) size 54x24
          RenderBlock {DIV} at (-5,0) size 33x24
        RenderBlock {DIV} at (48,1) size 32x24
    RenderDeprecatedFlexibleBox {DIV} at (137,0) size 25x30 [color=#FFFFFF]
      RenderBlock (anonymous) at (0,0) size 25x30
        RenderText {#text} at (0,7) size 25x16
          text run at (0,7) width 25: "0:00"
    RenderButton {INPUT} at (171,0) size 35x30
    RenderSlider {INPUT} at (212,11) size 15x8
      RenderFlexibleBox {DIV} at (0,0) size 15x8 [border: (1px solid #E6E6E659)]
        RenderBlock {DIV} at (1,-8) size 3x24
          RenderBlock {DIV} at (-4,0) size 24x24
        RenderBlock {DIV} at (-3,1) size 24x24
    RenderButton {INPUT} at (237,0) size 30x30
    RenderButton {INPUT} at (271,0) size 30x30
