layer at (0,0) size 800x600
  RenderView at (0,0) size 800x600
layer at (0,0) size 800x161
  RenderBlock {HTML} at (0,0) size 800x161
    RenderBody {BODY} at (8,16) size 784x137
      RenderBlock {P} at (0,0) size 784x19
        RenderText {#text} at (0,0) size 384x19
          text run at (0,0) width 384: "At the end of the test the green box should obscure the red box."
      RenderBlock {DIV} at (0,137) size 784x0
layer at (8,51) size 402x102
  RenderBlock (relative positioned) {DIV} at (0,35) size 402x102 [border: (1px solid #000000)]
layer at (19,52) size 100x100
  RenderBlock (positioned) {DIV} at (11,1) size 100x100 [bgcolor=#FF0000]
layer at (9,52) size 100x100
  RenderBlock (positioned) {DIV} at (1,1) size 100x100 [bgcolor=#008000]
