layer at (0,0) size 785x769
  RenderView at (0,0) size 785x600
layer at (0,0) size 785x769
  RenderBlock {html} at (0,0) size 785x769
    RenderBody {body} at (11,11) size 763x735
      RenderBlock (anonymous) at (0,0) size 763x54
        RenderText {#text} at (0,0) size 756x53
          text run at (0,0) width 357: "The two blocks should look identical. "
          text run at (357,0) width 399: "One uses an SVG, and the other just uses a"
          text run at (0,27) width 175: "normal HTML div."
      RenderBlock {p} at (0,77) size 763x27
        RenderText {#text} at (0,0) size 524x26
          text run at (0,0) width 524: "There should be a red, white and blue pattern below this"
      RenderSVGRoot {svg} at (25,152) size 200x200
        RenderSVGPath {rect} at (53,180) size 144x144 [fill={[type=SOLID] [color=#0000FF]}] [x=0.00] [y=0.00] [width=100.00] [height=100.00]
      RenderBlock {p} at (0,355) size 763x27
        RenderText {#text} at (0,0) size 523x26
          text run at (0,0) width 523: "There should be a red, white and blue pattern above this"
      RenderBlock {hr} at (0,405) size 763x2 [border: (1px inset #000000)]
      RenderBlock {p} at (0,430) size 763x27
        RenderText {#text} at (0,0) size 524x26
          text run at (0,0) width 524: "There should be a red, white and blue pattern below this"
      RenderBlock (floating) {div} at (14,494) size 200x200 [border: (14px solid #FF0000)]
        RenderBlock {div} at (28,28) size 144x144 [bgcolor=#0000FF]
      RenderBlock {p} at (0,708) size 763x27
        RenderText {#text} at (0,0) size 523x26
          text run at (0,0) width 523: "There should be a red, white and blue pattern above this"
