layer at (0,0) size 800x600
  RenderView at (0,0) size 800x600
layer at (0,0) size 800x198
  RenderBlock {html} at (0,0) size 800x199
    RenderBody {body} at (5,5) size 790x188
      RenderTable {table} at (143,0) size 503x187
        RenderTableSection (anonymous) at (0,0) size 502x187
          RenderTableRow {tr} at (0,0) size 502x187
            RenderTableCell {td} at (0,0) size 502x187 [r=0 c=0 rs=1 cs=3]
              RenderTable {table} at (7,6) size 490x175
                RenderTableSection (anonymous) at (0,0) size 489x175
                  RenderTableRow {tr} at (0,1) size 489x65
                    RenderTableCell {td} at (1,1) size 487x66 [r=0 c=0 rs=1 cs=2]
                      RenderBlock {h1} at (5,19) size 478x27
                        RenderText {#text} at (0,0) size 477x25
                          text run at (0,0) width 477: "Both sides should have identical size after zooming"
                  RenderTableRow {tr} at (0,67) size 489x24
                    RenderTableCell {td} at (1,67) size 243x24 [r=1 c=0 rs=1 cs=1]
                      RenderText {#text} at (96,5) size 51x14
                        text run at (96,5) width 51: "SVG Image"
                    RenderTableCell {td} at (245,67) size 243x24 [r=1 c=1 rs=1 cs=1]
                      RenderText {#text} at (95,5) size 53x14
                        text run at (95,5) width 53: "PNG Image"
                  RenderTableRow {tr} at (0,92) size 489x82
                    RenderTableCell {td} at (1,92) size 243x82 [r=2 c=0 rs=1 cs=1]
                      RenderEmbeddedObject {object} at (100,5) size 138x69
                        layer at (0,0) size 139x69
                          RenderView at (0,0) size 138x69
                        layer at (0,0) size 139x69
                          RenderSVGRoot {svg} at (23,0) size 93x69
                            RenderSVGContainer {g} at (28,8) size 73x47
                              RenderSVGRect {rect} at (28,8) size 11x17 [stroke={[type=SOLID] [color=#000000]}] [x=30.00] [y=46.00] [width=50.00] [height=80.00]
                              RenderSVGRect {rect} at (48,8) size 10x17 [fill={[type=SOLID] [color=#FF0000]}] [x=130.00] [y=46.00] [width=50.00] [height=80.00]
                              RenderSVGRect {rect} at (71,8) size 11x17 [stroke={[type=SOLID] [color=#000000]}] [x=250.00] [y=46.00] [width=50.00] [height=80.00]
                              RenderSVGRect {rect} at (90,8) size 11x17 [fill={[type=SOLID] [color=#FF0000]}] [x=350.00] [y=46.00] [width=50.00] [height=80.00]
                              RenderSVGRect {rect} at (28,37) size 12x18 [stroke={[type=SOLID] [color=#0000FF] [stroke width=8.00]}] [x=30.00] [y=196.00] [width=50.00] [height=80.00]
                              RenderSVGRect {rect} at (47,37) size 12x18 [stroke={[type=SOLID] [color=#0000FF] [stroke width=8.00]}] [fill={[type=SOLID] [color=#00FF00]}] [x=130.00] [y=196.00] [width=50.00] [height=80.00]
                              RenderSVGRect {rect} at (70,37) size 12x18 [stroke={[type=SOLID] [color=#0000FF] [stroke width=8.00]}] [x=250.00] [y=196.00] [width=50.00] [height=80.00]
                              RenderSVGRect {rect} at (90,37) size 11x17 [fill={[type=SOLID] [color=#00FF00]}] [x=350.00] [y=196.00] [width=50.00] [height=80.00]
                            RenderSVGText {text} at (10,298) size 270x52 contains 1 chunk(s)
                              RenderSVGInlineText {#text} at (0,0) size 270x52
                                chunk 1 text run 1 at (10.00,340.00) startOffset 0 endOffset 16 width 269.61: "$Revision: 1.7 $"
                            RenderSVGRect {rect} at (23,0) size 93x69 [stroke={[type=SOLID] [color=#000000]}] [x=1.00] [y=1.00] [width=478.00] [height=358.00]
                      RenderText {#text} at (0,0) size 0x0
                    RenderTableCell {td} at (245,92) size 243x82 [r=2 c=1 rs=1 cs=1]
                      RenderImage {img} at (5,5) size 138x69
                      RenderText {#text} at (0,0) size 0x0
