layer at (0,0) size 800x600
  RenderView at (0,0) size 800x600
layer at (0,0) size 800x142
  RenderBlock {HTML} at (0,0) size 800x142
    RenderBody {BODY} at (4,4) size 792x134
      RenderBlock {DIV} at (10,10) size 112x112 [border: (1px solid #000000)]
      RenderText {#text} at (132,122) size 2x12
        text run at (132,122) width 2: " "
      RenderBlock {DIV} at (144,10) size 112x112 [border: (1px solid #000000)]
      RenderText {#text} at (266,122) size 2x12
        text run at (266,122) width 2: " "
      RenderBlock {DIV} at (278,10) size 112x112 [border: (1px solid #000000)]
      RenderText {#text} at (400,122) size 2x12
        text run at (400,122) width 2: " "
      RenderImage {IMG} at (412,10) size 112x112 [border: (1px solid #000000)]
      RenderText {#text} at (534,122) size 2x12
        text run at (534,122) width 2: " "
      RenderImage {IMG} at (546,10) size 112x112 [border: (1px solid #000000)]
      RenderText {#text} at (0,0) size 0x0
      RenderText {#text} at (0,0) size 0x0
      RenderText {#text} at (0,0) size 0x0
