layer at (0,0) size 784x4239
  RenderView at (0,0) size 784x600
layer at (0,0) size 784x4239
  RenderBlock {HTML} at (0,0) size 784x4239
    RenderBody {BODY} at (8,16) size 768x4207
layer at (8,16) size 760x499
  RenderBlock {DIV} at (0,0) size 760x499 [border: (5px solid #800000)]
    RenderBlock (anonymous multi-column span) at (5,5) size 750x71
      RenderBlock {H2} at (0,19) size 750x33 [bgcolor=#EEEEEE]
        RenderText {#text} at (0,0) size 664x33
          text run at (0,0) width 664: "This is a spanning element at the beginning of the columns block."
layer at (13,92) size 750x418
  RenderBlock (anonymous multi-column) at (5,76) size 750x418
    RenderText {#text} at (0,0) size 367x814
      text run at (0,0) width 351: "Lorem ipsum dolor sit amet, consectetuer adipiscing"
      text run at (0,22) width 343: "elit. Nulla varius enim ac mi. Curabitur sollicitudin"
      text run at (0,44) width 329: "felis quis lectus. Quisque adipiscing rhoncus sem."
      text run at (0,66) width 367: "Proin nulla purus, vulputate vel, varius ut, euismod et,"
      text run at (0,88) width 325: "nisi. Sed vitae felis vel orci sagittis aliquam. Cras"
      text run at (0,110) width 315: "convallis adipiscing sem. Nam nonummy enim."
      text run at (0,132) width 341: "Nullam bibendum lobortis neque. Vestibulum velit"
      text run at (0,154) width 348: "orci, tempus euismod, pretium quis, interdum vitae,"
      text run at (0,176) width 326: "nulla. Phasellus eget ante et tortor condimentum"
      text run at (0,198) width 364: "vestibulum. Suspendisse hendrerit quam nec felis. Sed"
      text run at (0,220) width 357: "varius turpis vitae pede. Lorem ipsum dolor sit amet,"
      text run at (0,242) width 188: "consectetuer adipiscing elit. "
      text run at (188,242) width 150: "Lorem ipsum dolor sit"
      text run at (0,264) width 349: "amet, consectetuer adipiscing elit. Nulla varius enim"
      text run at (0,286) width 359: "ac mi. Curabitur sollicitudin felis quis lectus. Quisque"
      text run at (0,308) width 357: "adipiscing rhoncus sem. Proin nulla purus, vulputate"
      text run at (0,330) width 350: "vel, varius ut, euismod et, nisi. Sed vitae felis vel orci"
      text run at (0,352) width 351: "sagittis aliquam. Cras convallis adipiscing sem. Nam"
      text run at (0,374) width 341: "nonummy enim. Nullam bibendum lobortis neque."
      text run at (0,396) width 355: "Vestibulum velit orci, tempus euismod, pretium quis,"
      text run at (0,418) width 336: "interdum vitae, nulla. Phasellus eget ante et tortor"
      text run at (0,440) width 328: "condimentum vestibulum. Suspendisse hendrerit"
      text run at (0,462) width 345: "quam nec felis. Sed varius turpis vitae pede. Lorem"
      text run at (0,484) width 329: "ipsum dolor sit amet, consectetuer adipiscing elit."
      text run at (0,506) width 351: "Lorem ipsum dolor sit amet, consectetuer adipiscing"
      text run at (0,528) width 343: "elit. Nulla varius enim ac mi. Curabitur sollicitudin"
      text run at (0,550) width 329: "felis quis lectus. Quisque adipiscing rhoncus sem."
      text run at (0,572) width 367: "Proin nulla purus, vulputate vel, varius ut, euismod et,"
      text run at (0,594) width 325: "nisi. Sed vitae felis vel orci sagittis aliquam. Cras"
      text run at (0,616) width 315: "convallis adipiscing sem. Nam nonummy enim."
      text run at (0,638) width 341: "Nullam bibendum lobortis neque. Vestibulum velit"
      text run at (0,660) width 348: "orci, tempus euismod, pretium quis, interdum vitae,"
      text run at (0,682) width 326: "nulla. Phasellus eget ante et tortor condimentum"
      text run at (0,704) width 364: "vestibulum. Suspendisse hendrerit quam nec felis. Sed"
      text run at (0,726) width 357: "varius turpis vitae pede. Lorem ipsum dolor sit amet,"
      text run at (0,748) width 188: "consectetuer adipiscing elit. "
      text run at (188,748) width 150: "Lorem ipsum dolor sit"
      text run at (0,770) width 349: "amet, consectetuer adipiscing elit. Nulla varius enim"
      text run at (0,792) width 40: "ac mi."
layer at (8,531) size 760x499
  RenderBlock {DIV} at (0,515) size 760x499 [border: (5px solid #800000)]
    RenderBlock (anonymous multi-column span) at (5,423) size 750x71
      RenderBlock {H2} at (0,19) size 750x33 [bgcolor=#EEEEEE]
        RenderText {#text} at (0,0) size 600x33
          text run at (0,0) width 600: "This is a spanning element at the end of the columns block."
layer at (13,536) size 750x418
  RenderBlock (anonymous multi-column) at (5,5) size 750x418
    RenderText {#text} at (0,0) size 367x814
      text run at (0,0) width 351: "Lorem ipsum dolor sit amet, consectetuer adipiscing"
      text run at (0,22) width 343: "elit. Nulla varius enim ac mi. Curabitur sollicitudin"
      text run at (0,44) width 329: "felis quis lectus. Quisque adipiscing rhoncus sem."
      text run at (0,66) width 367: "Proin nulla purus, vulputate vel, varius ut, euismod et,"
      text run at (0,88) width 325: "nisi. Sed vitae felis vel orci sagittis aliquam. Cras"
      text run at (0,110) width 315: "convallis adipiscing sem. Nam nonummy enim."
      text run at (0,132) width 341: "Nullam bibendum lobortis neque. Vestibulum velit"
      text run at (0,154) width 348: "orci, tempus euismod, pretium quis, interdum vitae,"
      text run at (0,176) width 326: "nulla. Phasellus eget ante et tortor condimentum"
      text run at (0,198) width 364: "vestibulum. Suspendisse hendrerit quam nec felis. Sed"
      text run at (0,220) width 357: "varius turpis vitae pede. Lorem ipsum dolor sit amet,"
      text run at (0,242) width 188: "consectetuer adipiscing elit. "
      text run at (188,242) width 150: "Lorem ipsum dolor sit"
      text run at (0,264) width 349: "amet, consectetuer adipiscing elit. Nulla varius enim"
      text run at (0,286) width 359: "ac mi. Curabitur sollicitudin felis quis lectus. Quisque"
      text run at (0,308) width 357: "adipiscing rhoncus sem. Proin nulla purus, vulputate"
      text run at (0,330) width 350: "vel, varius ut, euismod et, nisi. Sed vitae felis vel orci"
      text run at (0,352) width 351: "sagittis aliquam. Cras convallis adipiscing sem. Nam"
      text run at (0,374) width 341: "nonummy enim. Nullam bibendum lobortis neque."
      text run at (0,396) width 355: "Vestibulum velit orci, tempus euismod, pretium quis,"
      text run at (0,418) width 336: "interdum vitae, nulla. Phasellus eget ante et tortor"
      text run at (0,440) width 328: "condimentum vestibulum. Suspendisse hendrerit"
      text run at (0,462) width 345: "quam nec felis. Sed varius turpis vitae pede. Lorem"
      text run at (0,484) width 329: "ipsum dolor sit amet, consectetuer adipiscing elit."
      text run at (0,506) width 351: "Lorem ipsum dolor sit amet, consectetuer adipiscing"
      text run at (0,528) width 343: "elit. Nulla varius enim ac mi. Curabitur sollicitudin"
      text run at (0,550) width 329: "felis quis lectus. Quisque adipiscing rhoncus sem."
      text run at (0,572) width 367: "Proin nulla purus, vulputate vel, varius ut, euismod et,"
      text run at (0,594) width 325: "nisi. Sed vitae felis vel orci sagittis aliquam. Cras"
      text run at (0,616) width 315: "convallis adipiscing sem. Nam nonummy enim."
      text run at (0,638) width 341: "Nullam bibendum lobortis neque. Vestibulum velit"
      text run at (0,660) width 348: "orci, tempus euismod, pretium quis, interdum vitae,"
      text run at (0,682) width 326: "nulla. Phasellus eget ante et tortor condimentum"
      text run at (0,704) width 364: "vestibulum. Suspendisse hendrerit quam nec felis. Sed"
      text run at (0,726) width 357: "varius turpis vitae pede. Lorem ipsum dolor sit amet,"
      text run at (0,748) width 188: "consectetuer adipiscing elit. "
      text run at (188,748) width 150: "Lorem ipsum dolor sit"
      text run at (0,770) width 349: "amet, consectetuer adipiscing elit. Nulla varius enim"
      text run at (0,792) width 40: "ac mi."
layer at (8,1046) size 760x499
  RenderBlock {DIV} at (0,1030) size 760x499 [border: (5px solid #800000)]
    RenderBlock (anonymous multi-column span) at (5,159) size 750x71
      RenderBlock {H2} at (0,19) size 750x33 [bgcolor=#EEEEEE]
        RenderText {#text} at (0,0) size 634x33
          text run at (0,0) width 634: "This is a spanning element in the middle of the columns block."
layer at (13,1051) size 750x154
  RenderBlock (anonymous multi-column) at (5,5) size 750x154
    RenderText {#text} at (0,0) size 367x308
      text run at (0,0) width 351: "Lorem ipsum dolor sit amet, consectetuer adipiscing"
      text run at (0,22) width 343: "elit. Nulla varius enim ac mi. Curabitur sollicitudin"
      text run at (0,44) width 329: "felis quis lectus. Quisque adipiscing rhoncus sem."
      text run at (0,66) width 367: "Proin nulla purus, vulputate vel, varius ut, euismod et,"
      text run at (0,88) width 325: "nisi. Sed vitae felis vel orci sagittis aliquam. Cras"
      text run at (0,110) width 315: "convallis adipiscing sem. Nam nonummy enim."
      text run at (0,132) width 341: "Nullam bibendum lobortis neque. Vestibulum velit"
      text run at (0,154) width 348: "orci, tempus euismod, pretium quis, interdum vitae,"
      text run at (0,176) width 326: "nulla. Phasellus eget ante et tortor condimentum"
      text run at (0,198) width 364: "vestibulum. Suspendisse hendrerit quam nec felis. Sed"
      text run at (0,220) width 357: "varius turpis vitae pede. Lorem ipsum dolor sit amet,"
      text run at (0,242) width 188: "consectetuer adipiscing elit. "
      text run at (188,242) width 150: "Lorem ipsum dolor sit"
      text run at (0,264) width 349: "amet, consectetuer adipiscing elit. Nulla varius enim"
      text run at (0,286) width 40: "ac mi."
layer at (13,1276) size 750x264
  RenderBlock (anonymous multi-column) at (5,230) size 750x264
    RenderText {#text} at (0,0) size 367x506
      text run at (0,0) width 351: "Lorem ipsum dolor sit amet, consectetuer adipiscing"
      text run at (0,22) width 343: "elit. Nulla varius enim ac mi. Curabitur sollicitudin"
      text run at (0,44) width 329: "felis quis lectus. Quisque adipiscing rhoncus sem."
      text run at (0,66) width 367: "Proin nulla purus, vulputate vel, varius ut, euismod et,"
      text run at (0,88) width 325: "nisi. Sed vitae felis vel orci sagittis aliquam. Cras"
      text run at (0,110) width 315: "convallis adipiscing sem. Nam nonummy enim."
      text run at (0,132) width 341: "Nullam bibendum lobortis neque. Vestibulum velit"
      text run at (0,154) width 348: "orci, tempus euismod, pretium quis, interdum vitae,"
      text run at (0,176) width 326: "nulla. Phasellus eget ante et tortor condimentum"
      text run at (0,198) width 364: "vestibulum. Suspendisse hendrerit quam nec felis. Sed"
      text run at (0,220) width 357: "varius turpis vitae pede. Lorem ipsum dolor sit amet,"
      text run at (0,242) width 188: "consectetuer adipiscing elit. "
      text run at (188,242) width 150: "Lorem ipsum dolor sit"
      text run at (0,264) width 349: "amet, consectetuer adipiscing elit. Nulla varius enim"
      text run at (0,286) width 359: "ac mi. Curabitur sollicitudin felis quis lectus. Quisque"
      text run at (0,308) width 357: "adipiscing rhoncus sem. Proin nulla purus, vulputate"
      text run at (0,330) width 350: "vel, varius ut, euismod et, nisi. Sed vitae felis vel orci"
      text run at (0,352) width 351: "sagittis aliquam. Cras convallis adipiscing sem. Nam"
      text run at (0,374) width 341: "nonummy enim. Nullam bibendum lobortis neque."
      text run at (0,396) width 355: "Vestibulum velit orci, tempus euismod, pretium quis,"
      text run at (0,418) width 336: "interdum vitae, nulla. Phasellus eget ante et tortor"
      text run at (0,440) width 328: "condimentum vestibulum. Suspendisse hendrerit"
      text run at (0,462) width 345: "quam nec felis. Sed varius turpis vitae pede. Lorem"
      text run at (0,484) width 329: "ipsum dolor sit amet, consectetuer adipiscing elit."
layer at (8,1561) size 760x467
  RenderBlock {DIV} at (0,1545) size 760x467 [border: (5px solid #800000)]
    RenderText {#text} at (5,5) size 367x316
      text run at (5,5) width 351: "Lorem ipsum dolor sit amet, consectetuer adipiscing"
      text run at (5,27) width 343: "elit. Nulla varius enim ac mi. Curabitur sollicitudin"
      text run at (5,49) width 329: "felis quis lectus. Quisque adipiscing rhoncus sem."
      text run at (5,71) width 367: "Proin nulla purus, vulputate vel, varius ut, euismod et,"
      text run at (5,93) width 325: "nisi. Sed vitae felis vel orci sagittis aliquam. Cras"
      text run at (5,115) width 315: "convallis adipiscing sem. Nam nonummy enim."
      text run at (5,137) width 341: "Nullam bibendum lobortis neque. Vestibulum velit"
      text run at (5,159) width 348: "orci, tempus euismod, pretium quis, interdum vitae,"
      text run at (5,181) width 326: "nulla. Phasellus eget ante et tortor condimentum"
      text run at (5,203) width 364: "vestibulum. Suspendisse hendrerit quam nec felis. Sed"
      text run at (5,225) width 357: "varius turpis vitae pede. Lorem ipsum dolor sit amet,"
      text run at (5,247) width 188: "consectetuer adipiscing elit. "
      text run at (193,247) width 150: "Lorem ipsum dolor sit"
      text run at (5,269) width 349: "amet, consectetuer adipiscing elit. Nulla varius enim"
      text run at (5,299) width 44: "ac mi. "
    RenderInline {H2} at (0,0) size 365x99 [bgcolor=#EEEEEE]
      RenderText {#text} at (49,291) size 365x99
        text run at (49,291) width 321: "This is a spanning element with"
        text run at (5,324) width 345: "an original display of inline in the"
        text run at (5,357) width 294: "middle of the columns block."
    RenderText {#text} at (299,365) size 366x537
      text run at (299,365) width 50: " Lorem"
      text run at (5,390) width 329: "ipsum dolor sit amet, consectetuer adipiscing elit."
      text run at (5,412) width 345: "Nulla varius enim ac mi. Curabitur sollicitudin felis"
      text run at (5,434) width 341: "quis lectus. Quisque adipiscing rhoncus sem. Proin"
      text run at (5,462) width 356: "nulla purus, vulputate vel, varius ut, euismod et, nisi."
      text run at (5,484) width 356: "Sed vitae felis vel orci sagittis aliquam. Cras convallis"
      text run at (5,506) width 307: "adipiscing sem. Nam nonummy enim. Nullam"
      text run at (5,528) width 321: "bibendum lobortis neque. Vestibulum velit orci,"
      text run at (5,550) width 356: "tempus euismod, pretium quis, interdum vitae, nulla."
      text run at (5,572) width 366: "Phasellus eget ante et tortor condimentum vestibulum."
      text run at (5,594) width 328: "Suspendisse hendrerit quam nec felis. Sed varius"
      text run at (5,616) width 311: "turpis vitae pede. Lorem ipsum dolor sit amet,"
      text run at (5,638) width 188: "consectetuer adipiscing elit. "
      text run at (193,638) width 150: "Lorem ipsum dolor sit"
      text run at (5,660) width 349: "amet, consectetuer adipiscing elit. Nulla varius enim"
      text run at (5,682) width 359: "ac mi. Curabitur sollicitudin felis quis lectus. Quisque"
      text run at (5,704) width 357: "adipiscing rhoncus sem. Proin nulla purus, vulputate"
      text run at (5,726) width 350: "vel, varius ut, euismod et, nisi. Sed vitae felis vel orci"
      text run at (5,748) width 351: "sagittis aliquam. Cras convallis adipiscing sem. Nam"
      text run at (5,770) width 341: "nonummy enim. Nullam bibendum lobortis neque."
      text run at (5,792) width 355: "Vestibulum velit orci, tempus euismod, pretium quis,"
      text run at (5,814) width 336: "interdum vitae, nulla. Phasellus eget ante et tortor"
      text run at (5,836) width 328: "condimentum vestibulum. Suspendisse hendrerit"
      text run at (5,858) width 345: "quam nec felis. Sed varius turpis vitae pede. Lorem"
      text run at (5,880) width 329: "ipsum dolor sit amet, consectetuer adipiscing elit."
layer at (8,2044) size 760x497
  RenderBlock {DIV} at (0,2028) size 760x497 [border: (5px solid #800000)]
    RenderText {#text} at (5,5) size 367x308
      text run at (5,5) width 351: "Lorem ipsum dolor sit amet, consectetuer adipiscing"
      text run at (5,27) width 343: "elit. Nulla varius enim ac mi. Curabitur sollicitudin"
      text run at (5,49) width 329: "felis quis lectus. Quisque adipiscing rhoncus sem."
      text run at (5,71) width 367: "Proin nulla purus, vulputate vel, varius ut, euismod et,"
      text run at (5,93) width 325: "nisi. Sed vitae felis vel orci sagittis aliquam. Cras"
      text run at (5,115) width 315: "convallis adipiscing sem. Nam nonummy enim."
      text run at (5,137) width 341: "Nullam bibendum lobortis neque. Vestibulum velit"
      text run at (5,159) width 348: "orci, tempus euismod, pretium quis, interdum vitae,"
      text run at (5,181) width 326: "nulla. Phasellus eget ante et tortor condimentum"
      text run at (5,203) width 364: "vestibulum. Suspendisse hendrerit quam nec felis. Sed"
      text run at (5,225) width 357: "varius turpis vitae pede. Lorem ipsum dolor sit amet,"
      text run at (5,247) width 188: "consectetuer adipiscing elit. "
      text run at (193,247) width 150: "Lorem ipsum dolor sit"
      text run at (5,269) width 349: "amet, consectetuer adipiscing elit. Nulla varius enim"
      text run at (5,291) width 44: "ac mi. "
    RenderBlock (floating) {H2} at (5,332) size 367x99 [bgcolor=#EEEEEE]
      RenderText {#text} at (0,0) size 338x99
        text run at (0,0) width 324: "This element specifies a column"
        text run at (0,33) width 338: "span, but it is also floating, so the"
        text run at (0,66) width 325: "column-span should be ignored."
    RenderText {#text} at (49,291) size 367x685
      text run at (49,291) width 279: "Lorem ipsum dolor sit amet, consectetuer"
      text run at (5,450) width 338: "adipiscing elit. Nulla varius enim ac mi. Curabitur"
      text run at (5,492) width 313: "sollicitudin felis quis lectus. Quisque adipiscing"
      text run at (5,514) width 358: "rhoncus sem. Proin nulla purus, vulputate vel, varius"
      text run at (5,536) width 327: "ut, euismod et, nisi. Sed vitae felis vel orci sagittis"
      text run at (5,558) width 301: "aliquam. Cras convallis adipiscing sem. Nam"
      text run at (5,580) width 341: "nonummy enim. Nullam bibendum lobortis neque."
      text run at (5,602) width 355: "Vestibulum velit orci, tempus euismod, pretium quis,"
      text run at (5,624) width 336: "interdum vitae, nulla. Phasellus eget ante et tortor"
      text run at (5,646) width 328: "condimentum vestibulum. Suspendisse hendrerit"
      text run at (5,668) width 345: "quam nec felis. Sed varius turpis vitae pede. Lorem"
      text run at (5,690) width 329: "ipsum dolor sit amet, consectetuer adipiscing elit."
      text run at (5,712) width 351: "Lorem ipsum dolor sit amet, consectetuer adipiscing"
      text run at (5,734) width 343: "elit. Nulla varius enim ac mi. Curabitur sollicitudin"
      text run at (5,756) width 329: "felis quis lectus. Quisque adipiscing rhoncus sem."
      text run at (5,778) width 367: "Proin nulla purus, vulputate vel, varius ut, euismod et,"
      text run at (5,800) width 325: "nisi. Sed vitae felis vel orci sagittis aliquam. Cras"
      text run at (5,822) width 315: "convallis adipiscing sem. Nam nonummy enim."
      text run at (5,844) width 341: "Nullam bibendum lobortis neque. Vestibulum velit"
      text run at (5,866) width 348: "orci, tempus euismod, pretium quis, interdum vitae,"
      text run at (5,888) width 326: "nulla. Phasellus eget ante et tortor condimentum"
      text run at (5,910) width 364: "vestibulum. Suspendisse hendrerit quam nec felis. Sed"
      text run at (5,932) width 357: "varius turpis vitae pede. Lorem ipsum dolor sit amet,"
      text run at (5,954) width 184: "consectetuer adipiscing elit."
layer at (8,2557) size 760x542
  RenderBlock {DIV} at (0,2541) size 760x542 [border: (5px solid #800000)]
    RenderBlock (anonymous multi-column span) at (5,5) size 750x104
      RenderBlock {H2} at (0,19) size 750x66 [bgcolor=#EEEEEE]
        RenderText {#text} at (0,0) size 709x66
          text run at (0,0) width 709: "This is a spanning element at the beginning of the columns block with"
          text run at (0,33) width 145: "block siblings."
layer at (13,2666) size 750x428
  RenderBlock (anonymous multi-column) at (5,109) size 750x428
    RenderBlock {P} at (0,16) size 367x264
      RenderText {#text} at (0,0) size 367x264
        text run at (0,0) width 351: "Lorem ipsum dolor sit amet, consectetuer adipiscing"
        text run at (0,22) width 343: "elit. Nulla varius enim ac mi. Curabitur sollicitudin"
        text run at (0,44) width 329: "felis quis lectus. Quisque adipiscing rhoncus sem."
        text run at (0,66) width 367: "Proin nulla purus, vulputate vel, varius ut, euismod et,"
        text run at (0,88) width 325: "nisi. Sed vitae felis vel orci sagittis aliquam. Cras"
        text run at (0,110) width 315: "convallis adipiscing sem. Nam nonummy enim."
        text run at (0,132) width 341: "Nullam bibendum lobortis neque. Vestibulum velit"
        text run at (0,154) width 348: "orci, tempus euismod, pretium quis, interdum vitae,"
        text run at (0,176) width 326: "nulla. Phasellus eget ante et tortor condimentum"
        text run at (0,198) width 364: "vestibulum. Suspendisse hendrerit quam nec felis. Sed"
        text run at (0,220) width 357: "varius turpis vitae pede. Lorem ipsum dolor sit amet,"
        text run at (0,242) width 184: "consectetuer adipiscing elit."
    RenderBlock {P} at (0,296) size 367x264
      RenderText {#text} at (0,0) size 367x264
        text run at (0,0) width 351: "Lorem ipsum dolor sit amet, consectetuer adipiscing"
        text run at (0,22) width 343: "elit. Nulla varius enim ac mi. Curabitur sollicitudin"
        text run at (0,44) width 329: "felis quis lectus. Quisque adipiscing rhoncus sem."
        text run at (0,66) width 367: "Proin nulla purus, vulputate vel, varius ut, euismod et,"
        text run at (0,88) width 325: "nisi. Sed vitae felis vel orci sagittis aliquam. Cras"
        text run at (0,110) width 315: "convallis adipiscing sem. Nam nonummy enim."
        text run at (0,132) width 341: "Nullam bibendum lobortis neque. Vestibulum velit"
        text run at (0,154) width 348: "orci, tempus euismod, pretium quis, interdum vitae,"
        text run at (0,176) width 326: "nulla. Phasellus eget ante et tortor condimentum"
        text run at (0,198) width 364: "vestibulum. Suspendisse hendrerit quam nec felis. Sed"
        text run at (0,220) width 357: "varius turpis vitae pede. Lorem ipsum dolor sit amet,"
        text run at (0,242) width 184: "consectetuer adipiscing elit."
    RenderBlock {P} at (0,576) size 367x264
      RenderText {#text} at (0,0) size 367x264
        text run at (0,0) width 351: "Lorem ipsum dolor sit amet, consectetuer adipiscing"
        text run at (0,22) width 343: "elit. Nulla varius enim ac mi. Curabitur sollicitudin"
        text run at (0,44) width 329: "felis quis lectus. Quisque adipiscing rhoncus sem."
        text run at (0,66) width 367: "Proin nulla purus, vulputate vel, varius ut, euismod et,"
        text run at (0,88) width 325: "nisi. Sed vitae felis vel orci sagittis aliquam. Cras"
        text run at (0,110) width 315: "convallis adipiscing sem. Nam nonummy enim."
        text run at (0,132) width 341: "Nullam bibendum lobortis neque. Vestibulum velit"
        text run at (0,154) width 348: "orci, tempus euismod, pretium quis, interdum vitae,"
        text run at (0,176) width 326: "nulla. Phasellus eget ante et tortor condimentum"
        text run at (0,198) width 364: "vestibulum. Suspendisse hendrerit quam nec felis. Sed"
        text run at (0,220) width 357: "varius turpis vitae pede. Lorem ipsum dolor sit amet,"
        text run at (0,242) width 184: "consectetuer adipiscing elit."
layer at (8,3115) size 760x542
  RenderBlock {DIV} at (0,3099) size 760x542 [border: (5px solid #800000)]
    RenderBlock (anonymous multi-column span) at (5,433) size 750x104
      RenderBlock {H2} at (0,19) size 750x66 [bgcolor=#EEEEEE]
        RenderText {#text} at (0,0) size 707x66
          text run at (0,0) width 707: "This is a spanning element at the end of the columns block with block"
          text run at (0,33) width 83: "siblings."
layer at (13,3120) size 750x428
  RenderBlock (anonymous multi-column) at (5,5) size 750x428
    RenderBlock {P} at (0,16) size 367x264
      RenderText {#text} at (0,0) size 367x264
        text run at (0,0) width 351: "Lorem ipsum dolor sit amet, consectetuer adipiscing"
        text run at (0,22) width 343: "elit. Nulla varius enim ac mi. Curabitur sollicitudin"
        text run at (0,44) width 329: "felis quis lectus. Quisque adipiscing rhoncus sem."
        text run at (0,66) width 367: "Proin nulla purus, vulputate vel, varius ut, euismod et,"
        text run at (0,88) width 325: "nisi. Sed vitae felis vel orci sagittis aliquam. Cras"
        text run at (0,110) width 315: "convallis adipiscing sem. Nam nonummy enim."
        text run at (0,132) width 341: "Nullam bibendum lobortis neque. Vestibulum velit"
        text run at (0,154) width 348: "orci, tempus euismod, pretium quis, interdum vitae,"
        text run at (0,176) width 326: "nulla. Phasellus eget ante et tortor condimentum"
        text run at (0,198) width 364: "vestibulum. Suspendisse hendrerit quam nec felis. Sed"
        text run at (0,220) width 357: "varius turpis vitae pede. Lorem ipsum dolor sit amet,"
        text run at (0,242) width 184: "consectetuer adipiscing elit."
    RenderBlock {P} at (0,296) size 367x264
      RenderText {#text} at (0,0) size 367x264
        text run at (0,0) width 351: "Lorem ipsum dolor sit amet, consectetuer adipiscing"
        text run at (0,22) width 343: "elit. Nulla varius enim ac mi. Curabitur sollicitudin"
        text run at (0,44) width 329: "felis quis lectus. Quisque adipiscing rhoncus sem."
        text run at (0,66) width 367: "Proin nulla purus, vulputate vel, varius ut, euismod et,"
        text run at (0,88) width 325: "nisi. Sed vitae felis vel orci sagittis aliquam. Cras"
        text run at (0,110) width 315: "convallis adipiscing sem. Nam nonummy enim."
        text run at (0,132) width 341: "Nullam bibendum lobortis neque. Vestibulum velit"
        text run at (0,154) width 348: "orci, tempus euismod, pretium quis, interdum vitae,"
        text run at (0,176) width 326: "nulla. Phasellus eget ante et tortor condimentum"
        text run at (0,198) width 364: "vestibulum. Suspendisse hendrerit quam nec felis. Sed"
        text run at (0,220) width 357: "varius turpis vitae pede. Lorem ipsum dolor sit amet,"
        text run at (0,242) width 184: "consectetuer adipiscing elit."
    RenderBlock {P} at (0,576) size 367x264
      RenderText {#text} at (0,0) size 367x264
        text run at (0,0) width 351: "Lorem ipsum dolor sit amet, consectetuer adipiscing"
        text run at (0,22) width 343: "elit. Nulla varius enim ac mi. Curabitur sollicitudin"
        text run at (0,44) width 329: "felis quis lectus. Quisque adipiscing rhoncus sem."
        text run at (0,66) width 367: "Proin nulla purus, vulputate vel, varius ut, euismod et,"
        text run at (0,88) width 325: "nisi. Sed vitae felis vel orci sagittis aliquam. Cras"
        text run at (0,110) width 315: "convallis adipiscing sem. Nam nonummy enim."
        text run at (0,132) width 341: "Nullam bibendum lobortis neque. Vestibulum velit"
        text run at (0,154) width 348: "orci, tempus euismod, pretium quis, interdum vitae,"
        text run at (0,176) width 326: "nulla. Phasellus eget ante et tortor condimentum"
        text run at (0,198) width 364: "vestibulum. Suspendisse hendrerit quam nec felis. Sed"
        text run at (0,220) width 357: "varius turpis vitae pede. Lorem ipsum dolor sit amet,"
        text run at (0,242) width 184: "consectetuer adipiscing elit."
layer at (8,3673) size 760x550
  RenderBlock {DIV} at (0,3657) size 760x550 [border: (5px solid #800000)]
    RenderBlock (anonymous multi-column span) at (5,293) size 750x104
      RenderBlock {H2} at (0,19) size 750x66 [bgcolor=#EEEEEE]
        RenderText {#text} at (0,0) size 741x66
          text run at (0,0) width 741: "This is a spanning element in the middle of the columns block with block"
          text run at (0,33) width 83: "siblings."
layer at (13,3678) size 750x288
  RenderBlock (anonymous multi-column) at (5,5) size 750x288
    RenderBlock {P} at (0,16) size 367x264
      RenderText {#text} at (0,0) size 367x264
        text run at (0,0) width 351: "Lorem ipsum dolor sit amet, consectetuer adipiscing"
        text run at (0,22) width 343: "elit. Nulla varius enim ac mi. Curabitur sollicitudin"
        text run at (0,44) width 329: "felis quis lectus. Quisque adipiscing rhoncus sem."
        text run at (0,66) width 367: "Proin nulla purus, vulputate vel, varius ut, euismod et,"
        text run at (0,88) width 325: "nisi. Sed vitae felis vel orci sagittis aliquam. Cras"
        text run at (0,110) width 315: "convallis adipiscing sem. Nam nonummy enim."
        text run at (0,132) width 341: "Nullam bibendum lobortis neque. Vestibulum velit"
        text run at (0,154) width 348: "orci, tempus euismod, pretium quis, interdum vitae,"
        text run at (0,176) width 326: "nulla. Phasellus eget ante et tortor condimentum"
        text run at (0,198) width 364: "vestibulum. Suspendisse hendrerit quam nec felis. Sed"
        text run at (0,220) width 357: "varius turpis vitae pede. Lorem ipsum dolor sit amet,"
        text run at (0,242) width 184: "consectetuer adipiscing elit."
    RenderBlock {P} at (0,288) size 367x264
      RenderText {#text} at (0,0) size 367x264
        text run at (0,0) width 351: "Lorem ipsum dolor sit amet, consectetuer adipiscing"
        text run at (0,22) width 343: "elit. Nulla varius enim ac mi. Curabitur sollicitudin"
        text run at (0,44) width 329: "felis quis lectus. Quisque adipiscing rhoncus sem."
        text run at (0,66) width 367: "Proin nulla purus, vulputate vel, varius ut, euismod et,"
        text run at (0,88) width 325: "nisi. Sed vitae felis vel orci sagittis aliquam. Cras"
        text run at (0,110) width 315: "convallis adipiscing sem. Nam nonummy enim."
        text run at (0,132) width 341: "Nullam bibendum lobortis neque. Vestibulum velit"
        text run at (0,154) width 348: "orci, tempus euismod, pretium quis, interdum vitae,"
        text run at (0,176) width 326: "nulla. Phasellus eget ante et tortor condimentum"
        text run at (0,198) width 364: "vestibulum. Suspendisse hendrerit quam nec felis. Sed"
        text run at (0,220) width 357: "varius turpis vitae pede. Lorem ipsum dolor sit amet,"
        text run at (0,242) width 184: "consectetuer adipiscing elit."
layer at (13,4070) size 750x148
  RenderBlock (anonymous multi-column) at (5,397) size 750x148
    RenderBlock {P} at (0,16) size 367x264
      RenderText {#text} at (0,0) size 367x264
        text run at (0,0) width 351: "Lorem ipsum dolor sit amet, consectetuer adipiscing"
        text run at (0,22) width 343: "elit. Nulla varius enim ac mi. Curabitur sollicitudin"
        text run at (0,44) width 329: "felis quis lectus. Quisque adipiscing rhoncus sem."
        text run at (0,66) width 367: "Proin nulla purus, vulputate vel, varius ut, euismod et,"
        text run at (0,88) width 325: "nisi. Sed vitae felis vel orci sagittis aliquam. Cras"
        text run at (0,110) width 315: "convallis adipiscing sem. Nam nonummy enim."
        text run at (0,132) width 341: "Nullam bibendum lobortis neque. Vestibulum velit"
        text run at (0,154) width 348: "orci, tempus euismod, pretium quis, interdum vitae,"
        text run at (0,176) width 326: "nulla. Phasellus eget ante et tortor condimentum"
        text run at (0,198) width 364: "vestibulum. Suspendisse hendrerit quam nec felis. Sed"
        text run at (0,220) width 357: "varius turpis vitae pede. Lorem ipsum dolor sit amet,"
        text run at (0,242) width 184: "consectetuer adipiscing elit."
