layer at (0,0) size 784x1844
  RenderView at (0,0) size 784x600
layer at (0,0) size 784x1844
  RenderBlock {HTML} at (0,0) size 784x1844
    RenderBody {BODY} at (8,16) size 768x1812
layer at (8,16) size 760x592
  RenderBlock {DIV} at (0,0) size 760x592 [border: (5px solid #800000)]
    RenderBlock (anonymous multi-column span) at (5,269) size 750x71
      RenderBlock {H2} at (0,19) size 750x33 [bgcolor=#EEEEEE]
        RenderText {#text} at (0,0) size 193x33
          text run at (0,0) width 193: "This is a first span."
    RenderBlock (anonymous multi-column span) at (5,362) size 750x71
      RenderBlock {H2} at (0,19) size 750x33 [bgcolor=#EEEEEE]
        RenderText {#text} at (0,0) size 219x33
          text run at (0,0) width 219: "This is a second span."
layer at (13,21) size 750x264
  RenderBlock (anonymous multi-column) at (5,5) size 750x264
    RenderText {#text} at (0,0) size 367x506
      text run at (0,0) width 351: "Lorem ipsum dolor sit amet, consectetuer adipiscing"
      text run at (0,22) width 343: "elit. Nulla varius enim ac mi. Curabitur sollicitudin"
      text run at (0,44) width 329: "felis quis lectus. Quisque adipiscing rhoncus sem."
      text run at (0,66) width 367: "Proin nulla purus, vulputate vel, varius ut, euismod et,"
      text run at (0,88) width 325: "nisi. Sed vitae felis vel orci sagittis aliquam. Cras"
      text run at (0,110) width 315: "convallis adipiscing sem. Nam nonummy enim."
      text run at (0,132) width 341: "Nullam bibendum lobortis neque. Vestibulum velit"
      text run at (0,154) width 348: "orci, tempus euismod, pretium quis, interdum vitae,"
      text run at (0,176) width 326: "nulla. Phasellus eget ante et tortor condimentum"
      text run at (0,198) width 364: "vestibulum. Suspendisse hendrerit quam nec felis. Sed"
      text run at (0,220) width 357: "varius turpis vitae pede. Lorem ipsum dolor sit amet,"
      text run at (0,242) width 188: "consectetuer adipiscing elit. "
      text run at (188,242) width 150: "Lorem ipsum dolor sit"
      text run at (0,264) width 349: "amet, consectetuer adipiscing elit. Nulla varius enim"
      text run at (0,286) width 359: "ac mi. Curabitur sollicitudin felis quis lectus. Quisque"
      text run at (0,308) width 357: "adipiscing rhoncus sem. Proin nulla purus, vulputate"
      text run at (0,330) width 350: "vel, varius ut, euismod et, nisi. Sed vitae felis vel orci"
      text run at (0,352) width 351: "sagittis aliquam. Cras convallis adipiscing sem. Nam"
      text run at (0,374) width 341: "nonummy enim. Nullam bibendum lobortis neque."
      text run at (0,396) width 355: "Vestibulum velit orci, tempus euismod, pretium quis,"
      text run at (0,418) width 336: "interdum vitae, nulla. Phasellus eget ante et tortor"
      text run at (0,440) width 328: "condimentum vestibulum. Suspendisse hendrerit"
      text run at (0,462) width 345: "quam nec felis. Sed varius turpis vitae pede. Lorem"
      text run at (0,484) width 329: "ipsum dolor sit amet, consectetuer adipiscing elit."
layer at (13,356) size 750x22
  RenderBlock (anonymous multi-column) at (5,340) size 750x22
    RenderText {#text} at (0,0) size 328x44
      text run at (0,0) width 328: "This text should be sitting between two spanning"
      text run at (0,22) width 62: "elements."
layer at (13,449) size 750x154
  RenderBlock (anonymous multi-column) at (5,433) size 750x154
    RenderText {#text} at (0,0) size 367x308
      text run at (0,0) width 351: "Lorem ipsum dolor sit amet, consectetuer adipiscing"
      text run at (0,22) width 343: "elit. Nulla varius enim ac mi. Curabitur sollicitudin"
      text run at (0,44) width 329: "felis quis lectus. Quisque adipiscing rhoncus sem."
      text run at (0,66) width 367: "Proin nulla purus, vulputate vel, varius ut, euismod et,"
      text run at (0,88) width 325: "nisi. Sed vitae felis vel orci sagittis aliquam. Cras"
      text run at (0,110) width 315: "convallis adipiscing sem. Nam nonummy enim."
      text run at (0,132) width 341: "Nullam bibendum lobortis neque. Vestibulum velit"
      text run at (0,154) width 348: "orci, tempus euismod, pretium quis, interdum vitae,"
      text run at (0,176) width 326: "nulla. Phasellus eget ante et tortor condimentum"
      text run at (0,198) width 364: "vestibulum. Suspendisse hendrerit quam nec felis. Sed"
      text run at (0,220) width 357: "varius turpis vitae pede. Lorem ipsum dolor sit amet,"
      text run at (0,242) width 188: "consectetuer adipiscing elit. "
      text run at (188,242) width 150: "Lorem ipsum dolor sit"
      text run at (0,264) width 349: "amet, consectetuer adipiscing elit. Nulla varius enim"
      text run at (0,286) width 40: "ac mi."
layer at (8,624) size 760x602
  RenderBlock {DIV} at (0,608) size 760x602 [border: (5px solid #800000)]
    RenderBlock (anonymous multi-column span) at (5,153) size 750x71
      RenderBlock {H2} at (0,19) size 750x33 [bgcolor=#EEEEEE]
        RenderText {#text} at (0,0) size 193x33
          text run at (0,0) width 193: "This is a first span."
    RenderBlock (anonymous multi-column span) at (5,372) size 750x71
      RenderBlock {H2} at (0,19) size 750x33 [bgcolor=#EEEEEE]
        RenderText {#text} at (0,0) size 219x33
          text run at (0,0) width 219: "This is a second span."
layer at (13,629) size 750x148
  RenderBlock (anonymous multi-column) at (5,5) size 750x148
    RenderBlock {P} at (0,16) size 367x264
      RenderText {#text} at (0,0) size 367x264
        text run at (0,0) width 351: "Lorem ipsum dolor sit amet, consectetuer adipiscing"
        text run at (0,22) width 343: "elit. Nulla varius enim ac mi. Curabitur sollicitudin"
        text run at (0,44) width 329: "felis quis lectus. Quisque adipiscing rhoncus sem."
        text run at (0,66) width 367: "Proin nulla purus, vulputate vel, varius ut, euismod et,"
        text run at (0,88) width 325: "nisi. Sed vitae felis vel orci sagittis aliquam. Cras"
        text run at (0,110) width 315: "convallis adipiscing sem. Nam nonummy enim."
        text run at (0,132) width 341: "Nullam bibendum lobortis neque. Vestibulum velit"
        text run at (0,154) width 348: "orci, tempus euismod, pretium quis, interdum vitae,"
        text run at (0,176) width 326: "nulla. Phasellus eget ante et tortor condimentum"
        text run at (0,198) width 364: "vestibulum. Suspendisse hendrerit quam nec felis. Sed"
        text run at (0,220) width 357: "varius turpis vitae pede. Lorem ipsum dolor sit amet,"
        text run at (0,242) width 184: "consectetuer adipiscing elit."
layer at (13,848) size 750x148
  RenderBlock (anonymous multi-column) at (5,224) size 750x148
    RenderBlock {P} at (0,16) size 367x264
      RenderText {#text} at (0,0) size 367x264
        text run at (0,0) width 351: "Lorem ipsum dolor sit amet, consectetuer adipiscing"
        text run at (0,22) width 343: "elit. Nulla varius enim ac mi. Curabitur sollicitudin"
        text run at (0,44) width 329: "felis quis lectus. Quisque adipiscing rhoncus sem."
        text run at (0,66) width 367: "Proin nulla purus, vulputate vel, varius ut, euismod et,"
        text run at (0,88) width 325: "nisi. Sed vitae felis vel orci sagittis aliquam. Cras"
        text run at (0,110) width 315: "convallis adipiscing sem. Nam nonummy enim."
        text run at (0,132) width 341: "Nullam bibendum lobortis neque. Vestibulum velit"
        text run at (0,154) width 348: "orci, tempus euismod, pretium quis, interdum vitae,"
        text run at (0,176) width 326: "nulla. Phasellus eget ante et tortor condimentum"
        text run at (0,198) width 364: "vestibulum. Suspendisse hendrerit quam nec felis. Sed"
        text run at (0,220) width 357: "varius turpis vitae pede. Lorem ipsum dolor sit amet,"
        text run at (0,242) width 184: "consectetuer adipiscing elit."
layer at (13,1067) size 750x154
  RenderBlock (anonymous multi-column) at (5,443) size 750x154
    RenderText {#text} at (0,0) size 367x308
      text run at (0,0) width 351: "Lorem ipsum dolor sit amet, consectetuer adipiscing"
      text run at (0,22) width 343: "elit. Nulla varius enim ac mi. Curabitur sollicitudin"
      text run at (0,44) width 329: "felis quis lectus. Quisque adipiscing rhoncus sem."
      text run at (0,66) width 367: "Proin nulla purus, vulputate vel, varius ut, euismod et,"
      text run at (0,88) width 325: "nisi. Sed vitae felis vel orci sagittis aliquam. Cras"
      text run at (0,110) width 315: "convallis adipiscing sem. Nam nonummy enim."
      text run at (0,132) width 341: "Nullam bibendum lobortis neque. Vestibulum velit"
      text run at (0,154) width 348: "orci, tempus euismod, pretium quis, interdum vitae,"
      text run at (0,176) width 326: "nulla. Phasellus eget ante et tortor condimentum"
      text run at (0,198) width 364: "vestibulum. Suspendisse hendrerit quam nec felis. Sed"
      text run at (0,220) width 357: "varius turpis vitae pede. Lorem ipsum dolor sit amet,"
      text run at (0,242) width 188: "consectetuer adipiscing elit. "
      text run at (188,242) width 150: "Lorem ipsum dolor sit"
      text run at (0,264) width 349: "amet, consectetuer adipiscing elit. Nulla varius enim"
      text run at (0,286) width 40: "ac mi."
layer at (8,1242) size 760x586
  RenderBlock {DIV} at (0,1226) size 760x586 [border: (5px solid #800000)]
    RenderBlock (anonymous multi-column span) at (5,137) size 750x71
      RenderBlock {H2} at (0,19) size 750x33 [bgcolor=#EEEEEE]
        RenderText {#text} at (0,0) size 193x33
          text run at (0,0) width 193: "This is a first span."
    RenderBlock (anonymous multi-column span) at (5,356) size 750x71
      RenderBlock {H2} at (0,19) size 750x33 [bgcolor=#EEEEEE]
        RenderText {#text} at (0,0) size 219x33
          text run at (0,0) width 219: "This is a second span."
layer at (13,1247) size 750x132
  RenderBlock (anonymous multi-column) at (5,5) size 750x132
    RenderBlock (anonymous) at (0,0) size 367x0
      RenderInline {SPAN} at (0,0) size 0x0
        RenderText {#text} at (0,0) size 0x0
    RenderBlock (anonymous) at (0,0) size 367x264
      RenderBlock {SPAN} at (0,0) size 367x264
        RenderText {#text} at (0,0) size 367x264
          text run at (0,0) width 351: "Lorem ipsum dolor sit amet, consectetuer adipiscing"
          text run at (0,22) width 343: "elit. Nulla varius enim ac mi. Curabitur sollicitudin"
          text run at (0,44) width 329: "felis quis lectus. Quisque adipiscing rhoncus sem."
          text run at (0,66) width 367: "Proin nulla purus, vulputate vel, varius ut, euismod et,"
          text run at (0,88) width 325: "nisi. Sed vitae felis vel orci sagittis aliquam. Cras"
          text run at (0,110) width 315: "convallis adipiscing sem. Nam nonummy enim."
          text run at (0,132) width 341: "Nullam bibendum lobortis neque. Vestibulum velit"
          text run at (0,154) width 348: "orci, tempus euismod, pretium quis, interdum vitae,"
          text run at (0,176) width 326: "nulla. Phasellus eget ante et tortor condimentum"
          text run at (0,198) width 364: "vestibulum. Suspendisse hendrerit quam nec felis. Sed"
          text run at (0,220) width 357: "varius turpis vitae pede. Lorem ipsum dolor sit amet,"
          text run at (0,242) width 184: "consectetuer adipiscing elit."
    RenderBlock (anonymous) at (0,264) size 367x0
      RenderInline {SPAN} at (0,0) size 0x0
      RenderText {#text} at (0,0) size 0x0
layer at (13,1450) size 750x148
  RenderBlock (anonymous multi-column) at (5,208) size 750x148
    RenderBlock {P} at (0,16) size 367x264
      RenderText {#text} at (0,0) size 367x264
        text run at (0,0) width 351: "Lorem ipsum dolor sit amet, consectetuer adipiscing"
        text run at (0,22) width 343: "elit. Nulla varius enim ac mi. Curabitur sollicitudin"
        text run at (0,44) width 329: "felis quis lectus. Quisque adipiscing rhoncus sem."
        text run at (0,66) width 367: "Proin nulla purus, vulputate vel, varius ut, euismod et,"
        text run at (0,88) width 325: "nisi. Sed vitae felis vel orci sagittis aliquam. Cras"
        text run at (0,110) width 315: "convallis adipiscing sem. Nam nonummy enim."
        text run at (0,132) width 341: "Nullam bibendum lobortis neque. Vestibulum velit"
        text run at (0,154) width 348: "orci, tempus euismod, pretium quis, interdum vitae,"
        text run at (0,176) width 326: "nulla. Phasellus eget ante et tortor condimentum"
        text run at (0,198) width 364: "vestibulum. Suspendisse hendrerit quam nec felis. Sed"
        text run at (0,220) width 357: "varius turpis vitae pede. Lorem ipsum dolor sit amet,"
        text run at (0,242) width 184: "consectetuer adipiscing elit."
layer at (13,1669) size 750x154
  RenderBlock (anonymous multi-column) at (5,427) size 750x154
    RenderText {#text} at (0,0) size 367x308
      text run at (0,0) width 351: "Lorem ipsum dolor sit amet, consectetuer adipiscing"
      text run at (0,22) width 343: "elit. Nulla varius enim ac mi. Curabitur sollicitudin"
      text run at (0,44) width 329: "felis quis lectus. Quisque adipiscing rhoncus sem."
      text run at (0,66) width 367: "Proin nulla purus, vulputate vel, varius ut, euismod et,"
      text run at (0,88) width 325: "nisi. Sed vitae felis vel orci sagittis aliquam. Cras"
      text run at (0,110) width 315: "convallis adipiscing sem. Nam nonummy enim."
      text run at (0,132) width 341: "Nullam bibendum lobortis neque. Vestibulum velit"
      text run at (0,154) width 348: "orci, tempus euismod, pretium quis, interdum vitae,"
      text run at (0,176) width 326: "nulla. Phasellus eget ante et tortor condimentum"
      text run at (0,198) width 364: "vestibulum. Suspendisse hendrerit quam nec felis. Sed"
      text run at (0,220) width 357: "varius turpis vitae pede. Lorem ipsum dolor sit amet,"
      text run at (0,242) width 188: "consectetuer adipiscing elit. "
      text run at (188,242) width 150: "Lorem ipsum dolor sit"
      text run at (0,264) width 349: "amet, consectetuer adipiscing elit. Nulla varius enim"
      text run at (0,286) width 40: "ac mi."
