layer at (0,0) size 784x3054
  RenderView at (0,0) size 784x600
layer at (0,0) size 784x3054
  RenderBlock {HTML} at (0,0) size 784x3054
    RenderBody {BODY} at (8,8) size 768x3030
      RenderBlock (anonymous) at (0,0) size 768x44
        RenderText {#text} at (0,0) size 761x44
          text run at (0,0) width 761: "In this test, all of the spanning elements have their spans turned off dynamically, and so they should just be in the"
          text run at (0,22) width 87: "column flow."
        RenderText {#text} at (0,0) size 0x0
layer at (8,68) size 760x464
  RenderBlock {DIV} at (0,60) size 760x464 [border: (5px solid #800000)]
    RenderBlock (anonymous multi-column span) at (5,5) size 750x0
layer at (13,73) size 750x454
  RenderBlock (anonymous multi-column) at (5,5) size 750x454
    RenderBlock {H2} at (0,19) size 367x33 [bgcolor=#EEEEEE]
      RenderText {#text} at (0,0) size 276x33
        text run at (0,0) width 276: "This is a spanning element."
    RenderBlock (anonymous) at (0,71) size 367x823
      RenderText {#text} at (0,0) size 367x823
        text run at (0,0) width 351: "Lorem ipsum dolor sit amet, consectetuer adipiscing"
        text run at (0,22) width 343: "elit. Nulla varius enim ac mi. Curabitur sollicitudin"
        text run at (0,44) width 329: "felis quis lectus. Quisque adipiscing rhoncus sem."
        text run at (0,66) width 367: "Proin nulla purus, vulputate vel, varius ut, euismod et,"
        text run at (0,88) width 325: "nisi. Sed vitae felis vel orci sagittis aliquam. Cras"
        text run at (0,110) width 315: "convallis adipiscing sem. Nam nonummy enim."
        text run at (0,132) width 341: "Nullam bibendum lobortis neque. Vestibulum velit"
        text run at (0,154) width 348: "orci, tempus euismod, pretium quis, interdum vitae,"
        text run at (0,176) width 326: "nulla. Phasellus eget ante et tortor condimentum"
        text run at (0,198) width 364: "vestibulum. Suspendisse hendrerit quam nec felis. Sed"
        text run at (0,220) width 357: "varius turpis vitae pede. Lorem ipsum dolor sit amet,"
        text run at (0,242) width 188: "consectetuer adipiscing elit. "
        text run at (188,242) width 150: "Lorem ipsum dolor sit"
        text run at (0,264) width 349: "amet, consectetuer adipiscing elit. Nulla varius enim"
        text run at (0,286) width 359: "ac mi. Curabitur sollicitudin felis quis lectus. Quisque"
        text run at (0,308) width 357: "adipiscing rhoncus sem. Proin nulla purus, vulputate"
        text run at (0,330) width 350: "vel, varius ut, euismod et, nisi. Sed vitae felis vel orci"
        text run at (0,352) width 351: "sagittis aliquam. Cras convallis adipiscing sem. Nam"
        text run at (0,383) width 341: "nonummy enim. Nullam bibendum lobortis neque."
        text run at (0,405) width 355: "Vestibulum velit orci, tempus euismod, pretium quis,"
        text run at (0,427) width 336: "interdum vitae, nulla. Phasellus eget ante et tortor"
        text run at (0,449) width 328: "condimentum vestibulum. Suspendisse hendrerit"
        text run at (0,471) width 345: "quam nec felis. Sed varius turpis vitae pede. Lorem"
        text run at (0,493) width 329: "ipsum dolor sit amet, consectetuer adipiscing elit."
        text run at (0,515) width 351: "Lorem ipsum dolor sit amet, consectetuer adipiscing"
        text run at (0,537) width 343: "elit. Nulla varius enim ac mi. Curabitur sollicitudin"
        text run at (0,559) width 329: "felis quis lectus. Quisque adipiscing rhoncus sem."
        text run at (0,581) width 367: "Proin nulla purus, vulputate vel, varius ut, euismod et,"
        text run at (0,603) width 325: "nisi. Sed vitae felis vel orci sagittis aliquam. Cras"
        text run at (0,625) width 315: "convallis adipiscing sem. Nam nonummy enim."
        text run at (0,647) width 341: "Nullam bibendum lobortis neque. Vestibulum velit"
        text run at (0,669) width 348: "orci, tempus euismod, pretium quis, interdum vitae,"
        text run at (0,691) width 326: "nulla. Phasellus eget ante et tortor condimentum"
        text run at (0,713) width 364: "vestibulum. Suspendisse hendrerit quam nec felis. Sed"
        text run at (0,735) width 357: "varius turpis vitae pede. Lorem ipsum dolor sit amet,"
        text run at (0,757) width 188: "consectetuer adipiscing elit. "
        text run at (188,757) width 150: "Lorem ipsum dolor sit"
        text run at (0,779) width 349: "amet, consectetuer adipiscing elit. Nulla varius enim"
        text run at (0,801) width 40: "ac mi."
layer at (8,548) size 760x464
  RenderBlock {DIV} at (0,540) size 760x464 [border: (5px solid #800000)]
    RenderBlock (anonymous multi-column span) at (5,423) size 750x0
layer at (13,553) size 750x418
  RenderBlock (anonymous multi-column) at (5,5) size 750x418
    RenderText {#text} at (0,0) size 367x814
      text run at (0,0) width 351: "Lorem ipsum dolor sit amet, consectetuer adipiscing"
      text run at (0,22) width 343: "elit. Nulla varius enim ac mi. Curabitur sollicitudin"
      text run at (0,44) width 329: "felis quis lectus. Quisque adipiscing rhoncus sem."
      text run at (0,66) width 367: "Proin nulla purus, vulputate vel, varius ut, euismod et,"
      text run at (0,88) width 325: "nisi. Sed vitae felis vel orci sagittis aliquam. Cras"
      text run at (0,110) width 315: "convallis adipiscing sem. Nam nonummy enim."
      text run at (0,132) width 341: "Nullam bibendum lobortis neque. Vestibulum velit"
      text run at (0,154) width 348: "orci, tempus euismod, pretium quis, interdum vitae,"
      text run at (0,176) width 326: "nulla. Phasellus eget ante et tortor condimentum"
      text run at (0,198) width 364: "vestibulum. Suspendisse hendrerit quam nec felis. Sed"
      text run at (0,220) width 357: "varius turpis vitae pede. Lorem ipsum dolor sit amet,"
      text run at (0,242) width 188: "consectetuer adipiscing elit. "
      text run at (188,242) width 150: "Lorem ipsum dolor sit"
      text run at (0,264) width 349: "amet, consectetuer adipiscing elit. Nulla varius enim"
      text run at (0,286) width 359: "ac mi. Curabitur sollicitudin felis quis lectus. Quisque"
      text run at (0,308) width 357: "adipiscing rhoncus sem. Proin nulla purus, vulputate"
      text run at (0,330) width 350: "vel, varius ut, euismod et, nisi. Sed vitae felis vel orci"
      text run at (0,352) width 351: "sagittis aliquam. Cras convallis adipiscing sem. Nam"
      text run at (0,374) width 341: "nonummy enim. Nullam bibendum lobortis neque."
      text run at (0,396) width 355: "Vestibulum velit orci, tempus euismod, pretium quis,"
      text run at (0,418) width 336: "interdum vitae, nulla. Phasellus eget ante et tortor"
      text run at (0,440) width 328: "condimentum vestibulum. Suspendisse hendrerit"
      text run at (0,462) width 345: "quam nec felis. Sed varius turpis vitae pede. Lorem"
      text run at (0,484) width 329: "ipsum dolor sit amet, consectetuer adipiscing elit."
      text run at (0,506) width 351: "Lorem ipsum dolor sit amet, consectetuer adipiscing"
      text run at (0,528) width 343: "elit. Nulla varius enim ac mi. Curabitur sollicitudin"
      text run at (0,550) width 329: "felis quis lectus. Quisque adipiscing rhoncus sem."
      text run at (0,572) width 367: "Proin nulla purus, vulputate vel, varius ut, euismod et,"
      text run at (0,594) width 325: "nisi. Sed vitae felis vel orci sagittis aliquam. Cras"
      text run at (0,616) width 315: "convallis adipiscing sem. Nam nonummy enim."
      text run at (0,638) width 341: "Nullam bibendum lobortis neque. Vestibulum velit"
      text run at (0,660) width 348: "orci, tempus euismod, pretium quis, interdum vitae,"
      text run at (0,682) width 326: "nulla. Phasellus eget ante et tortor condimentum"
      text run at (0,704) width 364: "vestibulum. Suspendisse hendrerit quam nec felis. Sed"
      text run at (0,726) width 357: "varius turpis vitae pede. Lorem ipsum dolor sit amet,"
      text run at (0,748) width 188: "consectetuer adipiscing elit. "
      text run at (188,748) width 150: "Lorem ipsum dolor sit"
      text run at (0,770) width 349: "amet, consectetuer adipiscing elit. Nulla varius enim"
      text run at (0,792) width 40: "ac mi."
layer at (13,971) size 750x36
  RenderBlock (anonymous multi-column) at (5,423) size 750x36
    RenderBlock {H2} at (0,19) size 367x33 [bgcolor=#EEEEEE]
      RenderText {#text} at (0,0) size 276x33
        text run at (0,0) width 276: "This is a spanning element."
layer at (8,1028) size 760x482
  RenderBlock {DIV} at (0,1020) size 760x482 [border: (5px solid #800000)]
    RenderBlock (anonymous multi-column span) at (5,175) size 750x0
layer at (13,1033) size 750x170
  RenderBlock (anonymous multi-column) at (5,5) size 750x170
    RenderBlock {P} at (0,16) size 367x308
      RenderText {#text} at (0,0) size 367x308
        text run at (0,0) width 351: "Lorem ipsum dolor sit amet, consectetuer adipiscing"
        text run at (0,22) width 343: "elit. Nulla varius enim ac mi. Curabitur sollicitudin"
        text run at (0,44) width 329: "felis quis lectus. Quisque adipiscing rhoncus sem."
        text run at (0,66) width 367: "Proin nulla purus, vulputate vel, varius ut, euismod et,"
        text run at (0,88) width 325: "nisi. Sed vitae felis vel orci sagittis aliquam. Cras"
        text run at (0,110) width 315: "convallis adipiscing sem. Nam nonummy enim."
        text run at (0,132) width 341: "Nullam bibendum lobortis neque. Vestibulum velit"
        text run at (0,154) width 348: "orci, tempus euismod, pretium quis, interdum vitae,"
        text run at (0,176) width 326: "nulla. Phasellus eget ante et tortor condimentum"
        text run at (0,198) width 364: "vestibulum. Suspendisse hendrerit quam nec felis. Sed"
        text run at (0,220) width 357: "varius turpis vitae pede. Lorem ipsum dolor sit amet,"
        text run at (0,242) width 188: "consectetuer adipiscing elit. "
        text run at (188,242) width 150: "Lorem ipsum dolor sit"
        text run at (0,264) width 349: "amet, consectetuer adipiscing elit. Nulla varius enim"
        text run at (0,286) width 40: "ac mi."
layer at (13,1203) size 750x302
  RenderBlock (anonymous multi-column) at (5,175) size 750x302
    RenderBlock {H2} at (0,19) size 367x33 [bgcolor=#EEEEEE]
      RenderText {#text} at (0,0) size 276x33
        text run at (0,0) width 276: "This is a spanning element."
    RenderBlock {P} at (0,71) size 367x517
      RenderText {#text} at (0,0) size 367x517
        text run at (0,0) width 351: "Lorem ipsum dolor sit amet, consectetuer adipiscing"
        text run at (0,22) width 343: "elit. Nulla varius enim ac mi. Curabitur sollicitudin"
        text run at (0,44) width 329: "felis quis lectus. Quisque adipiscing rhoncus sem."
        text run at (0,66) width 367: "Proin nulla purus, vulputate vel, varius ut, euismod et,"
        text run at (0,88) width 325: "nisi. Sed vitae felis vel orci sagittis aliquam. Cras"
        text run at (0,110) width 315: "convallis adipiscing sem. Nam nonummy enim."
        text run at (0,132) width 341: "Nullam bibendum lobortis neque. Vestibulum velit"
        text run at (0,154) width 348: "orci, tempus euismod, pretium quis, interdum vitae,"
        text run at (0,176) width 326: "nulla. Phasellus eget ante et tortor condimentum"
        text run at (0,198) width 364: "vestibulum. Suspendisse hendrerit quam nec felis. Sed"
        text run at (0,231) width 357: "varius turpis vitae pede. Lorem ipsum dolor sit amet,"
        text run at (0,253) width 188: "consectetuer adipiscing elit. "
        text run at (188,253) width 150: "Lorem ipsum dolor sit"
        text run at (0,275) width 349: "amet, consectetuer adipiscing elit. Nulla varius enim"
        text run at (0,297) width 359: "ac mi. Curabitur sollicitudin felis quis lectus. Quisque"
        text run at (0,319) width 357: "adipiscing rhoncus sem. Proin nulla purus, vulputate"
        text run at (0,341) width 350: "vel, varius ut, euismod et, nisi. Sed vitae felis vel orci"
        text run at (0,363) width 351: "sagittis aliquam. Cras convallis adipiscing sem. Nam"
        text run at (0,385) width 341: "nonummy enim. Nullam bibendum lobortis neque."
        text run at (0,407) width 355: "Vestibulum velit orci, tempus euismod, pretium quis,"
        text run at (0,429) width 336: "interdum vitae, nulla. Phasellus eget ante et tortor"
        text run at (0,451) width 328: "condimentum vestibulum. Suspendisse hendrerit"
        text run at (0,473) width 345: "quam nec felis. Sed varius turpis vitae pede. Lorem"
        text run at (0,495) width 329: "ipsum dolor sit amet, consectetuer adipiscing elit."
layer at (8,1526) size 760x482
  RenderBlock {DIV} at (0,1518) size 760x482 [border: (5px solid #800000)]
    RenderBlock (anonymous multi-column span) at (5,159) size 750x0
layer at (13,1531) size 750x154
  RenderBlock (anonymous multi-column) at (5,5) size 750x154
    RenderBlock (anonymous) at (0,0) size 367x308
      RenderText {#text} at (0,0) size 367x308
        text run at (0,0) width 351: "Lorem ipsum dolor sit amet, consectetuer adipiscing"
        text run at (0,22) width 343: "elit. Nulla varius enim ac mi. Curabitur sollicitudin"
        text run at (0,44) width 329: "felis quis lectus. Quisque adipiscing rhoncus sem."
        text run at (0,66) width 367: "Proin nulla purus, vulputate vel, varius ut, euismod et,"
        text run at (0,88) width 325: "nisi. Sed vitae felis vel orci sagittis aliquam. Cras"
        text run at (0,110) width 315: "convallis adipiscing sem. Nam nonummy enim."
        text run at (0,132) width 341: "Nullam bibendum lobortis neque. Vestibulum velit"
        text run at (0,154) width 348: "orci, tempus euismod, pretium quis, interdum vitae,"
        text run at (0,176) width 326: "nulla. Phasellus eget ante et tortor condimentum"
        text run at (0,198) width 364: "vestibulum. Suspendisse hendrerit quam nec felis. Sed"
        text run at (0,220) width 357: "varius turpis vitae pede. Lorem ipsum dolor sit amet,"
        text run at (0,242) width 188: "consectetuer adipiscing elit. "
        text run at (188,242) width 150: "Lorem ipsum dolor sit"
        text run at (0,264) width 349: "amet, consectetuer adipiscing elit. Nulla varius enim"
        text run at (0,286) width 40: "ac mi."
layer at (13,1685) size 750x318
  RenderBlock (anonymous multi-column) at (5,159) size 750x318
    RenderBlock {H2} at (0,19) size 367x33 [bgcolor=#EEEEEE]
      RenderText {#text} at (0,0) size 276x33
        text run at (0,0) width 276: "This is a spanning element."
    RenderBlock (anonymous) at (0,71) size 367x269
      RenderInline {SPAN} at (0,0) size 46x22
        RenderText {#text} at (0,0) size 46x22
          text run at (0,0) width 46: "Lorem"
      RenderText {#text} at (46,0) size 367x269
        text run at (46,0) width 305: " ipsum dolor sit amet, consectetuer adipiscing"
        text run at (0,22) width 343: "elit. Nulla varius enim ac mi. Curabitur sollicitudin"
        text run at (0,44) width 329: "felis quis lectus. Quisque adipiscing rhoncus sem."
        text run at (0,66) width 367: "Proin nulla purus, vulputate vel, varius ut, euismod et,"
        text run at (0,88) width 325: "nisi. Sed vitae felis vel orci sagittis aliquam. Cras"
        text run at (0,110) width 315: "convallis adipiscing sem. Nam nonummy enim."
        text run at (0,132) width 341: "Nullam bibendum lobortis neque. Vestibulum velit"
        text run at (0,154) width 348: "orci, tempus euismod, pretium quis, interdum vitae,"
        text run at (0,176) width 326: "nulla. Phasellus eget ante et tortor condimentum"
        text run at (0,198) width 364: "vestibulum. Suspendisse hendrerit quam nec felis. Sed"
        text run at (0,220) width 357: "varius turpis vitae pede. Lorem ipsum dolor sit amet,"
        text run at (0,247) width 184: "consectetuer adipiscing elit."
    RenderBlock {P} at (0,356) size 367x264
      RenderText {#text} at (0,0) size 367x264
        text run at (0,0) width 351: "Lorem ipsum dolor sit amet, consectetuer adipiscing"
        text run at (0,22) width 343: "elit. Nulla varius enim ac mi. Curabitur sollicitudin"
        text run at (0,44) width 329: "felis quis lectus. Quisque adipiscing rhoncus sem."
        text run at (0,66) width 367: "Proin nulla purus, vulputate vel, varius ut, euismod et,"
        text run at (0,88) width 325: "nisi. Sed vitae felis vel orci sagittis aliquam. Cras"
        text run at (0,110) width 315: "convallis adipiscing sem. Nam nonummy enim."
        text run at (0,132) width 341: "Nullam bibendum lobortis neque. Vestibulum velit"
        text run at (0,154) width 348: "orci, tempus euismod, pretium quis, interdum vitae,"
        text run at (0,176) width 326: "nulla. Phasellus eget ante et tortor condimentum"
        text run at (0,198) width 364: "vestibulum. Suspendisse hendrerit quam nec felis. Sed"
        text run at (0,220) width 357: "varius turpis vitae pede. Lorem ipsum dolor sit amet,"
        text run at (0,242) width 184: "consectetuer adipiscing elit."
layer at (8,2024) size 760x480
  RenderBlock {DIV} at (0,2016) size 760x480 [border: (5px solid #800000)]
    RenderBlock (anonymous multi-column span) at (5,291) size 750x0
layer at (13,2029) size 750x286
  RenderBlock (anonymous multi-column) at (5,5) size 750x286
    RenderBlock (anonymous) at (0,0) size 367x264
      RenderInline {SPAN} at (0,0) size 367x264
        RenderText {#text} at (0,0) size 367x264
          text run at (0,0) width 351: "Lorem ipsum dolor sit amet, consectetuer adipiscing"
          text run at (0,22) width 343: "elit. Nulla varius enim ac mi. Curabitur sollicitudin"
          text run at (0,44) width 329: "felis quis lectus. Quisque adipiscing rhoncus sem."
          text run at (0,66) width 367: "Proin nulla purus, vulputate vel, varius ut, euismod et,"
          text run at (0,88) width 325: "nisi. Sed vitae felis vel orci sagittis aliquam. Cras"
          text run at (0,110) width 315: "convallis adipiscing sem. Nam nonummy enim."
          text run at (0,132) width 341: "Nullam bibendum lobortis neque. Vestibulum velit"
          text run at (0,154) width 348: "orci, tempus euismod, pretium quis, interdum vitae,"
          text run at (0,176) width 326: "nulla. Phasellus eget ante et tortor condimentum"
          text run at (0,198) width 364: "vestibulum. Suspendisse hendrerit quam nec felis. Sed"
          text run at (0,220) width 357: "varius turpis vitae pede. Lorem ipsum dolor sit amet,"
          text run at (0,242) width 184: "consectetuer adipiscing elit."
    RenderBlock (anonymous) at (0,264) size 367x44
      RenderBlock {SPAN} at (0,0) size 367x44
        RenderText {#text} at (0,0) size 351x44
          text run at (0,0) width 351: "Lorem ipsum dolor sit amet, consectetuer adipiscing"
          text run at (0,22) width 192: "elit. Nulla varius enim ac mi."
    RenderBlock (anonymous) at (0,308) size 367x264
      RenderInline {SPAN} at (0,0) size 46x22
        RenderText {#text} at (0,0) size 46x22
          text run at (0,0) width 46: "Lorem"
      RenderText {#text} at (46,0) size 367x264
        text run at (46,0) width 305: " ipsum dolor sit amet, consectetuer adipiscing"
        text run at (0,22) width 343: "elit. Nulla varius enim ac mi. Curabitur sollicitudin"
        text run at (0,44) width 329: "felis quis lectus. Quisque adipiscing rhoncus sem."
        text run at (0,66) width 367: "Proin nulla purus, vulputate vel, varius ut, euismod et,"
        text run at (0,88) width 325: "nisi. Sed vitae felis vel orci sagittis aliquam. Cras"
        text run at (0,110) width 315: "convallis adipiscing sem. Nam nonummy enim."
        text run at (0,132) width 341: "Nullam bibendum lobortis neque. Vestibulum velit"
        text run at (0,154) width 348: "orci, tempus euismod, pretium quis, interdum vitae,"
        text run at (0,176) width 326: "nulla. Phasellus eget ante et tortor condimentum"
        text run at (0,198) width 364: "vestibulum. Suspendisse hendrerit quam nec felis. Sed"
        text run at (0,220) width 357: "varius turpis vitae pede. Lorem ipsum dolor sit amet,"
        text run at (0,242) width 184: "consectetuer adipiscing elit."
layer at (13,2315) size 750x184
  RenderBlock (anonymous multi-column) at (5,291) size 750x184
    RenderBlock {H2} at (0,19) size 367x33 [bgcolor=#EEEEEE]
      RenderText {#text} at (0,0) size 276x33
        text run at (0,0) width 276: "This is a spanning element."
    RenderBlock {P} at (0,71) size 367x267
      RenderText {#text} at (0,0) size 367x267
        text run at (0,0) width 351: "Lorem ipsum dolor sit amet, consectetuer adipiscing"
        text run at (0,22) width 343: "elit. Nulla varius enim ac mi. Curabitur sollicitudin"
        text run at (0,44) width 329: "felis quis lectus. Quisque adipiscing rhoncus sem."
        text run at (0,66) width 367: "Proin nulla purus, vulputate vel, varius ut, euismod et,"
        text run at (0,88) width 325: "nisi. Sed vitae felis vel orci sagittis aliquam. Cras"
        text run at (0,113) width 315: "convallis adipiscing sem. Nam nonummy enim."
        text run at (0,135) width 341: "Nullam bibendum lobortis neque. Vestibulum velit"
        text run at (0,157) width 348: "orci, tempus euismod, pretium quis, interdum vitae,"
        text run at (0,179) width 326: "nulla. Phasellus eget ante et tortor condimentum"
        text run at (0,201) width 364: "vestibulum. Suspendisse hendrerit quam nec felis. Sed"
        text run at (0,223) width 357: "varius turpis vitae pede. Lorem ipsum dolor sit amet,"
        text run at (0,245) width 184: "consectetuer adipiscing elit."
layer at (8,2520) size 760x518
  RenderBlock {DIV} at (0,2512) size 760x518 [border: (5px solid #800000)]
    RenderBlock (anonymous multi-column span) at (5,323) size 750x0
layer at (13,2525) size 750x318
  RenderBlock (anonymous multi-column) at (5,5) size 750x318
    RenderBlock {P} at (0,16) size 367x264
      RenderText {#text} at (0,0) size 367x264
        text run at (0,0) width 351: "Lorem ipsum dolor sit amet, consectetuer adipiscing"
        text run at (0,22) width 343: "elit. Nulla varius enim ac mi. Curabitur sollicitudin"
        text run at (0,44) width 329: "felis quis lectus. Quisque adipiscing rhoncus sem."
        text run at (0,66) width 367: "Proin nulla purus, vulputate vel, varius ut, euismod et,"
        text run at (0,88) width 325: "nisi. Sed vitae felis vel orci sagittis aliquam. Cras"
        text run at (0,110) width 315: "convallis adipiscing sem. Nam nonummy enim."
        text run at (0,132) width 341: "Nullam bibendum lobortis neque. Vestibulum velit"
        text run at (0,154) width 348: "orci, tempus euismod, pretium quis, interdum vitae,"
        text run at (0,176) width 326: "nulla. Phasellus eget ante et tortor condimentum"
        text run at (0,198) width 364: "vestibulum. Suspendisse hendrerit quam nec felis. Sed"
        text run at (0,220) width 357: "varius turpis vitae pede. Lorem ipsum dolor sit amet,"
        text run at (0,242) width 184: "consectetuer adipiscing elit."
    RenderBlock {P} at (0,296) size 367x44
      RenderText {#text} at (0,0) size 351x44
        text run at (0,0) width 351: "Lorem ipsum dolor sit amet, consectetuer adipiscing"
        text run at (0,22) width 192: "elit. Nulla varius enim ac mi."
    RenderBlock {P} at (0,356) size 367x264
      RenderText {#text} at (0,0) size 367x264
        text run at (0,0) width 351: "Lorem ipsum dolor sit amet, consectetuer adipiscing"
        text run at (0,22) width 343: "elit. Nulla varius enim ac mi. Curabitur sollicitudin"
        text run at (0,44) width 329: "felis quis lectus. Quisque adipiscing rhoncus sem."
        text run at (0,66) width 367: "Proin nulla purus, vulputate vel, varius ut, euismod et,"
        text run at (0,88) width 325: "nisi. Sed vitae felis vel orci sagittis aliquam. Cras"
        text run at (0,110) width 315: "convallis adipiscing sem. Nam nonummy enim."
        text run at (0,132) width 341: "Nullam bibendum lobortis neque. Vestibulum velit"
        text run at (0,154) width 348: "orci, tempus euismod, pretium quis, interdum vitae,"
        text run at (0,176) width 326: "nulla. Phasellus eget ante et tortor condimentum"
        text run at (0,198) width 364: "vestibulum. Suspendisse hendrerit quam nec felis. Sed"
        text run at (0,220) width 357: "varius turpis vitae pede. Lorem ipsum dolor sit amet,"
        text run at (0,242) width 184: "consectetuer adipiscing elit."
layer at (13,2843) size 750x190
  RenderBlock (anonymous multi-column) at (5,323) size 750x190
    RenderBlock {H2} at (0,19) size 367x33 [bgcolor=#EEEEEE]
      RenderText {#text} at (0,0) size 276x33
        text run at (0,0) width 276: "This is a spanning element."
    RenderBlock (anonymous) at (0,71) size 367x44
      RenderInline {SPAN} at (0,0) size 351x44
        RenderText {#text} at (0,0) size 351x44
          text run at (0,0) width 351: "Lorem ipsum dolor sit amet, consectetuer adipiscing"
          text run at (0,22) width 24: "elit."
    RenderBlock (anonymous) at (0,115) size 367x22
      RenderBlock {SPAN} at (0,0) size 367x22
        RenderText {#text} at (0,0) size 164x22
          text run at (0,0) width 164: "Nulla varius enim ac mi."
    RenderBlock (anonymous) at (0,137) size 367x229
      RenderInline {SPAN} at (0,0) size 357x229
        RenderText {#text} at (0,0) size 357x229
          text run at (0,0) width 315: "Curabitur sollicitudin felis quis lectus. Quisque"
          text run at (0,22) width 357: "adipiscing rhoncus sem. Proin nulla purus, vulputate"
          text run at (0,53) width 350: "vel, varius ut, euismod et, nisi. Sed vitae felis vel orci"
          text run at (0,75) width 351: "sagittis aliquam. Cras convallis adipiscing sem. Nam"
          text run at (0,97) width 341: "nonummy enim. Nullam bibendum lobortis neque."
          text run at (0,119) width 355: "Vestibulum velit orci, tempus euismod, pretium quis,"
          text run at (0,141) width 336: "interdum vitae, nulla. Phasellus eget ante et tortor"
          text run at (0,163) width 328: "condimentum vestibulum. Suspendisse hendrerit"
          text run at (0,185) width 345: "quam nec felis. Sed varius turpis vitae pede. Lorem"
          text run at (0,207) width 329: "ipsum dolor sit amet, consectetuer adipiscing elit."
      RenderText {#text} at (0,0) size 0x0
