layer at (0,0) size 784x2363
  RenderView at (0,0) size 784x600
layer at (0,0) size 784x2363
  RenderBlock {HTML} at (0,0) size 784x2363
    RenderBody {BODY} at (8,16) size 768x2331
layer at (8,16) size 750x522
  RenderBlock {DIV} at (0,0) size 750x522 [bgcolor=#EEEEEE]
    RenderBlock (anonymous multi-column span) at (0,0) size 750x104
      RenderBlock {H2} at (0,19) size 750x66 [bgcolor=#CCCCCC]
        RenderText {#text} at (0,0) size 687x66
          text run at (0,0) width 670: "This is a spanning element at the beginning of the columns block. "
          text run at (670,0) width 17: "It"
          text run at (0,33) width 527: "should collapse its margins with the top of the page."
layer at (8,120) size 750x418
  RenderBlock (anonymous multi-column) at (0,104) size 750x418
    RenderText {#text} at (0,0) size 367x814
      text run at (0,0) width 351: "Lorem ipsum dolor sit amet, consectetuer adipiscing"
      text run at (0,22) width 343: "elit. Nulla varius enim ac mi. Curabitur sollicitudin"
      text run at (0,44) width 329: "felis quis lectus. Quisque adipiscing rhoncus sem."
      text run at (0,66) width 367: "Proin nulla purus, vulputate vel, varius ut, euismod et,"
      text run at (0,88) width 325: "nisi. Sed vitae felis vel orci sagittis aliquam. Cras"
      text run at (0,110) width 315: "convallis adipiscing sem. Nam nonummy enim."
      text run at (0,132) width 341: "Nullam bibendum lobortis neque. Vestibulum velit"
      text run at (0,154) width 348: "orci, tempus euismod, pretium quis, interdum vitae,"
      text run at (0,176) width 326: "nulla. Phasellus eget ante et tortor condimentum"
      text run at (0,198) width 364: "vestibulum. Suspendisse hendrerit quam nec felis. Sed"
      text run at (0,220) width 357: "varius turpis vitae pede. Lorem ipsum dolor sit amet,"
      text run at (0,242) width 188: "consectetuer adipiscing elit. "
      text run at (188,242) width 150: "Lorem ipsum dolor sit"
      text run at (0,264) width 349: "amet, consectetuer adipiscing elit. Nulla varius enim"
      text run at (0,286) width 359: "ac mi. Curabitur sollicitudin felis quis lectus. Quisque"
      text run at (0,308) width 357: "adipiscing rhoncus sem. Proin nulla purus, vulputate"
      text run at (0,330) width 350: "vel, varius ut, euismod et, nisi. Sed vitae felis vel orci"
      text run at (0,352) width 351: "sagittis aliquam. Cras convallis adipiscing sem. Nam"
      text run at (0,374) width 341: "nonummy enim. Nullam bibendum lobortis neque."
      text run at (0,396) width 355: "Vestibulum velit orci, tempus euismod, pretium quis,"
      text run at (0,418) width 336: "interdum vitae, nulla. Phasellus eget ante et tortor"
      text run at (0,440) width 328: "condimentum vestibulum. Suspendisse hendrerit"
      text run at (0,462) width 345: "quam nec felis. Sed varius turpis vitae pede. Lorem"
      text run at (0,484) width 329: "ipsum dolor sit amet, consectetuer adipiscing elit."
      text run at (0,506) width 351: "Lorem ipsum dolor sit amet, consectetuer adipiscing"
      text run at (0,528) width 343: "elit. Nulla varius enim ac mi. Curabitur sollicitudin"
      text run at (0,550) width 329: "felis quis lectus. Quisque adipiscing rhoncus sem."
      text run at (0,572) width 367: "Proin nulla purus, vulputate vel, varius ut, euismod et,"
      text run at (0,594) width 325: "nisi. Sed vitae felis vel orci sagittis aliquam. Cras"
      text run at (0,616) width 315: "convallis adipiscing sem. Nam nonummy enim."
      text run at (0,638) width 341: "Nullam bibendum lobortis neque. Vestibulum velit"
      text run at (0,660) width 348: "orci, tempus euismod, pretium quis, interdum vitae,"
      text run at (0,682) width 326: "nulla. Phasellus eget ante et tortor condimentum"
      text run at (0,704) width 364: "vestibulum. Suspendisse hendrerit quam nec felis. Sed"
      text run at (0,726) width 357: "varius turpis vitae pede. Lorem ipsum dolor sit amet,"
      text run at (0,748) width 188: "consectetuer adipiscing elit. "
      text run at (188,748) width 150: "Lorem ipsum dolor sit"
      text run at (0,770) width 349: "amet, consectetuer adipiscing elit. Nulla varius enim"
      text run at (0,792) width 40: "ac mi."
layer at (8,554) size 750x522
  RenderBlock {DIV} at (0,538) size 750x522 [bgcolor=#EEEEEE]
    RenderBlock (anonymous multi-column span) at (0,418) size 750x104
      RenderBlock {H2} at (0,19) size 750x66 [bgcolor=#CCCCCC]
        RenderText {#text} at (0,0) size 696x66
          text run at (0,0) width 606: "This is a spanning element at the end of the columns block. "
          text run at (606,0) width 90: "It should"
          text run at (0,33) width 504: "collapse its margins with the h2 in the next block."
layer at (8,554) size 750x418
  RenderBlock (anonymous multi-column) at (0,0) size 750x418
    RenderText {#text} at (0,0) size 367x814
      text run at (0,0) width 351: "Lorem ipsum dolor sit amet, consectetuer adipiscing"
      text run at (0,22) width 343: "elit. Nulla varius enim ac mi. Curabitur sollicitudin"
      text run at (0,44) width 329: "felis quis lectus. Quisque adipiscing rhoncus sem."
      text run at (0,66) width 367: "Proin nulla purus, vulputate vel, varius ut, euismod et,"
      text run at (0,88) width 325: "nisi. Sed vitae felis vel orci sagittis aliquam. Cras"
      text run at (0,110) width 315: "convallis adipiscing sem. Nam nonummy enim."
      text run at (0,132) width 341: "Nullam bibendum lobortis neque. Vestibulum velit"
      text run at (0,154) width 348: "orci, tempus euismod, pretium quis, interdum vitae,"
      text run at (0,176) width 326: "nulla. Phasellus eget ante et tortor condimentum"
      text run at (0,198) width 364: "vestibulum. Suspendisse hendrerit quam nec felis. Sed"
      text run at (0,220) width 357: "varius turpis vitae pede. Lorem ipsum dolor sit amet,"
      text run at (0,242) width 188: "consectetuer adipiscing elit. "
      text run at (188,242) width 150: "Lorem ipsum dolor sit"
      text run at (0,264) width 349: "amet, consectetuer adipiscing elit. Nulla varius enim"
      text run at (0,286) width 359: "ac mi. Curabitur sollicitudin felis quis lectus. Quisque"
      text run at (0,308) width 357: "adipiscing rhoncus sem. Proin nulla purus, vulputate"
      text run at (0,330) width 350: "vel, varius ut, euismod et, nisi. Sed vitae felis vel orci"
      text run at (0,352) width 351: "sagittis aliquam. Cras convallis adipiscing sem. Nam"
      text run at (0,374) width 341: "nonummy enim. Nullam bibendum lobortis neque."
      text run at (0,396) width 355: "Vestibulum velit orci, tempus euismod, pretium quis,"
      text run at (0,418) width 336: "interdum vitae, nulla. Phasellus eget ante et tortor"
      text run at (0,440) width 328: "condimentum vestibulum. Suspendisse hendrerit"
      text run at (0,462) width 345: "quam nec felis. Sed varius turpis vitae pede. Lorem"
      text run at (0,484) width 329: "ipsum dolor sit amet, consectetuer adipiscing elit."
      text run at (0,506) width 351: "Lorem ipsum dolor sit amet, consectetuer adipiscing"
      text run at (0,528) width 343: "elit. Nulla varius enim ac mi. Curabitur sollicitudin"
      text run at (0,550) width 329: "felis quis lectus. Quisque adipiscing rhoncus sem."
      text run at (0,572) width 367: "Proin nulla purus, vulputate vel, varius ut, euismod et,"
      text run at (0,594) width 325: "nisi. Sed vitae felis vel orci sagittis aliquam. Cras"
      text run at (0,616) width 315: "convallis adipiscing sem. Nam nonummy enim."
      text run at (0,638) width 341: "Nullam bibendum lobortis neque. Vestibulum velit"
      text run at (0,660) width 348: "orci, tempus euismod, pretium quis, interdum vitae,"
      text run at (0,682) width 326: "nulla. Phasellus eget ante et tortor condimentum"
      text run at (0,704) width 364: "vestibulum. Suspendisse hendrerit quam nec felis. Sed"
      text run at (0,726) width 357: "varius turpis vitae pede. Lorem ipsum dolor sit amet,"
      text run at (0,748) width 188: "consectetuer adipiscing elit. "
      text run at (188,748) width 150: "Lorem ipsum dolor sit"
      text run at (0,770) width 349: "amet, consectetuer adipiscing elit. Nulla varius enim"
      text run at (0,792) width 40: "ac mi."
layer at (8,1092) size 750x522
  RenderBlock {DIV} at (0,1076) size 750x522 [bgcolor=#EEEEEE]
    RenderBlock (anonymous multi-column span) at (0,0) size 750x104
      RenderBlock {H2} at (0,19) size 750x66 [bgcolor=#CCCCCC]
        RenderText {#text} at (0,0) size 687x66
          text run at (0,0) width 670: "This is a spanning element at the beginning of the columns block. "
          text run at (670,0) width 17: "It"
          text run at (0,33) width 621: "should collapse its margins with the h2 in the previous block."
layer at (8,1196) size 750x418
  RenderBlock (anonymous multi-column) at (0,104) size 750x418
    RenderText {#text} at (0,0) size 367x814
      text run at (0,0) width 351: "Lorem ipsum dolor sit amet, consectetuer adipiscing"
      text run at (0,22) width 343: "elit. Nulla varius enim ac mi. Curabitur sollicitudin"
      text run at (0,44) width 329: "felis quis lectus. Quisque adipiscing rhoncus sem."
      text run at (0,66) width 367: "Proin nulla purus, vulputate vel, varius ut, euismod et,"
      text run at (0,88) width 325: "nisi. Sed vitae felis vel orci sagittis aliquam. Cras"
      text run at (0,110) width 315: "convallis adipiscing sem. Nam nonummy enim."
      text run at (0,132) width 341: "Nullam bibendum lobortis neque. Vestibulum velit"
      text run at (0,154) width 348: "orci, tempus euismod, pretium quis, interdum vitae,"
      text run at (0,176) width 326: "nulla. Phasellus eget ante et tortor condimentum"
      text run at (0,198) width 364: "vestibulum. Suspendisse hendrerit quam nec felis. Sed"
      text run at (0,220) width 357: "varius turpis vitae pede. Lorem ipsum dolor sit amet,"
      text run at (0,242) width 188: "consectetuer adipiscing elit. "
      text run at (188,242) width 150: "Lorem ipsum dolor sit"
      text run at (0,264) width 349: "amet, consectetuer adipiscing elit. Nulla varius enim"
      text run at (0,286) width 359: "ac mi. Curabitur sollicitudin felis quis lectus. Quisque"
      text run at (0,308) width 357: "adipiscing rhoncus sem. Proin nulla purus, vulputate"
      text run at (0,330) width 350: "vel, varius ut, euismod et, nisi. Sed vitae felis vel orci"
      text run at (0,352) width 351: "sagittis aliquam. Cras convallis adipiscing sem. Nam"
      text run at (0,374) width 341: "nonummy enim. Nullam bibendum lobortis neque."
      text run at (0,396) width 355: "Vestibulum velit orci, tempus euismod, pretium quis,"
      text run at (0,418) width 336: "interdum vitae, nulla. Phasellus eget ante et tortor"
      text run at (0,440) width 328: "condimentum vestibulum. Suspendisse hendrerit"
      text run at (0,462) width 345: "quam nec felis. Sed varius turpis vitae pede. Lorem"
      text run at (0,484) width 329: "ipsum dolor sit amet, consectetuer adipiscing elit."
      text run at (0,506) width 351: "Lorem ipsum dolor sit amet, consectetuer adipiscing"
      text run at (0,528) width 343: "elit. Nulla varius enim ac mi. Curabitur sollicitudin"
      text run at (0,550) width 329: "felis quis lectus. Quisque adipiscing rhoncus sem."
      text run at (0,572) width 367: "Proin nulla purus, vulputate vel, varius ut, euismod et,"
      text run at (0,594) width 325: "nisi. Sed vitae felis vel orci sagittis aliquam. Cras"
      text run at (0,616) width 315: "convallis adipiscing sem. Nam nonummy enim."
      text run at (0,638) width 341: "Nullam bibendum lobortis neque. Vestibulum velit"
      text run at (0,660) width 348: "orci, tempus euismod, pretium quis, interdum vitae,"
      text run at (0,682) width 326: "nulla. Phasellus eget ante et tortor condimentum"
      text run at (0,704) width 364: "vestibulum. Suspendisse hendrerit quam nec felis. Sed"
      text run at (0,726) width 357: "varius turpis vitae pede. Lorem ipsum dolor sit amet,"
      text run at (0,748) width 188: "consectetuer adipiscing elit. "
      text run at (188,748) width 150: "Lorem ipsum dolor sit"
      text run at (0,770) width 349: "amet, consectetuer adipiscing elit. Nulla varius enim"
      text run at (0,792) width 40: "ac mi."
layer at (8,1630) size 750x717
  RenderBlock {DIV} at (0,1614) size 750x717 [bgcolor=#EEEEEE]
    RenderBlock (anonymous multi-column span) at (0,264) size 750x189
      RenderBlock {H2} at (0,19) size 750x66 [bgcolor=#CCCCCC]
        RenderText {#text} at (0,0) size 730x66
          text run at (0,0) width 640: "This is a spanning element in the middle of the columns block. "
          text run at (640,0) width 90: "It should"
          text run at (0,33) width 569: "collapse its margins with the spanning element below it."
      RenderBlock {H2} at (0,104) size 750x66 [bgcolor=#CCCCCC]
        RenderText {#text} at (0,0) size 730x66
          text run at (0,0) width 640: "This is a spanning element in the middle of the columns block. "
          text run at (640,0) width 90: "It should"
          text run at (0,33) width 569: "collapse its margins with the spanning element above it."
layer at (8,1630) size 750x264
  RenderBlock (anonymous multi-column) at (0,0) size 750x264
    RenderText {#text} at (0,0) size 367x506
      text run at (0,0) width 351: "Lorem ipsum dolor sit amet, consectetuer adipiscing"
      text run at (0,22) width 343: "elit. Nulla varius enim ac mi. Curabitur sollicitudin"
      text run at (0,44) width 329: "felis quis lectus. Quisque adipiscing rhoncus sem."
      text run at (0,66) width 367: "Proin nulla purus, vulputate vel, varius ut, euismod et,"
      text run at (0,88) width 325: "nisi. Sed vitae felis vel orci sagittis aliquam. Cras"
      text run at (0,110) width 315: "convallis adipiscing sem. Nam nonummy enim."
      text run at (0,132) width 341: "Nullam bibendum lobortis neque. Vestibulum velit"
      text run at (0,154) width 348: "orci, tempus euismod, pretium quis, interdum vitae,"
      text run at (0,176) width 326: "nulla. Phasellus eget ante et tortor condimentum"
      text run at (0,198) width 364: "vestibulum. Suspendisse hendrerit quam nec felis. Sed"
      text run at (0,220) width 357: "varius turpis vitae pede. Lorem ipsum dolor sit amet,"
      text run at (0,242) width 188: "consectetuer adipiscing elit. "
      text run at (188,242) width 150: "Lorem ipsum dolor sit"
      text run at (0,264) width 349: "amet, consectetuer adipiscing elit. Nulla varius enim"
      text run at (0,286) width 359: "ac mi. Curabitur sollicitudin felis quis lectus. Quisque"
      text run at (0,308) width 357: "adipiscing rhoncus sem. Proin nulla purus, vulputate"
      text run at (0,330) width 350: "vel, varius ut, euismod et, nisi. Sed vitae felis vel orci"
      text run at (0,352) width 351: "sagittis aliquam. Cras convallis adipiscing sem. Nam"
      text run at (0,374) width 341: "nonummy enim. Nullam bibendum lobortis neque."
      text run at (0,396) width 355: "Vestibulum velit orci, tempus euismod, pretium quis,"
      text run at (0,418) width 336: "interdum vitae, nulla. Phasellus eget ante et tortor"
      text run at (0,440) width 328: "condimentum vestibulum. Suspendisse hendrerit"
      text run at (0,462) width 345: "quam nec felis. Sed varius turpis vitae pede. Lorem"
      text run at (0,484) width 329: "ipsum dolor sit amet, consectetuer adipiscing elit."
layer at (8,2083) size 750x264
  RenderBlock (anonymous multi-column) at (0,453) size 750x264
    RenderText {#text} at (0,0) size 367x506
      text run at (0,0) width 351: "Lorem ipsum dolor sit amet, consectetuer adipiscing"
      text run at (0,22) width 343: "elit. Nulla varius enim ac mi. Curabitur sollicitudin"
      text run at (0,44) width 329: "felis quis lectus. Quisque adipiscing rhoncus sem."
      text run at (0,66) width 367: "Proin nulla purus, vulputate vel, varius ut, euismod et,"
      text run at (0,88) width 325: "nisi. Sed vitae felis vel orci sagittis aliquam. Cras"
      text run at (0,110) width 315: "convallis adipiscing sem. Nam nonummy enim."
      text run at (0,132) width 341: "Nullam bibendum lobortis neque. Vestibulum velit"
      text run at (0,154) width 348: "orci, tempus euismod, pretium quis, interdum vitae,"
      text run at (0,176) width 326: "nulla. Phasellus eget ante et tortor condimentum"
      text run at (0,198) width 364: "vestibulum. Suspendisse hendrerit quam nec felis. Sed"
      text run at (0,220) width 357: "varius turpis vitae pede. Lorem ipsum dolor sit amet,"
      text run at (0,242) width 188: "consectetuer adipiscing elit. "
      text run at (188,242) width 150: "Lorem ipsum dolor sit"
      text run at (0,264) width 349: "amet, consectetuer adipiscing elit. Nulla varius enim"
      text run at (0,286) width 359: "ac mi. Curabitur sollicitudin felis quis lectus. Quisque"
      text run at (0,308) width 357: "adipiscing rhoncus sem. Proin nulla purus, vulputate"
      text run at (0,330) width 350: "vel, varius ut, euismod et, nisi. Sed vitae felis vel orci"
      text run at (0,352) width 351: "sagittis aliquam. Cras convallis adipiscing sem. Nam"
      text run at (0,374) width 341: "nonummy enim. Nullam bibendum lobortis neque."
      text run at (0,396) width 355: "Vestibulum velit orci, tempus euismod, pretium quis,"
      text run at (0,418) width 336: "interdum vitae, nulla. Phasellus eget ante et tortor"
      text run at (0,440) width 328: "condimentum vestibulum. Suspendisse hendrerit"
      text run at (0,462) width 345: "quam nec felis. Sed varius turpis vitae pede. Lorem"
      text run at (0,484) width 329: "ipsum dolor sit amet, consectetuer adipiscing elit."
