layer at (0,0) size 800x600
  RenderView at (0,0) size 800x600
layer at (0,0) size 800x123
  RenderBlock {HTML} at (0,0) size 800x123
    RenderBody {BODY} at (8,8) size 784x107
layer at (8,8) size 784x107
  RenderBlock {DIV} at (0,0) size 784x107
    RenderBlock {DIV} at (0,0) size 384x82
      RenderBlock {P} at (0,0) size 384x22
        RenderText {#text} at (0,0) size 354x22
          text run at (0,0) width 354: "This text should not be spanned across two columns."
      RenderBlock {P} at (0,22) size 384x44
        RenderText {#text} at (0,0) size 367x44
          text run at (0,0) width 367: "This text should be below the previous text, but still on"
          text run at (0,22) width 50: "the left."
    RenderText {#text} at (0,0) size 0x0
    RenderInline {SPAN} at (0,0) size 382x113
      RenderText {#text} at (0,82) size 382x113
        text run at (0,82) width 369: "The beginning of this text should start next to or below"
        text run at (0,107) width 367: "the previous text, and still in the left column. However,"
        text run at (0,129) width 382: "when made sufficiently longer than the previous block of"
        text run at (0,151) width 337: "text, it should spill into the right column instead of"
        text run at (0,173) width 222: "staying below the block before it."
    RenderText {#text} at (0,0) size 0x0
