layer at (0,0) size 800x600
  RenderView at (0,0) size 800x600
layer at (0,0) size 800x600
  RenderBlock {HTML} at (0,0) size 800x600
    RenderBody {BODY} at (8,8) size 784x584
      RenderBlock {P} at (0,0) size 784x54
        RenderText {#text} at (0,0) size 782x54
          text run at (0,0) width 457: "This test can only be run with DRT and not manually from the browser. "
          text run at (457,0) width 325: "This test makes sure that we don't make the mistake"
          text run at (0,18) width 738: "of adding new m_containerElements to the DeletionUI over and over again. A successful run of the test will not have"
          text run at (0,36) width 450: "multiple instances of deletion UI render objects at the same coordinates:"
      RenderBlock {DIV} at (0,70) size 784x114
layer at (24,94) size 752x82 layerType: background only
layer at (20,90) size 760x90
  RenderBlock (positioned) zI: -1000000 {DIV} at (-4,-4) size 760x90 [border: (4px solid #00000099)]
layer at (24,94) size 752x82 layerType: foreground only
  RenderTable {TABLE} at (16,16) size 752x82
    RenderTableSection {TBODY} at (0,0) size 752x78
      RenderTableRow {TR} at (0,2) size 752x74
        RenderTableCell {TD} at (2,2) size 748x74 [r=0 c=0 rs=1 cs=1]
          RenderText {#text} at (1,1) size 746x72
            text run at (1,1) width 743: "Lorem ipsum dolor sit amet, consectetuer adipiscing elit. Maecenas odio. Morbi sed tortor id nisl bibendum commodo."
            text run at (744,1) width 3: " "
            text run at (1,19) width 739: "Donec pede. Praesent accumsan dui vitae mauris. Mauris non dui at neque lacinia pulvinar. Quisque nibh. Nulla vitae"
            text run at (740,19) width 4: " "
            text run at (1,37) width 715: "lectus. Pellentesque enim. Mauris hendrerit molestie dui. Etiam pretium ligula a pede. Fusce consectetuer purus sit"
            text run at (716,37) width 4: " "
            text run at (1,55) width 353: "amet sem. Morbi tincidunt mollis libero. Maecenas mole"
    RenderTableSection (anonymous) at (0,78) size 752x4
      RenderTableRow (anonymous) at (0,2) size 752x0
        RenderTableCell (anonymous) at (2,2) size 748x0 [r=0 c=0 rs=1 cs=1]
layer at (7,79) size 30x30
  RenderImage zI: 1000000 {IMG} at (-17,-15) size 30x30
caret: position 403 of child 0 {#text} of child 1 {TD} of child 0 {TR} of child 1 {TBODY} of child 1 {TABLE} of child 3 {DIV} of body
