layer at (0,0) size 800x600
  RenderView at (0,0) size 800x600
layer at (0,0) size 800x265
  RenderBlock {HTML} at (0,0) size 800x265
    RenderBody {BODY} at (8,16) size 784x233 [color=#0000FF]
      RenderBlock {P} at (0,0) size 784x41
        RenderText {#text} at (0,15) size 530x21
          text run at (0,15) width 530: "There should be a solid blue line to the left of every occurance of the word \""
        RenderInline {SPAN} at (0,0) size 110x41 [border: (2px solid #0000FF)]
          RenderText {#text} at (532,0) size 108x41
            text run at (532,0) width 108: "\x{21E6}THERE"
        RenderText {#text} at (640,15) size 10x21
          text run at (640,15) width 10: "\"."
      RenderTable {TABLE} at (0,57) size 238x139
        RenderTableSection {TBODY} at (0,0) size 238x139
          RenderTableRow {TR} at (0,2) size 238x43
            RenderTableCell {TD} at (2,2) size 234x43 [border: none (2px solid #0000FF)] [r=0 c=0 rs=1 cs=2]
              RenderText {#text} at (3,1) size 108x41
                text run at (3,1) width 108: "\x{21E6}THERE"
          RenderTableRow {TR} at (0,47) size 238x90
            RenderTableCell {TD} at (2,70) size 112x43 [border: none (2px solid #0000FF)] [r=1 c=0 rs=1 cs=1]
              RenderText {#text} at (3,1) size 108x41
                text run at (3,1) width 108: "\x{21E6}THERE"
            RenderTableCell {TD} at (116,47) size 120x90 [border: none (2px solid #0000FF)] [r=1 c=1 rs=1 cs=1]
              RenderBlock (anonymous) at (3,1) size 116x41
                RenderText {#text} at (0,0) size 108x41
                  text run at (0,0) width 108: "\x{21E6}THERE"
              RenderTable {TABLE} at (3,42) size 116x47
                RenderTableSection {TBODY} at (0,0) size 116x47
                  RenderTableRow {TR} at (0,2) size 116x43
                    RenderTableCell {TD} at (2,2) size 112x43 [border: none (2px solid #0000FF)] [r=0 c=0 rs=1 cs=1]
                      RenderText {#text} at (3,1) size 108x41
                        text run at (3,1) width 108: "\x{21E6}THERE"
      RenderBlock {P} at (0,212) size 784x21
        RenderText {#text} at (0,0) size 378x21
          text run at (0,0) width 378: "There should be 3 short lines and 2 long lines in total."
