layer at (0,0) size 800x600
  RenderView at (0,0) size 800x600
layer at (0,0) size 800x347
  RenderBlock {HTML} at (0,0) size 800x347
    RenderBody {BODY} at (8,16) size 784x315
      RenderBlock {P} at (0,0) size 784x315 [color=#000080]
        RenderImage {IMG} at (0,0) size 50x50
        RenderText {#text} at (50,0) size 340x21
          text run at (50,0) width 340: "\x{21E6} This text should flow around the box on the left. "
        RenderInline {SPAN} at (0,0) size 782x315 [color=#C0C0C0]
          RenderText {#text} at (390,0) size 782x315
            text run at (390,0) width 392: "dummy text dummy text dummy text dummy text dummy"
            text run at (50,21) width 85: "text dummy "
            text run at (135,21) width 510: "text dummy text dummy text dummy text dummy text dummy text dummy "
            text run at (645,21) width 110: "text dummy text"
            text run at (50,42) width 396: "dummy text dummy text dummy text dummy text dummy "
            text run at (446,42) width 336: "text dummy text dummy text dummy text dummy"
            text run at (0,63) width 170: "text dummy text dummy "
            text run at (170,63) width 510: "text dummy text dummy text dummy text dummy text dummy text dummy "
            text run at (680,63) width 81: "text dummy"
            text run at (0,84) width 425: "text dummy text dummy text dummy text dummy text dummy "
            text run at (425,84) width 336: "text dummy text dummy text dummy text dummy"
            text run at (0,105) width 170: "text dummy text dummy "
            text run at (170,105) width 510: "text dummy text dummy text dummy text dummy text dummy text dummy "
            text run at (680,105) width 81: "text dummy"
            text run at (0,126) width 425: "text dummy text dummy text dummy text dummy text dummy "
            text run at (425,126) width 336: "text dummy text dummy text dummy text dummy"
            text run at (0,147) width 170: "text dummy text dummy "
            text run at (170,147) width 510: "text dummy text dummy text dummy text dummy text dummy text dummy "
            text run at (680,147) width 81: "text dummy"
            text run at (0,168) width 425: "text dummy text dummy text dummy text dummy text dummy "
            text run at (425,168) width 336: "text dummy text dummy text dummy text dummy"
            text run at (0,189) width 170: "text dummy text dummy "
            text run at (170,189) width 510: "text dummy text dummy text dummy text dummy text dummy text dummy "
            text run at (680,189) width 81: "text dummy"
            text run at (0,210) width 425: "text dummy text dummy text dummy text dummy text dummy "
            text run at (425,210) width 336: "text dummy text dummy text dummy text dummy"
            text run at (0,231) width 170: "text dummy text dummy "
            text run at (170,231) width 510: "text dummy text dummy text dummy text dummy text dummy text dummy "
            text run at (680,231) width 81: "text dummy"
            text run at (0,252) width 425: "text dummy text dummy text dummy text dummy text dummy "
            text run at (425,252) width 336: "text dummy text dummy text dummy text dummy"
            text run at (0,273) width 170: "text dummy text dummy "
            text run at (170,273) width 510: "text dummy text dummy text dummy text dummy text dummy text dummy "
            text run at (680,273) width 81: "text dummy"
            text run at (0,294) width 365: "text dummy text dummy text dummy text dummy text"
        RenderText {#text} at (0,0) size 0x0
