layer at (0,0) size 800x600
  RenderView at (0,0) size 800x600
layer at (0,0) size 800x103
  RenderBlock {HTML} at (0,0) size 800x103
    RenderBody {BODY} at (8,16) size 784x79
      RenderBlock {P} at (0,0) size 784x21
        RenderText {#text} at (0,0) size 253x21
          text run at (0,0) width 253: "The following two lines should look "
        RenderInline {EM} at (0,0) size 100x21
          RenderText {#text} at (253,0) size 100x21
            text run at (253,0) width 100: "approximately"
        RenderText {#text} at (353,0) size 73x21
          text run at (353,0) width 73: " the same:"
      RenderBlock {DIV} at (0,37) size 784x21
        RenderInline {SPAN} at (0,0) size 0x21
          RenderInline (generated) at (0,0) size 0x21
            RenderCounter at (0,0) size 0x21
              text run at (0,0) width 0: "\x{25A0}"
        RenderText {#text} at (0,0) size 4x21
          text run at (0,0) width 4: " "
        RenderInline {SPAN} at (0,0) size 0x21
          RenderInline (generated) at (0,0) size 0x21
            RenderCounter at (4,0) size 0x21
              text run at (4,0) width 0: "\x{25A0}"
        RenderText {#text} at (4,0) size 4x21
          text run at (4,0) width 4: " "
        RenderInline {SPAN} at (0,0) size 0x21
          RenderInline (generated) at (0,0) size 0x21
            RenderCounter at (8,0) size 0x21
              text run at (8,0) width 0: "\x{25A0}"
        RenderText {#text} at (8,0) size 4x21
          text run at (8,0) width 4: " "
        RenderInline {SPAN} at (0,0) size 0x21
          RenderInline (generated) at (0,0) size 0x21
            RenderCounter at (12,0) size 0x21
              text run at (12,0) width 0: "\x{25A0}"
        RenderText {#text} at (12,0) size 4x21
          text run at (12,0) width 4: " "
        RenderInline {SPAN} at (0,0) size 0x21
          RenderInline (generated) at (0,0) size 0x21
            RenderCounter at (16,0) size 0x21
              text run at (16,0) width 0: "\x{25A0}"
        RenderText {#text} at (16,0) size 4x21
          text run at (16,0) width 4: " "
        RenderInline {SPAN} at (0,0) size 0x21
          RenderInline (generated) at (0,0) size 0x21
            RenderCounter at (20,0) size 0x21
              text run at (20,0) width 0: "\x{25A0}"
        RenderText {#text} at (20,0) size 4x21
          text run at (20,0) width 4: " "
        RenderInline {SPAN} at (0,0) size 0x21
          RenderInline (generated) at (0,0) size 0x21
            RenderCounter at (24,0) size 0x21
              text run at (24,0) width 0: "\x{25A0}"
        RenderText {#text} at (24,0) size 4x21
          text run at (24,0) width 4: " "
        RenderInline {SPAN} at (0,0) size 0x21
          RenderInline (generated) at (0,0) size 0x21
            RenderCounter at (28,0) size 0x21
              text run at (28,0) width 0: "\x{25A0}"
        RenderText {#text} at (28,0) size 4x21
          text run at (28,0) width 4: " "
        RenderInline {SPAN} at (0,0) size 0x21
          RenderInline (generated) at (0,0) size 0x21
            RenderCounter at (32,0) size 0x21
              text run at (32,0) width 0: "\x{25A0}"
        RenderText {#text} at (32,0) size 4x21
          text run at (32,0) width 4: " "
        RenderInline {SPAN} at (0,0) size 0x21
          RenderInline (generated) at (0,0) size 0x21
            RenderCounter at (36,0) size 0x21
              text run at (36,0) width 0: "\x{25A0}"
        RenderText {#text} at (36,0) size 4x21
          text run at (36,0) width 4: " "
        RenderInline {SPAN} at (0,0) size 0x21
          RenderInline (generated) at (0,0) size 0x21
            RenderCounter at (40,0) size 0x21
              text run at (40,0) width 0: "\x{25A0}"
        RenderText {#text} at (40,0) size 4x21
          text run at (40,0) width 4: " "
        RenderInline {SPAN} at (0,0) size 0x21
          RenderInline (generated) at (0,0) size 0x21
            RenderCounter at (44,0) size 0x21
              text run at (44,0) width 0: "\x{25A0}"
        RenderText {#text} at (0,0) size 0x0
      RenderBlock {DIV} at (0,58) size 784x21
        RenderText {#text} at (0,0) size 44x21
          text run at (0,0) width 4: "\x{25FE} "
          text run at (4,0) width 4: "\x{25FE} "
          text run at (8,0) width 4: "\x{25FE} "
          text run at (12,0) width 4: "\x{25FE} "
          text run at (16,0) width 4: "\x{25FE} "
          text run at (20,0) width 4: "\x{25FE} "
          text run at (24,0) width 4: "\x{25FE} "
          text run at (28,0) width 4: "\x{25FE} "
          text run at (32,0) width 4: "\x{25FE} "
          text run at (36,0) width 4: "\x{25FE} "
          text run at (40,0) width 4: "\x{25FE} "
          text run at (44,0) width 0: "\x{25FE}"
