layer at (0,0) size 800x600
  RenderView at (0,0) size 800x600
layer at (0,0) size 800x600
  RenderBlock {HTML} at (0,0) size 800x600
    RenderBody {BODY} at (0,0) size 800x600
      RenderBlock (anonymous) at (0,0) size 800x19
        RenderInline {BDO} at (0,0) size 0x19
          RenderText {#text} at (0,0) size 0x19
            text run at (0,0) width 0 RTL override: "\x{300}muspimeroL"
        RenderText {#text} at (0,0) size 0x0
      RenderBlock {HR} at (0,27) size 800x2 [border: (1px inset #000000)]
      RenderBlock (anonymous) at (0,37) size 800x19
        RenderText {#text} at (0,0) size 281x19
          text run at (0,0) width 281: "\x{201C}remips\x{201D} should be highlighted in the above."
caret: position 11 of child 0 {#text} of child 3 {BDO} of body
