layer at (0,0) size 800x600
  RenderView at (0,0) size 800x600
layer at (0,0) size 800x600
  RenderBlock {HTML} at (0,0) size 800x600
    RenderBody {BODY} at (8,8) size 784x576
      RenderBlock {P} at (0,0) size 784x38
        RenderText {#text} at (0,0) size 212x19
          text run at (0,0) width 212: "This tests for a regression against "
        RenderInline {I} at (0,0) size 742x38
          RenderInline {A} at (0,0) size 348x19 [color=#0000EE]
            RenderText {#text} at (212,0) size 348x19
              text run at (212,0) width 348: "http://bugzilla.opendarwin.org/show_bug.cgi?id=6397"
          RenderText {#text} at (560,0) size 742x38
            text run at (560,0) width 182: " ATSUI small caps use small"
            text run at (0,19) width 75: "punctuation"
        RenderText {#text} at (75,19) size 4x19
          text run at (75,19) width 4: "."
      RenderBlock {P} at (0,54) size 784x19
        RenderText {#text} at (0,0) size 367x19
          text run at (0,0) width 367: "All four question marks below should be \x{201C}big\x{201D}, like this: ?"
      RenderBlock {HR} at (0,89) size 784x2 [border: (1px inset #000000)]
      RenderBlock {P} at (0,107) size 784x19
        RenderText {#text} at (0,0) size 56x19
          text run at (0,0) width 56: "ATSUI: "
        RenderInline {SPAN} at (0,0) size 33x19
          RenderText {#text} at (56,0) size 33x19
            text run at (56,0) width 33: "A?b?e\x{300}"
      RenderBlock {P} at (0,142) size 784x19
        RenderText {#text} at (0,0) size 31x19
          text run at (0,0) width 31: "CG: "
        RenderInline {SPAN} at (0,0) size 40x19
          RenderText {#text} at (31,0) size 40x19
            text run at (31,0) width 40: "A?b?e"
