layer at (0,0) size 800x600
  RenderView at (0,0) size 800x600
layer at (0,0) size 800x263
  RenderBlock {HTML} at (0,0) size 800x263
    RenderBody {BODY} at (8,8) size 784x247
      RenderBlock {DIV} at (0,0) size 784x19
        RenderText {#text} at (0,0) size 313x19
          text run at (0,0) width 313: "No font is specified. expected: backslash, actual: \\"
      RenderBlock {DIV} at (0,19) size 784x19
        RenderText {#text} at (0,0) size 350x19
          text run at (0,0) width 350: "Using font \"MS PGothic\". expected: yen sign, actual: \x{A5}"
      RenderBlock {DIV} at (0,38) size 784x19
        RenderText {#text} at (0,0) size 341x19
          text run at (0,0) width 341: "Using font \"MS Gothic\". expected: yen sign, actual: \x{A5}"
      RenderBlock {DIV} at (0,57) size 784x19
        RenderText {#text} at (0,0) size 356x19
          text run at (0,0) width 356: "Using font \"MS PMincho\". expected: yen sign, actual: \x{A5}"
      RenderBlock {DIV} at (0,76) size 784x19
        RenderText {#text} at (0,0) size 347x19
          text run at (0,0) width 347: "Using font \"MS Mincho\". expected: yen sign, actual: \x{A5}"
      RenderBlock {DIV} at (0,95) size 784x19
        RenderText {#text} at (0,0) size 317x19
          text run at (0,0) width 317: "Using font \"Meiryo\". expected: yen sign, actual: \x{A5}"
      RenderBlock {DIV} at (0,114) size 784x19
        RenderText {#text} at (0,0) size 345x19
          text run at (0,0) width 345: "Using font \"\x{FF2D}\x{FF33} \x{FF30}\x{30B4}\x{30B7}\x{30C3}\x{30AF}\". expected: yen sign, actual: \x{A5}"
      RenderBlock {DIV} at (0,133) size 784x19
        RenderText {#text} at (0,0) size 335x19
          text run at (0,0) width 335: "Using font \"\x{FF2D}\x{FF33} \x{30B4}\x{30B7}\x{30C3}\x{30AF}\". expected: yen sign, actual: \x{A5}"
      RenderBlock {DIV} at (0,152) size 784x19
        RenderText {#text} at (0,0) size 325x19
          text run at (0,0) width 325: "Using font \"\x{FF2D}\x{FF33} \x{FF30}\x{660E}\x{671D}\". expected: yen sign, actual: \x{A5}"
      RenderBlock {DIV} at (0,171) size 784x19
        RenderText {#text} at (0,0) size 315x19
          text run at (0,0) width 315: "Using font \"\x{FF2D}\x{FF33} \x{660E}\x{671D}\". expected: yen sign, actual: \x{A5}"
      RenderBlock {DIV} at (0,190) size 784x19
        RenderText {#text} at (0,0) size 311x19
          text run at (0,0) width 311: "Using font \"\x{30E1}\x{30A4}\x{30EA}\x{30AA}\". expected: yen sign, actual: \x{A5}"
      RenderBlock {DIV} at (0,209) size 784x19
        RenderText {#text} at (0,0) size 314x19
          text run at (0,0) width 314: "Using font \"Times\". expected: backslash, actual: \\"
      RenderBlock {DIV} at (0,228) size 784x19
        RenderText {#text} at (0,0) size 316x19
          text run at (0,0) width 316: "Using font \"foobar\". expected: backslash, actual: \\"
