layer at (0,0) size 800x600
  RenderView at (0,0) size 800x600
layer at (0,0) size 800x600
  RenderBlock {HTML} at (0,0) size 800x600
    RenderBody {BODY} at (8,8) size 784x584
      RenderBlock (anonymous) at (0,0) size 784x18
        RenderText {#text} at (0,0) size 419x19
          text run at (0,0) width 419: "Pixel test for complex text rendering with opacity (Chromium bug "
        RenderInline {A} at (0,0) size 32x19 [color=#0000EE]
          RenderText {#text} at (419,0) size 32x19
            text run at (419,0) width 32: "8768"
        RenderText {#text} at (451,0) size 9x19
          text run at (451,0) width 9: ")."
      RenderBlock {P} at (0,34) size 784x0
      RenderBlock {DIV} at (0,34) size 784x58
        RenderInline {SPAN} at (0,0) size 75x29
          RenderText {#text} at (0,0) size 75x29
            text run at (0,0) width 75: "\x{916}\x{94B}\x{91C}\x{947}\x{902}"
        RenderText {#text} at (75,0) size 6x29
          text run at (75,0) width 6: " "
        RenderText {#text} at (156,0) size 6x29
          text run at (156,0) width 6: " "
        RenderText {#text} at (237,0) size 6x29
          text run at (237,0) width 6: " "
        RenderText {#text} at (318,0) size 6x29
          text run at (318,0) width 6: " "
        RenderText {#text} at (399,0) size 6x29
          text run at (399,0) width 6: " "
        RenderText {#text} at (480,0) size 6x29
          text run at (480,0) width 6: " "
        RenderText {#text} at (561,0) size 6x29
          text run at (561,0) width 6: " "
        RenderText {#text} at (642,0) size 6x29
          text run at (642,0) width 6: " "
        RenderText {#text} at (0,0) size 0x0
        RenderText {#text} at (75,29) size 6x29
          text run at (75,29) width 6: " "
        RenderText {#text} at (0,0) size 0x0
      RenderBlock {DIV} at (0,92) size 784x58
        RenderInline {SPAN} at (0,0) size 103x29
          RenderText {#text} at (654,0) size 103x29
            text run at (654,0) width 103 RTL: "\x{64A}\x{624}\x{644}\x{645}\x{646}\x{64A}"
        RenderText {#text} at (648,0) size 6x29
          text run at (648,0) width 6 RTL: " "
        RenderText {#text} at (539,0) size 6x29
          text run at (539,0) width 6 RTL: " "
        RenderText {#text} at (430,0) size 6x29
          text run at (430,0) width 6 RTL: " "
        RenderText {#text} at (321,0) size 6x29
          text run at (321,0) width 6 RTL: " "
        RenderText {#text} at (212,0) size 6x29
          text run at (212,0) width 6 RTL: " "
        RenderText {#text} at (103,0) size 6x29
          text run at (103,0) width 6 RTL: " "
        RenderText {#text} at (0,0) size 0x0
        RenderText {#text} at (321,29) size 6x29
          text run at (321,29) width 6 RTL: " "
        RenderText {#text} at (212,29) size 6x29
          text run at (212,29) width 6 RTL: " "
        RenderText {#text} at (103,29) size 6x29
          text run at (103,29) width 6 RTL: " "
        RenderText {#text} at (0,0) size 0x0
layer at (8,42) size 75x29
  RenderInline {SPAN} at (0,0) size 75x29
    RenderText {#text} at (81,0) size 75x29
      text run at (81,0) width 75: "\x{916}\x{94B}\x{91C}\x{947}\x{902}"
layer at (8,42) size 75x29
  RenderInline {SPAN} at (0,0) size 75x29
    RenderText {#text} at (162,0) size 75x29
      text run at (162,0) width 75: "\x{916}\x{94B}\x{91C}\x{947}\x{902}"
layer at (8,42) size 75x29
  RenderInline {SPAN} at (0,0) size 75x29
    RenderText {#text} at (243,0) size 75x29
      text run at (243,0) width 75: "\x{916}\x{94B}\x{91C}\x{947}\x{902}"
layer at (8,42) size 75x29
  RenderInline {SPAN} at (0,0) size 75x29
    RenderText {#text} at (324,0) size 75x29
      text run at (324,0) width 75: "\x{916}\x{94B}\x{91C}\x{947}\x{902}"
layer at (8,42) size 75x29
  RenderInline {SPAN} at (0,0) size 75x29
    RenderText {#text} at (405,0) size 75x29
      text run at (405,0) width 75: "\x{916}\x{94B}\x{91C}\x{947}\x{902}"
layer at (8,42) size 75x29
  RenderInline {SPAN} at (0,0) size 75x29
    RenderText {#text} at (486,0) size 75x29
      text run at (486,0) width 75: "\x{916}\x{94B}\x{91C}\x{947}\x{902}"
layer at (8,42) size 75x29
  RenderInline {SPAN} at (0,0) size 75x29
    RenderText {#text} at (567,0) size 75x29
      text run at (567,0) width 75: "\x{916}\x{94B}\x{91C}\x{947}\x{902}"
layer at (8,42) size 75x29
  RenderInline {SPAN} at (0,0) size 75x29
    RenderText {#text} at (648,0) size 75x29
      text run at (648,0) width 75: "\x{916}\x{94B}\x{91C}\x{947}\x{902}"
layer at (8,42) size 75x29
  RenderInline {SPAN} at (0,0) size 75x29
    RenderText {#text} at (0,29) size 75x29
      text run at (0,29) width 75: "\x{916}\x{94B}\x{91C}\x{947}\x{902}"
layer at (8,42) size 75x29
  RenderInline {SPAN} at (0,0) size 75x29
    RenderText {#text} at (81,29) size 75x29
      text run at (81,29) width 75: "\x{916}\x{94B}\x{91C}\x{947}\x{902}"
layer at (8,100) size 103x29
  RenderInline {SPAN} at (0,0) size 103x29
    RenderText {#text} at (545,0) size 103x29
      text run at (545,0) width 103 RTL: "\x{64A}\x{624}\x{644}\x{645}\x{646}\x{64A}"
layer at (8,100) size 103x29
  RenderInline {SPAN} at (0,0) size 103x29
    RenderText {#text} at (436,0) size 103x29
      text run at (436,0) width 103 RTL: "\x{64A}\x{624}\x{644}\x{645}\x{646}\x{64A}"
layer at (8,100) size 103x29
  RenderInline {SPAN} at (0,0) size 103x29
    RenderText {#text} at (327,0) size 103x29
      text run at (327,0) width 103 RTL: "\x{64A}\x{624}\x{644}\x{645}\x{646}\x{64A}"
layer at (8,100) size 103x29
  RenderInline {SPAN} at (0,0) size 103x29
    RenderText {#text} at (218,0) size 103x29
      text run at (218,0) width 103 RTL: "\x{64A}\x{624}\x{644}\x{645}\x{646}\x{64A}"
layer at (8,100) size 103x29
  RenderInline {SPAN} at (0,0) size 103x29
    RenderText {#text} at (109,0) size 103x29
      text run at (109,0) width 103 RTL: "\x{64A}\x{624}\x{644}\x{645}\x{646}\x{64A}"
layer at (8,100) size 103x29
  RenderInline {SPAN} at (0,0) size 103x29
    RenderText {#text} at (0,0) size 103x29
      text run at (0,0) width 103 RTL: "\x{64A}\x{624}\x{644}\x{645}\x{646}\x{64A}"
layer at (8,100) size 103x29
  RenderInline {SPAN} at (0,0) size 103x29
    RenderText {#text} at (327,29) size 103x29
      text run at (327,29) width 103 RTL: "\x{64A}\x{624}\x{644}\x{645}\x{646}\x{64A}"
layer at (8,100) size 103x29
  RenderInline {SPAN} at (0,0) size 103x29
    RenderText {#text} at (218,29) size 103x29
      text run at (218,29) width 103 RTL: "\x{64A}\x{624}\x{644}\x{645}\x{646}\x{64A}"
layer at (8,100) size 103x29
  RenderInline {SPAN} at (0,0) size 103x29
    RenderText {#text} at (109,29) size 103x29
      text run at (109,29) width 103 RTL: "\x{64A}\x{624}\x{644}\x{645}\x{646}\x{64A}"
layer at (8,100) size 103x29
  RenderInline {SPAN} at (0,0) size 103x29
    RenderText {#text} at (0,29) size 103x29
      text run at (0,29) width 103 RTL: "\x{64A}\x{624}\x{644}\x{645}\x{646}\x{64A}"
