layer at (0,0) size 800x600
  RenderView at (0,0) size 800x600
layer at (0,0) size 800x600
  RenderBlock {HTML} at (0,0) size 800x600
    RenderBody {BODY} at (8,8) size 784x584
layer at (8,8) size 64x255
  RenderBlock (floating) {DIV} at (0,0) size 64x255
    RenderText {#text} at (0,0) size 64x17
      text run at (0,0) width 64: "    "
    RenderBR {BR} at (64,13) size 0x0
    RenderText {#text} at (0,17) size 64x17
      text run at (0,17) width 64: "    "
    RenderBR {BR} at (64,30) size 0x0
    RenderText {#text} at (0,34) size 64x17
      text run at (0,34) width 64: "    "
    RenderBR {BR} at (64,47) size 0x0
    RenderText {#text} at (0,51) size 64x17
      text run at (0,51) width 64: "    "
    RenderBR {BR} at (64,64) size 0x0
    RenderText {#text} at (0,68) size 64x17
      text run at (0,68) width 64: "    "
    RenderBR {BR} at (64,81) size 0x0
    RenderText {#text} at (0,85) size 64x17
      text run at (0,85) width 64: "    "
    RenderBR {BR} at (64,98) size 0x0
    RenderText {#text} at (0,102) size 64x17
      text run at (0,102) width 64: "    "
    RenderBR {BR} at (64,115) size 0x0
    RenderText {#text} at (0,119) size 64x17
      text run at (0,119) width 64: "    "
    RenderBR {BR} at (64,132) size 0x0
    RenderText {#text} at (0,136) size 64x17
      text run at (0,136) width 64: "    "
    RenderBR {BR} at (64,149) size 0x0
    RenderText {#text} at (0,153) size 64x17
      text run at (0,153) width 64: "    "
    RenderBR {BR} at (64,166) size 0x0
    RenderText {#text} at (0,170) size 64x17
      text run at (0,170) width 64: "    "
    RenderBR {BR} at (64,183) size 0x0
    RenderText {#text} at (0,187) size 64x17
      text run at (0,187) width 64: "    "
    RenderBR {BR} at (64,200) size 0x0
    RenderText {#text} at (0,204) size 64x17
      text run at (0,204) width 64: "    "
    RenderBR {BR} at (64,217) size 0x0
    RenderText {#text} at (0,221) size 64x17
      text run at (0,221) width 64: "    "
    RenderBR {BR} at (64,234) size 0x0
    RenderText {#text} at (0,238) size 64x17
      text run at (0,238) width 64: "    "
    RenderBR {BR} at (64,251) size 0x0
layer at (87,8) size 64x255
  RenderBlock (floating) {DIV} at (79,0) size 64x255
    RenderText {#text} at (0,0) size 64x17
      text run at (0,0) width 64: "    "
    RenderBR {BR} at (64,13) size 0x0
    RenderText {#text} at (0,17) size 64x17
      text run at (0,17) width 64: "    "
    RenderBR {BR} at (64,30) size 0x0
    RenderText {#text} at (0,34) size 64x17
      text run at (0,34) width 64: "    "
    RenderBR {BR} at (64,47) size 0x0
    RenderText {#text} at (0,51) size 64x17
      text run at (0,51) width 64: "    "
    RenderBR {BR} at (64,64) size 0x0
    RenderText {#text} at (0,68) size 64x17
      text run at (0,68) width 64: "    "
    RenderBR {BR} at (64,81) size 0x0
    RenderText {#text} at (0,85) size 64x17
      text run at (0,85) width 64: "    "
    RenderBR {BR} at (64,98) size 0x0
    RenderText {#text} at (0,102) size 64x17
      text run at (0,102) width 64: "    "
    RenderBR {BR} at (64,115) size 0x0
    RenderText {#text} at (0,119) size 64x17
      text run at (0,119) width 64: "    "
    RenderBR {BR} at (64,132) size 0x0
    RenderText {#text} at (0,136) size 64x17
      text run at (0,136) width 64: "    "
    RenderBR {BR} at (64,149) size 0x0
    RenderText {#text} at (0,153) size 64x17
      text run at (0,153) width 64: "    "
    RenderBR {BR} at (64,166) size 0x0
    RenderText {#text} at (0,170) size 64x17
      text run at (0,170) width 64: "    "
    RenderBR {BR} at (64,183) size 0x0
    RenderText {#text} at (0,187) size 64x17
      text run at (0,187) width 64: "    "
    RenderBR {BR} at (64,200) size 0x0
    RenderText {#text} at (0,204) size 64x17
      text run at (0,204) width 64: "    "
    RenderBR {BR} at (64,217) size 0x0
    RenderText {#text} at (0,221) size 64x17
      text run at (0,221) width 64: "    "
    RenderBR {BR} at (64,234) size 0x0
    RenderText {#text} at (0,238) size 64x17
      text run at (0,238) width 64: "    "
    RenderBR {BR} at (64,251) size 0x0
layer at (171,8) size 64x255
  RenderBlock (floating) {DIV} at (163,0) size 64x255
    RenderText {#text} at (0,0) size 64x17
      text run at (0,0) width 64: "    "
    RenderBR {BR} at (64,13) size 0x0
    RenderText {#text} at (0,17) size 64x17
      text run at (0,17) width 64: "    "
    RenderBR {BR} at (64,30) size 0x0
    RenderText {#text} at (0,34) size 64x17
      text run at (0,34) width 64: "    "
    RenderBR {BR} at (64,47) size 0x0
    RenderText {#text} at (0,51) size 64x17
      text run at (0,51) width 64: "    "
    RenderBR {BR} at (64,64) size 0x0
    RenderText {#text} at (0,68) size 64x17
      text run at (0,68) width 64: "    "
    RenderBR {BR} at (64,81) size 0x0
    RenderText {#text} at (0,85) size 64x17
      text run at (0,85) width 64: "    "
    RenderBR {BR} at (64,98) size 0x0
    RenderText {#text} at (0,102) size 64x17
      text run at (0,102) width 64: "    "
    RenderBR {BR} at (64,115) size 0x0
    RenderText {#text} at (0,119) size 64x17
      text run at (0,119) width 64: "    "
    RenderBR {BR} at (64,132) size 0x0
    RenderText {#text} at (0,136) size 64x17
      text run at (0,136) width 64: "    "
    RenderBR {BR} at (64,149) size 0x0
    RenderText {#text} at (0,153) size 64x17
      text run at (0,153) width 64: "    "
    RenderBR {BR} at (64,166) size 0x0
    RenderText {#text} at (0,170) size 64x17
      text run at (0,170) width 64: "    "
    RenderBR {BR} at (64,183) size 0x0
    RenderText {#text} at (0,187) size 64x17
      text run at (0,187) width 64: "    "
    RenderBR {BR} at (64,200) size 0x0
    RenderText {#text} at (0,204) size 64x17
      text run at (0,204) width 64: "    "
    RenderBR {BR} at (64,217) size 0x0
    RenderText {#text} at (0,221) size 64x17
      text run at (0,221) width 64: "    "
    RenderBR {BR} at (64,234) size 0x0
    RenderText {#text} at (0,238) size 64x17
      text run at (0,238) width 64: "    "
    RenderBR {BR} at (64,251) size 0x0
layer at (257,8) size 64x255
  RenderBlock (floating) {DIV} at (249,0) size 64x255
    RenderText {#text} at (0,0) size 64x17
      text run at (0,0) width 64: "    "
    RenderBR {BR} at (64,13) size 0x0
    RenderText {#text} at (0,17) size 64x17
      text run at (0,17) width 64: "    "
    RenderBR {BR} at (64,30) size 0x0
    RenderText {#text} at (0,34) size 64x17
      text run at (0,34) width 64: "    "
    RenderBR {BR} at (64,47) size 0x0
    RenderText {#text} at (0,51) size 64x17
      text run at (0,51) width 64: "    "
    RenderBR {BR} at (64,64) size 0x0
    RenderText {#text} at (0,68) size 64x17
      text run at (0,68) width 64: "    "
    RenderBR {BR} at (64,81) size 0x0
    RenderText {#text} at (0,85) size 64x17
      text run at (0,85) width 64: "    "
    RenderBR {BR} at (64,98) size 0x0
    RenderText {#text} at (0,102) size 64x17
      text run at (0,102) width 64: "    "
    RenderBR {BR} at (64,115) size 0x0
    RenderText {#text} at (0,119) size 64x17
      text run at (0,119) width 64: "    "
    RenderBR {BR} at (64,132) size 0x0
    RenderText {#text} at (0,136) size 64x17
      text run at (0,136) width 64: "    "
    RenderBR {BR} at (64,149) size 0x0
    RenderText {#text} at (0,153) size 64x17
      text run at (0,153) width 64: "    "
    RenderBR {BR} at (64,166) size 0x0
    RenderText {#text} at (0,170) size 64x17
      text run at (0,170) width 64: "    "
    RenderBR {BR} at (64,183) size 0x0
    RenderText {#text} at (0,187) size 64x17
      text run at (0,187) width 64: "    "
    RenderBR {BR} at (64,200) size 0x0
    RenderText {#text} at (0,204) size 64x17
      text run at (0,204) width 64: "    "
    RenderBR {BR} at (64,217) size 0x0
    RenderText {#text} at (0,221) size 64x17
      text run at (0,221) width 64: "    "
    RenderBR {BR} at (64,234) size 0x0
    RenderText {#text} at (0,238) size 64x17
      text run at (0,238) width 64: "    "
    RenderBR {BR} at (64,251) size 0x0
layer at (351,8) size 64x255
  RenderBlock (floating) {DIV} at (343,0) size 64x255
    RenderText {#text} at (0,0) size 64x17
      text run at (0,0) width 64: "    "
    RenderBR {BR} at (64,13) size 0x0
    RenderText {#text} at (0,17) size 64x17
      text run at (0,17) width 64: "    "
    RenderBR {BR} at (64,30) size 0x0
    RenderText {#text} at (0,34) size 64x17
      text run at (0,34) width 64: "    "
    RenderBR {BR} at (64,47) size 0x0
    RenderText {#text} at (0,51) size 64x17
      text run at (0,51) width 64: "    "
    RenderBR {BR} at (64,64) size 0x0
    RenderText {#text} at (0,68) size 64x17
      text run at (0,68) width 64: "    "
    RenderBR {BR} at (64,81) size 0x0
    RenderText {#text} at (0,85) size 64x17
      text run at (0,85) width 64: "    "
    RenderBR {BR} at (64,98) size 0x0
    RenderText {#text} at (0,102) size 64x17
      text run at (0,102) width 64: "    "
    RenderBR {BR} at (64,115) size 0x0
    RenderText {#text} at (0,119) size 64x17
      text run at (0,119) width 64: "    "
    RenderBR {BR} at (64,132) size 0x0
    RenderText {#text} at (0,136) size 64x17
      text run at (0,136) width 64: "    "
    RenderBR {BR} at (64,149) size 0x0
    RenderText {#text} at (0,153) size 64x17
      text run at (0,153) width 64: "    "
    RenderBR {BR} at (64,166) size 0x0
    RenderText {#text} at (0,170) size 64x17
      text run at (0,170) width 64: "    "
    RenderBR {BR} at (64,183) size 0x0
    RenderText {#text} at (0,187) size 64x17
      text run at (0,187) width 64: "    "
    RenderBR {BR} at (64,200) size 0x0
    RenderText {#text} at (0,204) size 64x17
      text run at (0,204) width 64: "    "
    RenderBR {BR} at (64,217) size 0x0
    RenderText {#text} at (0,221) size 64x17
      text run at (0,221) width 64: "    "
    RenderBR {BR} at (64,234) size 0x0
    RenderText {#text} at (0,238) size 64x17
      text run at (0,238) width 64: "    "
    RenderBR {BR} at (64,251) size 0x0
layer at (460,8) size 64x255
  RenderBlock (floating) {DIV} at (452,0) size 64x255
    RenderText {#text} at (0,0) size 64x17
      text run at (0,0) width 64: "    "
    RenderBR {BR} at (64,13) size 0x0
    RenderText {#text} at (0,17) size 64x17
      text run at (0,17) width 64: "    "
    RenderBR {BR} at (64,30) size 0x0
    RenderText {#text} at (0,34) size 64x17
      text run at (0,34) width 64: "    "
    RenderBR {BR} at (64,47) size 0x0
    RenderText {#text} at (0,51) size 64x17
      text run at (0,51) width 64: "    "
    RenderBR {BR} at (64,64) size 0x0
    RenderText {#text} at (0,68) size 64x17
      text run at (0,68) width 64: "    "
    RenderBR {BR} at (64,81) size 0x0
    RenderText {#text} at (0,85) size 64x17
      text run at (0,85) width 64: "    "
    RenderBR {BR} at (64,98) size 0x0
    RenderText {#text} at (0,102) size 64x17
      text run at (0,102) width 64: "    "
    RenderBR {BR} at (64,115) size 0x0
    RenderText {#text} at (0,119) size 64x17
      text run at (0,119) width 64: "    "
    RenderBR {BR} at (64,132) size 0x0
    RenderText {#text} at (0,136) size 64x17
      text run at (0,136) width 64: "    "
    RenderBR {BR} at (64,149) size 0x0
    RenderText {#text} at (0,153) size 64x17
      text run at (0,153) width 64: "    "
    RenderBR {BR} at (64,166) size 0x0
    RenderText {#text} at (0,170) size 64x17
      text run at (0,170) width 64: "    "
    RenderBR {BR} at (64,183) size 0x0
    RenderText {#text} at (0,187) size 64x17
      text run at (0,187) width 64: "    "
    RenderBR {BR} at (64,200) size 0x0
    RenderText {#text} at (0,204) size 64x17
      text run at (0,204) width 64: "    "
    RenderBR {BR} at (64,217) size 0x0
    RenderText {#text} at (0,221) size 64x17
      text run at (0,221) width 64: "    "
    RenderBR {BR} at (64,234) size 0x0
    RenderText {#text} at (0,238) size 64x17
      text run at (0,238) width 64: "    "
    RenderBR {BR} at (64,251) size 0x0
layer at (579,8) size 64x255
  RenderBlock (floating) {DIV} at (571,0) size 64x255
    RenderText {#text} at (0,0) size 64x17
      text run at (0,0) width 64: "    "
    RenderBR {BR} at (64,13) size 0x0
    RenderText {#text} at (0,17) size 64x17
      text run at (0,17) width 64: "    "
    RenderBR {BR} at (64,30) size 0x0
    RenderText {#text} at (0,34) size 64x17
      text run at (0,34) width 64: "    "
    RenderBR {BR} at (64,47) size 0x0
    RenderText {#text} at (0,51) size 64x17
      text run at (0,51) width 64: "    "
    RenderBR {BR} at (64,64) size 0x0
    RenderText {#text} at (0,68) size 64x17
      text run at (0,68) width 64: "    "
    RenderBR {BR} at (64,81) size 0x0
    RenderText {#text} at (0,85) size 64x17
      text run at (0,85) width 64: "    "
    RenderBR {BR} at (64,98) size 0x0
    RenderText {#text} at (0,102) size 64x17
      text run at (0,102) width 64: "    "
    RenderBR {BR} at (64,115) size 0x0
    RenderText {#text} at (0,119) size 64x17
      text run at (0,119) width 64: "    "
    RenderBR {BR} at (64,132) size 0x0
    RenderText {#text} at (0,136) size 64x17
      text run at (0,136) width 64: "    "
    RenderBR {BR} at (64,149) size 0x0
    RenderText {#text} at (0,153) size 64x17
      text run at (0,153) width 64: "    "
    RenderBR {BR} at (64,166) size 0x0
    RenderText {#text} at (0,170) size 64x17
      text run at (0,170) width 64: "    "
    RenderBR {BR} at (64,183) size 0x0
    RenderText {#text} at (0,187) size 64x17
      text run at (0,187) width 64: "    "
    RenderBR {BR} at (64,200) size 0x0
    RenderText {#text} at (0,204) size 64x17
      text run at (0,204) width 64: "    "
    RenderBR {BR} at (64,217) size 0x0
    RenderText {#text} at (0,221) size 64x17
      text run at (0,221) width 64: "    "
    RenderBR {BR} at (64,234) size 0x0
    RenderText {#text} at (0,238) size 64x17
      text run at (0,238) width 64: "    "
    RenderBR {BR} at (64,251) size 0x0
