layer at (0,0) size 800x600
  RenderView at (0,0) size 800x600
layer at (0,0) size 800x600
  RenderBlock {HTML} at (0,0) size 800x600
    RenderBody {BODY} at (8,8) size 784x584
      RenderBlock {DIV} at (0,0) size 784x182
        RenderBlock {DIV} at (0,25) size 160x149
          RenderText {#text} at (0,0) size 160x33
            text run at (0,0) width 160: "1111 "
          RenderBR {BR} at (0,0) size 0x0
          RenderInline {SPAN} at (0,0) size 128x33
            RenderText {#text} at (0,33) size 128x33
              text run at (0,33) width 128: "2222"
          RenderText {#text} at (128,33) size 32x33
            text run at (128,33) width 32: " "
          RenderBR {BR} at (0,0) size 0x0
          RenderInline {SPAN} at (0,0) size 128x33 [color=#0000FF]
            RenderText {#text} at (0,83) size 128x33
              text run at (0,83) width 128: "3333"
          RenderText {#text} at (128,83) size 32x33
            text run at (128,83) width 32: " "
          RenderBR {BR} at (0,0) size 0x0
          RenderText {#text} at (0,116) size 128x33
            text run at (0,116) width 128: "4444"
        RenderText {#text} at (160,152) size 4x19
          text run at (160,152) width 4: " "
        RenderBlock {DIV} at (164,25) size 160x149
          RenderText {#text} at (0,0) size 160x33
            text run at (0,0) width 160: "1111 "
          RenderBR {BR} at (0,0) size 0x0
          RenderInline {SPAN} at (0,0) size 128x33 [color=#008000]
            RenderText {#text} at (0,33) size 128x33
              text run at (0,33) width 128: "2222"
          RenderText {#text} at (128,33) size 32x33
            text run at (128,33) width 32: " "
          RenderBR {BR} at (0,0) size 0x0
          RenderInline {SPAN} at (0,0) size 128x33
            RenderText {#text} at (0,83) size 128x33
              text run at (0,83) width 128: "3333"
          RenderText {#text} at (128,83) size 32x33
            text run at (128,83) width 32: " "
          RenderBR {BR} at (0,0) size 0x0
          RenderText {#text} at (0,116) size 128x33
            text run at (0,116) width 128: "4444"
        RenderText {#text} at (324,152) size 4x19
          text run at (324,152) width 4: " "
        RenderBlock {DIV} at (328,8) size 160x166
          RenderText {#text} at (0,0) size 160x33
            text run at (0,0) width 160: "1111 "
          RenderBR {BR} at (0,0) size 0x0
          RenderInline {SPAN} at (0,0) size 128x33 [color=#008000]
            RenderText {#text} at (0,33) size 128x33
              text run at (0,33) width 128: "2222"
          RenderText {#text} at (128,33) size 32x33
            text run at (128,33) width 32: " "
          RenderBR {BR} at (0,0) size 0x0
          RenderInline {SPAN} at (0,0) size 128x33 [color=#0000FF]
            RenderText {#text} at (0,100) size 128x33
              text run at (0,100) width 128: "3333"
          RenderText {#text} at (128,100) size 32x33
            text run at (128,100) width 32: " "
          RenderBR {BR} at (0,0) size 0x0
          RenderText {#text} at (0,133) size 128x33
            text run at (0,133) width 128: "4444"
        RenderText {#text} at (0,0) size 0x0
      RenderBlock {DIV} at (0,182) size 784x182
        RenderBlock {DIV} at (0,8) size 160x149
          RenderText {#text} at (0,0) size 160x33
            text run at (0,0) width 160: "1111 "
          RenderBR {BR} at (0,0) size 0x0
          RenderInline {SPAN} at (0,0) size 128x33
            RenderText {#text} at (0,33) size 128x33
              text run at (0,33) width 128: "2222"
          RenderText {#text} at (128,33) size 32x33
            text run at (128,33) width 32: " "
          RenderBR {BR} at (0,0) size 0x0
          RenderInline {SPAN} at (0,0) size 128x33 [color=#008000]
            RenderText {#text} at (0,83) size 128x33
              text run at (0,83) width 128: "3333"
          RenderText {#text} at (128,83) size 32x33
            text run at (128,83) width 32: " "
          RenderBR {BR} at (0,0) size 0x0
          RenderText {#text} at (0,116) size 128x33
            text run at (0,116) width 128: "4444"
        RenderText {#text} at (160,11) size 4x19
          text run at (160,11) width 4: " "
        RenderBlock {DIV} at (164,8) size 160x149
          RenderText {#text} at (0,0) size 160x33
            text run at (0,0) width 160: "1111 "
          RenderBR {BR} at (0,0) size 0x0
          RenderInline {SPAN} at (0,0) size 128x33 [color=#0000FF]
            RenderText {#text} at (0,33) size 128x33
              text run at (0,33) width 128: "2222"
          RenderText {#text} at (128,33) size 32x33
            text run at (128,33) width 32: " "
          RenderBR {BR} at (0,0) size 0x0
          RenderInline {SPAN} at (0,0) size 128x33
            RenderText {#text} at (0,83) size 128x33
              text run at (0,83) width 128: "3333"
          RenderText {#text} at (128,83) size 32x33
            text run at (128,83) width 32: " "
          RenderBR {BR} at (0,0) size 0x0
          RenderText {#text} at (0,116) size 128x33
            text run at (0,116) width 128: "4444"
        RenderText {#text} at (324,11) size 4x19
          text run at (324,11) width 4: " "
        RenderBlock {DIV} at (328,8) size 160x166
          RenderText {#text} at (0,0) size 160x33
            text run at (0,0) width 160: "1111 "
          RenderBR {BR} at (0,0) size 0x0
          RenderInline {SPAN} at (0,0) size 128x33 [color=#0000FF]
            RenderText {#text} at (0,33) size 128x33
              text run at (0,33) width 128: "2222"
          RenderText {#text} at (128,33) size 32x33
            text run at (128,33) width 32: " "
          RenderBR {BR} at (0,0) size 0x0
          RenderInline {SPAN} at (0,0) size 128x33 [color=#008000]
            RenderText {#text} at (0,100) size 128x33
              text run at (0,100) width 128: "3333"
          RenderText {#text} at (128,100) size 32x33
            text run at (128,100) width 32: " "
          RenderBR {BR} at (0,0) size 0x0
          RenderText {#text} at (0,133) size 128x33
            text run at (0,133) width 128: "4444"
        RenderText {#text} at (0,0) size 0x0
