layer at (0,0) size 800x600
  RenderView at (0,0) size 800x600
layer at (0,0) size 800x600
  RenderBlock {HTML} at (0,0) size 800x600
    RenderBody {BODY} at (8,8) size 784x584
      RenderBlock {P} at (0,0) size 784x19
        RenderText {#text} at (0,0) size 53x19
          text run at (0,0) width 53: "Test for "
        RenderInline {I} at (0,0) size 707x19
          RenderInline {A} at (0,0) size 301x19 [color=#0000EE]
            RenderText {#text} at (53,0) size 301x19
              text run at (53,0) width 301: "http://bugs.webkit.org/show_bug.cgi?id=14758"
          RenderText {#text} at (354,0) size 406x19
            text run at (354,0) width 4: " "
            text run at (358,0) width 402: "REGRESSION: Repeated text after line break on facebook.com"
        RenderText {#text} at (760,0) size 4x19
          text run at (760,0) width 4: "."
      RenderBlock {P} at (0,35) size 784x19
        RenderText {#text} at (0,0) size 233x19
          text run at (0,0) width 233: "These two boxes should be identical:"
      RenderBlock {DIV} at (0,70) size 76x63 [border: (3px solid #000000)]
        RenderBlock (anonymous) at (3,3) size 70x38
          RenderText {#text} at (0,0) size 42x19
            text run at (0,0) width 42: "Lorem"
          RenderInline {SPAN} at (0,0) size 38x19
            RenderText {#text} at (0,19) size 38x19
              text run at (0,19) width 38: "ipsum"
          RenderText {#text} at (0,0) size 0x0
        RenderBlock {DIV} at (3,41) size 70x19
          RenderText {#text} at (0,0) size 33x19
            text run at (0,0) width 33: "dolor"
      RenderBlock (anonymous) at (0,133) size 784x19
        RenderBR {BR} at (0,0) size 0x19
      RenderBlock {DIV} at (0,152) size 76x63 [border: (3px solid #000000)]
        RenderBlock (anonymous) at (3,3) size 70x38
          RenderText {#text} at (0,0) size 42x38
            text run at (0,0) width 42: "Lorem"
            text run at (0,19) width 38: "ipsum"
        RenderBlock {DIV} at (3,41) size 70x19
          RenderText {#text} at (0,0) size 33x19
            text run at (0,0) width 33: "dolor"
