layer at (0,0) size 800x600
  RenderView at (0,0) size 800x600
layer at (0,0) size 800x600
  RenderBlock {HTML} at (0,0) size 800x600
    RenderBody {BODY} at (8,8) size 784x584
layer at (8,8) size 100x117
  RenderBlock {DIV} at (0,0) size 100x117 [color=#00000000]
    RenderText {#text} at (0,0) size 99x117
      text run at (0,0) width 5: "i "
      text run at (5,0) width 9: "x "
      text run at (14,0) width 12: "m "
      text run at (26,0) width 9: "n "
      text run at (35,0) width 9: "o "
      text run at (44,0) width 9: "p "
      text run at (53,0) width 9: "q "
      text run at (62,0) width 7: "r "
      text run at (69,0) width 9: "s "
      text run at (78,0) width 6: "t "
      text run at (84,0) width 9: "u "
      text run at (93,0) width 6: "v"
      text run at (0,13) width 11: "w "
      text run at (11,13) width 9: "x "
      text run at (20,13) width 9: "y "
      text run at (29,13) width 9: "z "
      text run at (38,13) width 5: "i "
      text run at (43,13) width 9: "x "
      text run at (52,13) width 12: "m "
      text run at (64,13) width 9: "n "
      text run at (73,13) width 9: "o "
      text run at (82,13) width 9: "p "
      text run at (91,13) width 6: "q"
      text run at (0,26) width 7: "r "
      text run at (7,26) width 9: "s "
      text run at (16,26) width 6: "t "
      text run at (22,26) width 9: "u "
      text run at (31,26) width 9: "v "
      text run at (40,26) width 11: "w "
      text run at (51,26) width 9: "x "
      text run at (60,26) width 9: "y "
      text run at (69,26) width 9: "z "
      text run at (78,26) width 5: "i "
      text run at (83,26) width 6: "x"
      text run at (0,39) width 12: "m "
      text run at (12,39) width 9: "n "
      text run at (21,39) width 9: "o "
      text run at (30,39) width 9: "p "
      text run at (39,39) width 9: "q "
      text run at (48,39) width 7: "r "
      text run at (55,39) width 9: "s "
      text run at (64,39) width 6: "t "
      text run at (70,39) width 9: "u "
      text run at (79,39) width 9: "v "
      text run at (88,39) width 8: "w"
      text run at (0,52) width 9: "x "
      text run at (9,52) width 9: "y "
      text run at (18,52) width 9: "z "
      text run at (27,52) width 5: "i "
      text run at (32,52) width 9: "x "
      text run at (41,52) width 12: "m "
      text run at (53,52) width 9: "n "
      text run at (62,52) width 9: "o "
      text run at (71,52) width 9: "p "
      text run at (80,52) width 9: "q "
      text run at (89,52) width 4: "r"
      text run at (0,65) width 9: "s "
      text run at (9,65) width 6: "t "
      text run at (15,65) width 9: "u "
      text run at (24,65) width 9: "v "
      text run at (33,65) width 11: "w "
      text run at (44,65) width 9: "x "
      text run at (53,65) width 9: "y "
      text run at (62,65) width 9: "z "
      text run at (71,65) width 5: "i "
      text run at (76,65) width 9: "x "
      text run at (85,65) width 9: "m"
      text run at (0,78) width 9: "n "
      text run at (9,78) width 9: "o "
      text run at (18,78) width 9: "p "
      text run at (27,78) width 9: "q "
      text run at (36,78) width 7: "r "
      text run at (43,78) width 9: "s "
      text run at (52,78) width 6: "t "
      text run at (58,78) width 9: "u "
      text run at (67,78) width 9: "v "
      text run at (76,78) width 11: "w "
      text run at (87,78) width 6: "x"
      text run at (0,91) width 9: "y "
      text run at (9,91) width 9: "z "
      text run at (18,91) width 5: "i "
      text run at (23,91) width 9: "x "
      text run at (32,91) width 12: "m "
      text run at (44,91) width 9: "n "
      text run at (53,91) width 9: "o "
      text run at (62,91) width 9: "p "
      text run at (71,91) width 9: "q "
      text run at (80,91) width 7: "r "
      text run at (87,91) width 9: "s "
      text run at (96,91) width 3: "t"
      text run at (0,104) width 6: "u"
selection start: position 0 of child 0 {#text} of child 0 {DIV} of body
selection end:   position 271 of child 0 {#text} of child 0 {DIV} of body
