layer at (0,0) size 800x600
  RenderView at (0,0) size 800x600
layer at (0,0) size 800x118 layerType: background only
layer at (8,50) size 260x60
  RenderBlock (positioned) zI: -1 {DIV} at (0,0) size 260x60 [color=#FF0000]
    RenderText zI: -1 {#text} at (0,0) size 180x20
      text run at (0,0) width 180: "XXXXXXXXX"
    RenderInline {SPAN} at (0,0) size 80x20 [color=#008000]
      RenderText {#text} at (180,0) size 80x20
        text run at (180,0) width 80: "XXXX"
    RenderText zI: -1 {#text} at (0,0) size 0x0
layer at (0,0) size 800x118 layerType: foreground only
  RenderBlock {HTML} at (0,0) size 800x118
    RenderBody {BODY} at (8,16) size 784x94
      RenderBlock {P} at (0,0) size 784x18
        RenderText {#text} at (0,0) size 303x18
          text run at (0,0) width 303: "Test passes if there is no red visible on the page."
layer at (8,50) size 260x60
  RenderBlock (relative positioned) {DIV} at (0,34) size 260x60
    RenderBlock {DIV} at (0,0) size 260x60 [color=#008000]
      RenderBlock {DIV} at (0,0) size 260x20
        RenderText {#text} at (0,0) size 80x20
          text run at (0,0) width 80: "XXXX"
      RenderBlock {DIV} at (0,20) size 260x20
        RenderText {#text} at (0,0) size 100x20
          text run at (0,0) width 100: "XXXXX"
