layer at (0,0) size 800x600
  RenderView at (0,0) size 800x600
layer at (0,0) size 800x102
  RenderBlock {HTML} at (0,0) size 800x102
    RenderBody {BODY} at (8,16) size 784x78
      RenderBlock {P} at (0,0) size 784x18
        RenderText {#text} at (0,0) size 303x18
          text run at (0,0) width 303: "Test passes if there is no red visible on the page."
      RenderBlock {DIV} at (0,34) size 240x44 [bgcolor=#FF0000]
        RenderBlock (anonymous) at (0,0) size 240x24
          RenderImage {IMG} at (0,0) size 120x20 [bgcolor=#008000]
          RenderText {#text} at (0,0) size 0x0
        RenderBlock {DIV} at (0,24) size 240x20 [color=#008000]
          RenderText {#text} at (0,0) size 120x20
            text run at (0,0) width 120: "XXXXXX"
