layer at (0,0) size 800x600
  RenderView at (0,0) size 800x600
layer at (0,0) size 800x600
  RenderBlock {HTML} at (0,0) size 800x600
    RenderBody {BODY} at (8,8) size 784x584
      RenderTable {TABLE} at (0,0) size 420x108
        RenderBlock {CAPTION} at (0,0) size 420x18
          RenderText {#text} at (11,0) size 398x17
            text run at (11,0) width 398: "Communicator 4.5 Installers for Mac and Windows Platforms"
        RenderTableSection {TBODY} at (0,18) size 420x90
          RenderTableRow {TR} at (0,2) size 420x20
            RenderTableCell {TH} at (2,11) size 120x2 [r=0 c=0 rs=1 cs=1]
            RenderTableCell {TH} at (124,2) size 110x20 [r=0 c=1 rs=1 cs=1]
              RenderText {#text} at (1,1) size 108x17
                text run at (1,1) width 108: "Macintosh PPC"
            RenderTableCell {TH} at (236,2) size 87x20 [r=0 c=2 rs=1 cs=1]
              RenderText {#text} at (1,1) size 85x17
                text run at (1,1) width 85: "Windows 95"
            RenderTableCell {TH} at (325,2) size 93x20 [r=0 c=3 rs=1 cs=1]
              RenderText {#text} at (1,1) size 91x17
                text run at (1,1) width 91: "Windows NT"
          RenderTableRow {TR} at (0,24) size 420x20
            RenderTableCell {TD} at (2,24) size 120x20 [r=1 c=0 rs=1 cs=1]
              RenderText {#text} at (1,1) size 76x17
                text run at (1,1) width 76: "Base Install"
            RenderTableCell {TD} at (124,24) size 110x20 [r=1 c=1 rs=1 cs=1]
              RenderText {#text} at (1,1) size 22x17
                text run at (1,1) width 22: "yes"
            RenderTableCell {TD} at (236,24) size 87x20 [r=1 c=2 rs=1 cs=1]
              RenderText {#text} at (1,1) size 22x17
                text run at (1,1) width 22: "yes"
            RenderTableCell {TD} at (325,24) size 93x20 [r=1 c=3 rs=1 cs=1]
              RenderText {#text} at (1,1) size 22x17
                text run at (1,1) width 22: "yes"
          RenderTableRow {TR} at (0,46) size 420x20
            RenderTableCell {TD} at (2,46) size 120x20 [r=2 c=0 rs=1 cs=1]
              RenderText {#text} at (1,1) size 107x17
                text run at (1,1) width 107: "Complete Install"
            RenderTableCell {TD} at (124,46) size 110x20 [r=2 c=1 rs=1 cs=1]
              RenderText {#text} at (1,1) size 22x17
                text run at (1,1) width 22: "yes"
            RenderTableCell {TD} at (236,46) size 87x20 [r=2 c=2 rs=1 cs=1]
              RenderText {#text} at (1,1) size 22x17
                text run at (1,1) width 22: "yes"
            RenderTableCell {TD} at (325,46) size 93x20 [r=2 c=3 rs=1 cs=1]
              RenderText {#text} at (1,1) size 22x17
                text run at (1,1) width 22: "yes"
          RenderTableRow {TR} at (0,68) size 420x20
            RenderTableCell {TD} at (2,68) size 120x20 [r=3 c=0 rs=1 cs=1]
              RenderText {#text} at (1,1) size 118x17
                text run at (1,1) width 118: "Pro Edition Install"
            RenderTableCell {TD} at (124,68) size 110x20 [r=3 c=1 rs=1 cs=1]
              RenderText {#text} at (1,1) size 22x17
                text run at (1,1) width 22: "yes"
            RenderTableCell {TD} at (236,68) size 87x20 [r=3 c=2 rs=1 cs=1]
              RenderText {#text} at (1,1) size 22x17
                text run at (1,1) width 22: "yes"
            RenderTableCell {TD} at (325,68) size 93x20 [r=3 c=3 rs=1 cs=1]
              RenderText {#text} at (1,1) size 22x17
                text run at (1,1) width 22: "yes"
