layer at (0,0) size 800x600
  RenderView at (0,0) size 800x600
layer at (0,0) size 800x600
  RenderBlock {HTML} at (0,0) size 800x600
    RenderBody {BODY} at (8,8) size 784x584
      RenderBlock {P} at (0,0) size 784x54
        RenderText {#text} at (0,0) size 758x53
          text run at (0,0) width 758: "Colgroups are used to identify column groups. The table below has two distinct column groups; 'Airport Location' and"
          text run at (0,18) width 741: "'Car Rental Information'. The first column group contains two columns and the second column group contains three"
          text run at (0,36) width 59: "columns."
      RenderBlock {P} at (0,70) size 784x18
        RenderText {#text} at (0,0) size 353x17
          text run at (0,0) width 353: "In this test case, the cell text should be bottom-aligned."
      RenderTable {TABLE} at (0,104) size 501x368 [border: (1px outset #808080)]
        RenderTableCol {COLGROUP} at (0,0) size 0x0
        RenderTableCol {COLGROUP} at (0,0) size 0x0
        RenderTableSection {TBODY} at (1,1) size 499x366
          RenderTableRow {TR} at (0,2) size 499x50
            RenderTableCell {TH} at (2,16) size 163x22 [border: (1px inset #808080)] [r=0 c=0 rs=1 cs=2]
              RenderText {#text} at (23,2) size 117x17
                text run at (23,2) width 117: "Airport Location"
            RenderTableCell {TH} at (167,16) size 330x22 [border: (1px inset #808080)] [r=0 c=2 rs=1 cs=3]
              RenderText {#text} at (84,2) size 162x17
                text run at (84,2) width 162: "Car Rental information"
          RenderTableRow {TR} at (0,54) size 499x50
            RenderTableCell {TH} at (2,68) size 82x22 [border: (1px inset #808080)] [r=1 c=0 rs=1 cs=1]
              RenderText {#text} at (12,2) size 58x17
                text run at (12,2) width 58: "Country"
            RenderTableCell {TH} at (86,68) size 79x22 [border: (1px inset #808080)] [r=1 c=1 rs=1 cs=1]
              RenderText {#text} at (24,2) size 31x17
                text run at (24,2) width 31: "City"
            RenderTableCell {TH} at (167,68) size 109x22 [border: (1px inset #808080)] [r=1 c=2 rs=1 cs=1]
              RenderText {#text} at (2,2) size 105x17
                text run at (2,2) width 105: "ABC Company"
            RenderTableCell {TH} at (278,68) size 108x22 [border: (1px inset #808080)] [r=1 c=3 rs=1 cs=1]
              RenderText {#text} at (2,2) size 104x17
                text run at (2,2) width 104: "EFG Company"
            RenderTableCell {TH} at (388,68) size 109x22 [border: (1px inset #808080)] [r=1 c=4 rs=1 cs=1]
              RenderText {#text} at (2,2) size 105x17
                text run at (2,2) width 105: "XYZ Company"
          RenderTableRow {TR} at (0,106) size 499x50
            RenderTableCell {TD} at (2,120) size 82x22 [border: (1px inset #808080)] [r=2 c=0 rs=1 cs=1]
              RenderText {#text} at (2,2) size 44x17
                text run at (2,2) width 44: "France"
            RenderTableCell {TD} at (86,120) size 79x22 [border: (1px inset #808080)] [r=2 c=1 rs=1 cs=1]
              RenderText {#text} at (2,2) size 32x17
                text run at (2,2) width 32: "Paris"
            RenderTableCell {TD} at (167,120) size 109x22 [border: (1px inset #808080)] [r=2 c=2 rs=1 cs=1]
              RenderText {#text} at (2,2) size 22x17
                text run at (2,2) width 22: "yes"
            RenderTableCell {TD} at (278,120) size 108x22 [border: (1px inset #808080)] [r=2 c=3 rs=1 cs=1]
              RenderText {#text} at (2,2) size 22x17
                text run at (2,2) width 22: "yes"
            RenderTableCell {TD} at (388,120) size 109x22 [border: (1px inset #808080)] [r=2 c=4 rs=1 cs=1]
              RenderText {#text} at (2,2) size 22x17
                text run at (2,2) width 22: "yes"
          RenderTableRow {TR} at (0,158) size 499x50
            RenderTableCell {TD} at (2,172) size 82x22 [border: (1px inset #808080)] [r=3 c=0 rs=1 cs=1]
              RenderText {#text} at (2,2) size 60x17
                text run at (2,2) width 60: "Germany"
            RenderTableCell {TD} at (86,172) size 79x22 [border: (1px inset #808080)] [r=3 c=1 rs=1 cs=1]
              RenderText {#text} at (2,2) size 61x17
                text run at (2,2) width 61: "Frankfurt"
            RenderTableCell {TD} at (167,172) size 109x22 [border: (1px inset #808080)] [r=3 c=2 rs=1 cs=1]
              RenderText {#text} at (2,2) size 22x17
                text run at (2,2) width 22: "yes"
            RenderTableCell {TD} at (278,172) size 108x22 [border: (1px inset #808080)] [r=3 c=3 rs=1 cs=1]
              RenderText {#text} at (2,2) size 22x17
                text run at (2,2) width 22: "yes"
            RenderTableCell {TD} at (388,172) size 109x22 [border: (1px inset #808080)] [r=3 c=4 rs=1 cs=1]
              RenderText {#text} at (2,2) size 22x17
                text run at (2,2) width 22: "yes"
          RenderTableRow {TR} at (0,210) size 499x50
            RenderTableCell {TD} at (2,224) size 82x22 [border: (1px inset #808080)] [r=4 c=0 rs=1 cs=1]
              RenderText {#text} at (2,2) size 54x17
                text run at (2,2) width 54: "England"
            RenderTableCell {TD} at (86,224) size 79x22 [border: (1px inset #808080)] [r=4 c=1 rs=1 cs=1]
              RenderText {#text} at (2,2) size 50x17
                text run at (2,2) width 50: "London"
            RenderTableCell {TD} at (167,224) size 109x22 [border: (1px inset #808080)] [r=4 c=2 rs=1 cs=1]
              RenderText {#text} at (2,2) size 22x17
                text run at (2,2) width 22: "yes"
            RenderTableCell {TD} at (278,224) size 108x22 [border: (1px inset #808080)] [r=4 c=3 rs=1 cs=1]
              RenderText {#text} at (2,2) size 22x17
                text run at (2,2) width 22: "yes"
            RenderTableCell {TD} at (388,224) size 109x22 [border: (1px inset #808080)] [r=4 c=4 rs=1 cs=1]
              RenderText {#text} at (2,2) size 22x17
                text run at (2,2) width 22: "yes"
          RenderTableRow {TR} at (0,262) size 499x50
            RenderTableCell {TD} at (2,276) size 82x22 [border: (1px inset #808080)] [r=5 c=0 rs=1 cs=1]
              RenderText {#text} at (2,2) size 78x17
                text run at (2,2) width 78: "Netherlands"
            RenderTableCell {TD} at (86,276) size 79x22 [border: (1px inset #808080)] [r=5 c=1 rs=1 cs=1]
              RenderText {#text} at (2,2) size 75x17
                text run at (2,2) width 75: "Amsterdam"
            RenderTableCell {TD} at (167,276) size 109x22 [border: (1px inset #808080)] [r=5 c=2 rs=1 cs=1]
              RenderText {#text} at (2,2) size 22x17
                text run at (2,2) width 22: "yes"
            RenderTableCell {TD} at (278,276) size 108x22 [border: (1px inset #808080)] [r=5 c=3 rs=1 cs=1]
              RenderText {#text} at (2,2) size 22x17
                text run at (2,2) width 22: "yes"
            RenderTableCell {TD} at (388,276) size 109x22 [border: (1px inset #808080)] [r=5 c=4 rs=1 cs=1]
              RenderText {#text} at (2,2) size 22x17
                text run at (2,2) width 22: "yes"
          RenderTableRow {TR} at (0,314) size 499x50
            RenderTableCell {TD} at (2,328) size 82x22 [border: (1px inset #808080)] [r=6 c=0 rs=1 cs=1]
              RenderText {#text} at (2,2) size 33x17
                text run at (2,2) width 33: "USA"
            RenderTableCell {TD} at (86,328) size 79x22 [border: (1px inset #808080)] [r=6 c=1 rs=1 cs=1]
              RenderText {#text} at (2,2) size 68x17
                text run at (2,2) width 68: "New York"
            RenderTableCell {TD} at (167,328) size 109x22 [border: (1px inset #808080)] [r=6 c=2 rs=1 cs=1]
              RenderText {#text} at (2,2) size 22x17
                text run at (2,2) width 22: "yes"
            RenderTableCell {TD} at (278,328) size 108x22 [border: (1px inset #808080)] [r=6 c=3 rs=1 cs=1]
              RenderText {#text} at (2,2) size 22x17
                text run at (2,2) width 22: "yes"
            RenderTableCell {TD} at (388,328) size 109x22 [border: (1px inset #808080)] [r=6 c=4 rs=1 cs=1]
              RenderText {#text} at (2,2) size 22x17
                text run at (2,2) width 22: "yes"
