layer at (0,0) size 800x600
  RenderView at (0,0) size 800x600
layer at (0,0) size 800x600
  RenderBlock {HTML} at (0,0) size 800x600
    RenderBody {BODY} at (8,8) size 784x584
      RenderBlock (anonymous) at (0,0) size 784x36
        RenderText {#text} at (0,0) size 646x17
          text run at (0,0) width 646: "This table uses a ROWSPAN attribute in the first TH tag. The ROWSPAN attribute has a value of 2."
        RenderBR {BR} at (645,14) size 1x0
        RenderBR {BR} at (0,18) size 0x17
      RenderTable {TABLE} at (0,36) size 290x52 [border: (1px outset #808080)]
        RenderTableSection {TBODY} at (1,1) size 288x50
          RenderTableRow {TR} at (0,2) size 288x22
            RenderTableCell {TH} at (2,14) size 72x22 [border: (1px inset #808080)] [r=0 c=0 rs=2 cs=1]
              RenderText {#text} at (2,2) size 68x17
                text run at (2,2) width 68: "Platforms"
            RenderTableCell {TH} at (76,2) size 210x22 [border: (1px inset #808080)] [r=0 c=1 rs=1 cs=1]
              RenderText {#text} at (2,2) size 206x17
                text run at (2,2) width 206: "Netscape Communicator 4.0.6"
          RenderTableRow {TR} at (0,26) size 288x22
            RenderTableCell {TD} at (76,26) size 210x22 [border: (1px inset #808080)] [r=1 c=1 rs=1 cs=1]
              RenderText {#text} at (2,2) size 144x17
                text run at (2,2) width 144: "Available Everywhere"
