layer at (0,0) size 800x600
  RenderView at (0,0) size 800x600
layer at (0,0) size 800x162
  RenderBlock {html} at (0,0) size 800x162
    RenderBody {body} at (8,16) size 784x138
      RenderBlock {p} at (0,0) size 784x18
        RenderText {#text} at (0,0) size 739x17
          text run at (0,0) width 413: "No 'number' specification is given for border. There should be a "
          text run at (412,0) width 327: "2 pixel border around the frame of the table below."
      RenderTable {table} at (0,34) size 193x104 [border: (1px outset #808080)]
        RenderTableCol {colgroup} at (0,0) size 0x0
          RenderTableCol {col} at (0,0) size 0x0
        RenderTableCol {colgroup} at (0,0) size 0x0
          RenderTableCol {col} at (0,0) size 0x0
        RenderTableCol {colgroup} at (0,0) size 0x0
          RenderTableCol {col} at (0,0) size 0x0
        RenderTableSection {thead} at (1,1) size 191x26
          RenderTableRow {tr} at (0,2) size 191x22
            RenderTableCell {th} at (2,2) size 61x22 [border: (1px inset #808080)] [r=0 c=0 rs=1 cs=1]
              RenderText {#text} at (2,2) size 57x17
                text run at (2,2) width 57: "THEAD"
            RenderTableCell {th} at (65,2) size 61x22 [border: (1px inset #808080)] [r=0 c=1 rs=1 cs=1]
              RenderText {#text} at (2,2) size 57x17
                text run at (2,2) width 57: "THEAD"
            RenderTableCell {th} at (128,2) size 61x22 [border: (1px inset #808080)] [r=0 c=2 rs=1 cs=1]
              RenderText {#text} at (2,2) size 57x17
                text run at (2,2) width 57: "THEAD"
        RenderTableSection {tfoot} at (1,77) size 191x26
          RenderTableRow {tr} at (0,2) size 191x22
            RenderTableCell {td} at (2,2) size 61x22 [border: (1px inset #808080)] [r=0 c=0 rs=1 cs=1]
              RenderText {#text} at (2,2) size 52x17
                text run at (2,2) width 52: "TFOOT"
            RenderTableCell {td} at (65,2) size 61x22 [border: (1px inset #808080)] [r=0 c=1 rs=1 cs=1]
              RenderText {#text} at (2,2) size 52x17
                text run at (2,2) width 52: "TFOOT"
            RenderTableCell {td} at (128,2) size 61x22 [border: (1px inset #808080)] [r=0 c=2 rs=1 cs=1]
              RenderText {#text} at (2,2) size 52x17
                text run at (2,2) width 52: "TFOOT"
        RenderTableSection {tbody} at (1,27) size 191x50
          RenderTableRow {tr} at (0,2) size 191x22
            RenderTableCell {td} at (2,2) size 61x22 [border: (1px inset #808080)] [r=0 c=0 rs=1 cs=1]
              RenderText {#text} at (2,2) size 56x17
                text run at (2,2) width 56: "TBODY"
            RenderTableCell {td} at (65,2) size 61x22 [border: (1px inset #808080)] [r=0 c=1 rs=1 cs=1]
              RenderText {#text} at (2,2) size 56x17
                text run at (2,2) width 56: "TBODY"
            RenderTableCell {td} at (128,2) size 61x22 [border: (1px inset #808080)] [r=0 c=2 rs=1 cs=1]
              RenderText {#text} at (2,2) size 56x17
                text run at (2,2) width 56: "TBODY"
          RenderTableRow {tr} at (0,26) size 191x22
            RenderTableCell {td} at (2,26) size 61x22 [border: (1px inset #808080)] [r=1 c=0 rs=1 cs=1]
              RenderText {#text} at (2,2) size 56x17
                text run at (2,2) width 56: "TBODY"
            RenderTableCell {td} at (65,26) size 61x22 [border: (1px inset #808080)] [r=1 c=1 rs=1 cs=1]
              RenderText {#text} at (2,2) size 56x17
                text run at (2,2) width 56: "TBODY"
            RenderTableCell {td} at (128,26) size 61x22 [border: (1px inset #808080)] [r=1 c=2 rs=1 cs=1]
              RenderText {#text} at (2,2) size 56x17
                text run at (2,2) width 56: "TBODY"
