layer at (0,0) size 784x1640
  RenderView at (0,0) size 784x600
layer at (0,0) size 784x1640
  RenderBlock {html} at (0,0) size 784x1640
    RenderBody {body} at (8,16) size 768x1616 [bgcolor=#FFFFFF]
      RenderBlock {p} at (0,0) size 768x18
        RenderText {#text} at (0,0) size 272x17
          text run at (0,0) width 272: "Black table with a white body background"
      RenderTable {table} at (0,34) size 433x52 [bgcolor=#000000] [border: (1px outset #808080)]
        RenderTableSection (anonymous) at (1,1) size 431x50
          RenderTableRow {tr} at (0,2) size 431x22
            RenderTableCell {td} at (2,2) size 141x22 [border: (1px inset #808080)] [r=0 c=0 rs=1 cs=1]
              RenderText {#text} at (2,2) size 137x17
                text run at (2,2) width 137: "table table table table"
            RenderTableCell {td} at (145,2) size 141x22 [border: (1px inset #808080)] [r=0 c=1 rs=1 cs=1]
              RenderText {#text} at (2,2) size 137x17
                text run at (2,2) width 137: "table table table table"
            RenderTableCell {td} at (288,2) size 141x22 [border: (1px inset #808080)] [r=0 c=2 rs=1 cs=1]
              RenderText {#text} at (2,2) size 137x17
                text run at (2,2) width 137: "table table table table"
          RenderTableRow {tr} at (0,26) size 431x22
            RenderTableCell {td} at (2,26) size 141x22 [border: (1px inset #808080)] [r=1 c=0 rs=1 cs=1]
              RenderText {#text} at (2,2) size 137x17
                text run at (2,2) width 137: "table table table table"
            RenderTableCell {td} at (145,26) size 141x22 [border: (1px inset #808080)] [r=1 c=1 rs=1 cs=1]
              RenderText {#text} at (2,2) size 137x17
                text run at (2,2) width 137: "table table table table"
            RenderTableCell {td} at (288,26) size 141x22 [border: (1px inset #808080)] [r=1 c=2 rs=1 cs=1]
              RenderText {#text} at (2,2) size 137x17
                text run at (2,2) width 137: "table table table table"
      RenderBlock {p} at (0,102) size 768x18
        RenderText {#text} at (0,0) size 272x17
          text run at (0,0) width 272: "Silver table with a white body background"
      RenderTable {table} at (0,136) size 433x52 [bgcolor=#C0C0C0] [border: (1px outset #808080)]
        RenderTableSection (anonymous) at (1,1) size 431x50
          RenderTableRow {tr} at (0,2) size 431x22
            RenderTableCell {td} at (2,2) size 141x22 [border: (1px inset #808080)] [r=0 c=0 rs=1 cs=1]
              RenderText {#text} at (2,2) size 137x17
                text run at (2,2) width 137: "table table table table"
            RenderTableCell {td} at (145,2) size 141x22 [border: (1px inset #808080)] [r=0 c=1 rs=1 cs=1]
              RenderText {#text} at (2,2) size 137x17
                text run at (2,2) width 137: "table table table table"
            RenderTableCell {td} at (288,2) size 141x22 [border: (1px inset #808080)] [r=0 c=2 rs=1 cs=1]
              RenderText {#text} at (2,2) size 137x17
                text run at (2,2) width 137: "table table table table"
          RenderTableRow {tr} at (0,26) size 431x22
            RenderTableCell {td} at (2,26) size 141x22 [border: (1px inset #808080)] [r=1 c=0 rs=1 cs=1]
              RenderText {#text} at (2,2) size 137x17
                text run at (2,2) width 137: "table table table table"
            RenderTableCell {td} at (145,26) size 141x22 [border: (1px inset #808080)] [r=1 c=1 rs=1 cs=1]
              RenderText {#text} at (2,2) size 137x17
                text run at (2,2) width 137: "table table table table"
            RenderTableCell {td} at (288,26) size 141x22 [border: (1px inset #808080)] [r=1 c=2 rs=1 cs=1]
              RenderText {#text} at (2,2) size 137x17
                text run at (2,2) width 137: "table table table table"
      RenderBlock {p} at (0,204) size 768x18
        RenderText {#text} at (0,0) size 266x17
          text run at (0,0) width 266: "Gray table with a white body background"
      RenderTable {table} at (0,238) size 433x52 [bgcolor=#808080] [border: (1px outset #808080)]
        RenderTableSection (anonymous) at (1,1) size 431x50
          RenderTableRow {tr} at (0,2) size 431x22
            RenderTableCell {td} at (2,2) size 141x22 [border: (1px inset #808080)] [r=0 c=0 rs=1 cs=1]
              RenderText {#text} at (2,2) size 137x17
                text run at (2,2) width 137: "table table table table"
            RenderTableCell {td} at (145,2) size 141x22 [border: (1px inset #808080)] [r=0 c=1 rs=1 cs=1]
              RenderText {#text} at (2,2) size 137x17
                text run at (2,2) width 137: "table table table table"
            RenderTableCell {td} at (288,2) size 141x22 [border: (1px inset #808080)] [r=0 c=2 rs=1 cs=1]
              RenderText {#text} at (2,2) size 137x17
                text run at (2,2) width 137: "table table table table"
          RenderTableRow {tr} at (0,26) size 431x22
            RenderTableCell {td} at (2,26) size 141x22 [border: (1px inset #808080)] [r=1 c=0 rs=1 cs=1]
              RenderText {#text} at (2,2) size 137x17
                text run at (2,2) width 137: "table table table table"
            RenderTableCell {td} at (145,26) size 141x22 [border: (1px inset #808080)] [r=1 c=1 rs=1 cs=1]
              RenderText {#text} at (2,2) size 137x17
                text run at (2,2) width 137: "table table table table"
            RenderTableCell {td} at (288,26) size 141x22 [border: (1px inset #808080)] [r=1 c=2 rs=1 cs=1]
              RenderText {#text} at (2,2) size 137x17
                text run at (2,2) width 137: "table table table table"
      RenderBlock {p} at (0,306) size 768x18
        RenderText {#text} at (0,0) size 273x17
          text run at (0,0) width 273: "White table with a white body background"
      RenderTable {table} at (0,340) size 433x52 [border: (1px outset #808080)]
        RenderTableSection (anonymous) at (1,1) size 431x50
          RenderTableRow {tr} at (0,2) size 431x22
            RenderTableCell {td} at (2,2) size 141x22 [border: (1px inset #808080)] [r=0 c=0 rs=1 cs=1]
              RenderText {#text} at (2,2) size 137x17
                text run at (2,2) width 137: "table table table table"
            RenderTableCell {td} at (145,2) size 141x22 [border: (1px inset #808080)] [r=0 c=1 rs=1 cs=1]
              RenderText {#text} at (2,2) size 137x17
                text run at (2,2) width 137: "table table table table"
            RenderTableCell {td} at (288,2) size 141x22 [border: (1px inset #808080)] [r=0 c=2 rs=1 cs=1]
              RenderText {#text} at (2,2) size 137x17
                text run at (2,2) width 137: "table table table table"
          RenderTableRow {tr} at (0,26) size 431x22
            RenderTableCell {td} at (2,26) size 141x22 [border: (1px inset #808080)] [r=1 c=0 rs=1 cs=1]
              RenderText {#text} at (2,2) size 137x17
                text run at (2,2) width 137: "table table table table"
            RenderTableCell {td} at (145,26) size 141x22 [border: (1px inset #808080)] [r=1 c=1 rs=1 cs=1]
              RenderText {#text} at (2,2) size 137x17
                text run at (2,2) width 137: "table table table table"
            RenderTableCell {td} at (288,26) size 141x22 [border: (1px inset #808080)] [r=1 c=2 rs=1 cs=1]
              RenderText {#text} at (2,2) size 137x17
                text run at (2,2) width 137: "table table table table"
      RenderBlock {p} at (0,408) size 768x18
        RenderText {#text} at (0,0) size 285x17
          text run at (0,0) width 285: "Maroon table with a white body background"
      RenderTable {table} at (0,442) size 433x52 [bgcolor=#800000] [border: (1px outset #808080)]
        RenderTableSection (anonymous) at (1,1) size 431x50
          RenderTableRow {tr} at (0,2) size 431x22
            RenderTableCell {td} at (2,2) size 141x22 [border: (1px inset #808080)] [r=0 c=0 rs=1 cs=1]
              RenderText {#text} at (2,2) size 137x17
                text run at (2,2) width 137: "table table table table"
            RenderTableCell {td} at (145,2) size 141x22 [border: (1px inset #808080)] [r=0 c=1 rs=1 cs=1]
              RenderText {#text} at (2,2) size 137x17
                text run at (2,2) width 137: "table table table table"
            RenderTableCell {td} at (288,2) size 141x22 [border: (1px inset #808080)] [r=0 c=2 rs=1 cs=1]
              RenderText {#text} at (2,2) size 137x17
                text run at (2,2) width 137: "table table table table"
          RenderTableRow {tr} at (0,26) size 431x22
            RenderTableCell {td} at (2,26) size 141x22 [border: (1px inset #808080)] [r=1 c=0 rs=1 cs=1]
              RenderText {#text} at (2,2) size 137x17
                text run at (2,2) width 137: "table table table table"
            RenderTableCell {td} at (145,26) size 141x22 [border: (1px inset #808080)] [r=1 c=1 rs=1 cs=1]
              RenderText {#text} at (2,2) size 137x17
                text run at (2,2) width 137: "table table table table"
            RenderTableCell {td} at (288,26) size 141x22 [border: (1px inset #808080)] [r=1 c=2 rs=1 cs=1]
              RenderText {#text} at (2,2) size 137x17
                text run at (2,2) width 137: "table table table table"
      RenderBlock {p} at (0,510) size 768x18
        RenderText {#text} at (0,0) size 260x17
          text run at (0,0) width 260: "Red table with a white body background"
      RenderTable {table} at (0,544) size 433x52 [bgcolor=#FF0000] [border: (1px outset #808080)]
        RenderTableSection (anonymous) at (1,1) size 431x50
          RenderTableRow {tr} at (0,2) size 431x22
            RenderTableCell {td} at (2,2) size 141x22 [border: (1px inset #808080)] [r=0 c=0 rs=1 cs=1]
              RenderText {#text} at (2,2) size 137x17
                text run at (2,2) width 137: "table table table table"
            RenderTableCell {td} at (145,2) size 141x22 [border: (1px inset #808080)] [r=0 c=1 rs=1 cs=1]
              RenderText {#text} at (2,2) size 137x17
                text run at (2,2) width 137: "table table table table"
            RenderTableCell {td} at (288,2) size 141x22 [border: (1px inset #808080)] [r=0 c=2 rs=1 cs=1]
              RenderText {#text} at (2,2) size 137x17
                text run at (2,2) width 137: "table table table table"
          RenderTableRow {tr} at (0,26) size 431x22
            RenderTableCell {td} at (2,26) size 141x22 [border: (1px inset #808080)] [r=1 c=0 rs=1 cs=1]
              RenderText {#text} at (2,2) size 137x17
                text run at (2,2) width 137: "table table table table"
            RenderTableCell {td} at (145,26) size 141x22 [border: (1px inset #808080)] [r=1 c=1 rs=1 cs=1]
              RenderText {#text} at (2,2) size 137x17
                text run at (2,2) width 137: "table table table table"
            RenderTableCell {td} at (288,26) size 141x22 [border: (1px inset #808080)] [r=1 c=2 rs=1 cs=1]
              RenderText {#text} at (2,2) size 137x17
                text run at (2,2) width 137: "table table table table"
      RenderBlock {p} at (0,612) size 768x18
        RenderText {#text} at (0,0) size 276x17
          text run at (0,0) width 276: "Purple table with a white body background"
      RenderTable {table} at (0,646) size 433x52 [bgcolor=#800080] [border: (1px outset #808080)]
        RenderTableSection (anonymous) at (1,1) size 431x50
          RenderTableRow {tr} at (0,2) size 431x22
            RenderTableCell {td} at (2,2) size 141x22 [border: (1px inset #808080)] [r=0 c=0 rs=1 cs=1]
              RenderText {#text} at (2,2) size 137x17
                text run at (2,2) width 137: "table table table table"
            RenderTableCell {td} at (145,2) size 141x22 [border: (1px inset #808080)] [r=0 c=1 rs=1 cs=1]
              RenderText {#text} at (2,2) size 137x17
                text run at (2,2) width 137: "table table table table"
            RenderTableCell {td} at (288,2) size 141x22 [border: (1px inset #808080)] [r=0 c=2 rs=1 cs=1]
              RenderText {#text} at (2,2) size 137x17
                text run at (2,2) width 137: "table table table table"
          RenderTableRow {tr} at (0,26) size 431x22
            RenderTableCell {td} at (2,26) size 141x22 [border: (1px inset #808080)] [r=1 c=0 rs=1 cs=1]
              RenderText {#text} at (2,2) size 137x17
                text run at (2,2) width 137: "table table table table"
            RenderTableCell {td} at (145,26) size 141x22 [border: (1px inset #808080)] [r=1 c=1 rs=1 cs=1]
              RenderText {#text} at (2,2) size 137x17
                text run at (2,2) width 137: "table table table table"
            RenderTableCell {td} at (288,26) size 141x22 [border: (1px inset #808080)] [r=1 c=2 rs=1 cs=1]
              RenderText {#text} at (2,2) size 137x17
                text run at (2,2) width 137: "table table table table"
      RenderBlock {p} at (0,714) size 768x18
        RenderText {#text} at (0,0) size 284x17
          text run at (0,0) width 284: "Fuchsia table with a white body background"
      RenderTable {table} at (0,748) size 433x52 [bgcolor=#FF00FF] [border: (1px outset #808080)]
        RenderTableSection (anonymous) at (1,1) size 431x50
          RenderTableRow {tr} at (0,2) size 431x22
            RenderTableCell {td} at (2,2) size 141x22 [border: (1px inset #808080)] [r=0 c=0 rs=1 cs=1]
              RenderText {#text} at (2,2) size 137x17
                text run at (2,2) width 137: "table table table table"
            RenderTableCell {td} at (145,2) size 141x22 [border: (1px inset #808080)] [r=0 c=1 rs=1 cs=1]
              RenderText {#text} at (2,2) size 137x17
                text run at (2,2) width 137: "table table table table"
            RenderTableCell {td} at (288,2) size 141x22 [border: (1px inset #808080)] [r=0 c=2 rs=1 cs=1]
              RenderText {#text} at (2,2) size 137x17
                text run at (2,2) width 137: "table table table table"
          RenderTableRow {tr} at (0,26) size 431x22
            RenderTableCell {td} at (2,26) size 141x22 [border: (1px inset #808080)] [r=1 c=0 rs=1 cs=1]
              RenderText {#text} at (2,2) size 137x17
                text run at (2,2) width 137: "table table table table"
            RenderTableCell {td} at (145,26) size 141x22 [border: (1px inset #808080)] [r=1 c=1 rs=1 cs=1]
              RenderText {#text} at (2,2) size 137x17
                text run at (2,2) width 137: "table table table table"
            RenderTableCell {td} at (288,26) size 141x22 [border: (1px inset #808080)] [r=1 c=2 rs=1 cs=1]
              RenderText {#text} at (2,2) size 137x17
                text run at (2,2) width 137: "table table table table"
      RenderBlock {p} at (0,816) size 768x18
        RenderText {#text} at (0,0) size 273x17
          text run at (0,0) width 273: "Green table with a white body background"
      RenderTable {table} at (0,850) size 433x52 [bgcolor=#008000] [border: (1px outset #808080)]
        RenderTableSection (anonymous) at (1,1) size 431x50
          RenderTableRow {tr} at (0,2) size 431x22
            RenderTableCell {td} at (2,2) size 141x22 [border: (1px inset #808080)] [r=0 c=0 rs=1 cs=1]
              RenderText {#text} at (2,2) size 137x17
                text run at (2,2) width 137: "table table table table"
            RenderTableCell {td} at (145,2) size 141x22 [border: (1px inset #808080)] [r=0 c=1 rs=1 cs=1]
              RenderText {#text} at (2,2) size 137x17
                text run at (2,2) width 137: "table table table table"
            RenderTableCell {td} at (288,2) size 141x22 [border: (1px inset #808080)] [r=0 c=2 rs=1 cs=1]
              RenderText {#text} at (2,2) size 137x17
                text run at (2,2) width 137: "table table table table"
          RenderTableRow {tr} at (0,26) size 431x22
            RenderTableCell {td} at (2,26) size 141x22 [border: (1px inset #808080)] [r=1 c=0 rs=1 cs=1]
              RenderText {#text} at (2,2) size 137x17
                text run at (2,2) width 137: "table table table table"
            RenderTableCell {td} at (145,26) size 141x22 [border: (1px inset #808080)] [r=1 c=1 rs=1 cs=1]
              RenderText {#text} at (2,2) size 137x17
                text run at (2,2) width 137: "table table table table"
            RenderTableCell {td} at (288,26) size 141x22 [border: (1px inset #808080)] [r=1 c=2 rs=1 cs=1]
              RenderText {#text} at (2,2) size 137x17
                text run at (2,2) width 137: "table table table table"
      RenderBlock {p} at (0,918) size 768x18
        RenderText {#text} at (0,0) size 268x17
          text run at (0,0) width 268: "Lime table with a white body background"
      RenderTable {table} at (0,952) size 433x52 [bgcolor=#00FF00] [border: (1px outset #808080)]
        RenderTableSection (anonymous) at (1,1) size 431x50
          RenderTableRow {tr} at (0,2) size 431x22
            RenderTableCell {td} at (2,2) size 141x22 [border: (1px inset #808080)] [r=0 c=0 rs=1 cs=1]
              RenderText {#text} at (2,2) size 137x17
                text run at (2,2) width 137: "table table table table"
            RenderTableCell {td} at (145,2) size 141x22 [border: (1px inset #808080)] [r=0 c=1 rs=1 cs=1]
              RenderText {#text} at (2,2) size 137x17
                text run at (2,2) width 137: "table table table table"
            RenderTableCell {td} at (288,2) size 141x22 [border: (1px inset #808080)] [r=0 c=2 rs=1 cs=1]
              RenderText {#text} at (2,2) size 137x17
                text run at (2,2) width 137: "table table table table"
          RenderTableRow {tr} at (0,26) size 431x22
            RenderTableCell {td} at (2,26) size 141x22 [border: (1px inset #808080)] [r=1 c=0 rs=1 cs=1]
              RenderText {#text} at (2,2) size 137x17
                text run at (2,2) width 137: "table table table table"
            RenderTableCell {td} at (145,26) size 141x22 [border: (1px inset #808080)] [r=1 c=1 rs=1 cs=1]
              RenderText {#text} at (2,2) size 137x17
                text run at (2,2) width 137: "table table table table"
            RenderTableCell {td} at (288,26) size 141x22 [border: (1px inset #808080)] [r=1 c=2 rs=1 cs=1]
              RenderText {#text} at (2,2) size 137x17
                text run at (2,2) width 137: "table table table table"
      RenderBlock {p} at (0,1020) size 768x18
        RenderText {#text} at (0,0) size 270x17
          text run at (0,0) width 270: "Olive table with a white body background"
      RenderTable {table} at (0,1054) size 433x52 [bgcolor=#808000] [border: (1px outset #808080)]
        RenderTableSection (anonymous) at (1,1) size 431x50
          RenderTableRow {tr} at (0,2) size 431x22
            RenderTableCell {td} at (2,2) size 141x22 [border: (1px inset #808080)] [r=0 c=0 rs=1 cs=1]
              RenderText {#text} at (2,2) size 137x17
                text run at (2,2) width 137: "table table table table"
            RenderTableCell {td} at (145,2) size 141x22 [border: (1px inset #808080)] [r=0 c=1 rs=1 cs=1]
              RenderText {#text} at (2,2) size 137x17
                text run at (2,2) width 137: "table table table table"
            RenderTableCell {td} at (288,2) size 141x22 [border: (1px inset #808080)] [r=0 c=2 rs=1 cs=1]
              RenderText {#text} at (2,2) size 137x17
                text run at (2,2) width 137: "table table table table"
          RenderTableRow {tr} at (0,26) size 431x22
            RenderTableCell {td} at (2,26) size 141x22 [border: (1px inset #808080)] [r=1 c=0 rs=1 cs=1]
              RenderText {#text} at (2,2) size 137x17
                text run at (2,2) width 137: "table table table table"
            RenderTableCell {td} at (145,26) size 141x22 [border: (1px inset #808080)] [r=1 c=1 rs=1 cs=1]
              RenderText {#text} at (2,2) size 137x17
                text run at (2,2) width 137: "table table table table"
            RenderTableCell {td} at (288,26) size 141x22 [border: (1px inset #808080)] [r=1 c=2 rs=1 cs=1]
              RenderText {#text} at (2,2) size 137x17
                text run at (2,2) width 137: "table table table table"
      RenderBlock {p} at (0,1122) size 768x18
        RenderText {#text} at (0,0) size 281x17
          text run at (0,0) width 281: "Yellow table with a white body background"
      RenderTable {table} at (0,1156) size 433x52 [bgcolor=#FFFF00] [border: (1px outset #808080)]
        RenderTableSection (anonymous) at (1,1) size 431x50
          RenderTableRow {tr} at (0,2) size 431x22
            RenderTableCell {td} at (2,2) size 141x22 [border: (1px inset #808080)] [r=0 c=0 rs=1 cs=1]
              RenderText {#text} at (2,2) size 137x17
                text run at (2,2) width 137: "table table table table"
            RenderTableCell {td} at (145,2) size 141x22 [border: (1px inset #808080)] [r=0 c=1 rs=1 cs=1]
              RenderText {#text} at (2,2) size 137x17
                text run at (2,2) width 137: "table table table table"
            RenderTableCell {td} at (288,2) size 141x22 [border: (1px inset #808080)] [r=0 c=2 rs=1 cs=1]
              RenderText {#text} at (2,2) size 137x17
                text run at (2,2) width 137: "table table table table"
          RenderTableRow {tr} at (0,26) size 431x22
            RenderTableCell {td} at (2,26) size 141x22 [border: (1px inset #808080)] [r=1 c=0 rs=1 cs=1]
              RenderText {#text} at (2,2) size 137x17
                text run at (2,2) width 137: "table table table table"
            RenderTableCell {td} at (145,26) size 141x22 [border: (1px inset #808080)] [r=1 c=1 rs=1 cs=1]
              RenderText {#text} at (2,2) size 137x17
                text run at (2,2) width 137: "table table table table"
            RenderTableCell {td} at (288,26) size 141x22 [border: (1px inset #808080)] [r=1 c=2 rs=1 cs=1]
              RenderText {#text} at (2,2) size 137x17
                text run at (2,2) width 137: "table table table table"
      RenderBlock {p} at (0,1224) size 768x18
        RenderText {#text} at (0,0) size 269x17
          text run at (0,0) width 269: "Navy table with a white body background"
      RenderTable {table} at (0,1258) size 433x52 [bgcolor=#000080] [border: (1px outset #808080)]
        RenderTableSection (anonymous) at (1,1) size 431x50
          RenderTableRow {tr} at (0,2) size 431x22
            RenderTableCell {td} at (2,2) size 141x22 [border: (1px inset #808080)] [r=0 c=0 rs=1 cs=1]
              RenderText {#text} at (2,2) size 137x17
                text run at (2,2) width 137: "table table table table"
            RenderTableCell {td} at (145,2) size 141x22 [border: (1px inset #808080)] [r=0 c=1 rs=1 cs=1]
              RenderText {#text} at (2,2) size 137x17
                text run at (2,2) width 137: "table table table table"
            RenderTableCell {td} at (288,2) size 141x22 [border: (1px inset #808080)] [r=0 c=2 rs=1 cs=1]
              RenderText {#text} at (2,2) size 137x17
                text run at (2,2) width 137: "table table table table"
          RenderTableRow {tr} at (0,26) size 431x22
            RenderTableCell {td} at (2,26) size 141x22 [border: (1px inset #808080)] [r=1 c=0 rs=1 cs=1]
              RenderText {#text} at (2,2) size 137x17
                text run at (2,2) width 137: "table table table table"
            RenderTableCell {td} at (145,26) size 141x22 [border: (1px inset #808080)] [r=1 c=1 rs=1 cs=1]
              RenderText {#text} at (2,2) size 137x17
                text run at (2,2) width 137: "table table table table"
            RenderTableCell {td} at (288,26) size 141x22 [border: (1px inset #808080)] [r=1 c=2 rs=1 cs=1]
              RenderText {#text} at (2,2) size 137x17
                text run at (2,2) width 137: "table table table table"
      RenderBlock {p} at (0,1326) size 768x18
        RenderText {#text} at (0,0) size 264x17
          text run at (0,0) width 264: "Blue table with a white body background"
      RenderTable {table} at (0,1360) size 433x52 [bgcolor=#0000FF] [border: (1px outset #808080)]
        RenderTableSection (anonymous) at (1,1) size 431x50
          RenderTableRow {tr} at (0,2) size 431x22
            RenderTableCell {td} at (2,2) size 141x22 [border: (1px inset #808080)] [r=0 c=0 rs=1 cs=1]
              RenderText {#text} at (2,2) size 137x17
                text run at (2,2) width 137: "table table table table"
            RenderTableCell {td} at (145,2) size 141x22 [border: (1px inset #808080)] [r=0 c=1 rs=1 cs=1]
              RenderText {#text} at (2,2) size 137x17
                text run at (2,2) width 137: "table table table table"
            RenderTableCell {td} at (288,2) size 141x22 [border: (1px inset #808080)] [r=0 c=2 rs=1 cs=1]
              RenderText {#text} at (2,2) size 137x17
                text run at (2,2) width 137: "table table table table"
          RenderTableRow {tr} at (0,26) size 431x22
            RenderTableCell {td} at (2,26) size 141x22 [border: (1px inset #808080)] [r=1 c=0 rs=1 cs=1]
              RenderText {#text} at (2,2) size 137x17
                text run at (2,2) width 137: "table table table table"
            RenderTableCell {td} at (145,26) size 141x22 [border: (1px inset #808080)] [r=1 c=1 rs=1 cs=1]
              RenderText {#text} at (2,2) size 137x17
                text run at (2,2) width 137: "table table table table"
            RenderTableCell {td} at (288,26) size 141x22 [border: (1px inset #808080)] [r=1 c=2 rs=1 cs=1]
              RenderText {#text} at (2,2) size 137x17
                text run at (2,2) width 137: "table table table table"
      RenderBlock {p} at (0,1428) size 768x18
        RenderText {#text} at (0,0) size 263x17
          text run at (0,0) width 263: "Teal table with a white body background"
      RenderTable {table} at (0,1462) size 433x52 [bgcolor=#008080] [border: (1px outset #808080)]
        RenderTableSection (anonymous) at (1,1) size 431x50
          RenderTableRow {tr} at (0,2) size 431x22
            RenderTableCell {td} at (2,2) size 141x22 [border: (1px inset #808080)] [r=0 c=0 rs=1 cs=1]
              RenderText {#text} at (2,2) size 137x17
                text run at (2,2) width 137: "table table table table"
            RenderTableCell {td} at (145,2) size 141x22 [border: (1px inset #808080)] [r=0 c=1 rs=1 cs=1]
              RenderText {#text} at (2,2) size 137x17
                text run at (2,2) width 137: "table table table table"
            RenderTableCell {td} at (288,2) size 141x22 [border: (1px inset #808080)] [r=0 c=2 rs=1 cs=1]
              RenderText {#text} at (2,2) size 137x17
                text run at (2,2) width 137: "table table table table"
          RenderTableRow {tr} at (0,26) size 431x22
            RenderTableCell {td} at (2,26) size 141x22 [border: (1px inset #808080)] [r=1 c=0 rs=1 cs=1]
              RenderText {#text} at (2,2) size 137x17
                text run at (2,2) width 137: "table table table table"
            RenderTableCell {td} at (145,26) size 141x22 [border: (1px inset #808080)] [r=1 c=1 rs=1 cs=1]
              RenderText {#text} at (2,2) size 137x17
                text run at (2,2) width 137: "table table table table"
            RenderTableCell {td} at (288,26) size 141x22 [border: (1px inset #808080)] [r=1 c=2 rs=1 cs=1]
              RenderText {#text} at (2,2) size 137x17
                text run at (2,2) width 137: "table table table table"
      RenderBlock {p} at (0,1530) size 768x18
        RenderText {#text} at (0,0) size 269x17
          text run at (0,0) width 269: "Aqua table with a white body background"
      RenderTable {table} at (0,1564) size 433x52 [bgcolor=#00FFFF] [border: (1px outset #808080)]
        RenderTableSection (anonymous) at (1,1) size 431x50
          RenderTableRow {tr} at (0,2) size 431x22
            RenderTableCell {td} at (2,2) size 141x22 [border: (1px inset #808080)] [r=0 c=0 rs=1 cs=1]
              RenderText {#text} at (2,2) size 137x17
                text run at (2,2) width 137: "table table table table"
            RenderTableCell {td} at (145,2) size 141x22 [border: (1px inset #808080)] [r=0 c=1 rs=1 cs=1]
              RenderText {#text} at (2,2) size 137x17
                text run at (2,2) width 137: "table table table table"
            RenderTableCell {td} at (288,2) size 141x22 [border: (1px inset #808080)] [r=0 c=2 rs=1 cs=1]
              RenderText {#text} at (2,2) size 137x17
                text run at (2,2) width 137: "table table table table"
          RenderTableRow {tr} at (0,26) size 431x22
            RenderTableCell {td} at (2,26) size 141x22 [border: (1px inset #808080)] [r=1 c=0 rs=1 cs=1]
              RenderText {#text} at (2,2) size 137x17
                text run at (2,2) width 137: "table table table table"
            RenderTableCell {td} at (145,26) size 141x22 [border: (1px inset #808080)] [r=1 c=1 rs=1 cs=1]
              RenderText {#text} at (2,2) size 137x17
                text run at (2,2) width 137: "table table table table"
            RenderTableCell {td} at (288,26) size 141x22 [border: (1px inset #808080)] [r=1 c=2 rs=1 cs=1]
              RenderText {#text} at (2,2) size 137x17
                text run at (2,2) width 137: "table table table table"
