layer at (0,0) size 800x600
  RenderView at (0,0) size 800x600
layer at (0,0) size 800x271
  RenderBlock {html} at (0,0) size 800x271
    RenderBody {body} at (8,16) size 784x247
      RenderBlock {p} at (0,0) size 784x18
        RenderText {#text} at (0,0) size 161x19
          text run at (0,0) width 161: "TD VALIGN=MIDDLE"
      RenderTable {table} at (0,34) size 616x213 [border: (1px outset #808080)]
        RenderTableSection (anonymous) at (1,1) size 614x211
          RenderTableRow {tr} at (0,2) size 614x207
            RenderTableCell {td} at (2,2) size 204x207 [border: (1px inset #808080)] [r=0 c=0 rs=1 cs=1]
              RenderImage {img} at (2,2) size 200x200
            RenderTableCell {td} at (208,94) size 404x22 [border: (1px inset #808080)] [r=0 c=1 rs=1 cs=1]
              RenderText {#text} at (2,2) size 400x19
                text run at (2,2) width 275: "This text should be vertically aligned to the "
                text run at (277,2) width 125: "middle of the image"
