layer at (0,0) size 800x600
  RenderView at (0,0) size 800x600
layer at (0,0) size 800x323
  RenderBlock {html} at (0,0) size 800x323
    RenderBody {body} at (8,16) size 784x299
      RenderBlock {p} at (0,0) size 784x18
        RenderText {#text} at (0,0) size 160x19
          text run at (0,0) width 160: "TFOOT VALIGN=TOP"
      RenderTable {table} at (0,34) size 657x265 [border: (1px outset #808080)]
        RenderTableSection {thead} at (1,1) size 655x26
          RenderTableRow {tr} at (0,2) size 655x22
            RenderTableCell {td} at (2,2) size 204x22 [border: (1px inset #808080)] [r=0 c=0 rs=1 cs=1]
              RenderText {#text} at (2,2) size 56x19
                text run at (2,2) width 56: "THEAD"
            RenderTableCell {td} at (208,2) size 445x22 [border: (1px inset #808080)] [r=0 c=1 rs=1 cs=1]
              RenderText {#text} at (2,2) size 56x19
                text run at (2,2) width 56: "THEAD"
        RenderTableSection {tfoot} at (1,53) size 655x211
          RenderTableRow {tr} at (0,2) size 655x207
            RenderTableCell {td} at (2,2) size 204x207 [border: (1px inset #808080)] [r=0 c=0 rs=1 cs=1]
              RenderImage {img} at (2,2) size 200x200
            RenderTableCell {td} at (208,2) size 445x22 [border: (1px inset #808080)] [r=0 c=1 rs=1 cs=1]
              RenderText {#text} at (2,2) size 441x19
                text run at (2,2) width 380: "The top of this text should be vertically aligned to the top of "
                text run at (382,2) width 61: "the image"
        RenderTableSection {tbody} at (1,27) size 655x26
          RenderTableRow {tr} at (0,2) size 655x22
            RenderTableCell {td} at (2,2) size 204x22 [border: (1px inset #808080)] [r=0 c=0 rs=1 cs=1]
              RenderText {#text} at (2,2) size 57x19
                text run at (2,2) width 57: "TBODY"
            RenderTableCell {td} at (208,2) size 445x22 [border: (1px inset #808080)] [r=0 c=1 rs=1 cs=1]
              RenderText {#text} at (2,2) size 57x19
                text run at (2,2) width 57: "TBODY"
