layer at (0,0) size 800x600
  RenderView at (0,0) size 800x600
layer at (0,0) size 800x210
  RenderBlock {html} at (0,0) size 800x210
    RenderBody {body} at (8,16) size 784x186
      RenderBlock {p} at (0,0) size 784x18
        RenderText {#text} at (0,0) size 400x17
          text run at (0,0) width 400: "The numbers in the TFOOT should align at the decimal points"
      RenderTable {table} at (0,34) size 362x152 [border: (1px outset #808080)]
        RenderTableSection {thead} at (1,1) size 360x50
          RenderTableRow {tr} at (0,2) size 360x22
            RenderTableCell {td} at (2,2) size 112x22 [border: (1px inset #808080)] [r=0 c=0 rs=1 cs=1]
              RenderText {#text} at (2,2) size 55x17
                text run at (2,2) width 55: "THEAD"
            RenderTableCell {td} at (116,2) size 120x22 [border: (1px inset #808080)] [r=0 c=1 rs=1 cs=1]
              RenderText {#text} at (2,2) size 55x17
                text run at (2,2) width 55: "THEAD"
            RenderTableCell {td} at (238,2) size 120x22 [border: (1px inset #808080)] [r=0 c=2 rs=1 cs=1]
              RenderText {#text} at (2,2) size 55x17
                text run at (2,2) width 55: "THEAD"
          RenderTableRow {tr} at (0,26) size 360x22
            RenderTableCell {td} at (2,26) size 112x22 [border: (1px inset #808080)] [r=1 c=0 rs=1 cs=1]
              RenderText {#text} at (2,2) size 55x17
                text run at (2,2) width 55: "THEAD"
            RenderTableCell {td} at (116,26) size 120x22 [border: (1px inset #808080)] [r=1 c=1 rs=1 cs=1]
              RenderText {#text} at (2,2) size 55x17
                text run at (2,2) width 55: "THEAD"
            RenderTableCell {td} at (238,26) size 120x22 [border: (1px inset #808080)] [r=1 c=2 rs=1 cs=1]
              RenderText {#text} at (2,2) size 55x17
                text run at (2,2) width 55: "THEAD"
        RenderTableSection {tfoot} at (1,101) size 360x50
          RenderTableRow {tr} at (0,2) size 360x22
            RenderTableCell {td} at (2,2) size 112x22 [border: (1px inset #808080)] [r=0 c=0 rs=1 cs=1]
              RenderText {#text} at (2,2) size 92x17
                text run at (2,2) width 92: "TFOOT 55.00"
            RenderTableCell {td} at (116,2) size 120x22 [border: (1px inset #808080)] [r=0 c=1 rs=1 cs=1]
              RenderText {#text} at (2,2) size 116x17
                text run at (2,2) width 116: "TFOOT 55555.00"
            RenderTableCell {td} at (238,2) size 120x22 [border: (1px inset #808080)] [r=0 c=2 rs=1 cs=1]
              RenderText {#text} at (2,2) size 100x17
                text run at (2,2) width 100: "TFOOT 555.00"
          RenderTableRow {tr} at (0,26) size 360x22
            RenderTableCell {td} at (2,26) size 112x22 [border: (1px inset #808080)] [r=1 c=0 rs=1 cs=1]
              RenderText {#text} at (2,2) size 108x17
                text run at (2,2) width 108: "TFOOT 1234.56"
            RenderTableCell {td} at (116,26) size 120x22 [border: (1px inset #808080)] [r=1 c=1 rs=1 cs=1]
              RenderText {#text} at (2,2) size 100x17
                text run at (2,2) width 100: "TFOOT 123.45"
            RenderTableCell {td} at (238,26) size 120x22 [border: (1px inset #808080)] [r=1 c=2 rs=1 cs=1]
              RenderText {#text} at (2,2) size 116x17
                text run at (2,2) width 116: "TFOOT 12345.67"
        RenderTableSection {tbody} at (1,51) size 360x50
          RenderTableRow {tr} at (0,2) size 360x22
            RenderTableCell {td} at (2,2) size 112x22 [border: (1px inset #808080)] [r=0 c=0 rs=1 cs=1]
              RenderText {#text} at (2,2) size 56x17
                text run at (2,2) width 56: "TBODY"
            RenderTableCell {td} at (116,2) size 120x22 [border: (1px inset #808080)] [r=0 c=1 rs=1 cs=1]
              RenderText {#text} at (2,2) size 56x17
                text run at (2,2) width 56: "TBODY"
            RenderTableCell {td} at (238,2) size 120x22 [border: (1px inset #808080)] [r=0 c=2 rs=1 cs=1]
              RenderText {#text} at (2,2) size 56x17
                text run at (2,2) width 56: "TBODY"
          RenderTableRow {tr} at (0,26) size 360x22
            RenderTableCell {td} at (2,26) size 112x22 [border: (1px inset #808080)] [r=1 c=0 rs=1 cs=1]
              RenderText {#text} at (2,2) size 56x17
                text run at (2,2) width 56: "TBODY"
            RenderTableCell {td} at (116,26) size 120x22 [border: (1px inset #808080)] [r=1 c=1 rs=1 cs=1]
              RenderText {#text} at (2,2) size 56x17
                text run at (2,2) width 56: "TBODY"
            RenderTableCell {td} at (238,26) size 120x22 [border: (1px inset #808080)] [r=1 c=2 rs=1 cs=1]
              RenderText {#text} at (2,2) size 56x17
                text run at (2,2) width 56: "TBODY"
