layer at (0,0) size 800x600
  RenderView at (0,0) size 800x600
layer at (0,0) size 800x218
  RenderBlock {html} at (0,0) size 800x218
    RenderBody {body} at (8,16) size 784x194
      RenderBlock {p} at (0,0) size 784x19
        RenderText {#text} at (0,0) size 298x19
          text run at (0,0) width 298: "In this test, the TFOOT text should be justified."
      RenderTable {table} at (0,35) size 300x159 [border: (1px outset #808080)]
        RenderTableSection {thead} at (1,1) size 298x27
          RenderTableRow {tr} at (0,2) size 298x23
            RenderTableCell {td} at (2,2) size 294x23 [border: (1px inset #808080)] [r=0 c=0 rs=1 cs=1]
              RenderText {#text} at (2,2) size 168x19
                text run at (2,2) width 168: "This text is in the THEAD"
        RenderTableSection {tfoot} at (1,55) size 298x103
          RenderTableRow {tr} at (0,2) size 298x99
            RenderTableCell {td} at (2,2) size 294x99 [border: (1px inset #808080)] [r=0 c=0 rs=1 cs=1]
              RenderText {#text} at (2,2) size 290x95
                text run at (2,2) width 290: "This TFOOT text should be justified which"
                text run at (2,21) width 136: "means that the right "
                text run at (138,21) width 154: "and left margins should"
                text run at (2,40) width 290: "line up, no matter how long the content"
                text run at (2,59) width 290: "becomes (except the last line which should be"
                text run at (2,78) width 75: "left aligned)"
        RenderTableSection {tbody} at (1,28) size 298x27
          RenderTableRow {tr} at (0,2) size 298x23
            RenderTableCell {td} at (2,2) size 294x23 [border: (1px inset #808080)] [r=0 c=0 rs=1 cs=1]
              RenderText {#text} at (2,2) size 169x19
                text run at (2,2) width 169: "This text is in the TBODY"
