layer at (0,0) size 800x600
  RenderView at (0,0) size 800x600
layer at (0,0) size 800x303
  RenderBlock {html} at (0,0) size 800x303
    RenderBody {body} at (8,16) size 784x279
      RenderBlock {p} at (0,0) size 784x18
        RenderText {#text} at (0,0) size 173x17
          text run at (0,0) width 173: "TH VALIGN=BASELINE"
      RenderTable {table} at (0,34) size 784x245 [border: (1px outset #808080)]
        RenderTableSection (anonymous) at (1,1) size 782x243
          RenderTableRow {tr} at (0,2) size 782x239
            RenderTableCell {th} at (2,25) size 217x94 [border: (1px inset #808080)] [r=0 c=0 rs=1 cs=1]
              RenderText {#text} at (12,2) size 213x89
                text run at (12,2) width 193: "Compare the baseline of the"
                text run at (2,20) width 80: "first line of "
                text run at (81,20) width 134: "text in this cell with"
                text run at (7,38) width 203: "the baseline of the first line of"
                text run at (24,56) width 48: "text in "
                text run at (71,56) width 122: "the next cell: they"
                text run at (14,74) width 189: "should be vertically aligned"
            RenderTableCell {th} at (221,2) size 559x239 [border: (1px inset #808080)] [r=0 c=1 rs=1 cs=1]
              RenderText {#text} at (40,3) size 531x233
                text run at (40,3) width 382: "Compare the baseline "
                text run at (421,3) width 98: "of the"
                text run at (14,50) width 531: "first line of text in this cell with"
                text run at (27,97) width 319: "the baseline of the "
                text run at (345,97) width 187: "first line of"
                text run at (33,144) width 493: "text in the previous cell: they"
                text run at (45,191) width 344: "should be vertically "
                text run at (388,191) width 126: "aligned"
