layer at (0,0) size 800x600
  RenderView at (0,0) size 800x600
layer at (0,0) size 800x347
  RenderBlock {HTML} at (0,0) size 800x347
    RenderBody {BODY} at (8,8) size 784x331
      RenderText {#text} at (0,0) size 781x19
        text run at (0,0) width 781: "The outlines should be a consistent color all the way around the outline. There should be no dark pixels or blocks at corners."
      RenderBR {BR} at (781,0) size 0x19
      RenderBR {BR} at (0,19) size 0x19
      RenderBlock {DIV} at (20,40) size 20x4
      RenderText {#text} at (60,39) size 4x19
        text run at (60,39) width 4: " "
      RenderBlock {DIV} at (84,40) size 20x4
      RenderText {#text} at (124,39) size 4x19
        text run at (124,39) width 4: " "
      RenderBlock {DIV} at (148,40) size 20x4
      RenderText {#text} at (188,39) size 4x19
        text run at (188,39) width 4: " "
      RenderBlock {DIV} at (212,40) size 20x4
      RenderText {#text} at (252,39) size 4x19
        text run at (252,39) width 4: " "
      RenderBlock {DIV} at (276,40) size 20x4
      RenderText {#text} at (316,39) size 4x19
        text run at (316,39) width 4: " "
      RenderBlock {DIV} at (340,40) size 20x4
      RenderText {#text} at (380,39) size 4x19
        text run at (380,39) width 4: " "
      RenderBlock {DIV} at (404,40) size 20x4
      RenderText {#text} at (444,39) size 4x19
        text run at (444,39) width 4: " "
      RenderBlock {DIV} at (468,40) size 20x4
      RenderText {#text} at (508,39) size 34x19
        text run at (508,39) width 34: " solid"
      RenderBR {BR} at (542,39) size 0x19
      RenderBR {BR} at (0,58) size 0x19
      RenderBlock {DIV} at (20,79) size 20x4
      RenderText {#text} at (60,78) size 4x19
        text run at (60,78) width 4: " "
      RenderBlock {DIV} at (84,79) size 20x4
      RenderText {#text} at (124,78) size 4x19
        text run at (124,78) width 4: " "
      RenderBlock {DIV} at (148,79) size 20x4
      RenderText {#text} at (188,78) size 4x19
        text run at (188,78) width 4: " "
      RenderBlock {DIV} at (212,79) size 20x4
      RenderText {#text} at (252,78) size 4x19
        text run at (252,78) width 4: " "
      RenderBlock {DIV} at (276,79) size 20x4
      RenderText {#text} at (316,78) size 4x19
        text run at (316,78) width 4: " "
      RenderBlock {DIV} at (340,79) size 20x4
      RenderText {#text} at (380,78) size 4x19
        text run at (380,78) width 4: " "
      RenderBlock {DIV} at (404,79) size 20x4
      RenderText {#text} at (444,78) size 4x19
        text run at (444,78) width 4: " "
      RenderBlock {DIV} at (468,79) size 20x4
      RenderText {#text} at (508,78) size 47x19
        text run at (508,78) width 47: " double"
      RenderBR {BR} at (555,78) size 0x19
      RenderBR {BR} at (0,97) size 0x19
      RenderBlock {DIV} at (20,118) size 20x4
      RenderText {#text} at (60,117) size 4x19
        text run at (60,117) width 4: " "
      RenderBlock {DIV} at (84,118) size 20x4
      RenderText {#text} at (124,117) size 4x19
        text run at (124,117) width 4: " "
      RenderBlock {DIV} at (148,118) size 20x4
      RenderText {#text} at (188,117) size 4x19
        text run at (188,117) width 4: " "
      RenderBlock {DIV} at (212,118) size 20x4
      RenderText {#text} at (252,117) size 4x19
        text run at (252,117) width 4: " "
      RenderBlock {DIV} at (276,118) size 20x4
      RenderText {#text} at (316,117) size 4x19
        text run at (316,117) width 4: " "
      RenderBlock {DIV} at (340,118) size 20x4
      RenderText {#text} at (380,117) size 4x19
        text run at (380,117) width 4: " "
      RenderBlock {DIV} at (404,118) size 20x4
      RenderText {#text} at (444,117) size 4x19
        text run at (444,117) width 4: " "
      RenderBlock {DIV} at (468,118) size 20x4
      RenderText {#text} at (508,117) size 43x19
        text run at (508,117) width 43: " dotted"
      RenderBR {BR} at (551,117) size 0x19
      RenderBR {BR} at (0,136) size 0x19
      RenderBlock {DIV} at (20,157) size 20x4
      RenderText {#text} at (60,156) size 4x19
        text run at (60,156) width 4: " "
      RenderBlock {DIV} at (84,157) size 20x4
      RenderText {#text} at (124,156) size 4x19
        text run at (124,156) width 4: " "
      RenderBlock {DIV} at (148,157) size 20x4
      RenderText {#text} at (188,156) size 4x19
        text run at (188,156) width 4: " "
      RenderBlock {DIV} at (212,157) size 20x4
      RenderText {#text} at (252,156) size 4x19
        text run at (252,156) width 4: " "
      RenderBlock {DIV} at (276,157) size 20x4
      RenderText {#text} at (316,156) size 4x19
        text run at (316,156) width 4: " "
      RenderBlock {DIV} at (340,157) size 20x4
      RenderText {#text} at (380,156) size 4x19
        text run at (380,156) width 4: " "
      RenderBlock {DIV} at (404,157) size 20x4
      RenderText {#text} at (444,156) size 4x19
        text run at (444,156) width 4: " "
      RenderBlock {DIV} at (468,157) size 20x4
      RenderText {#text} at (508,156) size 48x19
        text run at (508,156) width 48: " dashed"
      RenderBR {BR} at (556,156) size 0x19
      RenderBR {BR} at (0,175) size 0x19
      RenderBlock {DIV} at (20,196) size 20x4
      RenderText {#text} at (60,195) size 4x19
        text run at (60,195) width 4: " "
      RenderBlock {DIV} at (84,196) size 20x4
      RenderText {#text} at (124,195) size 4x19
        text run at (124,195) width 4: " "
      RenderBlock {DIV} at (148,196) size 20x4
      RenderText {#text} at (188,195) size 4x19
        text run at (188,195) width 4: " "
      RenderBlock {DIV} at (212,196) size 20x4
      RenderText {#text} at (252,195) size 4x19
        text run at (252,195) width 4: " "
      RenderBlock {DIV} at (276,196) size 20x4
      RenderText {#text} at (316,195) size 4x19
        text run at (316,195) width 4: " "
      RenderBlock {DIV} at (340,196) size 20x4
      RenderText {#text} at (380,195) size 4x19
        text run at (380,195) width 4: " "
      RenderBlock {DIV} at (404,196) size 20x4
      RenderText {#text} at (444,195) size 4x19
        text run at (444,195) width 4: " "
      RenderBlock {DIV} at (468,196) size 20x4
      RenderText {#text} at (508,195) size 36x19
        text run at (508,195) width 36: " ridge"
      RenderBR {BR} at (544,195) size 0x19
      RenderBR {BR} at (0,214) size 0x19
      RenderBlock {DIV} at (20,235) size 20x4
      RenderText {#text} at (60,234) size 4x19
        text run at (60,234) width 4: " "
      RenderBlock {DIV} at (84,235) size 20x4
      RenderText {#text} at (124,234) size 4x19
        text run at (124,234) width 4: " "
      RenderBlock {DIV} at (148,235) size 20x4
      RenderText {#text} at (188,234) size 4x19
        text run at (188,234) width 4: " "
      RenderBlock {DIV} at (212,235) size 20x4
      RenderText {#text} at (252,234) size 4x19
        text run at (252,234) width 4: " "
      RenderBlock {DIV} at (276,235) size 20x4
      RenderText {#text} at (316,234) size 4x19
        text run at (316,234) width 4: " "
      RenderBlock {DIV} at (340,235) size 20x4
      RenderText {#text} at (380,234) size 4x19
        text run at (380,234) width 4: " "
      RenderBlock {DIV} at (404,235) size 20x4
      RenderText {#text} at (444,234) size 4x19
        text run at (444,234) width 4: " "
      RenderBlock {DIV} at (468,235) size 20x4
      RenderText {#text} at (508,234) size 48x19
        text run at (508,234) width 48: " groove"
      RenderBR {BR} at (556,234) size 0x19
      RenderBR {BR} at (0,253) size 0x19
      RenderBlock {DIV} at (20,274) size 20x4
      RenderText {#text} at (60,273) size 4x19
        text run at (60,273) width 4: " "
      RenderBlock {DIV} at (84,274) size 20x4
      RenderText {#text} at (124,273) size 4x19
        text run at (124,273) width 4: " "
      RenderBlock {DIV} at (148,274) size 20x4
      RenderText {#text} at (188,273) size 4x19
        text run at (188,273) width 4: " "
      RenderBlock {DIV} at (212,274) size 20x4
      RenderText {#text} at (252,273) size 4x19
        text run at (252,273) width 4: " "
      RenderBlock {DIV} at (276,274) size 20x4
      RenderText {#text} at (316,273) size 4x19
        text run at (316,273) width 4: " "
      RenderBlock {DIV} at (340,274) size 20x4
      RenderText {#text} at (380,273) size 4x19
        text run at (380,273) width 4: " "
      RenderBlock {DIV} at (404,274) size 20x4
      RenderText {#text} at (444,273) size 4x19
        text run at (444,273) width 4: " "
      RenderBlock {DIV} at (468,274) size 20x4
      RenderText {#text} at (508,273) size 33x19
        text run at (508,273) width 33: " inset"
      RenderBR {BR} at (541,273) size 0x19
      RenderBR {BR} at (0,292) size 0x19
      RenderBlock {DIV} at (20,313) size 20x4
      RenderText {#text} at (60,312) size 4x19
        text run at (60,312) width 4: " "
      RenderBlock {DIV} at (84,313) size 20x4
      RenderText {#text} at (124,312) size 4x19
        text run at (124,312) width 4: " "
      RenderBlock {DIV} at (148,313) size 20x4
      RenderText {#text} at (188,312) size 4x19
        text run at (188,312) width 4: " "
      RenderBlock {DIV} at (212,313) size 20x4
      RenderText {#text} at (252,312) size 4x19
        text run at (252,312) width 4: " "
      RenderBlock {DIV} at (276,313) size 20x4
      RenderText {#text} at (316,312) size 4x19
        text run at (316,312) width 4: " "
      RenderBlock {DIV} at (340,313) size 20x4
      RenderText {#text} at (380,312) size 4x19
        text run at (380,312) width 4: " "
      RenderBlock {DIV} at (404,313) size 20x4
      RenderText {#text} at (444,312) size 4x19
        text run at (444,312) width 4: " "
      RenderBlock {DIV} at (468,313) size 20x4
      RenderText {#text} at (508,312) size 41x19
        text run at (508,312) width 41: " outset"
