layer at (0,0) size 784x646
  RenderView at (0,0) size 784x600
layer at (0,0) size 784x646
  RenderBlock {HTML} at (0,0) size 784x646
    RenderBody {BODY} at (8,16) size 768x622
      RenderBlock {P} at (0,0) size 768x36
        RenderText {#text} at (0,0) size 738x35
          text run at (0,0) width 738: "Test that when we have images sprinkled within a span, borders, paddings and margins are"
          text run at (0,18) width 202: "still calculated correctly ."
      RenderBlock {DIV} at (0,52) size 212x285 [border: (1px solid #000000)]
        RenderBlock {P} at (6,22) size 200x161
          RenderText {#text} at (0,7) size 189x49
            text run at (0,7) width 189: "aaa bbb ccc ddd eee fff"
            text run at (0,39) width 109 RTL: "\x{5DC}\x{5DE}\x{5D4} \x{5E2}\x{5E9}\x{5D9}\x{5EA}\x{5D9} \x{5D6}\x{5D0}\x{5EA}"
            text run at (108,39) width 6: " "
            text run at (113,39) width 21: "gg"
          RenderInline {SPAN} at (0,0) size 171x19 [border: (1px solid #0000FF) (10px solid #FFA500) (1px solid #0000FF) (10px solid #008000)]
            RenderText {#text} at (45,72) size 50x17
              text run at (45,72) width 50: "dgnjk "
            RenderImage {IMG} at (94,64) size 22x22 [border: (1px solid #0000FF)]
            RenderText {#text} at (116,72) size 45x17
              text run at (116,72) width 45: "njkng"
          RenderText {#text} at (0,104) size 183x49
            text run at (0,104) width 147 RTL: "\x{5D6}\x{5D0}\x{5EA} \x{2013} \x{5D0}\x{5D9}\x{5E0}\x{5D9} \x{5D9}\x{5D5}\x{5D3}\x{5E2} \x{5D1}\x{5E2}\x{5E6}\x{5DE}"
            text run at (146,104) width 37: " qqq"
            text run at (0,136) width 143: "rrr sss ttt uuu vvv"
        RenderBlock {P} at (6,199) size 200x64
          RenderInline {SPAN} at (0,0) size 152x51 [border: (1px solid #0000FF) (10px solid #FFA500) (1px solid #0000FF) (10px solid #008000)]
            RenderText {#text} at (45,7) size 107x17
              text run at (45,7) width 107: "Some fill text"
            RenderImage {IMG} at (0,33) size 20x20
      RenderBlock {DIV} at (0,337) size 212x285 [border: (1px solid #000000)]
        RenderBlock {P} at (6,22) size 200x161
          RenderText {#text} at (11,7) size 189x49
            text run at (11,7) width 189: "aaa bbb ccc ddd eee fff"
            text run at (66,39) width 21: "gg"
            text run at (86,39) width 114 RTL: "\x{5DC}\x{5DE}\x{5D4} \x{5E2}\x{5E9}\x{5D9}\x{5EA}\x{5D9} \x{5D6}\x{5D0}\x{5EA} "
          RenderInline {SPAN} at (0,0) size 171x19 [border: (1px solid #0000FF) (10px solid #FFA500) (1px solid #0000FF) (10px solid #008000)]
            RenderText {#text} at (39,72) size 50x17
              text run at (39,72) width 50: "dgnjk "
            RenderImage {IMG} at (89,64) size 22x22 [border: (1px solid #0000FF)]
            RenderText {#text} at (110,72) size 45x17
              text run at (110,72) width 45: "njkng"
          RenderText {#text} at (17,104) size 183x49
            text run at (17,104) width 32: "qqq"
            text run at (48,104) width 152 RTL: "\x{5D6}\x{5D0}\x{5EA} \x{2013} \x{5D0}\x{5D9}\x{5E0}\x{5D9} \x{5D9}\x{5D5}\x{5D3}\x{5E2} \x{5D1}\x{5E2}\x{5E6}\x{5DE} "
            text run at (57,136) width 143: "rrr sss ttt uuu vvv"
        RenderBlock {P} at (6,199) size 200x64
          RenderInline {SPAN} at (0,0) size 152x51 [border: (1px solid #0000FF) (10px solid #FFA500) (1px solid #0000FF) (10px solid #008000)]
            RenderText {#text} at (48,7) size 107x17
              text run at (48,7) width 107: "Some fill text"
            RenderImage {IMG} at (180,33) size 20x20
