layer at (0,0) size 800x600
  RenderView at (0,0) size 800x600
layer at (0,0) size 800x547
  RenderBlock {HTML} at (0,0) size 800x547
    RenderBody {BODY} at (8,16) size 784x523 [color=#FFFFFF] [bgcolor=#000000]
      RenderBlock {P} at (0,0) size 784x19
        RenderText {#text} at (0,0) size 195x19
          text run at (0,0) width 195: "Images should all look the same."
      RenderBlock {DIV} at (0,35) size 784x244
        RenderImage {IMG} at (0,0) size 360x240
        RenderText {#text} at (360,225) size 4x19
          text run at (360,225) width 4: " "
        RenderImage {IMG} at (364,0) size 360x240
        RenderText {#text} at (0,0) size 0x0
      RenderBlock {DIV} at (0,279) size 784x244
        RenderText {#text} at (360,225) size 4x19
          text run at (360,225) width 4: " "
        RenderText {#text} at (0,0) size 0x0
layer at (8,295) size 360x240
  RenderImage {IMG} at (0,0) size 360x240
layer at (372,295) size 360x240
  RenderImage {IMG} at (364,0) size 360x240
