layer at (0,0) size 800x600
  RenderView at (0,0) size 800x600
layer at (0,0) size 800x600
  RenderBlock {HTML} at (0,0) size 800x600
    RenderBody {BODY} at (8,8) size 784x584
      RenderBlock {DIV} at (0,0) size 784x130
        RenderText {#text} at (0,0) size 777x130
          text run at (0,0) width 313: "Lorem ipsum dolor sit amet, "
          text run at (313,0) width 387: "consectetur adipiscing elit. Praesent"
          text run at (0,26) width 468: "ullamcorper accumsan hendrerit. Phasellus "
          text run at (468,26) width 199: "bibendum fringilla"
          text run at (0,52) width 604: "sollicitudin. Donec blandit rutrum neque eget euismod. "
          text run at (604,52) width 128: "Nullam nec "
          text run at (732,52) width 45: "felis"
          text run at (0,78) width 606: "turpis, vitae tempor enim. Aenean venenatis blandit dui "
          text run at (606,78) width 124: "vel ultrices."
          text run at (0,104) width 283: "Donec porta nunc ut nibh "
          text run at (283,104) width 227: "adipiscing id suscipit"
      RenderBlock {DIV} at (0,130) size 784x147
        RenderText {#text} at (0,0) size 766x147
          text run at (0,0) width 434: "dolor facilisis. Vestibulum vitae enim vitae dolor "
          text run at (434,0) width 102: "sollicitudin "
          text run at (536,0) width 189: "imperdiet sit amet ac"
          text run at (0,21) width 394: "tortor. Quisque egestas adipiscing volutpat. "
          text run at (394,21) width 360: "Proin eu nibh eros, quis luctus urna. Sed"
          text run at (0,42) width 146: "tincidunt iaculis "
          text run at (146,42) width 76: "tempor. "
          text run at (222,42) width 373: "Vestibulum dapibus lorem sit amet libero "
          text run at (595,42) width 169: "pharetra at sodales"
          text run at (0,63) width 318: "nisi pulvinar. Morbi eu risus lectus, "
          text run at (318,63) width 127: "id scelerisque "
          text run at (445,63) width 297: "neque. Aenean eget mauris nulla."
          text run at (0,84) width 355: "Nunc egestas elit nec lorem fermentum "
          text run at (355,84) width 411: "mattis. Sed adipiscing metus nec diam congue"
          text run at (0,105) width 235: "at ornare sapien faucibus. "
          text run at (235,105) width 433: "Vestibulum varius tempor quam sed malesuada. "
          text run at (668,105) width 80: "Sed vitae"
          text run at (0,126) width 105: "quam nulla."
