layer at (0,0) size 785x1169
  RenderView at (0,0) size 785x600
layer at (0,0) size 785x1169
  RenderBlock {HTML} at (0,0) size 785x1169
    RenderBody {BODY} at (8,8) size 769x1153
      RenderBlock {DIV} at (0,0) size 769x28
        RenderText {#text} at (0,0) size 493x28
          text run at (0,0) width 493: "This is a test for -webkit-system-font font"
      RenderBlock {DIV} at (0,28) size 769x35
        RenderText {#text} at (0,0) size 616x35
          text run at (0,0) width 616: "This is a test for -webkit-system-font font"
      RenderBlock {DIV} at (0,63) size 769x35
        RenderText {#text} at (0,0) size 616x35
          text run at (0,0) width 616: "This is a test for -webkit-system-font font"
      RenderBlock {DIV} at (0,98) size 769x86
        RenderInline {B} at (0,0) size 726x86
          RenderText {#text} at (0,0) size 726x86
            text run at (0,0) width 726: "This is a test for -webkit-system-font"
            text run at (0,43) width 77: "font"
      RenderBlock {DIV} at (0,184) size 769x100
        RenderInline {I} at (0,0) size 766x100
          RenderText {#text} at (0,0) size 766x100
            text run at (0,0) width 766: "This is a test for -webkit-system-font"
            text run at (0,50) width 84: "font"
      RenderBlock {DIV} at (0,284) size 769x112
        RenderText {#text} at (0,0) size 594x112
          text run at (0,0) width 594: "This is a test for -webkit-"
          text run at (0,56) width 392: "system-font font"
      RenderBlock {DIV} at (0,396) size 769x126
        RenderText {#text} at (0,0) size 669x126
          text run at (0,0) width 669: "This is a test for -webkit-"
          text run at (0,63) width 441: "system-font font"
      RenderBlock {DIV} at (0,522) size 769x142
        RenderText {#text} at (0,0) size 743x142
          text run at (0,0) width 743: "This is a test for -webkit-"
          text run at (0,71) width 490: "system-font font"
      RenderBlock {DIV} at (0,664) size 769x234
        RenderText {#text} at (0,0) size 636x234
          text run at (0,0) width 568: "This is a test for -"
          text run at (0,78) width 636: "webkit-system-font"
          text run at (0,156) width 131: "font"
      RenderBlock {DIV} at (0,898) size 769x255
        RenderText {#text} at (0,0) size 694x255
          text run at (0,0) width 619: "This is a test for -"
          text run at (0,85) width 694: "webkit-system-font"
          text run at (0,170) width 143: "font"
