layer at (0,0) size 800x600
  RenderView at (0,0) size 800x600
layer at (0,0) size 800x600
  RenderBlock {HTML} at (0,0) size 800x600
    RenderBody {BODY} at (8,8) size 784x584
      RenderTable {TABLE} at (0,0) size 150x29 [bgcolor=#00FF00] [border: (1px outset #808080)]
        RenderTableSection {TBODY} at (1,1) size 148x27
          RenderTableRow {TR} at (0,2) size 148x23
            RenderTableCell {TD} at (2,2) size 66x23 [border: (1px inset #808080)] [r=0 c=0 rs=1 cs=1]
              RenderText {#text} at (2,2) size 24x19
                text run at (2,2) width 24: "200"
            RenderTableCell {TD} at (70,2) size 76x23 [border: (1px inset #808080)] [r=0 c=1 rs=1 cs=1]
              RenderText {#text} at (2,2) size 63x19
                text run at (2,2) width 63: "one_hund"
      RenderBlock (anonymous) at (0,29) size 784x19
        RenderBR {BR} at (0,0) size 0x19
      RenderTable {TABLE} at (0,48) size 500x29 [border: (1px outset #808080)]
        RenderTableSection {TBODY} at (1,1) size 498x27
          RenderTableRow {TR} at (0,2) size 498x23
            RenderTableCell {TD} at (2,2) size 174x23 [bgcolor=#FF0000] [border: (1px inset #808080)] [r=0 c=0 rs=1 cs=1]
              RenderText {#text} at (2,2) size 77x19
                text run at (2,2) width 77: "fooooooooo"
            RenderTableCell {TD} at (178,2) size 174x23 [bgcolor=#008000] [border: (1px inset #808080)] [r=0 c=1 rs=1 cs=1]
              RenderText {#text} at (2,2) size 77x19
                text run at (2,2) width 77: "fooooooooo"
            RenderTableCell {TD} at (354,2) size 142x23 [bgcolor=#FFA500] [border: (1px inset #808080)] [r=0 c=2 rs=1 cs=1]
              RenderText {#text} at (2,2) size 96x19
                text run at (2,2) width 96: "foo foo foo foo"
      RenderBlock (anonymous) at (0,77) size 784x19
        RenderBR {BR} at (0,0) size 0x19
      RenderBlock {HR} at (0,104) size 402x2 [border: (1px inset #000000)]
      RenderBlock (anonymous) at (0,114) size 784x19
        RenderText {#text} at (0,0) size 365x19
          text run at (0,0) width 365: "fixed table - fixed cells are increased based on fixed width"
      RenderTable {TABLE} at (0,133) size 400x48 [border: (1px outset #808080)]
        RenderTableSection {TBODY} at (1,1) size 398x46
          RenderTableRow {TR} at (0,2) size 398x42
            RenderTableCell {TD} at (2,11) size 259x23 [border: (1px inset #808080)] [r=0 c=0 rs=1 cs=1]
              RenderText {#text} at (2,2) size 21x19
                text run at (2,2) width 21: "foo"
            RenderTableCell {TD} at (263,2) size 133x42 [border: (1px inset #808080)] [r=0 c=1 rs=1 cs=1]
              RenderText {#text} at (2,2) size 121x38
                text run at (2,2) width 121: "foo foo foo foo foo"
                text run at (2,21) width 71: "foo foo foo"
      RenderBlock (anonymous) at (0,181) size 784x57
        RenderBR {BR} at (0,0) size 0x19
        RenderBR {BR} at (0,19) size 0x19
        RenderText {#text} at (0,38) size 375x19
          text run at (0,38) width 375: "excess above min allocated based on fixed widths (not min)"
      RenderTable {TABLE} at (0,238) size 100x48 [border: (1px outset #808080)]
        RenderTableSection {TBODY} at (1,1) size 98x46
          RenderTableRow {TR} at (0,2) size 98x42
            RenderTableCell {TD} at (2,2) size 34x42 [border: (1px inset #808080)] [r=0 c=0 rs=1 cs=1]
              RenderText {#text} at (2,2) size 21x38
                text run at (2,2) width 21: "foo"
                text run at (2,21) width 21: "foo"
            RenderTableCell {TD} at (38,11) size 58x23 [border: (1px inset #808080)] [r=0 c=1 rs=1 cs=1]
              RenderText {#text} at (2,2) size 21x19
                text run at (2,2) width 21: "foo"
      RenderBlock (anonymous) at (0,286) size 784x38
        RenderBR {BR} at (0,0) size 0x19
        RenderText {#text} at (0,19) size 375x19
          text run at (0,19) width 375: "excess above min allocated based on fixed widths (not min)"
      RenderTable {TABLE} at (0,324) size 100x48 [border: (1px outset #808080)]
        RenderTableSection {TBODY} at (1,1) size 98x46
          RenderTableRow {TR} at (0,2) size 98x42
            RenderTableCell {TD} at (2,2) size 25x42 [border: (1px inset #808080)] [r=0 c=0 rs=1 cs=1]
              RenderText {#text} at (2,2) size 21x38
                text run at (2,2) width 21: "foo"
                text run at (2,21) width 21: "foo"
            RenderTableCell {TD} at (29,11) size 67x23 [border: (1px inset #808080)] [r=0 c=1 rs=1 cs=1]
              RenderText {#text} at (2,2) size 21x19
                text run at (2,2) width 21: "foo"
      RenderBlock (anonymous) at (0,372) size 784x19
        RenderBR {BR} at (0,0) size 0x19
      RenderTable {TABLE} at (0,391) size 600x29 [border: (1px outset #808080)]
        RenderTableSection {TBODY} at (1,1) size 598x27
          RenderTableRow {TR} at (0,2) size 598x23
            RenderTableCell {TD} at (2,2) size 25x23 [border: (1px inset #808080)] [r=0 c=0 rs=1 cs=1]
              RenderText {#text} at (2,2) size 21x19
                text run at (2,2) width 21: "foo"
            RenderTableCell {TD} at (29,2) size 567x23 [border: (1px inset #808080)] [r=0 c=1 rs=1 cs=1]
              RenderText {#text} at (2,2) size 21x19
                text run at (2,2) width 21: "foo"
      RenderBlock (anonymous) at (0,420) size 784x19
        RenderBR {BR} at (0,0) size 0x19
      RenderTable {TABLE} at (0,439) size 40x29 [border: (1px outset #808080)]
        RenderTableSection {TBODY} at (1,1) size 38x27
          RenderTableRow {TR} at (0,2) size 38x23
            RenderTableCell {TD} at (2,2) size 34x23 [border: (1px inset #808080)] [r=0 c=0 rs=1 cs=1]
              RenderText {#text} at (2,2) size 21x19
                text run at (2,2) width 21: "foo"
