layer at (0,0) size 785x753
  RenderView at (0,0) size 785x600
layer at (0,0) size 785x753
  RenderBlock {HTML} at (0,0) size 785x753
    RenderBody {BODY} at (8,8) size 769x737
      RenderTable {TABLE} at (0,0) size 150x29 [bgcolor=#00FF00] [border: (1px outset #808080)]
        RenderTableSection {TBODY} at (1,1) size 148x27
          RenderTableRow {TR} at (0,2) size 148x23
            RenderTableCell {TD} at (2,2) size 66x23 [border: (1px inset #808080)] [r=0 c=0 rs=1 cs=1]
              RenderText {#text} at (2,2) size 24x19
                text run at (2,2) width 24: "200"
            RenderTableCell {TD} at (70,2) size 76x23 [border: (1px inset #808080)] [r=0 c=1 rs=1 cs=1]
              RenderText {#text} at (2,2) size 63x19
                text run at (2,2) width 63: "one_hund"
      RenderBlock (anonymous) at (0,29) size 769x19
        RenderBR {BR} at (0,0) size 0x19
      RenderTable {TABLE} at (0,48) size 500x29 [border: (1px outset #808080)]
        RenderTableSection {TBODY} at (1,1) size 498x27
          RenderTableRow {TR} at (0,2) size 498x23
            RenderTableCell {TD} at (2,2) size 174x23 [bgcolor=#FF0000] [border: (1px inset #808080)] [r=0 c=0 rs=1 cs=1]
              RenderText {#text} at (2,2) size 77x19
                text run at (2,2) width 77: "fooooooooo"
            RenderTableCell {TD} at (178,2) size 174x23 [bgcolor=#008000] [border: (1px inset #808080)] [r=0 c=1 rs=1 cs=1]
              RenderText {#text} at (2,2) size 77x19
                text run at (2,2) width 77: "fooooooooo"
            RenderTableCell {TD} at (354,2) size 142x23 [bgcolor=#FFA500] [border: (1px inset #808080)] [r=0 c=2 rs=1 cs=1]
              RenderText {#text} at (2,2) size 96x19
                text run at (2,2) width 96: "foo foo foo foo"
      RenderBlock (anonymous) at (0,77) size 769x38
        RenderBR {BR} at (0,0) size 0x19
        RenderText {#text} at (0,19) size 365x19
          text run at (0,19) width 365: "fixed table - fixed cells are increased based on fixed width"
      RenderTable {TABLE} at (0,115) size 400x48 [border: (1px outset #808080)]
        RenderTableSection {TBODY} at (1,1) size 398x46
          RenderTableRow {TR} at (0,2) size 398x42
            RenderTableCell {TD} at (2,11) size 259x23 [border: (1px inset #808080)] [r=0 c=0 rs=1 cs=1]
              RenderText {#text} at (2,2) size 21x19
                text run at (2,2) width 21: "foo"
            RenderTableCell {TD} at (263,2) size 133x42 [border: (1px inset #808080)] [r=0 c=1 rs=1 cs=1]
              RenderText {#text} at (2,2) size 121x38
                text run at (2,2) width 121: "foo foo foo foo foo"
                text run at (2,21) width 71: "foo foo foo"
      RenderBlock (anonymous) at (0,163) size 769x57
        RenderBR {BR} at (0,0) size 0x19
        RenderBR {BR} at (0,19) size 0x19
        RenderText {#text} at (0,38) size 375x19
          text run at (0,38) width 375: "excess above min allocated based on fixed widths (not min)"
      RenderTable {TABLE} at (0,220) size 100x48 [border: (1px outset #808080)]
        RenderTableSection {TBODY} at (1,1) size 98x46
          RenderTableRow {TR} at (0,2) size 98x42
            RenderTableCell {TD} at (2,2) size 34x42 [border: (1px inset #808080)] [r=0 c=0 rs=1 cs=1]
              RenderText {#text} at (2,2) size 21x38
                text run at (2,2) width 21: "foo"
                text run at (2,21) width 21: "foo"
            RenderTableCell {TD} at (38,11) size 58x23 [border: (1px inset #808080)] [r=0 c=1 rs=1 cs=1]
              RenderText {#text} at (2,2) size 21x19
                text run at (2,2) width 21: "foo"
      RenderBlock (anonymous) at (0,268) size 769x38
        RenderBR {BR} at (0,0) size 0x19
        RenderText {#text} at (0,19) size 375x19
          text run at (0,19) width 375: "excess above min allocated based on fixed widths (not min)"
      RenderTable {TABLE} at (0,306) size 100x48 [border: (1px outset #808080)]
        RenderTableSection {TBODY} at (1,1) size 98x46
          RenderTableRow {TR} at (0,2) size 98x42
            RenderTableCell {TD} at (2,2) size 25x42 [border: (1px inset #808080)] [r=0 c=0 rs=1 cs=1]
              RenderText {#text} at (2,2) size 21x38
                text run at (2,2) width 21: "foo"
                text run at (2,21) width 21: "foo"
            RenderTableCell {TD} at (29,11) size 67x23 [border: (1px inset #808080)] [r=0 c=1 rs=1 cs=1]
              RenderText {#text} at (2,2) size 21x19
                text run at (2,2) width 21: "foo"
      RenderBlock (anonymous) at (0,354) size 769x19
        RenderBR {BR} at (0,0) size 0x19
      RenderTable {TABLE} at (0,373) size 600x29 [border: (1px outset #808080)]
        RenderTableSection {TBODY} at (1,1) size 598x27
          RenderTableRow {TR} at (0,2) size 598x23
            RenderTableCell {TD} at (2,2) size 25x23 [border: (1px inset #808080)] [r=0 c=0 rs=1 cs=1]
              RenderText {#text} at (2,2) size 21x19
                text run at (2,2) width 21: "foo"
            RenderTableCell {TD} at (29,2) size 567x23 [border: (1px inset #808080)] [r=0 c=1 rs=1 cs=1]
              RenderText {#text} at (2,2) size 21x19
                text run at (2,2) width 21: "foo"
      RenderBlock (anonymous) at (0,402) size 769x19
        RenderBR {BR} at (0,0) size 0x19
      RenderTable {TABLE} at (0,421) size 40x29 [border: (1px outset #808080)]
        RenderTableSection {TBODY} at (1,1) size 38x27
          RenderTableRow {TR} at (0,2) size 38x23
            RenderTableCell {TD} at (2,2) size 34x23 [border: (1px inset #808080)] [r=0 c=0 rs=1 cs=1]
              RenderText {#text} at (2,2) size 21x19
                text run at (2,2) width 21: "foo"
      RenderBlock (anonymous) at (0,450) size 769x38
        RenderBR {BR} at (0,0) size 0x19
        RenderText {#text} at (0,19) size 337x19
          text run at (0,19) width 337: "auto table - fixed width cell does not exceed viewport"
      RenderTable {TABLE} at (0,488) size 769x29 [border: (1px outset #808080)]
        RenderTableSection {TBODY} at (1,1) size 767x27
          RenderTableRow {TR} at (0,2) size 767x23
            RenderTableCell {TD} at (2,2) size 763x23 [border: (1px inset #808080)] [r=0 c=0 rs=1 cs=1]
              RenderText {#text} at (2,2) size 21x19
                text run at (2,2) width 21: "foo"
      RenderBlock (anonymous) at (0,517) size 769x38
        RenderBR {BR} at (0,0) size 0x19
        RenderText {#text} at (0,19) size 292x19
          text run at (0,19) width 292: "auto table - fixed cells cannot exceed viewport"
      RenderTable {TABLE} at (0,555) size 769x29 [border: (1px outset #808080)]
        RenderTableSection {TBODY} at (1,1) size 767x27
          RenderTableRow {TR} at (0,2) size 767x23
            RenderTableCell {TD} at (2,2) size 151x23 [border: (1px inset #808080)] [r=0 c=0 rs=1 cs=1]
              RenderText {#text} at (2,2) size 40x19
                text run at (2,2) width 40: "200px"
            RenderTableCell {TD} at (155,2) size 151x23 [border: (1px inset #808080)] [r=0 c=1 rs=1 cs=1]
              RenderText {#text} at (2,2) size 40x19
                text run at (2,2) width 40: "200px"
            RenderTableCell {TD} at (308,2) size 151x23 [border: (1px inset #808080)] [r=0 c=2 rs=1 cs=1]
              RenderText {#text} at (2,2) size 40x19
                text run at (2,2) width 40: "200px"
            RenderTableCell {TD} at (461,2) size 151x23 [border: (1px inset #808080)] [r=0 c=3 rs=1 cs=1]
              RenderText {#text} at (2,2) size 40x19
                text run at (2,2) width 40: "200px"
            RenderTableCell {TD} at (614,2) size 151x23 [border: (1px inset #808080)] [r=0 c=4 rs=1 cs=1]
              RenderText {#text} at (2,2) size 40x19
                text run at (2,2) width 40: "200px"
      RenderBlock (anonymous) at (0,584) size 769x38
        RenderBR {BR} at (0,0) size 0x19
        RenderText {#text} at (0,19) size 298x19
          text run at (0,19) width 298: "auto table - cell width does not include padding"
      RenderTable {TABLE} at (0,622) size 148x67 [border: (1px outset #808080)]
        RenderTableSection {TBODY} at (1,1) size 146x65
          RenderTableRow {TR} at (0,2) size 146x61
            RenderTableCell {TD} at (2,2) size 142x61 [border: (1px inset #808080)] [r=0 c=0 rs=1 cs=1]
              RenderText {#text} at (21,21) size 71x19
                text run at (21,21) width 71: "cell=100px"
      RenderBlock (anonymous) at (0,689) size 769x19
        RenderBR {BR} at (0,0) size 0x19
      RenderTable {TABLE} at (0,708) size 110x29 [border: (1px outset #808080)]
        RenderTableSection {TBODY} at (1,1) size 108x27
          RenderTableRow {TR} at (0,2) size 108x23
            RenderTableCell {TD} at (2,2) size 104x23 [border: (1px inset #808080)] [r=0 c=0 rs=1 cs=1]
              RenderText {#text} at (2,2) size 71x19
                text run at (2,2) width 71: "cell=100px"
