layer at (0,0) size 800x600
  RenderView at (0,0) size 800x600
layer at (0,0) size 800x600
  RenderBlock {HTML} at (0,0) size 800x600
    RenderBody {BODY} at (8,8) size 784x584
      RenderBlock (anonymous) at (0,0) size 784x19
        RenderText {#text} at (0,0) size 187x19
          text run at (0,0) width 187: "outer width=400 align=center"
      RenderTable {TABLE} at (192,19) size 400x69 [border: (1px outset #808080)]
        RenderTableSection {TBODY} at (1,1) size 398x67
          RenderTableRow {TR} at (0,2) size 398x63
            RenderTableCell {TD} at (2,2) size 394x63 [border: (1px inset #808080)] [r=0 c=0 rs=1 cs=1]
              RenderBlock {FORM} at (2,2) size 390x43
                RenderMenuList {SELECT} at (2,2) size 87x39 [color=#202020]
                  RenderBlock (anonymous) at (15,10) size 31x19
                    RenderText at (0,0) size 31x19
                      text run at (0,0) width 31: "Test"
                RenderText {#text} at (0,0) size 0x0
      RenderBlock (anonymous) at (0,88) size 784x19
        RenderText {#text} at (0,0) size 296x19
          text run at (0,0) width 296: "outer width=400 inner width=200 align=center"
      RenderTable {TABLE} at (0,107) size 400x41 [border: (2px outset #808080)]
        RenderTableSection {TBODY} at (2,2) size 396x37
          RenderTableRow {TR} at (0,2) size 396x33
            RenderTableCell {TD} at (2,2) size 392x33 [border: (1px inset #808080)] [r=0 c=0 rs=1 cs=1]
              RenderTable {TABLE} at (96,2) size 200x29 [border: (1px outset #808080)]
                RenderTableSection {TBODY} at (1,1) size 198x27
                  RenderTableRow {TR} at (0,2) size 198x23
                    RenderTableCell {TD} at (2,2) size 194x23 [border: (1px inset #808080)] [r=0 c=0 rs=1 cs=1]
                      RenderText {#text} at (2,2) size 21x19
                        text run at (2,2) width 21: "foo"
      RenderBlock (anonymous) at (0,148) size 784x19
        RenderText {#text} at (0,0) size 181x19
          text run at (0,0) width 181: "outer auto inner align=center"
      RenderTable {TABLE} at (0,167) size 43x41 [border: (2px outset #808080)]
        RenderTableSection {TBODY} at (2,2) size 39x37
          RenderTableRow {TR} at (0,2) size 39x33
            RenderTableCell {TD} at (2,2) size 35x33 [border: (1px inset #808080)] [r=0 c=0 rs=1 cs=1]
              RenderTable {TABLE} at (2,2) size 31x29 [border: (1px outset #808080)]
                RenderTableSection {TBODY} at (1,1) size 29x27
                  RenderTableRow {TR} at (0,2) size 29x23
                    RenderTableCell {TD} at (2,2) size 25x23 [border: (1px inset #808080)] [r=0 c=0 rs=1 cs=1]
                      RenderText {#text} at (2,2) size 21x19
                        text run at (2,2) width 21: "foo"
      RenderBlock (anonymous) at (0,208) size 784x19
        RenderText {#text} at (0,0) size 215x19
          text run at (0,0) width 215: "outer width=50 inner align=center"
      RenderTable {TABLE} at (0,227) size 43x41 [border: (2px outset #808080)]
        RenderTableSection {TBODY} at (2,2) size 39x37
          RenderTableRow {TR} at (0,2) size 39x33
            RenderTableCell {TD} at (2,2) size 35x33 [border: (1px inset #808080)] [r=0 c=0 rs=1 cs=1]
              RenderTable {TABLE} at (2,2) size 31x29 [border: (1px outset #808080)]
                RenderTableSection {TBODY} at (1,1) size 29x27
                  RenderTableRow {TR} at (0,2) size 29x23
                    RenderTableCell {TD} at (2,2) size 25x23 [border: (1px inset #808080)] [r=0 c=0 rs=1 cs=1]
                      RenderText {#text} at (2,2) size 21x19
                        text run at (2,2) width 21: "foo"
      RenderBlock (anonymous) at (0,268) size 784x19
        RenderText {#text} at (0,0) size 226x19
          text run at (0,0) width 226: "outer width=50 inner margin-left:50"
      RenderTable {TABLE} at (0,287) size 93x41 [border: (2px outset #808080)]
        RenderTableSection {TBODY} at (2,2) size 89x37
          RenderTableRow {TR} at (0,2) size 89x33
            RenderTableCell {TD} at (2,2) size 85x33 [border: (1px inset #808080)] [r=0 c=0 rs=1 cs=1]
              RenderTable {TABLE} at (52,2) size 31x29 [border: (1px outset #808080)]
                RenderTableSection {TBODY} at (1,1) size 29x27
                  RenderTableRow {TR} at (0,2) size 29x23
                    RenderTableCell {TD} at (2,2) size 25x23 [border: (1px inset #808080)] [r=0 c=0 rs=1 cs=1]
                      RenderText {#text} at (2,2) size 21x19
                        text run at (2,2) width 21: "foo"
      RenderBlock (anonymous) at (0,328) size 784x19
        RenderText {#text} at (0,0) size 223x19
          text run at (0,0) width 223: "outer width=400 inner align=center"
      RenderTable {TABLE} at (0,347) size 400x41 [border: (2px outset #808080)]
        RenderTableSection {TBODY} at (2,2) size 396x37
          RenderTableRow {TR} at (0,2) size 396x33
            RenderTableCell {TD} at (2,2) size 114x33 [border: (1px inset #808080)] [r=0 c=0 rs=1 cs=1]
              RenderTable {TABLE} at (41,2) size 31x29 [border: (1px outset #808080)]
                RenderTableSection {TBODY} at (1,1) size 29x27
                  RenderTableRow {TR} at (0,2) size 29x23
                    RenderTableCell {TD} at (2,2) size 25x23 [border: (1px inset #808080)] [r=0 c=0 rs=1 cs=1]
                      RenderText {#text} at (2,2) size 21x19
                        text run at (2,2) width 21: "foo"
            RenderTableCell {TD} at (118,7) size 276x23 [border: (1px inset #808080)] [r=0 c=1 rs=1 cs=1]
              RenderText {#text} at (2,2) size 80x19
                text run at (2,2) width 80: "x x x x x x x"
      RenderBlock (anonymous) at (0,388) size 784x19
        RenderText {#text} at (0,0) size 223x19
          text run at (0,0) width 223: "outer width=400 inner align=center"
      RenderTable {TABLE} at (0,407) size 400x41 [border: (2px outset #808080)]
        RenderTableSection {TBODY} at (2,2) size 396x37
          RenderTableRow {TR} at (0,2) size 396x33
            RenderTableCell {TD} at (2,2) size 168x33 [border: (1px inset #808080)] [r=0 c=0 rs=1 cs=1]
              RenderTable {TABLE} at (54,2) size 60x29 [border: (1px outset #808080)]
                RenderTableSection {TBODY} at (1,1) size 58x27
                  RenderTableRow {TR} at (0,2) size 58x23
                    RenderTableCell {TD} at (2,2) size 54x23 [border: (1px inset #808080)] [r=0 c=0 rs=1 cs=1]
                      RenderText {#text} at (2,2) size 16x19
                        text run at (2,2) width 16: "50"
            RenderTableCell {TD} at (172,7) size 222x23 [border: (1px inset #808080)] [r=0 c=1 rs=1 cs=1]
              RenderText {#text} at (2,2) size 80x19
                text run at (2,2) width 80: "x x x x x x x"
      RenderBlock (anonymous) at (0,448) size 784x19
        RenderText {#text} at (0,0) size 19x19
          text run at (0,0) width 19: "-->"
