layer at (0,0) size 785x884
  RenderView at (0,0) size 785x600
layer at (0,0) size 785x884
  RenderBlock {HTML} at (0,0) size 785x884
    RenderBody {BODY} at (8,8) size 769x868
      RenderBlock (anonymous) at (0,0) size 769x19
        RenderText {#text} at (0,0) size 89x19
          text run at (0,0) width 89: "ROWSPANS"
      RenderTable {TABLE} at (0,19) size 135x62 [border: (5px outset #808080)]
        RenderTableSection {TBODY} at (5,5) size 125x52
          RenderTableRow {TR} at (0,2) size 125x23
            RenderTableCell {TD} at (2,14) size 39x23 [border: (1px inset #808080)] [r=0 c=0 rs=2 cs=1]
              RenderText {#text} at (2,2) size 35x19
                text run at (2,2) width 35: "auto1"
            RenderTableCell {TD} at (43,2) size 39x23 [border: (1px inset #808080)] [r=0 c=1 rs=1 cs=1]
              RenderText {#text} at (2,2) size 35x19
                text run at (2,2) width 35: "auto2"
          RenderTableRow {TR} at (0,27) size 125x23
            RenderTableCell {TD} at (43,27) size 39x23 [border: (1px inset #808080)] [r=1 c=1 rs=1 cs=1]
              RenderText {#text} at (2,2) size 35x19
                text run at (2,2) width 35: "auto3"
            RenderTableCell {TD} at (84,27) size 39x23 [border: (1px inset #808080)] [r=1 c=2 rs=1 cs=1]
              RenderText {#text} at (2,2) size 35x19
                text run at (2,2) width 35: "auto4"
      RenderTable {TABLE} at (0,81) size 260x79 [border: (1px outset #808080)]
        RenderTableSection {TBODY} at (1,1) size 258x77
          RenderTableRow {TR} at (0,2) size 258x23
            RenderTableCell {TD} at (2,27) size 186x23 [border: (1px inset #808080)] [r=0 c=0 rs=3 cs=1]
              RenderText {#text} at (2,2) size 182x19
                text run at (2,2) width 182: "c0r[2-6],Data 2 span=3 rows"
            RenderTableCell {TD} at (190,2) size 32x23 [border: (1px inset #808080)] [r=0 c=1 rs=1 cs=1]
              RenderText {#text} at (2,2) size 28x19
                text run at (2,2) width 28: "c0r2"
            RenderTableCell {TD} at (224,2) size 32x23 [border: (1px inset #808080)] [r=0 c=2 rs=1 cs=1]
              RenderText {#text} at (2,2) size 28x19
                text run at (2,2) width 28: "c1r2"
          RenderTableRow {TR} at (0,27) size 258x23
            RenderTableCell {TD} at (190,27) size 32x23 [border: (1px inset #808080)] [r=1 c=1 rs=1 cs=1]
              RenderText {#text} at (2,2) size 28x19
                text run at (2,2) width 28: "c0r3"
            RenderTableCell {TD} at (224,27) size 32x23 [border: (1px inset #808080)] [r=1 c=2 rs=1 cs=1]
              RenderText {#text} at (2,2) size 28x19
                text run at (2,2) width 28: "c1r3"
          RenderTableRow {TR} at (0,52) size 258x23
            RenderTableCell {TD} at (190,52) size 32x23 [border: (1px inset #808080)] [r=2 c=1 rs=1 cs=1]
              RenderText {#text} at (2,2) size 28x19
                text run at (2,2) width 28: "c0r4"
            RenderTableCell {TD} at (224,52) size 32x23 [border: (1px inset #808080)] [r=2 c=2 rs=1 cs=1]
              RenderText {#text} at (2,2) size 28x19
                text run at (2,2) width 28: "c1r4"
      RenderBlock (anonymous) at (0,160) size 769x19
        RenderBR {BR} at (0,0) size 0x19
      RenderTable {TABLE} at (0,179) size 260x204 [border: (1px outset #808080)]
        RenderTableSection {TBODY} at (1,1) size 258x202
          RenderTableRow {TR} at (0,2) size 258x23
            RenderTableCell {TD} at (2,52) size 186x23 [border: (1px inset #808080)] [r=0 c=0 rs=5 cs=1]
              RenderText {#text} at (2,2) size 182x19
                text run at (2,2) width 182: "c0r[2-6],Data 2 span=5 rows"
            RenderTableCell {TD} at (190,2) size 32x23 [border: (1px inset #808080)] [r=0 c=1 rs=1 cs=1]
              RenderText {#text} at (2,2) size 28x19
                text run at (2,2) width 28: "c0r2"
            RenderTableCell {TD} at (224,2) size 32x23 [border: (1px inset #808080)] [r=0 c=2 rs=1 cs=1]
              RenderText {#text} at (2,2) size 28x19
                text run at (2,2) width 28: "c1r2"
          RenderTableRow {TR} at (0,27) size 258x23
            RenderTableCell {TD} at (190,27) size 32x23 [border: (1px inset #808080)] [r=1 c=1 rs=1 cs=1]
              RenderText {#text} at (2,2) size 28x19
                text run at (2,2) width 28: "c0r3"
            RenderTableCell {TD} at (224,27) size 32x23 [border: (1px inset #808080)] [r=1 c=2 rs=1 cs=1]
              RenderText {#text} at (2,2) size 28x19
                text run at (2,2) width 28: "c1r3"
          RenderTableRow {TR} at (0,52) size 258x23
            RenderTableCell {TD} at (190,52) size 32x23 [border: (1px inset #808080)] [r=2 c=1 rs=1 cs=1]
              RenderText {#text} at (2,2) size 28x19
                text run at (2,2) width 28: "c0r4"
            RenderTableCell {TD} at (224,52) size 32x23 [border: (1px inset #808080)] [r=2 c=2 rs=1 cs=1]
              RenderText {#text} at (2,2) size 28x19
                text run at (2,2) width 28: "c1r4"
          RenderTableRow {TR} at (0,77) size 258x23
            RenderTableCell {TD} at (190,77) size 32x23 [border: (1px inset #808080)] [r=3 c=1 rs=1 cs=1]
              RenderText {#text} at (2,2) size 28x19
                text run at (2,2) width 28: "c0r5"
            RenderTableCell {TD} at (224,77) size 32x23 [border: (1px inset #808080)] [r=3 c=2 rs=1 cs=1]
              RenderText {#text} at (2,2) size 28x19
                text run at (2,2) width 28: "c1r5"
          RenderTableRow {TR} at (0,102) size 258x23
            RenderTableCell {TD} at (190,102) size 32x23 [border: (1px inset #808080)] [r=4 c=1 rs=1 cs=1]
              RenderText {#text} at (2,2) size 28x19
                text run at (2,2) width 28: "c0r6"
            RenderTableCell {TD} at (224,102) size 32x23 [border: (1px inset #808080)] [r=4 c=2 rs=1 cs=1]
              RenderText {#text} at (2,2) size 28x19
                text run at (2,2) width 28: "c1r6"
          RenderTableRow {TR} at (0,127) size 258x23
            RenderTableCell {TD} at (2,152) size 186x23 [border: (1px inset #808080)] [r=5 c=0 rs=3 cs=1]
              RenderText {#text} at (2,2) size 136x19
                text run at (2,2) width 136: "c0r[7-9] span=3 rows"
            RenderTableCell {TD} at (190,127) size 32x23 [border: (1px inset #808080)] [r=5 c=1 rs=1 cs=1]
              RenderText {#text} at (2,2) size 28x19
                text run at (2,2) width 28: "c0r7"
            RenderTableCell {TD} at (224,127) size 32x23 [border: (1px inset #808080)] [r=5 c=2 rs=1 cs=1]
              RenderText {#text} at (2,2) size 28x19
                text run at (2,2) width 28: "c1r7"
          RenderTableRow {TR} at (0,152) size 258x23
            RenderTableCell {TD} at (190,152) size 32x23 [border: (1px inset #808080)] [r=6 c=1 rs=1 cs=1]
              RenderText {#text} at (2,2) size 28x19
                text run at (2,2) width 28: "c0r8"
            RenderTableCell {TD} at (224,152) size 32x23 [border: (1px inset #808080)] [r=6 c=2 rs=1 cs=1]
              RenderText {#text} at (2,2) size 28x19
                text run at (2,2) width 28: "c1r8"
          RenderTableRow {TR} at (0,177) size 258x23
            RenderTableCell {TD} at (190,177) size 32x23 [border: (1px inset #808080)] [r=7 c=1 rs=1 cs=1]
              RenderText {#text} at (2,2) size 28x19
                text run at (2,2) width 28: "c0r9"
            RenderTableCell {TD} at (224,177) size 32x23 [border: (1px inset #808080)] [r=7 c=2 rs=1 cs=1]
              RenderText {#text} at (2,2) size 28x19
                text run at (2,2) width 28: "c1r9"
      RenderBlock (anonymous) at (0,383) size 769x19
        RenderBR {BR} at (0,0) size 0x19
      RenderTable {TABLE} at (0,402) size 63x54 [border: (1px outset #808080)]
        RenderTableSection {TBODY} at (1,1) size 61x52
          RenderTableRow {TR} at (0,2) size 61x23
            RenderTableCell {TD} at (2,2) size 27x23 [border: (1px inset #808080)] [r=0 c=0 rs=1 cs=1]
              RenderText {#text} at (2,2) size 23x19
                text run at (2,2) width 23: "one"
            RenderTableCell {TD} at (31,14) size 28x23 [border: (1px inset #808080)] [r=0 c=1 rs=2 cs=1]
              RenderText {#text} at (2,2) size 24x19
                text run at (2,2) width 24: "two"
          RenderTableRow {TR} at (0,27) size 61x23
            RenderTableCell {TD} at (2,27) size 57x23 [border: (1px inset #808080)] [r=1 c=0 rs=1 cs=2]
              RenderText {#text} at (13,2) size 31x19
                text run at (13,2) width 31: "three"
      RenderTable {TABLE} at (0,456) size 57x29 [border: (1px outset #808080)]
        RenderTableSection {TBODY} at (1,1) size 55x27
          RenderTableRow {TR} at (0,2) size 55x0
            RenderTableCell {TD} at (2,2) size 25x23 [border: (1px inset #808080)] [r=0 c=0 rs=2 cs=1]
              RenderText {#text} at (2,2) size 21x19
                text run at (2,2) width 21: "foo"
          RenderTableRow {TR} at (0,4) size 55x21
            RenderTableCell {TD} at (29,3) size 24x23 [border: (1px inset #808080)] [r=1 c=1 rs=2 cs=1]
              RenderText {#text} at (2,2) size 20x19
                text run at (2,2) width 20: "bar"
      RenderBlock (anonymous) at (0,485) size 769x19
        RenderBR {BR} at (0,0) size 0x19
      RenderTable {TABLE} at (0,504) size 602x364 [border: (1px outset #808080)]
        RenderTableSection {TBODY} at (1,1) size 600x362
          RenderTableRow {TR} at (0,0) size 600x0
            RenderTableCell {TD} at (0,0) size 502x362 [bgcolor=#FFFFFF] [border: (1px inset #808080)] [r=0 c=0 rs=2 cs=2]
              RenderImage {IMG} at (1,1) size 132x360
          RenderTableRow {TR} at (0,0) size 600x362
            RenderTableCell {TD} at (502,170) size 98x21 [border: (1px inset #808080)] [r=1 c=2 rs=1 cs=6]
              RenderText {#text} at (73,1) size 24x19
                text run at (73,1) width 24: "xxx"
