layer at (0,0) size 800x600
  RenderView at (0,0) size 800x600
layer at (0,0) size 800x600
  RenderBlock {HTML} at (0,0) size 800x600
    RenderBody {BODY} at (8,8) size 784x584
      RenderTable {TABLE} at (0,0) size 67x44 [border: none]
        RenderTableSection {TBODY} at (0,0) size 66x43
          RenderTableRow {TR} at (0,0) size 66x22
            RenderTableCell {TD} at (0,0) size 33x22 [border: (1px none #000000)] [r=0 c=0 rs=1 cs=1]
              RenderText {#text} at (2,2) size 30x19
                text run at (2,2) width 30: "rules"
            RenderTableCell {TD} at (33,0) size 33x22 [border: (1px none #000000)] [r=0 c=1 rs=1 cs=1]
              RenderText {#text} at (1,2) size 31x19
                text run at (1,2) width 31: "none"
          RenderTableRow {TR} at (0,22) size 66x21
            RenderTableCell {TD} at (0,22) size 33x21 [border: none] [r=1 c=0 rs=1 cs=1]
              RenderText {#text} at (2,1) size 30x19
                text run at (2,1) width 30: "rules"
            RenderTableCell {TD} at (33,22) size 33x21 [r=1 c=1 rs=1 cs=1]
              RenderText {#text} at (1,1) size 31x19
                text run at (1,1) width 31: "none"
      RenderBlock (anonymous) at (0,44) size 784x19
        RenderBR {BR} at (0,0) size 0x19
      RenderTable {TABLE} at (0,63) size 114x87 [border: none]
        RenderTableSection {TBODY} at (0,0) size 113x43 [border: (1px solid #808080) none (1px solid #808080) none]
          RenderTableRow {TR} at (0,0) size 113x22
            RenderTableCell {TD} at (0,0) size 33x22 [border: (1px none #000000)] [r=0 c=0 rs=1 cs=1]
              RenderText {#text} at (2,2) size 30x19
                text run at (2,2) width 30: "rules"
            RenderTableCell {TD} at (33,0) size 80x22 [border: (1px none #000000)] [r=0 c=1 rs=1 cs=1]
              RenderText {#text} at (1,2) size 78x19
                text run at (1,2) width 78: "row group 1"
          RenderTableRow {TR} at (0,22) size 113x21
            RenderTableCell {TD} at (0,22) size 33x21 [border: none] [r=1 c=0 rs=1 cs=1]
              RenderText {#text} at (2,1) size 30x19
                text run at (2,1) width 30: "rules"
            RenderTableCell {TD} at (33,22) size 80x21 [r=1 c=1 rs=1 cs=1]
              RenderText {#text} at (1,1) size 78x19
                text run at (1,1) width 78: "row group 1"
        RenderTableSection {TBODY} at (0,43) size 113x43 [border: (1px solid #808080) none (1px solid #808080) none]
          RenderTableRow {TR} at (0,0) size 113x22
            RenderTableCell {TD} at (0,0) size 33x22 [border: (1px none #000000)] [r=0 c=0 rs=1 cs=1]
              RenderText {#text} at (2,2) size 30x19
                text run at (2,2) width 30: "rules"
            RenderTableCell {TD} at (33,0) size 80x22 [border: (1px none #000000)] [r=0 c=1 rs=1 cs=1]
              RenderText {#text} at (1,2) size 78x19
                text run at (1,2) width 78: "row group 2"
          RenderTableRow {TR} at (0,22) size 113x21
            RenderTableCell {TD} at (0,22) size 33x21 [border: none] [r=1 c=0 rs=1 cs=1]
              RenderText {#text} at (2,1) size 30x19
                text run at (2,1) width 30: "rules"
            RenderTableCell {TD} at (33,22) size 80x21 [r=1 c=1 rs=1 cs=1]
              RenderText {#text} at (1,1) size 78x19
                text run at (1,1) width 78: "row group 2"
      RenderBlock (anonymous) at (0,150) size 784x19
        RenderBR {BR} at (0,0) size 0x19
      RenderTable {TABLE} at (0,169) size 215x44 [border: none]
        RenderTableCol {COLGROUP} at (0,0) size 0x0 [border: (1px solid #000000) none (1px solid #000000)]
          RenderTableCol {COL} at (0,0) size 0x0
          RenderTableCol {COL} at (0,0) size 0x0
        RenderTableCol {COLGROUP} at (0,0) size 0x0 [border: (1px solid #000000) none (1px solid #000000)]
          RenderTableCol {COL} at (0,0) size 0x0
          RenderTableCol {COL} at (0,0) size 0x0
        RenderTableSection {TBODY} at (0,0) size 214x43 [border: (1px solid #808080) none (1px solid #808080) none]
          RenderTableRow {TR} at (0,0) size 214x22
            RenderTableCell {TD} at (0,0) size 33x22 [border: (1px none #000000)] [r=0 c=0 rs=1 cs=1]
              RenderText {#text} at (2,2) size 30x19
                text run at (2,2) width 30: "rules"
            RenderTableCell {TD} at (33,0) size 74x22 [border: (1px none #000000)] [r=0 c=1 rs=1 cs=1]
              RenderText {#text} at (1,2) size 72x19
                text run at (1,2) width 72: "col group 1"
            RenderTableCell {TD} at (107,0) size 33x22 [border: (1px none #000000)] [r=0 c=2 rs=1 cs=1]
              RenderText {#text} at (2,2) size 30x19
                text run at (2,2) width 30: "rules"
            RenderTableCell {TD} at (140,0) size 74x22 [border: (1px none #000000)] [r=0 c=3 rs=1 cs=1]
              RenderText {#text} at (1,2) size 72x19
                text run at (1,2) width 72: "col group 2"
          RenderTableRow {TR} at (0,22) size 214x21
            RenderTableCell {TD} at (0,22) size 33x21 [border: none] [r=1 c=0 rs=1 cs=1]
              RenderText {#text} at (2,1) size 30x19
                text run at (2,1) width 30: "rules"
            RenderTableCell {TD} at (33,22) size 74x21 [r=1 c=1 rs=1 cs=1]
              RenderText {#text} at (1,1) size 72x19
                text run at (1,1) width 72: "col group 1"
            RenderTableCell {TD} at (107,22) size 33x21 [border: none] [r=1 c=2 rs=1 cs=1]
              RenderText {#text} at (2,1) size 30x19
                text run at (2,1) width 30: "rules"
            RenderTableCell {TD} at (140,22) size 74x21 [r=1 c=3 rs=1 cs=1]
              RenderText {#text} at (1,1) size 72x19
                text run at (1,1) width 72: "col group 2"
      RenderBlock (anonymous) at (0,213) size 784x19
        RenderBR {BR} at (0,0) size 0x19
      RenderTable {TABLE} at (0,232) size 67x45 [border: none]
        RenderTableSection {TBODY} at (0,0) size 66x44
          RenderTableRow {TR} at (0,0) size 66x22
            RenderTableCell {TD} at (0,0) size 33x22 [border: (1px solid #808080) none none (1px none #808080)] [r=0 c=0 rs=1 cs=1]
              RenderText {#text} at (2,2) size 30x19
                text run at (2,2) width 30: "rules"
            RenderTableCell {TD} at (33,0) size 33x22 [border: (1px solid #808080) none none none] [r=0 c=1 rs=1 cs=1]
              RenderText {#text} at (1,2) size 31x19
                text run at (1,2) width 31: "rows"
          RenderTableRow {TR} at (0,22) size 66x22
            RenderTableCell {TD} at (0,22) size 33x22 [border: (1px solid #808080) none none (1px none #808080)] [r=1 c=0 rs=1 cs=1]
              RenderText {#text} at (2,2) size 30x19
                text run at (2,2) width 30: "rules"
            RenderTableCell {TD} at (33,22) size 33x22 [border: (1px solid #808080) none none none] [r=1 c=1 rs=1 cs=1]
              RenderText {#text} at (1,2) size 31x19
                text run at (1,2) width 31: "rows"
      RenderBlock (anonymous) at (0,277) size 784x19
        RenderBR {BR} at (0,0) size 0x19
      RenderTable {TABLE} at (0,296) size 62x44 [border: none]
        RenderTableSection {TBODY} at (0,0) size 61x43
          RenderTableRow {TR} at (0,0) size 61x22
            RenderTableCell {TD} at (0,0) size 33x22 [border: (1px none #808080) none none (1px solid #808080)] [r=0 c=0 rs=1 cs=1]
              RenderText {#text} at (2,2) size 30x19
                text run at (2,2) width 30: "rules"
            RenderTableCell {TD} at (33,0) size 28x22 [border: (1px none #808080) none none (1px solid #808080)] [r=0 c=1 rs=1 cs=1]
              RenderText {#text} at (2,2) size 25x19
                text run at (2,2) width 25: "cols"
          RenderTableRow {TR} at (0,22) size 61x21
            RenderTableCell {TD} at (0,22) size 33x21 [border: none none none (1px solid #808080)] [r=1 c=0 rs=1 cs=1]
              RenderText {#text} at (2,1) size 30x19
                text run at (2,1) width 30: "rules"
            RenderTableCell {TD} at (33,22) size 28x21 [border: none none none (1px solid #808080)] [r=1 c=1 rs=1 cs=1]
              RenderText {#text} at (2,1) size 25x19
                text run at (2,1) width 25: "cols"
      RenderBlock (anonymous) at (0,340) size 784x19
        RenderBR {BR} at (0,0) size 0x19
      RenderTable {TABLE} at (0,359) size 52x45 [border: none]
        RenderTableSection {TBODY} at (0,0) size 51x44
          RenderTableRow {TR} at (0,0) size 51x22
            RenderTableCell {TD} at (0,0) size 33x22 [border: (1px solid #808080)] [r=0 c=0 rs=1 cs=1]
              RenderText {#text} at (2,2) size 30x19
                text run at (2,2) width 30: "rules"
            RenderTableCell {TD} at (33,0) size 18x22 [border: (1px solid #808080)] [r=0 c=1 rs=1 cs=1]
              RenderText {#text} at (2,2) size 15x19
                text run at (2,2) width 15: "all"
          RenderTableRow {TR} at (0,22) size 51x22
            RenderTableCell {TD} at (0,22) size 33x22 [border: (1px solid #808080)] [r=1 c=0 rs=1 cs=1]
              RenderText {#text} at (2,2) size 30x19
                text run at (2,2) width 30: "rules"
            RenderTableCell {TD} at (33,22) size 18x22 [border: (1px solid #808080)] [r=1 c=1 rs=1 cs=1]
              RenderText {#text} at (2,2) size 15x19
                text run at (2,2) width 15: "all"
      RenderBlock (anonymous) at (0,404) size 784x19
        RenderBR {BR} at (0,0) size 0x19
