layer at (0,0) size 800x600
  RenderView at (0,0) size 800x600
layer at (0,0) size 800x600
  RenderBlock {HTML} at (0,0) size 800x600
    RenderBody {BODY} at (8,8) size 784x584
      RenderTable {TABLE} at (0,0) size 78x27
        RenderTableSection {TBODY} at (0,0) size 78x27
          RenderTableRow {TR} at (0,2) size 78x23
            RenderTableCell {TD} at (2,2) size 40x23 [border: (1px inset #808080)] [r=0 c=0 rs=1 cs=1]
              RenderText {#text} at (2,2) size 36x19
                text run at (2,2) width 36: "frame"
            RenderTableCell {TD} at (44,2) size 32x23 [border: (1px inset #808080)] [r=0 c=1 rs=1 cs=1]
              RenderText {#text} at (2,2) size 28x19
                text run at (2,2) width 28: "void"
      RenderBlock (anonymous) at (0,27) size 784x19
        RenderBR {BR} at (0,0) size 0x19
      RenderTable {TABLE} at (0,46) size 88x28 [border: (1px solid #808080) none]
        RenderTableSection {TBODY} at (0,1) size 88x27
          RenderTableRow {TR} at (0,2) size 88x23
            RenderTableCell {TD} at (2,2) size 40x23 [border: (1px inset #808080)] [r=0 c=0 rs=1 cs=1]
              RenderText {#text} at (2,2) size 36x19
                text run at (2,2) width 36: "frame"
            RenderTableCell {TD} at (44,2) size 42x23 [border: (1px inset #808080)] [r=0 c=1 rs=1 cs=1]
              RenderText {#text} at (2,2) size 38x19
                text run at (2,2) width 38: "above"
      RenderBlock (anonymous) at (0,74) size 784x19
        RenderBR {BR} at (0,0) size 0x19
      RenderTable {TABLE} at (0,93) size 89x28 [border: none (1px solid #808080) none]
        RenderTableSection {TBODY} at (0,0) size 89x27
          RenderTableRow {TR} at (0,2) size 89x23
            RenderTableCell {TD} at (2,2) size 40x23 [border: (1px inset #808080)] [r=0 c=0 rs=1 cs=1]
              RenderText {#text} at (2,2) size 36x19
                text run at (2,2) width 36: "frame"
            RenderTableCell {TD} at (44,2) size 43x23 [border: (1px inset #808080)] [r=0 c=1 rs=1 cs=1]
              RenderText {#text} at (2,2) size 39x19
                text run at (2,2) width 39: "below"
      RenderBlock (anonymous) at (0,121) size 784x19
        RenderBR {BR} at (0,0) size 0x19
      RenderTable {TABLE} at (0,140) size 89x29 [border: (1px solid #808080) none (1px solid #808080) none]
        RenderTableSection {TBODY} at (0,1) size 89x27
          RenderTableRow {TR} at (0,2) size 89x23
            RenderTableCell {TD} at (2,2) size 40x23 [border: (1px inset #808080)] [r=0 c=0 rs=1 cs=1]
              RenderText {#text} at (2,2) size 36x19
                text run at (2,2) width 36: "frame"
            RenderTableCell {TD} at (44,2) size 43x23 [border: (1px inset #808080)] [r=0 c=1 rs=1 cs=1]
              RenderText {#text} at (2,2) size 39x19
                text run at (2,2) width 39: "hsides"
      RenderBlock (anonymous) at (0,169) size 784x19
        RenderBR {BR} at (0,0) size 0x19
      RenderTable {TABLE} at (0,188) size 91x27 [border: none (1px solid #808080) none (1px solid #808080)]
        RenderTableSection {TBODY} at (1,0) size 89x27
          RenderTableRow {TR} at (0,2) size 89x23
            RenderTableCell {TD} at (2,2) size 40x23 [border: (1px inset #808080)] [r=0 c=0 rs=1 cs=1]
              RenderText {#text} at (2,2) size 36x19
                text run at (2,2) width 36: "frame"
            RenderTableCell {TD} at (44,2) size 43x23 [border: (1px inset #808080)] [r=0 c=1 rs=1 cs=1]
              RenderText {#text} at (2,2) size 39x19
                text run at (2,2) width 39: "vsides"
      RenderBlock (anonymous) at (0,215) size 784x19
        RenderBR {BR} at (0,0) size 0x19
      RenderTable {TABLE} at (0,234) size 70x27 [border: none (1px solid #808080) none]
        RenderTableSection {TBODY} at (0,0) size 69x27
          RenderTableRow {TR} at (0,2) size 69x23
            RenderTableCell {TD} at (2,2) size 40x23 [border: (1px inset #808080)] [r=0 c=0 rs=1 cs=1]
              RenderText {#text} at (2,2) size 36x19
                text run at (2,2) width 36: "frame"
            RenderTableCell {TD} at (44,2) size 23x23 [border: (1px inset #808080)] [r=0 c=1 rs=1 cs=1]
              RenderText {#text} at (2,2) size 19x19
                text run at (2,2) width 19: "rhs"
      RenderBlock (anonymous) at (0,261) size 784x19
        RenderBR {BR} at (0,0) size 0x19
      RenderTable {TABLE} at (0,280) size 69x27 [border: none (1px solid #808080)]
        RenderTableSection {TBODY} at (1,0) size 68x27
          RenderTableRow {TR} at (0,2) size 68x23
            RenderTableCell {TD} at (2,2) size 40x23 [border: (1px inset #808080)] [r=0 c=0 rs=1 cs=1]
              RenderText {#text} at (2,2) size 36x19
                text run at (2,2) width 36: "frame"
            RenderTableCell {TD} at (44,2) size 22x23 [border: (1px inset #808080)] [r=0 c=1 rs=1 cs=1]
              RenderText {#text} at (2,2) size 18x19
                text run at (2,2) width 18: "lhs"
      RenderBlock (anonymous) at (0,307) size 784x19
        RenderBR {BR} at (0,0) size 0x19
      RenderTable {TABLE} at (0,326) size 76x29 [border: (1px solid #808080)]
        RenderTableSection {TBODY} at (1,1) size 74x27
          RenderTableRow {TR} at (0,2) size 74x23
            RenderTableCell {TD} at (2,2) size 40x23 [border: (1px inset #808080)] [r=0 c=0 rs=1 cs=1]
              RenderText {#text} at (2,2) size 36x19
                text run at (2,2) width 36: "frame"
            RenderTableCell {TD} at (44,2) size 28x23 [border: (1px inset #808080)] [r=0 c=1 rs=1 cs=1]
              RenderText {#text} at (2,2) size 24x19
                text run at (2,2) width 24: "box"
      RenderBlock (anonymous) at (0,355) size 784x19
        RenderBR {BR} at (0,0) size 0x19
      RenderTable {TABLE} at (0,374) size 93x29 [border: (1px solid #808080)]
        RenderTableSection {TBODY} at (1,1) size 91x27
          RenderTableRow {TR} at (0,2) size 91x23
            RenderTableCell {TD} at (2,2) size 40x23 [border: (1px inset #808080)] [r=0 c=0 rs=1 cs=1]
              RenderText {#text} at (2,2) size 36x19
                text run at (2,2) width 36: "frame"
            RenderTableCell {TD} at (44,2) size 45x23 [border: (1px inset #808080)] [r=0 c=1 rs=1 cs=1]
              RenderText {#text} at (2,2) size 41x19
                text run at (2,2) width 41: "border"
      RenderBlock (anonymous) at (0,403) size 784x19
        RenderBR {BR} at (0,0) size 0x19
