layer at (0,0) size 800x600
  RenderView at (0,0) size 800x600
layer at (0,0) size 800x153
  RenderBlock {HTML} at (0,0) size 800x153
    RenderBody {BODY} at (8,16) size 784x129
      RenderBlock {P} at (0,0) size 784x19
        RenderText {#text} at (0,0) size 347x19
          text run at (0,0) width 347: "All of the table rows and cells below should be rotated."
      RenderTable {TABLE} at (0,35) size 198x94
        RenderTableSection {TBODY} at (0,0) size 198x94
          RenderTableRow {TR} at (0,48) size 198x21
          RenderTableRow {TR} at (0,71) size 198x21
layer at (8,53) size 198x21
  RenderTableRow {TR} at (0,2) size 198x21
    RenderTableCell {TD} at (2,2) size 194x21 [r=0 c=0 rs=1 cs=1]
      RenderText {#text} at (1,1) size 110x19
        text run at (1,1) width 110: "Transformed row"
layer at (8,76) size 198x21
  RenderTableRow {TR} at (0,25) size 198x21
    RenderTableCell {TD} at (2,25) size 194x21 [r=1 c=0 rs=1 cs=1]
      RenderText {#text} at (1,1) size 192x19
        text run at (1,1) width 192: "Transformed row with opacity"
layer at (10,99) size 194x21
  RenderTableCell {TD} at (2,48) size 194x21 [r=2 c=0 rs=1 cs=1]
    RenderText {#text} at (1,1) size 107x19
      text run at (1,1) width 107: "Transformed cell"
layer at (10,122) size 194x21
  RenderTableCell {TD} at (2,71) size 194x21 [r=3 c=0 rs=1 cs=1]
    RenderText {#text} at (1,1) size 189x19
      text run at (1,1) width 189: "Transformed cell with opacity"
