layer at (0,0) size 800x600
  RenderView at (0,0) size 800x600
layer at (0,0) size 800x600
  RenderBlock {HTML} at (0,0) size 800x600
    RenderBody {BODY} at (8,8) size 784x584 [bgcolor=#CCCCCC]
      RenderBlock {P} at (0,0) size 784x21
        RenderText {#text} at (0,0) size 395x21
          text run at (0,0) width 395: "The style declarations which apply to the text below are:"
      RenderBlock {PRE} at (0,37) size 784x51
        RenderText {#text} at (0,0) size 189x51
          text run at (0,0) width 189: ".one {list-style-position: outside;}"
          text run at (189,0) width 0: " "
          text run at (0,17) width 180: ".two {list-style-position: inside;}"
          text run at (180,17) width 0: " "
          text run at (0,34) width 0: " "
      RenderBlock {HR} at (0,101) size 784x2 [border: (1px inset #000000)]
      RenderBlock {UL} at (0,119) size 784x42
        RenderListItem {LI} at (40,0) size 744x42
          RenderListMarker at (-18,0) size 7x21: bullet
          RenderText {#text} at (0,0) size 706x42
            text run at (0,0) width 706: "The text in this item should behave as expected; that is, it should line up with itself on the left margin,"
            text run at (0,21) width 277: "leaving blank space beneath the bullet."
      RenderBlock {UL} at (0,177) size 784x42
        RenderListItem {LI} at (40,0) size 744x42
          RenderListMarker at (-1,0) size 7x21: bullet
          RenderText {#text} at (16,0) size 723x42
            text run at (16,0) width 707: "The text in this item should not behave as expected; that is, it should line up with the bullet on the left"
            text run at (0,21) width 356: "margin, leaving no blank space beneath the bullet."
      RenderTable {TABLE} at (0,235) size 784x155 [border: (1px outset #808080)]
        RenderTableSection {TBODY} at (1,1) size 782x153
          RenderTableRow {TR} at (0,0) size 782x29
            RenderTableCell {TD} at (0,0) size 782x29 [bgcolor=#C0C0C0] [border: (1px inset #808080)] [r=0 c=0 rs=1 cs=2]
              RenderInline {STRONG} at (0,0) size 178x21
                RenderText {#text} at (4,4) size 178x21
                  text run at (4,4) width 178: "TABLE Testing Section"
          RenderTableRow {TR} at (0,29) size 782x124
            RenderTableCell {TD} at (0,76) size 12x29 [bgcolor=#C0C0C0] [border: (1px inset #808080)] [r=1 c=0 rs=1 cs=1]
              RenderText {#text} at (4,4) size 4x21
                text run at (4,4) width 4: " "
            RenderTableCell {TD} at (12,29) size 770x124 [border: (1px inset #808080)] [r=1 c=1 rs=1 cs=1]
              RenderBlock {UL} at (4,4) size 762x42
                RenderListItem {LI} at (40,0) size 722x42
                  RenderListMarker at (-18,0) size 7x21: bullet
                  RenderText {#text} at (0,0) size 706x42
                    text run at (0,0) width 706: "The text in this item should behave as expected; that is, it should line up with itself on the left margin,"
                    text run at (0,21) width 277: "leaving blank space beneath the bullet."
              RenderBlock {UL} at (4,62) size 762x42
                RenderListItem {LI} at (40,0) size 722x42
                  RenderListMarker at (-1,0) size 7x21: bullet
                  RenderText {#text} at (16,0) size 698x42
                    text run at (16,0) width 682: "The text in this item should not behave as expected; that is, it should line up with the bullet on the"
                    text run at (0,21) width 381: "left margin, leaving no blank space beneath the bullet."
