layer at (0,0) size 800x600
  RenderView at (0,0) size 800x600
layer at (0,0) size 800x600
  RenderBlock {HTML} at (0,0) size 800x600
    RenderBody {BODY} at (8,8) size 784x584
      RenderBlock {P} at (0,0) size 784x38
        RenderText {#text} at (0,0) size 766x38
          text run at (0,0) width 766: "Colgroups are used to identify column groups. This table has two distinct column groups titled 'Airport Location' and 'Car"
          text run at (0,19) width 555: "Rental Information'. The first has a width of 20%; the second has a width of 40% pixels."
      RenderTable {TABLE} at (0,54) size 784x198 [border: (1px outset #808080)]
        RenderTableCol {COLGROUP} at (0,0) size 0x0
        RenderTableCol {COLGROUP} at (0,0) size 0x0
        RenderTableSection {TBODY} at (1,1) size 782x196
          RenderTableRow {TR} at (0,2) size 782x23
            RenderTableCell {TH} at (2,2) size 464x23 [border: (1px inset #808080)] [r=0 c=0 rs=1 cs=2]
              RenderText {#text} at (174,2) size 116x19
                text run at (174,2) width 116: "Airport Location"
            RenderTableCell {TH} at (468,2) size 312x23 [border: (1px inset #808080)] [r=0 c=2 rs=1 cs=3]
              RenderText {#text} at (75,2) size 162x19
                text run at (75,2) width 162: "Car Rental Information"
          RenderTableRow {TR} at (0,27) size 782x42
            RenderTableCell {TH} at (2,36) size 154x23 [border: (1px inset #808080)] [r=1 c=0 rs=1 cs=1]
              RenderText {#text} at (48,2) size 58x19
                text run at (48,2) width 58: "Country"
            RenderTableCell {TH} at (158,36) size 308x23 [border: (1px inset #808080)] [r=1 c=1 rs=1 cs=1]
              RenderText {#text} at (139,2) size 30x19
                text run at (139,2) width 30: "City"
            RenderTableCell {TH} at (468,27) size 103x42 [border: (1px inset #808080)] [r=1 c=2 rs=1 cs=1]
              RenderText {#text} at (34,2) size 67x38
                text run at (34,2) width 35: "ABC"
                text run at (18,21) width 67: "Company"
            RenderTableCell {TH} at (573,27) size 101x42 [border: (1px inset #808080)] [r=1 c=3 rs=1 cs=1]
              RenderText {#text} at (34,2) size 67x38
                text run at (34,2) width 33: "EFG"
                text run at (17,21) width 67: "Company"
            RenderTableCell {TH} at (676,27) size 104x42 [border: (1px inset #808080)] [r=1 c=4 rs=1 cs=1]
              RenderText {#text} at (34,2) size 68x38
                text run at (34,2) width 36: "XYZ"
                text run at (18,21) width 68: "Company"
          RenderTableRow {TR} at (0,71) size 782x23
            RenderTableCell {TD} at (2,71) size 154x23 [border: (1px inset #808080)] [r=2 c=0 rs=1 cs=1]
              RenderText {#text} at (2,2) size 43x19
                text run at (2,2) width 43: "France"
            RenderTableCell {TD} at (158,71) size 308x23 [border: (1px inset #808080)] [r=2 c=1 rs=1 cs=1]
              RenderText {#text} at (2,2) size 31x19
                text run at (2,2) width 31: "Paris"
            RenderTableCell {TD} at (468,71) size 103x23 [border: (1px inset #808080)] [r=2 c=2 rs=1 cs=1]
              RenderText {#text} at (2,2) size 21x19
                text run at (2,2) width 21: "yes"
            RenderTableCell {TD} at (573,71) size 101x23 [border: (1px inset #808080)] [r=2 c=3 rs=1 cs=1]
              RenderText {#text} at (2,2) size 21x19
                text run at (2,2) width 21: "yes"
            RenderTableCell {TD} at (676,71) size 104x23 [border: (1px inset #808080)] [r=2 c=4 rs=1 cs=1]
              RenderText {#text} at (2,2) size 21x19
                text run at (2,2) width 21: "yes"
          RenderTableRow {TR} at (0,96) size 782x23
            RenderTableCell {TD} at (2,96) size 154x23 [border: (1px inset #808080)] [r=3 c=0 rs=1 cs=1]
              RenderText {#text} at (2,2) size 59x19
                text run at (2,2) width 59: "Germany"
            RenderTableCell {TD} at (158,96) size 308x23 [border: (1px inset #808080)] [r=3 c=1 rs=1 cs=1]
              RenderText {#text} at (2,2) size 59x19
                text run at (2,2) width 59: "Frankfurt"
            RenderTableCell {TD} at (468,96) size 103x23 [border: (1px inset #808080)] [r=3 c=2 rs=1 cs=1]
              RenderText {#text} at (2,2) size 21x19
                text run at (2,2) width 21: "yes"
            RenderTableCell {TD} at (573,96) size 101x23 [border: (1px inset #808080)] [r=3 c=3 rs=1 cs=1]
              RenderText {#text} at (2,2) size 21x19
                text run at (2,2) width 21: "yes"
            RenderTableCell {TD} at (676,96) size 104x23 [border: (1px inset #808080)] [r=3 c=4 rs=1 cs=1]
              RenderText {#text} at (2,2) size 21x19
                text run at (2,2) width 21: "yes"
          RenderTableRow {TR} at (0,121) size 782x23
            RenderTableCell {TD} at (2,121) size 154x23 [border: (1px inset #808080)] [r=4 c=0 rs=1 cs=1]
              RenderText {#text} at (2,2) size 53x19
                text run at (2,2) width 53: "England"
            RenderTableCell {TD} at (158,121) size 308x23 [border: (1px inset #808080)] [r=4 c=1 rs=1 cs=1]
              RenderText {#text} at (2,2) size 50x19
                text run at (2,2) width 50: "London"
            RenderTableCell {TD} at (468,121) size 103x23 [border: (1px inset #808080)] [r=4 c=2 rs=1 cs=1]
              RenderText {#text} at (2,2) size 21x19
                text run at (2,2) width 21: "yes"
            RenderTableCell {TD} at (573,121) size 101x23 [border: (1px inset #808080)] [r=4 c=3 rs=1 cs=1]
              RenderText {#text} at (2,2) size 21x19
                text run at (2,2) width 21: "yes"
            RenderTableCell {TD} at (676,121) size 104x23 [border: (1px inset #808080)] [r=4 c=4 rs=1 cs=1]
              RenderText {#text} at (2,2) size 21x19
                text run at (2,2) width 21: "yes"
          RenderTableRow {TR} at (0,146) size 782x23
            RenderTableCell {TD} at (2,146) size 154x23 [border: (1px inset #808080)] [r=5 c=0 rs=1 cs=1]
              RenderText {#text} at (2,2) size 76x19
                text run at (2,2) width 76: "Netherlands"
            RenderTableCell {TD} at (158,146) size 308x23 [border: (1px inset #808080)] [r=5 c=1 rs=1 cs=1]
              RenderText {#text} at (2,2) size 73x19
                text run at (2,2) width 73: "Amsterdam"
            RenderTableCell {TD} at (468,146) size 103x23 [border: (1px inset #808080)] [r=5 c=2 rs=1 cs=1]
              RenderText {#text} at (2,2) size 21x19
                text run at (2,2) width 21: "yes"
            RenderTableCell {TD} at (573,146) size 101x23 [border: (1px inset #808080)] [r=5 c=3 rs=1 cs=1]
              RenderText {#text} at (2,2) size 21x19
                text run at (2,2) width 21: "yes"
            RenderTableCell {TD} at (676,146) size 104x23 [border: (1px inset #808080)] [r=5 c=4 rs=1 cs=1]
              RenderText {#text} at (2,2) size 21x19
                text run at (2,2) width 21: "yes"
          RenderTableRow {TR} at (0,171) size 782x23
            RenderTableCell {TD} at (2,171) size 154x23 [border: (1px inset #808080)] [r=6 c=0 rs=1 cs=1]
              RenderText {#text} at (2,2) size 33x19
                text run at (2,2) width 33: "USA"
            RenderTableCell {TD} at (158,171) size 308x23 [border: (1px inset #808080)] [r=6 c=1 rs=1 cs=1]
              RenderText {#text} at (2,2) size 68x19
                text run at (2,2) width 68: "New York"
            RenderTableCell {TD} at (468,171) size 103x23 [border: (1px inset #808080)] [r=6 c=2 rs=1 cs=1]
              RenderText {#text} at (2,2) size 21x19
                text run at (2,2) width 21: "yes"
            RenderTableCell {TD} at (573,171) size 101x23 [border: (1px inset #808080)] [r=6 c=3 rs=1 cs=1]
              RenderText {#text} at (2,2) size 21x19
                text run at (2,2) width 21: "yes"
            RenderTableCell {TD} at (676,171) size 104x23 [border: (1px inset #808080)] [r=6 c=4 rs=1 cs=1]
              RenderText {#text} at (2,2) size 21x19
                text run at (2,2) width 21: "yes"
