layer at (0,0) size 800x600
  RenderView at (0,0) size 800x600
layer at (0,0) size 800x600
  RenderBlock {HTML} at (0,0) size 800x600
    RenderBody {BODY} at (8,8) size 784x584
      RenderTable {TABLE} at (0,0) size 414x113 [border: (2px outset #808080)]
        RenderBlock {CAPTION} at (0,0) size 409x19
          RenderText {#text} at (10,0) size 389x19
            text run at (10,0) width 389: "Communicator 4.5 Installers for Mac and Windows Platforms"
        RenderTableSection {TBODY} at (2,21) size 409x89
          RenderTableRow {TR} at (0,0) size 409x24
            RenderTableCell {TH} at (0,9) size 119x5 [border: (3px none #000000)] [r=0 c=0 rs=1 cs=1]
            RenderTableCell {TH} at (119,0) size 109x24 [border: (3px none #000000)] [r=0 c=1 rs=1 cs=1]
              RenderText {#text} at (1,4) size 107x19
                text run at (1,4) width 107: "Macintosh PPC"
            RenderTableCell {TH} at (228,0) size 86x24 [border: (3px none #000000)] [r=0 c=2 rs=1 cs=1]
              RenderText {#text} at (1,4) size 84x19
                text run at (1,4) width 84: "Windows 95"
            RenderTableCell {TH} at (314,0) size 95x24 [border: (3px none #000000)] [r=0 c=3 rs=1 cs=1]
              RenderText {#text} at (1,4) size 91x19
                text run at (1,4) width 91: "Windows NT"
          RenderTableRow {TR} at (0,24) size 409x21
            RenderTableCell {TD} at (0,24) size 119x21 [border: none] [r=1 c=0 rs=1 cs=1]
              RenderText {#text} at (4,1) size 73x19
                text run at (4,1) width 73: "Base Install"
            RenderTableCell {TD} at (119,24) size 109x21 [r=1 c=1 rs=1 cs=1]
              RenderText {#text} at (1,1) size 21x19
                text run at (1,1) width 21: "yes"
            RenderTableCell {TD} at (228,24) size 86x21 [r=1 c=2 rs=1 cs=1]
              RenderText {#text} at (1,1) size 21x19
                text run at (1,1) width 21: "yes"
            RenderTableCell {TD} at (314,24) size 95x21 [border: none] [r=1 c=3 rs=1 cs=1]
              RenderText {#text} at (1,1) size 21x19
                text run at (1,1) width 21: "yes"
          RenderTableRow {TR} at (0,45) size 409x21
            RenderTableCell {TD} at (0,45) size 119x21 [border: none] [r=2 c=0 rs=1 cs=1]
              RenderText {#text} at (4,1) size 103x19
                text run at (4,1) width 103: "Complete Install"
            RenderTableCell {TD} at (119,45) size 109x21 [r=2 c=1 rs=1 cs=1]
              RenderText {#text} at (1,1) size 21x19
                text run at (1,1) width 21: "yes"
            RenderTableCell {TD} at (228,45) size 86x21 [r=2 c=2 rs=1 cs=1]
              RenderText {#text} at (1,1) size 21x19
                text run at (1,1) width 21: "yes"
            RenderTableCell {TD} at (314,45) size 95x21 [border: none] [r=2 c=3 rs=1 cs=1]
              RenderText {#text} at (1,1) size 21x19
                text run at (1,1) width 21: "yes"
          RenderTableRow {TR} at (0,66) size 409x23
            RenderTableCell {TD} at (0,66) size 119x23 [border: none] [r=3 c=0 rs=1 cs=1]
              RenderText {#text} at (4,1) size 114x19
                text run at (4,1) width 114: "Pro Edition Install"
            RenderTableCell {TD} at (119,66) size 109x23 [border: none] [r=3 c=1 rs=1 cs=1]
              RenderText {#text} at (1,1) size 21x19
                text run at (1,1) width 21: "yes"
            RenderTableCell {TD} at (228,66) size 86x23 [border: none] [r=3 c=2 rs=1 cs=1]
              RenderText {#text} at (1,1) size 21x19
                text run at (1,1) width 21: "yes"
            RenderTableCell {TD} at (314,66) size 95x23 [border: none] [r=3 c=3 rs=1 cs=1]
              RenderText {#text} at (1,1) size 21x19
                text run at (1,1) width 21: "yes"
