layer at (0,0) size 800x600
  RenderView at (0,0) size 800x600
layer at (0,0) size 800x600
  RenderBlock {HTML} at (0,0) size 800x600
    RenderBody {BODY} at (8,8) size 784x584
      RenderBlock (anonymous) at (0,0) size 784x19
        RenderText {#text} at (0,0) size 535x19
          text run at (0,0) width 535: "The TH tag uses the WIDTH attribute. The first table's TH width is set to 500 pixels."
        RenderBR {BR} at (535,15) size 0x0
      RenderTable {TABLE} at (0,19) size 610x54 [border: (1px outset #808080)]
        RenderTableSection {TBODY} at (1,1) size 608x52
          RenderTableRow {TR} at (0,2) size 608x23
            RenderTableCell {TH} at (2,2) size 604x23 [border: (1px inset #808080)] [r=0 c=0 rs=1 cs=1]
              RenderText {#text} at (171,2) size 262x19
                text run at (171,2) width 262: "Netscape Communicator Version 4.0.6"
          RenderTableRow {TR} at (0,27) size 608x23
            RenderTableCell {TD} at (2,27) size 604x23 [border: (1px inset #808080)] [r=1 c=0 rs=1 cs=1]
              RenderText {#text} at (2,2) size 60x19
                text run at (2,2) width 60: "Platforms"
      RenderBlock (anonymous) at (0,73) size 784x38
        RenderBR {BR} at (0,0) size 0x19
        RenderText {#text} at (0,19) size 309x19
          text run at (0,19) width 309: "This second table's TH width is set to 200 pixels."
        RenderBR {BR} at (309,34) size 0x0
      RenderTable {TABLE} at (0,111) size 210x73 [border: (1px outset #808080)]
        RenderTableSection {TBODY} at (1,1) size 208x71
          RenderTableRow {TR} at (0,2) size 208x42
            RenderTableCell {TH} at (2,2) size 204x42 [border: (1px inset #808080)] [r=0 c=0 rs=1 cs=1]
              RenderText {#text} at (18,2) size 168x38
                text run at (18,2) width 168: "Netscape Communicator"
                text run at (57,21) width 90: "Version 4.0.6"
          RenderTableRow {TR} at (0,46) size 208x23
            RenderTableCell {TD} at (2,46) size 204x23 [border: (1px inset #808080)] [r=1 c=0 rs=1 cs=1]
              RenderText {#text} at (2,2) size 60x19
                text run at (2,2) width 60: "Platforms"
