layer at (0,0) size 800x600
  RenderView at (0,0) size 800x600
layer at (0,0) size 800x600
  RenderBlock {HTML} at (0,0) size 800x600
    RenderBody {BODY} at (8,8) size 784x584
      RenderTable {TABLE} at (0,0) size 784x29 [bgcolor=#00FF00] [border: (1px outset #808080)]
        RenderTableSection {TBODY} at (1,1) size 782x27
          RenderTableRow {TR} at (0,2) size 782x23
            RenderTableCell {TD} at (2,2) size 388x23 [border: (1px inset #808080)] [r=0 c=0 rs=1 cs=1]
              RenderText {#text} at (2,2) size 384x19
                text run at (2,2) width 384: "Here is a table with a lime background using the ID attribute."
            RenderTableCell {TD} at (392,2) size 388x23 [border: (1px inset #808080)] [r=0 c=1 rs=1 cs=1]
              RenderText {#text} at (2,2) size 384x19
                text run at (2,2) width 384: "Here is a table with a lime background using the ID attribute."
      RenderBlock (anonymous) at (0,29) size 784x38
        RenderBR {BR} at (0,0) size 0x19
        RenderBR {BR} at (0,19) size 0x19
      RenderTable {TABLE} at (0,67) size 536x29 [border: (1px outset #808080)]
        RenderTableSection {TBODY} at (1,1) size 534x27
          RenderTableRow {TR} at (0,2) size 534x23
            RenderTableCell {TD} at (2,2) size 264x23 [border: (1px inset #808080)] [r=0 c=0 rs=1 cs=1]
              RenderText {#text} at (2,2) size 260x19
                text run at (2,2) width 260: "Here is a table with no ID attribute value."
            RenderTableCell {TD} at (268,2) size 264x23 [border: (1px inset #808080)] [r=0 c=1 rs=1 cs=1]
              RenderText {#text} at (2,2) size 260x19
                text run at (2,2) width 260: "Here is a table with no ID attribute value."
