layer at (0,0) size 800x600
  RenderView at (0,0) size 800x600
layer at (0,0) size 800x600
  RenderBlock {HTML} at (0,0) size 800x600
    RenderBody {BODY} at (8,8) size 784x584
      RenderBlock {P} at (0,0) size 784x38
        RenderText {#text} at (0,0) size 667x38
          text run at (0,0) width 667: "The THEAD element labels the head area of a table. In this test, the THEAD text has an attribute value of"
          text run at (0,19) width 631: "ALIGN=JUSTIFY. ALIGN-JUSTIFY should attempt to justify text within all cells of the THEAD."
      RenderTable {TABLE} at (0,54) size 692x85 [border: (1px outset #808080)]
        RenderTableSection {THEAD} at (1,1) size 690x27
          RenderTableRow {TR} at (0,2) size 690x23
            RenderTableCell {TD} at (2,2) size 342x23 [border: (1px inset #808080)] [r=0 c=0 rs=1 cs=1]
              RenderText {#text} at (2,2) size 168x19
                text run at (2,2) width 168: "This text is in the THEAD"
            RenderTableCell {TD} at (346,2) size 342x23 [border: (1px inset #808080)] [r=0 c=1 rs=1 cs=1]
              RenderText {#text} at (2,2) size 168x19
                text run at (2,2) width 168: "This text is in the THEAD"
        RenderTableSection {TFOOT} at (1,57) size 690x27
          RenderTableRow {TR} at (0,2) size 690x23
            RenderTableCell {TD} at (2,2) size 342x23 [border: (1px inset #808080)] [r=0 c=0 rs=1 cs=1]
              RenderText {#text} at (2,2) size 330x19
                text run at (2,2) width 330: "This text is in the TFOOTThis text is in the TFOOT"
            RenderTableCell {TD} at (346,2) size 342x23 [border: (1px inset #808080)] [r=0 c=1 rs=1 cs=1]
              RenderText {#text} at (2,2) size 330x19
                text run at (2,2) width 330: "This text is in the TFOOTThis text is in the TFOOT"
        RenderTableSection {TBODY} at (1,28) size 690x27
          RenderTableRow {TR} at (0,2) size 690x23
            RenderTableCell {TD} at (2,2) size 342x23 [border: (1px inset #808080)] [r=0 c=0 rs=1 cs=1]
              RenderText {#text} at (2,2) size 338x19
                text run at (2,2) width 338: "This text is in the TBODYThis text is in the TBODY"
            RenderTableCell {TD} at (346,2) size 342x23 [border: (1px inset #808080)] [r=0 c=1 rs=1 cs=1]
              RenderText {#text} at (2,2) size 338x19
                text run at (2,2) width 338: "This text is in the TBODYThis text is in the TBODY"
        RenderTableSection {TBODY} at (1,55) size 690x2
