layer at (0,0) size 800x600
  RenderView at (0,0) size 800x600
layer at (0,0) size 800x600
  RenderBlock {HTML} at (0,0) size 800x600
    RenderBody {BODY} at (8,8) size 784x584
      RenderBlock (anonymous) at (0,0) size 784x19
        RenderText {#text} at (0,0) size 176x19
          text run at (0,0) width 176: "TR VALIGN=BASELINE"
      RenderTable {TABLE} at (0,19) size 784x218 [border: (1px outset #808080)]
        RenderTableSection {TBODY} at (1,1) size 782x216
          RenderTableRow {TR} at (0,2) size 782x212
            RenderTableCell {TD} at (2,2) size 304x189 [border: (1px inset #808080)] [r=0 c=0 rs=1 cs=1]
              RenderImage {IMG} at (2,2) size 300x185
            RenderTableCell {TD} at (308,172) size 235x42 [border: (1px inset #808080)] [r=0 c=1 rs=1 cs=1]
              RenderText {#text} at (2,2) size 182x38
                text run at (2,2) width 182: "This text should be vertically"
                text run at (2,21) width 140: "aligned to the baseline"
            RenderTableCell {TD} at (545,172) size 235x42 [border: (1px inset #808080)] [r=0 c=2 rs=1 cs=1]
              RenderText {#text} at (2,2) size 182x38
                text run at (2,2) width 182: "This text should be vertically"
                text run at (2,21) width 140: "aligned to the baseline"
