layer at (0,0) size 800x600
  RenderView at (0,0) size 800x600
layer at (0,0) size 800x64
  RenderBlock {html} at (0,0) size 800x64
    RenderBody {body} at (8,8) size 784x48
      RenderTable {table} at (0,0) size 784x48 [border: (1px outset #808080)]
        RenderBlock {caption} at (0,0) size 782x19 [bgcolor=#00FF00]
          RenderText {#text} at (251,0) size 280x19
            text run at (251,0) width 174: "This caption should have a "
            text run at (424,0) width 107: "lime background"
        RenderTableSection (anonymous) at (1,20) size 782x27
          RenderTableRow {tr} at (0,2) size 782x23
            RenderTableCell {td} at (2,2) size 778x23 [border: (1px inset #808080)] [r=0 c=0 rs=1 cs=1]
              RenderText {#text} at (2,2) size 22x19
                text run at (2,2) width 22: "cell"
