layer at (0,0) size 800x600
  RenderView at (0,0) size 800x600
layer at (0,0) size 800x121
  RenderBlock {html} at (0,0) size 800x121
    RenderBody {body} at (8,8) size 784x105
      RenderTable {table} at (0,0) size 600x105 [border: (1px outset #808080)]
        RenderTableCol {colgroup} at (0,0) size 0x0
          RenderTableCol {col} at (0,0) size 0x0
          RenderTableCol {col} at (0,0) size 0x0
        RenderTableSection (anonymous) at (1,1) size 598x103
          RenderTableRow {tr} at (0,2) size 598x99
            RenderTableCell {td} at (2,2) size 296x99 [border: (1px inset #808080)] [r=0 c=0 rs=1 cs=1]
              RenderText {#text} at (2,2) size 273x95
                text run at (2,2) width 266: "The text in this cell text should be justified"
                text run at (2,21) width 114: "which means that "
                text run at (116,21) width 157: "the right and left margins"
                text run at (2,40) width 243: "should line up, no matter how long the"
                text run at (2,59) width 273: "content becomes (except the last line which"
                text run at (2,78) width 89: "should be left "
                text run at (91,78) width 55: "aligned)."
            RenderTableCell {td} at (300,2) size 296x99 [border: (1px inset #808080)] [r=0 c=1 rs=1 cs=1]
              RenderText {#text} at (2,2) size 273x95
                text run at (2,2) width 266: "The text in this cell text should be justified"
                text run at (2,21) width 114: "which means that "
                text run at (116,21) width 157: "the right and left margins"
                text run at (2,40) width 243: "should line up, no matter how long the"
                text run at (2,59) width 273: "content becomes (except the last line which"
                text run at (2,78) width 89: "should be left "
                text run at (91,78) width 55: "aligned)."
