layer at (0,0) size 800x600
  RenderView at (0,0) size 800x600
layer at (0,0) size 800x164
  RenderBlock {html} at (0,0) size 800x164
    RenderBody {body} at (8,16) size 784x140
      RenderBlock {p} at (0,0) size 784x19
        RenderText {#text} at (0,0) size 175x19
          text run at (0,0) width 175: "COLGROUP WIDTH=pct"
      RenderTable {table} at (0,35) size 400x105 [border: (1px outset #808080)]
        RenderTableCol {colgroup} at (0,0) size 0x0
        RenderTableCol {colgroup} at (0,0) size 0x0
        RenderTableSection (anonymous) at (1,1) size 398x103
          RenderTableRow {tr} at (0,2) size 398x99
            RenderTableCell {td} at (2,2) size 98x99 [border: (1px inset #808080)] [r=0 c=0 rs=1 cs=1]
              RenderText {#text} at (2,2) size 87x95
                text run at (2,2) width 79: "This column"
                text run at (2,21) width 87: "should have a"
                text run at (2,40) width 86: "width of 25%"
                text run at (2,59) width 82: "of 400 pixels"
                text run at (2,78) width 17: "or "
                text run at (19,78) width 40: "100px"
            RenderTableCell {td} at (102,30) size 294x42 [border: (1px inset #808080)] [r=0 c=1 rs=1 cs=1]
              RenderText {#text} at (2,2) size 277x38
                text run at (2,2) width 277: "This column should have a width of 75% of"
                text run at (2,21) width 86: "400 pixels or "
                text run at (88,21) width 40: "300px"
