layer at (0,0) size 800x600
  RenderView at (0,0) size 800x600
layer at (0,0) size 800x83
  RenderBlock {html} at (0,0) size 800x83
    RenderBody {body} at (8,8) size 784x67
      RenderTable {table} at (0,0) size 536x67 [border: (1px outset #808080)]
        RenderTableSection (anonymous) at (1,1) size 534x65
          RenderTableRow {tr} at (0,2) size 534x61
            RenderTableCell {td} at (2,2) size 264x61 [border: (1px inset #808080)] [r=0 c=0 rs=1 cs=1]
              RenderText {#text} at (21,21) size 222x19
                text run at (21,21) width 222: "This cell should have 20% padding"
            RenderTableCell {td} at (268,2) size 264x61 [border: (1px inset #808080)] [r=0 c=1 rs=1 cs=1]
              RenderText {#text} at (21,21) size 222x19
                text run at (21,21) width 222: "This cell should have 20% padding"
