layer at (0,0) size 800x600
  RenderView at (0,0) size 800x600
layer at (0,0) size 800x37
  RenderBlock {html} at (0,0) size 800x37
    RenderBody {body} at (8,8) size 784x0
      RenderTable {table} at (0,0) size 288x29 [border: (1px outset #808080)]
        RenderTableSection (anonymous) at (1,1) size 286x27
          RenderTableRow {tr} at (0,2) size 286x23
            RenderTableCell {td} at (2,2) size 282x23 [border: (1px inset #808080)] [r=0 c=0 rs=1 cs=1]
              RenderText {#text} at (2,2) size 278x19
                text run at (2,2) width 278: "This table should be left aligned on the page"
