layer at (0,0) size 800x600
  RenderView at (0,0) size 800x600
layer at (0,0) size 800x45
  RenderBlock {html} at (0,0) size 800x45
    RenderBody {body} at (8,8) size 784x29
      RenderTable {table} at (0,0) size 454x29 [border: (1px outset #808080)]
        RenderTableSection (anonymous) at (1,1) size 452x27
          RenderTableRow {tr} at (0,2) size 452x23
            RenderTableCell {td} at (2,2) size 223x23 [border: (1px inset #808080)] [r=0 c=0 rs=1 cs=1]
              RenderText {#text} at (2,2) size 219x19
                text run at (2,2) width 219: "This cell should have 20% spacing"
            RenderTableCell {td} at (227,2) size 223x23 [border: (1px inset #808080)] [r=0 c=1 rs=1 cs=1]
              RenderText {#text} at (2,2) size 219x19
                text run at (2,2) width 219: "This cell should have 20% spacing"
