layer at (0,0) size 800x600
  RenderView at (0,0) size 800x600
layer at (0,0) size 800x217
  RenderBlock {html} at (0,0) size 800x217
    RenderBody {body} at (8,16) size 784x193
      RenderBlock {p} at (0,0) size 784x19
        RenderText {#text} at (0,0) size 397x19
          text run at (0,0) width 397: "The numbers in the TBODY should align at the decimal points"
      RenderTable {table} at (0,35) size 377x158 [border: (1px outset #808080)]
        RenderTableSection {thead} at (1,1) size 375x52
          RenderTableRow {tr} at (0,2) size 375x23
            RenderTableCell {td} at (2,2) size 117x23 [border: (1px inset #808080)] [r=0 c=0 rs=1 cs=1]
              RenderText {#text} at (2,2) size 56x19
                text run at (2,2) width 56: "THEAD"
            RenderTableCell {td} at (121,2) size 125x23 [border: (1px inset #808080)] [r=0 c=1 rs=1 cs=1]
              RenderText {#text} at (2,2) size 56x19
                text run at (2,2) width 56: "THEAD"
            RenderTableCell {td} at (248,2) size 125x23 [border: (1px inset #808080)] [r=0 c=2 rs=1 cs=1]
              RenderText {#text} at (2,2) size 56x19
                text run at (2,2) width 56: "THEAD"
          RenderTableRow {tr} at (0,27) size 375x23
            RenderTableCell {td} at (2,27) size 117x23 [border: (1px inset #808080)] [r=1 c=0 rs=1 cs=1]
              RenderText {#text} at (2,2) size 56x19
                text run at (2,2) width 56: "THEAD"
            RenderTableCell {td} at (121,27) size 125x23 [border: (1px inset #808080)] [r=1 c=1 rs=1 cs=1]
              RenderText {#text} at (2,2) size 56x19
                text run at (2,2) width 56: "THEAD"
            RenderTableCell {td} at (248,27) size 125x23 [border: (1px inset #808080)] [r=1 c=2 rs=1 cs=1]
              RenderText {#text} at (2,2) size 56x19
                text run at (2,2) width 56: "THEAD"
        RenderTableSection {tfoot} at (1,105) size 375x52
          RenderTableRow {tr} at (0,2) size 375x23
            RenderTableCell {td} at (2,2) size 117x23 [border: (1px inset #808080)] [r=0 c=0 rs=1 cs=1]
              RenderText {#text} at (2,2) size 53x19
                text run at (2,2) width 53: "TFOOT"
            RenderTableCell {td} at (121,2) size 125x23 [border: (1px inset #808080)] [r=0 c=1 rs=1 cs=1]
              RenderText {#text} at (2,2) size 53x19
                text run at (2,2) width 53: "TFOOT"
            RenderTableCell {td} at (248,2) size 125x23 [border: (1px inset #808080)] [r=0 c=2 rs=1 cs=1]
              RenderText {#text} at (2,2) size 53x19
                text run at (2,2) width 53: "TFOOT"
          RenderTableRow {tr} at (0,27) size 375x23
            RenderTableCell {td} at (2,27) size 117x23 [border: (1px inset #808080)] [r=1 c=0 rs=1 cs=1]
              RenderText {#text} at (2,2) size 53x19
                text run at (2,2) width 53: "TFOOT"
            RenderTableCell {td} at (121,27) size 125x23 [border: (1px inset #808080)] [r=1 c=1 rs=1 cs=1]
              RenderText {#text} at (2,2) size 53x19
                text run at (2,2) width 53: "TFOOT"
            RenderTableCell {td} at (248,27) size 125x23 [border: (1px inset #808080)] [r=1 c=2 rs=1 cs=1]
              RenderText {#text} at (2,2) size 53x19
                text run at (2,2) width 53: "TFOOT"
        RenderTableSection {tbody} at (1,53) size 375x52
          RenderTableRow {tr} at (0,2) size 375x23
            RenderTableCell {td} at (2,2) size 117x23 [border: (1px inset #808080)] [r=0 c=0 rs=1 cs=1]
              RenderText {#text} at (2,2) size 97x19
                text run at (2,2) width 97: "TBODY 55.00"
            RenderTableCell {td} at (121,2) size 125x23 [border: (1px inset #808080)] [r=0 c=1 rs=1 cs=1]
              RenderText {#text} at (2,2) size 121x19
                text run at (2,2) width 121: "TBODY 55555.00"
            RenderTableCell {td} at (248,2) size 125x23 [border: (1px inset #808080)] [r=0 c=2 rs=1 cs=1]
              RenderText {#text} at (2,2) size 105x19
                text run at (2,2) width 105: "TBODY 555.00"
          RenderTableRow {tr} at (0,27) size 375x23
            RenderTableCell {td} at (2,27) size 117x23 [border: (1px inset #808080)] [r=1 c=0 rs=1 cs=1]
              RenderText {#text} at (2,2) size 113x19
                text run at (2,2) width 113: "TBODY 1234.56"
            RenderTableCell {td} at (121,27) size 125x23 [border: (1px inset #808080)] [r=1 c=1 rs=1 cs=1]
              RenderText {#text} at (2,2) size 105x19
                text run at (2,2) width 105: "TBODY 123.45"
            RenderTableCell {td} at (248,27) size 125x23 [border: (1px inset #808080)] [r=1 c=2 rs=1 cs=1]
              RenderText {#text} at (2,2) size 121x19
                text run at (2,2) width 121: "TBODY 12345.67"
