layer at (0,0) size 800x600
  RenderView at (0,0) size 800x600
layer at (0,0) size 800x45
  RenderBlock {html} at (0,0) size 800x45
    RenderBody {body} at (8,8) size 784x29
      RenderTable {table} at (0,0) size 526x29 [border: (1px outset #808080)]
        RenderTableSection (anonymous) at (1,1) size 524x27
          RenderTableRow {tr} at (0,2) size 524x23
            RenderTableCell {td} at (2,2) size 259x23 [bgcolor=#00FF00] [border: (1px inset #808080)] [r=0 c=0 rs=1 cs=1]
              RenderText {#text} at (2,2) size 255x19
                text run at (2,2) width 255: "This cell should have a lime background"
            RenderTableCell {td} at (263,2) size 259x23 [bgcolor=#00FF00] [border: (1px inset #808080)] [r=0 c=1 rs=1 cs=1]
              RenderText {#text} at (2,2) size 255x19
                text run at (2,2) width 255: "This cell should have a lime background"
