layer at (0,0) size 800x600
  RenderView at (0,0) size 800x600
layer at (0,0) size 800x294
  RenderBlock {html} at (0,0) size 800x294
    RenderBody {body} at (8,8) size 784x278
      RenderTable {table} at (0,0) size 110x67 [border: (1px outset #808080)]
        RenderTableSection (anonymous) at (1,1) size 108x65
          RenderTableRow {tr} at (0,2) size 108x61
            RenderTableCell {th} at (2,2) size 104x61 [border: (1px inset #808080)] [r=0 c=0 rs=1 cs=1]
              RenderText {#text} at (8,2) size 100x57
                text run at (8,2) width 88: "The width of"
                text run at (2,21) width 100: "this cell should"
                text run at (9,40) width 86: "be 100 pixels"
      RenderBlock (anonymous) at (0,67) size 784x19
        RenderBR {br} at (0,0) size 0x19
      RenderTable {table} at (0,86) size 210x48 [border: (1px outset #808080)]
        RenderTableSection (anonymous) at (1,1) size 208x46
          RenderTableRow {tr} at (0,2) size 208x42
            RenderTableCell {th} at (2,2) size 204x42 [border: (1px inset #808080)] [r=0 c=0 rs=1 cs=1]
              RenderText {#text} at (7,2) size 190x38
                text run at (7,2) width 190: "The width of this cell should"
                text run at (59,21) width 86: "be 200 pixels"
      RenderBlock (anonymous) at (0,134) size 784x19
        RenderBR {br} at (0,0) size 0x19
      RenderTable {table} at (0,153) size 310x29 [border: (1px outset #808080)]
        RenderTableSection (anonymous) at (1,1) size 308x27
          RenderTableRow {tr} at (0,2) size 308x23
            RenderTableCell {th} at (2,2) size 304x23 [border: (1px inset #808080)] [r=0 c=0 rs=1 cs=1]
              RenderText {#text} at (12,2) size 280x19
                text run at (12,2) width 280: "The width of this cell should be 300 pixels"
      RenderBlock (anonymous) at (0,182) size 784x19
        RenderBR {br} at (0,0) size 0x19
      RenderTable {table} at (0,201) size 410x29 [border: (1px outset #808080)]
        RenderTableSection (anonymous) at (1,1) size 408x27
          RenderTableRow {tr} at (0,2) size 408x23
            RenderTableCell {th} at (2,2) size 404x23 [border: (1px inset #808080)] [r=0 c=0 rs=1 cs=1]
              RenderText {#text} at (62,2) size 280x19
                text run at (62,2) width 280: "The width of this cell should be 400 pixels"
      RenderBlock (anonymous) at (0,230) size 784x19
        RenderBR {br} at (0,0) size 0x19
      RenderTable {table} at (0,249) size 510x29 [border: (1px outset #808080)]
        RenderTableSection (anonymous) at (1,1) size 508x27
          RenderTableRow {tr} at (0,2) size 508x23
            RenderTableCell {th} at (2,2) size 504x23 [border: (1px inset #808080)] [r=0 c=0 rs=1 cs=1]
              RenderText {#text} at (112,2) size 280x19
                text run at (112,2) width 280: "The width of this cell should be 500 pixels"
