layer at (0,0) size 800x600
  RenderView at (0,0) size 800x600
layer at (0,0) size 800x600
  RenderBlock {HTML} at (0,0) size 800x600
    RenderBody {BODY} at (8,8) size 784x584
      RenderBlock {P} at (0,0) size 784x42
        RenderText {#text} at (0,0) size 760x42
          text run at (0,0) width 760: "This tests for a bug when moving the caret backward through a misspelled word. Once the caret is no longer"
          text run at (0,21) width 339: "adjacent to it it should be marked as misspelled."
      RenderBlock {DIV} at (0,58) size 784x21
        RenderText {#text} at (0,0) size 339x21
          text run at (0,0) width 339: "This sentence ends with a misspelled word asd."
caret: position 40 of child 0 {#text} of child 2 {DIV} of body
