EDITING DELEGATE: shouldBeginEditingInDOMRange:range from 0 of DIV > CENTER > BODY > HTML > #document to 6 of DIV > CENTER > BODY > HTML > #document
EDITING DELEGATE: webViewDidBeginEditing:WebViewDidBeginEditingNotification
EDITING DELEGATE: webViewDidChangeSelection:WebViewDidChangeSelectionNotification
EDITING DELEGATE: shouldChangeSelectedDOMRange:range from 1 of DIV > CENTER > BODY > HTML > #document to 1 of DIV > CENTER > BODY > HTML > #document toDOMRange:range from 1 of DIV > CENTER > BODY > HTML > #document to 1 of #text > FONT > DIV > CENTER > BODY > HTML > #document affinity:NSSelectionAffinityDownstream stillSelecting:FALSE
EDITING DELEGATE: webViewDidChangeSelection:WebViewDidChangeSelectionNotification
layer at (0,0) size 800x600
  RenderView at (0,0) size 800x600
layer at (0,0) size 800x600
  RenderBlock {HTML} at (0,0) size 800x600
    RenderBody {BODY} at (8,3) size 784x581 [bgcolor=#FFFFFF]
      RenderBlock {CENTER} at (0,0) size 784x280
        RenderTable {TABLE} at (0,0) size 784x19
          RenderTableSection {TBODY} at (0,0) size 784x19
            RenderTableRow {TR} at (0,0) size 784x15
              RenderTableCell {TD} at (0,0) size 784x15 [r=0 c=0 rs=1 cs=1]
                RenderInline {FONT} at (0,0) size 101x15
                  RenderInline {A} at (0,0) size 101x15 [color=#0000CC]
                    RenderText {#text} at (683,0) size 101x15
                      text run at (683,0) width 101: "Personalized Home"
            RenderTableRow {TR} at (0,15) size 784x4
              RenderTableCell {TD} at (0,16) size 784x1 [r=1 c=0 rs=1 cs=1]
                RenderImage {IMG} at (0,0) size 1x1
        RenderBlock (anonymous) at (0,19) size 784x38
          RenderBR {BR} at (392,0) size 0x19
          RenderBR {BR} at (392,19) size 0x19
        RenderBlock {DIV} at (0,57) size 784x123 [border: (2px solid #AAAAFF)]
          RenderTable {TABLE} at (218,2) size 348x23
            RenderTableSection {TBODY} at (0,0) size 348x23
              RenderTableRow {TR} at (0,0) size 348x23
                RenderTableCell {TD} at (0,0) size 348x23 [r=0 c=0 rs=1 cs=1]
                  RenderInline {FONT} at (0,0) size 340x15
                    RenderInline {B} at (0,0) size 25x15
                      RenderText {#text} at (4,4) size 25x15
                        text run at (4,4) width 25: "Web"
                    RenderText {#text} at (29,4) size 12x15
                      text run at (29,4) width 12: "    "
                    RenderInline {A} at (0,0) size 38x15 [color=#0000CC]
                      RenderText {#text} at (41,4) size 38x15
                        text run at (41,4) width 38: "Images"
                    RenderText {#text} at (79,4) size 12x15
                      text run at (79,4) width 12: "    "
                    RenderInline {A} at (0,0) size 39x15 [color=#0000CC]
                      RenderText {#text} at (91,4) size 39x15
                        text run at (91,4) width 39: "Groups"
                    RenderText {#text} at (130,4) size 12x15
                      text run at (130,4) width 12: "    "
                    RenderInline {A} at (0,0) size 30x15 [color=#0000CC]
                      RenderText {#text} at (142,4) size 30x15
                        text run at (142,4) width 30: "News"
                    RenderText {#text} at (172,4) size 12x15
                      text run at (172,4) width 12: "    "
                    RenderInline {A} at (0,0) size 41x15 [color=#0000CC]
                      RenderText {#text} at (184,4) size 41x15
                        text run at (184,4) width 41: "Froogle"
                    RenderText {#text} at (225,4) size 12x15
                      text run at (225,4) width 12: "    "
                    RenderInline {A} at (0,0) size 29x15 [color=#0000CC]
                      RenderText {#text} at (237,4) size 29x15
                        text run at (237,4) width 29: "Local"
                      RenderInline {SUP} at (0,0) size 0x13
                    RenderInline {A} at (0,0) size 28x15
                      RenderInline {FONT} at (0,0) size 28x15 [color=#FF0000]
                        RenderText {#text} at (266,4) size 28x15
                          text run at (266,4) width 28: "New!"
                    RenderText {#text} at (294,4) size 12x15
                      text run at (294,4) width 12: "    "
                    RenderInline {B} at (0,0) size 38x15
                      RenderInline {A} at (0,0) size 38x15 [color=#0000CC]
                        RenderText {#text} at (306,4) size 38x15
                          text run at (306,4) width 38: "more \x{BB}"
          RenderTable {TABLE} at (2,25) size 780x62
            RenderTableSection {TBODY} at (0,0) size 780x62
              RenderTableRow {TR} at (0,0) size 780x62
                RenderTableCell {TD} at (0,21) size 120x19 [r=0 c=0 rs=1 cs=1]
                  RenderText {#text} at (0,0) size 4x19
                    text run at (0,0) width 4: " "
                RenderTableCell {TD} at (120,0) size 511x62 [r=0 c=1 rs=1 cs=1]
                  RenderTextControl {INPUT} at (2,2) size 507x23
                  RenderBR {BR} at (511,19) size 0x0
                  RenderButton {INPUT} at (143,29) size 102x31 [bgcolor=#C0C0C0]
                    RenderBlock (anonymous) at (6,6) size 90x19
                      RenderText at (0,0) size 90x19
                        text run at (0,0) width 90: "Google Search"
                  RenderButton {INPUT} at (249,29) size 120x31 [bgcolor=#C0C0C0]
                    RenderBlock (anonymous) at (6,6) size 108x19
                      RenderText at (0,0) size 108x19
                        text run at (0,0) width 108: "I'm Feeling Lucky"
                RenderTableCell {TD} at (631,0) size 149x36 [r=0 c=2 rs=1 cs=1]
                  RenderInline {FONT} at (0,0) size 74x36
                    RenderText {#text} at (0,0) size 6x12
                      text run at (0,0) width 6: "  "
                    RenderInline {A} at (0,0) size 68x12 [color=#0000CC]
                      RenderText {#text} at (6,0) size 68x12
                        text run at (6,0) width 68: "Advanced Search"
                    RenderBR {BR} at (74,9) size 0x0
                    RenderText {#text} at (0,12) size 6x12
                      text run at (0,12) width 6: "  "
                    RenderInline {A} at (0,0) size 43x12 [color=#0000CC]
                      RenderText {#text} at (6,12) size 43x12
                        text run at (6,12) width 43: "Preferences"
                    RenderBR {BR} at (49,21) size 0x0
                    RenderText {#text} at (0,24) size 6x12
                      text run at (0,24) width 6: "  "
                    RenderInline {A} at (0,0) size 65x12 [color=#0000CC]
                      RenderText {#text} at (6,24) size 65x12
                        text run at (6,24) width 65: "Language Tools"
          RenderBlock (anonymous) at (2,87) size 780x34
            RenderBR {BR} at (390,0) size 0x19
            RenderInline {FONT} at (0,0) size 146x15
              RenderInline {FONT} at (0,0) size 28x15 [color=#FF0000]
                RenderText {#text} at (317,19) size 28x15
                  text run at (317,19) width 28: "New!"
              RenderText {#text} at (345,19) size 3x15
                text run at (345,19) width 3: " "
              RenderInline {A} at (0,0) size 112x15 [color=#0000CC]
                RenderText {#text} at (348,19) size 112x15
                  text run at (348,19) width 112: "Personalize this page"
              RenderText {#text} at (460,19) size 3x15
                text run at (460,19) width 3: "."
            RenderText {#text} at (0,0) size 0x0
        RenderBlock (anonymous) at (0,180) size 784x72
          RenderBR {BR} at (392,0) size 0x19
          RenderBR {BR} at (392,19) size 0x19
          RenderBR {BR} at (392,38) size 0x19
          RenderInline {FONT} at (0,0) size 316x15
            RenderInline {A} at (0,0) size 117x15 [color=#0000CC]
              RenderText {#text} at (234,57) size 117x15
                text run at (234,57) width 117: "Advertising Programs"
            RenderText {#text} at (351,57) size 10x15
              text run at (351,57) width 10: " - "
            RenderInline {A} at (0,0) size 103x15 [color=#0000CC]
              RenderText {#text} at (361,57) size 103x15
                text run at (361,57) width 103: "Business Solutions"
            RenderText {#text} at (464,57) size 10x15
              text run at (464,57) width 10: " - "
            RenderInline {A} at (0,0) size 76x15 [color=#0000CC]
              RenderText {#text} at (474,57) size 76x15
                text run at (474,57) width 76: "About Google"
        RenderBlock {P} at (0,268) size 784x12
          RenderInline {FONT} at (0,0) size 60x12
            RenderText {#text} at (362,0) size 60x12
              text run at (362,0) width 60: "\x{A9}2005 Google"
layer at (134,89) size 503x19
  RenderBlock {DIV} at (2,2) size 503x19
selection start: position 0 of child 1 {TABLE} of child 4 {DIV} of child 0 {CENTER} of body
selection end:   position 1 of child 3 {#text} of child 4 {FONT} of child 4 {DIV} of child 0 {CENTER} of body
