EDITING DELEGATE: shouldBeginEditingInDOMRange:range from 0 of DIV > CENTER > BODY > HTML > #document to 6 of DIV > CENTER > BODY > HTML > #document
EDITING DELEGATE: webViewDidBeginEditing:WebViewDidBeginEditingNotification
EDITING DELEGATE: webViewDidChangeSelection:WebViewDidChangeSelectionNotification
EDITING DELEGATE: webViewDidChangeSelection:WebViewDidChangeSelectionNotification
EDITING DELEGATE: webViewDidChangeSelection:WebViewDidChangeSelectionNotification
EDITING DELEGATE: webViewDidChangeSelection:WebViewDidChangeSelectionNotification
EDITING DELEGATE: webViewDidChangeSelection:WebViewDidChangeSelectionNotification
EDITING DELEGATE: webViewDidChangeSelection:WebViewDidChangeSelectionNotification
EDITING DELEGATE: webViewDidChangeSelection:WebViewDidChangeSelectionNotification
EDITING DELEGATE: webViewDidChangeSelection:WebViewDidChangeSelectionNotification
EDITING DELEGATE: webViewDidChangeSelection:WebViewDidChangeSelectionNotification
layer at (0,0) size 800x600
  RenderView at (0,0) size 800x600
layer at (0,0) size 800x600
  RenderBlock {HTML} at (0,0) size 800x600
    RenderBody {BODY} at (8,3) size 784x581 [bgcolor=#FFFFFF]
      RenderBlock {CENTER} at (0,0) size 784x305
        RenderTable {TABLE} at (0,0) size 784x21
          RenderTableSection {TBODY} at (0,0) size 784x21
            RenderTableRow {TR} at (0,0) size 784x17
              RenderTableCell {TD} at (0,0) size 784x17 [r=0 c=0 rs=1 cs=1]
                RenderInline {FONT} at (0,0) size 113x17
                  RenderInline {A} at (0,0) size 113x17 [color=#0000CC]
                    RenderText {#text} at (671,0) size 113x17
                      text run at (671,0) width 113: "Personalized Home"
            RenderTableRow {TR} at (0,17) size 784x4
              RenderTableCell {TD} at (0,18) size 784x1 [r=1 c=0 rs=1 cs=1]
                RenderImage {IMG} at (0,0) size 1x1
        RenderBlock (anonymous) at (0,21) size 784x42
          RenderBR {BR} at (392,0) size 0x21
          RenderBR {BR} at (392,21) size 0x21
        RenderBlock {DIV} at (0,63) size 784x133 [border: (2px solid #AAAAFF)]
          RenderTable {TABLE} at (195,2) size 394x25
            RenderTableSection {TBODY} at (0,0) size 394x25
              RenderTableRow {TR} at (0,0) size 394x25
                RenderTableCell {TD} at (0,0) size 394x25 [r=0 c=0 rs=1 cs=1]
                  RenderInline {FONT} at (0,0) size 386x17
                    RenderInline {B} at (0,0) size 27x17
                      RenderText {#text} at (4,4) size 27x17
                        text run at (4,4) width 27: "Web"
                    RenderText {#text} at (31,4) size 16x17
                      text run at (31,4) width 16: "    "
                    RenderInline {A} at (0,0) size 43x17 [color=#0000CC]
                      RenderText {#text} at (47,4) size 43x17
                        text run at (47,4) width 43: "Images"
                    RenderText {#text} at (90,4) size 16x17
                      text run at (90,4) width 16: "    "
                    RenderInline {A} at (0,0) size 42x17 [color=#0000CC]
                      RenderText {#text} at (106,4) size 42x17
                        text run at (106,4) width 42: "Groups"
                    RenderText {#text} at (148,4) size 16x17
                      text run at (148,4) width 16: "    "
                    RenderInline {A} at (0,0) size 32x17 [color=#0000CC]
                      RenderText {#text} at (164,4) size 32x17
                        text run at (164,4) width 32: "News"
                    RenderText {#text} at (196,4) size 16x17
                      text run at (196,4) width 16: "    "
                    RenderInline {A} at (0,0) size 43x17 [color=#0000CC]
                      RenderText {#text} at (212,4) size 43x17
                        text run at (212,4) width 43: "Froogle"
                    RenderText {#text} at (255,4) size 16x17
                      text run at (255,4) width 16: "    "
                    RenderInline {A} at (0,0) size 31x17 [color=#0000CC]
                      RenderText {#text} at (271,4) size 31x17
                        text run at (271,4) width 31: "Local"
                      RenderInline {SUP} at (0,0) size 0x15
                    RenderInline {A} at (0,0) size 29x17
                      RenderInline {FONT} at (0,0) size 29x17 [color=#FF0000]
                        RenderText {#text} at (302,4) size 29x17
                          text run at (302,4) width 29: "New!"
                    RenderText {#text} at (331,4) size 16x17
                      text run at (331,4) width 16: "    "
                    RenderInline {B} at (0,0) size 43x17
                      RenderInline {A} at (0,0) size 43x17 [color=#0000CC]
                        RenderText {#text} at (347,4) size 43x17
                          text run at (347,4) width 43: "more \x{BB}"
          RenderTable {TABLE} at (2,27) size 780x66
            RenderTableSection {TBODY} at (0,0) size 780x66
              RenderTableRow {TR} at (0,0) size 780x66
                RenderTableCell {TD} at (0,22) size 120x21 [r=0 c=0 rs=1 cs=1]
                  RenderText {#text} at (0,0) size 4x21
                    text run at (0,0) width 4: " "
                RenderTableCell {TD} at (120,0) size 505x66 [r=0 c=1 rs=1 cs=1]
                  RenderTextControl {INPUT} at (2,2) size 501x25
                  RenderBR {BR} at (505,20) size 0x0
                  RenderButton {INPUT} at (123,31) size 119x33 [bgcolor=#C0C0C0]
                    RenderBlock (anonymous) at (6,6) size 107x21
                      RenderText at (0,0) size 107x21
                        text run at (0,0) width 107: "Google Search"
                  RenderButton {INPUT} at (246,31) size 136x33 [bgcolor=#C0C0C0]
                    RenderBlock (anonymous) at (6,6) size 124x21
                      RenderText at (0,0) size 124x21
                        text run at (0,0) width 124: "I'm Feeling Lucky"
                RenderTableCell {TD} at (625,0) size 155x39 [r=0 c=2 rs=1 cs=1]
                  RenderInline {FONT} at (0,0) size 89x39
                    RenderText {#text} at (0,0) size 6x13
                      text run at (0,0) width 6: "  "
                    RenderInline {A} at (0,0) size 83x13 [color=#0000CC]
                      RenderText {#text} at (6,0) size 83x13
                        text run at (6,0) width 83: "Advanced Search"
                    RenderBR {BR} at (89,10) size 0x0
                    RenderText {#text} at (0,13) size 6x13
                      text run at (0,13) width 6: "  "
                    RenderInline {A} at (0,0) size 56x13 [color=#0000CC]
                      RenderText {#text} at (6,13) size 56x13
                        text run at (6,13) width 56: "Preferences"
                    RenderBR {BR} at (62,23) size 0x0
                    RenderText {#text} at (0,26) size 6x13
                      text run at (0,26) width 6: "  "
                    RenderInline {A} at (0,0) size 76x13 [color=#0000CC]
                      RenderText {#text} at (6,26) size 76x13
                        text run at (6,26) width 76: "Language Tools"
          RenderBlock (anonymous) at (2,93) size 780x38
            RenderBR {BR} at (390,0) size 0x21
            RenderInline {FONT} at (0,0) size 162x17
              RenderInline {FONT} at (0,0) size 29x17 [color=#FF0000]
                RenderText {#text} at (309,21) size 29x17
                  text run at (309,21) width 29: "New!"
              RenderText {#text} at (338,21) size 4x17
                text run at (338,21) width 4: " "
              RenderInline {A} at (0,0) size 125x17 [color=#0000CC]
                RenderText {#text} at (342,21) size 125x17
                  text run at (342,21) width 125: "Personalize this page"
              RenderText {#text} at (467,21) size 4x17
                text run at (467,21) width 4: "."
            RenderText {#text} at (0,0) size 0x0
        RenderBlock (anonymous) at (0,196) size 784x80
          RenderBR {BR} at (392,0) size 0x21
          RenderBR {BR} at (392,21) size 0x21
          RenderBR {BR} at (392,42) size 0x21
          RenderInline {FONT} at (0,0) size 340x17
            RenderInline {A} at (0,0) size 125x17 [color=#0000CC]
              RenderText {#text} at (222,63) size 125x17
                text run at (222,63) width 125: "Advertising Programs"
            RenderText {#text} at (347,63) size 12x17
              text run at (347,63) width 12: " - "
            RenderInline {A} at (0,0) size 112x17 [color=#0000CC]
              RenderText {#text} at (359,63) size 112x17
                text run at (359,63) width 112: "Business Solutions"
            RenderText {#text} at (471,63) size 12x17
              text run at (471,63) width 12: " - "
            RenderInline {A} at (0,0) size 79x17 [color=#0000CC]
              RenderText {#text} at (483,63) size 79x17
                text run at (483,63) width 79: "About Google"
        RenderBlock {P} at (0,292) size 784x13
          RenderInline {FONT} at (0,0) size 68x13
            RenderText {#text} at (358,0) size 68x13
              text run at (358,0) width 68: "\x{A9}2005 Google"
layer at (134,97) size 497x21
  RenderBlock {DIV} at (2,2) size 497x21
selection start: position 0 of child 3 {INPUT} of child 1 {TD} of child 0 {TR} of child 0 {TBODY} of child 2 {TABLE} of child 4 {DIV} of child 0 {CENTER} of body
selection end:   position 1 of child 2 {BR} of child 0 {FONT} of child 2 {TD} of child 0 {TR} of child 0 {TBODY} of child 2 {TABLE} of child 4 {DIV} of child 0 {CENTER} of body
