EDITING DELEGATE: shouldBeginEditingInDOMRange:range from 0 of DIV > BODY > HTML > #document to 4 of DIV > BODY > HTML > #document
EDITING DELEGATE: webViewDidBeginEditing:WebViewDidBeginEditingNotification
EDITING DELEGATE: webViewDidChangeSelection:WebViewDidChangeSelectionNotification
EDITING DELEGATE: webViewDidChangeSelection:WebViewDidChangeSelectionNotification
EDITING DELEGATE: webViewDidChangeSelection:WebViewDidChangeSelectionNotification
layer at (0,0) size 800x600
  RenderView at (0,0) size 800x600
layer at (0,0) size 800x600
  RenderBlock {HTML} at (0,0) size 800x600
    RenderBody {BODY} at (8,8) size 784x584
      RenderBlock {P} at (0,0) size 784x21
        RenderText {#text} at (0,0) size 639x21
          text run at (0,0) width 300: "This tests caret movement across buttons. "
          text run at (300,0) width 339: "The caret should be just after the second button."
      RenderBlock {DIV} at (0,37) size 784x37
        RenderButton {INPUT} at (2,2) size 40x33 [bgcolor=#C0C0C0]
          RenderBlock (anonymous) at (6,6) size 28x21
            RenderText at (0,0) size 28x21
              text run at (0,0) width 28: "Foo"
        RenderButton {INPUT} at (46,2) size 37x33 [bgcolor=#C0C0C0]
          RenderBlock (anonymous) at (6,6) size 25x21
            RenderText at (0,0) size 25x21
              text run at (0,0) width 25: "Bar"
        RenderText {#text} at (0,0) size 0x0
caret: position 1 of child 2 {INPUT} of child 2 {DIV} of body
