EDITING DELEGATE: webViewDidChangeSelection:WebViewDidChangeSelectionNotification
layer at (0,0) size 800x600
  RenderView at (0,0) size 800x600
layer at (0,0) size 800x600
  RenderBlock {HTML} at (0,0) size 800x600
    RenderBody {BODY} at (8,8) size 784x584
      RenderBlock {P} at (0,0) size 784x42
        RenderText {#text} at (0,0) size 149x21
          text run at (0,0) width 149: "This is a testcase for "
        RenderInline {A} at (0,0) size 165x21 [color=#0000EE]
          RenderText {#text} at (149,0) size 165x21
            text run at (149,0) width 165: "rdar://problem/4402375"
        RenderText {#text} at (314,0) size 777x42
          text run at (314,0) width 463: " \"REGRESSION (417.8-TOT): finding text sometimes also selects"
          text run at (0,21) width 215: "previous image (5127) (6451)\""
      RenderBlock {HR} at (0,58) size 784x2 [border: (1px inset #000000)]
      RenderBlock {P} at (0,76) size 784x42
        RenderText {#text} at (0,0) size 768x42
          text run at (0,0) width 464: "This test uses a right aligned image next to some left aligned text. "
          text run at (464,0) width 275: "The image should not be selected, and"
          text run at (0,21) width 768: "should not be included in the selection rect (you won't see the selection rect when you run this test manually)."
      RenderBlock {DIV} at (0,134) size 784x21
        RenderImage {IMG} at (708,0) size 76x103
        RenderText {#text} at (0,0) size 202x21
          text run at (0,0) width 202: "This text should be selected."
selection start: position 0 of child 1 {#text} of child 6 {DIV} of body
selection end:   position 29 of child 1 {#text} of child 6 {DIV} of body
