layer at (0,0) size 800x600
  RenderView at (0,0) size 800x600
layer at (0,0) size 800x600
  RenderBlock {HTML} at (0,0) size 800x600
    RenderBody {BODY} at (8,8) size 784x584
      RenderBlock {P} at (0,0) size 784x21
        RenderText {#text} at (0,0) size 686x21
          text run at (0,0) width 485: "This tests caret movement through -webkit-user-select:none content. "
          text run at (485,0) width 201: "The caret should move over "
        RenderInline {B} at (0,0) size 27x21
          RenderText {#text} at (686,0) size 27x21
            text run at (686,0) width 27: "yyy"
        RenderText {#text} at (713,0) size 4x21
          text run at (713,0) width 4: "."
      RenderBlock {DIV} at (0,37) size 784x21
        RenderText {#text} at (0,0) size 8x21
          text run at (0,0) width 8: "x"
        RenderInline {SPAN} at (0,0) size 27x21
          RenderText {#text} at (8,0) size 27x21
            text run at (8,0) width 27: "yyy"
        RenderText {#text} at (35,0) size 8x21
          text run at (35,0) width 8: "x"
caret: position 0 of child 2 {#text} of child 2 {DIV} of body
