EDITING DELEGATE: shouldBeginEditingInDOMRange:range from 0 of DIV > BODY > HTML > #document to 7 of DIV > BODY > HTML > #document
EDITING DELEGATE: webViewDidBeginEditing:WebViewDidBeginEditingNotification
EDITING DELEGATE: webViewDidChangeSelection:WebViewDidChangeSelectionNotification
EDITING DELEGATE: shouldEndEditingInDOMRange:range from 0 of DIV > BODY > HTML > #document to 7 of DIV > BODY > HTML > #document
EDITING DELEGATE: webViewDidEndEditing:WebViewDidEndEditingNotification
EDITING DELEGATE: shouldBeginEditingInDOMRange:range from 0 of SPAN > TD > TR > TBODY > TABLE > DIV > BODY > HTML > #document to 1 of SPAN > TD > TR > TBODY > TABLE > DIV > BODY > HTML > #document
EDITING DELEGATE: webViewDidBeginEditing:WebViewDidBeginEditingNotification
EDITING DELEGATE: webViewDidChangeSelection:WebViewDidChangeSelectionNotification
EDITING DELEGATE: shouldEndEditingInDOMRange:range from 0 of SPAN > TD > TR > TBODY > TABLE > DIV > BODY > HTML > #document to 1 of SPAN > TD > TR > TBODY > TABLE > DIV > BODY > HTML > #document
EDITING DELEGATE: webViewDidEndEditing:WebViewDidEndEditingNotification
EDITING DELEGATE: shouldBeginEditingInDOMRange:range from 0 of DIV > BODY > HTML > #document to 7 of DIV > BODY > HTML > #document
EDITING DELEGATE: webViewDidBeginEditing:WebViewDidBeginEditingNotification
EDITING DELEGATE: webViewDidChangeSelection:WebViewDidChangeSelectionNotification
EDITING DELEGATE: shouldEndEditingInDOMRange:range from 0 of DIV > BODY > HTML > #document to 7 of DIV > BODY > HTML > #document
EDITING DELEGATE: webViewDidEndEditing:WebViewDidEndEditingNotification
EDITING DELEGATE: shouldBeginEditingInDOMRange:range from 0 of SPAN > TD > TR > TBODY > TABLE > DIV > BODY > HTML > #document to 1 of SPAN > TD > TR > TBODY > TABLE > DIV > BODY > HTML > #document
EDITING DELEGATE: webViewDidBeginEditing:WebViewDidBeginEditingNotification
EDITING DELEGATE: webViewDidChangeSelection:WebViewDidChangeSelectionNotification
EDITING DELEGATE: shouldEndEditingInDOMRange:range from 0 of SPAN > TD > TR > TBODY > TABLE > DIV > BODY > HTML > #document to 1 of SPAN > TD > TR > TBODY > TABLE > DIV > BODY > HTML > #document
EDITING DELEGATE: webViewDidEndEditing:WebViewDidEndEditingNotification
EDITING DELEGATE: shouldBeginEditingInDOMRange:range from 0 of DIV > BODY > HTML > #document to 7 of DIV > BODY > HTML > #document
EDITING DELEGATE: webViewDidBeginEditing:WebViewDidBeginEditingNotification
EDITING DELEGATE: webViewDidChangeSelection:WebViewDidChangeSelectionNotification
EDITING DELEGATE: shouldEndEditingInDOMRange:range from 0 of DIV > BODY > HTML > #document to 7 of DIV > BODY > HTML > #document
EDITING DELEGATE: webViewDidEndEditing:WebViewDidEndEditingNotification
EDITING DELEGATE: shouldBeginEditingInDOMRange:range from 0 of SPAN > TD > TR > TBODY > TABLE > DIV > BODY > HTML > #document to 1 of SPAN > TD > TR > TBODY > TABLE > DIV > BODY > HTML > #document
EDITING DELEGATE: webViewDidBeginEditing:WebViewDidBeginEditingNotification
EDITING DELEGATE: webViewDidChangeSelection:WebViewDidChangeSelectionNotification
EDITING DELEGATE: shouldEndEditingInDOMRange:range from 0 of SPAN > TD > TR > TBODY > TABLE > DIV > BODY > HTML > #document to 1 of SPAN > TD > TR > TBODY > TABLE > DIV > BODY > HTML > #document
EDITING DELEGATE: webViewDidEndEditing:WebViewDidEndEditingNotification
EDITING DELEGATE: shouldBeginEditingInDOMRange:range from 0 of DIV > BODY > HTML > #document to 7 of DIV > BODY > HTML > #document
EDITING DELEGATE: webViewDidBeginEditing:WebViewDidBeginEditingNotification
EDITING DELEGATE: webViewDidChangeSelection:WebViewDidChangeSelectionNotification
EDITING DELEGATE: shouldEndEditingInDOMRange:range from 0 of DIV > BODY > HTML > #document to 7 of DIV > BODY > HTML > #document
EDITING DELEGATE: webViewDidEndEditing:WebViewDidEndEditingNotification
EDITING DELEGATE: shouldBeginEditingInDOMRange:range from 0 of SPAN > TD > TR > TBODY > TABLE > DIV > BODY > HTML > #document to 1 of SPAN > TD > TR > TBODY > TABLE > DIV > BODY > HTML > #document
EDITING DELEGATE: webViewDidBeginEditing:WebViewDidBeginEditingNotification
EDITING DELEGATE: webViewDidChangeSelection:WebViewDidChangeSelectionNotification
layer at (0,0) size 800x600
  RenderView at (0,0) size 800x600
layer at (0,0) size 800x600
  RenderBlock {HTML} at (0,0) size 800x600
    RenderBody {BODY} at (8,8) size 784x584
      RenderBlock {P} at (0,0) size 784x42
        RenderText {#text} at (0,0) size 750x42
          text run at (0,0) width 750: "This tests for a bug moving down by a line from a line just above a ToDo, and moving up by a line from just"
          text run at (0,21) width 104: "below a ToDo."
      RenderBlock {DIV} at (0,58) size 784x73
        RenderBlock {DIV} at (0,0) size 784x21
          RenderText {#text} at (0,0) size 307x21
            text run at (0,0) width 307: "Click anywhere in this line and move down."
        RenderTable {TABLE} at (0,21) size 375x31 [border: (1px outset #808080)]
          RenderTableSection {TBODY} at (1,1) size 373x29
            RenderTableRow {TR} at (0,2) size 373x25
              RenderTableCell {TD} at (2,2) size 369x25 [border: (1px inset #808080)] [r=0 c=0 rs=1 cs=1]
                RenderText {#text} at (2,2) size 71x21
                  text run at (2,2) width 71: "The caret "
                RenderInline {SPAN} at (0,0) size 48x21 [color=#0000FF]
                  RenderText {#text} at (73,2) size 48x21
                    text run at (73,2) width 48: "should"
                RenderText {#text} at (121,2) size 246x21
                  text run at (121,2) width 246: " always go into the editable region."
        RenderBlock {DIV} at (0,52) size 784x21
          RenderText {#text} at (0,0) size 286x21
            text run at (0,0) width 286: "Click anywhere in this line and move up."
caret: position 6 of child 0 {#text} of child 1 {SPAN} of child 0 {TD} of child 0 {TR} of child 0 {TBODY} of child 3 {TABLE} of child 2 {DIV} of body
