layer at (0,0) size 800x600
  RenderView at (0,0) size 800x600
layer at (0,0) size 800x600
  RenderBlock {HTML} at (0,0) size 800x600
    RenderBody {BODY} at (8,8) size 784x584
      RenderBlock {P} at (0,0) size 784x63
        RenderText {#text} at (0,0) size 782x63
          text run at (0,0) width 577: "This tests for a bug when moving the caret forward/backward by a line/paragraph. "
          text run at (577,0) width 205: "The horizontal position of the"
          text run at (0,21) width 689: "caret would be lost when moving the caret into an empty paragraph, when it should be preserved. "
          text run at (689,21) width 67: "The caret"
          text run at (0,42) width 462: "should be between the first and second 'x's in the third paragraph."
      RenderBlock {DIV} at (0,79) size 784x84
        RenderText {#text} at (0,0) size 24x21
          text run at (0,0) width 24: "xxx"
        RenderBR {BR} at (24,16) size 0x0
        RenderText {#text} at (0,21) size 24x21
          text run at (0,21) width 24: "xxx"
        RenderBR {BR} at (24,37) size 0x0
        RenderBR {BR} at (0,42) size 0x21
        RenderText {#text} at (0,63) size 24x21
          text run at (0,63) width 24: "xxx"
        RenderBR {BR} at (24,79) size 0x0
caret: position 2 of child 6 {#text} of child 2 {DIV} of body
