layer at (0,0) size 800x600
  RenderView at (0,0) size 800x600
layer at (0,0) size 800x600
  RenderBlock {HTML} at (0,0) size 800x600
    RenderBody {BODY} at (8,8) size 784x584
      RenderBlock {P} at (0,0) size 784x42
        RenderText {#text} at (0,0) size 778x42
          text run at (0,0) width 500: "This tests clicking to place a caret in the padding of an editable region. "
          text run at (500,0) width 278: "The eventSender clicks to the left of the"
          text run at (0,21) width 649: "ToDo in the left padding of the editable region and the caret should be just before that ToDo."
      RenderBlock {DIV} at (0,58) size 784x125 [border: (1px solid #000000)]
        RenderBlock {DIV} at (26,26) size 732x21
          RenderText {#text} at (0,0) size 113x21
            text run at (0,0) width 113: "Paragraph One."
        RenderTable {TABLE} at (26,47) size 98x31 [border: (1px solid #BBBBBB)]
          RenderTableSection {TBODY} at (1,1) size 96x29
            RenderTableRow {TR} at (0,2) size 96x25 [border: (1px solid #BBBBBB)]
              RenderTableCell {TD} at (2,2) size 8x25 [border: (1px solid #BBBBBB)] [r=0 c=0 rs=1 cs=1]
                RenderText {#text} at (2,2) size 4x21
                  text run at (2,2) width 4: " "
              RenderTableCell {TD} at (12,2) size 82x25 [border: (1px solid #BBBBBB)] [r=0 c=1 rs=1 cs=1]
                RenderText {#text} at (2,2) size 78x21
                  text run at (2,2) width 78: "ToDo One."
        RenderBlock {DIV} at (26,78) size 732x21
          RenderText {#text} at (0,0) size 114x21
            text run at (0,0) width 114: "Paragraph Two."
caret: position 0 of child 3 {TABLE} of child 3 {DIV} of body
