layer at (0,0) size 800x600
  RenderView at (0,0) size 800x600
layer at (0,0) size 800x600
  RenderBlock {HTML} at (0,0) size 800x600
    RenderBody {BODY} at (8,8) size 784x584
      RenderBlock {P} at (0,0) size 784x38
        RenderText {#text} at (0,0) size 737x38
          text run at (0,0) width 424: "This tests clicking to place a caret in the padding of an editable region. "
          text run at (424,0) width 313: "The eventSender clicks in the bottom padding of the"
          text run at (0,19) width 426: "editable region and the caret should be placed at the end of that region."
      RenderBlock {DIV} at (0,54) size 784x119 [border: (1px solid #000000)]
        RenderBlock {DIV} at (26,26) size 732x19
          RenderText {#text} at (0,0) size 96x19
            text run at (0,0) width 96: "Paragraph One."
        RenderTable {TABLE} at (26,45) size 90x29 [border: (1px solid #BBBBBB)]
          RenderTableSection {TBODY} at (1,1) size 88x27
            RenderTableRow {TR} at (0,2) size 88x23 [border: (1px solid #BBBBBB)]
              RenderTableCell {TD} at (2,2) size 8x23 [border: (1px solid #BBBBBB)] [r=0 c=0 rs=1 cs=1]
                RenderText {#text} at (2,2) size 4x19
                  text run at (2,2) width 4: " "
              RenderTableCell {TD} at (12,2) size 74x23 [border: (1px solid #BBBBBB)] [r=0 c=1 rs=1 cs=1]
                RenderText {#text} at (2,2) size 70x19
                  text run at (2,2) width 70: "ToDo One."
        RenderBlock {DIV} at (26,74) size 732x19
          RenderText {#text} at (0,0) size 98x19
            text run at (0,0) width 98: "Paragraph Two."
caret: position 14 of child 0 {#text} of child 5 {DIV} of child 3 {DIV} of body
