layer at (0,0) size 800x600
  RenderView at (0,0) size 800x600
layer at (0,0) size 800x600
  RenderBlock {HTML} at (0,0) size 800x600
    RenderBody {BODY} at (8,8) size 784x584
      RenderBlock {P} at (0,0) size 784x22
        RenderText {#text} at (0,0) size 703x22
          text run at (0,0) width 347: "This tests moving forward by sentence boundaries. "
          text run at (347,0) width 356: "The caret should be at the start of the third sentence."
      RenderBlock {DIV} at (0,38) size 784x66
        RenderText {#text} at (0,0) size 784x66
          text run at (0,0) width 735: "Lorem ipsum dolor sit amet, consectetuer adipiscing elit. Nunc a augue. Pellentesque habitant morbi tristique"
          text run at (735,0) width 4: " "
          text run at (0,22) width 768: "senectus et netus et malesuada fames ac turpis egestas. Mauris ut pede. Integer lacus. Ut ipsum. Phasellus tristique"
          text run at (768,22) width 4: " "
          text run at (0,44) width 784: "leo eu velit. Vestibulum arcu lacus, blandit ac, condimentum sed, commodo in, arcu. Curabitur suscipit pede eu sem."
caret: position 72 of child 0 {#text} of child 2 {DIV} of body
