layer at (0,0) size 800x600
  RenderView at (0,0) size 800x600
layer at (0,0) size 800x600
  RenderBlock {HTML} at (0,0) size 800x600
    RenderBody {BODY} at (8,8) size 784x584
      RenderBlock {P} at (0,0) size 784x63
        RenderText {#text} at (0,0) size 765x63
          text run at (0,0) width 765: "This tests to see that clicking on content outside of an editable region with -webkit-user-select: ignore doesn't"
          text run at (0,21) width 597: "remove the selection from the editable region. To run it manually, click on the button. "
          text run at (597,21) width 138: "The editable region"
          text run at (0,42) width 459: "should not be focused, but the text inside of it should be selected."
      RenderBlock (anonymous) at (0,79) size 784x37
        RenderButton {INPUT} at (2,2) size 96x33 [bgcolor=#C0C0C0]
          RenderBlock (anonymous) at (6,6) size 84x21
            RenderText at (0,0) size 84x21
              text run at (0,0) width 84: "Click on me"
        RenderText {#text} at (0,0) size 0x0
      RenderBlock {DIV} at (0,116) size 784x21
        RenderText {#text} at (0,0) size 202x21
          text run at (0,0) width 202: "This text should be selected."
selection start: position 0 of child 0 {#text} of child 4 {DIV} of body
selection end:   position 29 of child 0 {#text} of child 4 {DIV} of body
