EDITING DELEGATE: shouldBeginEditingInDOMRange:range from 0 of BODY > HTML > #document to 7 of BODY > HTML > #document
EDITING DELEGATE: webViewDidBeginEditing:WebViewDidBeginEditingNotification
EDITING DELEGATE: webViewDidChangeSelection:WebViewDidChangeSelectionNotification
EDITING DELEGATE: shouldChangeSelectedDOMRange:range from 0 of P > BODY > HTML > #document to 0 of P > BODY > HTML > #document toDOMRange:range from 0 of #text > P > BODY > HTML > #document to 6 of BODY > HTML > #document affinity:NSSelectionAffinityDownstream stillSelecting:FALSE
EDITING DELEGATE: webViewDidChangeSelection:WebViewDidChangeSelectionNotification
layer at (0,0) size 800x600
  RenderView at (0,0) size 800x600
layer at (0,0) size 800x600
  RenderBlock {HTML} at (0,0) size 800x600
    RenderBody {BODY} at (8,8) size 784x584
      RenderBlock {P} at (0,0) size 784x63
        RenderText {#text} at (0,0) size 149x21
          text run at (0,0) width 149: "This is a testcase for "
        RenderInline {A} at (0,0) size 379x21 [color=#0000EE]
          RenderText {#text} at (149,0) size 379x21
            text run at (149,0) width 379: "http://bugzilla.opendarwin.org/show_bug.cgi?id=7152"
        RenderText {#text} at (528,0) size 780x63
          text run at (528,0) width 8: ". "
          text run at (536,0) width 218: "Adding visible candidates after"
          text run at (754,0) width 4: " "
          text run at (0,21) width 776: "tables, at [table, numberOfChildren], threw RenderView::setSelection for a loop because it assumed the end of"
          text run at (776,21) width 4: " "
          text run at (0,42) width 310: "a selection would be inside an atomic node."
      RenderBlock {HR} at (0,79) size 784x2 [border: (1px inset #000000)]
      RenderTable {TABLE} at (0,89) size 183x58 [border: (1px outset #808080)]
        RenderTableSection {TBODY} at (1,1) size 181x56
          RenderTableRow {TR} at (0,2) size 181x25
            RenderTableCell {TD} at (2,2) size 177x25 [border: (1px inset #808080)] [r=0 c=0 rs=1 cs=1]
              RenderText {#text} at (2,2) size 173x21
                text run at (2,2) width 173: "This should be selected."
          RenderTableRow {TR} at (0,29) size 181x25
            RenderTableCell {TD} at (2,29) size 177x25 [border: (1px inset #808080)] [r=1 c=0 rs=1 cs=1]
              RenderText {#text} at (2,2) size 173x21
                text run at (2,2) width 173: "This should be selected."
selection start: position 0 of child 0 {#text} of child 1 {P} of body
selection end:   position 1 of child 5 {TABLE} of body
