EDITING DELEGATE: shouldBeginEditingInDOMRange:range from 0 of BODY > HTML > #document to 7 of BODY > HTML > #document
EDITING DELEGATE: webViewDidBeginEditing:WebViewDidBeginEditingNotification
EDITING DELEGATE: webViewDidChangeSelection:WebViewDidChangeSelectionNotification
EDITING DELEGATE: shouldChangeSelectedDOMRange:range from 1 of BODY > HTML > #document to 1 of BODY > HTML > #document toDOMRange:range from 1 of BODY > HTML > #document to 341 of #text > P > BODY > HTML > #document affinity:NSSelectionAffinityDownstream stillSelecting:FALSE
EDITING DELEGATE: webViewDidChangeSelection:WebViewDidChangeSelectionNotification
layer at (0,0) size 800x600
  RenderView at (0,0) size 800x600
layer at (0,0) size 800x600
  RenderBlock {HTML} at (0,0) size 800x600
    RenderBody {BODY} at (8,8) size 784x576
      RenderTable {TABLE} at (0,0) size 169x60 [border: (1px outset #808080)]
        RenderTableSection {TBODY} at (1,1) size 167x58
          RenderTableRow {TR} at (0,2) size 167x26
            RenderTableCell {TD} at (2,2) size 163x26 [border: (1px inset #808080)] [r=0 c=0 rs=1 cs=1]
              RenderText {#text} at (2,2) size 159x22
                text run at (2,2) width 159: "This should be selected."
          RenderTableRow {TR} at (0,30) size 167x26
            RenderTableCell {TD} at (2,30) size 163x26 [border: (1px inset #808080)] [r=1 c=0 rs=1 cs=1]
              RenderText {#text} at (2,2) size 159x22
                text run at (2,2) width 159: "This should be selected."
      RenderBlock {HR} at (0,68) size 784x2 [border: (1px inset #000000)]
      RenderBlock {P} at (0,86) size 784x88
        RenderText {#text} at (0,0) size 139x22
          text run at (0,0) width 139: "This is a testcase for "
        RenderInline {A} at (0,0) size 365x22 [color=#0000EE]
          RenderText {#text} at (139,0) size 365x22
            text run at (139,0) width 365: "http://bugzilla.opendarwin.org/show_bug.cgi?id=7152"
        RenderText {#text} at (504,0) size 775x88
          text run at (504,0) width 8: ". "
          text run at (512,0) width 256: "Adding visible candidates after tables,"
          text run at (768,0) width 4: " "
          text run at (0,22) width 771: "at [table, numberOfChildren], threw RenderView::setSelection for a loop because it assumed the end of a selection"
          text run at (771,22) width 4: " "
          text run at (0,44) width 220: "would be inside an atomic node. "
          text run at (220,44) width 500: "It didn't make the same assumption about start of a selection, but for good"
          text run at (720,44) width 4: " "
          text run at (0,66) width 472: "measure, we also test a selection that starts at a position before a table."
selection start: position 0 of child 1 {TABLE} of body
selection end:   position 341 of child 2 {#text} of child 5 {P} of body
