EDITING DELEGATE: webViewDidChangeSelection:WebViewDidChangeSelectionNotification
layer at (0,0) size 800x600
  RenderView at (0,0) size 800x600
layer at (0,0) size 800x600
  RenderBlock {HTML} at (0,0) size 800x600
    RenderBody {BODY} at (8,8) size 784x584
      RenderBlock {P} at (0,0) size 784x42
        RenderText {#text} at (0,0) size 779x42
          text run at (0,0) width 779: "This tests that the caret and the focus halo are not displayed when the WebView is not focused (using the pixel"
          text run at (0,21) width 221: "output from DumpRenderTree)."
      RenderBlock {DIV} at (0,58) size 784x21
        RenderText {#text} at (0,0) size 73x21
          text run at (0,0) width 73: "This is an "
        RenderInline {SPAN} at (0,0) size 57x21
          RenderText {#text} at (73,0) size 57x21
            text run at (73,0) width 57: "editable"
        RenderText {#text} at (130,0) size 450x21
          text run at (130,0) width 450: " region. No caret or focus ring should appear in the pixel results."
caret: position 11 of child 0 {#text} of child 3 {DIV} of body
