layer at (0,0) size 800x600
  RenderView at (0,0) size 800x600
layer at (0,0) size 800x600
  RenderBlock {HTML} at (0,0) size 800x600
    RenderBody {BODY} at (8,8) size 784x584
      RenderBlock {DIV} at (0,0) size 784x104 [border: (5px solid #FF0000)]
        RenderMenuList {SELECT} at (39,39) size 58x26 [bgcolor=#FFFFFF]
          RenderBlock (anonymous) at (4,2) size 30x21
            RenderText at (0,0) size 30x21
              text run at (0,0) width 30: "One"
        RenderText {#text} at (99,41) size 31x21
          text run at (99,41) width 31: "blaa"
caret: position 0 of child 0 {SELECT} of child 0 {DIV} of body
