layer at (0,0) size 800x600
  RenderView at (0,0) size 800x600
layer at (0,0) size 800x142
  RenderBlock {HTML} at (0,0) size 800x142
    RenderBody {BODY} at (8,16) size 784x118
      RenderBlock {P} at (0,0) size 784x38
        RenderText {#text} at (0,0) size 775x38
          text run at (0,0) width 775: "This tests that clicking in a contenteditable div will set the caret in the right position for RTL text in a RTL block. To test manually,"
          text run at (0,19) width 379: "click the right of the text. The caret should be on the right edge."
      RenderBlock {DIV} at (0,54) size 205x45 [border: (1px solid #000000)]
        RenderText {#text} at (122,11) size 72x23
          text run at (122,11) width 72 RTL: "\x{5E9}\x{5D3}\x{5D4} \x{5D1}\x{5D5}\x{5E8}"
      RenderBlock (anonymous) at (0,99) size 784x19
        RenderText {#text} at (0,0) size 38x19
          text run at (0,0) width 38: "PASS"
        RenderBR {BR} at (38,0) size 0x19
        RenderText {#text} at (0,0) size 0x0
caret: position 0 of child 0 {#text} of child 3 {DIV} of body
