EDITING DELEGATE: shouldBeginEditingInDOMRange:range from 0 of DIV > BODY > HTML > #document to 1 of DIV > BODY > HTML > #document
EDITING DELEGATE: webViewDidBeginEditing:WebViewDidBeginEditingNotification
EDITING DELEGATE: shouldChangeSelectedDOMRange:(null) toDOMRange:range from 19 of #text > DIV > BODY > HTML > #document to 19 of #text > DIV > BODY > HTML > #document affinity:NSSelectionAffinityDownstream stillSelecting:FALSE
EDITING DELEGATE: webViewDidChangeSelection:WebViewDidChangeSelectionNotification
layer at (0,0) size 800x600
  RenderView at (0,0) size 800x600
layer at (0,0) size 800x600
  RenderBlock {HTML} at (0,0) size 800x600
    RenderBody {BODY} at (8,8) size 784x584
      RenderBlock {P} at (0,0) size 784x42
        RenderText {#text} at (0,0) size 115x21
          text run at (0,0) width 115: "This is a test for "
        RenderInline {I} at (0,0) size 729x42
          RenderInline {A} at (0,0) size 379x21 [color=#0000EE]
            RenderText {#text} at (115,0) size 379x21
              text run at (115,0) width 379: "http://bugzilla.opendarwin.org/show_bug.cgi?id=9978"
          RenderText {#text} at (494,0) size 729x42
            text run at (494,0) width 4: " "
            text run at (498,0) width 231: "REGRESSION (r12949-r12988):"
            text run at (0,21) width 545: "Clicking the first letter on a line places the caret at the end of the previous line"
        RenderText {#text} at (545,21) size 4x21
          text run at (545,21) width 4: "."
      RenderBlock {P} at (0,58) size 784x42
        RenderText {#text} at (0,0) size 774x42
          text run at (0,0) width 611: "To test interactively, click the left side of the W on the second line. The caret should be "
          text run at (611,0) width 163: "move to the start of that"
          text run at (0,21) width 30: "line."
      RenderBlock {HR} at (0,116) size 784x2 [border: (1px inset #000000)]
      RenderBlock {DIV} at (0,126) size 250x180
        RenderText {#text} at (0,0) size 234x180
          text run at (0,0) width 156: "Alice in"
          text run at (156,0) width 13: " "
          text run at (0,60) width 234: "Wonderlan"
          text run at (0,120) width 27: "d"
caret: position 19 of child 0 {#text} of child 7 {DIV} of body
