ALERT: 0.1724137931034483
layer at (0,0) size 800x600
  RenderView at (0,0) size 800x600
layer at (0,0) size 800x600
  RenderBlock {HTML} at (0,0) size 800x600
    RenderBody {BODY} at (8,8) size 784x576
      RenderBlock {P} at (0,0) size 784x21
        RenderText {#text} at (0,0) size 246x21
          text run at (0,0) width 246: "This tests for a drag select crasher."
      RenderBlock {DIV} at (0,37) size 784x29
        RenderInline {SPAN} at (0,0) size 73x21
          RenderText {#text} at (0,4) size 73x21
            text run at (0,4) width 73: "Start here."
        RenderText {#text} at (73,4) size 4x21
          text run at (73,4) width 4: " "
        RenderTextControl {INPUT} at (79,2) size 186x25
      RenderBlock {UL} at (0,82) size 784x0
layer at (89,49) size 182x21
  RenderBlock {DIV} at (2,2) size 182x21
selection start: position 4 of child 0 {#text} of child 0 {SPAN} of child 2 {DIV} of body
selection end:   position 1 of child 1 {#text} of child 2 {DIV} of body
