EDITING DELEGATE: shouldBeginEditingInDOMRange:range from 0 of DIV > BODY > HTML > #document to 2 of DIV > BODY > HTML > #document
EDITING DELEGATE: webViewDidBeginEditing:WebViewDidBeginEditingNotification
EDITING DELEGATE: shouldChangeSelectedDOMRange:(null) toDOMRange:range from 1 of #text > SPAN > DIV > BODY > HTML > #document to 1 of #text > SPAN > DIV > BODY > HTML > #document affinity:NSSelectionAffinityDownstream stillSelecting:FALSE
EDITING DELEGATE: webViewDidChangeSelection:WebViewDidChangeSelectionNotification
layer at (0,0) size 800x600
  RenderView at (0,0) size 800x600
layer at (0,0) size 800x600
  RenderBlock {HTML} at (0,0) size 800x600
    RenderBody {BODY} at (8,8) size 784x584
      RenderBlock {P} at (0,0) size 784x42
        RenderText {#text} at (0,0) size 741x42
          text run at (0,0) width 464: "This tests double clicking inside and at the end of an editable div. "
          text run at (464,0) width 277: "The selection that is created should not"
          text run at (0,21) width 244: "extend outside the editable region."
      RenderBlock {DIV} at (0,58) size 784x21
        RenderText {#text} at (0,0) size 201x21
          text run at (0,0) width 201: "This text is in an editable div"
        RenderInline {SPAN} at (0,0) size 4x21
          RenderText {#text} at (201,0) size 4x21
            text run at (201,0) width 4: "."
      RenderBlock (anonymous) at (0,79) size 784x21
        RenderText {#text} at (0,0) size 272x21
          text run at (0,0) width 272: "This text is outside the editable region."
        RenderText {#text} at (0,0) size 0x0
caret: position 1 of child 0 {#text} of child 1 {SPAN} of child 3 {DIV} of body
