EDITING DELEGATE: shouldBeginEditingInDOMRange:range from 0 of DIV > BODY > HTML > #document to 2 of DIV > BODY > HTML > #document
EDITING DELEGATE: webViewDidBeginEditing:WebViewDidBeginEditingNotification
EDITING DELEGATE: shouldChangeSelectedDOMRange:(null) toDOMRange:range from 1 of #text > SPAN > DIV > BODY > HTML > #document to 1 of #text > SPAN > DIV > BODY > HTML > #document affinity:NSSelectionAffinityDownstream stillSelecting:FALSE
EDITING DELEGATE: webViewDidChangeSelection:WebViewDidChangeSelectionNotification
layer at (0,0) size 800x600
  RenderView at (0,0) size 800x600
layer at (0,0) size 800x600
  RenderBlock {HTML} at (0,0) size 800x600
    RenderBody {BODY} at (8,8) size 784x576
      RenderBlock {P} at (0,0) size 784x42
        RenderText {#text} at (0,0) size 741x42
          text run at (0,0) width 464: "This tests double clicking inside and at the end of an editable div. "
          text run at (464,0) width 277: "The selection that is created should not"
          text run at (0,21) width 244: "extend outside the editable region."
      RenderBlock {DIV} at (0,58) size 784x21
        RenderText {#text} at (0,0) size 231x21
          text run at (0,0) width 231: "This text is inside an editable div"
        RenderInline {SPAN} at (0,0) size 4x21
          RenderText {#text} at (231,0) size 4x21
            text run at (231,0) width 4: " "
layer at (8,103) size 784x21
  RenderBlock {P} at (0,95) size 784x21
    RenderText {#text} at (0,0) size 167x21
      text run at (0,0) width 167: "This text is not editable."
caret: position 1 of child 0 {#text} of child 1 {SPAN} of child 3 {DIV} of body
