layer at (0,0) size 800x600
  RenderView at (0,0) size 800x600
layer at (0,0) size 800x216
  RenderBlock {HTML} at (0,0) size 800x216
    RenderBody {BODY} at (8,8) size 784x200
layer at (8,8) size 200x200
  RenderBlock {DIV} at (0,0) size 200x200
    RenderBlock {P} at (0,0) size 200x63
      RenderText {#text} at (0,0) size 106x63
        text run at (0,0) width 106: "hello"
    RenderBlock {P} at (0,63) size 200x63
      RenderText {#text} at (0,0) size 120x63
        text run at (0,0) width 120: "world"
selection start: position 4 of child 0 {#text} of child 1 {P} of child 1 {DIV} of body
selection end:   position 3 of child 0 {#text} of child 3 {P} of child 1 {DIV} of body
