EDITING DELEGATE: shouldBeginEditingInDOMRange:range from 0 of HTML > #document to 2 of HTML > #document
EDITING DELEGATE: webViewDidBeginEditing:WebViewDidBeginEditingNotification
EDITING DELEGATE: shouldChangeSelectedDOMRange:(null) toDOMRange:range from 0 of BODY > HTML > #document to 0 of BODY > HTML > #document affinity:NSSelectionAffinityDownstream stillSelecting:FALSE
EDITING DELEGATE: shouldEndEditingInDOMRange:range from 0 of HTML > #document to 2 of HTML > #document
EDITING DELEGATE: webViewDidEndEditing:WebViewDidEndEditingNotification
EDITING DELEGATE: shouldBeginEditingInDOMRange:range from 0 of BODY > HTML > #document to 9 of BODY > HTML > #document
EDITING DELEGATE: webViewDidBeginEditing:WebViewDidBeginEditingNotification
EDITING DELEGATE: webViewDidChangeSelection:WebViewDidChangeSelectionNotification
layer at (0,0) size 2008x2100
  RenderView at (0,0) size 784x584
layer at (0,0) size 784x2100
  RenderBlock {HTML} at (0,0) size 784x2100
    RenderBody {BODY} at (8,8) size 768x2084
      RenderBlock (anonymous) at (0,0) size 768x63
        RenderText {#text} at (0,0) size 651x21
          text run at (0,0) width 651: "This test makes sure that we don't scroll unnecessarily to reveal an editable HTML Element. "
        RenderBR {BR} at (651,16) size 0x0
        RenderText {#text} at (0,21) size 297x21
          text run at (0,21) width 297: "If the document doesn't scroll, test passes."
        RenderBR {BR} at (297,37) size 0x0
        RenderInline {B} at (0,0) size 600x21
          RenderText {#text} at (0,42) size 600x21
            text run at (0,42) width 600: "This demonstrates a bug: normally, focusing an element will select its contents."
        RenderText {#text} at (0,0) size 0x0
      RenderBlock {DIV} at (0,63) size 2000x2000
      RenderBlock (anonymous) at (0,2063) size 768x21
        RenderText {#text} at (0,0) size 264x21
          text run at (0,0) width 264: "If the document scrolls here, test fails."
caret: position 1 of child 0 {#text} of body
