layer at (0,0) size 800x600
  RenderView at (0,0) size 800x600
layer at (0,0) size 800x600
  RenderBlock {HTML} at (0,0) size 800x600
    RenderBody {BODY} at (8,8) size 784x576
      RenderBlock {P} at (0,0) size 784x42
        RenderText {#text} at (0,0) size 57x21
          text run at (0,0) width 57: "Test for "
        RenderInline {I} at (0,0) size 777x42
          RenderInline {A} at (0,0) size 329x21 [color=#0000EE]
            RenderText {#text} at (57,0) size 329x21
              text run at (57,0) width 329: "http://bugs.webkit.org/show_bug.cgi?id=14911"
          RenderText {#text} at (386,0) size 777x42
            text run at (386,0) width 4: " "
            text run at (390,0) width 387: "REGRESSION: Clicking in pasted text doesn't position"
            text run at (0,21) width 190: "the insertion point correctly"
        RenderText {#text} at (190,21) size 4x21
          text run at (190,21) width 4: "."
      RenderBlock {P} at (0,58) size 784x21
        RenderText {#text} at (0,0) size 616x21
          text run at (0,0) width 580: "You should be able to select individual letters in \x{201C}ipsum\x{201D} by dragging in the yellow "
          text run at (580,0) width 36: "area "
        RenderInline {EM} at (0,0) size 44x21
          RenderText {#text} at (616,0) size 44x21
            text run at (616,0) width 44: "above"
        RenderText {#text} at (660,0) size 43x21
          text run at (660,0) width 43: " them."
      RenderBlock (floating) {DIV} at (0,95) size 92x80 [bgcolor=#FFFFAA]
        RenderInline {SPAN} at (0,0) size 92x21 [bgcolor=#FFFFFF]
          RenderText {#text} at (0,29) size 49x21
            text run at (0,29) width 49: "Lorem "
          RenderText {#text} at (49,29) size 43x21
            text run at (49,29) width 43: "ipsum"
        RenderText {#text} at (0,0) size 0x0
selection start: position 2 of child 0 {#text} of child 1 {SPAN} of child 4 {DIV} of body
selection end:   position 5 of child 2 {#text} of child 1 {SPAN} of child 4 {DIV} of body
