layer at (0,0) size 800x600
  RenderView at (0,0) size 800x600
layer at (0,0) size 800x600
  RenderBlock {HTML} at (0,0) size 800x600
    RenderBody {BODY} at (8,8) size 784x584
      RenderBlock {P} at (0,0) size 784x42
        RenderText {#text} at (0,0) size 776x42
          text run at (0,0) width 776: "This tests creating a selection based inside a nested editable region that extends out to editable content that is"
          text run at (0,21) width 268: "inside the same highest editable root. "
          text run at (268,21) width 288: "'One' through 'Three' should be selected."
      RenderBlock {DIV} at (0,58) size 784x63
        RenderBlock {DIV} at (0,0) size 784x21
          RenderText {#text} at (0,0) size 30x21
            text run at (0,0) width 30: "One"
        RenderBlock {DIV} at (0,21) size 784x21
          RenderInline {SPAN} at (0,0) size 31x21
            RenderText {#text} at (0,0) size 31x21
              text run at (0,0) width 31: "Two"
          RenderText {#text} at (31,0) size 4x21
            text run at (31,0) width 4: " "
          RenderInline {SPAN} at (0,0) size 42x21
            RenderText {#text} at (35,0) size 42x21
              text run at (35,0) width 42: "Three"
        RenderBlock {DIV} at (0,42) size 784x21
          RenderText {#text} at (0,0) size 33x21
            text run at (0,0) width 33: "Four"
selection start: position 0 of child 0 {#text} of child 1 {DIV} of child 2 {DIV} of body
selection end:   position 5 of child 0 {#text} of child 2 {SPAN} of child 3 {DIV} of child 2 {DIV} of body
