EDITING DELEGATE: shouldBeginEditingInDOMRange:range from 0 of DIV > BODY > HTML > #document to 4 of DIV > BODY > HTML > #document
EDITING DELEGATE: webViewDidBeginEditing:WebViewDidBeginEditingNotification
EDITING DELEGATE: webViewDidChangeSelection:WebViewDidChangeSelectionNotification
EDITING DELEGATE: webViewDidChangeSelection:WebViewDidChangeSelectionNotification
EDITING DELEGATE: webViewDidChangeSelection:WebViewDidChangeSelectionNotification
layer at (0,0) size 800x600
  RenderView at (0,0) size 800x600
layer at (0,0) size 800x600
  RenderBlock {HTML} at (0,0) size 800x600
    RenderBody {BODY} at (8,8) size 784x584
      RenderBlock {DIV} at (0,0) size 784x226 [border: (2px solid #FF0000)]
        RenderBlock {DIV} at (14,38) size 756x150
          RenderBlock {OL} at (0,0) size 756x150
            RenderListItem {LI} at (40,0) size 716x30
              RenderListMarker at (-34,0) size 27x30: "1"
              RenderText {#text} at (0,0) size 39x30
                text run at (0,0) width 39: "one"
            RenderListItem {LI} at (40,30) size 716x30
              RenderListMarker at (-34,0) size 27x30: "2"
              RenderText {#text} at (0,0) size 37x30
                text run at (0,0) width 37: "two"
            RenderListItem {LI} at (40,60) size 716x30
              RenderListMarker at (-34,0) size 27x30: "3"
              RenderBR {BR} at (0,0) size 0x30
            RenderListItem {LI} at (40,90) size 716x30
              RenderListMarker at (-34,0) size 27x30: "4"
              RenderText {#text} at (0,0) size 41x30
                text run at (0,0) width 41: "four"
            RenderListItem {LI} at (40,120) size 716x30
              RenderListMarker at (-34,0) size 27x30: "5"
              RenderText {#text} at (0,0) size 37x30
                text run at (0,0) width 37: "five"
caret: position 0 of child 0 {BR} of child 2 {LI} of child 1 {OL} of child 1 {DIV} of child 1 {DIV} of body
