EDITING DELEGATE: webViewDidChangeSelection:WebViewDidChangeSelectionNotification
EDITING DELEGATE: shouldChangeSelectedDOMRange:range from 1 of #text > DIV > BODY > HTML > #document to 7 of #text > DIV > BODY > HTML > #document toDOMRange:range from 0 of #text > P > BODY > HTML > #document to 7 of #text > DIV > BODY > HTML > #document affinity:NSSelectionAffinityDownstream stillSelecting:FALSE
EDITING DELEGATE: webViewDidChangeSelection:WebViewDidChangeSelectionNotification
layer at (0,0) size 800x600
  RenderView at (0,0) size 800x600
layer at (0,0) size 800x600
  RenderBlock {HTML} at (0,0) size 800x600
    RenderBody {BODY} at (8,8) size 784x584
      RenderBlock {P} at (0,0) size 784x44
        RenderText {#text} at (0,0) size 777x44
          text run at (0,0) width 727: "This tests behavior when a node that serves as the start or end of a selection is removed from the document. "
          text run at (727,0) width 50: "Ideally,"
          text run at (0,22) width 713: "we would just adjust the selection when an endpoint is removed, for now, we just blow away the selection."
      RenderBlock {P} at (0,60) size 784x44
        RenderText {#text} at (0,0) size 780x44
          text run at (0,0) width 506: "This test creates a selection that ends inside of a node that will be removed. "
          text run at (506,0) width 183: "Then the node is removed. "
          text run at (689,0) width 91: "Then a Select"
          text run at (0,22) width 105: "All is executed. "
          text run at (105,22) width 270: "The entire document should be selected."
      RenderBlock {DIV} at (0,120) size 784x22
        RenderText {#text} at (0,0) size 36x22
          text run at (0,0) width 36: "hello "
        RenderText {#text} at (36,0) size 45x22
          text run at (36,0) width 45: "world!"
selection start: position 0 of child 0 {#text} of child 1 {P} of body
selection end:   position 7 of child 1 {#text} of child 5 {DIV} of body
