EDITING DELEGATE: webViewDidChangeSelection:WebViewDidChangeSelectionNotification
layer at (0,0) size 800x600
  RenderView at (0,0) size 800x600
layer at (0,0) size 800x600
  RenderBlock {HTML} at (0,0) size 800x600
    RenderBody {BODY} at (8,8) size 784x584
      RenderBlock {P} at (0,0) size 784x63
        RenderText {#text} at (0,0) size 760x63
          text run at (0,0) width 760: "This tests behavior when a node that serves as the start or end of a selection is removed from the document."
          text run at (0,21) width 730: "Ideally, we would just adjust the selection when an endpoint is removed, for now, we just blow away the"
          text run at (0,42) width 68: "selection."
      RenderBlock {P} at (0,79) size 784x42
        RenderText {#text} at (0,0) size 772x42
          text run at (0,0) width 537: "This test creates a selection that ends inside of a node that will be removed. "
          text run at (537,0) width 193: "Then the node is removed. "
          text run at (730,0) width 42: "There"
          text run at (0,21) width 234: "should be no selection afterward."
      RenderBlock {DIV} at (0,137) size 784x21
        RenderText {#text} at (0,0) size 39x21
          text run at (0,0) width 39: "hello "
        RenderText {#text} at (39,0) size 43x21
          text run at (39,0) width 43: "world!"
selection start: position 1 of child 0 {#text} of child 5 {DIV} of body
selection end:   position 1 of child 5 {DIV} of body
