EDITING DELEGATE: shouldChangeSelectedDOMRange:(null) toDOMRange:range from 15 of #text > DIV > BODY > HTML > #document to 15 of #text > DIV > BODY > HTML > #document affinity:NSSelectionAffinityDownstream stillSelecting:FALSE
EDITING DELEGATE: webViewDidChangeSelection:WebViewDidChangeSelectionNotification
EDITING DELEGATE: shouldChangeSelectedDOMRange:range from 15 of #text > DIV > BODY > HTML > #document to 15 of #text > DIV > BODY > HTML > #document toDOMRange:range from 11 of #text > DIV > BODY > HTML > #document to 4 of #text > DIV > BODY > HTML > #document affinity:NSSelectionAffinityDownstream stillSelecting:FALSE
EDITING DELEGATE: webViewDidChangeSelection:WebViewDidChangeSelectionNotification
EDITING DELEGATE: shouldChangeSelectedDOMRange:range from 11 of #text > DIV > BODY > HTML > #document to 4 of #text > DIV > BODY > HTML > #document toDOMRange:range from 1 of #text > DIV > BODY > HTML > #document to 4 of DIV > BODY > HTML > #document affinity:NSSelectionAffinityDownstream stillSelecting:FALSE
EDITING DELEGATE: webViewDidChangeSelection:WebViewDidChangeSelectionNotification
EDITING DELEGATE: shouldChangeSelectedDOMRange:range from 1 of #text > DIV > BODY > HTML > #document to 4 of DIV > BODY > HTML > #document toDOMRange:range from 1 of #text > DIV > BODY > HTML > #document to 5 of #text > DIV > BODY > HTML > #document affinity:NSSelectionAffinityDownstream stillSelecting:FALSE
EDITING DELEGATE: webViewDidChangeSelection:WebViewDidChangeSelectionNotification
layer at (0,0) size 800x600
  RenderView at (0,0) size 800x600
layer at (0,0) size 800x600
  RenderBlock {HTML} at (0,0) size 800x600
    RenderBody {BODY} at (8,8) size 784x584
      RenderBlock {P} at (0,0) size 784x21
        RenderText {#text} at (0,0) size 780x21
          text run at (0,0) width 408: "This tests modifying a selection created with a triple click. "
          text run at (408,0) width 372: "The new selection should use paragraph granularity."
      RenderBlock {P} at (0,37) size 784x63 [color=#008000]
        RenderText {#text} at (0,0) size 773x63
          text run at (0,0) width 249: "This test does not run interactively. "
          text run at (249,0) width 466: "It uses the layoutTestControllers eventSender to do mouse clicks. "
          text run at (715,0) width 58: "To run it"
          text run at (0,21) width 475: "manually, double click on the blue 'g', then drag down to the red 'g'. "
          text run at (475,21) width 275: "As you drag, watch the selection that is"
          text run at (0,42) width 458: "created, it should always start and end on paragraph boundaries."
      RenderBlock {DIV} at (0,116) size 784x126
        RenderText {#text} at (0,0) size 96x21
          text run at (0,0) width 96: "This is a para"
        RenderInline {SPAN} at (0,0) size 9x21 [color=#0000FF]
          RenderText {#text} at (96,0) size 9x21
            text run at (96,0) width 9: "g"
        RenderText {#text} at (105,0) size 36x21
          text run at (105,0) width 36: "raph."
        RenderBR {BR} at (141,16) size 0x0
        RenderText {#text} at (0,21) size 71x21
          text run at (0,21) width 71: "Some text"
        RenderBR {BR} at (71,37) size 0x0
        RenderText {#text} at (0,42) size 71x21
          text run at (0,42) width 71: "Some text"
        RenderBR {BR} at (71,58) size 0x0
        RenderText {#text} at (0,63) size 71x21
          text run at (0,63) width 71: "Some text"
        RenderBR {BR} at (71,79) size 0x0
        RenderText {#text} at (0,84) size 71x21
          text run at (0,84) width 71: "Some text"
        RenderBR {BR} at (71,100) size 0x0
        RenderText {#text} at (0,105) size 96x21
          text run at (0,105) width 96: "This is a para"
        RenderInline {SPAN} at (0,0) size 9x21 [color=#FF0000]
          RenderText {#text} at (96,105) size 9x21
            text run at (96,105) width 9: "g"
        RenderText {#text} at (105,105) size 36x21
          text run at (105,105) width 36: "raph."
selection start: position 1 of child 0 {#text} of child 5 {DIV} of body
selection end:   position 5 of child 14 {#text} of child 5 {DIV} of body
