EDITING DELEGATE: shouldBeginEditingInDOMRange:range from 0 of DIV > BODY > HTML > #document to 4 of DIV > BODY > HTML > #document
EDITING DELEGATE: webViewDidBeginEditing:WebViewDidBeginEditingNotification
EDITING DELEGATE: webViewDidChangeSelection:WebViewDidChangeSelectionNotification
EDITING DELEGATE: webViewDidChangeSelection:WebViewDidChangeSelectionNotification
layer at (0,0) size 800x600
  RenderView at (0,0) size 800x600
layer at (0,0) size 800x600
  RenderBlock {HTML} at (0,0) size 800x600
    RenderBody {BODY} at (8,8) size 784x584
      RenderBlock {P} at (0,0) size 784x63
        RenderText {#text} at (0,0) size 266x21
          text run at (0,0) width 266: "There was a workaround added to fix "
        RenderInline {A} at (0,0) size 165x21 [color=#0000EE]
          RenderText {#text} at (266,0) size 165x21
            text run at (266,0) width 165: "rdar://problem/4033202"
        RenderText {#text} at (431,0) size 326x21
          text run at (431,0) width 8: ". "
          text run at (439,0) width 318: "A bug to remove the workaround was filed as"
        RenderInline {A} at (0,0) size 165x21 [color=#0000EE]
          RenderText {#text} at (0,21) size 165x21
            text run at (0,21) width 165: "rdar://problem/4040763"
        RenderText {#text} at (165,21) size 721x42
          text run at (165,21) width 8: ". "
          text run at (173,21) width 548: "The underlying problem with VisiblePositions was fixed, and so I removed the"
          text run at (0,42) width 273: "workaround and added this layout test."
      RenderBlock {DIV} at (0,79) size 784x65 [border: (1px solid #0000FF)]
        RenderBlock {P} at (1,1) size 782x21
          RenderText {#text} at (0,0) size 13x21
            text run at (0,0) width 13: "hi"
          RenderInline {SPAN} at (0,0) size 0x21
        RenderBlock (anonymous) at (1,22) size 782x42
          RenderBR {BR} at (0,0) size 0x21
          RenderText {#text} at (0,21) size 25x21
            text run at (0,21) width 25: "test"
caret: position 0 of child 2 {BR} of child 3 {DIV} of body
