layer at (0,0) size 800x600
  RenderView at (0,0) size 800x600
layer at (0,0) size 800x600
  RenderBlock {HTML} at (0,0) size 800x600
    RenderBody {BODY} at (8,8) size 784x584
      RenderBlock {DIV} at (0,0) size 784x100
        RenderBlock {P} at (0,0) size 784x21
          RenderText {#text} at (0,0) size 28x21
            text run at (0,0) width 28: "For "
          RenderInline {A} at (0,0) size 78x21 [color=#0000EE]
            RenderText {#text} at (28,0) size 78x21
              text run at (28,0) width 78: "Bug 32123"
          RenderText {#text} at (106,0) size 341x21
            text run at (106,0) width 8: ". "
            text run at (114,0) width 333: "Hightlight for Selection should fit the target line."
        RenderBlock (anonymous) at (0,37) size 784x21
          RenderInline {SPAN} at (0,0) size 9x21
            RenderText {#text} at (0,0) size 9x21
              text run at (0,0) width 9: "a"
        RenderBlock {DIV} at (0,58) size 784x21
          RenderText {#text} at (0,0) size 149x21
            text run at (0,0) width 149: "should just select me"
        RenderBlock (anonymous) at (0,79) size 784x21
          RenderInline {SPAN} at (0,0) size 8x21
            RenderText {#text} at (0,0) size 8x21
              text run at (0,0) width 8: "c"
          RenderText {#text} at (0,0) size 0x0
selection start: position 1 of child 0 {#text} of child 3 {SPAN} of child 1 {DIV} of body
selection end:   position 0 of child 5 {SPAN} of child 1 {DIV} of body
