EDITING DELEGATE: shouldBeginEditingInDOMRange:range from 0 of DIV > BODY > HTML > #document to 3 of DIV > BODY > HTML > #document
EDITING DELEGATE: webViewDidBeginEditing:WebViewDidBeginEditingNotification
EDITING DELEGATE: webViewDidChangeSelection:WebViewDidChangeSelectionNotification
EDITING DELEGATE: shouldChangeSelectedDOMRange:range from 0 of DIV > BODY > HTML > #document to 0 of DIV > BODY > HTML > #document toDOMRange:range from 1 of #text > DIV > BODY > HTML > #document to 3 of #text > DIV > BODY > HTML > #document affinity:NSSelectionAffinityDownstream stillSelecting:FALSE
EDITING DELEGATE: webViewDidChangeSelection:WebViewDidChangeSelectionNotification
EDITING DELEGATE: webViewDidChangeSelection:WebViewDidChangeSelectionNotification
EDITING DELEGATE: webViewDidChangeSelection:WebViewDidChangeSelectionNotification
EDITING DELEGATE: webViewDidChangeSelection:WebViewDidChangeSelectionNotification
EDITING DELEGATE: webViewDidChangeSelection:WebViewDidChangeSelectionNotification
layer at (0,0) size 800x600
  RenderView at (0,0) size 800x600
layer at (0,0) size 800x600
  RenderBlock {HTML} at (0,0) size 800x600
    RenderBody {BODY} at (8,8) size 784x584
      RenderBlock {P} at (0,0) size 784x42
        RenderText {#text} at (0,0) size 748x42
          text run at (0,0) width 748: "This tests that when a selection that starts at [replaced element, 1] is painted, the replaced element doesn't"
          text run at (0,21) width 122: "appear selected. "
          text run at (122,21) width 347: "This test uses an image for the replaced element."
      RenderBlock {DIV} at (0,58) size 784x108
        RenderText {#text} at (0,87) size 26x21
          text run at (0,87) width 26: "abc"
        RenderImage {IMG} at (26,0) size 76x103
        RenderText {#text} at (102,87) size 22x21
          text run at (102,87) width 22: "def"
selection start: position 0 of child 2 {#text} of child 3 {DIV} of body
selection end:   position 3 of child 2 {#text} of child 3 {DIV} of body
