EDITING DELEGATE: shouldBeginEditingInDOMRange:range from 0 of DIV > BODY > HTML > #document to 1 of DIV > BODY > HTML > #document
EDITING DELEGATE: webViewDidBeginEditing:WebViewDidBeginEditingNotification
EDITING DELEGATE: webViewDidChangeSelection:WebViewDidChangeSelectionNotification
EDITING DELEGATE: webViewDidChangeSelection:WebViewDidChangeSelectionNotification
EDITING DELEGATE: webViewDidChangeSelection:WebViewDidChangeSelectionNotification
EDITING DELEGATE: shouldChangeSelectedDOMRange:range from 5 of #text > DIV > BODY > HTML > #document to 5 of #text > DIV > BODY > HTML > #document toDOMRange:range from 4 of #text > A > DIV > BODY > HTML > #document to 4 of #text > A > DIV > BODY > HTML > #document affinity:NSSelectionAffinityDownstream stillSelecting:FALSE
EDITING DELEGATE: webViewDidChangeSelection:WebViewDidChangeSelectionNotification
EDITING DELEGATE: webViewDidChange:WebViewDidChangeNotification
EDITING DELEGATE: webViewDidChangeSelection:WebViewDidChangeSelectionNotification
layer at (0,0) size 800x600
  RenderView at (0,0) size 800x600
layer at (0,0) size 800x600
  RenderBlock {HTML} at (0,0) size 800x600
    RenderBody {BODY} at (8,8) size 784x584
      RenderBlock {P} at (0,0) size 784x42
        RenderText {#text} at (0,0) size 783x42
          text run at (0,0) width 652: "This tests for a bug when a selection is replaced by content with selectReplacement == true. "
          text run at (652,0) width 131: "Below, you should"
          text run at (0,21) width 145: "see 'A new link' and "
          text run at (145,21) width 173: "'link' should be selected."
      RenderBlock {DIV} at (0,58) size 784x21
        RenderText {#text} at (0,0) size 49x21
          text run at (0,0) width 49: "A new "
        RenderInline {A} at (0,0) size 25x21 [color=#0000EE]
          RenderText {#text} at (49,0) size 25x21
            text run at (49,0) width 25: "link"
selection start: position 0 of child 0 {#text} of child 1 {A} of child 2 {DIV} of body
selection end:   position 4 of child 0 {#text} of child 1 {A} of child 2 {DIV} of body
