layer at (0,0) size 800x600
  RenderView at (0,0) size 800x600
layer at (0,0) size 800x600
  RenderBlock {HTML} at (0,0) size 800x600
    RenderBody {BODY} at (8,8) size 784x584
      RenderBlock {H3} at (0,0) size 784x50
        RenderText {#text} at (0,0) size 75x25
          text run at (0,0) width 75: "Test for "
        RenderInline {A} at (0,0) size 167x25 [color=#0000EE]
          RenderText {#text} at (75,0) size 167x25
            text run at (75,0) width 167: "WebKit bug 29968"
        RenderText {#text} at (242,0) size 774x50
          text run at (242,0) width 532: ": Selecting text with text-overflow ellipsis should not show"
          text run at (0,25) width 97: "cut off text"
layer at (8,76) size 95x21 scrollWidth 132
  RenderBlock {DIV} at (0,68) size 95x21
    RenderText {#text} at (0,0) size 132x21
      text run at (0,0) width 132: "Lorem ipsum dolor"
selection start: position 0 of child 0 {#text} of child 3 {DIV} of body
selection end:   position 11 of child 0 {#text} of child 3 {DIV} of body
