layer at (0,0) size 800x600
  RenderView at (0,0) size 800x600
layer at (0,0) size 800x600
  RenderBlock {HTML} at (0,0) size 800x600
    RenderBody {BODY} at (8,8) size 784x584
      RenderBlock {P} at (0,0) size 784x44
        RenderText {#text} at (0,0) size 783x44
          text run at (0,0) width 783: "This test ensures selection that crosses the shadow DOM boundary of a readonly input element cannot be made by a"
          text run at (0,22) width 83: "mouse drag."
      RenderBlock {P} at (0,60) size 784x44
        RenderText {#text} at (0,0) size 780x44
          text run at (0,0) width 780: "To manually test, select text by a mouse drag starting in \"hello\" and ending in \"world\". Selection should not extend"
          text run at (0,22) width 151: "into the input element."
      RenderBlock {DIV} at (0,120) size 784x30
        RenderInline {SPAN} at (0,0) size 32x22
          RenderText {#text} at (0,4) size 32x22
            text run at (0,4) width 32: "hello"
        RenderText {#text} at (32,4) size 4x22
          text run at (32,4) width 4: " "
        RenderTextControl {INPUT} at (36,2) size 49x26
        RenderText {#text} at (0,0) size 0x0
layer at (46,132) size 45x22
  RenderBlock {DIV} at (2,2) size 45x22
    RenderText {#text} at (1,0) size 40x22
      text run at (1,0) width 40: "world"
selection start: position 2 of child 0 {#text} of child 1 {SPAN} of child 5 {DIV} of body
selection end:   position 1 of child 2 {#text} of child 5 {DIV} of body
