EDITING DELEGATE: shouldBeginEditingInDOMRange:range from 0 of BODY > HTML > #document to 12 of BODY > HTML > #document
EDITING DELEGATE: webViewDidBeginEditing:WebViewDidBeginEditingNotification
EDITING DELEGATE: webViewDidChangeSelection:WebViewDidChangeSelectionNotification
EDITING DELEGATE: shouldChangeSelectedDOMRange:range from 6 of BODY > HTML > #document to 6 of BODY > HTML > #document toDOMRange:range from 1 of BODY > HTML > #document to 6 of BODY > HTML > #document affinity:NSSelectionAffinityDownstream stillSelecting:FALSE
EDITING DELEGATE: webViewDidChangeSelection:WebViewDidChangeSelectionNotification
layer at (0,0) size 812x1092
  RenderView at (0,0) size 784x584
layer at (0,0) size 784x1092
  RenderBlock {HTML} at (0,0) size 784x1092
    RenderBody {BODY} at (64,64) size 748x964 [border: (50px solid #FF0000)]
      RenderBlock (anonymous) at (74,74) size 600x816
        RenderBR {BR} at (0,7) size 0x33
        RenderBR {BR} at (0,55) size 0x33
        RenderText {#text} at (0,103) size 598x657
          text run at (0,103) width 592: "Four score and seven years ago our fathers brought forth,"
          text run at (592,103) width 6: " "
          text run at (0,151) width 567: "upon this continent, a new nation, conceived in Liberty,"
          text run at (567,151) width 6: " "
          text run at (0,199) width 582: "and dedicated to the proposition that all men are created"
          text run at (582,199) width 6: " "
          text run at (0,247) width 558: "equal. Now we are engaged in a great civil war, testing"
          text run at (558,247) width 6: " "
          text run at (0,295) width 568: "whether that nation, or any nation, so conceived, and so"
          text run at (568,295) width 6: " "
          text run at (0,343) width 568: "dedicated, can long endure. We are met here on a great"
          text run at (568,343) width 6: " "
          text run at (0,391) width 521: "battlefield of that war. We have come to dedicate a"
          text run at (521,391) width 6: " "
          text run at (0,439) width 554: "portion of it as a final resting place for those who here"
          text run at (554,439) width 6: " "
          text run at (0,487) width 591: "gave their lives that that nation might live. It is altogether"
          text run at (591,487) width 6: " "
          text run at (0,535) width 579: "fitting and proper that we should do this. Four score and"
          text run at (579,535) width 6: " "
          text run at (0,583) width 531: "seven years ago our fathers brought forth, upon this"
          text run at (531,583) width 6: " "
          text run at (0,631) width 511: "continent, a new nation, conceived in Liberty, and"
          text run at (511,631) width 6: " "
          text run at (0,679) width 538: "dedicated to the proposition that all men are created"
          text run at (538,679) width 6: " "
          text run at (0,727) width 68: "equal. "
        RenderBR {BR} at (68,751) size 0x0
        RenderBR {BR} at (0,775) size 0x33
      RenderBlock {DIV} at (74,890) size 600x0
selection start: position 0 of child 1 {BR} of body
selection end:   position 1 of child 5 {BR} of body
