EDITING DELEGATE: shouldBeginEditingInDOMRange:range from 0 of DIV > BODY > HTML > #document to 3 of DIV > BODY > HTML > #document
EDITING DELEGATE: webViewDidBeginEditing:WebViewDidBeginEditingNotification
EDITING DELEGATE: webViewDidChangeSelection:WebViewDidChangeSelectionNotification
EDITING DELEGATE: shouldChangeSelectedDOMRange:range from 0 of DIV > DIV > BODY > HTML > #document to 0 of DIV > DIV > BODY > HTML > #document toDOMRange:range from 1 of #text > DIV > DIV > BODY > HTML > #document to 180 of #text > DIV > DIV > BODY > HTML > #document affinity:NSSelectionAffinityDownstream stillSelecting:FALSE
EDITING DELEGATE: webViewDidChangeSelection:WebViewDidChangeSelectionNotification
layer at (0,0) size 820x996
  RenderView at (0,0) size 784x584
layer at (0,0) size 784x996
  RenderBlock {HTML} at (0,0) size 784x996
    RenderBody {BODY} at (8,64) size 768x868
      RenderBlock {DIV} at (64,0) size 748x868 [border: (50px solid #FF0000)]
        RenderBlock {DIV} at (74,74) size 600x720
          RenderText {#text} at (0,9) size 561x126
            text run at (0,9) width 549: "Four score and seven years ago our fathers brought"
            text run at (549,9) width 7: " "
            text run at (0,57) width 554: "forth, upon this continent, a new nation, conceived in"
            text run at (554,57) width 7: " "
            text run at (0,105) width 559: "Liberty, and dedicated to the proposition that all men "
          RenderBR {BR} at (0,0) size 0x0
          RenderText {#text} at (0,153) size 581x174
            text run at (0,153) width 573: "are created equal. Now we are engaged in a great civil"
            text run at (573,153) width 7: " "
            text run at (0,201) width 521: "war, testing whether that nation, or any nation, so"
            text run at (521,201) width 7: " "
            text run at (0,249) width 574: "conceived, and so dedicated, can long endure. We are"
            text run at (574,249) width 7: " "
            text run at (0,297) width 215: "met here on a great "
          RenderBR {BR} at (215,320) size 0x0
          RenderText {#text} at (0,345) size 600x174
            text run at (0,345) width 536: "battlefield of that war. We have come to dedicate a"
            text run at (536,345) width 7: " "
            text run at (0,393) width 565: "portion of it as a final resting place for those who here"
            text run at (565,393) width 7: " "
            text run at (0,441) width 594: "gave their lives that that nation might live. It is altogether"
            text run at (594,441) width 6: " "
            text run at (0,489) width 429: "fitting and proper that we should do this. "
          RenderBR {BR} at (429,512) size 0x0
          RenderText {#text} at (0,537) size 600x174
            text run at (0,537) width 549: "Four score and seven years ago our fathers brought"
            text run at (549,537) width 7: " "
            text run at (0,585) width 554: "forth, upon this continent, a new nation, conceived in"
            text run at (554,585) width 7: " "
            text run at (0,633) width 593: "Liberty, and dedicated to the proposition that all men are"
            text run at (593,633) width 7: " "
            text run at (0,681) width 150: "created equal."
selection start: position 1 of child 0 {#text} of child 1 {DIV} of child 1 {DIV} of body
selection end:   position 180 of child 6 {#text} of child 1 {DIV} of child 1 {DIV} of body
