layer at (0,0) size 800x600
  RenderView at (0,0) size 800x600
layer at (0,0) size 800x600
  RenderBlock {HTML} at (0,0) size 800x600
    RenderBody {BODY} at (8,8) size 784x584
      RenderBlock {P} at (0,0) size 784x44
        RenderText {#text} at (0,0) size 783x44
          text run at (0,0) width 783: "This test ensures selection that crosses the shadow DOM boundary of a readonly input element cannot be made by a"
          text run at (0,22) width 83: "mouse drag."
      RenderBlock {P} at (0,60) size 784x44
        RenderText {#text} at (0,0) size 738x44
          text run at (0,0) width 738: "To manually test, select text by a mouse drag starting in \"hello\" and ending in \"world\". Selection should only"
          text run at (0,22) width 213: "extend inside the input element."
      RenderBlock {DIV} at (0,120) size 784x30
        RenderTextControl {INPUT} at (0,2) size 49x26
        RenderText {#text} at (49,4) size 4x22
          text run at (49,4) width 4: " "
        RenderInline {SPAN} at (0,0) size 40x22
          RenderText {#text} at (53,4) size 40x22
            text run at (53,4) width 40: "world"
        RenderText {#text} at (0,0) size 0x0
layer at (10,132) size 45x22
  RenderBlock {DIV} at (2,2) size 45x22
    RenderText {#text} at (1,0) size 32x22
      text run at (1,0) width 32: "hello"
selection start: position 3 of child 0 {#text} of child 0 {DIV} of {#shadow-root} of child 1 {INPUT} of child 5 {DIV} of body
selection end:   position 5 of child 0 {#text} of child 0 {DIV} of {#shadow-root} of child 1 {INPUT} of child 5 {DIV} of body
