layer at (0,0) size 800x600
  RenderView at (0,0) size 800x600
layer at (0,0) size 800x600
  RenderBlock {HTML} at (0,0) size 800x600
    RenderBody {BODY} at (8,8) size 784x584
      RenderBlock {P} at (0,0) size 784x42
        RenderText {#text} at (0,0) size 746x42
          text run at (0,0) width 746: "This test ensures selection that crosses the shadow DOM boundary of a readonly input element cannot be"
          text run at (0,21) width 166: "made by a mouse drag."
      RenderBlock {P} at (0,58) size 784x42
        RenderText {#text} at (0,0) size 738x42
          text run at (0,0) width 738: "To manually test, select text by a mouse drag starting in \"hello\" and ending in \"WebKit\". Selection should"
          text run at (0,21) width 374: "extend only in the input element that contains \"hello\"."
      RenderBlock {DIV} at (0,116) size 784x29
        RenderTextControl {INPUT} at (0,2) size 56x25
        RenderText {#text} at (56,4) size 4x21
          text run at (56,4) width 4: " "
        RenderInline {SPAN} at (0,0) size 39x21
          RenderText {#text} at (60,4) size 39x21
            text run at (60,4) width 39: "world"
        RenderText {#text} at (99,4) size 4x21
          text run at (99,4) width 4: " "
        RenderTextControl {INPUT} at (103,2) size 56x25
        RenderText {#text} at (0,0) size 0x0
layer at (10,128) size 52x21
  RenderBlock {DIV} at (2,2) size 52x21
    RenderText {#text} at (1,0) size 35x21
      text run at (1,0) width 35: "hello"
layer at (113,128) size 52x21 scrollWidth 54
  RenderBlock {DIV} at (2,2) size 52x21
    RenderText {#text} at (1,0) size 52x21
      text run at (1,0) width 52: "WebKit"
selection start: position 4 of child 0 {#text} of child 0 {DIV} of {#shadow-root} of child 1 {INPUT} of child 5 {DIV} of body
selection end:   position 5 of child 0 {#text} of child 0 {DIV} of {#shadow-root} of child 1 {INPUT} of child 5 {DIV} of body
