EDITING DELEGATE: shouldBeginEditingInDOMRange:range from 0 of DIV > BODY > HTML > #document to 4 of DIV > BODY > HTML > #document
EDITING DELEGATE: webViewDidBeginEditing:WebViewDidBeginEditingNotification
EDITING DELEGATE: webViewDidChangeSelection:WebViewDidChangeSelectionNotification
EDITING DELEGATE: webViewDidChangeSelection:WebViewDidChangeSelectionNotification
layer at (0,0) size 820x584
  RenderView at (0,0) size 800x584
layer at (0,0) size 800x584
  RenderBlock {HTML} at (0,0) size 800x584
    RenderBody {BODY} at (8,64) size 784x456
      RenderBlock {DIV} at (64,0) size 748x196 [border: (50px solid #FF0000)]
        RenderInline {SPAN} at (0,0) size 33x30
          RenderText {#text} at (74,83) size 33x30
            text run at (74,83) width 33: "foo"
        RenderText {#text} at (107,83) size 45x30
          text run at (107,83) width 45: " baz"
selection start: position 0 of child 3 {#text} of child 1 {DIV} of body
selection end:   position 1 of child 3 {#text} of child 1 {DIV} of body
