layer at (0,0) size 800x600
  RenderView at (0,0) size 800x600
layer at (0,0) size 800x284
  RenderBlock {HTML} at (0,0) size 800x284
    RenderBody {BODY} at (8,16) size 784x255
      RenderBlock {P} at (0,0) size 784x19
        RenderText {#text} at (0,0) size 527x19
          text run at (0,0) width 527: "This tests horizontal caret movement in vertical writing mode. \"\x{306F}\x{732B}\x{3067}\x{3042}\x{308B}\x{3002}\" and \"\x{540D}\x{524D}\" must be selected."
      RenderBlock {DIV} at (0,35) size 70x220
        RenderBlock {P} at (16,0) size 38x220
          RenderText {#text} at (0,0) size 19x0
            text run at (0,0) width 0: "\x{543E}\x{8F29}\x{306F}\x{732B}\x{3067}\x{3042}\x{308B}\x{3002}"
          RenderBR {BR} at (0,0) size 19x0
          RenderText {#text} at (19,0) size 19x0
            text run at (19,0) width 0: "\x{540D}\x{524D}\x{306F}\x{307E}\x{3060}\x{7121}\x{3044}\x{3002}"
      RenderBlock {PRE} at (0,268) size 784x0
selection start: position 2 of child 0 {#text} of child 1 {P} of child 3 {DIV} of body
selection end:   position 1 of child 1 {BR} of child 1 {P} of child 3 {DIV} of body
