layer at (0,0) size 800x600
  RenderView at (0,0) size 800x600
layer at (0,0) size 800x600
  RenderBlock {HTML} at (0,0) size 800x600
    RenderBody {BODY} at (8,8) size 784x584
      RenderBlock {H3} at (0,0) size 784x22
        RenderText {#text} at (0,0) size 376x21
          text run at (0,0) width 376: "tt's, font-family inheriting and font-size: a bug"
      RenderTable {TABLE} at (0,40) size 718x345
        RenderTableSection {TBODY} at (0,0) size 718x345
          RenderTableRow {TR} at (0,10) size 718x182
            RenderTableCell {TD} at (10,10) size 698x182 [r=0 c=0 rs=1 cs=2]
              RenderText {#text} at (1,1) size 267x17
                text run at (1,1) width 267: "The css in the head of this file is like this:"
              RenderBR {BR} at (267,15) size 1x0
              RenderBR {BR} at (1,19) size 0x17
              RenderText {#text} at (1,37) size 86x17
                text run at (1,37) width 86: "html, body { "
              RenderBR {BR} at (86,51) size 1x0
              RenderText {#text} at (1,55) size 160x17
                text run at (1,55) width 160: "    font-family: Verdana; "
              RenderBR {BR} at (160,69) size 1x0
              RenderText {#text} at (1,73) size 8x17
                text run at (1,73) width 8: "}"
              RenderBR {BR} at (8,87) size 1x0
              RenderText {#text} at (1,91) size 58x17
                text run at (1,91) width 58: "tt, span {"
              RenderBR {BR} at (58,105) size 1x0
              RenderText {#text} at (1,109) size 125x17
                text run at (1,109) width 125: "    font-size: 0.8em;"
              RenderBR {BR} at (125,123) size 1x0
              RenderText {#text} at (1,127) size 8x17
                text run at (1,127) width 8: "}"
              RenderBR {BR} at (8,141) size 1x0
              RenderBR {BR} at (1,145) size 0x17
              RenderText {#text} at (1,163) size 696x17
                text run at (1,163) width 696: "The two columns below show that inheriting the font does not correctly inherit the font-size for a <tt> block."
              RenderBR {BR} at (696,177) size 1x0
          RenderTableRow {TR} at (0,202) size 718x20
            RenderTableCell {TH} at (10,202) size 312x20 [r=1 c=0 rs=1 cs=1]
              RenderText {#text} at (141,1) size 30x17
                text run at (141,1) width 30: "<tt>"
            RenderTableCell {TH} at (332,202) size 376x20 [r=1 c=1 rs=1 cs=1]
              RenderText {#text} at (162,1) size 52x17
                text run at (162,1) width 52: "<span>"
          RenderTableRow {TR} at (0,232) size 718x18
            RenderTableCell {TD} at (10,232) size 312x18 [r=2 c=0 rs=1 cs=1]
              RenderInline {TT} at (0,0) size 206x15
                RenderText {#text} at (1,1) size 206x15
                  text run at (1,1) width 206: "font-family: Verdana; font-size: 0.8em;"
              RenderText {#text} at (0,0) size 0x0
            RenderTableCell {TD} at (332,232) size 376x18 [r=2 c=1 rs=1 cs=1]
              RenderInline {SPAN} at (0,0) size 206x15
                RenderText {#text} at (1,1) size 206x15
                  text run at (1,1) width 206: "font-family: Verdana; font-size: 0.8em;"
              RenderText {#text} at (0,0) size 0x0
          RenderTableRow {TR} at (0,260) size 718x18
            RenderTableCell {TD} at (10,260) size 312x18 [r=3 c=0 rs=1 cs=1]
              RenderInline {TT} at (0,0) size 251x15
                RenderText {#text} at (1,1) size 251x15
                  text run at (1,1) width 251: "font-family: inherit (Verdana); font-size: 0.8em;"
              RenderText {#text} at (0,0) size 0x0
            RenderTableCell {TD} at (332,260) size 376x18 [r=3 c=1 rs=1 cs=1]
              RenderInline {SPAN} at (0,0) size 195x15
                RenderText {#text} at (1,1) size 195x15
                  text run at (1,1) width 195: "font-family: inherit; font-size: 0.8em;"
              RenderText {#text} at (0,0) size 0x0
          RenderTableRow {TR} at (0,288) size 718x20
            RenderTableCell {TD} at (10,288) size 312x20 [r=4 c=0 rs=1 cs=1]
              RenderInline {TT} at (0,0) size 253x17
                RenderText {#text} at (1,1) size 253x17
                  text run at (1,1) width 253: "font-family: Verdana; font-size: 1.0em;"
              RenderText {#text} at (0,0) size 0x0
            RenderTableCell {TD} at (332,288) size 376x20 [r=4 c=1 rs=1 cs=1]
              RenderInline {SPAN} at (0,0) size 253x17
                RenderText {#text} at (1,1) size 253x17
                  text run at (1,1) width 253: "font-family: Verdana; font-size: 1.0em;"
              RenderText {#text} at (0,0) size 0x0
          RenderTableRow {TR} at (0,318) size 718x17
            RenderTableCell {TD} at (10,320) size 312x13 [r=5 c=0 rs=1 cs=1]
              RenderInline {TT} at (0,0) size 187x11
                RenderText {#text} at (1,1) size 187x11
                  text run at (1,1) width 187: "default font; font-size: 0.8em;"
              RenderText {#text} at (0,0) size 0x0
            RenderTableCell {TD} at (332,318) size 376x17 [r=5 c=1 rs=1 cs=1]
              RenderInline {SPAN} at (0,0) size 305x15
                RenderText {#text} at (1,1) size 305x15
                  text run at (1,1) width 305: "font-family: courier; font-size: 0.8em;"
              RenderText {#text} at (0,0) size 0x0
