layer at (0,0) size 784x1410
  RenderView at (0,0) size 784x600
layer at (0,0) size 784x1410
  RenderBlock {html} at (0,0) size 784x1410
    RenderBody {body} at (8,8) size 768x0
      RenderBlock (floating) {div} at (0,0) size 768x1402
        RenderBlock {h1} at (0,21) size 768x42
          RenderText {#text} at (0,0) size 487x42
            text run at (0,0) width 487: "SVG grid with percentage width"
        RenderBlock {h4} at (0,84) size 768x21
          RenderText {#text} at (0,0) size 155x21
            text run at (0,0) width 155: "WICD Core 1.0 #20-3"
        RenderBlock {p} at (0,126) size 768x0
          RenderEmbeddedObject {object} at (0,0) size 384x128
            layer at (0,0) size 384x128
              RenderView at (0,0) size 384x128
            layer at (0,0) size 384x128
              RenderSVGRoot {svg} at (0,0) size 384x128
                RenderSVGHiddenContainer {defs} at (0,0) size 0x0
                  RenderSVGResourceLinearGradient {linearGradient} [id="surface"] [gradientUnits=objectBoundingBox] [start=(1,0)] [end=(1,1)]
                    RenderSVGGradientStop {stop} [offset=0.00] [color=#FFFFFF]
                    RenderSVGGradientStop {stop} [offset=1.00] [color=#FFEEAA]
                RenderSVGRect {rect} at (0,0) size 384x128 [stroke={[type=SOLID] [color=#FFCC33] [stroke width=2.00]}] [fill={[type=LINEAR-GRADIENT] [id="surface"]}] [x=1.00] [y=1.00] [width=118.00] [height=38.00]
                RenderSVGText {text} at (53,7) size 14x25 contains 1 chunk(s)
                  RenderSVGInlineText {#text} at (0,0) size 14x25
                    chunk 1 (middle anchor) text run 1 at (53.28,27.00) startOffset 0 endOffset 1 width 13.44: "A"
          RenderEmbeddedObject {object} at (384,0) size 384x128
            layer at (0,0) size 384x128
              RenderView at (0,0) size 384x128
            layer at (0,0) size 384x128
              RenderSVGRoot {svg} at (0,0) size 384x128
                RenderSVGHiddenContainer {defs} at (0,0) size 0x0
                  RenderSVGResourceLinearGradient {linearGradient} [id="surface"] [gradientUnits=objectBoundingBox] [start=(1,0)] [end=(1,1)]
                    RenderSVGGradientStop {stop} [offset=0.00] [color=#FFFFFF]
                    RenderSVGGradientStop {stop} [offset=1.00] [color=#FFEEAA]
                RenderSVGRect {rect} at (0,0) size 384x128 [stroke={[type=SOLID] [color=#FFCC33] [stroke width=2.00]}] [fill={[type=LINEAR-GRADIENT] [id="surface"]}] [x=1.00] [y=1.00] [width=118.00] [height=38.00]
                RenderSVGText {text} at (54,7) size 12x25 contains 1 chunk(s)
                  RenderSVGInlineText {#text} at (0,0) size 12x25
                    chunk 1 (middle anchor) text run 1 at (54.38,27.00) startOffset 0 endOffset 1 width 11.25: "L"
          RenderEmbeddedObject {object} at (0,128) size 255x447
            layer at (0,0) size 255x447
              RenderView at (0,0) size 255x447
            layer at (0,0) size 255x447
              RenderSVGRoot {svg} at (0,0) size 255x447
                RenderSVGHiddenContainer {defs} at (0,0) size 0x0
                  RenderSVGResourceLinearGradient {linearGradient} [id="surface"] [gradientUnits=objectBoundingBox] [start=(1,0)] [end=(1,1)]
                    RenderSVGGradientStop {stop} [offset=0.00] [color=#FFFFFF]
                    RenderSVGGradientStop {stop} [offset=1.00] [color=#FFEEAA]
                RenderSVGContainer {a} at (0,0) size 128x128
                  RenderSVGRect {rect} at (0,0) size 128x128 [stroke={[type=SOLID] [color=#FFCC33] [stroke width=2.00]}] [fill={[type=LINEAR-GRADIENT] [id="surface"]}] [x=1.00] [y=1.00] [width=38.00] [height=38.00]
                  RenderSVGText {text} at (13,7) size 14x26 contains 1 chunk(s)
                    RenderSVGInlineText {#text} at (0,0) size 14x26
                      chunk 1 (middle anchor) text run 1 at (13.25,27.00) startOffset 0 endOffset 1 width 13.49: "B"
                RenderSVGContainer {a} at (127,0) size 128x128
                  RenderSVGRect {rect} at (127,0) size 128x128 [stroke={[type=SOLID] [color=#FFCC33] [stroke width=2.00]}] [fill={[type=LINEAR-GRADIENT] [id="surface"]}] [x=41.00] [y=1.00] [width=38.00] [height=38.00]
                RenderSVGContainer {a} at (0,159) size 128x129
                  RenderSVGPath {circle} at (0,159) size 128x129 [stroke={[type=SOLID] [color=#FFCC33] [stroke width=2.00]}] [fill={[type=LINEAR-GRADIENT] [id="surface"]}] [cx=20.00] [cy=70.00] [r=19.00]
                  RenderSVGText {text} at (12,57) size 15x26 contains 1 chunk(s)
                    RenderSVGInlineText {#text} at (0,0) size 15x26
                      chunk 1 (middle anchor) text run 1 at (12.78,77.00) startOffset 0 endOffset 1 width 14.43: "C"
                RenderSVGContainer {a} at (127,159) size 128x129
                  RenderSVGPath {circle} at (127,159) size 128x129 [stroke={[type=SOLID] [color=#FFCC33] [stroke width=2.00]}] [fill={[type=LINEAR-GRADIENT] [id="surface"]}] [cx=60.00] [cy=70.00] [r=19.00]
                RenderSVGContainer {a} at (0,319) size 128x128
                  RenderSVGPath {circle} at (0,319) size 128x128 [stroke={[type=SOLID] [color=#FFCC33] [stroke width=2.00]}] [fill={[type=LINEAR-GRADIENT] [id="surface"]}] [cx=20.00] [cy=120.00] [r=19.00]
                  RenderSVGText {text} at (12,107) size 15x26 contains 1 chunk(s)
                    RenderSVGInlineText {#text} at (0,0) size 15x26
                      chunk 1 (middle anchor) text run 1 at (12.78,127.00) startOffset 0 endOffset 1 width 14.43: "D"
                RenderSVGContainer {a} at (127,319) size 128x128
                  RenderSVGPath {circle} at (127,319) size 128x128 [stroke={[type=SOLID] [color=#FFCC33] [stroke width=2.00]}] [fill={[type=LINEAR-GRADIENT] [id="surface"]}] [cx=60.00] [cy=120.00] [r=19.00]
                  RenderSVGText {text} at (53,107) size 14x26 contains 1 chunk(s)
                    RenderSVGInlineText {#text} at (0,0) size 14x26
                      chunk 1 (middle anchor) text run 1 at (53.25,127.00) startOffset 0 endOffset 1 width 13.49: "E"
          RenderBlock (floating) {div} at (255,128) size 255x447
            RenderEmbeddedObject {object} at (0,0) size 255x255
              layer at (0,0) size 255x255
                RenderView at (0,0) size 255x255
              layer at (0,0) size 255x255
                RenderSVGRoot {svg} at (0,0) size 255x255
                  RenderSVGHiddenContainer {defs} at (0,0) size 0x0
                    RenderSVGResourceLinearGradient {linearGradient} [id="surface"] [gradientUnits=objectBoundingBox] [start=(1,0)] [end=(1,1)]
                      RenderSVGGradientStop {stop} [offset=0.00] [color=#FFFFFF]
                      RenderSVGGradientStop {stop} [offset=1.00] [color=#FFEEAA]
                  RenderSVGRect {rect} at (0,0) size 255x255 [stroke={[type=SOLID] [color=#FFCC33] [stroke width=2.00]}] [fill={[type=LINEAR-GRADIENT] [id="surface"]}] [x=1.00] [y=1.00] [width=78.00] [height=78.00]
                  RenderSVGText {text} at (33,27) size 14x26 contains 1 chunk(s)
                    RenderSVGInlineText {#text} at (0,0) size 14x26
                      chunk 1 (middle anchor) text run 1 at (33.25,47.00) startOffset 0 endOffset 1 width 13.49: "K"
            RenderBR {br} at (255,0) size 0x21
            RenderEmbeddedObject {object} at (0,255) size 255x192
              layer at (0,0) size 255x192
                RenderView at (0,0) size 255x192
              layer at (0,0) size 255x192
                RenderSVGRoot {svg} at (0,0) size 255x192
                  RenderSVGHiddenContainer {defs} at (0,0) size 0x0
                    RenderSVGResourceLinearGradient {linearGradient} [id="surface"] [gradientUnits=objectBoundingBox] [start=(1,0)] [end=(1,1)]
                      RenderSVGGradientStop {stop} [offset=0.00] [color=#FFFFFF]
                      RenderSVGGradientStop {stop} [offset=1.00] [color=#FFEEAA]
                  RenderSVGRect {rect} at (0,0) size 255x192 [stroke={[type=SOLID] [color=#FFCC33] [stroke width=2.00]}] [fill={[type=LINEAR-GRADIENT] [id="surface"]}] [x=1.00] [y=1.00] [width=78.00] [height=58.00]
                  RenderSVGText {text} at (34,17) size 11x26 contains 1 chunk(s)
                    RenderSVGInlineText {#text} at (0,0) size 11x26
                      chunk 1 (middle anchor) text run 1 at (34.98,37.00) startOffset 0 endOffset 1 width 10.04: "J"
          RenderBlock (floating) {div} at (510,128) size 255x447
            RenderEmbeddedObject {object} at (0,0) size 255x255
              layer at (0,0) size 255x255
                RenderView at (0,0) size 255x255
              layer at (0,0) size 255x255
                RenderSVGRoot {svg} at (0,0) size 255x255
                  RenderSVGHiddenContainer {defs} at (0,0) size 0x0
                    RenderSVGResourceLinearGradient {linearGradient} [id="surface"] [gradientUnits=objectBoundingBox] [start=(1,0)] [end=(1,1)]
                      RenderSVGGradientStop {stop} [offset=0.00] [color=#FFFFFF]
                      RenderSVGGradientStop {stop} [offset=1.00] [color=#FFEEAA]
                  RenderSVGContainer {a} at (0,0) size 128x128
                    RenderSVGRect {rect} at (0,0) size 128x128 [stroke={[type=SOLID] [color=#FFCC33] [stroke width=2.00]}] [fill={[type=LINEAR-GRADIENT] [id="surface"]}] [x=1.00] [y=1.00] [width=38.00] [height=38.00]
                    RenderSVGText {text} at (11,7) size 17x26 contains 1 chunk(s)
                      RenderSVGInlineText {#text} at (0,0) size 17x26
                        chunk 1 (middle anchor) text run 1 at (11.69,27.00) startOffset 0 endOffset 1 width 16.63: "M"
                  RenderSVGContainer {a} at (127,0) size 128x128
                    RenderSVGRect {rect} at (127,0) size 128x128 [stroke={[type=SOLID] [color=#FFCC33] [stroke width=2.00]}] [fill={[type=LINEAR-GRADIENT] [id="surface"]}] [x=41.00] [y=1.00] [width=38.00] [height=38.00]
                    RenderSVGText {text} at (52,7) size 15x26 contains 1 chunk(s)
                      RenderSVGInlineText {#text} at (0,0) size 15x26
                        chunk 1 (middle anchor) text run 1 at (52.78,27.00) startOffset 0 endOffset 1 width 14.43: "N"
                  RenderSVGContainer {a} at (0,127) size 128x128
                    RenderSVGRect {rect} at (0,127) size 128x128 [stroke={[type=SOLID] [color=#FFCC33] [stroke width=2.00]}] [fill={[type=LINEAR-GRADIENT] [id="surface"]}] [x=1.00] [y=41.00] [width=38.00] [height=38.00]
                    RenderSVGText {text} at (13,47) size 14x26 contains 1 chunk(s)
                      RenderSVGInlineText {#text} at (0,0) size 14x26
                        chunk 1 (middle anchor) text run 1 at (13.25,67.00) startOffset 0 endOffset 1 width 13.49: "P"
                  RenderSVGContainer {a} at (127,127) size 128x128
                    RenderSVGRect {rect} at (127,127) size 128x128 [stroke={[type=SOLID] [color=#FFCC33] [stroke width=2.00]}] [fill={[type=LINEAR-GRADIENT] [id="surface"]}] [x=41.00] [y=41.00] [width=38.00] [height=38.00]
                    RenderSVGText {text} at (52,47) size 16x26 contains 1 chunk(s)
                      RenderSVGInlineText {#text} at (0,0) size 16x26
                        chunk 1 (middle anchor) text run 1 at (52.16,67.00) startOffset 0 endOffset 1 width 15.69: "O"
            RenderEmbeddedObject {object} at (0,255) size 255x192
              layer at (0,0) size 255x192
                RenderView at (0,0) size 255x192
              layer at (0,0) size 255x192
                RenderSVGRoot {svg} at (0,0) size 255x192
                  RenderSVGHiddenContainer {defs} at (0,0) size 0x0
                    RenderSVGResourceLinearGradient {linearGradient} [id="surface"] [gradientUnits=objectBoundingBox] [start=(1,0)] [end=(1,1)]
                      RenderSVGGradientStop {stop} [offset=0.00] [color=#FFFFFF]
                      RenderSVGGradientStop {stop} [offset=1.00] [color=#FFEEAA]
                  RenderSVGPath {ellipse} at (0,0) size 255x192 [stroke={[type=SOLID] [color=#FFCC33] [stroke width=2.00]}] [fill={[type=LINEAR-GRADIENT] [id="surface"]}] [cx=40.00] [cy=30.00] [rx=39.00] [ry=29.00]
                  RenderSVGText {text} at (32,17) size 16x26 contains 1 chunk(s)
                    RenderSVGInlineText {#text} at (0,0) size 16x26
                      chunk 1 (middle anchor) text run 1 at (32.16,37.00) startOffset 0 endOffset 1 width 15.69: "Q"
          RenderEmbeddedObject {object} at (0,575) size 384x128
            layer at (0,0) size 384x128
              RenderView at (0,0) size 384x128
            layer at (0,0) size 384x128
              RenderSVGRoot {svg} at (0,0) size 384x128
                RenderSVGHiddenContainer {defs} at (0,0) size 0x0
                  RenderSVGResourceLinearGradient {linearGradient} [id="surface"] [gradientUnits=objectBoundingBox] [start=(1,0)] [end=(1,1)]
                    RenderSVGGradientStop {stop} [offset=0.00] [color=#FFFFFF]
                    RenderSVGGradientStop {stop} [offset=1.00] [color=#FFEEAA]
                RenderSVGRect {rect} at (0,0) size 384x128 [stroke={[type=SOLID] [color=#FFCC33] [stroke width=2.00]}] [fill={[type=LINEAR-GRADIENT] [id="surface"]}] [x=1.00] [y=1.00] [width=118.00] [height=38.00]
                RenderSVGText {text} at (53,7) size 13x25 contains 1 chunk(s)
                  RenderSVGInlineText {#text} at (0,0) size 13x25
                    chunk 1 (middle anchor) text run 1 at (53.91,27.00) startOffset 0 endOffset 1 width 12.19: "F"
          RenderEmbeddedObject {object} at (384,575) size 384x128
            layer at (0,0) size 384x128
              RenderView at (0,0) size 384x128
            layer at (0,0) size 384x128
              RenderSVGRoot {svg} at (0,0) size 384x128
                RenderSVGHiddenContainer {defs} at (0,0) size 0x0
                  RenderSVGResourceLinearGradient {linearGradient} [id="surface"] [gradientUnits=objectBoundingBox] [start=(1,0)] [end=(1,1)]
                    RenderSVGGradientStop {stop} [offset=0.00] [color=#FFFFFF]
                    RenderSVGGradientStop {stop} [offset=1.00] [color=#FFEEAA]
                RenderSVGRect {rect} at (0,0) size 384x128 [stroke={[type=SOLID] [color=#FFCC33] [stroke width=2.00]}] [fill={[type=LINEAR-GRADIENT] [id="surface"]}] [x=1.00] [y=1.00] [width=118.00] [height=38.00]
                RenderSVGText {text} at (57,7) size 6x25 contains 1 chunk(s)
                  RenderSVGInlineText {#text} at (0,0) size 6x25
                    chunk 1 (middle anchor) text run 1 at (57.19,27.00) startOffset 0 endOffset 1 width 5.63: "I"
          RenderBlock (floating) {div} at (0,703) size 384x192
            RenderEmbeddedObject {object} at (0,0) size 96x192
              layer at (0,0) size 96x192
                RenderView at (0,0) size 96x192
              layer at (0,0) size 96x192
                RenderSVGRoot {svg} at (0,0) size 96x192
                  RenderSVGHiddenContainer {defs} at (0,0) size 0x0
                    RenderSVGResourceLinearGradient {linearGradient} [id="surface"] [gradientUnits=objectBoundingBox] [start=(1,0)] [end=(1,1)]
                      RenderSVGGradientStop {stop} [offset=0.00] [color=#FFFFFF]
                      RenderSVGGradientStop {stop} [offset=1.00] [color=#FFEEAA]
                  RenderSVGRect {rect} at (0,0) size 96x192 [stroke={[type=SOLID] [color=#FFCC33] [stroke width=2.00]}] [fill={[type=LINEAR-GRADIENT] [id="surface"]}] [x=1.00] [y=1.00] [width=28.00] [height=58.00]
            RenderEmbeddedObject {object} at (96,0) size 288x192
              layer at (0,0) size 288x192
                RenderView at (0,0) size 288x192
              layer at (0,0) size 288x192
                RenderSVGRoot {svg} at (0,0) size 288x192
                  RenderSVGHiddenContainer {defs} at (0,0) size 0x0
                    RenderSVGResourceLinearGradient {linearGradient} [id="surface"] [gradientUnits=objectBoundingBox] [start=(1,0)] [end=(1,1)]
                      RenderSVGGradientStop {stop} [offset=0.00] [color=#FFFFFF]
                      RenderSVGGradientStop {stop} [offset=1.00] [color=#FFEEAA]
                  RenderSVGRect {rect} at (0,0) size 288x192 [stroke={[type=SOLID] [color=#FFCC33] [stroke width=2.00]}] [fill={[type=LINEAR-GRADIENT] [id="surface"]}] [x=1.00] [y=1.00] [width=88.00] [height=58.00]
                  RenderSVGText {text} at (37,17) size 16x25 contains 1 chunk(s)
                    RenderSVGInlineText {#text} at (0,0) size 16x25
                      chunk 1 (middle anchor) text run 1 at (37.19,37.00) startOffset 0 endOffset 1 width 15.63: "G"
          RenderBlock (floating) {div} at (384,703) size 384x192
            RenderEmbeddedObject {object} at (0,0) size 192x192
              layer at (0,0) size 192x192
                RenderView at (0,0) size 192x192
              layer at (0,0) size 192x192
                RenderSVGRoot {svg} at (0,0) size 192x192
                  RenderSVGHiddenContainer {defs} at (0,0) size 0x0
                    RenderSVGResourceLinearGradient {linearGradient} [id="surface"] [gradientUnits=objectBoundingBox] [start=(1,0)] [end=(1,1)]
                      RenderSVGGradientStop {stop} [offset=0.00] [color=#FFFFFF]
                      RenderSVGGradientStop {stop} [offset=1.00] [color=#FFEEAA]
                  RenderSVGPath {ellipse} at (0,0) size 192x192 [stroke={[type=SOLID] [color=#FFCC33] [stroke width=2.00]}] [fill={[type=LINEAR-GRADIENT] [id="surface"]}] [cx=30.00] [cy=30.00] [rx=29.00] [ry=29.00]
                  RenderSVGText {text} at (22,17) size 15x25 contains 1 chunk(s)
                    RenderSVGInlineText {#text} at (0,0) size 15x25
                      chunk 1 (middle anchor) text run 1 at (22.81,37.00) startOffset 0 endOffset 1 width 14.38: "H"
            RenderEmbeddedObject {object} at (192,0) size 192x192
              layer at (0,0) size 192x192
                RenderView at (0,0) size 192x192
              layer at (0,0) size 192x192
                RenderSVGRoot {svg} at (0,0) size 192x192
                  RenderSVGHiddenContainer {defs} at (0,0) size 0x0
                    RenderSVGResourceLinearGradient {linearGradient} [id="surface"] [gradientUnits=objectBoundingBox] [start=(1,0)] [end=(1,1)]
                      RenderSVGGradientStop {stop} [offset=0.00] [color=#FFFFFF]
                      RenderSVGGradientStop {stop} [offset=1.00] [color=#FFEEAA]
                  RenderSVGRect {rect} at (0,0) size 192x192 [stroke={[type=SOLID] [color=#FFCC33] [stroke width=2.00]}] [fill={[type=LINEAR-GRADIENT] [id="surface"]}] [x=1.00] [y=1.00] [width=58.00] [height=58.00]
                  RenderSVGText {text} at (22,17) size 15x25 contains 1 chunk(s)
                    RenderSVGInlineText {#text} at (0,0) size 15x25
                      chunk 1 (middle anchor) text run 1 at (22.81,37.00) startOffset 0 endOffset 1 width 14.38: "R"
          RenderEmbeddedObject {object} at (0,895) size 192x128
            layer at (0,0) size 192x128
              RenderView at (0,0) size 192x128
            layer at (0,0) size 192x128
              RenderSVGRoot {svg} at (0,0) size 192x128
                RenderSVGHiddenContainer {defs} at (0,0) size 0x0
                  RenderSVGResourceLinearGradient {linearGradient} [id="surface"] [gradientUnits=objectBoundingBox] [start=(1,0)] [end=(1,1)]
                    RenderSVGGradientStop {stop} [offset=0.00] [color=#FFFFFF]
                    RenderSVGGradientStop {stop} [offset=1.00] [color=#FFEEAA]
                RenderSVGPath {ellipse} at (0,0) size 192x128 [stroke={[type=SOLID] [color=#FFCC33] [stroke width=2.00]}] [fill={[type=LINEAR-GRADIENT] [id="surface"]}] [cx=30.00] [cy=20.00] [rx=29.00] [ry=19.00]
          RenderEmbeddedObject {object} at (192,895) size 192x128
            layer at (0,0) size 192x128
              RenderView at (0,0) size 192x128
            layer at (0,0) size 192x128
              RenderSVGRoot {svg} at (0,0) size 192x128
                RenderSVGHiddenContainer {defs} at (0,0) size 0x0
                  RenderSVGResourceLinearGradient {linearGradient} [id="surface"] [gradientUnits=objectBoundingBox] [start=(1,0)] [end=(1,1)]
                    RenderSVGGradientStop {stop} [offset=0.00] [color=#FFFFFF]
                    RenderSVGGradientStop {stop} [offset=1.00] [color=#FFEEAA]
                RenderSVGPath {ellipse} at (0,0) size 192x128 [stroke={[type=SOLID] [color=#FFCC33] [stroke width=2.00]}] [fill={[type=LINEAR-GRADIENT] [id="surface"]}] [cx=30.00] [cy=20.00] [rx=29.00] [ry=19.00]
          RenderBlock (floating) {div} at (384,895) size 384x128
            RenderEmbeddedObject {object} at (0,0) size 288x128
              layer at (0,0) size 288x128
                RenderView at (0,0) size 288x128
              layer at (0,0) size 288x128
                RenderSVGRoot {svg} at (0,0) size 288x128
                  RenderSVGHiddenContainer {defs} at (0,0) size 0x0
                    RenderSVGResourceLinearGradient {linearGradient} [id="surface"] [gradientUnits=objectBoundingBox] [start=(1,0)] [end=(1,1)]
                      RenderSVGGradientStop {stop} [offset=0.00] [color=#FFFFFF]
                      RenderSVGGradientStop {stop} [offset=1.00] [color=#FFEEAA]
                  RenderSVGRect {rect} at (0,0) size 288x128 [stroke={[type=SOLID] [color=#FFCC33] [stroke width=2.00]}] [fill={[type=LINEAR-GRADIENT] [id="surface"]}] [x=1.00] [y=1.00] [width=88.00] [height=38.00]
                  RenderSVGText {text} at (38,7) size 14x25 contains 1 chunk(s)
                    RenderSVGInlineText {#text} at (0,0) size 14x25
                      chunk 1 (middle anchor) text run 1 at (38.28,27.00) startOffset 0 endOffset 1 width 13.44: "S"
            RenderEmbeddedObject {object} at (288,0) size 96x128
              layer at (0,0) size 96x128
                RenderView at (0,0) size 96x128
              layer at (0,0) size 96x128
                RenderSVGRoot {svg} at (0,0) size 96x128
                  RenderSVGHiddenContainer {defs} at (0,0) size 0x0
                    RenderSVGResourceLinearGradient {linearGradient} [id="surface"] [gradientUnits=objectBoundingBox] [start=(1,0)] [end=(1,1)]
                      RenderSVGGradientStop {stop} [offset=0.00] [color=#FFFFFF]
                      RenderSVGGradientStop {stop} [offset=1.00] [color=#FFEEAA]
                  RenderSVGRect {rect} at (0,0) size 96x128 [stroke={[type=SOLID] [color=#FFCC33] [stroke width=2.00]}] [fill={[type=LINEAR-GRADIENT] [id="surface"]}] [x=1.00] [y=1.00] [width=28.00] [height=38.00]
                  RenderSVGText {text} at (8,7) size 13x25 contains 1 chunk(s)
                    RenderSVGInlineText {#text} at (0,0) size 13x25
                      chunk 1 (middle anchor) text run 1 at (8.91,27.00) startOffset 0 endOffset 1 width 12.19: "T"
        RenderBlock {p} at (0,126) size 768x1044 [color=#FFFFFF]
          RenderBR {br} at (768,0) size 0x21
          RenderText {#text} at (0,1023) size 8x21
            text run at (0,1023) width 8: ".."
        RenderBlock {p} at (0,1186) size 768x63
          RenderText {#text} at (0,0) size 765x63
            text run at (0,0) width 702: "Above, you should see a grid of 17 SVG child elements sticked together to build one rectangle grid. "
            text run at (702,0) width 29: "You"
            text run at (0,21) width 765: "should be able to resize your browser window and the grid rendering should adjust to it. The outcome should"
            text run at (0,42) width 273: "look like in these sample screenshots: "
          RenderInline {a} at (0,0) size 38x21 [color=#0000EE]
            RenderText {#text} at (273,42) size 38x21
              text run at (273,42) width 38: "small"
          RenderText {#text} at (311,42) size 8x21
            text run at (311,42) width 8: ", "
          RenderInline {a} at (0,0) size 45x21 [color=#0000EE]
            RenderText {#text} at (319,42) size 45x21
              text run at (319,42) width 45: "bigger"
          RenderText {#text} at (364,42) size 35x21
            text run at (364,42) width 35: " and "
          RenderInline {a} at (0,0) size 22x21 [color=#0000EE]
            RenderText {#text} at (399,42) size 22x21
              text run at (399,42) width 22: "big"
          RenderText {#text} at (421,42) size 4x21
            text run at (421,42) width 4: "."
        RenderBlock {p} at (0,1265) size 768x63
          RenderText {#text} at (0,0) size 761x63
            text run at (0,0) width 761: "The test is successful, if all SVG elements resize exacly dependend on the width of the browser window, but"
            text run at (0,21) width 722: "keep their aspect ratio and relative position. The complete grid should always show a perfect rectangle"
            text run at (0,42) width 47: "object."
        RenderBlock {p} at (0,1344) size 768x42
          RenderBR {br} at (0,0) size 0x21
          RenderInline {a} at (0,0) size 36x21 [color=#0000EE]
            RenderText {#text} at (0,21) size 36x21
              text run at (0,21) width 36: "Back"
