layer at (0,0) size 820x584
  RenderView at (0,0) size 800x584
layer at (0,0) size 800x328
  RenderBlock {html} at (0,0) size 800x328
    RenderBody {body} at (48,8) size 772x312
      RenderBlock {h1} at (10,40) size 691x34
        RenderText {#text} at (0,0) size 315x34
          text run at (0,0) width 315: "scalable CSS background"
      RenderBlock {h4} at (10,74) size 752x19
        RenderText {#text} at (0,0) size 125x19
          text run at (0,0) width 125: "WICD Core 1.0 #11"
      RenderBlock {p} at (10,112) size 711x38
        RenderText {#text} at (10,10) size 516x18
          text run at (10,10) width 516: "This text paragraph, as well as all following, must have a SVG background image."
      RenderBlock {p} at (10,155) size 711x38
        RenderText {#text} at (10,10) size 690x18
          text run at (10,10) width 690: "This background image (grey color-gradient and rounded corners) must always exactly fit the text paragraph."
      RenderBlock {p} at (10,198) size 711x56
        RenderText {#text} at (10,10) size 688x36
          text run at (10,10) width 688: "This test has failed, if you don't see any graphics on the background. (your user agent does not support SVG"
          text run at (10,28) width 146: "as background image)."
      RenderBlock {p} at (10,259) size 711x38
        RenderInline {a} at (0,0) size 31x18 [color=#000066]
          RenderText {#text} at (10,10) size 31x18
            text run at (10,10) width 31: "Back"
