layer at (0,0) size 800x600
  RenderView at (0,0) size 800x600
layer at (0,0) size 800x563
  RenderBlock {html} at (0,0) size 800x563
    RenderBody {body} at (48,30) size 752x525
      RenderBlock {div} at (0,0) size 752x525
        RenderBlock {h1} at (0,0) size 691x34
          RenderText {#text} at (0,0) size 216x34
            text run at (0,0) width 216: "rightsizing to box"
        RenderBlock {h4} at (0,34) size 752x19
          RenderText {#text} at (0,0) size 138x19
            text run at (0,0) width 138: "WICD Core 1.0 #20-1"
        RenderBlock {div} at (0,72) size 176x62 [bgcolor=#FF0000]
          RenderImage {object} at (0,0) size 176x62
          RenderText {#text} at (0,0) size 0x0
        RenderBlock (anonymous) at (0,134) size 752x21
          RenderBR {br} at (0,0) size 0x21
        RenderBlock {div} at (0,155) size 176x62 [bgcolor=#FF0000]
          RenderEmbeddedObject {object} at (0,0) size 176x62
            layer at (0,0) size 176x62
              RenderView at (0,0) size 176x62
            layer at (0,0) size 176x62
              RenderSVGRoot {svg} at (0,0) size 176x62
                RenderSVGRect {rect} at (0,0) size 176x62 [fill={[type=SOLID] [color=#CCCCCC]}] [x=0.00] [y=0.00] [width=176.00] [height=62.00]
                RenderSVGRect {rect} at (2,2) size 174x60 [fill={[type=SOLID] [color=#333333]}] [x=2.00] [y=2.00] [width=174.00] [height=60.00]
                RenderSVGRect {rect} at (2,2) size 172x58 [fill={[type=SOLID] [color=#FFFFFF]}] [x=2.00] [y=2.00] [width=172.00] [height=58.00]
                RenderSVGRect {rect} at (86,2) size 88x58 [fill={[type=SOLID] [color=#FFCC33]}] [x=86.00] [y=2.00] [width=88.00] [height=58.00]
                RenderSVGText {text} at (43,7) size 85x51 contains 1 chunk(s)
                  RenderSVGInlineText {#text} at (0,0) size 85x51
                    chunk 1 (middle anchor) text run 1 at (43.50,46.00) startOffset 0 endOffset 3 width 85.00: "SVG"
          RenderText {#text} at (0,0) size 0x0
        RenderBlock {p} at (0,219) size 691x36
          RenderText {#text} at (0,0) size 608x36
            text run at (0,0) width 608: "Above there must be a GIF- and a SVG-image visible. Both are referenced by an object element"
            text run at (0,18) width 603: "(width:100%, no defined height) and each nested into a div element (width:176px, height:62px)."
        RenderBlock {div} at (0,260) size 176x62 [bgcolor=#FF0000]
          RenderImage {object} at (0,0) size 176x62
          RenderText {#text} at (0,0) size 0x0
        RenderBlock (anonymous) at (0,322) size 752x21
          RenderBR {br} at (0,0) size 0x21
        RenderBlock {div} at (0,343) size 176x62 [bgcolor=#FF0000]
          RenderEmbeddedObject {object} at (0,0) size 176x62
            layer at (0,0) size 176x62
              RenderView at (0,0) size 176x62
            layer at (0,0) size 176x62
              RenderSVGRoot {svg} at (0,0) size 176x62
                RenderSVGRect {rect} at (0,0) size 176x62 [fill={[type=SOLID] [color=#CCCCCC]}] [x=0.00] [y=0.00] [width=176.00] [height=62.00]
                RenderSVGRect {rect} at (2,2) size 174x60 [fill={[type=SOLID] [color=#333333]}] [x=2.00] [y=2.00] [width=174.00] [height=60.00]
                RenderSVGRect {rect} at (2,2) size 172x58 [fill={[type=SOLID] [color=#FFFFFF]}] [x=2.00] [y=2.00] [width=172.00] [height=58.00]
                RenderSVGRect {rect} at (86,2) size 88x58 [fill={[type=SOLID] [color=#FFCC33]}] [x=86.00] [y=2.00] [width=88.00] [height=58.00]
                RenderSVGText {text} at (43,7) size 85x51 contains 1 chunk(s)
                  RenderSVGInlineText {#text} at (0,0) size 85x51
                    chunk 1 (middle anchor) text run 1 at (43.50,46.00) startOffset 0 endOffset 3 width 85.00: "SVG"
          RenderText {#text} at (0,0) size 0x0
        RenderBlock {p} at (0,407) size 691x36
          RenderText {#text} at (0,0) size 684x36
            text run at (0,0) width 684: "Above there must be a GIF- and a SVG-image visible. Both are referenced by an object element (no defined"
            text run at (0,18) width 527: "width, height:100%) and each nested into a div element (width:176px, height:62px)."
        RenderBlock {p} at (0,448) size 691x36
          RenderText {#text} at (0,0) size 666x36
            text run at (0,0) width 666: "This tests have succeeded, if in both cases, the look (dimensions) of the SVG and the GIF are exactly the"
            text run at (0,18) width 461: "same (except the text apparently) and no red background color is visible."
        RenderBlock {p} at (0,489) size 691x36
          RenderBR {br} at (0,0) size 0x18
          RenderInline {a} at (0,0) size 31x18 [color=#000066]
            RenderText {#text} at (0,18) size 31x18
              text run at (0,18) width 31: "Back"
