layer at (0,0) size 800x600
  RenderView at (0,0) size 800x600
layer at (0,0) size 800x53
  RenderBlock {HTML} at (0,0) size 800x53
    RenderBody {BODY} at (8,16) size 784x21 [color=#000080] [bgcolor=#FFFF00]
      RenderBlock {P} at (0,0) size 784x21
        RenderText {#text} at (0,0) size 264x21
          text run at (0,0) width 264: "The entire viewport should be yellow."
