layer at (0,0) size 800x600
  RenderView at (0,0) size 800x600
layer at (0,0) size 800x37
  RenderBlock {html} at (0,0) size 800x37
    RenderBody {BODY} at (8,8) size 784x21 [bgcolor=#FF0000]
      RenderBlock {P} at (0,0) size 784x21 [bgcolor=#00FF00]
        RenderText {#text} at (0,0) size 378x21
          text run at (0,0) width 378: "This line should be green and there should be no red."
