layer at (0,0) size 800x600
  RenderView at (0,0) size 800x600
layer at (0,0) size 800x255
  RenderBlock {HTML} at (0,0) size 800x255
    RenderBody {BODY} at (8,16) size 784x224
      RenderBlock {P} at (0,0) size 784x36
        RenderText {#text} at (0,0) size 727x36
          text run at (0,0) width 387: "Change your window size. However the lines wrap, the blue "
          text run at (387,0) width 340: "rectanglues should always have their tops on the same"
          text run at (0,18) width 83: "alignment as "
          text run at (83,18) width 204: "other blue rectangles on the line."
      RenderBlock {P} at (15,52) size 754x172 [color=#0000FF] [bgcolor=#FFFFFF] [border: (1px solid #C0C0C0)]
        RenderInline {SPAN} at (0,0) size 45x16
          RenderText {#text} at (9,8) size 45x16
            text run at (9,8) width 45: "xxx"
        RenderText {#text} at (54,8) size 15x16
          text run at (54,8) width 15: " "
        RenderImage {IMG} at (69,8) size 10x11
        RenderText {#text} at (79,8) size 15x16
          text run at (79,8) width 15: " "
        RenderInline {SPAN} at (0,0) size 114x39
          RenderText {#text} at (94,8) size 114x39
            text run at (94,8) width 114: "xxx"
        RenderText {#text} at (208,8) size 15x16
          text run at (208,8) width 15: " "
        RenderImage {IMG} at (223,8) size 10x11
        RenderText {#text} at (233,8) size 15x16
          text run at (233,8) width 15: " "
        RenderInline {SPAN} at (0,0) size 45x16
          RenderText {#text} at (248,8) size 45x16
            text run at (248,8) width 45: "xxx"
        RenderText {#text} at (293,8) size 15x16
          text run at (293,8) width 15: " "
        RenderImage {IMG} at (308,8) size 10x11
        RenderText {#text} at (318,8) size 15x16
          text run at (318,8) width 15: " "
        RenderInline {SPAN} at (0,0) size 45x16
          RenderText {#text} at (333,8) size 45x16
            text run at (333,8) width 45: "xxx"
        RenderText {#text} at (378,8) size 15x16
          text run at (378,8) width 15: " "
        RenderImage {IMG} at (393,8) size 10x11
        RenderText {#text} at (403,8) size 15x16
          text run at (403,8) width 15: " "
        RenderInline {BIG} at (0,0) size 60x21
          RenderText {#text} at (418,8) size 60x21
            text run at (418,8) width 60: "xxx"
        RenderText {#text} at (478,8) size 15x16
          text run at (478,8) width 15: " "
        RenderImage {IMG} at (493,8) size 20x21
        RenderText {#text} at (513,8) size 15x16
          text run at (513,8) width 15: " "
        RenderInline {SPAN} at (0,0) size 45x16
          RenderText {#text} at (528,8) size 45x16
            text run at (528,8) width 45: "xxx"
        RenderText {#text} at (573,8) size 15x16
          text run at (573,8) width 15: " "
        RenderImage {IMG} at (588,8) size 65x66
        RenderText {#text} at (653,8) size 15x16
          text run at (653,8) width 15: " "
        RenderInline {SPAN} at (0,0) size 45x16
          RenderText {#text} at (668,8) size 45x16
            text run at (668,8) width 45: "xxx"
        RenderText {#text} at (0,0) size 0x0
        RenderImage {IMG} at (9,73) size 35x36
        RenderText {#text} at (44,73) size 15x16
          text run at (44,73) width 15: " "
        RenderInline {SPAN} at (0,0) size 90x31
          RenderText {#text} at (59,73) size 90x31
            text run at (59,73) width 90: "xxx"
        RenderText {#text} at (149,73) size 15x16
          text run at (149,73) width 15: " "
        RenderImage {IMG} at (164,73) size 50x51
        RenderText {#text} at (214,73) size 15x16
          text run at (214,73) width 15: " "
        RenderInline {SPAN} at (0,0) size 45x16
          RenderText {#text} at (229,73) size 45x16
            text run at (229,73) width 45: "xxx"
        RenderText {#text} at (274,73) size 15x16
          text run at (274,73) width 15: " "
        RenderImage {IMG} at (289,73) size 15x16
        RenderText {#text} at (304,73) size 15x16
          text run at (304,73) width 15: " "
        RenderInline {BIG} at (0,0) size 60x21
          RenderText {#text} at (319,73) size 60x21
            text run at (319,73) width 60: "xxx"
        RenderText {#text} at (379,73) size 15x16
          text run at (379,73) width 15: " "
        RenderImage {IMG} at (394,73) size 90x91
        RenderText {#text} at (0,0) size 0x0
