layer at (0,0) size 800x600
  RenderView at (0,0) size 800x600
layer at (0,0) size 800x386
  RenderBlock {HTML} at (0,0) size 800x386
    RenderBody {BODY} at (8,16) size 784x354
      RenderBlock {P} at (0,0) size 784x18 [color=#000080]
        RenderText {#text} at (0,0) size 234x18
          text run at (0,0) width 234: "This sentence should be left-justified."
      RenderBlock {P} at (0,34) size 784x18 [color=#000080]
        RenderText {#text} at (541,0) size 243x18
          text run at (541,0) width 243: "This sentence should be right-justified."
      RenderBlock {P} at (0,68) size 784x18 [color=#000080]
        RenderText {#text} at (286,0) size 212x18
          text run at (286,0) width 212: "This sentence should be centered."
      RenderBlock {P} at (0,102) size 784x252 [color=#000080]
        RenderText {#text} at (0,0) size 496x18
          text run at (0,0) width 392: "This paragraph should be justified (the right and left margins "
          text run at (392,0) width 104: "should line up). "
        RenderInline {SPAN} at (0,0) size 784x252 [color=#C0C0C0]
          RenderText {#text} at (496,0) size 784x252
            text run at (496,0) width 288: "This is just lovely dummy text. Dummy text."
            text run at (0,18) width 56: "Dummy "
            text run at (56,18) width 529: "text. This is just lovely dummy text. This is just lovely dummy text. Dummy text. "
            text run at (585,18) width 199: "This is just lovely dummy text."
            text run at (0,36) width 349: "This is just lovely dummy text. Dummy text. Dummy "
            text run at (349,36) width 435: "text. This is just lovely dummy text. This is just lovely dummy text."
            text run at (0,54) width 88: "Dummy text. "
            text run at (88,54) width 550: "This is just lovely dummy text. This is just lovely dummy text. Dummy text. Dummy "
            text run at (638,54) width 146: "text. This is just lovely"
            text run at (0,72) width 379: "dummy text. This is just lovely dummy text. Dummy text. "
            text run at (379,72) width 405: "This is just lovely dummy text. This is just lovely dummy text."
            text run at (0,90) width 145: "Dummy text. Dummy "
            text run at (145,90) width 525: "text. This is just lovely dummy text. This is just lovely dummy text. Dummy text. "
            text run at (670,90) width 114: "This is just lovely"
            text run at (0,108) width 434: "dummy text. This is just lovely dummy text. Dummy text. Dummy "
            text run at (434,108) width 350: "text. This is just lovely dummy text. This is just lovely"
            text run at (0,126) width 170: "dummy text. Dummy text. "
            text run at (170,126) width 540: "This is just lovely dummy text. This is just lovely dummy text. Dummy text. Dummy "
            text run at (710,126) width 74: "text. This is"
            text run at (0,144) width 458: "just lovely dummy text. This is just lovely dummy text. Dummy text. "
            text run at (458,144) width 326: "This is just lovely dummy text. This is just lovely"
            text run at (0,162) width 226: "dummy text. Dummy text. Dummy "
            text run at (226,162) width 515: "text. This is just lovely dummy text. This is just lovely dummy text. Dummy text. "
            text run at (741,162) width 43: "This is"
            text run at (0,180) width 505: "just lovely dummy text. This is just lovely dummy text. Dummy text. Dummy "
            text run at (505,180) width 279: "text. This is just lovely dummy text. This is"
            text run at (0,198) width 242: "just lovely dummy text. Dummy text. "
            text run at (242,198) width 542: "This is just lovely dummy text. This is just lovely dummy text. Dummy text. Dummy"
            text run at (0,216) width 516: "text. This is just lovely dummy text. This is just lovely dummy text. Dummy text. "
            text run at (516,216) width 268: "This is just lovely dummy text. This is just"
            text run at (0,234) width 269: "lovely dummy text. Dummy text. Dummy "
            text run at (269,234) width 118: "text. Dummy text. "
        RenderText {#text} at (387,234) size 381x18
          text run at (387,234) width 260: "This sentence should be at the end of the "
          text run at (647,234) width 121: "block, not justified."
