CONSOLE MESSAGE: line 35: Uncaught TypeError: Property 'description' of object [object Window] is not a function
layer at (0,0) size 800x600
  RenderView at (0,0) size 800x600
layer at (0,0) size 800x600
  RenderBlock {HTML} at (0,0) size 800x600
    RenderBody {BODY} at (8,8) size 784x584
      RenderBlock {P} at (0,0) size 784x0
      RenderBlock {DIV} at (0,0) size 784x0
      RenderBlock (anonymous) at (0,0) size 784x46
        RenderTextControl {INPUT} at (2,2) size 125x19 [bgcolor=#FFFFFF] [border: (2px inset #000000)]
          RenderBlock {DIV} at (3,3) size 119x13
        RenderText {#text} at (129,2) size 4x18
          text run at (129,2) width 4: " "
        RenderText {#text} at (0,0) size 0x0
        RenderTextControl {INPUT} at (135,2) size 125x19 [bgcolor=#FFFFFF] [border: (2px inset #000000)]
          RenderBlock {DIV} at (3,3) size 119x13
        RenderText {#text} at (262,2) size 4x18
          text run at (262,2) width 4: " "
        RenderText {#text} at (0,0) size 0x0
        RenderTextControl {INPUT} at (268,2) size 125x19 [bgcolor=#FFFFFF] [border: (2px inset #000000)]
          RenderBlock {DIV} at (3,3) size 119x13
        RenderText {#text} at (395,2) size 4x18
          text run at (395,2) width 4: " "
        RenderText {#text} at (0,0) size 0x0
        RenderTextControl {INPUT} at (401,2) size 125x19 [bgcolor=#FFFFFF] [border: (2px inset #000000)]
          RenderBlock {DIV} at (3,3) size 119x13
        RenderText {#text} at (528,2) size 4x18
          text run at (528,2) width 4: " "
        RenderText {#text} at (0,0) size 0x0
        RenderTextControl {INPUT} at (534,2) size 125x19 [bgcolor=#FFFFFF] [border: (2px inset #000000)]
          RenderBlock {DIV} at (3,3) size 119x13
        RenderText {#text} at (0,0) size 0x0
        RenderText {#text} at (0,0) size 0x0
        RenderTextControl {INPUT} at (2,25) size 125x19 [bgcolor=#FFFFFF] [border: (2px inset #000000)]
          RenderBlock {DIV} at (3,3) size 119x13
        RenderText {#text} at (0,0) size 0x0
        RenderInline {DATALIST} at (0,0) size 0x0
          RenderText {#text} at (0,0) size 0x0
          RenderText {#text} at (0,0) size 0x0
        RenderText {#text} at (0,0) size 0x0
        RenderInline {DATALIST} at (0,0) size 0x0
          RenderText {#text} at (0,0) size 0x0
          RenderText {#text} at (0,0) size 0x0
        RenderText {#text} at (0,0) size 0x0
        RenderInline {DATALIST} at (0,0) size 0x0
          RenderText {#text} at (0,0) size 0x0
          RenderText {#text} at (0,0) size 0x0
        RenderText {#text} at (0,0) size 0x0
        RenderText {#text} at (0,0) size 0x0
        RenderText {#text} at (0,0) size 0x0
