layer at (0,0) size 800x600
  RenderView at (0,0) size 800x600
layer at (0,0) size 800x159
  RenderBlock {HTML} at (0,0) size 800x159
    RenderBody {BODY} at (8,13) size 784x138
      RenderBlock {PRE} at (0,0) size 784x51
        RenderText {#text} at (0,0) size 123x51
          text run at (0,0) width 96: "table width=50%"
          text run at (96,0) width 0: " "
          text run at (0,17) width 68: "  td nowrap "
          text run at (68,17) width 0: " "
          text run at (0,34) width 123: "    input width=100% "
          text run at (123,34) width 0: " "
      RenderTable {TABLE} at (0,64) size 392x53 [bgcolor=#C0C0C0] [border: (1px outset #808080)]
        RenderTableSection {TBODY} at (1,1) size 390x51
          RenderTableRow {TR} at (0,2) size 390x47
            RenderTableCell {TD} at (2,2) size 386x47 [bgcolor=#AABBFF] [border: (1px inset #808080)] [r=0 c=0 rs=1 cs=1]
              RenderTextControl {INPUT} at (9,11) size 372x25
              RenderText {#text} at (0,0) size 0x0
      RenderBlock (anonymous) at (0,117) size 784x21
        RenderBR {BR} at (0,0) size 0x21
layer at (22,93) size 368x21
  RenderBlock {DIV} at (2,2) size 368x21
