layer at (0,0) size 800x600
  RenderView at (0,0) size 800x600
layer at (0,0) size 800x600
  RenderBlock {HTML} at (0,0) size 800x600
    RenderBody {BODY} at (8,8) size 784x584 [bgcolor=#FFFFFF]
      RenderTable {TABLE} at (0,0) size 784x62 [border: (1px outset #808080)]
        RenderTableSection {TBODY} at (1,1) size 782x60
          RenderTableRow {TR} at (0,2) size 782x56
            RenderTableCell {TD} at (2,2) size 778x56 [border: (1px inset #808080)] [r=0 c=0 rs=1 cs=1]
              RenderTable {TABLE} at (2,2) size 774x52 [border: (1px outset #808080)]
                RenderTableSection {TBODY} at (1,1) size 772x50
                  RenderTableRow {TR} at (0,2) size 772x46
                    RenderTableCell {TD} at (2,2) size 768x46 [border: (1px inset #808080)] [r=0 c=0 rs=1 cs=1]
                      RenderText {#text} at (2,2) size 719x42
                        text run at (2,2) width 719: "WINGs is a small widget set with the N*XTSTEP look and feel. It's API is inspired in OpenStep and it's"
                        text run at (2,23) width 317: "implementation borrows some ideas from Tk."
