layer at (0,0) size 800x600
  RenderView at (0,0) size 800x600
layer at (0,0) size 800x600
  RenderBlock {HTML} at (0,0) size 800x600
    RenderBody {BODY} at (8,8) size 784x584
      RenderTable {TABLE} at (0,0) size 204x25 [bgcolor=#6363CE]
        RenderTableSection {TBODY} at (0,0) size 204x25
          RenderTableRow {TR} at (0,2) size 204x21
            RenderTableCell {TD} at (2,2) size 200x21 [r=0 c=0 rs=1 cs=1]
              RenderText {#text} at (1,1) size 198x19
                text run at (1,1) width 198: "This table should NOT be visible"
      RenderTable {TABLE} at (0,25) size 204x25 [bgcolor=#6363CE]
        RenderTableSection {TBODY} at (0,0) size 204x25
          RenderTableRow {TR} at (0,2) size 204x21
            RenderTableCell {TD} at (2,2) size 200x21 [r=0 c=0 rs=1 cs=1]
              RenderText {#text} at (1,1) size 198x19
                text run at (1,1) width 198: "This table should NOT be visible"
