layer at (0,0) size 800x600
  RenderView at (0,0) size 800x600
layer at (0,0) size 800x386
  RenderBlock {HTML} at (0,0) size 800x386
    RenderBody {BODY} at (8,21) size 784x349
      RenderBlock {H4} at (0,0) size 784x21
        RenderText {#text} at (0,0) size 50x21
          text run at (0,0) width 50: "table 1"
      RenderTable {TABLE} at (0,42) size 172x85 [border: (1px outset #808080)]
        RenderTableSection {TBODY} at (1,1) size 170x83
          RenderTableRow {TR} at (0,2) size 170x25
            RenderTableCell {TD} at (2,2) size 26x25 [border: (1px inset #808080)] [r=0 c=0 rs=1 cs=1]
              RenderText {#text} at (2,2) size 22x21
                text run at (2,2) width 22: "1.1"
            RenderTableCell {TD} at (30,15) size 26x25 [border: (1px inset #808080)] [r=0 c=1 rs=2 cs=1]
              RenderText {#text} at (2,2) size 22x21
                text run at (2,2) width 22: "1.2"
            RenderTableCell {TD} at (58,2) size 26x25 [border: (1px inset #808080)] [r=0 c=2 rs=1 cs=1]
              RenderText {#text} at (2,2) size 22x21
                text run at (2,2) width 22: "1.3"
            RenderTableCell {TD} at (86,2) size 26x25 [border: (1px inset #808080)] [r=0 c=3 rs=1 cs=1]
              RenderText {#text} at (2,2) size 22x21
                text run at (2,2) width 22: "1.4"
            RenderTableCell {TD} at (114,15) size 26x25 [border: (1px inset #808080)] [r=0 c=4 rs=2 cs=1]
              RenderText {#text} at (2,2) size 22x21
                text run at (2,2) width 22: "1.5"
            RenderTableCell {TD} at (142,15) size 26x25 [border: (1px inset #808080)] [r=0 c=5 rs=2 cs=1]
              RenderText {#text} at (2,2) size 22x21
                text run at (2,2) width 22: "1.6"
          RenderTableRow {TR} at (0,29) size 170x25
            RenderTableCell {TD} at (2,29) size 138x25 [border: (1px inset #808080)] [r=1 c=0 rs=1 cs=5]
              RenderText {#text} at (58,2) size 22x21
                text run at (58,2) width 22: "2.1"
          RenderTableRow {TR} at (0,56) size 170x25
            RenderTableCell {TD} at (2,56) size 26x25 [border: (1px inset #808080)] [r=2 c=0 rs=1 cs=1]
              RenderText {#text} at (2,2) size 22x21
                text run at (2,2) width 22: "3.1"
            RenderTableCell {TD} at (30,56) size 26x25 [border: (1px inset #808080)] [r=2 c=1 rs=1 cs=1]
              RenderText {#text} at (2,2) size 22x21
                text run at (2,2) width 22: "3.2"
            RenderTableCell {TD} at (58,56) size 26x25 [border: (1px inset #808080)] [r=2 c=2 rs=1 cs=1]
              RenderText {#text} at (2,2) size 22x21
                text run at (2,2) width 22: "3.3"
            RenderTableCell {TD} at (86,56) size 26x25 [border: (1px inset #808080)] [r=2 c=3 rs=1 cs=1]
              RenderText {#text} at (2,2) size 22x21
                text run at (2,2) width 22: "3.4"
            RenderTableCell {TD} at (114,56) size 26x25 [border: (1px inset #808080)] [r=2 c=4 rs=1 cs=1]
              RenderText {#text} at (2,2) size 22x21
                text run at (2,2) width 22: "3.5"
            RenderTableCell {TD} at (142,56) size 26x25 [border: (1px inset #808080)] [r=2 c=5 rs=1 cs=1]
              RenderText {#text} at (2,2) size 22x21
                text run at (2,2) width 22: "3.6"
      RenderBlock {P} at (0,143) size 784x21
        RenderText {#text} at (0,0) size 176x21
          text run at (0,0) width 176: "cell 1.5 has rowspan=\"2\""
      RenderBlock {H4} at (0,185) size 784x21
        RenderText {#text} at (0,0) size 50x21
          text run at (0,0) width 50: "table 2"
      RenderTable {TABLE} at (0,227) size 172x85 [border: (1px outset #808080)]
        RenderTableSection {TBODY} at (1,1) size 170x83
          RenderTableRow {TR} at (0,2) size 170x25
            RenderTableCell {TD} at (2,2) size 26x25 [border: (1px inset #808080)] [r=0 c=0 rs=1 cs=1]
              RenderText {#text} at (2,2) size 22x21
                text run at (2,2) width 22: "1.1"
            RenderTableCell {TD} at (30,15) size 26x25 [border: (1px inset #808080)] [r=0 c=1 rs=2 cs=1]
              RenderText {#text} at (2,2) size 22x21
                text run at (2,2) width 22: "1.2"
            RenderTableCell {TD} at (58,2) size 26x25 [border: (1px inset #808080)] [r=0 c=2 rs=1 cs=1]
              RenderText {#text} at (2,2) size 22x21
                text run at (2,2) width 22: "1.3"
            RenderTableCell {TD} at (86,2) size 26x25 [border: (1px inset #808080)] [r=0 c=3 rs=1 cs=1]
              RenderText {#text} at (2,2) size 22x21
                text run at (2,2) width 22: "1.4"
            RenderTableCell {TD} at (114,15) size 54x25 [border: (1px inset #808080)] [r=0 c=4 rs=2 cs=2]
              RenderText {#text} at (16,2) size 22x21
                text run at (16,2) width 22: "1.5"
          RenderTableRow {TR} at (0,29) size 170x25
            RenderTableCell {TD} at (2,29) size 138x25 [border: (1px inset #808080)] [r=1 c=0 rs=1 cs=5]
              RenderText {#text} at (58,2) size 22x21
                text run at (58,2) width 22: "2.1"
          RenderTableRow {TR} at (0,56) size 170x25
            RenderTableCell {TD} at (2,56) size 26x25 [border: (1px inset #808080)] [r=2 c=0 rs=1 cs=1]
              RenderText {#text} at (2,2) size 22x21
                text run at (2,2) width 22: "3.1"
            RenderTableCell {TD} at (30,56) size 26x25 [border: (1px inset #808080)] [r=2 c=1 rs=1 cs=1]
              RenderText {#text} at (2,2) size 22x21
                text run at (2,2) width 22: "3.2"
            RenderTableCell {TD} at (58,56) size 26x25 [border: (1px inset #808080)] [r=2 c=2 rs=1 cs=1]
              RenderText {#text} at (2,2) size 22x21
                text run at (2,2) width 22: "3.3"
            RenderTableCell {TD} at (86,56) size 26x25 [border: (1px inset #808080)] [r=2 c=3 rs=1 cs=1]
              RenderText {#text} at (2,2) size 22x21
                text run at (2,2) width 22: "3.4"
            RenderTableCell {TD} at (114,56) size 26x25 [border: (1px inset #808080)] [r=2 c=4 rs=1 cs=1]
              RenderText {#text} at (2,2) size 22x21
                text run at (2,2) width 22: "3.5"
            RenderTableCell {TD} at (142,56) size 26x25 [border: (1px inset #808080)] [r=2 c=5 rs=1 cs=1]
              RenderText {#text} at (2,2) size 22x21
                text run at (2,2) width 22: "3.6"
      RenderBlock {P} at (0,328) size 784x21
        RenderText {#text} at (0,0) size 266x21
          text run at (0,0) width 266: "cell 1.5 has colspan=\"2\" rowspan=\"2\""
