layer at (0,0) size 800x600
  RenderView at (0,0) size 800x600
layer at (0,0) size 800x77
  RenderBlock {HTML} at (0,0) size 800x77
    RenderBody {BODY} at (8,8) size 784x61
      RenderBlock {DIV} at (0,0) size 784x61
        RenderTable {TABLE} at (0,0) size 120x61 [border: (1px outset #808080)]
          RenderTableSection {TBODY} at (1,1) size 118x59
            RenderTableRow {TR} at (0,2) size 118x55
              RenderTableCell {TD} at (2,2) size 114x55 [border: (1px inset #808080)] [r=0 c=0 rs=1 cs=1]
                RenderText {#text} at (2,2) size 110x51
                  text run at (2,2) width 110: "aaaaa"
