layer at (0,0) size 784x695
  RenderView at (0,0) size 784x600
layer at (0,0) size 784x695
  RenderBlock {HTML} at (0,0) size 784x695
    RenderBody {BODY} at (8,8) size 768x679
      RenderBlock (anonymous) at (0,0) size 768x21
        RenderText {#text} at (0,0) size 308x21
          text run at (0,0) width 308: "border=\"0\" cellspacing=\"0\" cellpadding=\"0\""
      RenderTable {TABLE} at (0,21) size 768x50 [bgcolor=#DDDD33]
        RenderTableSection {TBODY} at (0,0) size 768x50
          RenderTableRow {TR} at (0,0) size 768x50
            RenderTableCell {TD} at (0,25) size 12x0 [r=0 c=0 rs=1 cs=1]
            RenderTableCell {TD} at (12,0) size 744x50 [r=0 c=1 rs=1 cs=1]
            RenderTableCell {TD} at (756,25) size 12x0 [r=0 c=2 rs=1 cs=1]
      RenderBlock (anonymous) at (0,71) size 768x21
        RenderText {#text} at (0,0) size 228x21
          text run at (0,0) width 228: "cellspacing=\"0\" cellpadding=\"0\""
      RenderTable {TABLE} at (0,92) size 768x50 [bgcolor=#CCCCFF]
        RenderTableSection {TBODY} at (0,0) size 768x50
          RenderTableRow {TR} at (0,0) size 768x50
            RenderTableCell {TD} at (0,25) size 12x0 [r=0 c=0 rs=1 cs=1]
            RenderTableCell {TD} at (12,0) size 744x50 [r=0 c=1 rs=1 cs=1]
            RenderTableCell {TD} at (756,25) size 12x0 [r=0 c=2 rs=1 cs=1]
      RenderBlock (anonymous) at (0,142) size 768x21
        RenderText {#text} at (0,0) size 113x21
          text run at (0,0) width 113: "cellpadding=\"0\""
      RenderTable {TABLE} at (0,163) size 768x54 [bgcolor=#FF9999]
        RenderTableSection {TBODY} at (0,0) size 768x54
          RenderTableRow {TR} at (0,2) size 768x50
            RenderTableCell {TD} at (2,27) size 12x0 [r=0 c=0 rs=1 cs=1]
            RenderTableCell {TD} at (16,2) size 736x50 [r=0 c=1 rs=1 cs=1]
            RenderTableCell {TD} at (754,27) size 12x0 [r=0 c=2 rs=1 cs=1]
      RenderBlock (anonymous) at (0,217) size 768x21
        RenderText {#text} at (0,0) size 193x21
          text run at (0,0) width 193: "border=\"0\" cellpadding=\"0\""
      RenderTable {TABLE} at (0,238) size 768x54 [bgcolor=#AAEEBB]
        RenderTableSection {TBODY} at (0,0) size 768x54
          RenderTableRow {TR} at (0,2) size 768x50
            RenderTableCell {TD} at (2,27) size 12x0 [r=0 c=0 rs=1 cs=1]
            RenderTableCell {TD} at (16,2) size 736x50 [r=0 c=1 rs=1 cs=1]
            RenderTableCell {TD} at (754,27) size 12x0 [r=0 c=2 rs=1 cs=1]
      RenderBlock (anonymous) at (0,292) size 768x21
        RenderInline {FONT} at (0,0) size 31x21 [color=#0000FF]
          RenderText {#text} at (0,0) size 31x21
            text run at (0,0) width 31: "right"
        RenderText {#text} at (31,0) size 80x21
          text run at (31,0) width 80: " border=\"0\""
      RenderTable {TABLE} at (0,313) size 768x56 [bgcolor=#FFCCEE]
        RenderTableSection {TBODY} at (0,0) size 768x56
          RenderTableRow {TR} at (0,2) size 768x52
            RenderTableCell {TD} at (2,27) size 14x2 [r=0 c=0 rs=1 cs=1]
            RenderTableCell {TD} at (18,2) size 732x52 [r=0 c=1 rs=1 cs=1]
            RenderTableCell {TD} at (752,27) size 14x2 [r=0 c=2 rs=1 cs=1]
      RenderBlock (anonymous) at (0,369) size 768x21
        RenderInline {FONT} at (0,0) size 31x21 [color=#0000FF]
          RenderText {#text} at (0,0) size 31x21
            text run at (0,0) width 31: "right"
        RenderText {#text} at (31,0) size 117x21
          text run at (31,0) width 117: " cellpadding=\"1\""
      RenderTable {TABLE} at (0,390) size 768x56 [bgcolor=#66DDFF]
        RenderTableSection {TBODY} at (0,0) size 768x56
          RenderTableRow {TR} at (0,2) size 768x52
            RenderTableCell {TD} at (2,27) size 14x2 [r=0 c=0 rs=1 cs=1]
            RenderTableCell {TD} at (18,2) size 732x52 [r=0 c=1 rs=1 cs=1]
            RenderTableCell {TD} at (752,27) size 14x2 [r=0 c=2 rs=1 cs=1]
      RenderBlock (anonymous) at (0,446) size 768x21
        RenderInline {FONT} at (0,0) size 31x21 [color=#0000FF]
          RenderText {#text} at (0,0) size 31x21
            text run at (0,0) width 31: "right"
        RenderText {#text} at (31,0) size 312x21
          text run at (31,0) width 312: " border=\"1\" cellspacing=\"0\" cellpadding=\"0\""
      RenderTable {TABLE} at (0,467) size 768x54 [bgcolor=#EEEEEE] [border: (1px outset #808080)]
        RenderTableSection {TBODY} at (1,1) size 766x52
          RenderTableRow {TR} at (0,0) size 766x52
            RenderTableCell {TD} at (0,25) size 14x2 [border: (1px inset #808080)] [r=0 c=0 rs=1 cs=1]
            RenderTableCell {TD} at (14,0) size 738x52 [border: (1px inset #808080)] [r=0 c=1 rs=1 cs=1]
            RenderTableCell {TD} at (752,25) size 14x2 [border: (1px inset #808080)] [r=0 c=2 rs=1 cs=1]
      RenderBlock (anonymous) at (0,521) size 768x21
        RenderInline {FONT} at (0,0) size 31x21 [color=#0000FF]
          RenderText {#text} at (0,0) size 31x21
            text run at (0,0) width 31: "right"
        RenderText {#text} at (31,0) size 195x21
          text run at (31,0) width 195: " border=\"1\" cellspacing=\"0\""
      RenderTable {TABLE} at (0,542) size 768x56 [bgcolor=#FFCC66] [border: (1px outset #808080)]
        RenderTableSection {TBODY} at (1,1) size 766x54
          RenderTableRow {TR} at (0,0) size 766x54
            RenderTableCell {TD} at (0,25) size 16x4 [border: (1px inset #808080)] [r=0 c=0 rs=1 cs=1]
            RenderTableCell {TD} at (16,0) size 734x54 [border: (1px inset #808080)] [r=0 c=1 rs=1 cs=1]
            RenderTableCell {TD} at (750,25) size 16x4 [border: (1px inset #808080)] [r=0 c=2 rs=1 cs=1]
      RenderBlock (anonymous) at (0,598) size 768x21
        RenderInline {FONT} at (0,0) size 31x21 [color=#0000FF]
          RenderText {#text} at (0,0) size 31x21
            text run at (0,0) width 31: "right"
        RenderText {#text} at (31,0) size 80x21
          text run at (31,0) width 80: " border=\"1\""
      RenderTable {TABLE} at (0,619) size 768x60 [bgcolor=#CCFF33] [border: (1px outset #808080)]
        RenderTableSection {TBODY} at (1,1) size 766x58
          RenderTableRow {TR} at (0,2) size 766x54
            RenderTableCell {TD} at (2,27) size 16x4 [border: (1px inset #808080)] [r=0 c=0 rs=1 cs=1]
            RenderTableCell {TD} at (20,2) size 726x54 [border: (1px inset #808080)] [r=0 c=1 rs=1 cs=1]
            RenderTableCell {TD} at (748,27) size 16x4 [border: (1px inset #808080)] [r=0 c=2 rs=1 cs=1]
layer at (20,31) size 744x46
  RenderTextControl {TEXTAREA} at (0,2) size 744x46
    RenderBlock {DIV} at (2,2) size 740x21
      RenderText {#text} at (0,0) size 25x21
        text run at (0,0) width 25: "test"
layer at (20,102) size 744x46
  RenderTextControl {TEXTAREA} at (0,2) size 744x46
    RenderBlock {DIV} at (2,2) size 740x21
      RenderText {#text} at (0,0) size 25x21
        text run at (0,0) width 25: "test"
layer at (24,175) size 736x46
  RenderTextControl {TEXTAREA} at (0,2) size 736x46
    RenderBlock {DIV} at (2,2) size 732x21
      RenderText {#text} at (0,0) size 25x21
        text run at (0,0) width 25: "test"
layer at (24,250) size 736x46
  RenderTextControl {TEXTAREA} at (0,2) size 736x46
    RenderBlock {DIV} at (2,2) size 732x21
      RenderText {#text} at (0,0) size 25x21
        text run at (0,0) width 25: "test"
layer at (27,326) size 730x46
  RenderTextControl {TEXTAREA} at (1,3) size 730x46
    RenderBlock {DIV} at (2,2) size 726x21
      RenderText {#text} at (0,0) size 25x21
        text run at (0,0) width 25: "test"
layer at (27,403) size 730x46
  RenderTextControl {TEXTAREA} at (1,3) size 730x46
    RenderBlock {DIV} at (2,2) size 726x21
      RenderText {#text} at (0,0) size 25x21
        text run at (0,0) width 25: "test"
layer at (24,479) size 736x46
  RenderTextControl {TEXTAREA} at (1,3) size 736x46
    RenderBlock {DIV} at (2,2) size 732x21
      RenderText {#text} at (0,0) size 25x21
        text run at (0,0) width 25: "test"
layer at (27,555) size 730x46
  RenderTextControl {TEXTAREA} at (2,4) size 730x46
    RenderBlock {DIV} at (2,2) size 726x21
      RenderText {#text} at (0,0) size 25x21
        text run at (0,0) width 25: "test"
layer at (31,634) size 722x46
  RenderTextControl {TEXTAREA} at (2,4) size 722x46
    RenderBlock {DIV} at (2,2) size 718x21
      RenderText {#text} at (0,0) size 25x21
        text run at (0,0) width 25: "test"
