layer at (0,0) size 800x600
  RenderView at (0,0) size 800x600
layer at (0,0) size 800x600
  RenderBlock {HTML} at (0,0) size 800x600
    RenderBody {BODY} at (8,8) size 784x584
      RenderTable {TABLE} at (0,0) size 784x50 [border: (2px outset #808080)]
        RenderTableSection {TBODY} at (2,2) size 780x46
          RenderTableRow {TR} at (0,0) size 780x46
            RenderTableCell {TD} at (0,11) size 402x23 [bgcolor=#0000CC] [border: (1px inset #808080)] [r=0 c=0 rs=1 cs=1]
              RenderText {#text} at (1,1) size 4x21
                text run at (1,1) width 4: " "
            RenderTableCell {TD} at (402,11) size 8x23 [bgcolor=#00CC00] [border: (1px inset #808080)] [r=0 c=1 rs=1 cs=1]
              RenderText {#text} at (1,1) size 4x21
                text run at (1,1) width 4: " "
            RenderTableCell {TD} at (410,11) size 370x23 [bgcolor=#CC0000] [border: (1px inset #808080)] [r=0 c=2 rs=1 cs=1]
              RenderText {#text} at (1,1) size 4x21
                text run at (1,1) width 4: " "
