layer at (0,0) size 800x600
  RenderView at (0,0) size 800x600
layer at (0,0) size 800x600
  RenderBlock {HTML} at (0,0) size 800x600
    RenderBody {BODY} at (8,8) size 784x584
      RenderTable {TABLE} at (0,0) size 450x116 [border: (1px solid #000000)]
        RenderTableSection {TBODY} at (1,1) size 448x114
          RenderTableRow {TR} at (0,2) size 448x110
            RenderTableCell {TD} at (2,2) size 444x110 [r=0 c=0 rs=1 cs=1]
              RenderTable {TABLE} at (1,1) size 442x29 [border: (1px solid #FF0000)]
                RenderTableSection {TBODY} at (1,1) size 440x27
                  RenderTableRow {TR} at (0,2) size 440x23
                    RenderTableCell {TD} at (2,2) size 436x23 [r=0 c=0 rs=1 cs=1]
                      RenderText {#text} at (1,1) size 25x21
                        text run at (1,1) width 25: "test"
              RenderTable {TABLE} at (1,30) size 437x79 [border: (1px solid #000000)]
                RenderTableSection {TBODY} at (1,1) size 435x77
                  RenderTableRow {TR} at (0,2) size 435x73
                    RenderTableCell {TD} at (2,2) size 431x73 [r=0 c=0 rs=1 cs=1]
                      RenderTable {TABLE} at (1,1) size 341x71 [border: (1px solid #000000)]
                        RenderTableSection {TBODY} at (1,1) size 339x69
                          RenderTableRow {TR} at (0,2) size 339x65
                            RenderTableCell {TD} at (2,2) size 335x65 [r=0 c=0 rs=1 cs=1]
                              RenderImage {IMG} at (1,8) size 9x9
                              RenderText {#text} at (10,1) size 140x21
                                text run at (10,1) width 140: " Shop Till You Drop"
                              RenderBR {BR} at (150,17) size 0x0
                              RenderText {#text} at (1,22) size 299x21
                                text run at (1,22) width 299: "From Regina Lewis, AOL's Online Advisor"
                              RenderBR {BR} at (300,38) size 0x0
                              RenderImage {IMG} at (1,50) size 9x9
                              RenderText {#text} at (10,43) size 324x21
                                text run at (10,43) width 324: " Forget Dates? Don't Worry We'll Remind You"
                              RenderBR {BR} at (334,59) size 0x0
