layer at (0,0) size 784x2218
  RenderView at (0,0) size 784x600
layer at (0,0) size 784x2218
  RenderBlock {HTML} at (0,0) size 784x2218
    RenderBody {BODY} at (0,0) size 784x2218 [bgcolor=#53799F]
      RenderBlock {CENTER} at (0,0) size 784x2218
        RenderBlock (anonymous) at (0,0) size 784x21
          RenderBR {BR} at (392,0) size 0x21
        RenderTable {TABLE} at (20,21) size 744x2176 [border: (1px solid #000000)]
          RenderTableSection {TBODY} at (1,1) size 742x2174
            RenderTableRow {TR} at (0,0) size 742x23
              RenderTableCell {TD} at (0,0) size 742x23 [bgcolor=#3F5694] [border: (1px solid #000000)] [r=0 c=0 rs=1 cs=1]
                RenderText {#text} at (350,1) size 42x21
                  text run at (350,1) width 42: "News"
            RenderTableRow {TR} at (0,23) size 742x44
              RenderTableCell {TD} at (0,23) size 742x44 [border: (1px solid #000000)] [r=1 c=0 rs=1 cs=1]
                RenderInline {B} at (0,0) size 102x21
                  RenderText {#text} at (320,1) size 102x21
                    text run at (320,1) width 102: "11. M\x{E4}rz 2002"
                RenderBR {BR} at (422,17) size 0x0
                RenderText {#text} at (24,22) size 694x21
                  text run at (24,22) width 544: "nun gibt es auch eine kommerzielle Version vom PopUp-Manager, mehr Info "
                  text run at (568,22) width 150: "unter komerz. Scripte"
            RenderTableRow {TR} at (0,67) size 742x44
              RenderTableCell {TD} at (0,67) size 742x44 [border: (1px solid #000000)] [r=2 c=0 rs=1 cs=1]
                RenderInline {B} at (0,0) size 98x21
                  RenderText {#text} at (322,1) size 98x21
                    text run at (322,1) width 98: "09.M\x{E4}rz 2002"
                  RenderBR {BR} at (420,17) size 0x0
                RenderText {#text} at (145,22) size 452x21
                  text run at (145,22) width 452: "neues Script ist online, PopUp-Manager, mehr Info unter Scripte"
            RenderTableRow {TR} at (0,111) size 742x44
              RenderTableCell {TD} at (0,111) size 742x44 [border: (1px solid #000000)] [r=3 c=0 rs=1 cs=1]
                RenderText {#text} at (301,1) size 140x21
                  text run at (301,1) width 140: "17. November 2001"
                RenderBR {BR} at (441,17) size 0x0
                RenderText {#text} at (281,22) size 180x21
                  text run at (281,22) width 180: "Endlich wieder Online! :-)"
            RenderTableRow {TR} at (0,155) size 742x191
              RenderTableCell {TD} at (0,155) size 742x191 [border: (1px solid #000000)] [r=4 c=0 rs=1 cs=1]
                RenderText {#text} at (268,1) size 206x21
                  text run at (268,1) width 206: "23. Oktober 2001 (21:00 Uhr)"
                RenderBR {BR} at (474,17) size 0x0
                RenderText {#text} at (311,22) size 120x21
                  text run at (311,22) width 120: "Es ist vollbracht! "
                RenderBR {BR} at (431,38) size 0x0
                RenderText {#text} at (192,43) size 358x21
                  text run at (192,43) width 358: "Ich habe nun den .htaccess-BUG bei den Scripten:"
                RenderBR {BR} at (550,59) size 0x0
                RenderText {#text} at (77,64) size 588x21
                  text run at (77,64) width 588: "The Real Topsites, Sponsor Manager, Download Manager und Password Manager"
                RenderBR {BR} at (664,80) size 1x0
                RenderText {#text} at (99,85) size 544x21
                  text run at (99,85) width 480: "abgeschafft, brauchte 2 Tage daf\x{FC}r, dabei lag der Fehler vor meiner "
                  text run at (579,85) width 64: "Nase ! :-)"
                RenderBR {BR} at (643,101) size 0x0
                RenderText {#text} at (16,106) size 722x84
                  text run at (16,106) width 423: "F\x{FC}r Euch hei\x{DF}t es, wenn Ihr eines der Scripte benutzt, ladet "
                  text run at (438,106) width 288: "Euch die admin.cgi runter und vereinbart"
                  text run at (10,127) width 229: "unbedingt ein neues Password! "
                  text run at (238,127) width 494: "Au\x{DF}erdem wurde bei der Toplist die Sache mit dem Button Load/Klick"
                  text run at (34,148) width 512: "um programmiert, f\x{FC}r die Leute die den Button Load/Klick Modus haben, "
                  text run at (545,148) width 163: "Ihr m\x{FC}st Euch auch die"
                  text run at (32,169) width 330: "topsites.cgi laden und im Admin Bereich unter "
                  text run at (361,169) width 349: "Modus unten die URL zu Eurem Button angeben!"
            RenderTableRow {TR} at (0,346) size 742x44
              RenderTableCell {TD} at (0,346) size 742x44 [border: (1px solid #000000)] [r=5 c=0 rs=1 cs=1]
                RenderText {#text} at (310,1) size 122x21
                  text run at (310,1) width 122: "22. Oktober 2001"
                RenderBR {BR} at (432,17) size 0x0
                RenderText {#text} at (104,22) size 534x21
                  text run at (104,22) width 482: "Download-Bereich ist vorrerst geschlo\x{DF}en, kommen Sie bitte sp\x{E4}ter "
                  text run at (585,22) width 53: "wieder."
            RenderTableRow {TR} at (0,390) size 742x65
              RenderTableCell {TD} at (0,390) size 742x65 [border: (1px solid #000000)] [r=6 c=0 rs=1 cs=1]
                RenderText {#text} at (268,1) size 206x21
                  text run at (268,1) width 206: "21. Oktober 2001 (22:45 Uhr)"
                RenderBR {BR} at (474,17) size 0x0
                RenderText {#text} at (1,22) size 740x42
                  text run at (1,22) width 449: "OK, sorry f\x{FC}r die Unannehmlichkeiten, aber Ihr m\x{FC}sst Euch nun "
                  text run at (450,22) width 291: "noch mal die Scripte runter laden und die"
                  text run at (8,43) width 227: "admin.cgi erneuern, hier kommt "
                  text run at (235,43) width 499: "noch das Password-Manager-Script dazu, sollte jetzt alles sicher sein! "
                RenderBR {BR} at (0,0) size 0x0
            RenderTableRow {TR} at (0,455) size 742x149
              RenderTableCell {TD} at (0,455) size 742x149 [border: (1px solid #000000)] [r=7 c=0 rs=1 cs=1]
                RenderText {#text} at (268,1) size 206x21
                  text run at (268,1) width 206: "21. Oktober 2001 (20:50 Uhr)"
                RenderBR {BR} at (474,17) size 0x0
                RenderText {#text} at (157,22) size 428x21
                  text run at (157,22) width 428: "An alle Leute die follgende Scripte von G5-Scripts benutzen:"
                RenderBR {BR} at (584,38) size 1x0
                RenderText {#text} at (167,43) size 408x21
                  text run at (167,43) width 408: "The Real Topsites, Download Counter, Sponsor Manager"
                RenderBR {BR} at (575,59) size 0x0
                RenderText {#text} at (15,64) size 712x42
                  text run at (15,64) width 524: "bitte noch ein mal runter laden und die admin.cgi erneuern, beim Sponsor "
                  text run at (538,64) width 189: "Manager kommt noch eine"
                  text run at (352,85) width 38: "Datei"
                RenderBR {BR} at (390,101) size 0x0
                RenderText {#text} at (307,106) size 128x21
                  text run at (307,106) width 128: "'variable.pl' dazu!!"
                RenderBR {BR} at (434,122) size 1x0
                RenderText {#text} at (45,127) size 652x21
                  text run at (45,127) width 534: "Der Grund : man hat festgestellt das .htaccess Password Schutz doch nicht "
                  text run at (578,127) width 119: "das sicherste ist!"
            RenderTableRow {TR} at (0,604) size 742x228
              RenderTableCell {TD} at (0,604) size 742x228 [border: (1px solid #000000)] [r=8 c=0 rs=1 cs=1]
                RenderBlock {P} at (1,1) size 740x168
                  RenderText {#text} at (309,0) size 122x21
                    text run at (309,0) width 122: "13. Oktober 2001"
                  RenderBR {BR} at (431,16) size 0x0
                  RenderText {#text} at (54,21) size 632x21
                    text run at (54,21) width 541: "Ich habe es nun endlich geschafft das Gateway bei der Toplist mit IP-Sperre "
                    text run at (594,21) width 92: "zu versehen,"
                  RenderBR {BR} at (685,37) size 1x0
                  RenderText {#text} at (14,42) size 712x42
                    text run at (14,42) width 500: "dabei war der Fehler den ich vorher nicht verstand eine simple Sache, "
                    text run at (513,42) width 213: "h\x{E4}tte ich doch ein wenig mehr"
                    text run at (322,63) width 96: "nachgedacht!"
                  RenderBR {BR} at (418,79) size 0x0
                  RenderText {#text} at (2,84) size 738x84
                    text run at (2,84) width 486: "Des weiteren habe ich noch die Datensicherung umgeschrieben, f\x{FC}r "
                    text run at (487,84) width 251: "alle die Listen deren Hits ab und zu"
                    text run at (1,105) width 228: "mal auf 0 gesetzt werden, sollte "
                    text run at (228,105) width 511: "jetzt nicht mehr passieren und ich habe noch den Mail Versand aus dem"
                    text run at (2,126) width 496: "Admin-Bereich umgeschrieben und zwar wurde fr\x{FC}her der Text immer "
                    text run at (498,126) width 240: "zusammen gequetscht, die Enters"
                    text run at (208,147) width 246: "wurden so zu sagen ignoriert, jetzt "
                    text run at (454,147) width 78: "nicht mehr!"
                RenderBlock {P} at (1,185) size 740x42
                  RenderText {#text} at (16,0) size 708x42
                    text run at (16,0) width 415: ">> F\x{FC}r alle die das Script vor dem 11.10.01 runter geladen "
                    text run at (431,0) width 293: "haben, Ihr solltet es Euch noch mal runter"
                    text run at (62,21) width 236: "laden und die folgenden Dateien "
                    text run at (298,21) width 380: "durch die neuen ersetzen: topsites.cgi und admin.cgi ."
            RenderTableRow {TR} at (0,832) size 742x44
              RenderTableCell {TD} at (0,832) size 742x44 [border: (1px solid #000000)] [r=9 c=0 rs=1 cs=1]
                RenderText {#text} at (310,1) size 122x21
                  text run at (310,1) width 122: "11. Oktober 2001"
                RenderBR {BR} at (432,17) size 0x0
                RenderText {#text} at (99,22) size 544x21
                  text run at (99,22) width 544: "neues Script ist online, .htaccess-Password-Manager, mehr Info unter Scripte"
            RenderTableRow {TR} at (0,876) size 742x44
              RenderTableCell {TD} at (0,876) size 742x44 [border: (1px solid #000000)] [r=10 c=0 rs=1 cs=1]
                RenderText {#text} at (299,1) size 144x21
                  text run at (299,1) width 144: "08. September 2001"
                RenderBR {BR} at (443,17) size 0x0
                RenderText {#text} at (185,22) size 372x21
                  text run at (185,22) width 372: "Eine neu Version des Download Counters ist online!"
            RenderTableRow {TR} at (0,920) size 742x86
              RenderTableCell {TD} at (0,920) size 742x86 [border: (1px solid #000000)] [r=11 c=0 rs=1 cs=1]
                RenderText {#text} at (313,1) size 116x21
                  text run at (313,1) width 116: "11. August 2001"
                RenderBR {BR} at (429,17) size 0x0
                RenderText {#text} at (32,22) size 678x42
                  text run at (32,22) width 504: "Ich habe so eben eine random.cgi f\x{FC}r den Topsites Script geschrieben. "
                  text run at (535,22) width 175: "Die random.cgi f\x{FC}hrt den"
                  text run at (337,43) width 68: "Besucher"
                RenderBR {BR} at (405,59) size 0x0
                RenderText {#text} at (245,64) size 252x21
                  text run at (245,64) width 252: "auf eine zuf\x{E4}llig ausgew\x{E4}hlte Seite."
            RenderTableRow {TR} at (0,1006) size 742x65
              RenderTableCell {TD} at (0,1006) size 742x65 [border: (1px solid #000000)] [r=12 c=0 rs=1 cs=1]
                RenderText {#text} at (313,1) size 116x21
                  text run at (313,1) width 116: "08. August 2001"
                RenderBR {BR} at (429,17) size 0x0
                RenderText {#text} at (70,22) size 602x21
                  text run at (70,22) width 520: "Ich schreibe gerade eine neue Version von dem Download Counter, bitte "
                  text run at (589,22) width 83: "schreibt mir"
                RenderBR {BR} at (671,38) size 1x0
                RenderText {#text} at (173,43) size 396x21
                  text run at (173,43) width 396: "ins Forum was Ihr da alles haben wollt, wer das benutzt!"
            RenderTableRow {TR} at (0,1071) size 742x65
              RenderTableCell {TD} at (0,1071) size 742x65 [border: (1px solid #000000)] [r=13 c=0 rs=1 cs=1]
                RenderText {#text} at (325,1) size 92x21
                  text run at (325,1) width 92: "09. Juli 2001"
                RenderBR {BR} at (416,17) size 1x0
                RenderText {#text} at (9,22) size 724x42
                  text run at (9,22) width 502: "eine kleiner Bug in der Topsites.cgi wurde behoben! Wer m\x{F6}chte kann "
                  text run at (510,22) width 223: "sich die jetzige Zip runter laden"
                  text run at (137,43) width 249: "und die topsites.cgi auktualisieren, "
                  text run at (386,43) width 219: "mu\x{DF} aber nicht unbedingt sein!"
            RenderTableRow {TR} at (0,1136) size 742x65
              RenderTableCell {TD} at (0,1136) size 742x65 [border: (1px solid #000000)] [r=14 c=0 rs=1 cs=1]
                RenderText {#text} at (325,1) size 92x21
                  text run at (325,1) width 92: "01. Juli 2001"
                RenderBR {BR} at (416,17) size 1x0
                RenderText {#text} at (52,22) size 638x21
                  text run at (52,22) width 563: "Jetzt haben wir einen Support Forum, postet Eure Fragen da rein und versuche "
                  text run at (614,22) width 76: "Sie alle zu"
                RenderBR {BR} at (689,38) size 1x0
                RenderText {#text} at (26,43) size 690x21
                  text run at (26,43) width 434: "beantworten! Au\x{DF}erdem k\x{F6}nnt Ihr dort auch Eure Vorschl\x{E4}ge "
                  text run at (459,43) width 257: "zu den einzelnen Scripten abgeben!"
            RenderTableRow {TR} at (0,1201) size 742x65
              RenderTableCell {TD} at (0,1201) size 742x65 [border: (1px solid #000000)] [r=15 c=0 rs=1 cs=1]
                RenderText {#text} at (325,1) size 92x21
                  text run at (325,1) width 92: "01. Juli 2001"
                RenderBR {BR} at (416,17) size 1x0
                RenderText {#text} at (87,22) size 568x21
                  text run at (87,22) width 542: "Und wieder eine neue Version von The Real Topsites ist online, die Version "
                  text run at (629,22) width 26: "3.4!"
                RenderBR {BR} at (655,38) size 0x0
                RenderText {#text} at (122,43) size 498x21
                  text run at (122,43) width 498: "Es gibt einige neue Funktionen und es wurde auch einiges verbessert!"
            RenderTableRow {TR} at (0,1266) size 742x65
              RenderTableCell {TD} at (0,1266) size 742x65 [border: (1px solid #000000)] [r=16 c=0 rs=1 cs=1]
                RenderText {#text} at (323,1) size 96x21
                  text run at (323,1) width 96: "20. Juni 2001"
                RenderBR {BR} at (419,17) size 0x0
                RenderText {#text} at (97,22) size 548x21
                  text run at (97,22) width 511: "unser Hoster hat ein paar kleine Probleme also sollte irgend was an der "
                  text run at (607,22) width 38: "Seite"
                RenderBR {BR} at (644,38) size 1x0
                RenderText {#text} at (232,43) size 278x21
                  text run at (232,43) width 278: "nicht gehen, einfach wieder versuchen!"
            RenderTableRow {TR} at (0,1331) size 742x107
              RenderTableCell {TD} at (0,1331) size 742x107 [border: (1px solid #000000)] [r=17 c=0 rs=1 cs=1]
                RenderText {#text} at (323,1) size 96x21
                  text run at (323,1) width 96: "09. Juni 2001"
                RenderBR {BR} at (419,17) size 0x0
                RenderText {#text} at (59,22) size 624x21
                  text run at (59,22) width 500: "Die neue Version (3.3) von The Real Topsites ist online, es gibt einige "
                  text run at (559,22) width 124: "neue Funktionen "
                RenderBR {BR} at (683,38) size 0x0
                RenderText {#text} at (238,43) size 266x21
                  text run at (238,43) width 266: "und es wurde auch einiges ver\x{E4}ndert!"
                RenderBR {BR} at (504,59) size 0x0
                RenderText {#text} at (232,64) size 278x21
                  text run at (232,64) width 278: "Mehr Info unter \"Perl Scripte\" im Men\x{FC}. "
                RenderBR {BR} at (510,80) size 0x0
                RenderText {#text} at (135,85) size 472x21
                  text run at (135,85) width 472: "P.S. den Umstieg auf die Version3.3 kann ich Euch nur empfehlen!"
            RenderTableRow {TR} at (0,1438) size 742x86
              RenderTableCell {TD} at (0,1438) size 742x86 [border: (1px solid #000000)] [r=18 c=0 rs=1 cs=1]
                RenderText {#text} at (323,1) size 96x21
                  text run at (323,1) width 96: "04. Juni 2001"
                RenderBR {BR} at (419,17) size 0x0
                RenderText {#text} at (116,22) size 510x21
                  text run at (116,22) width 510: "Ein kleiner Bug bei Topsites Script wurde gefunden und sofort behoben!"
                RenderBR {BR} at (625,38) size 1x0
                RenderText {#text} at (124,43) size 494x21
                  text run at (124,43) width 494: "Bug: es wurde immer wieder die selbe Site Of The Moment angezeigt!"
                RenderBR {BR} at (618,59) size 0x0
                RenderText {#text} at (126,64) size 490x21
                  text run at (126,64) width 486: "Ladet Euch die jetzige Version runter und ersetzt nur die topsites.cgi "
                  text run at (611,64) width 5: "!"
            RenderTableRow {TR} at (0,1524) size 742x65
              RenderTableCell {TD} at (0,1524) size 742x65 [border: (1px solid #000000)] [r=19 c=0 rs=1 cs=1]
                RenderText {#text} at (323,1) size 96x21
                  text run at (323,1) width 96: "01. Juni 2001"
                RenderBR {BR} at (419,17) size 0x0
                RenderText {#text} at (203,22) size 336x21
                  text run at (203,22) width 336: "Ein neues Script ist online! G5-ICQ Newsletter. "
                RenderBR {BR} at (538,38) size 1x0
                RenderText {#text} at (234,43) size 274x21
                  text run at (234,43) width 274: "Mehr Info unter \"Perl Scripte\" im Men\x{FC}."
            RenderTableRow {TR} at (0,1589) size 742x65
              RenderTableCell {TD} at (0,1589) size 742x65 [border: (1px solid #000000)] [r=20 c=0 rs=1 cs=1]
                RenderText {#text} at (325,1) size 92x21
                  text run at (325,1) width 92: "31. Mai 2001"
                RenderBR {BR} at (417,17) size 0x0
                RenderText {#text} at (142,22) size 458x21
                  text run at (142,22) width 458: "Ich habe einen ICQ-Newsletter Script installiert, unter dem Men\x{FC}."
                RenderBR {BR} at (600,38) size 0x0
                RenderText {#text} at (161,43) size 420x21
                  text run at (161,43) width 420: "Tragt Euch ein, dann seit Ihr immer auf dem neusten Stand!"
            RenderTableRow {TR} at (0,1654) size 742x44
              RenderTableCell {TD} at (0,1654) size 742x44 [border: (1px solid #000000)] [r=21 c=0 rs=1 cs=1]
                RenderText {#text} at (325,1) size 92x21
                  text run at (325,1) width 92: "26. Mai 2001"
                RenderBR {BR} at (417,17) size 0x0
                RenderText {#text} at (252,22) size 238x21
                  text run at (252,22) width 238: "The Real Topsites v3.0 ist online!"
            RenderTableRow {TR} at (0,1698) size 742x65
              RenderTableCell {TD} at (0,1698) size 742x65 [border: (1px solid #000000)] [r=22 c=0 rs=1 cs=1]
                RenderText {#text} at (325,1) size 92x21
                  text run at (325,1) width 92: "25. Mai 2001"
                RenderBR {BR} at (417,17) size 0x0
                RenderText {#text} at (192,22) size 358x21
                  text run at (192,22) width 358: "Ein neues Script ist online! G5-Download Counter."
                RenderBR {BR} at (549,38) size 1x0
                RenderText {#text} at (234,43) size 274x21
                  text run at (234,43) width 274: "Mehr Info unter \"Perl Scripte\" im Men\x{FC}."
            RenderTableRow {TR} at (0,1763) size 742x107
              RenderTableCell {TD} at (0,1763) size 742x107 [border: (1px solid #000000)] [r=23 c=0 rs=1 cs=1]
                RenderText {#text} at (325,1) size 92x21
                  text run at (325,1) width 92: "24. Mai 2001"
                RenderBR {BR} at (417,17) size 0x0
                RenderText {#text} at (94,22) size 554x21
                  text run at (94,22) width 474: "Ich habe es mir sehr lange \x{FC}berlegt, die Entscheidung war wirklich "
                  text run at (567,22) width 81: "nicht leicht!"
                RenderBR {BR} at (647,38) size 1x0
                RenderText {#text} at (63,43) size 616x21
                  text run at (63,43) width 451: "Ich habe mich entschieden den Script \"The Real Topsites\" zum "
                  text run at (514,43) width 165: "Download freizugeben."
                RenderBR {BR} at (679,59) size 0x0
                RenderText {#text} at (210,64) size 322x21
                  text run at (210,64) width 322: "Ihr k\x{F6}nnt es Euch jetzt kostenlos runter laden!"
                RenderBR {BR} at (531,80) size 1x0
                RenderText {#text} at (312,85) size 118x21
                  text run at (312,85) width 118: "Viel Spa\x{DF} damit!"
            RenderTableRow {TR} at (0,1870) size 742x86
              RenderTableCell {TD} at (0,1870) size 742x86 [border: (1px solid #000000)] [r=24 c=0 rs=1 cs=1]
                RenderText {#text} at (325,1) size 92x21
                  text run at (325,1) width 92: "13. Mai 2001"
                RenderBR {BR} at (417,17) size 0x0
                RenderText {#text} at (6,22) size 730x63
                  text run at (6,22) width 523: "Es gab nur eine kleine Ver\x{E4}nderung bei G5-Sponsor-Manager, man kann "
                  text run at (528,22) width 208: "den Script jetzt auch via Java"
                  text run at (19,43) width 278: "aufrufen, so das Euer Server jetzt nicht "
                  text run at (296,43) width 410: "unbedingt SSI unterst\x{FC}tzen mu\x{DF} um den Script ausf\x{FC}hren "
                  text run at (705,43) width 18: "zu"
                  text run at (342,64) width 58: "k\x{F6}nnen!"
            RenderTableRow {TR} at (0,1956) size 742x65
              RenderTableCell {TD} at (0,1956) size 742x65 [border: (1px solid #000000)] [r=25 c=0 rs=1 cs=1]
                RenderText {#text} at (321,1) size 100x21
                  text run at (321,1) width 100: "22. April 2001"
                RenderBR {BR} at (420,17) size 1x0
                RenderText {#text} at (195,22) size 352x21
                  text run at (195,22) width 352: "Ein neues Script ist online! G5-Sponsor-Manager."
                RenderBR {BR} at (546,38) size 1x0
                RenderText {#text} at (234,43) size 274x21
                  text run at (234,43) width 274: "Mehr Info unter \"Perl Scripte\" im Men\x{FC}."
            RenderTableRow {TR} at (0,2021) size 742x86
              RenderTableCell {TD} at (0,2021) size 742x86 [border: (1px solid #000000)] [r=26 c=0 rs=1 cs=1]
                RenderText {#text} at (321,1) size 100x21
                  text run at (321,1) width 100: "20. April 2001"
                RenderBR {BR} at (420,17) size 1x0
                RenderText {#text} at (179,22) size 384x21
                  text run at (179,22) width 384: "Auf einige Anfragen habe ich eine Demonstration von "
                RenderBR {BR} at (562,38) size 1x0
                RenderText {#text} at (197,43) size 348x21
                  text run at (197,43) width 348: "\"The Real Topsites\" (Toplist Script) ver\x{F6}ffentlicht!"
                RenderBR {BR} at (545,59) size 0x0
                RenderText {#text} at (234,64) size 274x21
                  text run at (234,64) width 274: "Mehr Info unter \"Perl Scripte\" im Men\x{FC}."
            RenderTableRow {TR} at (0,2107) size 742x44
              RenderTableCell {TD} at (0,2107) size 742x44 [border: (1px solid #000000)] [r=27 c=0 rs=1 cs=1]
                RenderText {#text} at (320,1) size 102x21
                  text run at (320,1) width 102: "13. M\x{E4}rz 2001"
                RenderBR {BR} at (421,17) size 1x0
                RenderText {#text} at (214,22) size 314x21
                  text run at (214,22) width 314: "An diesem Tag ging die G5-Script.de online!"
            RenderTableRow {TR} at (0,2151) size 742x23
              RenderTableCell {TD} at (0,2151) size 742x23 [border: (1px solid #000000)] [r=28 c=0 rs=1 cs=1]
                RenderText {#text} at (369,1) size 4x21
                  text run at (369,1) width 4: " "
        RenderBlock (anonymous) at (0,2197) size 784x21
          RenderBR {BR} at (392,0) size 0x21
