layer at (0,0) size 800x600
  RenderView at (0,0) size 800x600
layer at (0,0) size 800x600
  RenderBlock {HTML} at (0,0) size 800x600
    RenderBody {BODY} at (8,8) size 784x576
      RenderBlock {FORM} at (0,0) size 784x230
        RenderBlock {HR} at (0,0) size 602x2 [border: (1px inset #000000)]
        RenderTable {TABLE} at (0,10) size 600x220
          RenderTableSection {TBODY} at (0,0) size 600x220
            RenderTableRow {TR} at (0,2) size 600x44
              RenderTableCell {TD} at (2,2) size 594x44 [r=0 c=0 rs=1 cs=3]
                RenderImage {IMG} at (8,1) size 579x42
                RenderText {#text} at (0,0) size 0x0
            RenderTableRow {TR} at (0,48) size 600x71
              RenderTableCell {TD} at (2,48) size 594x71 [bgcolor=#99CCCC] [r=1 c=0 rs=1 cs=3]
                RenderInline {FONT} at (0,0) size 127x17
                  RenderInline {B} at (0,0) size 127x17
                    RenderText {#text} at (8,11) size 127x17
                      text run at (8,11) width 127: "Search the Web with"
                RenderText {#text} at (135,8) size 4x21
                  text run at (135,8) width 4: " "
                RenderMenuList {SELECT} at (141,6) size 94x26 [bgcolor=#FFFFFF]
                  RenderBlock (anonymous) at (4,2) size 68x21
                    RenderText at (0,0) size 68x21
                      text run at (0,0) width 68: "Netscape"
                RenderTextControl {INPUT} at (239,6) size 276x25
                  RenderBlock {DIV} at (2,2) size 272x21
                RenderText {#text} at (517,8) size 4x21
                  text run at (517,8) width 4: " "
                RenderButton {INPUT} at (523,3) size 61x31 [bgcolor=#C0C0C0]
                  RenderBlock (anonymous) at (5,5) size 51x21
                    RenderText at (0,0) size 51x21
                      text run at (0,0) width 51: "Search"
                RenderBR {BR} at (586,24) size 0x0
                RenderInline {SMALL} at (0,0) size 578x34
                  RenderInline {A} at (0,0) size 109x17 [color=#0000EE]
                    RenderText {#text} at (8,36) size 109x17
                      text run at (8,36) width 109: "Classifieds< /A>   "
                  RenderInline {A} at (0,0) size 65x17 [color=#0000EE]
                    RenderText {#text} at (117,36) size 65x17
                      text run at (117,36) width 24: "Net "
                      text run at (141,36) width 41: "Search"
                  RenderText {#text} at (182,36) size 12x17
                    text run at (182,36) width 12: "   "
                  RenderInline {A} at (0,0) size 89x17 [color=#0000EE]
                    RenderText {#text} at (194,36) size 89x17
                      text run at (194,36) width 59: "Find Web "
                      text run at (253,36) width 30: "Sites"
                  RenderText {#text} at (283,36) size 12x17
                    text run at (283,36) width 4: " "
                    text run at (287,36) width 8: "  "
                  RenderInline {A} at (0,0) size 69x17 [color=#0000EE]
                    RenderText {#text} at (295,36) size 69x17
                      text run at (295,36) width 43: "What's "
                      text run at (338,36) width 26: "Cool"
                  RenderText {#text} at (364,36) size 12x17
                    text run at (364,36) width 12: "   "
                  RenderInline {A} at (0,0) size 68x17 [color=#0000EE]
                    RenderText {#text} at (376,36) size 68x17
                      text run at (376,36) width 68: "What's New"
                  RenderText {#text} at (444,36) size 12x17
                    text run at (444,36) width 12: "   "
                  RenderInline {A} at (0,0) size 80x17 [color=#0000EE]
                    RenderText {#text} at (456,36) size 80x17
                      text run at (456,36) width 80: "People Finder"
                  RenderText {#text} at (536,36) size 12x17
                    text run at (536,36) width 12: "   "
                  RenderInline {A} at (0,0) size 308x34 [color=#0000EE]
                    RenderText {#text} at (548,36) size 308x34
                      text run at (548,36) width 38: "Yellow"
                      text run at (278,53) width 38: "Pages"
                  RenderText {#text} at (0,0) size 0x0
                RenderText {#text} at (0,0) size 0x0
            RenderTableRow {TR} at (0,121) size 600x50
              RenderTableCell {TD} at (2,128) size 159x36 [r=2 c=0 rs=1 cs=1]
                RenderInline {A} at (0,0) size 115x38 [color=#0000EE]
                  RenderInline {FONT} at (0,0) size 115x34 [color=#CC0033]
                    RenderText {#text} at (22,1) size 115x34
                      text run at (22,1) width 115: "Download Netscape"
                      text run at (26,18) width 107: "Communicator 4.5"
              RenderTableCell {TD} at (163,121) size 270x50 [r=2 c=1 rs=1 cs=1]
                RenderInline {A} at (0,0) size 232x31 [color=#0000EE]
                  RenderImage {IMG} at (19,1) size 232x35 [border: (1px solid #0000EE)]
                  RenderBR {BR} at (251,36) size 0x0
                  RenderInline {FONT} at (0,0) size 50x13
                    RenderText {#text} at (110,36) size 50x13
                      text run at (110,36) width 50: "Click Here!"
                RenderBR {BR} at (159,46) size 1x0
              RenderTableCell {TD} at (435,136) size 161x19 [r=2 c=2 rs=1 cs=1]
                RenderInline {A} at (0,0) size 129x21 [color=#0000EE]
                  RenderInline {FONT} at (0,0) size 129x17 [color=#0066FF]
                    RenderText {#text} at (16,1) size 129x17
                      text run at (16,1) width 129: "Hassle-Free Upgrades"
                RenderText {#text} at (0,0) size 0x0
            RenderTableRow {TR} at (0,173) size 600x40
              RenderTableCell {TD} at (2,173) size 594x40 [r=3 c=0 rs=1 cs=3]
                RenderInline {A} at (0,0) size 48x21 [color=#0000EE]
                  RenderInline {FONT} at (0,0) size 48x17 [color=#0066FF]
                    RenderInline {B} at (0,0) size 48x17
                      RenderText {#text} at (9,4) size 48x17
                        text run at (9,4) width 48: "Contact"
                RenderText {#text} at (56,1) size 13x21
                  text run at (56,1) width 13: " : "
                RenderInline {SMALL} at (0,0) size 517x35
                  RenderInline {A} at (0,0) size 83x17 [color=#0000EE]
                    RenderText {#text} at (68,4) size 83x17
                      text run at (68,4) width 83: "Address Book"
                  RenderText {#text} at (150,4) size 13x17
                    text run at (150,4) width 13: " - "
                  RenderInline {A} at (0,0) size 72x17 [color=#0000EE]
                    RenderText {#text} at (162,4) size 72x17
                      text run at (162,4) width 72: "Discussions"
                  RenderText {#text} at (233,4) size 13x17
                    text run at (233,4) width 13: " - "
                  RenderInline {A} at (0,0) size 109x17 [color=#0000EE]
                    RenderText {#text} at (245,4) size 109x17
                      text run at (245,4) width 109: "Instant Messenger"
                  RenderText {#text} at (353,4) size 13x17
                    text run at (353,4) width 13: " - "
                  RenderInline {A} at (0,0) size 84x17 [color=#0000EE]
                    RenderText {#text} at (365,4) size 84x17
                      text run at (365,4) width 84: "Long Distance"
                  RenderText {#text} at (448,4) size 13x17
                    text run at (448,4) width 13: " - "
                  RenderInline {A} at (0,0) size 55x17 [color=#0000EE]
                    RenderText {#text} at (460,4) size 55x17
                      text run at (460,4) width 55: "Members"
                  RenderText {#text} at (514,4) size 13x17
                    text run at (514,4) width 13: " - "
                  RenderInline {A} at (0,0) size 299x35 [color=#0000EE]
                    RenderText {#text} at (526,4) size 299x35
                      text run at (526,4) width 59: "WebMail<"
                      text run at (286,22) width 22: "/A>"
                RenderInline {A} at (0,0) size 0x0 [color=#0000EE]
                  RenderText {#text} at (0,0) size 0x0
            RenderTableRow {TR} at (0,215) size 600x3
              RenderTableCell {TD} at (2,215) size 596x3 [bgcolor=#99CCCC] [r=4 c=0 rs=1 cs=4]
                RenderTable {TABLE} at (1,1) size 1x1
                  RenderTableSection {TBODY} at (0,0) size 1x1
                    RenderTableRow {TR} at (0,0) size 1x1
                      RenderTableCell {TD} at (0,0) size 0x0 [r=0 c=0 rs=1 cs=1]
