layer at (0,0) size 800x600
  RenderView at (0,0) size 800x600
layer at (0,0) size 800x600
  RenderBlock {HTML} at (0,0) size 800x600
    RenderBody {BODY} at (8,8) size 784x584
      RenderTable {TABLE} at (0,0) size 188x71
        RenderTableSection {TBODY} at (0,0) size 188x71
          RenderTableRow {TR} at (0,2) size 188x67
            RenderTableCell {TD} at (2,2) size 184x67 [r=0 c=0 rs=1 cs=1]
              RenderBlock (anonymous) at (1,1) size 182x0
                RenderInline {SPAN} at (0,0) size 0x0
                  RenderText {#text} at (0,0) size 0x0
                  RenderInline {SPAN} at (0,0) size 0x0
                    RenderText {#text} at (0,0) size 0x0
                    RenderText {#text} at (0,0) size 0x0
              RenderBlock (anonymous) at (1,1) size 182x65
                RenderTable {TABLE} at (0,0) size 182x65
                  RenderTableSection {TBODY} at (0,0) size 182x65
                    RenderTableRow {TR} at (0,2) size 182x61
                      RenderTableCell {TD} at (2,2) size 178x61 [r=0 c=0 rs=1 cs=1]
                        RenderTable {TABLE} at (1,1) size 176x59
                          RenderTableSection {TBODY} at (0,0) size 176x59
                            RenderTableRow {TR} at (0,2) size 176x55
                              RenderTableCell {TD} at (2,2) size 172x55 [r=0 c=0 rs=1 cs=1]
                                RenderBlock {FORM} at (1,1) size 170x37
                                  RenderButton {INPUT} at (2,2) size 166x33 [bgcolor=#C0C0C0]
                                    RenderBlock (anonymous) at (6,6) size 154x21
                                      RenderText at (0,0) size 154x21
                                        text run at (0,0) width 154: "ApplyForThisPosition"
                                  RenderText {#text} at (0,0) size 0x0
              RenderBlock (anonymous) at (1,66) size 182x0
                RenderInline {SPAN} at (0,0) size 0x0
                  RenderInline {SPAN} at (0,0) size 0x0
                  RenderText {#text} at (0,0) size 0x0
                RenderText {#text} at (0,0) size 0x0
