layer at (0,0) size 784x8856
  RenderView at (0,0) size 784x600
layer at (0,0) size 784x8856
  RenderBlock {HTML} at (0,0) size 784x8856
    RenderBody {BODY} at (8,21) size 768x8819
      RenderBlock {H1} at (0,0) size 768x42
        RenderText {#text} at (0,0) size 279x42
          text run at (0,0) width 279: "table-layout: fixed"
      RenderBlock {P} at (0,63) size 768x21
        RenderText {#text} at (0,0) size 629x21
          text run at (0,0) width 629: "The following tables should be laid out in the traditional manner because their widths are "
        RenderInline {CODE} at (0,0) size 25x17
          RenderText {#text} at (629,3) size 25x17
            text run at (629,3) width 25: "auto"
        RenderText {#text} at (654,0) size 4x21
          text run at (654,0) width 4: ":"
      RenderTable {TABLE} at (0,100) size 122x56
        RenderTableSection {TBODY} at (0,0) size 122x56
          RenderTableRow {TR} at (0,2) size 122x25
            RenderTableCell {TD} at (2,2) size 38x25 [border: (1px solid #000000)] [r=0 c=0 rs=1 cs=1]
              RenderText {#text} at (2,2) size 34x21
                text run at (2,2) width 34: "Data"
            RenderTableCell {TD} at (42,2) size 38x25 [border: (1px solid #000000)] [r=0 c=1 rs=1 cs=1]
              RenderText {#text} at (2,2) size 34x21
                text run at (2,2) width 34: "Data"
            RenderTableCell {TD} at (82,2) size 38x25 [border: (1px solid #000000)] [r=0 c=2 rs=1 cs=1]
              RenderText {#text} at (2,2) size 34x21
                text run at (2,2) width 34: "Data"
          RenderTableRow {TR} at (0,29) size 122x25
            RenderTableCell {TD} at (2,29) size 38x25 [border: (1px solid #000000)] [r=1 c=0 rs=1 cs=1]
              RenderText {#text} at (2,2) size 34x21
                text run at (2,2) width 34: "Data"
            RenderTableCell {TD} at (42,29) size 38x25 [border: (1px solid #000000)] [r=1 c=1 rs=1 cs=1]
              RenderText {#text} at (2,2) size 34x21
                text run at (2,2) width 34: "Data"
            RenderTableCell {TD} at (82,29) size 38x25 [border: (1px solid #000000)] [r=1 c=2 rs=1 cs=1]
              RenderText {#text} at (2,2) size 34x21
                text run at (2,2) width 34: "Data"
      RenderTable {TABLE} at (0,156) size 768x434
        RenderTableSection {TBODY} at (0,0) size 768x434
          RenderTableRow {TR} at (0,2) size 768x25
            RenderTableCell {TD} at (2,2) size 38x25 [border: (1px solid #000000)] [r=0 c=0 rs=1 cs=1]
              RenderText {#text} at (2,2) size 34x21
                text run at (2,2) width 34: "Data"
            RenderTableCell {TD} at (42,2) size 38x25 [border: (1px solid #000000)] [r=0 c=1 rs=1 cs=1]
              RenderText {#text} at (2,2) size 34x21
                text run at (2,2) width 34: "Data"
            RenderTableCell {TD} at (82,2) size 684x25 [border: (1px solid #000000)] [r=0 c=2 rs=1 cs=1]
              RenderText {#text} at (2,2) size 34x21
                text run at (2,2) width 34: "Data"
          RenderTableRow {TR} at (0,29) size 768x403
            RenderTableCell {TD} at (2,218) size 38x25 [border: (1px solid #000000)] [r=1 c=0 rs=1 cs=1]
              RenderText {#text} at (2,2) size 34x21
                text run at (2,2) width 34: "Data"
            RenderTableCell {TD} at (42,218) size 38x25 [border: (1px solid #000000)] [r=1 c=1 rs=1 cs=1]
              RenderText {#text} at (2,2) size 34x21
                text run at (2,2) width 34: "Data"
            RenderTableCell {TD} at (82,29) size 684x403 [border: (1px solid #000000)] [r=1 c=2 rs=1 cs=1]
              RenderText {#text} at (2,2) size 672x399
                text run at (2,2) width 210: "Lots and lots and lots of data. "
                text run at (212,2) width 210: "Lots and lots and lots of data. "
                text run at (422,2) width 210: "Lots and lots and lots of data. "
                text run at (632,2) width 30: "Lots"
                text run at (2,23) width 176: "and lots and lots of data. "
                text run at (178,23) width 210: "Lots and lots and lots of data. "
                text run at (388,23) width 210: "Lots and lots and lots of data. "
                text run at (598,23) width 61: "Lots and"
                text run at (2,44) width 145: "lots and lots of data. "
                text run at (147,44) width 210: "Lots and lots and lots of data. "
                text run at (357,44) width 210: "Lots and lots and lots of data. "
                text run at (567,44) width 90: "Lots and lots"
                text run at (2,65) width 116: "and lots of data. "
                text run at (118,65) width 210: "Lots and lots and lots of data. "
                text run at (328,65) width 210: "Lots and lots and lots of data. "
                text run at (538,65) width 121: "Lots and lots and"
                text run at (2,86) width 85: "lots of data. "
                text run at (87,86) width 210: "Lots and lots and lots of data. "
                text run at (297,86) width 210: "Lots and lots and lots of data. "
                text run at (507,86) width 167: "Lots and lots and lots of"
                text run at (2,107) width 39: "data. "
                text run at (41,107) width 210: "Lots and lots and lots of data. "
                text run at (251,107) width 210: "Lots and lots and lots of data. "
                text run at (461,107) width 206: "Lots and lots and lots of data."
                text run at (2,128) width 210: "Lots and lots and lots of data. "
                text run at (212,128) width 210: "Lots and lots and lots of data. "
                text run at (422,128) width 210: "Lots and lots and lots of data. "
                text run at (632,128) width 30: "Lots"
                text run at (2,149) width 176: "and lots and lots of data. "
                text run at (178,149) width 210: "Lots and lots and lots of data. "
                text run at (388,149) width 210: "Lots and lots and lots of data. "
                text run at (598,149) width 61: "Lots and"
                text run at (2,170) width 145: "lots and lots of data. "
                text run at (147,170) width 210: "Lots and lots and lots of data. "
                text run at (357,170) width 210: "Lots and lots and lots of data. "
                text run at (567,170) width 90: "Lots and lots"
                text run at (2,191) width 116: "and lots of data. "
                text run at (118,191) width 210: "Lots and lots and lots of data. "
                text run at (328,191) width 210: "Lots and lots and lots of data. "
                text run at (538,191) width 121: "Lots and lots and"
                text run at (2,212) width 85: "lots of data. "
                text run at (87,212) width 210: "Lots and lots and lots of data. "
                text run at (297,212) width 210: "Lots and lots and lots of data. "
                text run at (507,212) width 167: "Lots and lots and lots of"
                text run at (2,233) width 39: "data. "
                text run at (41,233) width 210: "Lots and lots and lots of data. "
                text run at (251,233) width 210: "Lots and lots and lots of data. "
                text run at (461,233) width 206: "Lots and lots and lots of data."
                text run at (2,254) width 210: "Lots and lots and lots of data. "
                text run at (212,254) width 210: "Lots and lots and lots of data. "
                text run at (422,254) width 210: "Lots and lots and lots of data. "
                text run at (632,254) width 30: "Lots"
                text run at (2,275) width 176: "and lots and lots of data. "
                text run at (178,275) width 210: "Lots and lots and lots of data. "
                text run at (388,275) width 210: "Lots and lots and lots of data. "
                text run at (598,275) width 61: "Lots and"
                text run at (2,296) width 145: "lots and lots of data. "
                text run at (147,296) width 210: "Lots and lots and lots of data. "
                text run at (357,296) width 210: "Lots and lots and lots of data. "
                text run at (567,296) width 90: "Lots and lots"
                text run at (2,317) width 116: "and lots of data. "
                text run at (118,317) width 210: "Lots and lots and lots of data. "
                text run at (328,317) width 210: "Lots and lots and lots of data. "
                text run at (538,317) width 121: "Lots and lots and"
                text run at (2,338) width 85: "lots of data. "
                text run at (87,338) width 210: "Lots and lots and lots of data. "
                text run at (297,338) width 210: "Lots and lots and lots of data. "
                text run at (507,338) width 167: "Lots and lots and lots of"
                text run at (2,359) width 39: "data. "
                text run at (41,359) width 210: "Lots and lots and lots of data. "
                text run at (251,359) width 210: "Lots and lots and lots of data. "
                text run at (461,359) width 206: "Lots and lots and lots of data."
                text run at (2,380) width 210: "Lots and lots and lots of data. "
                text run at (212,380) width 210: "Lots and lots and lots of data. "
                text run at (422,380) width 206: "Lots and lots and lots of data."
      RenderTable {TABLE} at (0,590) size 768x434
        RenderTableSection {TBODY} at (0,0) size 768x434
          RenderTableRow {TR} at (0,2) size 768x403
            RenderTableCell {TD} at (2,191) size 38x25 [border: (1px solid #000000)] [r=0 c=0 rs=1 cs=1]
              RenderText {#text} at (2,2) size 34x21
                text run at (2,2) width 34: "Data"
            RenderTableCell {TD} at (42,191) size 38x25 [border: (1px solid #000000)] [r=0 c=1 rs=1 cs=1]
              RenderText {#text} at (2,2) size 34x21
                text run at (2,2) width 34: "Data"
            RenderTableCell {TD} at (82,2) size 684x403 [border: (1px solid #000000)] [r=0 c=2 rs=1 cs=1]
              RenderText {#text} at (2,2) size 672x399
                text run at (2,2) width 210: "Lots and lots and lots of data. "
                text run at (212,2) width 210: "Lots and lots and lots of data. "
                text run at (422,2) width 210: "Lots and lots and lots of data. "
                text run at (632,2) width 30: "Lots"
                text run at (2,23) width 176: "and lots and lots of data. "
                text run at (178,23) width 210: "Lots and lots and lots of data. "
                text run at (388,23) width 210: "Lots and lots and lots of data. "
                text run at (598,23) width 61: "Lots and"
                text run at (2,44) width 145: "lots and lots of data. "
                text run at (147,44) width 210: "Lots and lots and lots of data. "
                text run at (357,44) width 210: "Lots and lots and lots of data. "
                text run at (567,44) width 90: "Lots and lots"
                text run at (2,65) width 116: "and lots of data. "
                text run at (118,65) width 210: "Lots and lots and lots of data. "
                text run at (328,65) width 210: "Lots and lots and lots of data. "
                text run at (538,65) width 121: "Lots and lots and"
                text run at (2,86) width 85: "lots of data. "
                text run at (87,86) width 210: "Lots and lots and lots of data. "
                text run at (297,86) width 210: "Lots and lots and lots of data. "
                text run at (507,86) width 167: "Lots and lots and lots of"
                text run at (2,107) width 39: "data. "
                text run at (41,107) width 210: "Lots and lots and lots of data. "
                text run at (251,107) width 210: "Lots and lots and lots of data. "
                text run at (461,107) width 206: "Lots and lots and lots of data."
                text run at (2,128) width 210: "Lots and lots and lots of data. "
                text run at (212,128) width 210: "Lots and lots and lots of data. "
                text run at (422,128) width 210: "Lots and lots and lots of data. "
                text run at (632,128) width 30: "Lots"
                text run at (2,149) width 176: "and lots and lots of data. "
                text run at (178,149) width 210: "Lots and lots and lots of data. "
                text run at (388,149) width 210: "Lots and lots and lots of data. "
                text run at (598,149) width 61: "Lots and"
                text run at (2,170) width 145: "lots and lots of data. "
                text run at (147,170) width 210: "Lots and lots and lots of data. "
                text run at (357,170) width 210: "Lots and lots and lots of data. "
                text run at (567,170) width 90: "Lots and lots"
                text run at (2,191) width 116: "and lots of data. "
                text run at (118,191) width 210: "Lots and lots and lots of data. "
                text run at (328,191) width 210: "Lots and lots and lots of data. "
                text run at (538,191) width 121: "Lots and lots and"
                text run at (2,212) width 85: "lots of data. "
                text run at (87,212) width 210: "Lots and lots and lots of data. "
                text run at (297,212) width 210: "Lots and lots and lots of data. "
                text run at (507,212) width 167: "Lots and lots and lots of"
                text run at (2,233) width 39: "data. "
                text run at (41,233) width 210: "Lots and lots and lots of data. "
                text run at (251,233) width 210: "Lots and lots and lots of data. "
                text run at (461,233) width 206: "Lots and lots and lots of data."
                text run at (2,254) width 210: "Lots and lots and lots of data. "
                text run at (212,254) width 210: "Lots and lots and lots of data. "
                text run at (422,254) width 210: "Lots and lots and lots of data. "
                text run at (632,254) width 30: "Lots"
                text run at (2,275) width 176: "and lots and lots of data. "
                text run at (178,275) width 210: "Lots and lots and lots of data. "
                text run at (388,275) width 210: "Lots and lots and lots of data. "
                text run at (598,275) width 61: "Lots and"
                text run at (2,296) width 145: "lots and lots of data. "
                text run at (147,296) width 210: "Lots and lots and lots of data. "
                text run at (357,296) width 210: "Lots and lots and lots of data. "
                text run at (567,296) width 90: "Lots and lots"
                text run at (2,317) width 116: "and lots of data. "
                text run at (118,317) width 210: "Lots and lots and lots of data. "
                text run at (328,317) width 210: "Lots and lots and lots of data. "
                text run at (538,317) width 121: "Lots and lots and"
                text run at (2,338) width 85: "lots of data. "
                text run at (87,338) width 210: "Lots and lots and lots of data. "
                text run at (297,338) width 210: "Lots and lots and lots of data. "
                text run at (507,338) width 167: "Lots and lots and lots of"
                text run at (2,359) width 39: "data. "
                text run at (41,359) width 210: "Lots and lots and lots of data. "
                text run at (251,359) width 210: "Lots and lots and lots of data. "
                text run at (461,359) width 206: "Lots and lots and lots of data."
                text run at (2,380) width 210: "Lots and lots and lots of data. "
                text run at (212,380) width 210: "Lots and lots and lots of data. "
                text run at (422,380) width 206: "Lots and lots and lots of data."
          RenderTableRow {TR} at (0,407) size 768x25
            RenderTableCell {TD} at (2,407) size 38x25 [border: (1px solid #000000)] [r=1 c=0 rs=1 cs=1]
              RenderText {#text} at (2,2) size 34x21
                text run at (2,2) width 34: "Data"
            RenderTableCell {TD} at (42,407) size 38x25 [border: (1px solid #000000)] [r=1 c=1 rs=1 cs=1]
              RenderText {#text} at (2,2) size 34x21
                text run at (2,2) width 34: "Data"
            RenderTableCell {TD} at (82,407) size 684x25 [border: (1px solid #000000)] [r=1 c=2 rs=1 cs=1]
              RenderText {#text} at (2,2) size 34x21
                text run at (2,2) width 34: "Data"
      RenderBlock {P} at (0,1040) size 768x42
        RenderText {#text} at (0,0) size 756x42
          text run at (0,0) width 756: "All the columns in the following three tables should divide equally the available space (100% of the width of"
          text run at (0,21) width 71: "the page):"
      RenderTable {TABLE} at (0,1098) size 768x56
        RenderTableSection {TBODY} at (0,0) size 768x56
          RenderTableRow {TR} at (0,2) size 768x25
            RenderTableCell {TD} at (2,2) size 253x25 [border: (1px solid #000000)] [r=0 c=0 rs=1 cs=1]
              RenderText {#text} at (2,2) size 34x21
                text run at (2,2) width 34: "Data"
            RenderTableCell {TD} at (257,2) size 253x25 [border: (1px solid #000000)] [r=0 c=1 rs=1 cs=1]
              RenderText {#text} at (2,2) size 34x21
                text run at (2,2) width 34: "Data"
            RenderTableCell {TD} at (512,2) size 254x25 [border: (1px solid #000000)] [r=0 c=2 rs=1 cs=1]
              RenderText {#text} at (2,2) size 34x21
                text run at (2,2) width 34: "Data"
          RenderTableRow {TR} at (0,29) size 768x25
            RenderTableCell {TD} at (2,29) size 253x25 [border: (1px solid #000000)] [r=1 c=0 rs=1 cs=1]
              RenderText {#text} at (2,2) size 34x21
                text run at (2,2) width 34: "Data"
            RenderTableCell {TD} at (257,29) size 253x25 [border: (1px solid #000000)] [r=1 c=1 rs=1 cs=1]
              RenderText {#text} at (2,2) size 34x21
                text run at (2,2) width 34: "Data"
            RenderTableCell {TD} at (512,29) size 254x25 [border: (1px solid #000000)] [r=1 c=2 rs=1 cs=1]
              RenderText {#text} at (2,2) size 34x21
                text run at (2,2) width 34: "Data"
      RenderTable {TABLE} at (0,1154) size 768x1148
        RenderTableSection {TBODY} at (0,0) size 768x1148
          RenderTableRow {TR} at (0,2) size 768x25
            RenderTableCell {TD} at (2,2) size 253x25 [border: (1px solid #000000)] [r=0 c=0 rs=1 cs=1]
              RenderText {#text} at (2,2) size 34x21
                text run at (2,2) width 34: "Data"
            RenderTableCell {TD} at (257,2) size 253x25 [border: (1px solid #000000)] [r=0 c=1 rs=1 cs=1]
              RenderText {#text} at (2,2) size 34x21
                text run at (2,2) width 34: "Data"
            RenderTableCell {TD} at (512,2) size 254x25 [border: (1px solid #000000)] [r=0 c=2 rs=1 cs=1]
              RenderText {#text} at (2,2) size 34x21
                text run at (2,2) width 34: "Data"
          RenderTableRow {TR} at (0,29) size 768x1117
            RenderTableCell {TD} at (2,575) size 253x25 [border: (1px solid #000000)] [r=1 c=0 rs=1 cs=1]
              RenderText {#text} at (2,2) size 34x21
                text run at (2,2) width 34: "Data"
            RenderTableCell {TD} at (257,575) size 253x25 [border: (1px solid #000000)] [r=1 c=1 rs=1 cs=1]
              RenderText {#text} at (2,2) size 34x21
                text run at (2,2) width 34: "Data"
            RenderTableCell {TD} at (512,29) size 254x1117 [border: (1px solid #000000)] [r=1 c=2 rs=1 cs=1]
              RenderText {#text} at (2,2) size 245x1113
                text run at (2,2) width 210: "Lots and lots and lots of data. "
                text run at (212,2) width 30: "Lots"
                text run at (2,23) width 176: "and lots and lots of data. "
                text run at (178,23) width 61: "Lots and"
                text run at (2,44) width 145: "lots and lots of data. "
                text run at (147,44) width 90: "Lots and lots"
                text run at (2,65) width 116: "and lots of data. "
                text run at (118,65) width 121: "Lots and lots and"
                text run at (2,86) width 85: "lots of data. "
                text run at (87,86) width 150: "Lots and lots and lots"
                text run at (2,107) width 56: "of data. "
                text run at (58,107) width 167: "Lots and lots and lots of"
                text run at (2,128) width 39: "data. "
                text run at (41,128) width 206: "Lots and lots and lots of data."
                text run at (2,149) width 210: "Lots and lots and lots of data. "
                text run at (212,149) width 30: "Lots"
                text run at (2,170) width 176: "and lots and lots of data. "
                text run at (178,170) width 61: "Lots and"
                text run at (2,191) width 145: "lots and lots of data. "
                text run at (147,191) width 90: "Lots and lots"
                text run at (2,212) width 116: "and lots of data. "
                text run at (118,212) width 121: "Lots and lots and"
                text run at (2,233) width 85: "lots of data. "
                text run at (87,233) width 150: "Lots and lots and lots"
                text run at (2,254) width 56: "of data. "
                text run at (58,254) width 167: "Lots and lots and lots of"
                text run at (2,275) width 39: "data. "
                text run at (41,275) width 206: "Lots and lots and lots of data."
                text run at (2,296) width 210: "Lots and lots and lots of data. "
                text run at (212,296) width 30: "Lots"
                text run at (2,317) width 176: "and lots and lots of data. "
                text run at (178,317) width 61: "Lots and"
                text run at (2,338) width 145: "lots and lots of data. "
                text run at (147,338) width 90: "Lots and lots"
                text run at (2,359) width 116: "and lots of data. "
                text run at (118,359) width 121: "Lots and lots and"
                text run at (2,380) width 85: "lots of data. "
                text run at (87,380) width 150: "Lots and lots and lots"
                text run at (2,401) width 56: "of data. "
                text run at (58,401) width 167: "Lots and lots and lots of"
                text run at (2,422) width 39: "data. "
                text run at (41,422) width 206: "Lots and lots and lots of data."
                text run at (2,443) width 210: "Lots and lots and lots of data. "
                text run at (212,443) width 30: "Lots"
                text run at (2,464) width 176: "and lots and lots of data. "
                text run at (178,464) width 61: "Lots and"
                text run at (2,485) width 145: "lots and lots of data. "
                text run at (147,485) width 90: "Lots and lots"
                text run at (2,506) width 116: "and lots of data. "
                text run at (118,506) width 121: "Lots and lots and"
                text run at (2,527) width 85: "lots of data. "
                text run at (87,527) width 150: "Lots and lots and lots"
                text run at (2,548) width 56: "of data. "
                text run at (58,548) width 167: "Lots and lots and lots of"
                text run at (2,569) width 39: "data. "
                text run at (41,569) width 206: "Lots and lots and lots of data."
                text run at (2,590) width 210: "Lots and lots and lots of data. "
                text run at (212,590) width 30: "Lots"
                text run at (2,611) width 176: "and lots and lots of data. "
                text run at (178,611) width 61: "Lots and"
                text run at (2,632) width 145: "lots and lots of data. "
                text run at (147,632) width 90: "Lots and lots"
                text run at (2,653) width 116: "and lots of data. "
                text run at (118,653) width 121: "Lots and lots and"
                text run at (2,674) width 85: "lots of data. "
                text run at (87,674) width 150: "Lots and lots and lots"
                text run at (2,695) width 56: "of data. "
                text run at (58,695) width 167: "Lots and lots and lots of"
                text run at (2,716) width 39: "data. "
                text run at (41,716) width 206: "Lots and lots and lots of data."
                text run at (2,737) width 210: "Lots and lots and lots of data. "
                text run at (212,737) width 30: "Lots"
                text run at (2,758) width 176: "and lots and lots of data. "
                text run at (178,758) width 61: "Lots and"
                text run at (2,779) width 145: "lots and lots of data. "
                text run at (147,779) width 90: "Lots and lots"
                text run at (2,800) width 116: "and lots of data. "
                text run at (118,800) width 121: "Lots and lots and"
                text run at (2,821) width 85: "lots of data. "
                text run at (87,821) width 150: "Lots and lots and lots"
                text run at (2,842) width 56: "of data. "
                text run at (58,842) width 167: "Lots and lots and lots of"
                text run at (2,863) width 39: "data. "
                text run at (41,863) width 206: "Lots and lots and lots of data."
                text run at (2,884) width 210: "Lots and lots and lots of data. "
                text run at (212,884) width 30: "Lots"
                text run at (2,905) width 176: "and lots and lots of data. "
                text run at (178,905) width 61: "Lots and"
                text run at (2,926) width 145: "lots and lots of data. "
                text run at (147,926) width 90: "Lots and lots"
                text run at (2,947) width 116: "and lots of data. "
                text run at (118,947) width 121: "Lots and lots and"
                text run at (2,968) width 85: "lots of data. "
                text run at (87,968) width 150: "Lots and lots and lots"
                text run at (2,989) width 56: "of data. "
                text run at (58,989) width 167: "Lots and lots and lots of"
                text run at (2,1010) width 39: "data. "
                text run at (41,1010) width 206: "Lots and lots and lots of data."
                text run at (2,1031) width 210: "Lots and lots and lots of data. "
                text run at (212,1031) width 30: "Lots"
                text run at (2,1052) width 176: "and lots and lots of data. "
                text run at (178,1052) width 61: "Lots and"
                text run at (2,1073) width 145: "lots and lots of data. "
                text run at (147,1073) width 90: "Lots and lots"
                text run at (2,1094) width 112: "and lots of data."
      RenderTable {TABLE} at (0,2302) size 768x1148
        RenderTableSection {TBODY} at (0,0) size 768x1148
          RenderTableRow {TR} at (0,2) size 768x1117
            RenderTableCell {TD} at (2,548) size 253x25 [border: (1px solid #000000)] [r=0 c=0 rs=1 cs=1]
              RenderText {#text} at (2,2) size 34x21
                text run at (2,2) width 34: "Data"
            RenderTableCell {TD} at (257,548) size 253x25 [border: (1px solid #000000)] [r=0 c=1 rs=1 cs=1]
              RenderText {#text} at (2,2) size 34x21
                text run at (2,2) width 34: "Data"
            RenderTableCell {TD} at (512,2) size 254x1117 [border: (1px solid #000000)] [r=0 c=2 rs=1 cs=1]
              RenderText {#text} at (2,2) size 245x1113
                text run at (2,2) width 210: "Lots and lots and lots of data. "
                text run at (212,2) width 30: "Lots"
                text run at (2,23) width 176: "and lots and lots of data. "
                text run at (178,23) width 61: "Lots and"
                text run at (2,44) width 145: "lots and lots of data. "
                text run at (147,44) width 90: "Lots and lots"
                text run at (2,65) width 116: "and lots of data. "
                text run at (118,65) width 121: "Lots and lots and"
                text run at (2,86) width 85: "lots of data. "
                text run at (87,86) width 150: "Lots and lots and lots"
                text run at (2,107) width 56: "of data. "
                text run at (58,107) width 167: "Lots and lots and lots of"
                text run at (2,128) width 39: "data. "
                text run at (41,128) width 206: "Lots and lots and lots of data."
                text run at (2,149) width 210: "Lots and lots and lots of data. "
                text run at (212,149) width 30: "Lots"
                text run at (2,170) width 176: "and lots and lots of data. "
                text run at (178,170) width 61: "Lots and"
                text run at (2,191) width 145: "lots and lots of data. "
                text run at (147,191) width 90: "Lots and lots"
                text run at (2,212) width 116: "and lots of data. "
                text run at (118,212) width 121: "Lots and lots and"
                text run at (2,233) width 85: "lots of data. "
                text run at (87,233) width 150: "Lots and lots and lots"
                text run at (2,254) width 56: "of data. "
                text run at (58,254) width 167: "Lots and lots and lots of"
                text run at (2,275) width 39: "data. "
                text run at (41,275) width 206: "Lots and lots and lots of data."
                text run at (2,296) width 210: "Lots and lots and lots of data. "
                text run at (212,296) width 30: "Lots"
                text run at (2,317) width 176: "and lots and lots of data. "
                text run at (178,317) width 61: "Lots and"
                text run at (2,338) width 145: "lots and lots of data. "
                text run at (147,338) width 90: "Lots and lots"
                text run at (2,359) width 116: "and lots of data. "
                text run at (118,359) width 121: "Lots and lots and"
                text run at (2,380) width 85: "lots of data. "
                text run at (87,380) width 150: "Lots and lots and lots"
                text run at (2,401) width 56: "of data. "
                text run at (58,401) width 167: "Lots and lots and lots of"
                text run at (2,422) width 39: "data. "
                text run at (41,422) width 206: "Lots and lots and lots of data."
                text run at (2,443) width 210: "Lots and lots and lots of data. "
                text run at (212,443) width 30: "Lots"
                text run at (2,464) width 176: "and lots and lots of data. "
                text run at (178,464) width 61: "Lots and"
                text run at (2,485) width 145: "lots and lots of data. "
                text run at (147,485) width 90: "Lots and lots"
                text run at (2,506) width 116: "and lots of data. "
                text run at (118,506) width 121: "Lots and lots and"
                text run at (2,527) width 85: "lots of data. "
                text run at (87,527) width 150: "Lots and lots and lots"
                text run at (2,548) width 56: "of data. "
                text run at (58,548) width 167: "Lots and lots and lots of"
                text run at (2,569) width 39: "data. "
                text run at (41,569) width 206: "Lots and lots and lots of data."
                text run at (2,590) width 210: "Lots and lots and lots of data. "
                text run at (212,590) width 30: "Lots"
                text run at (2,611) width 176: "and lots and lots of data. "
                text run at (178,611) width 61: "Lots and"
                text run at (2,632) width 145: "lots and lots of data. "
                text run at (147,632) width 90: "Lots and lots"
                text run at (2,653) width 116: "and lots of data. "
                text run at (118,653) width 121: "Lots and lots and"
                text run at (2,674) width 85: "lots of data. "
                text run at (87,674) width 150: "Lots and lots and lots"
                text run at (2,695) width 56: "of data. "
                text run at (58,695) width 167: "Lots and lots and lots of"
                text run at (2,716) width 39: "data. "
                text run at (41,716) width 206: "Lots and lots and lots of data."
                text run at (2,737) width 210: "Lots and lots and lots of data. "
                text run at (212,737) width 30: "Lots"
                text run at (2,758) width 176: "and lots and lots of data. "
                text run at (178,758) width 61: "Lots and"
                text run at (2,779) width 145: "lots and lots of data. "
                text run at (147,779) width 90: "Lots and lots"
                text run at (2,800) width 116: "and lots of data. "
                text run at (118,800) width 121: "Lots and lots and"
                text run at (2,821) width 85: "lots of data. "
                text run at (87,821) width 150: "Lots and lots and lots"
                text run at (2,842) width 56: "of data. "
                text run at (58,842) width 167: "Lots and lots and lots of"
                text run at (2,863) width 39: "data. "
                text run at (41,863) width 206: "Lots and lots and lots of data."
                text run at (2,884) width 210: "Lots and lots and lots of data. "
                text run at (212,884) width 30: "Lots"
                text run at (2,905) width 176: "and lots and lots of data. "
                text run at (178,905) width 61: "Lots and"
                text run at (2,926) width 145: "lots and lots of data. "
                text run at (147,926) width 90: "Lots and lots"
                text run at (2,947) width 116: "and lots of data. "
                text run at (118,947) width 121: "Lots and lots and"
                text run at (2,968) width 85: "lots of data. "
                text run at (87,968) width 150: "Lots and lots and lots"
                text run at (2,989) width 56: "of data. "
                text run at (58,989) width 167: "Lots and lots and lots of"
                text run at (2,1010) width 39: "data. "
                text run at (41,1010) width 206: "Lots and lots and lots of data."
                text run at (2,1031) width 210: "Lots and lots and lots of data. "
                text run at (212,1031) width 30: "Lots"
                text run at (2,1052) width 176: "and lots and lots of data. "
                text run at (178,1052) width 61: "Lots and"
                text run at (2,1073) width 145: "lots and lots of data. "
                text run at (147,1073) width 90: "Lots and lots"
                text run at (2,1094) width 112: "and lots of data."
          RenderTableRow {TR} at (0,1121) size 768x25
            RenderTableCell {TD} at (2,1121) size 253x25 [border: (1px solid #000000)] [r=1 c=0 rs=1 cs=1]
              RenderText {#text} at (2,2) size 34x21
                text run at (2,2) width 34: "Data"
            RenderTableCell {TD} at (257,1121) size 253x25 [border: (1px solid #000000)] [r=1 c=1 rs=1 cs=1]
              RenderText {#text} at (2,2) size 34x21
                text run at (2,2) width 34: "Data"
            RenderTableCell {TD} at (512,1121) size 254x25 [border: (1px solid #000000)] [r=1 c=2 rs=1 cs=1]
              RenderText {#text} at (2,2) size 34x21
                text run at (2,2) width 34: "Data"
      RenderBlock {P} at (0,3466) size 768x42
        RenderText {#text} at (0,0) size 747x42
          text run at (0,0) width 747: "All the columns in the following three tables should divide equally the available space (50% of the width of"
          text run at (0,21) width 71: "the page):"
      RenderTable {TABLE} at (0,3524) size 384x56
        RenderTableSection {TBODY} at (0,0) size 384x56
          RenderTableRow {TR} at (0,2) size 384x25
            RenderTableCell {TD} at (2,2) size 125x25 [border: (1px solid #000000)] [r=0 c=0 rs=1 cs=1]
              RenderText {#text} at (2,2) size 34x21
                text run at (2,2) width 34: "Data"
            RenderTableCell {TD} at (129,2) size 125x25 [border: (1px solid #000000)] [r=0 c=1 rs=1 cs=1]
              RenderText {#text} at (2,2) size 34x21
                text run at (2,2) width 34: "Data"
            RenderTableCell {TD} at (256,2) size 126x25 [border: (1px solid #000000)] [r=0 c=2 rs=1 cs=1]
              RenderText {#text} at (2,2) size 34x21
                text run at (2,2) width 34: "Data"
          RenderTableRow {TR} at (0,29) size 384x25
            RenderTableCell {TD} at (2,29) size 125x25 [border: (1px solid #000000)] [r=1 c=0 rs=1 cs=1]
              RenderText {#text} at (2,2) size 34x21
                text run at (2,2) width 34: "Data"
            RenderTableCell {TD} at (129,29) size 125x25 [border: (1px solid #000000)] [r=1 c=1 rs=1 cs=1]
              RenderText {#text} at (2,2) size 34x21
                text run at (2,2) width 34: "Data"
            RenderTableCell {TD} at (256,29) size 126x25 [border: (1px solid #000000)] [r=1 c=2 rs=1 cs=1]
              RenderText {#text} at (2,2) size 34x21
                text run at (2,2) width 34: "Data"
      RenderTable {TABLE} at (0,3580) size 384x2555
        RenderTableSection {TBODY} at (0,0) size 384x2555
          RenderTableRow {TR} at (0,2) size 384x25
            RenderTableCell {TD} at (2,2) size 125x25 [border: (1px solid #000000)] [r=0 c=0 rs=1 cs=1]
              RenderText {#text} at (2,2) size 34x21
                text run at (2,2) width 34: "Data"
            RenderTableCell {TD} at (129,2) size 125x25 [border: (1px solid #000000)] [r=0 c=1 rs=1 cs=1]
              RenderText {#text} at (2,2) size 34x21
                text run at (2,2) width 34: "Data"
            RenderTableCell {TD} at (256,2) size 126x25 [border: (1px solid #000000)] [r=0 c=2 rs=1 cs=1]
              RenderText {#text} at (2,2) size 34x21
                text run at (2,2) width 34: "Data"
          RenderTableRow {TR} at (0,29) size 384x2524
            RenderTableCell {TD} at (2,1278) size 125x25 [border: (1px solid #000000)] [r=1 c=0 rs=1 cs=1]
              RenderText {#text} at (2,2) size 34x21
                text run at (2,2) width 34: "Data"
            RenderTableCell {TD} at (129,1278) size 125x25 [border: (1px solid #000000)] [r=1 c=1 rs=1 cs=1]
              RenderText {#text} at (2,2) size 34x21
                text run at (2,2) width 34: "Data"
            RenderTableCell {TD} at (256,29) size 126x2524 [border: (1px solid #000000)] [r=1 c=2 rs=1 cs=1]
              RenderText {#text} at (2,2) size 121x2520
                text run at (2,2) width 121: "Lots and lots and"
                text run at (2,23) width 85: "lots of data. "
                text run at (87,23) width 30: "Lots"
                text run at (2,44) width 116: "and lots and lots"
                text run at (2,65) width 56: "of data. "
                text run at (58,65) width 61: "Lots and"
                text run at (2,86) width 102: "lots and lots of"
                text run at (2,107) width 39: "data. "
                text run at (41,107) width 61: "Lots and"
                text run at (2,128) width 102: "lots and lots of"
                text run at (2,149) width 39: "data. "
                text run at (41,149) width 61: "Lots and"
                text run at (2,170) width 102: "lots and lots of"
                text run at (2,191) width 39: "data. "
                text run at (41,191) width 61: "Lots and"
                text run at (2,212) width 102: "lots and lots of"
                text run at (2,233) width 39: "data. "
                text run at (41,233) width 61: "Lots and"
                text run at (2,254) width 102: "lots and lots of"
                text run at (2,275) width 39: "data. "
                text run at (41,275) width 61: "Lots and"
                text run at (2,296) width 102: "lots and lots of"
                text run at (2,317) width 39: "data. "
                text run at (41,317) width 61: "Lots and"
                text run at (2,338) width 102: "lots and lots of"
                text run at (2,359) width 39: "data. "
                text run at (41,359) width 61: "Lots and"
                text run at (2,380) width 102: "lots and lots of"
                text run at (2,401) width 39: "data. "
                text run at (41,401) width 61: "Lots and"
                text run at (2,422) width 102: "lots and lots of"
                text run at (2,443) width 39: "data. "
                text run at (41,443) width 61: "Lots and"
                text run at (2,464) width 102: "lots and lots of"
                text run at (2,485) width 39: "data. "
                text run at (41,485) width 61: "Lots and"
                text run at (2,506) width 102: "lots and lots of"
                text run at (2,527) width 39: "data. "
                text run at (41,527) width 61: "Lots and"
                text run at (2,548) width 102: "lots and lots of"
                text run at (2,569) width 39: "data. "
                text run at (41,569) width 61: "Lots and"
                text run at (2,590) width 102: "lots and lots of"
                text run at (2,611) width 39: "data. "
                text run at (41,611) width 61: "Lots and"
                text run at (2,632) width 102: "lots and lots of"
                text run at (2,653) width 39: "data. "
                text run at (41,653) width 61: "Lots and"
                text run at (2,674) width 102: "lots and lots of"
                text run at (2,695) width 39: "data. "
                text run at (41,695) width 61: "Lots and"
                text run at (2,716) width 102: "lots and lots of"
                text run at (2,737) width 39: "data. "
                text run at (41,737) width 61: "Lots and"
                text run at (2,758) width 102: "lots and lots of"
                text run at (2,779) width 39: "data. "
                text run at (41,779) width 61: "Lots and"
                text run at (2,800) width 102: "lots and lots of"
                text run at (2,821) width 39: "data. "
                text run at (41,821) width 61: "Lots and"
                text run at (2,842) width 102: "lots and lots of"
                text run at (2,863) width 39: "data. "
                text run at (41,863) width 61: "Lots and"
                text run at (2,884) width 102: "lots and lots of"
                text run at (2,905) width 39: "data. "
                text run at (41,905) width 61: "Lots and"
                text run at (2,926) width 102: "lots and lots of"
                text run at (2,947) width 39: "data. "
                text run at (41,947) width 61: "Lots and"
                text run at (2,968) width 102: "lots and lots of"
                text run at (2,989) width 39: "data. "
                text run at (41,989) width 61: "Lots and"
                text run at (2,1010) width 102: "lots and lots of"
                text run at (2,1031) width 39: "data. "
                text run at (41,1031) width 61: "Lots and"
                text run at (2,1052) width 102: "lots and lots of"
                text run at (2,1073) width 39: "data. "
                text run at (41,1073) width 61: "Lots and"
                text run at (2,1094) width 102: "lots and lots of"
                text run at (2,1115) width 39: "data. "
                text run at (41,1115) width 61: "Lots and"
                text run at (2,1136) width 102: "lots and lots of"
                text run at (2,1157) width 39: "data. "
                text run at (41,1157) width 61: "Lots and"
                text run at (2,1178) width 102: "lots and lots of"
                text run at (2,1199) width 39: "data. "
                text run at (41,1199) width 61: "Lots and"
                text run at (2,1220) width 102: "lots and lots of"
                text run at (2,1241) width 39: "data. "
                text run at (41,1241) width 61: "Lots and"
                text run at (2,1262) width 102: "lots and lots of"
                text run at (2,1283) width 39: "data. "
                text run at (41,1283) width 61: "Lots and"
                text run at (2,1304) width 102: "lots and lots of"
                text run at (2,1325) width 39: "data. "
                text run at (41,1325) width 61: "Lots and"
                text run at (2,1346) width 102: "lots and lots of"
                text run at (2,1367) width 39: "data. "
                text run at (41,1367) width 61: "Lots and"
                text run at (2,1388) width 102: "lots and lots of"
                text run at (2,1409) width 39: "data. "
                text run at (41,1409) width 61: "Lots and"
                text run at (2,1430) width 102: "lots and lots of"
                text run at (2,1451) width 39: "data. "
                text run at (41,1451) width 61: "Lots and"
                text run at (2,1472) width 102: "lots and lots of"
                text run at (2,1493) width 39: "data. "
                text run at (41,1493) width 61: "Lots and"
                text run at (2,1514) width 102: "lots and lots of"
                text run at (2,1535) width 39: "data. "
                text run at (41,1535) width 61: "Lots and"
                text run at (2,1556) width 102: "lots and lots of"
                text run at (2,1577) width 39: "data. "
                text run at (41,1577) width 61: "Lots and"
                text run at (2,1598) width 102: "lots and lots of"
                text run at (2,1619) width 39: "data. "
                text run at (41,1619) width 61: "Lots and"
                text run at (2,1640) width 102: "lots and lots of"
                text run at (2,1661) width 39: "data. "
                text run at (41,1661) width 61: "Lots and"
                text run at (2,1682) width 102: "lots and lots of"
                text run at (2,1703) width 39: "data. "
                text run at (41,1703) width 61: "Lots and"
                text run at (2,1724) width 102: "lots and lots of"
                text run at (2,1745) width 39: "data. "
                text run at (41,1745) width 61: "Lots and"
                text run at (2,1766) width 102: "lots and lots of"
                text run at (2,1787) width 39: "data. "
                text run at (41,1787) width 61: "Lots and"
                text run at (2,1808) width 102: "lots and lots of"
                text run at (2,1829) width 39: "data. "
                text run at (41,1829) width 61: "Lots and"
                text run at (2,1850) width 102: "lots and lots of"
                text run at (2,1871) width 39: "data. "
                text run at (41,1871) width 61: "Lots and"
                text run at (2,1892) width 102: "lots and lots of"
                text run at (2,1913) width 39: "data. "
                text run at (41,1913) width 61: "Lots and"
                text run at (2,1934) width 102: "lots and lots of"
                text run at (2,1955) width 39: "data. "
                text run at (41,1955) width 61: "Lots and"
                text run at (2,1976) width 102: "lots and lots of"
                text run at (2,1997) width 39: "data. "
                text run at (41,1997) width 61: "Lots and"
                text run at (2,2018) width 102: "lots and lots of"
                text run at (2,2039) width 39: "data. "
                text run at (41,2039) width 61: "Lots and"
                text run at (2,2060) width 102: "lots and lots of"
                text run at (2,2081) width 39: "data. "
                text run at (41,2081) width 61: "Lots and"
                text run at (2,2102) width 102: "lots and lots of"
                text run at (2,2123) width 39: "data. "
                text run at (41,2123) width 61: "Lots and"
                text run at (2,2144) width 102: "lots and lots of"
                text run at (2,2165) width 39: "data. "
                text run at (41,2165) width 61: "Lots and"
                text run at (2,2186) width 102: "lots and lots of"
                text run at (2,2207) width 39: "data. "
                text run at (41,2207) width 61: "Lots and"
                text run at (2,2228) width 102: "lots and lots of"
                text run at (2,2249) width 39: "data. "
                text run at (41,2249) width 61: "Lots and"
                text run at (2,2270) width 102: "lots and lots of"
                text run at (2,2291) width 39: "data. "
                text run at (41,2291) width 61: "Lots and"
                text run at (2,2312) width 102: "lots and lots of"
                text run at (2,2333) width 39: "data. "
                text run at (41,2333) width 61: "Lots and"
                text run at (2,2354) width 102: "lots and lots of"
                text run at (2,2375) width 39: "data. "
                text run at (41,2375) width 61: "Lots and"
                text run at (2,2396) width 102: "lots and lots of"
                text run at (2,2417) width 39: "data. "
                text run at (41,2417) width 61: "Lots and"
                text run at (2,2438) width 102: "lots and lots of"
                text run at (2,2459) width 39: "data. "
                text run at (41,2459) width 61: "Lots and"
                text run at (2,2480) width 102: "lots and lots of"
                text run at (2,2501) width 35: "data."
      RenderTable {TABLE} at (0,6135) size 384x2555
        RenderTableSection {TBODY} at (0,0) size 384x2555
          RenderTableRow {TR} at (0,2) size 384x2524
            RenderTableCell {TD} at (2,1251) size 125x25 [border: (1px solid #000000)] [r=0 c=0 rs=1 cs=1]
              RenderText {#text} at (2,2) size 34x21
                text run at (2,2) width 34: "Data"
            RenderTableCell {TD} at (129,1251) size 125x25 [border: (1px solid #000000)] [r=0 c=1 rs=1 cs=1]
              RenderText {#text} at (2,2) size 34x21
                text run at (2,2) width 34: "Data"
            RenderTableCell {TD} at (256,2) size 126x2524 [border: (1px solid #000000)] [r=0 c=2 rs=1 cs=1]
              RenderText {#text} at (2,2) size 121x2520
                text run at (2,2) width 121: "Lots and lots and"
                text run at (2,23) width 85: "lots of data. "
                text run at (87,23) width 30: "Lots"
                text run at (2,44) width 116: "and lots and lots"
                text run at (2,65) width 56: "of data. "
                text run at (58,65) width 61: "Lots and"
                text run at (2,86) width 102: "lots and lots of"
                text run at (2,107) width 39: "data. "
                text run at (41,107) width 61: "Lots and"
                text run at (2,128) width 102: "lots and lots of"
                text run at (2,149) width 39: "data. "
                text run at (41,149) width 61: "Lots and"
                text run at (2,170) width 102: "lots and lots of"
                text run at (2,191) width 39: "data. "
                text run at (41,191) width 61: "Lots and"
                text run at (2,212) width 102: "lots and lots of"
                text run at (2,233) width 39: "data. "
                text run at (41,233) width 61: "Lots and"
                text run at (2,254) width 102: "lots and lots of"
                text run at (2,275) width 39: "data. "
                text run at (41,275) width 61: "Lots and"
                text run at (2,296) width 102: "lots and lots of"
                text run at (2,317) width 39: "data. "
                text run at (41,317) width 61: "Lots and"
                text run at (2,338) width 102: "lots and lots of"
                text run at (2,359) width 39: "data. "
                text run at (41,359) width 61: "Lots and"
                text run at (2,380) width 102: "lots and lots of"
                text run at (2,401) width 39: "data. "
                text run at (41,401) width 61: "Lots and"
                text run at (2,422) width 102: "lots and lots of"
                text run at (2,443) width 39: "data. "
                text run at (41,443) width 61: "Lots and"
                text run at (2,464) width 102: "lots and lots of"
                text run at (2,485) width 39: "data. "
                text run at (41,485) width 61: "Lots and"
                text run at (2,506) width 102: "lots and lots of"
                text run at (2,527) width 39: "data. "
                text run at (41,527) width 61: "Lots and"
                text run at (2,548) width 102: "lots and lots of"
                text run at (2,569) width 39: "data. "
                text run at (41,569) width 61: "Lots and"
                text run at (2,590) width 102: "lots and lots of"
                text run at (2,611) width 39: "data. "
                text run at (41,611) width 61: "Lots and"
                text run at (2,632) width 102: "lots and lots of"
                text run at (2,653) width 39: "data. "
                text run at (41,653) width 61: "Lots and"
                text run at (2,674) width 102: "lots and lots of"
                text run at (2,695) width 39: "data. "
                text run at (41,695) width 61: "Lots and"
                text run at (2,716) width 102: "lots and lots of"
                text run at (2,737) width 39: "data. "
                text run at (41,737) width 61: "Lots and"
                text run at (2,758) width 102: "lots and lots of"
                text run at (2,779) width 39: "data. "
                text run at (41,779) width 61: "Lots and"
                text run at (2,800) width 102: "lots and lots of"
                text run at (2,821) width 39: "data. "
                text run at (41,821) width 61: "Lots and"
                text run at (2,842) width 102: "lots and lots of"
                text run at (2,863) width 39: "data. "
                text run at (41,863) width 61: "Lots and"
                text run at (2,884) width 102: "lots and lots of"
                text run at (2,905) width 39: "data. "
                text run at (41,905) width 61: "Lots and"
                text run at (2,926) width 102: "lots and lots of"
                text run at (2,947) width 39: "data. "
                text run at (41,947) width 61: "Lots and"
                text run at (2,968) width 102: "lots and lots of"
                text run at (2,989) width 39: "data. "
                text run at (41,989) width 61: "Lots and"
                text run at (2,1010) width 102: "lots and lots of"
                text run at (2,1031) width 39: "data. "
                text run at (41,1031) width 61: "Lots and"
                text run at (2,1052) width 102: "lots and lots of"
                text run at (2,1073) width 39: "data. "
                text run at (41,1073) width 61: "Lots and"
                text run at (2,1094) width 102: "lots and lots of"
                text run at (2,1115) width 39: "data. "
                text run at (41,1115) width 61: "Lots and"
                text run at (2,1136) width 102: "lots and lots of"
                text run at (2,1157) width 39: "data. "
                text run at (41,1157) width 61: "Lots and"
                text run at (2,1178) width 102: "lots and lots of"
                text run at (2,1199) width 39: "data. "
                text run at (41,1199) width 61: "Lots and"
                text run at (2,1220) width 102: "lots and lots of"
                text run at (2,1241) width 39: "data. "
                text run at (41,1241) width 61: "Lots and"
                text run at (2,1262) width 102: "lots and lots of"
                text run at (2,1283) width 39: "data. "
                text run at (41,1283) width 61: "Lots and"
                text run at (2,1304) width 102: "lots and lots of"
                text run at (2,1325) width 39: "data. "
                text run at (41,1325) width 61: "Lots and"
                text run at (2,1346) width 102: "lots and lots of"
                text run at (2,1367) width 39: "data. "
                text run at (41,1367) width 61: "Lots and"
                text run at (2,1388) width 102: "lots and lots of"
                text run at (2,1409) width 39: "data. "
                text run at (41,1409) width 61: "Lots and"
                text run at (2,1430) width 102: "lots and lots of"
                text run at (2,1451) width 39: "data. "
                text run at (41,1451) width 61: "Lots and"
                text run at (2,1472) width 102: "lots and lots of"
                text run at (2,1493) width 39: "data. "
                text run at (41,1493) width 61: "Lots and"
                text run at (2,1514) width 102: "lots and lots of"
                text run at (2,1535) width 39: "data. "
                text run at (41,1535) width 61: "Lots and"
                text run at (2,1556) width 102: "lots and lots of"
                text run at (2,1577) width 39: "data. "
                text run at (41,1577) width 61: "Lots and"
                text run at (2,1598) width 102: "lots and lots of"
                text run at (2,1619) width 39: "data. "
                text run at (41,1619) width 61: "Lots and"
                text run at (2,1640) width 102: "lots and lots of"
                text run at (2,1661) width 39: "data. "
                text run at (41,1661) width 61: "Lots and"
                text run at (2,1682) width 102: "lots and lots of"
                text run at (2,1703) width 39: "data. "
                text run at (41,1703) width 61: "Lots and"
                text run at (2,1724) width 102: "lots and lots of"
                text run at (2,1745) width 39: "data. "
                text run at (41,1745) width 61: "Lots and"
                text run at (2,1766) width 102: "lots and lots of"
                text run at (2,1787) width 39: "data. "
                text run at (41,1787) width 61: "Lots and"
                text run at (2,1808) width 102: "lots and lots of"
                text run at (2,1829) width 39: "data. "
                text run at (41,1829) width 61: "Lots and"
                text run at (2,1850) width 102: "lots and lots of"
                text run at (2,1871) width 39: "data. "
                text run at (41,1871) width 61: "Lots and"
                text run at (2,1892) width 102: "lots and lots of"
                text run at (2,1913) width 39: "data. "
                text run at (41,1913) width 61: "Lots and"
                text run at (2,1934) width 102: "lots and lots of"
                text run at (2,1955) width 39: "data. "
                text run at (41,1955) width 61: "Lots and"
                text run at (2,1976) width 102: "lots and lots of"
                text run at (2,1997) width 39: "data. "
                text run at (41,1997) width 61: "Lots and"
                text run at (2,2018) width 102: "lots and lots of"
                text run at (2,2039) width 39: "data. "
                text run at (41,2039) width 61: "Lots and"
                text run at (2,2060) width 102: "lots and lots of"
                text run at (2,2081) width 39: "data. "
                text run at (41,2081) width 61: "Lots and"
                text run at (2,2102) width 102: "lots and lots of"
                text run at (2,2123) width 39: "data. "
                text run at (41,2123) width 61: "Lots and"
                text run at (2,2144) width 102: "lots and lots of"
                text run at (2,2165) width 39: "data. "
                text run at (41,2165) width 61: "Lots and"
                text run at (2,2186) width 102: "lots and lots of"
                text run at (2,2207) width 39: "data. "
                text run at (41,2207) width 61: "Lots and"
                text run at (2,2228) width 102: "lots and lots of"
                text run at (2,2249) width 39: "data. "
                text run at (41,2249) width 61: "Lots and"
                text run at (2,2270) width 102: "lots and lots of"
                text run at (2,2291) width 39: "data. "
                text run at (41,2291) width 61: "Lots and"
                text run at (2,2312) width 102: "lots and lots of"
                text run at (2,2333) width 39: "data. "
                text run at (41,2333) width 61: "Lots and"
                text run at (2,2354) width 102: "lots and lots of"
                text run at (2,2375) width 39: "data. "
                text run at (41,2375) width 61: "Lots and"
                text run at (2,2396) width 102: "lots and lots of"
                text run at (2,2417) width 39: "data. "
                text run at (41,2417) width 61: "Lots and"
                text run at (2,2438) width 102: "lots and lots of"
                text run at (2,2459) width 39: "data. "
                text run at (41,2459) width 61: "Lots and"
                text run at (2,2480) width 102: "lots and lots of"
                text run at (2,2501) width 35: "data."
          RenderTableRow {TR} at (0,2528) size 384x25
            RenderTableCell {TD} at (2,2528) size 125x25 [border: (1px solid #000000)] [r=1 c=0 rs=1 cs=1]
              RenderText {#text} at (2,2) size 34x21
                text run at (2,2) width 34: "Data"
            RenderTableCell {TD} at (129,2528) size 125x25 [border: (1px solid #000000)] [r=1 c=1 rs=1 cs=1]
              RenderText {#text} at (2,2) size 34x21
                text run at (2,2) width 34: "Data"
            RenderTableCell {TD} at (256,2528) size 126x25 [border: (1px solid #000000)] [r=1 c=2 rs=1 cs=1]
              RenderText {#text} at (2,2) size 34x21
                text run at (2,2) width 34: "Data"
      RenderBlock {P} at (0,8706) size 768x21
        RenderText {#text} at (0,0) size 211x21
          text run at (0,0) width 211: "This test is still being written..."
      RenderBlock {HR} at (0,8743) size 768x2 [border: (1px inset #000000)]
      RenderBlock {P} at (0,8761) size 768x21
        RenderText {#text} at (0,0) size 62x21
          text run at (0,0) width 62: "(Back to "
        RenderInline {A} at (0,0) size 174x21 [color=#0000EE]
          RenderText {#text} at (62,0) size 174x21
            text run at (62,0) width 174: "CSS Testing Information"
        RenderText {#text} at (236,0) size 8x21
          text run at (236,0) width 8: ", "
        RenderInline {A} at (0,0) size 89x21 [color=#0000EE]
          RenderText {#text} at (244,0) size 89x21
            text run at (244,0) width 89: "David Baron"
        RenderText {#text} at (333,0) size 5x21
          text run at (333,0) width 5: ")"
      RenderBlock {P} at (0,8798) size 768x21
        RenderInline {A} at (0,0) size 32x21 [color=#0000EE]
          RenderText {#text} at (0,0) size 32x21
            text run at (0,0) width 32: "LDB"
        RenderText {#text} at (32,0) size 8x21
          text run at (32,0) width 8: ", "
        RenderInline {A} at (0,0) size 176x21 [color=#0000EE]
          RenderText {#text} at (40,0) size 176x21
            text run at (40,0) width 176: "dbaron@fas.harvard.edu"
