layer at (0,0) size 800x600
  RenderView at (0,0) size 800x600
layer at (0,0) size 800x600
  RenderBlock {HTML} at (0,0) size 800x600
    RenderBody {BODY} at (8,8) size 784x584 [bgcolor=#FFFFFF]
      RenderTable {TABLE} at (0,0) size 506x54
        RenderBlock {CAPTION} at (0,0) size 506x27 [border: (3px solid #000000)]
          RenderText {#text} at (89,3) size 328x21
            text run at (89,3) width 9 RTL: "?"
            text run at (98,3) width 319: "is the question mark on the left side with style"
        RenderTableSection {TBODY} at (0,27) size 506x27
          RenderTableRow {TR} at (0,2) size 506x23
            RenderTableCell {TD} at (2,2) size 502x23 [r=0 c=0 rs=1 cs=1]
              RenderText {#text} at (1,1) size 64x21
                text run at (1,1) width 64: "table cell"
      RenderTable {TABLE} at (0,54) size 506x54
        RenderBlock {CAPTION} at (0,0) size 506x27 [border: (3px solid #000000)]
          RenderText {#text} at (78,3) size 350x21
            text run at (78,3) width 9 RTL: "?"
            text run at (87,3) width 341: "is the question mark on the left side without style"
        RenderTableSection {TBODY} at (0,27) size 506x27
          RenderTableRow {TR} at (0,2) size 506x23
            RenderTableCell {TD} at (2,2) size 502x23 [r=0 c=0 rs=1 cs=1]
              RenderText {#text} at (1,1) size 64x21
                text run at (1,1) width 64: "table cell"
