layer at (0,0) size 800x600
  RenderView at (0,0) size 800x600
layer at (0,0) size 800x272
  RenderBlock {HTML} at (0,0) size 800x272
    RenderBody {BODY} at (8,8) size 784x256
      RenderTable {TABLE} at (0,0) size 705x256 [border: (1px outset #808080)]
        RenderTableSection {TBODY} at (1,1) size 703x254
          RenderTableRow {TR} at (0,2) size 703x250
            RenderTableCell {TD} at (2,2) size 699x250 [border: (1px inset #808080)] [r=0 c=0 rs=1 cs=1]
              RenderInline {A} at (0,0) size 120x41 [color=#0000EE]
                RenderText {#text} at (2,2) size 120x41
                  text run at (2,2) width 120: "Xandros"
              RenderText {#text} at (122,2) size 667x246
                text run at (122,2) width 9: " "
                text run at (131,2) width 538: "in the news. text text text text text text"
                text run at (2,43) width 366: "text text text text text text "
                text run at (368,43) width 296: "text text text text text"
                text run at (2,84) width 610: "text text text text text text text text text text "
                text run at (612,84) width 52: "text"
                text run at (2,125) width 662: "text text text text text text text text text text text"
                text run at (2,166) width 183: "text text text "
                text run at (185,166) width 479: "text text text text text text text text"
                text run at (2,207) width 366: "text text text text text text."
