layer at (0,0) size 784x2189
  RenderView at (0,0) size 784x600
layer at (0,0) size 784x2189
  RenderBlock {HTML} at (0,0) size 784x2189
    RenderBody {BODY} at (8,8) size 768x2173
      RenderBlock (anonymous) at (0,0) size 768x21
        RenderBR {BR} at (0,0) size 0x21
      RenderBlock {HR} at (0,29) size 768x2 [border: (1px inset #000000)]
      RenderBlock {H3} at (0,49) size 768x25
        RenderText {#text} at (0,0) size 97x25
          text run at (0,0) width 97: "border-top"
      RenderBlock {P} at (0,92) size 768x21
        RenderInline {CODE} at (0,0) size 46x17
          RenderText {#text} at (0,3) size 46x17
            text run at (0,3) width 46: "<table>"
        RenderText {#text} at (46,0) size 36x21
          text run at (46,0) width 36: " has "
        RenderInline {CODE} at (0,0) size 41x17
          RenderText {#text} at (82,3) size 41x17
            text run at (82,3) width 41: "border"
        RenderText {#text} at (123,0) size 76x21
          text run at (123,0) width 76: " attribute; "
        RenderInline {CODE} at (0,0) size 28x17
          RenderText {#text} at (199,3) size 28x17
            text run at (199,3) width 28: "<td>"
        RenderText {#text} at (227,0) size 45x21
          text run at (227,0) width 45: " have "
        RenderInline {CODE} at (0,0) size 229x17
          RenderText {#text} at (272,3) size 229x17
            text run at (272,3) width 229: "style=\"border-top: green 10px solid;\""
        RenderText {#text} at (501,0) size 4x21
          text run at (501,0) width 4: "."
      RenderTable {TABLE} at (0,129) size 499x125 [border: (1px outset #808080)]
        RenderTableSection {TBODY} at (1,1) size 497x123
          RenderTableRow {TR} at (0,5) size 497x34
            RenderTableCell {TD} at (5,5) size 487x34 [border: (10px solid #008000) (1px inset #808080)] [r=0 c=0 rs=1 cs=2]
              RenderText {#text} at (2,11) size 483x21
                text run at (2,11) width 483: "Every cell in this table should have a 10-pixel solid green top border."
          RenderTableRow {TR} at (0,44) size 497x74
            RenderTableCell {TD} at (5,64) size 123x34 [border: (10px solid #008000) (1px inset #808080)] [r=1 c=0 rs=1 cs=1]
              RenderText {#text} at (2,11) size 60x21
                text run at (2,11) width 60: "Cell one"
            RenderTableCell {TD} at (133,44) size 359x74 [border: (10px solid #008000) (1px inset #808080)] [r=1 c=1 rs=1 cs=1]
              RenderBlock (anonymous) at (2,11) size 355x21
                RenderText {#text} at (0,0) size 58x21
                  text run at (0,0) width 58: "Cell two"
              RenderTable {TABLE} at (2,32) size 181x40 [border: (1px outset #808080)]
                RenderTableSection {TBODY} at (1,1) size 179x38
                  RenderTableRow {TR} at (0,2) size 179x34
                    RenderTableCell {TD} at (2,2) size 175x34 [border: (10px solid #008000) (1px inset #808080)] [r=0 c=0 rs=1 cs=1]
                      RenderText {#text} at (2,11) size 171x21
                        text run at (2,11) width 171: "Nested single-cell table!"
      RenderBlock (anonymous) at (0,254) size 768x21
        RenderBR {BR} at (0,0) size 0x21
      RenderBlock {P} at (0,291) size 768x21
        RenderInline {CODE} at (0,0) size 46x17
          RenderText {#text} at (0,3) size 46x17
            text run at (0,3) width 46: "<table>"
        RenderText {#text} at (46,0) size 72x21
          text run at (46,0) width 72: " has *no* "
        RenderInline {CODE} at (0,0) size 41x17
          RenderText {#text} at (118,3) size 41x17
            text run at (118,3) width 41: "border"
        RenderText {#text} at (159,0) size 76x21
          text run at (159,0) width 76: " attribute; "
        RenderInline {CODE} at (0,0) size 28x17
          RenderText {#text} at (235,3) size 28x17
            text run at (235,3) width 28: "<td>"
        RenderText {#text} at (263,0) size 45x21
          text run at (263,0) width 45: " have "
        RenderInline {CODE} at (0,0) size 229x17
          RenderText {#text} at (308,3) size 229x17
            text run at (308,3) width 229: "style=\"border-top: green 10px solid;\""
        RenderText {#text} at (537,0) size 4x21
          text run at (537,0) width 4: "."
      RenderTable {TABLE} at (0,328) size 495x118
        RenderTableSection {TBODY} at (0,0) size 495x118
          RenderTableRow {TR} at (0,5) size 495x33
            RenderTableCell {TD} at (5,5) size 485x33 [border: (10px solid #008000) none] [r=0 c=0 rs=1 cs=2]
              RenderText {#text} at (1,11) size 483x21
                text run at (1,11) width 483: "Every cell in this table should have a 10-pixel solid green top border."
          RenderTableRow {TR} at (0,43) size 495x70
            RenderTableCell {TD} at (5,61) size 123x33 [border: (10px solid #008000) none] [r=1 c=0 rs=1 cs=1]
              RenderText {#text} at (1,11) size 60x21
                text run at (1,11) width 60: "Cell one"
            RenderTableCell {TD} at (133,43) size 357x70 [border: (10px solid #008000) none] [r=1 c=1 rs=1 cs=1]
              RenderBlock (anonymous) at (1,11) size 355x21
                RenderText {#text} at (0,0) size 58x21
                  text run at (0,0) width 58: "Cell two"
              RenderTable {TABLE} at (1,32) size 177x37
                RenderTableSection {TBODY} at (0,0) size 177x37
                  RenderTableRow {TR} at (0,2) size 177x33
                    RenderTableCell {TD} at (2,2) size 173x33 [border: (10px solid #008000) none] [r=0 c=0 rs=1 cs=1]
                      RenderText {#text} at (1,11) size 171x21
                        text run at (1,11) width 171: "Nested single-cell table!"
      RenderBlock (anonymous) at (0,446) size 768x21
        RenderBR {BR} at (0,0) size 0x21
      RenderBlock {HR} at (0,475) size 768x2 [border: (1px inset #000000)]
      RenderBlock {H3} at (0,495) size 768x25
        RenderText {#text} at (0,0) size 109x25
          text run at (0,0) width 109: "border-right"
      RenderBlock {P} at (0,538) size 768x21
        RenderInline {CODE} at (0,0) size 46x17
          RenderText {#text} at (0,3) size 46x17
            text run at (0,3) width 46: "<table>"
        RenderText {#text} at (46,0) size 36x21
          text run at (46,0) width 36: " has "
        RenderInline {CODE} at (0,0) size 41x17
          RenderText {#text} at (82,3) size 41x17
            text run at (82,3) width 41: "border"
        RenderText {#text} at (123,0) size 76x21
          text run at (123,0) width 76: " attribute; "
        RenderInline {CODE} at (0,0) size 28x17
          RenderText {#text} at (199,3) size 28x17
            text run at (199,3) width 28: "<td>"
        RenderText {#text} at (227,0) size 45x21
          text run at (227,0) width 45: " have "
        RenderInline {CODE} at (0,0) size 238x17
          RenderText {#text} at (272,3) size 238x17
            text run at (272,3) width 238: "style=\"border-right: green 10px solid;\""
        RenderText {#text} at (510,0) size 4x21
          text run at (510,0) width 4: "."
      RenderTable {TABLE} at (0,575) size 517x98 [border: (1px outset #808080)]
        RenderTableSection {TBODY} at (1,1) size 515x96
          RenderTableRow {TR} at (0,5) size 515x25
            RenderTableCell {TD} at (5,5) size 505x25 [border: (1px inset #808080) (10px solid #008000) (1px inset #808080)] [r=0 c=0 rs=1 cs=2]
              RenderText {#text} at (2,2) size 492x21
                text run at (2,2) width 492: "Every cell in this table should have a 10-pixel solid green right border."
          RenderTableRow {TR} at (0,35) size 515x56
            RenderTableCell {TD} at (5,50) size 132x25 [border: (1px inset #808080) (10px solid #008000) (1px inset #808080)] [r=1 c=0 rs=1 cs=1]
              RenderText {#text} at (2,2) size 60x21
                text run at (2,2) width 60: "Cell one"
            RenderTableCell {TD} at (142,35) size 368x56 [border: (1px inset #808080) (10px solid #008000) (1px inset #808080)] [r=1 c=1 rs=1 cs=1]
              RenderBlock (anonymous) at (2,2) size 355x21
                RenderText {#text} at (0,0) size 58x21
                  text run at (0,0) width 58: "Cell two"
              RenderTable {TABLE} at (2,23) size 190x31 [border: (1px outset #808080)]
                RenderTableSection {TBODY} at (1,1) size 188x29
                  RenderTableRow {TR} at (0,2) size 188x25
                    RenderTableCell {TD} at (2,2) size 184x25 [border: (1px inset #808080) (10px solid #008000) (1px inset #808080)] [r=0 c=0 rs=1 cs=1]
                      RenderText {#text} at (2,2) size 171x21
                        text run at (2,2) width 171: "Nested single-cell table!"
      RenderBlock (anonymous) at (0,673) size 768x21
        RenderBR {BR} at (0,0) size 0x21
      RenderBlock {P} at (0,710) size 768x21
        RenderInline {CODE} at (0,0) size 46x17
          RenderText {#text} at (0,3) size 46x17
            text run at (0,3) width 46: "<table>"
        RenderText {#text} at (46,0) size 36x21
          text run at (46,0) width 36: " has "
        RenderInline {CODE} at (0,0) size 41x17
          RenderText {#text} at (82,3) size 41x17
            text run at (82,3) width 41: "border"
        RenderText {#text} at (123,0) size 76x21
          text run at (123,0) width 76: " attribute; "
        RenderInline {CODE} at (0,0) size 28x17
          RenderText {#text} at (199,3) size 28x17
            text run at (199,3) width 28: "<td>"
        RenderText {#text} at (227,0) size 45x21
          text run at (227,0) width 45: " have "
        RenderInline {CODE} at (0,0) size 238x17
          RenderText {#text} at (272,3) size 238x17
            text run at (272,3) width 238: "style=\"border-right: green 10px solid;\""
        RenderText {#text} at (510,0) size 4x21
          text run at (510,0) width 4: "."
      RenderTable {TABLE} at (0,747) size 514x88
        RenderTableSection {TBODY} at (0,0) size 514x88
          RenderTableRow {TR} at (0,5) size 514x23
            RenderTableCell {TD} at (5,5) size 504x23 [border: none (10px solid #008000) none] [r=0 c=0 rs=1 cs=2]
              RenderText {#text} at (1,1) size 492x21
                text run at (1,1) width 492: "Every cell in this table should have a 10-pixel solid green right border."
          RenderTableRow {TR} at (0,33) size 514x50
            RenderTableCell {TD} at (5,46) size 132x23 [border: none (10px solid #008000) none] [r=1 c=0 rs=1 cs=1]
              RenderText {#text} at (1,1) size 60x21
                text run at (1,1) width 60: "Cell one"
            RenderTableCell {TD} at (142,33) size 367x50 [border: none (10px solid #008000) none] [r=1 c=1 rs=1 cs=1]
              RenderBlock (anonymous) at (1,1) size 355x21
                RenderText {#text} at (0,0) size 58x21
                  text run at (0,0) width 58: "Cell two"
              RenderTable {TABLE} at (1,22) size 187x27
                RenderTableSection {TBODY} at (0,0) size 187x27
                  RenderTableRow {TR} at (0,2) size 187x23
                    RenderTableCell {TD} at (2,2) size 183x23 [border: none (10px solid #008000) none] [r=0 c=0 rs=1 cs=1]
                      RenderText {#text} at (1,1) size 171x21
                        text run at (1,1) width 171: "Nested single-cell table!"
      RenderBlock (anonymous) at (0,835) size 768x21
        RenderBR {BR} at (0,0) size 0x21
      RenderBlock {HR} at (0,864) size 768x2 [border: (1px inset #000000)]
      RenderBlock {H3} at (0,884) size 768x25
        RenderText {#text} at (0,0) size 132x25
          text run at (0,0) width 132: "border-bottom"
      RenderBlock {P} at (0,927) size 768x21
        RenderInline {CODE} at (0,0) size 46x17
          RenderText {#text} at (0,3) size 46x17
            text run at (0,3) width 46: "<table>"
        RenderText {#text} at (46,0) size 36x21
          text run at (46,0) width 36: " has "
        RenderInline {CODE} at (0,0) size 41x17
          RenderText {#text} at (82,3) size 41x17
            text run at (82,3) width 41: "border"
        RenderText {#text} at (123,0) size 76x21
          text run at (123,0) width 76: " attribute; "
        RenderInline {CODE} at (0,0) size 28x17
          RenderText {#text} at (199,3) size 28x17
            text run at (199,3) width 28: "<td>"
        RenderText {#text} at (227,0) size 45x21
          text run at (227,0) width 45: " have "
        RenderInline {CODE} at (0,0) size 253x17
          RenderText {#text} at (272,3) size 253x17
            text run at (272,3) width 253: "style=\"border-bottom: green 10px solid;\""
        RenderText {#text} at (525,0) size 4x21
          text run at (525,0) width 4: "."
      RenderTable {TABLE} at (0,964) size 525x125 [border: (1px outset #808080)]
        RenderTableSection {TBODY} at (1,1) size 523x123
          RenderTableRow {TR} at (0,5) size 523x34
            RenderTableCell {TD} at (5,5) size 513x34 [border: (1px inset #808080) (10px solid #008000) (1px inset #808080)] [r=0 c=0 rs=1 cs=2]
              RenderText {#text} at (2,2) size 509x21
                text run at (2,2) width 509: "Every cell in this table should have a 10-pixel solid green bottom border."
          RenderTableRow {TR} at (0,44) size 523x74
            RenderTableCell {TD} at (5,64) size 130x34 [border: (1px inset #808080) (10px solid #008000) (1px inset #808080)] [r=1 c=0 rs=1 cs=1]
              RenderText {#text} at (2,2) size 60x21
                text run at (2,2) width 60: "Cell one"
            RenderTableCell {TD} at (140,44) size 378x74 [border: (1px inset #808080) (10px solid #008000) (1px inset #808080)] [r=1 c=1 rs=1 cs=1]
              RenderBlock (anonymous) at (2,2) size 374x21
                RenderText {#text} at (0,0) size 58x21
                  text run at (0,0) width 58: "Cell two"
              RenderTable {TABLE} at (2,23) size 181x40 [border: (1px outset #808080)]
                RenderTableSection {TBODY} at (1,1) size 179x38
                  RenderTableRow {TR} at (0,2) size 179x34
                    RenderTableCell {TD} at (2,2) size 175x34 [border: (1px inset #808080) (10px solid #008000) (1px inset #808080)] [r=0 c=0 rs=1 cs=1]
                      RenderText {#text} at (2,2) size 171x21
                        text run at (2,2) width 171: "Nested single-cell table!"
      RenderBlock (anonymous) at (0,1089) size 768x21
        RenderBR {BR} at (0,0) size 0x21
      RenderBlock {P} at (0,1126) size 768x21
        RenderInline {CODE} at (0,0) size 46x17
          RenderText {#text} at (0,3) size 46x17
            text run at (0,3) width 46: "<table>"
        RenderText {#text} at (46,0) size 72x21
          text run at (46,0) width 72: " has *no* "
        RenderInline {CODE} at (0,0) size 41x17
          RenderText {#text} at (118,3) size 41x17
            text run at (118,3) width 41: "border"
        RenderText {#text} at (159,0) size 76x21
          text run at (159,0) width 76: " attribute; "
        RenderInline {CODE} at (0,0) size 28x17
          RenderText {#text} at (235,3) size 28x17
            text run at (235,3) width 28: "<td>"
        RenderText {#text} at (263,0) size 45x21
          text run at (263,0) width 45: " have "
        RenderInline {CODE} at (0,0) size 253x17
          RenderText {#text} at (308,3) size 253x17
            text run at (308,3) width 253: "style=\"border-bottom: green 10px solid;\""
        RenderText {#text} at (561,0) size 4x21
          text run at (561,0) width 4: "."
      RenderTable {TABLE} at (0,1163) size 521x118
        RenderTableSection {TBODY} at (0,0) size 521x118
          RenderTableRow {TR} at (0,5) size 521x33
            RenderTableCell {TD} at (5,5) size 511x33 [border: none (10px solid #008000) none] [r=0 c=0 rs=1 cs=2]
              RenderText {#text} at (1,1) size 509x21
                text run at (1,1) width 509: "Every cell in this table should have a 10-pixel solid green bottom border."
          RenderTableRow {TR} at (0,43) size 521x70
            RenderTableCell {TD} at (5,61) size 130x33 [border: none (10px solid #008000) none] [r=1 c=0 rs=1 cs=1]
              RenderText {#text} at (1,1) size 60x21
                text run at (1,1) width 60: "Cell one"
            RenderTableCell {TD} at (140,43) size 376x70 [border: none (10px solid #008000) none] [r=1 c=1 rs=1 cs=1]
              RenderBlock (anonymous) at (1,1) size 374x21
                RenderText {#text} at (0,0) size 58x21
                  text run at (0,0) width 58: "Cell two"
              RenderTable {TABLE} at (1,22) size 177x37
                RenderTableSection {TBODY} at (0,0) size 177x37
                  RenderTableRow {TR} at (0,2) size 177x33
                    RenderTableCell {TD} at (2,2) size 173x33 [border: none (10px solid #008000) none] [r=0 c=0 rs=1 cs=1]
                      RenderText {#text} at (1,1) size 171x21
                        text run at (1,1) width 171: "Nested single-cell table!"
      RenderBlock (anonymous) at (0,1281) size 768x21
        RenderBR {BR} at (0,0) size 0x21
      RenderBlock {HR} at (0,1310) size 768x2 [border: (1px inset #000000)]
      RenderBlock {H3} at (0,1330) size 768x25
        RenderText {#text} at (0,0) size 95x25
          text run at (0,0) width 95: "border-left"
      RenderBlock {P} at (0,1373) size 768x21
        RenderInline {CODE} at (0,0) size 46x17
          RenderText {#text} at (0,3) size 46x17
            text run at (0,3) width 46: "<table>"
        RenderText {#text} at (46,0) size 36x21
          text run at (46,0) width 36: " has "
        RenderInline {CODE} at (0,0) size 41x17
          RenderText {#text} at (82,3) size 41x17
            text run at (82,3) width 41: "border"
        RenderText {#text} at (123,0) size 76x21
          text run at (123,0) width 76: " attribute; "
        RenderInline {CODE} at (0,0) size 28x17
          RenderText {#text} at (199,3) size 28x17
            text run at (199,3) width 28: "<td>"
        RenderText {#text} at (227,0) size 45x21
          text run at (227,0) width 45: " have "
        RenderInline {CODE} at (0,0) size 228x17
          RenderText {#text} at (272,3) size 228x17
            text run at (272,3) width 228: "style=\"border-left: green 10px solid;\""
        RenderText {#text} at (500,0) size 4x21
          text run at (500,0) width 4: "."
      RenderTable {TABLE} at (0,1410) size 507x98 [border: (1px outset #808080)]
        RenderTableSection {TBODY} at (1,1) size 505x96
          RenderTableRow {TR} at (0,5) size 505x25
            RenderTableCell {TD} at (5,5) size 495x25 [border: (1px inset #808080) (10px solid #008000)] [r=0 c=0 rs=1 cs=2]
              RenderText {#text} at (11,2) size 482x21
                text run at (11,2) width 482: "Every cell in this table should have a 10-pixel solid green left border."
          RenderTableRow {TR} at (0,35) size 505x56
            RenderTableCell {TD} at (5,50) size 129x25 [border: (1px inset #808080) (10px solid #008000)] [r=1 c=0 rs=1 cs=1]
              RenderText {#text} at (11,2) size 60x21
                text run at (11,2) width 60: "Cell one"
            RenderTableCell {TD} at (139,35) size 361x56 [border: (1px inset #808080) (10px solid #008000)] [r=1 c=1 rs=1 cs=1]
              RenderBlock (anonymous) at (11,2) size 348x21
                RenderText {#text} at (0,0) size 58x21
                  text run at (0,0) width 58: "Cell two"
              RenderTable {TABLE} at (11,23) size 190x31 [border: (1px outset #808080)]
                RenderTableSection {TBODY} at (1,1) size 188x29
                  RenderTableRow {TR} at (0,2) size 188x25
                    RenderTableCell {TD} at (2,2) size 184x25 [border: (1px inset #808080) (10px solid #008000)] [r=0 c=0 rs=1 cs=1]
                      RenderText {#text} at (11,2) size 171x21
                        text run at (11,2) width 171: "Nested single-cell table!"
      RenderBlock (anonymous) at (0,1508) size 768x21
        RenderBR {BR} at (0,0) size 0x21
      RenderBlock {P} at (0,1545) size 768x21
        RenderInline {CODE} at (0,0) size 46x17
          RenderText {#text} at (0,3) size 46x17
            text run at (0,3) width 46: "<table>"
        RenderText {#text} at (46,0) size 72x21
          text run at (46,0) width 72: " has *no* "
        RenderInline {CODE} at (0,0) size 41x17
          RenderText {#text} at (118,3) size 41x17
            text run at (118,3) width 41: "border"
        RenderText {#text} at (159,0) size 76x21
          text run at (159,0) width 76: " attribute; "
        RenderInline {CODE} at (0,0) size 28x17
          RenderText {#text} at (235,3) size 28x17
            text run at (235,3) width 28: "<td>"
        RenderText {#text} at (263,0) size 45x21
          text run at (263,0) width 45: " have "
        RenderInline {CODE} at (0,0) size 228x17
          RenderText {#text} at (308,3) size 228x17
            text run at (308,3) width 228: "style=\"border-left: green 10px solid;\""
        RenderText {#text} at (536,0) size 4x21
          text run at (536,0) width 4: "."
      RenderTable {TABLE} at (0,1582) size 504x88
        RenderTableSection {TBODY} at (0,0) size 504x88
          RenderTableRow {TR} at (0,5) size 504x23
            RenderTableCell {TD} at (5,5) size 494x23 [border: none (10px solid #008000)] [r=0 c=0 rs=1 cs=2]
              RenderText {#text} at (11,1) size 482x21
                text run at (11,1) width 482: "Every cell in this table should have a 10-pixel solid green left border."
          RenderTableRow {TR} at (0,33) size 504x50
            RenderTableCell {TD} at (5,46) size 129x23 [border: none (10px solid #008000)] [r=1 c=0 rs=1 cs=1]
              RenderText {#text} at (11,1) size 60x21
                text run at (11,1) width 60: "Cell one"
            RenderTableCell {TD} at (139,33) size 360x50 [border: none (10px solid #008000)] [r=1 c=1 rs=1 cs=1]
              RenderBlock (anonymous) at (11,1) size 348x21
                RenderText {#text} at (0,0) size 58x21
                  text run at (0,0) width 58: "Cell two"
              RenderTable {TABLE} at (11,22) size 187x27
                RenderTableSection {TBODY} at (0,0) size 187x27
                  RenderTableRow {TR} at (0,2) size 187x23
                    RenderTableCell {TD} at (2,2) size 183x23 [border: none (10px solid #008000)] [r=0 c=0 rs=1 cs=1]
                      RenderText {#text} at (11,1) size 171x21
                        text run at (11,1) width 171: "Nested single-cell table!"
      RenderBlock (anonymous) at (0,1670) size 768x21
        RenderBR {BR} at (0,0) size 0x21
      RenderBlock {HR} at (0,1699) size 768x2 [border: (1px inset #000000)]
      RenderBlock {H3} at (0,1719) size 768x25
        RenderText {#text} at (0,0) size 61x25
          text run at (0,0) width 61: "border"
      RenderBlock {P} at (0,1762) size 768x21
        RenderInline {CODE} at (0,0) size 46x17
          RenderText {#text} at (0,3) size 46x17
            text run at (0,3) width 46: "<table>"
        RenderText {#text} at (46,0) size 36x21
          text run at (46,0) width 36: " has "
        RenderInline {CODE} at (0,0) size 41x17
          RenderText {#text} at (82,3) size 41x17
            text run at (82,3) width 41: "border"
        RenderText {#text} at (123,0) size 76x21
          text run at (123,0) width 76: " attribute; "
        RenderInline {CODE} at (0,0) size 28x17
          RenderText {#text} at (199,3) size 28x17
            text run at (199,3) width 28: "<td>"
        RenderText {#text} at (227,0) size 45x21
          text run at (227,0) width 45: " have "
        RenderInline {CODE} at (0,0) size 205x17
          RenderText {#text} at (272,3) size 205x17
            text run at (272,3) width 205: "style=\"border: green 10px solid;\""
        RenderText {#text} at (477,0) size 4x21
          text run at (477,0) width 4: "."
      RenderTable {TABLE} at (0,1799) size 491x152 [border: (1px outset #808080)]
        RenderTableSection {TBODY} at (1,1) size 489x150
          RenderTableRow {TR} at (0,5) size 489x43
            RenderTableCell {TD} at (5,5) size 479x43 [border: (10px solid #008000)] [r=0 c=0 rs=1 cs=2]
              RenderText {#text} at (11,11) size 457x21
                text run at (11,11) width 457: "Every cell in this table should have a 10-pixel solid green border."
          RenderTableRow {TR} at (0,53) size 489x92
            RenderTableCell {TD} at (5,77) size 128x43 [border: (10px solid #008000)] [r=1 c=0 rs=1 cs=1]
              RenderText {#text} at (11,11) size 60x21
                text run at (11,11) width 60: "Cell one"
            RenderTableCell {TD} at (138,53) size 346x92 [border: (10px solid #008000)] [r=1 c=1 rs=1 cs=1]
              RenderBlock (anonymous) at (11,11) size 324x21
                RenderText {#text} at (0,0) size 58x21
                  text run at (0,0) width 58: "Cell two"
              RenderTable {TABLE} at (11,32) size 199x49 [border: (1px outset #808080)]
                RenderTableSection {TBODY} at (1,1) size 197x47
                  RenderTableRow {TR} at (0,2) size 197x43
                    RenderTableCell {TD} at (2,2) size 193x43 [border: (10px solid #008000)] [r=0 c=0 rs=1 cs=1]
                      RenderText {#text} at (11,11) size 171x21
                        text run at (11,11) width 171: "Nested single-cell table!"
      RenderBlock (anonymous) at (0,1951) size 768x21
        RenderBR {BR} at (0,0) size 0x21
      RenderBlock {P} at (0,1988) size 768x21
        RenderInline {CODE} at (0,0) size 46x17
          RenderText {#text} at (0,3) size 46x17
            text run at (0,3) width 46: "<table>"
        RenderText {#text} at (46,0) size 72x21
          text run at (46,0) width 72: " has *no* "
        RenderInline {CODE} at (0,0) size 41x17
          RenderText {#text} at (118,3) size 41x17
            text run at (118,3) width 41: "border"
        RenderText {#text} at (159,0) size 76x21
          text run at (159,0) width 76: " attribute; "
        RenderInline {CODE} at (0,0) size 28x17
          RenderText {#text} at (235,3) size 28x17
            text run at (235,3) width 28: "<td>"
        RenderText {#text} at (263,0) size 45x21
          text run at (263,0) width 45: " have "
        RenderInline {CODE} at (0,0) size 205x17
          RenderText {#text} at (308,3) size 205x17
            text run at (308,3) width 205: "style=\"border: green 10px solid;\""
        RenderText {#text} at (513,0) size 4x21
          text run at (513,0) width 4: "."
      RenderTable {TABLE} at (0,2025) size 489x148
        RenderTableSection {TBODY} at (0,0) size 489x148
          RenderTableRow {TR} at (0,5) size 489x43
            RenderTableCell {TD} at (5,5) size 479x43 [border: (10px solid #008000)] [r=0 c=0 rs=1 cs=2]
              RenderText {#text} at (11,11) size 457x21
                text run at (11,11) width 457: "Every cell in this table should have a 10-pixel solid green border."
          RenderTableRow {TR} at (0,53) size 489x90
            RenderTableCell {TD} at (5,76) size 129x43 [border: (10px solid #008000)] [r=1 c=0 rs=1 cs=1]
              RenderText {#text} at (11,11) size 60x21
                text run at (11,11) width 60: "Cell one"
            RenderTableCell {TD} at (139,53) size 345x90 [border: (10px solid #008000)] [r=1 c=1 rs=1 cs=1]
              RenderBlock (anonymous) at (11,11) size 323x21
                RenderText {#text} at (0,0) size 58x21
                  text run at (0,0) width 58: "Cell two"
              RenderTable {TABLE} at (11,32) size 197x47
                RenderTableSection {TBODY} at (0,0) size 197x47
                  RenderTableRow {TR} at (0,2) size 197x43
                    RenderTableCell {TD} at (2,2) size 193x43 [border: (10px solid #008000)] [r=0 c=0 rs=1 cs=1]
                      RenderText {#text} at (11,11) size 171x21
                        text run at (11,11) width 171: "Nested single-cell table!"
