layer at (0,0) size 800x600
  RenderView at (0,0) size 800x600
layer at (0,0) size 800x600
  RenderBlock {HTML} at (0,0) size 800x600
    RenderBody {BODY} at (8,8) size 784x584
      RenderBlock (anonymous) at (0,0) size 784x21
        RenderText {#text} at (0,0) size 85x21
          text run at (0,0) width 85: "dom access"
      RenderTable {TABLE} at (0,21) size 70x37 [border: (1px outset #808080)]
        RenderTableSection {TBODY} at (1,1) size 68x35
          RenderTableRow {TR} at (0,1) size 68x33
            RenderTableCell {TD} at (1,1) size 66x33 [border: (5px solid #008000)] [r=0 c=0 rs=1 cs=1]
              RenderText {#text} at (6,6) size 54x21
                text run at (6,6) width 54: "100000"
      RenderBlock (anonymous) at (0,58) size 784x21
        RenderText {#text} at (0,0) size 67x21
          text run at (0,0) width 67: "reference"
      RenderTable {TABLE} at (0,79) size 70x37 [border: (1px outset #808080)]
        RenderTableSection {TBODY} at (1,1) size 68x35
          RenderTableRow {TR} at (0,1) size 68x33
            RenderTableCell {TD} at (1,1) size 66x33 [border: (5px solid #008000)] [r=0 c=0 rs=1 cs=1]
              RenderText {#text} at (6,6) size 54x21
                text run at (6,6) width 54: "100000"
