layer at (0,0) size 784x12865
  RenderView at (0,0) size 784x600
layer at (0,0) size 784x12865
  RenderBlock {HTML} at (0,0) size 784x12865
    RenderBody {BODY} at (8,8) size 768x12849
      RenderTable {TABLE} at (0,0) size 739x12849 [border: (1px outset #808080)]
        RenderTableSection {TBODY} at (1,1) size 737x12847
          RenderTableRow {TR} at (0,2) size 737x12843
            RenderTableCell {TD} at (2,2) size 12x25 [border: (1px inset #808080)] [r=0 c=0 rs=1 cs=1]
              RenderText {#text} at (2,2) size 8x21
                text run at (2,2) width 8: "x"
            RenderTableCell {TD} at (16,2) size 719x12843 [border: (1px inset #808080)] [r=0 c=1 rs=1 cs=1]
              RenderBlock (anonymous) at (2,2) size 715x0
                RenderInline {FONT} at (0,0) size 0x0
                  RenderText {#text} at (0,0) size 0x0
              RenderBlock (anonymous) at (2,2) size 715x12839
                RenderTable {TABLE} at (0,0) size 566x58 [border: (1px outset #808080)]
                  RenderTableSection {TBODY} at (1,1) size 564x56
                    RenderTableRow {TR} at (0,2) size 564x25
                      RenderTableCell {TD} at (2,2) size 111x25 [border: (1px inset #808080)] [r=0 c=0 rs=1 cs=1]
                        RenderText {#text} at (2,2) size 4x21
                          text run at (2,2) width 4: " "
                      RenderTableCell {TD} at (115,2) size 447x4 [border: (1px inset #808080)] [r=0 c=1 rs=1 cs=1]
                    RenderTableRow {TR} at (0,29) size 564x25
                      RenderTableCell {TD} at (2,29) size 111x25 [border: (1px inset #808080)] [r=1 c=0 rs=1 cs=1]
                        RenderText {#text} at (2,2) size 107x21
                          text run at (2,2) width 107: "Search again..."
                RenderBlock (anonymous) at (0,58) size 715x17
                  RenderText {#text} at (0,0) size 715x17
                    text run at (0,0) width 332: "This text node only exists once in the original document! "
                    text run at (332,0) width 307: "If it were a large collection of inlines, the page would "
                    text run at (639,0) width 76: "hang forever."
                  RenderInline {A} at (0,0) size 0x0
                RenderBlock {H2} at (0,91) size 715x27
                  RenderInline {A} at (0,0) size 169x27
                    RenderText {#text} at (0,0) size 169x27
                      text run at (0,0) width 169: "Table of Contents"
                RenderBlock {P} at (0,134) size 715x170
                  RenderInline {B} at (0,0) size 76x17
                    RenderInline {A} at (0,0) size 76x17 [color=#0000EE]
                      RenderText {#text} at (0,0) size 76x17
                        text run at (0,0) width 76: "Introduction"
                  RenderBR {BR} at (76,13) size 0x0
                  RenderBR {BR} at (0,17) size 0x17
                  RenderInline {A} at (0,0) size 160x17 [color=#0000EE]
                    RenderText {#text} at (0,34) size 160x17
                      text run at (0,34) width 160: "Who Should Use This Book"
                  RenderText {#text} at (160,34) size 4x17
                    text run at (160,34) width 4: " "
                  RenderBR {BR} at (164,47) size 0x0
                  RenderInline {A} at (0,0) size 134x17 [color=#0000EE]
                    RenderText {#text} at (0,51) size 134x17
                      text run at (0,51) width 134: "How To Use This Book"
                  RenderText {#text} at (134,51) size 4x17
                    text run at (134,51) width 4: " "
                  RenderBR {BR} at (138,64) size 0x0
                  RenderInline {A} at (0,0) size 166x17 [color=#0000EE]
                    RenderText {#text} at (0,68) size 166x17
                      text run at (0,68) width 166: "How This Book is Structured"
                  RenderText {#text} at (166,68) size 4x17
                    text run at (166,68) width 4: " "
                  RenderBR {BR} at (170,81) size 0x0
                  RenderInline {A} at (0,0) size 200x17 [color=#0000EE]
                    RenderText {#text} at (0,85) size 200x17
                      text run at (0,85) width 200: "How to Read the Syntax Diagrams"
                  RenderText {#text} at (200,85) size 4x17
                    text run at (200,85) width 4: " "
                  RenderBR {BR} at (204,98) size 0x0
                  RenderInline {A} at (0,0) size 195x17 [color=#0000EE]
                    RenderText {#text} at (0,102) size 195x17
                      text run at (0,102) width 195: "Conventions Used in This Manual"
                  RenderText {#text} at (195,102) size 4x17
                    text run at (195,102) width 4: " "
                  RenderBR {BR} at (199,115) size 0x0
                  RenderInline {A} at (0,0) size 93x17 [color=#0000EE]
                    RenderText {#text} at (0,119) size 93x17
                      text run at (0,119) width 93: "Error Conditions"
                  RenderText {#text} at (93,119) size 4x17
                    text run at (93,119) width 4: " "
                  RenderBR {BR} at (97,132) size 0x0
                  RenderInline {A} at (0,0) size 143x17 [color=#0000EE]
                    RenderText {#text} at (0,136) size 143x17
                      text run at (0,136) width 143: "Highlighting Conventions"
                  RenderText {#text} at (143,136) size 4x17
                    text run at (143,136) width 4: " "
                  RenderBR {BR} at (147,149) size 0x0
                  RenderInline {A} at (0,0) size 217x17 [color=#0000EE]
                    RenderText {#text} at (0,153) size 217x17
                      text run at (0,153) width 217: "Related Documentation for This Book"
                  RenderText {#text} at (0,0) size 0x0
                RenderBlock {P} at (0,317) size 715x1122
                  RenderInline {B} at (0,0) size 58x17
                    RenderInline {A} at (0,0) size 58x17 [color=#0000EE]
                      RenderText {#text} at (0,0) size 58x17
                        text run at (0,0) width 58: "Concepts"
                  RenderBR {BR} at (58,13) size 0x0
                  RenderBR {BR} at (0,17) size 0x17
                  RenderInline {A} at (0,0) size 116x17 [color=#0000EE]
                    RenderText {#text} at (0,34) size 116x17
                      text run at (0,34) width 116: "Relational Database"
                  RenderText {#text} at (116,34) size 4x17
                    text run at (116,34) width 4: " "
                  RenderBR {BR} at (120,47) size 0x0
                  RenderInline {A} at (0,0) size 197x17 [color=#0000EE]
                    RenderText {#text} at (0,51) size 197x17
                      text run at (0,51) width 197: "Structured Query Language (SQL)"
                  RenderText {#text} at (197,51) size 4x17
                    text run at (197,51) width 4: " "
                  RenderBR {BR} at (201,64) size 0x0
                  RenderInline {A} at (0,0) size 92x17 [color=#0000EE]
                    RenderText {#text} at (0,68) size 92x17
                      text run at (0,68) width 92: "Embedded SQL"
                  RenderText {#text} at (92,68) size 4x17
                    text run at (92,68) width 4: " "
                  RenderBR {BR} at (96,81) size 0x0
                  RenderInline {A} at (0,0) size 64x17 [color=#0000EE]
                    RenderText {#text} at (0,85) size 64x17
                      text run at (0,85) width 64: "Static SQL"
                  RenderText {#text} at (64,85) size 4x17
                    text run at (64,85) width 4: " "
                  RenderBR {BR} at (68,98) size 0x0
                  RenderInline {A} at (0,0) size 81x17 [color=#0000EE]
                    RenderText {#text} at (0,102) size 81x17
                      text run at (0,102) width 81: "Dynamic SQL"
                  RenderText {#text} at (81,102) size 4x17
                    text run at (81,102) width 4: " "
                  RenderBR {BR} at (85,115) size 0x0
                  RenderInline {A} at (0,0) size 405x17 [color=#0000EE]
                    RenderText {#text} at (0,119) size 405x17
                      text run at (0,119) width 405: "DB2 Call Level Interface (CLI) & Open Database Connectivity (ODBC)"
                  RenderText {#text} at (405,119) size 4x17
                    text run at (405,119) width 4: " "
                  RenderBR {BR} at (409,132) size 0x0
                  RenderInline {A} at (0,0) size 486x17 [color=#0000EE]
                    RenderText {#text} at (0,136) size 486x17
                      text run at (0,136) width 486: "Java Database Connectivity (JDBC) and Embedded SQL for Java (SQLJ) Programs"
                  RenderText {#text} at (486,136) size 4x17
                    text run at (486,136) width 4: " "
                  RenderBR {BR} at (490,149) size 0x0
                  RenderInline {A} at (0,0) size 91x17 [color=#0000EE]
                    RenderText {#text} at (0,153) size 91x17
                      text run at (0,153) width 91: "Interactive SQL"
                  RenderText {#text} at (91,153) size 4x17
                    text run at (91,153) width 4: " "
                  RenderBR {BR} at (95,166) size 0x0
                  RenderInline {A} at (0,0) size 55x17 [color=#0000EE]
                    RenderText {#text} at (0,170) size 55x17
                      text run at (0,170) width 55: "Schemas"
                  RenderText {#text} at (55,170) size 4x17
                    text run at (55,170) width 4: " "
                  RenderBR {BR} at (59,183) size 0x0
                  RenderInline {A} at (0,0) size 162x17 [color=#0000EE]
                    RenderText {#text} at (0,187) size 162x17
                      text run at (0,187) width 162: "Controlling Use of Schemas"
                  RenderText {#text} at (162,187) size 4x17
                    text run at (162,187) width 4: " "
                  RenderBR {BR} at (166,200) size 0x0
                  RenderInline {A} at (0,0) size 39x17 [color=#0000EE]
                    RenderText {#text} at (0,204) size 39x17
                      text run at (0,204) width 39: "Tables"
                  RenderText {#text} at (39,204) size 4x17
                    text run at (39,204) width 4: " "
                  RenderBR {BR} at (43,217) size 0x0
                  RenderInline {A} at (0,0) size 35x17 [color=#0000EE]
                    RenderText {#text} at (0,221) size 35x17
                      text run at (0,221) width 35: "Views"
                  RenderText {#text} at (35,221) size 4x17
                    text run at (35,221) width 4: " "
                  RenderBR {BR} at (39,234) size 0x0
                  RenderInline {A} at (0,0) size 43x17 [color=#0000EE]
                    RenderText {#text} at (0,238) size 43x17
                      text run at (0,238) width 43: "Aliases"
                  RenderText {#text} at (43,238) size 4x17
                    text run at (43,238) width 4: " "
                  RenderBR {BR} at (47,251) size 0x0
                  RenderInline {A} at (0,0) size 46x17 [color=#0000EE]
                    RenderText {#text} at (0,255) size 46x17
                      text run at (0,255) width 46: "Indexes"
                  RenderText {#text} at (46,255) size 4x17
                    text run at (46,255) width 4: " "
                  RenderBR {BR} at (50,268) size 0x0
                  RenderInline {A} at (0,0) size 30x17 [color=#0000EE]
                    RenderText {#text} at (0,272) size 30x17
                      text run at (0,272) width 30: "Keys"
                  RenderText {#text} at (30,272) size 4x17
                    text run at (30,272) width 4: " "
                  RenderBR {BR} at (34,285) size 0x0
                  RenderInline {A} at (0,0) size 74x17 [color=#0000EE]
                    RenderText {#text} at (0,289) size 74x17
                      text run at (0,289) width 74: "Unique Keys"
                  RenderText {#text} at (74,289) size 4x17
                    text run at (74,289) width 4: " "
                  RenderBR {BR} at (78,302) size 0x0
                  RenderInline {A} at (0,0) size 79x17 [color=#0000EE]
                    RenderText {#text} at (0,306) size 79x17
                      text run at (0,306) width 79: "Primary Keys"
                  RenderText {#text} at (79,306) size 4x17
                    text run at (79,306) width 4: " "
                  RenderBR {BR} at (83,319) size 0x0
                  RenderInline {A} at (0,0) size 77x17 [color=#0000EE]
                    RenderText {#text} at (0,323) size 77x17
                      text run at (0,323) width 77: "Foreign Keys"
                  RenderText {#text} at (77,323) size 4x17
                    text run at (77,323) width 4: " "
                  RenderBR {BR} at (81,336) size 0x0
                  RenderInline {A} at (0,0) size 99x17 [color=#0000EE]
                    RenderText {#text} at (0,340) size 99x17
                      text run at (0,340) width 99: "Partitioning Keys"
                  RenderText {#text} at (99,340) size 4x17
                    text run at (99,340) width 4: " "
                  RenderBR {BR} at (103,353) size 0x0
                  RenderInline {A} at (0,0) size 66x17 [color=#0000EE]
                    RenderText {#text} at (0,357) size 66x17
                      text run at (0,357) width 66: "Constraints"
                  RenderText {#text} at (66,357) size 4x17
                    text run at (66,357) width 4: " "
                  RenderBR {BR} at (70,370) size 0x0
                  RenderInline {A} at (0,0) size 110x17 [color=#0000EE]
                    RenderText {#text} at (0,374) size 110x17
                      text run at (0,374) width 110: "Unique Constraints"
                  RenderText {#text} at (110,374) size 4x17
                    text run at (110,374) width 4: " "
                  RenderBR {BR} at (114,387) size 0x0
                  RenderInline {A} at (0,0) size 132x17 [color=#0000EE]
                    RenderText {#text} at (0,391) size 132x17
                      text run at (0,391) width 132: "Referential Constraints"
                  RenderText {#text} at (132,391) size 4x17
                    text run at (132,391) width 4: " "
                  RenderBR {BR} at (136,404) size 0x0
                  RenderInline {A} at (0,0) size 143x17 [color=#0000EE]
                    RenderText {#text} at (0,408) size 143x17
                      text run at (0,408) width 143: "Table Check Constraints"
                  RenderText {#text} at (143,408) size 4x17
                    text run at (143,408) width 4: " "
                  RenderBR {BR} at (147,421) size 0x0
                  RenderInline {A} at (0,0) size 47x17 [color=#0000EE]
                    RenderText {#text} at (0,425) size 47x17
                      text run at (0,425) width 47: "Triggers"
                  RenderText {#text} at (47,425) size 4x17
                    text run at (47,425) width 4: " "
                  RenderBR {BR} at (51,438) size 0x0
                  RenderInline {A} at (0,0) size 88x17 [color=#0000EE]
                    RenderText {#text} at (0,442) size 88x17
                      text run at (0,442) width 88: "Event Monitors"
                  RenderText {#text} at (88,442) size 4x17
                    text run at (88,442) width 4: " "
                  RenderBR {BR} at (92,455) size 0x0
                  RenderInline {A} at (0,0) size 45x17 [color=#0000EE]
                    RenderText {#text} at (0,459) size 45x17
                      text run at (0,459) width 45: "Queries"
                  RenderText {#text} at (45,459) size 4x17
                    text run at (45,459) width 4: " "
                  RenderBR {BR} at (49,472) size 0x0
                  RenderInline {A} at (0,0) size 108x17 [color=#0000EE]
                    RenderText {#text} at (0,476) size 108x17
                      text run at (0,476) width 108: "Table Expressions"
                  RenderText {#text} at (108,476) size 4x17
                    text run at (108,476) width 4: " "
                  RenderBR {BR} at (112,489) size 0x0
                  RenderInline {A} at (0,0) size 164x17 [color=#0000EE]
                    RenderText {#text} at (0,493) size 164x17
                      text run at (0,493) width 164: "Common Table Expressions"
                  RenderText {#text} at (164,493) size 4x17
                    text run at (164,493) width 4: " "
                  RenderBR {BR} at (168,506) size 0x0
                  RenderInline {A} at (0,0) size 58x17 [color=#0000EE]
                    RenderText {#text} at (0,510) size 58x17
                      text run at (0,510) width 58: "Packages"
                  RenderText {#text} at (58,510) size 4x17
                    text run at (58,510) width 4: " "
                  RenderBR {BR} at (62,523) size 0x0
                  RenderInline {A} at (0,0) size 83x17 [color=#0000EE]
                    RenderText {#text} at (0,527) size 83x17
                      text run at (0,527) width 83: "Catalog Views"
                  RenderText {#text} at (83,527) size 4x17
                    text run at (83,527) width 4: " "
                  RenderBR {BR} at (87,540) size 0x0
                  RenderInline {A} at (0,0) size 299x17 [color=#0000EE]
                    RenderText {#text} at (0,544) size 299x17
                      text run at (0,544) width 299: "Application Processes, Concurrency, and Recovery"
                  RenderText {#text} at (299,544) size 4x17
                    text run at (299,544) width 4: " "
                  RenderBR {BR} at (303,557) size 0x0
                  RenderInline {A} at (0,0) size 84x17 [color=#0000EE]
                    RenderText {#text} at (0,561) size 84x17
                      text run at (0,561) width 84: "Isolation Level"
                  RenderText {#text} at (84,561) size 4x17
                    text run at (84,561) width 4: " "
                  RenderBR {BR} at (88,574) size 0x0
                  RenderInline {A} at (0,0) size 129x17 [color=#0000EE]
                    RenderText {#text} at (0,578) size 129x17
                      text run at (0,578) width 129: "Repeatable Read (RR)"
                  RenderText {#text} at (129,578) size 4x17
                    text run at (129,578) width 4: " "
                  RenderBR {BR} at (133,591) size 0x0
                  RenderInline {A} at (0,0) size 111x17 [color=#0000EE]
                    RenderText {#text} at (0,595) size 111x17
                      text run at (0,595) width 111: "Read Stability (RS)"
                  RenderText {#text} at (111,595) size 4x17
                    text run at (111,595) width 4: " "
                  RenderBR {BR} at (115,608) size 0x0
                  RenderInline {A} at (0,0) size 119x17 [color=#0000EE]
                    RenderText {#text} at (0,612) size 119x17
                      text run at (0,612) width 119: "Cursor Stability (CS)"
                  RenderText {#text} at (119,612) size 4x17
                    text run at (119,612) width 4: " "
                  RenderBR {BR} at (123,625) size 0x0
                  RenderInline {A} at (0,0) size 141x17 [color=#0000EE]
                    RenderText {#text} at (0,629) size 141x17
                      text run at (0,629) width 141: "Uncommitted Read (UR)"
                  RenderText {#text} at (141,629) size 4x17
                    text run at (141,629) width 4: " "
                  RenderBR {BR} at (145,642) size 0x0
                  RenderInline {A} at (0,0) size 179x17 [color=#0000EE]
                    RenderText {#text} at (0,646) size 179x17
                      text run at (0,646) width 179: "Comparison of Isolation Levels"
                  RenderText {#text} at (179,646) size 4x17
                    text run at (179,646) width 4: " "
                  RenderBR {BR} at (183,659) size 0x0
                  RenderInline {A} at (0,0) size 182x17 [color=#0000EE]
                    RenderText {#text} at (0,663) size 182x17
                      text run at (0,663) width 182: "Distributed Relational Database"
                  RenderText {#text} at (182,663) size 4x17
                    text run at (182,663) width 4: " "
                  RenderBR {BR} at (186,676) size 0x0
                  RenderInline {A} at (0,0) size 113x17 [color=#0000EE]
                    RenderText {#text} at (0,680) size 113x17
                      text run at (0,680) width 113: "Application Servers"
                  RenderText {#text} at (113,680) size 4x17
                    text run at (113,680) width 4: " "
                  RenderBR {BR} at (117,693) size 0x0
                  RenderInline {A} at (0,0) size 259x17 [color=#0000EE]
                    RenderText {#text} at (0,697) size 259x17
                      text run at (0,697) width 259: "CONNECT (Type 1) and CONNECT (Type 2)"
                  RenderText {#text} at (259,697) size 4x17
                    text run at (259,697) width 4: " "
                  RenderBR {BR} at (263,710) size 0x0
                  RenderInline {A} at (0,0) size 121x17 [color=#0000EE]
                    RenderText {#text} at (0,714) size 121x17
                      text run at (0,714) width 121: "Remote Unit of Work"
                  RenderText {#text} at (121,714) size 4x17
                    text run at (121,714) width 4: " "
                  RenderBR {BR} at (125,727) size 0x0
                  RenderInline {A} at (0,0) size 258x17 [color=#0000EE]
                    RenderText {#text} at (0,731) size 258x17
                      text run at (0,731) width 258: "Application-Directed Distributed Unit of Work"
                  RenderText {#text} at (258,731) size 4x17
                    text run at (258,731) width 4: " "
                  RenderBR {BR} at (262,744) size 0x0
                  RenderInline {A} at (0,0) size 208x17 [color=#0000EE]
                    RenderText {#text} at (0,748) size 208x17
                      text run at (0,748) width 208: "Data Representation Considerations"
                  RenderText {#text} at (208,748) size 4x17
                    text run at (208,748) width 4: " "
                  RenderBR {BR} at (212,761) size 0x0
                  RenderInline {A} at (0,0) size 143x17 [color=#0000EE]
                    RenderText {#text} at (0,765) size 143x17
                      text run at (0,765) width 143: "DB2 Federated Systems"
                  RenderText {#text} at (143,765) size 4x17
                    text run at (143,765) width 4: " "
                  RenderBR {BR} at (147,778) size 0x0
                  RenderInline {A} at (0,0) size 363x17 [color=#0000EE]
                    RenderText {#text} at (0,782) size 363x17
                      text run at (0,782) width 363: "The Federated Server, Federated Database, and Data Sources"
                  RenderText {#text} at (363,782) size 4x17
                    text run at (363,782) width 4: " "
                  RenderBR {BR} at (367,795) size 0x0
                  RenderInline {A} at (0,0) size 266x17 [color=#0000EE]
                    RenderText {#text} at (0,799) size 266x17
                      text run at (0,799) width 266: "Tasks to Perform in a DB2 Federated System"
                  RenderText {#text} at (266,799) size 4x17
                    text run at (266,799) width 4: " "
                  RenderBR {BR} at (270,812) size 0x0
                  RenderInline {A} at (0,0) size 185x17 [color=#0000EE]
                    RenderText {#text} at (0,816) size 185x17
                      text run at (0,816) width 185: "Wrappers and Wrapper Modules"
                  RenderText {#text} at (185,816) size 4x17
                    text run at (185,816) width 4: " "
                  RenderBR {BR} at (189,829) size 0x0
                  RenderInline {A} at (0,0) size 219x17 [color=#0000EE]
                    RenderText {#text} at (0,833) size 219x17
                      text run at (0,833) width 219: "Server Definitions and Server Options"
                  RenderText {#text} at (219,833) size 4x17
                    text run at (219,833) width 4: " "
                  RenderBR {BR} at (223,846) size 0x0
                  RenderInline {A} at (0,0) size 192x17 [color=#0000EE]
                    RenderText {#text} at (0,850) size 192x17
                      text run at (0,850) width 192: "User Mappings and User Options"
                  RenderText {#text} at (192,850) size 4x17
                    text run at (192,850) width 4: " "
                  RenderBR {BR} at (196,863) size 0x0
                  RenderInline {A} at (0,0) size 120x17 [color=#0000EE]
                    RenderText {#text} at (0,867) size 120x17
                      text run at (0,867) width 120: "Data Type Mappings"
                  RenderText {#text} at (120,867) size 4x17
                    text run at (120,867) width 4: " "
                  RenderBR {BR} at (124,880) size 0x0
                  RenderInline {A} at (0,0) size 418x17 [color=#0000EE]
                    RenderText {#text} at (0,884) size 418x17
                      text run at (0,884) width 418: "Function Mappings, Function Templates, and Function Mapping Options"
                  RenderText {#text} at (418,884) size 4x17
                    text run at (418,884) width 4: " "
                  RenderBR {BR} at (422,897) size 0x0
                  RenderInline {A} at (0,0) size 187x17 [color=#0000EE]
                    RenderText {#text} at (0,901) size 187x17
                      text run at (0,901) width 187: "Nicknames and Column Options"
                  RenderText {#text} at (187,901) size 4x17
                    text run at (187,901) width 4: " "
                  RenderBR {BR} at (191,914) size 0x0
                  RenderInline {A} at (0,0) size 118x17 [color=#0000EE]
                    RenderText {#text} at (0,918) size 118x17
                      text run at (0,918) width 118: "Index Specifications"
                  RenderText {#text} at (118,918) size 4x17
                    text run at (118,918) width 4: " "
                  RenderBR {BR} at (122,931) size 0x0
                  RenderInline {A} at (0,0) size 121x17 [color=#0000EE]
                    RenderText {#text} at (0,935) size 121x17
                      text run at (0,935) width 121: "Distributed Requests"
                  RenderText {#text} at (121,935) size 4x17
                    text run at (121,935) width 4: " "
                  RenderBR {BR} at (125,948) size 0x0
                  RenderInline {A} at (0,0) size 83x17 [color=#0000EE]
                    RenderText {#text} at (0,952) size 83x17
                      text run at (0,952) width 83: "Compensation"
                  RenderText {#text} at (83,952) size 4x17
                    text run at (83,952) width 4: " "
                  RenderBR {BR} at (87,965) size 0x0
                  RenderInline {A} at (0,0) size 81x17 [color=#0000EE]
                    RenderText {#text} at (0,969) size 81x17
                      text run at (0,969) width 81: "Pass-Through"
                  RenderText {#text} at (81,969) size 4x17
                    text run at (81,969) width 4: " "
                  RenderBR {BR} at (85,982) size 0x0
                  RenderInline {A} at (0,0) size 125x17 [color=#0000EE]
                    RenderText {#text} at (0,986) size 125x17
                      text run at (0,986) width 125: "Character Conversion"
                  RenderText {#text} at (125,986) size 4x17
                    text run at (125,986) width 4: " "
                  RenderBR {BR} at (129,999) size 0x0
                  RenderInline {A} at (0,0) size 187x17 [color=#0000EE]
                    RenderText {#text} at (0,1003) size 187x17
                      text run at (0,1003) width 187: "Character Sets and Code Pages"
                  RenderText {#text} at (187,1003) size 4x17
                    text run at (187,1003) width 4: " "
                  RenderBR {BR} at (191,1016) size 0x0
                  RenderInline {A} at (0,0) size 124x17 [color=#0000EE]
                    RenderText {#text} at (0,1020) size 124x17
                      text run at (0,1020) width 124: "Code Page Attributes"
                  RenderText {#text} at (124,1020) size 4x17
                    text run at (124,1020) width 4: " "
                  RenderBR {BR} at (128,1033) size 0x0
                  RenderInline {A} at (0,0) size 162x17 [color=#0000EE]
                    RenderText {#text} at (0,1037) size 162x17
                      text run at (0,1037) width 162: "Authorization and Privileges"
                  RenderText {#text} at (162,1037) size 4x17
                    text run at (162,1037) width 4: " "
                  RenderBR {BR} at (166,1050) size 0x0
                  RenderInline {A} at (0,0) size 254x17 [color=#0000EE]
                    RenderText {#text} at (0,1054) size 254x17
                      text run at (0,1054) width 254: "Table Spaces and Other Storage Structures"
                  RenderText {#text} at (254,1054) size 4x17
                    text run at (254,1054) width 4: " "
                  RenderBR {BR} at (258,1067) size 0x0
                  RenderInline {A} at (0,0) size 249x17 [color=#0000EE]
                    RenderText {#text} at (0,1071) size 249x17
                      text run at (0,1071) width 249: "Data Partitioning Across Multiple Partitions"
                  RenderText {#text} at (249,1071) size 4x17
                    text run at (249,1071) width 4: " "
                  RenderBR {BR} at (253,1084) size 0x0
                  RenderInline {A} at (0,0) size 101x17 [color=#0000EE]
                    RenderText {#text} at (0,1088) size 101x17
                      text run at (0,1088) width 101: "Partitioning Maps"
                  RenderText {#text} at (101,1088) size 4x17
                    text run at (101,1088) width 4: " "
                  RenderBR {BR} at (105,1101) size 0x0
                  RenderInline {A} at (0,0) size 100x17 [color=#0000EE]
                    RenderText {#text} at (0,1105) size 100x17
                      text run at (0,1105) width 100: "Table Collocation"
                  RenderText {#text} at (0,0) size 0x0
                RenderBlock {P} at (0,1452) size 715x2261
                  RenderInline {B} at (0,0) size 123x17
                    RenderInline {A} at (0,0) size 123x17 [color=#0000EE]
                      RenderText {#text} at (0,0) size 123x17
                        text run at (0,0) width 123: "Language Elements"
                  RenderBR {BR} at (123,13) size 0x0
                  RenderBR {BR} at (0,17) size 0x17
                  RenderInline {A} at (0,0) size 63x17 [color=#0000EE]
                    RenderText {#text} at (0,34) size 63x17
                      text run at (0,34) width 63: "Characters"
                  RenderText {#text} at (63,34) size 4x17
                    text run at (63,34) width 4: " "
                  RenderBR {BR} at (67,47) size 0x0
                  RenderInline {A} at (0,0) size 128x17 [color=#0000EE]
                    RenderText {#text} at (0,51) size 128x17
                      text run at (0,51) width 128: "MBCS Considerations"
                  RenderText {#text} at (128,51) size 4x17
                    text run at (128,51) width 4: " "
                  RenderBR {BR} at (132,64) size 0x0
                  RenderInline {A} at (0,0) size 43x17 [color=#0000EE]
                    RenderText {#text} at (0,68) size 43x17
                      text run at (0,68) width 43: "Tokens"
                  RenderText {#text} at (43,68) size 4x17
                    text run at (43,68) width 4: " "
                  RenderBR {BR} at (47,81) size 0x0
                  RenderInline {A} at (0,0) size 128x17 [color=#0000EE]
                    RenderText {#text} at (0,85) size 128x17
                      text run at (0,85) width 128: "MBCS Considerations"
                  RenderText {#text} at (128,85) size 4x17
                    text run at (128,85) width 4: " "
                  RenderBR {BR} at (132,98) size 0x0
                  RenderInline {A} at (0,0) size 57x17 [color=#0000EE]
                    RenderText {#text} at (0,102) size 57x17
                      text run at (0,102) width 57: "Identifiers"
                  RenderText {#text} at (57,102) size 4x17
                    text run at (57,102) width 4: " "
                  RenderBR {BR} at (61,115) size 0x0
                  RenderInline {A} at (0,0) size 87x17 [color=#0000EE]
                    RenderText {#text} at (0,119) size 87x17
                      text run at (0,119) width 87: "SQL Identifiers"
                  RenderText {#text} at (87,119) size 4x17
                    text run at (87,119) width 4: " "
                  RenderBR {BR} at (91,132) size 0x0
                  RenderInline {A} at (0,0) size 88x17 [color=#0000EE]
                    RenderText {#text} at (0,136) size 88x17
                      text run at (0,136) width 88: "Host Identifiers"
                  RenderText {#text} at (88,136) size 4x17
                    text run at (88,136) width 4: " "
                  RenderBR {BR} at (92,149) size 0x0
                  RenderInline {A} at (0,0) size 354x17 [color=#0000EE]
                    RenderText {#text} at (0,153) size 354x17
                      text run at (0,153) width 354: "Naming Conventions and Implicit Object Name Qualifications"
                  RenderText {#text} at (354,153) size 4x17
                    text run at (354,153) width 4: " "
                  RenderBR {BR} at (358,166) size 0x0
                  RenderInline {A} at (0,0) size 43x17 [color=#0000EE]
                    RenderText {#text} at (0,170) size 43x17
                      text run at (0,170) width 43: "Aliases"
                  RenderText {#text} at (43,170) size 4x17
                    text run at (43,170) width 4: " "
                  RenderBR {BR} at (47,183) size 0x0
                  RenderInline {A} at (0,0) size 246x17 [color=#0000EE]
                    RenderText {#text} at (0,187) size 246x17
                      text run at (0,187) width 246: "Authorization IDs and authorization-names"
                  RenderText {#text} at (246,187) size 4x17
                    text run at (246,187) width 4: " "
                  RenderBR {BR} at (250,200) size 0x0
                  RenderInline {A} at (0,0) size 238x17 [color=#0000EE]
                    RenderText {#text} at (0,204) size 238x17
                      text run at (0,204) width 238: "Dynamic SQL Characteristics at run-time"
                  RenderText {#text} at (238,204) size 4x17
                    text run at (238,204) width 4: " "
                  RenderBR {BR} at (242,217) size 0x0
                  RenderInline {A} at (0,0) size 259x17 [color=#0000EE]
                    RenderText {#text} at (0,221) size 259x17
                      text run at (0,221) width 259: "Authorization IDs and Statement Preparation"
                  RenderText {#text} at (259,221) size 4x17
                    text run at (259,221) width 4: " "
                  RenderBR {BR} at (263,234) size 0x0
                  RenderInline {A} at (0,0) size 67x17 [color=#0000EE]
                    RenderText {#text} at (0,238) size 67x17
                      text run at (0,238) width 67: "Data Types"
                  RenderText {#text} at (67,238) size 4x17
                    text run at (67,238) width 4: " "
                  RenderBR {BR} at (71,251) size 0x0
                  RenderInline {A} at (0,0) size 29x17 [color=#0000EE]
                    RenderText {#text} at (0,255) size 29x17
                      text run at (0,255) width 29: "Nulls"
                  RenderText {#text} at (29,255) size 4x17
                    text run at (29,255) width 4: " "
                  RenderBR {BR} at (33,268) size 0x0
                  RenderInline {A} at (0,0) size 126x17 [color=#0000EE]
                    RenderText {#text} at (0,272) size 126x17
                      text run at (0,272) width 126: "Large Objects (LOBs)"
                  RenderText {#text} at (126,272) size 4x17
                    text run at (126,272) width 4: " "
                  RenderBR {BR} at (130,285) size 0x0
                  RenderInline {A} at (0,0) size 101x17 [color=#0000EE]
                    RenderText {#text} at (0,289) size 101x17
                      text run at (0,289) width 101: "Character Strings"
                  RenderText {#text} at (101,289) size 4x17
                    text run at (101,289) width 4: " "
                  RenderBR {BR} at (105,302) size 0x0
                  RenderInline {A} at (0,0) size 90x17 [color=#0000EE]
                    RenderText {#text} at (0,306) size 90x17
                      text run at (0,306) width 90: "Graphic Strings"
                  RenderText {#text} at (90,306) size 4x17
                    text run at (90,306) width 4: " "
                  RenderBR {BR} at (94,319) size 0x0
                  RenderInline {A} at (0,0) size 75x17 [color=#0000EE]
                    RenderText {#text} at (0,323) size 75x17
                      text run at (0,323) width 75: "Binary String"
                  RenderText {#text} at (75,323) size 4x17
                    text run at (75,323) width 4: " "
                  RenderBR {BR} at (79,336) size 0x0
                  RenderInline {A} at (0,0) size 52x17 [color=#0000EE]
                    RenderText {#text} at (0,340) size 52x17
                      text run at (0,340) width 52: "Numbers"
                  RenderText {#text} at (52,340) size 4x17
                    text run at (52,340) width 4: " "
                  RenderBR {BR} at (56,353) size 0x0
                  RenderInline {A} at (0,0) size 96x17 [color=#0000EE]
                    RenderText {#text} at (0,357) size 96x17
                      text run at (0,357) width 96: "Datetime Values"
                  RenderText {#text} at (96,357) size 4x17
                    text run at (96,357) width 4: " "
                  RenderBR {BR} at (100,370) size 0x0
                  RenderInline {A} at (0,0) size 108x17 [color=#0000EE]
                    RenderText {#text} at (0,374) size 108x17
                      text run at (0,374) width 108: "DATALINK Values"
                  RenderText {#text} at (108,374) size 4x17
                    text run at (108,374) width 4: " "
                  RenderBR {BR} at (112,387) size 0x0
                  RenderInline {A} at (0,0) size 115x17 [color=#0000EE]
                    RenderText {#text} at (0,391) size 115x17
                      text run at (0,391) width 115: "User Defined Types"
                  RenderText {#text} at (115,391) size 4x17
                    text run at (115,391) width 4: " "
                  RenderBR {BR} at (119,404) size 0x0
                  RenderInline {A} at (0,0) size 145x17 [color=#0000EE]
                    RenderText {#text} at (0,408) size 145x17
                      text run at (0,408) width 145: "Promotion of Data Types"
                  RenderText {#text} at (145,408) size 4x17
                    text run at (145,408) width 4: " "
                  RenderBR {BR} at (149,421) size 0x0
                  RenderInline {A} at (0,0) size 169x17 [color=#0000EE]
                    RenderText {#text} at (0,425) size 169x17
                      text run at (0,425) width 169: "Casting Between Data Types"
                  RenderText {#text} at (169,425) size 4x17
                    text run at (169,425) width 4: " "
                  RenderBR {BR} at (173,438) size 0x0
                  RenderInline {A} at (0,0) size 181x17 [color=#0000EE]
                    RenderText {#text} at (0,442) size 181x17
                      text run at (0,442) width 181: "Assignments and Comparisons"
                  RenderText {#text} at (181,442) size 4x17
                    text run at (181,442) width 4: " "
                  RenderBR {BR} at (185,455) size 0x0
                  RenderInline {A} at (0,0) size 128x17 [color=#0000EE]
                    RenderText {#text} at (0,459) size 128x17
                      text run at (0,459) width 128: "Numeric Assignments"
                  RenderText {#text} at (128,459) size 4x17
                    text run at (128,459) width 4: " "
                  RenderBR {BR} at (132,472) size 0x0
                  RenderInline {A} at (0,0) size 114x17 [color=#0000EE]
                    RenderText {#text} at (0,476) size 114x17
                      text run at (0,476) width 114: "String Assignments"
                  RenderText {#text} at (114,476) size 4x17
                    text run at (114,476) width 4: " "
                  RenderBR {BR} at (118,489) size 0x0
                  RenderInline {A} at (0,0) size 132x17 [color=#0000EE]
                    RenderText {#text} at (0,493) size 132x17
                      text run at (0,493) width 132: "Datetime Assignments"
                  RenderText {#text} at (132,493) size 4x17
                    text run at (132,493) width 4: " "
                  RenderBR {BR} at (136,506) size 0x0
                  RenderInline {A} at (0,0) size 144x17 [color=#0000EE]
                    RenderText {#text} at (0,510) size 144x17
                      text run at (0,510) width 144: "DATALINK Assignments"
                  RenderText {#text} at (144,510) size 4x17
                    text run at (144,510) width 4: " "
                  RenderBR {BR} at (148,523) size 0x0
                  RenderInline {A} at (0,0) size 186x17 [color=#0000EE]
                    RenderText {#text} at (0,527) size 186x17
                      text run at (0,527) width 186: "User-defined Type Assignments"
                  RenderText {#text} at (186,527) size 4x17
                    text run at (186,527) width 4: " "
                  RenderBR {BR} at (190,540) size 0x0
                  RenderInline {A} at (0,0) size 172x17 [color=#0000EE]
                    RenderText {#text} at (0,544) size 172x17
                      text run at (0,544) width 172: "Reference Type Assignments"
                  RenderText {#text} at (172,544) size 4x17
                    text run at (172,544) width 4: " "
                  RenderBR {BR} at (176,557) size 0x0
                  RenderInline {A} at (0,0) size 128x17 [color=#0000EE]
                    RenderText {#text} at (0,561) size 128x17
                      text run at (0,561) width 128: "Numeric Comparisons"
                  RenderText {#text} at (128,561) size 4x17
                    text run at (128,561) width 4: " "
                  RenderBR {BR} at (132,574) size 0x0
                  RenderInline {A} at (0,0) size 114x17 [color=#0000EE]
                    RenderText {#text} at (0,578) size 114x17
                      text run at (0,578) width 114: "String Comparisons"
                  RenderText {#text} at (114,578) size 4x17
                    text run at (114,578) width 4: " "
                  RenderBR {BR} at (118,591) size 0x0
                  RenderInline {A} at (0,0) size 132x17 [color=#0000EE]
                    RenderText {#text} at (0,595) size 132x17
                      text run at (0,595) width 132: "Datetime Comparisons"
                  RenderText {#text} at (132,595) size 4x17
                    text run at (132,595) width 4: " "
                  RenderBR {BR} at (136,608) size 0x0
                  RenderInline {A} at (0,0) size 186x17 [color=#0000EE]
                    RenderText {#text} at (0,612) size 186x17
                      text run at (0,612) width 186: "User-defined Type Comparisons"
                  RenderText {#text} at (186,612) size 4x17
                    text run at (186,612) width 4: " "
                  RenderBR {BR} at (190,625) size 0x0
                  RenderInline {A} at (0,0) size 172x17 [color=#0000EE]
                    RenderText {#text} at (0,629) size 172x17
                      text run at (0,629) width 172: "Reference Type Comparisons"
                  RenderText {#text} at (172,629) size 4x17
                    text run at (172,629) width 4: " "
                  RenderBR {BR} at (176,642) size 0x0
                  RenderInline {A} at (0,0) size 164x17 [color=#0000EE]
                    RenderText {#text} at (0,646) size 164x17
                      text run at (0,646) width 164: "Rules for Result Data Types"
                  RenderText {#text} at (164,646) size 4x17
                    text run at (164,646) width 4: " "
                  RenderBR {BR} at (168,659) size 0x0
                  RenderInline {A} at (0,0) size 101x17 [color=#0000EE]
                    RenderText {#text} at (0,663) size 101x17
                      text run at (0,663) width 101: "Character Strings"
                  RenderText {#text} at (101,663) size 4x17
                    text run at (101,663) width 4: " "
                  RenderBR {BR} at (105,676) size 0x0
                  RenderInline {A} at (0,0) size 90x17 [color=#0000EE]
                    RenderText {#text} at (0,680) size 90x17
                      text run at (0,680) width 90: "Graphic Strings"
                  RenderText {#text} at (90,680) size 4x17
                    text run at (90,680) width 4: " "
                  RenderBR {BR} at (94,693) size 0x0
                  RenderInline {A} at (0,0) size 162x17 [color=#0000EE]
                    RenderText {#text} at (0,697) size 162x17
                      text run at (0,697) width 162: "Binary Large Object (BLOB)"
                  RenderText {#text} at (162,697) size 4x17
                    text run at (162,697) width 4: " "
                  RenderBR {BR} at (166,710) size 0x0
                  RenderInline {A} at (0,0) size 48x17 [color=#0000EE]
                    RenderText {#text} at (0,714) size 48x17
                      text run at (0,714) width 48: "Numeric"
                  RenderText {#text} at (48,714) size 4x17
                    text run at (48,714) width 4: " "
                  RenderBR {BR} at (52,727) size 0x0
                  RenderInline {A} at (0,0) size 35x17 [color=#0000EE]
                    RenderText {#text} at (0,731) size 35x17
                      text run at (0,731) width 35: "DATE"
                  RenderText {#text} at (35,731) size 4x17
                    text run at (35,731) width 4: " "
                  RenderBR {BR} at (39,744) size 0x0
                  RenderInline {A} at (0,0) size 32x17 [color=#0000EE]
                    RenderText {#text} at (0,748) size 32x17
                      text run at (0,748) width 32: "TIME"
                  RenderText {#text} at (32,748) size 4x17
                    text run at (32,748) width 4: " "
                  RenderBR {BR} at (36,761) size 0x0
                  RenderInline {A} at (0,0) size 78x17 [color=#0000EE]
                    RenderText {#text} at (0,765) size 78x17
                      text run at (0,765) width 78: "TIMESTAMP"
                  RenderText {#text} at (78,765) size 4x17
                    text run at (78,765) width 4: " "
                  RenderBR {BR} at (82,778) size 0x0
                  RenderInline {A} at (0,0) size 64x17 [color=#0000EE]
                    RenderText {#text} at (0,782) size 64x17
                      text run at (0,782) width 64: "DATALINK"
                  RenderText {#text} at (64,782) size 4x17
                    text run at (64,782) width 4: " "
                  RenderBR {BR} at (68,795) size 0x0
                  RenderInline {A} at (0,0) size 113x17 [color=#0000EE]
                    RenderText {#text} at (0,799) size 113x17
                      text run at (0,799) width 113: "User-defined Types"
                  RenderText {#text} at (113,799) size 4x17
                    text run at (113,799) width 4: " "
                  RenderBR {BR} at (117,812) size 0x0
                  RenderInline {A} at (0,0) size 155x17 [color=#0000EE]
                    RenderText {#text} at (0,816) size 155x17
                      text run at (0,816) width 155: "Nullable Attribute of Result"
                  RenderText {#text} at (155,816) size 4x17
                    text run at (155,816) width 4: " "
                  RenderBR {BR} at (159,829) size 0x0
                  RenderInline {A} at (0,0) size 166x17 [color=#0000EE]
                    RenderText {#text} at (0,833) size 166x17
                      text run at (0,833) width 166: "Rules for String Conversions"
                  RenderText {#text} at (166,833) size 4x17
                    text run at (166,833) width 4: " "
                  RenderBR {BR} at (170,846) size 0x0
                  RenderInline {A} at (0,0) size 127x17 [color=#0000EE]
                    RenderText {#text} at (0,850) size 127x17
                      text run at (0,850) width 127: "Partition Compatibility"
                  RenderText {#text} at (127,850) size 4x17
                    text run at (127,850) width 4: " "
                  RenderBR {BR} at (131,863) size 0x0
                  RenderInline {A} at (0,0) size 59x17 [color=#0000EE]
                    RenderText {#text} at (0,867) size 59x17
                      text run at (0,867) width 59: "Constants"
                  RenderText {#text} at (59,867) size 4x17
                    text run at (59,867) width 4: " "
                  RenderBR {BR} at (63,880) size 0x0
                  RenderInline {A} at (0,0) size 103x17 [color=#0000EE]
                    RenderText {#text} at (0,884) size 103x17
                      text run at (0,884) width 103: "Integer Constants"
                  RenderText {#text} at (103,884) size 4x17
                    text run at (103,884) width 4: " "
                  RenderBR {BR} at (107,897) size 0x0
                  RenderInline {A} at (0,0) size 143x17 [color=#0000EE]
                    RenderText {#text} at (0,901) size 143x17
                      text run at (0,901) width 143: "Floating-Point Constants"
                  RenderText {#text} at (143,901) size 4x17
                    text run at (143,901) width 4: " "
                  RenderBR {BR} at (147,914) size 0x0
                  RenderInline {A} at (0,0) size 110x17 [color=#0000EE]
                    RenderText {#text} at (0,918) size 110x17
                      text run at (0,918) width 110: "Decimal Constants"
                  RenderText {#text} at (110,918) size 4x17
                    text run at (110,918) width 4: " "
                  RenderBR {BR} at (114,931) size 0x0
                  RenderInline {A} at (0,0) size 157x17 [color=#0000EE]
                    RenderText {#text} at (0,935) size 157x17
                      text run at (0,935) width 157: "Character String Constants"
                  RenderText {#text} at (157,935) size 4x17
                    text run at (157,935) width 4: " "
                  RenderBR {BR} at (161,948) size 0x0
                  RenderInline {A} at (0,0) size 138x17 [color=#0000EE]
                    RenderText {#text} at (0,952) size 138x17
                      text run at (0,952) width 138: "Hexadecimal Constants"
                  RenderText {#text} at (138,952) size 4x17
                    text run at (138,952) width 4: " "
                  RenderBR {BR} at (142,965) size 0x0
                  RenderInline {A} at (0,0) size 146x17 [color=#0000EE]
                    RenderText {#text} at (0,969) size 146x17
                      text run at (0,969) width 146: "Graphic String Constants"
                  RenderText {#text} at (146,969) size 4x17
                    text run at (146,969) width 4: " "
                  RenderBR {BR} at (150,982) size 0x0
                  RenderInline {A} at (0,0) size 240x17 [color=#0000EE]
                    RenderText {#text} at (0,986) size 240x17
                      text run at (0,986) width 240: "Using Constants with User-defined Types"
                  RenderText {#text} at (240,986) size 4x17
                    text run at (240,986) width 4: " "
                  RenderBR {BR} at (244,999) size 0x0
                  RenderInline {A} at (0,0) size 102x17 [color=#0000EE]
                    RenderText {#text} at (0,1003) size 102x17
                      text run at (0,1003) width 102: "Special Registers"
                  RenderText {#text} at (102,1003) size 4x17
                    text run at (102,1003) width 4: " "
                  RenderBR {BR} at (106,1016) size 0x0
                  RenderInline {A} at (0,0) size 101x17 [color=#0000EE]
                    RenderText {#text} at (0,1020) size 101x17
                      text run at (0,1020) width 101: "CURRENT DATE"
                  RenderText {#text} at (101,1020) size 4x17
                    text run at (101,1020) width 4: " "
                  RenderBR {BR} at (105,1033) size 0x0
                  RenderInline {A} at (0,0) size 262x17 [color=#0000EE]
                    RenderText {#text} at (0,1037) size 262x17
                      text run at (0,1037) width 262: "CURRENT DEFAULT TRANSFORM GROUP"
                  RenderText {#text} at (262,1037) size 4x17
                    text run at (262,1037) width 4: " "
                  RenderBR {BR} at (266,1050) size 0x0
                  RenderInline {A} at (0,0) size 121x17 [color=#0000EE]
                    RenderText {#text} at (0,1054) size 121x17
                      text run at (0,1054) width 121: "CURRENT DEGREE"
                  RenderText {#text} at (121,1054) size 4x17
                    text run at (121,1054) width 4: " "
                  RenderBR {BR} at (125,1067) size 0x0
                  RenderInline {A} at (0,0) size 165x17 [color=#0000EE]
                    RenderText {#text} at (0,1071) size 165x17
                      text run at (0,1071) width 165: "CURRENT EXPLAIN MODE"
                  RenderText {#text} at (165,1071) size 4x17
                    text run at (165,1071) width 4: " "
                  RenderBR {BR} at (169,1084) size 0x0
                  RenderInline {A} at (0,0) size 198x17 [color=#0000EE]
                    RenderText {#text} at (0,1088) size 198x17
                      text run at (0,1088) width 198: "CURRENT EXPLAIN SNAPSHOT"
                  RenderText {#text} at (198,1088) size 4x17
                    text run at (198,1088) width 4: " "
                  RenderBR {BR} at (202,1101) size 0x0
                  RenderInline {A} at (0,0) size 103x17 [color=#0000EE]
                    RenderText {#text} at (0,1105) size 103x17
                      text run at (0,1105) width 103: "CURRENT NODE"
                  RenderText {#text} at (103,1105) size 4x17
                    text run at (103,1105) width 4: " "
                  RenderBR {BR} at (107,1118) size 0x0
                  RenderInline {A} at (0,0) size 101x17 [color=#0000EE]
                    RenderText {#text} at (0,1122) size 101x17
                      text run at (0,1122) width 101: "CURRENT PATH"
                  RenderText {#text} at (101,1122) size 4x17
                    text run at (101,1122) width 4: " "
                  RenderBR {BR} at (105,1135) size 0x0
                  RenderInline {A} at (0,0) size 210x17 [color=#0000EE]
                    RenderText {#text} at (0,1139) size 210x17
                      text run at (0,1139) width 210: "CURRENT QUERY OPTIMIZATION"
                  RenderText {#text} at (210,1139) size 4x17
                    text run at (210,1139) width 4: " "
                  RenderBR {BR} at (214,1152) size 0x0
                  RenderInline {A} at (0,0) size 160x17 [color=#0000EE]
                    RenderText {#text} at (0,1156) size 160x17
                      text run at (0,1156) width 160: "CURRENT REFRESH AGE"
                  RenderText {#text} at (160,1156) size 4x17
                    text run at (160,1156) width 4: " "
                  RenderBR {BR} at (164,1169) size 0x0
                  RenderInline {A} at (0,0) size 122x17 [color=#0000EE]
                    RenderText {#text} at (0,1173) size 122x17
                      text run at (0,1173) width 122: "CURRENT SCHEMA"
                  RenderText {#text} at (122,1173) size 4x17
                    text run at (122,1173) width 4: " "
                  RenderBR {BR} at (126,1186) size 0x0
                  RenderInline {A} at (0,0) size 120x17 [color=#0000EE]
                    RenderText {#text} at (0,1190) size 120x17
                      text run at (0,1190) width 120: "CURRENT SERVER"
                  RenderText {#text} at (120,1190) size 4x17
                    text run at (120,1190) width 4: " "
                  RenderBR {BR} at (124,1203) size 0x0
                  RenderInline {A} at (0,0) size 98x17 [color=#0000EE]
                    RenderText {#text} at (0,1207) size 98x17
                      text run at (0,1207) width 98: "CURRENT TIME"
                  RenderText {#text} at (98,1207) size 4x17
                    text run at (98,1207) width 4: " "
                  RenderBR {BR} at (102,1220) size 0x0
                  RenderInline {A} at (0,0) size 144x17 [color=#0000EE]
                    RenderText {#text} at (0,1224) size 144x17
                      text run at (0,1224) width 144: "CURRENT TIMESTAMP"
                  RenderText {#text} at (144,1224) size 4x17
                    text run at (144,1224) width 4: " "
                  RenderBR {BR} at (148,1237) size 0x0
                  RenderInline {A} at (0,0) size 134x17 [color=#0000EE]
                    RenderText {#text} at (0,1241) size 134x17
                      text run at (0,1241) width 134: "CURRENT TIMEZONE"
                  RenderText {#text} at (134,1241) size 4x17
                    text run at (134,1241) width 4: " "
                  RenderBR {BR} at (138,1254) size 0x0
                  RenderInline {A} at (0,0) size 36x17 [color=#0000EE]
                    RenderText {#text} at (0,1258) size 36x17
                      text run at (0,1258) width 36: "USER"
                  RenderText {#text} at (36,1258) size 4x17
                    text run at (36,1258) width 4: " "
                  RenderBR {BR} at (40,1271) size 0x0
                  RenderInline {A} at (0,0) size 89x17 [color=#0000EE]
                    RenderText {#text} at (0,1275) size 89x17
                      text run at (0,1275) width 89: "Column Names"
                  RenderText {#text} at (89,1275) size 4x17
                    text run at (89,1275) width 4: " "
                  RenderBR {BR} at (93,1288) size 0x0
                  RenderInline {A} at (0,0) size 144x17 [color=#0000EE]
                    RenderText {#text} at (0,1292) size 144x17
                      text run at (0,1292) width 144: "Qualified Column Names"
                  RenderText {#text} at (144,1292) size 4x17
                    text run at (144,1292) width 4: " "
                  RenderBR {BR} at (148,1305) size 0x0
                  RenderInline {A} at (0,0) size 107x17 [color=#0000EE]
                    RenderText {#text} at (0,1309) size 107x17
                      text run at (0,1309) width 107: "Correlation Names"
                  RenderText {#text} at (107,1309) size 4x17
                    text run at (107,1309) width 4: " "
                  RenderBR {BR} at (111,1322) size 0x0
                  RenderInline {A} at (0,0) size 255x17 [color=#0000EE]
                    RenderText {#text} at (0,1326) size 255x17
                      text run at (0,1326) width 255: "Column Name Qualifiers to Avoid Ambiguity"
                  RenderText {#text} at (255,1326) size 4x17
                    text run at (255,1326) width 4: " "
                  RenderBR {BR} at (259,1339) size 0x0
                  RenderInline {A} at (0,0) size 288x17 [color=#0000EE]
                    RenderText {#text} at (0,1343) size 288x17
                      text run at (0,1343) width 288: "Column Name Qualifiers in Correlated References"
                  RenderText {#text} at (288,1343) size 4x17
                    text run at (288,1343) width 4: " "
                  RenderBR {BR} at (292,1356) size 0x0
                  RenderInline {A} at (0,0) size 170x17 [color=#0000EE]
                    RenderText {#text} at (0,1360) size 170x17
                      text run at (0,1360) width 170: "References to Host Variables"
                  RenderText {#text} at (170,1360) size 4x17
                    text run at (170,1360) width 4: " "
                  RenderBR {BR} at (174,1373) size 0x0
                  RenderInline {A} at (0,0) size 184x17 [color=#0000EE]
                    RenderText {#text} at (0,1377) size 184x17
                      text run at (0,1377) width 184: "Host Variables in Dynamic SQL"
                  RenderText {#text} at (184,1377) size 4x17
                    text run at (184,1377) width 4: " "
                  RenderBR {BR} at (188,1390) size 0x0
                  RenderInline {A} at (0,0) size 338x17 [color=#0000EE]
                    RenderText {#text} at (0,1394) size 338x17
                      text run at (0,1394) width 338: "References to BLOB, CLOB, and DBCLOB Host Variables"
                  RenderText {#text} at (338,1394) size 4x17
                    text run at (338,1394) width 4: " "
                  RenderBR {BR} at (342,1407) size 0x0
                  RenderInline {A} at (0,0) size 186x17 [color=#0000EE]
                    RenderText {#text} at (0,1411) size 186x17
                      text run at (0,1411) width 186: "References to Locator Variables"
                  RenderText {#text} at (186,1411) size 4x17
                    text run at (186,1411) width 4: " "
                  RenderBR {BR} at (190,1424) size 0x0
                  RenderInline {A} at (0,0) size 395x17 [color=#0000EE]
                    RenderText {#text} at (0,1428) size 395x17
                      text run at (0,1428) width 395: "References to BLOB, CLOB, and DBCLOB File Reference Variables"
                  RenderText {#text} at (395,1428) size 4x17
                    text run at (395,1428) width 4: " "
                  RenderBR {BR} at (399,1441) size 0x0
                  RenderInline {A} at (0,0) size 267x17 [color=#0000EE]
                    RenderText {#text} at (0,1445) size 267x17
                      text run at (0,1445) width 267: "References to Structured Type Host Variables"
                  RenderText {#text} at (267,1445) size 4x17
                    text run at (267,1445) width 4: " "
                  RenderBR {BR} at (271,1458) size 0x0
                  RenderInline {A} at (0,0) size 57x17 [color=#0000EE]
                    RenderText {#text} at (0,1462) size 57x17
                      text run at (0,1462) width 57: "Functions"
                  RenderText {#text} at (57,1462) size 4x17
                    text run at (57,1462) width 4: " "
                  RenderBR {BR} at (61,1475) size 0x0
                  RenderInline {A} at (0,0) size 299x17 [color=#0000EE]
                    RenderText {#text} at (0,1479) size 299x17
                      text run at (0,1479) width 299: "External, SQL and Sourced User-Defined Functions"
                  RenderText {#text} at (299,1479) size 4x17
                    text run at (299,1479) width 4: " "
                  RenderBR {BR} at (303,1492) size 0x0
                  RenderInline {A} at (0,0) size 323x17 [color=#0000EE]
                    RenderText {#text} at (0,1496) size 323x17
                      text run at (0,1496) width 323: "Scalar, Column, Row and Table User-Defined Functions"
                  RenderText {#text} at (323,1496) size 4x17
                    text run at (323,1496) width 4: " "
                  RenderBR {BR} at (327,1509) size 0x0
                  RenderInline {A} at (0,0) size 114x17 [color=#0000EE]
                    RenderText {#text} at (0,1513) size 114x17
                      text run at (0,1513) width 114: "Function signatures"
                  RenderText {#text} at (114,1513) size 4x17
                    text run at (114,1513) width 4: " "
                  RenderBR {BR} at (118,1526) size 0x0
                  RenderInline {A} at (0,0) size 57x17 [color=#0000EE]
                    RenderText {#text} at (0,1530) size 57x17
                      text run at (0,1530) width 57: "SQL Path"
                  RenderText {#text} at (57,1530) size 4x17
                    text run at (57,1530) width 4: " "
                  RenderBR {BR} at (61,1543) size 0x0
                  RenderInline {A} at (0,0) size 115x17 [color=#0000EE]
                    RenderText {#text} at (0,1547) size 115x17
                      text run at (0,1547) width 115: "Function Resolution"
                  RenderText {#text} at (115,1547) size 4x17
                    text run at (115,1547) width 4: " "
                  RenderBR {BR} at (119,1560) size 0x0
                  RenderInline {A} at (0,0) size 114x17 [color=#0000EE]
                    RenderText {#text} at (0,1564) size 114x17
                      text run at (0,1564) width 114: "Function Invocation"
                  RenderText {#text} at (114,1564) size 4x17
                    text run at (114,1564) width 4: " "
                  RenderBR {BR} at (118,1577) size 0x0
                  RenderInline {A} at (0,0) size 50x17 [color=#0000EE]
                    RenderText {#text} at (0,1581) size 50x17
                      text run at (0,1581) width 50: "Methods"
                  RenderText {#text} at (50,1581) size 4x17
                    text run at (50,1581) width 4: " "
                  RenderBR {BR} at (54,1594) size 0x0
                  RenderInline {A} at (0,0) size 236x17 [color=#0000EE]
                    RenderText {#text} at (0,1598) size 236x17
                      text run at (0,1598) width 236: "External and SQL User-Defined Methods"
                  RenderText {#text} at (236,1598) size 4x17
                    text run at (236,1598) width 4: " "
                  RenderBR {BR} at (240,1611) size 0x0
                  RenderInline {A} at (0,0) size 109x17 [color=#0000EE]
                    RenderText {#text} at (0,1615) size 109x17
                      text run at (0,1615) width 109: "Method Signatures"
                  RenderText {#text} at (109,1615) size 4x17
                    text run at (109,1615) width 4: " "
                  RenderBR {BR} at (113,1628) size 0x0
                  RenderInline {A} at (0,0) size 107x17 [color=#0000EE]
                    RenderText {#text} at (0,1632) size 107x17
                      text run at (0,1632) width 107: "Method Invocation"
                  RenderText {#text} at (107,1632) size 4x17
                    text run at (107,1632) width 4: " "
                  RenderBR {BR} at (111,1645) size 0x0
                  RenderInline {A} at (0,0) size 108x17 [color=#0000EE]
                    RenderText {#text} at (0,1649) size 108x17
                      text run at (0,1649) width 108: "Method Resolution"
                  RenderText {#text} at (108,1649) size 4x17
                    text run at (108,1649) width 4: " "
                  RenderBR {BR} at (112,1662) size 0x0
                  RenderInline {A} at (0,0) size 188x17 [color=#0000EE]
                    RenderText {#text} at (0,1666) size 188x17
                      text run at (0,1666) width 188: "Method of Choosing the Best Fit"
                  RenderText {#text} at (188,1666) size 4x17
                    text run at (188,1666) width 4: " "
                  RenderBR {BR} at (192,1679) size 0x0
                  RenderInline {A} at (0,0) size 178x17 [color=#0000EE]
                    RenderText {#text} at (0,1683) size 178x17
                      text run at (0,1683) width 178: "Example of Method Resolution"
                  RenderText {#text} at (178,1683) size 4x17
                    text run at (178,1683) width 4: " "
                  RenderBR {BR} at (182,1696) size 0x0
                  RenderInline {A} at (0,0) size 107x17 [color=#0000EE]
                    RenderText {#text} at (0,1700) size 107x17
                      text run at (0,1700) width 107: "Method Invocation"
                  RenderText {#text} at (107,1700) size 4x17
                    text run at (107,1700) width 4: " "
                  RenderBR {BR} at (111,1713) size 0x0
                  RenderInline {A} at (0,0) size 189x17 [color=#0000EE]
                    RenderText {#text} at (0,1717) size 189x17
                      text run at (0,1717) width 189: "Conservative Binding Semantics"
                  RenderText {#text} at (189,1717) size 4x17
                    text run at (189,1717) width 4: " "
                  RenderBR {BR} at (193,1730) size 0x0
                  RenderInline {A} at (0,0) size 72x17 [color=#0000EE]
                    RenderText {#text} at (0,1734) size 72x17
                      text run at (0,1734) width 72: "Expressions"
                  RenderText {#text} at (72,1734) size 4x17
                    text run at (72,1734) width 4: " "
                  RenderBR {BR} at (76,1747) size 0x0
                  RenderInline {A} at (0,0) size 105x17 [color=#0000EE]
                    RenderText {#text} at (0,1751) size 105x17
                      text run at (0,1751) width 105: "Without Operators"
                  RenderText {#text} at (105,1751) size 4x17
                    text run at (105,1751) width 4: " "
                  RenderBR {BR} at (109,1764) size 0x0
                  RenderInline {A} at (0,0) size 189x17 [color=#0000EE]
                    RenderText {#text} at (0,1768) size 189x17
                      text run at (0,1768) width 189: "With the Concatenation Operator"
                  RenderText {#text} at (189,1768) size 4x17
                    text run at (189,1768) width 4: " "
                  RenderBR {BR} at (193,1781) size 0x0
                  RenderInline {A} at (0,0) size 150x17 [color=#0000EE]
                    RenderText {#text} at (0,1785) size 150x17
                      text run at (0,1785) width 150: "With Arithmetic Operators"
                  RenderText {#text} at (150,1785) size 4x17
                    text run at (150,1785) width 4: " "
                  RenderBR {BR} at (154,1798) size 0x0
                  RenderInline {A} at (0,0) size 128x17 [color=#0000EE]
                    RenderText {#text} at (0,1802) size 128x17
                      text run at (0,1802) width 128: "Two Integer Operands"
                  RenderText {#text} at (128,1802) size 4x17
                    text run at (128,1802) width 4: " "
                  RenderBR {BR} at (132,1815) size 0x0
                  RenderInline {A} at (0,0) size 176x17 [color=#0000EE]
                    RenderText {#text} at (0,1819) size 176x17
                      text run at (0,1819) width 176: "Integer and Decimal Operands"
                  RenderText {#text} at (176,1819) size 4x17
                    text run at (176,1819) width 4: " "
                  RenderBR {BR} at (180,1832) size 0x0
                  RenderInline {A} at (0,0) size 135x17 [color=#0000EE]
                    RenderText {#text} at (0,1836) size 135x17
                      text run at (0,1836) width 135: "Two Decimal Operands"
                  RenderText {#text} at (135,1836) size 4x17
                    text run at (135,1836) width 4: " "
                  RenderBR {BR} at (139,1849) size 0x0
                  RenderInline {A} at (0,0) size 154x17 [color=#0000EE]
                    RenderText {#text} at (0,1853) size 154x17
                      text run at (0,1853) width 154: "Decimal Arithmetic in SQL"
                  RenderText {#text} at (154,1853) size 4x17
                    text run at (154,1853) width 4: " "
                  RenderBR {BR} at (158,1866) size 0x0
                  RenderInline {A} at (0,0) size 140x17 [color=#0000EE]
                    RenderText {#text} at (0,1870) size 140x17
                      text run at (0,1870) width 140: "Floating-Point Operands"
                  RenderText {#text} at (140,1870) size 4x17
                    text run at (140,1870) width 4: " "
                  RenderBR {BR} at (144,1883) size 0x0
                  RenderInline {A} at (0,0) size 191x17 [color=#0000EE]
                    RenderText {#text} at (0,1887) size 191x17
                      text run at (0,1887) width 191: "User-defined Types as Operands"
                  RenderText {#text} at (191,1887) size 4x17
                    text run at (191,1887) width 4: " "
                  RenderBR {BR} at (195,1900) size 0x0
                  RenderInline {A} at (0,0) size 97x17 [color=#0000EE]
                    RenderText {#text} at (0,1904) size 97x17
                      text run at (0,1904) width 97: "Scalar Fullselect"
                  RenderText {#text} at (97,1904) size 4x17
                    text run at (97,1904) width 4: " "
                  RenderBR {BR} at (101,1917) size 0x0
                  RenderInline {A} at (0,0) size 203x17 [color=#0000EE]
                    RenderText {#text} at (0,1921) size 203x17
                      text run at (0,1921) width 203: "Datetime Operations and Durations"
                  RenderText {#text} at (203,1921) size 4x17
                    text run at (203,1921) width 4: " "
                  RenderBR {BR} at (207,1934) size 0x0
                  RenderInline {A} at (0,0) size 159x17 [color=#0000EE]
                    RenderText {#text} at (0,1938) size 159x17
                      text run at (0,1938) width 159: "Datetime Arithmetic in SQL"
                  RenderText {#text} at (159,1938) size 4x17
                    text run at (159,1938) width 4: " "
                  RenderBR {BR} at (163,1951) size 0x0
                  RenderInline {A} at (0,0) size 151x17 [color=#0000EE]
                    RenderText {#text} at (0,1955) size 151x17
                      text run at (0,1955) width 151: "Precedence of Operations"
                  RenderText {#text} at (151,1955) size 4x17
                    text run at (151,1955) width 4: " "
                  RenderBR {BR} at (155,1968) size 0x0
                  RenderInline {A} at (0,0) size 112x17 [color=#0000EE]
                    RenderText {#text} at (0,1972) size 112x17
                      text run at (0,1972) width 112: "CASE Expressions"
                  RenderText {#text} at (112,1972) size 4x17
                    text run at (112,1972) width 4: " "
                  RenderBR {BR} at (116,1985) size 0x0
                  RenderInline {A} at (0,0) size 121x17 [color=#0000EE]
                    RenderText {#text} at (0,1989) size 121x17
                      text run at (0,1989) width 121: "CAST Specifications"
                  RenderText {#text} at (121,1989) size 4x17
                    text run at (121,1989) width 4: " "
                  RenderBR {BR} at (125,2002) size 0x0
                  RenderInline {A} at (0,0) size 137x17 [color=#0000EE]
                    RenderText {#text} at (0,2006) size 137x17
                      text run at (0,2006) width 137: "Dereference Operations"
                  RenderText {#text} at (137,2006) size 4x17
                    text run at (137,2006) width 4: " "
                  RenderBR {BR} at (141,2019) size 0x0
                  RenderInline {A} at (0,0) size 96x17 [color=#0000EE]
                    RenderText {#text} at (0,2023) size 96x17
                      text run at (0,2023) width 96: "OLAP Functions"
                  RenderText {#text} at (96,2023) size 4x17
                    text run at (96,2023) width 4: " "
                  RenderBR {BR} at (100,2036) size 0x0
                  RenderInline {A} at (0,0) size 107x17 [color=#0000EE]
                    RenderText {#text} at (0,2040) size 107x17
                      text run at (0,2040) width 107: "Method Invocation"
                  RenderText {#text} at (107,2040) size 4x17
                    text run at (107,2040) width 4: " "
                  RenderBR {BR} at (111,2053) size 0x0
                  RenderInline {A} at (0,0) size 111x17 [color=#0000EE]
                    RenderText {#text} at (0,2057) size 111x17
                      text run at (0,2057) width 111: "Subtype Treatment"
                  RenderText {#text} at (111,2057) size 4x17
                    text run at (111,2057) width 4: " "
                  RenderBR {BR} at (115,2070) size 0x0
                  RenderInline {A} at (0,0) size 62x17 [color=#0000EE]
                    RenderText {#text} at (0,2074) size 62x17
                      text run at (0,2074) width 62: "Predicates"
                  RenderText {#text} at (62,2074) size 4x17
                    text run at (62,2074) width 4: " "
                  RenderBR {BR} at (66,2087) size 0x0
                  RenderInline {A} at (0,0) size 92x17 [color=#0000EE]
                    RenderText {#text} at (0,2091) size 92x17
                      text run at (0,2091) width 92: "Basic Predicate"
                  RenderText {#text} at (92,2091) size 4x17
                    text run at (92,2091) width 4: " "
                  RenderBR {BR} at (96,2104) size 0x0
                  RenderInline {A} at (0,0) size 118x17 [color=#0000EE]
                    RenderText {#text} at (0,2108) size 118x17
                      text run at (0,2108) width 118: "Quantified Predicate"
                  RenderText {#text} at (118,2108) size 4x17
                    text run at (118,2108) width 4: " "
                  RenderBR {BR} at (122,2121) size 0x0
                  RenderInline {A} at (0,0) size 124x17 [color=#0000EE]
                    RenderText {#text} at (0,2125) size 124x17
                      text run at (0,2125) width 124: "BETWEEN Predicate"
                  RenderText {#text} at (124,2125) size 4x17
                    text run at (124,2125) width 4: " "
                  RenderBR {BR} at (128,2138) size 0x0
                  RenderInline {A} at (0,0) size 107x17 [color=#0000EE]
                    RenderText {#text} at (0,2142) size 107x17
                      text run at (0,2142) width 107: "EXISTS Predicate"
                  RenderText {#text} at (107,2142) size 4x17
                    text run at (107,2142) width 4: " "
                  RenderBR {BR} at (111,2155) size 0x0
                  RenderInline {A} at (0,0) size 72x17 [color=#0000EE]
                    RenderText {#text} at (0,2159) size 72x17
                      text run at (0,2159) width 72: "IN Predicate"
                  RenderText {#text} at (72,2159) size 4x17
                    text run at (72,2159) width 4: " "
                  RenderBR {BR} at (76,2172) size 0x0
                  RenderInline {A} at (0,0) size 88x17 [color=#0000EE]
                    RenderText {#text} at (0,2176) size 88x17
                      text run at (0,2176) width 88: "LIKE Predicate"
                  RenderText {#text} at (88,2176) size 4x17
                    text run at (88,2176) width 4: " "
                  RenderBR {BR} at (92,2189) size 0x0
                  RenderInline {A} at (0,0) size 91x17 [color=#0000EE]
                    RenderText {#text} at (0,2193) size 91x17
                      text run at (0,2193) width 91: "NULL Predicate"
                  RenderText {#text} at (91,2193) size 4x17
                    text run at (91,2193) width 4: " "
                  RenderBR {BR} at (95,2206) size 0x0
                  RenderInline {A} at (0,0) size 94x17 [color=#0000EE]
                    RenderText {#text} at (0,2210) size 94x17
                      text run at (0,2210) width 94: "TYPE Predicate"
                  RenderText {#text} at (94,2210) size 4x17
                    text run at (94,2210) width 4: " "
                  RenderBR {BR} at (98,2223) size 0x0
                  RenderInline {A} at (0,0) size 106x17 [color=#0000EE]
                    RenderText {#text} at (0,2227) size 106x17
                      text run at (0,2227) width 106: "Search Conditions"
                  RenderText {#text} at (106,2227) size 4x17
                    text run at (106,2227) width 4: " "
                  RenderBR {BR} at (110,2240) size 0x0
                  RenderInline {A} at (0,0) size 58x17 [color=#0000EE]
                    RenderText {#text} at (0,2244) size 58x17
                      text run at (0,2244) width 58: "Examples"
                  RenderText {#text} at (0,0) size 0x0
                RenderBlock {P} at (0,3726) size 715x2193
                  RenderInline {B} at (0,0) size 62x17
                    RenderInline {A} at (0,0) size 62x17 [color=#0000EE]
                      RenderText {#text} at (0,0) size 62x17
                        text run at (0,0) width 62: "Functions"
                  RenderBR {BR} at (62,13) size 0x0
                  RenderBR {BR} at (0,17) size 0x17
                  RenderInline {A} at (0,0) size 105x17 [color=#0000EE]
                    RenderText {#text} at (0,34) size 105x17
                      text run at (0,34) width 105: "Column Functions"
                  RenderText {#text} at (105,34) size 4x17
                    text run at (105,34) width 4: " "
                  RenderBR {BR} at (109,47) size 0x0
                  RenderInline {A} at (0,0) size 28x17 [color=#0000EE]
                    RenderText {#text} at (0,51) size 28x17
                      text run at (0,51) width 28: "AVG"
                  RenderText {#text} at (28,51) size 4x17
                    text run at (28,51) width 4: " "
                  RenderBR {BR} at (32,64) size 0x0
                  RenderInline {A} at (0,0) size 93x17 [color=#0000EE]
                    RenderText {#text} at (0,68) size 93x17
                      text run at (0,68) width 93: "CORRELATION"
                  RenderText {#text} at (93,68) size 4x17
                    text run at (93,68) width 4: " "
                  RenderBR {BR} at (97,81) size 0x0
                  RenderInline {A} at (0,0) size 45x17 [color=#0000EE]
                    RenderText {#text} at (0,85) size 45x17
                      text run at (0,85) width 45: "COUNT"
                  RenderText {#text} at (45,85) size 4x17
                    text run at (45,85) width 4: " "
                  RenderBR {BR} at (49,98) size 0x0
                  RenderInline {A} at (0,0) size 75x17 [color=#0000EE]
                    RenderText {#text} at (0,102) size 75x17
                      text run at (0,102) width 75: "COUNT_BIG"
                  RenderText {#text} at (75,102) size 4x17
                    text run at (75,102) width 4: " "
                  RenderBR {BR} at (79,115) size 0x0
                  RenderInline {A} at (0,0) size 86x17 [color=#0000EE]
                    RenderText {#text} at (0,119) size 86x17
                      text run at (0,119) width 86: "COVARIANCE"
                  RenderText {#text} at (86,119) size 4x17
                    text run at (86,119) width 4: " "
                  RenderBR {BR} at (90,132) size 0x0
                  RenderInline {A} at (0,0) size 70x17 [color=#0000EE]
                    RenderText {#text} at (0,136) size 70x17
                      text run at (0,136) width 70: "GROUPING"
                  RenderText {#text} at (70,136) size 4x17
                    text run at (70,136) width 4: " "
                  RenderBR {BR} at (74,149) size 0x0
                  RenderInline {A} at (0,0) size 29x17 [color=#0000EE]
                    RenderText {#text} at (0,153) size 29x17
                      text run at (0,153) width 29: "MAX"
                  RenderText {#text} at (29,153) size 4x17
                    text run at (29,153) width 4: " "
                  RenderBR {BR} at (33,166) size 0x0
                  RenderInline {A} at (0,0) size 24x17 [color=#0000EE]
                    RenderText {#text} at (0,170) size 24x17
                      text run at (0,170) width 24: "MIN"
                  RenderText {#text} at (24,170) size 4x17
                    text run at (24,170) width 4: " "
                  RenderBR {BR} at (28,183) size 0x0
                  RenderInline {A} at (0,0) size 148x17 [color=#0000EE]
                    RenderText {#text} at (0,187) size 148x17
                      text run at (0,187) width 148: "REGRESSION Functions"
                  RenderText {#text} at (148,187) size 4x17
                    text run at (148,187) width 4: " "
                  RenderBR {BR} at (152,200) size 0x0
                  RenderInline {A} at (0,0) size 53x17 [color=#0000EE]
                    RenderText {#text} at (0,204) size 53x17
                      text run at (0,204) width 53: "STDDEV"
                  RenderText {#text} at (53,204) size 4x17
                    text run at (53,204) width 4: " "
                  RenderBR {BR} at (57,217) size 0x0
                  RenderInline {A} at (0,0) size 29x17 [color=#0000EE]
                    RenderText {#text} at (0,221) size 29x17
                      text run at (0,221) width 29: "SUM"
                  RenderText {#text} at (29,221) size 4x17
                    text run at (29,221) width 4: " "
                  RenderBR {BR} at (33,234) size 0x0
                  RenderInline {A} at (0,0) size 67x17 [color=#0000EE]
                    RenderText {#text} at (0,238) size 67x17
                      text run at (0,238) width 67: "VARIANCE"
                  RenderText {#text} at (67,238) size 4x17
                    text run at (67,238) width 4: " "
                  RenderBR {BR} at (71,251) size 0x0
                  RenderInline {A} at (0,0) size 98x17 [color=#0000EE]
                    RenderText {#text} at (0,255) size 98x17
                      text run at (0,255) width 98: "Scalar Functions"
                  RenderText {#text} at (98,255) size 4x17
                    text run at (98,255) width 4: " "
                  RenderBR {BR} at (102,268) size 0x0
                  RenderInline {A} at (0,0) size 98x17 [color=#0000EE]
                    RenderText {#text} at (0,272) size 98x17
                      text run at (0,272) width 98: "ABS or ABSVAL"
                  RenderText {#text} at (98,272) size 4x17
                    text run at (98,272) width 4: " "
                  RenderBR {BR} at (102,285) size 0x0
                  RenderInline {A} at (0,0) size 37x17 [color=#0000EE]
                    RenderText {#text} at (0,289) size 37x17
                      text run at (0,289) width 37: "ACOS"
                  RenderText {#text} at (37,289) size 4x17
                    text run at (37,289) width 4: " "
                  RenderBR {BR} at (41,302) size 0x0
                  RenderInline {A} at (0,0) size 35x17 [color=#0000EE]
                    RenderText {#text} at (0,306) size 35x17
                      text run at (0,306) width 35: "ASCII"
                  RenderText {#text} at (35,306) size 4x17
                    text run at (35,306) width 4: " "
                  RenderBR {BR} at (39,319) size 0x0
                  RenderInline {A} at (0,0) size 31x17 [color=#0000EE]
                    RenderText {#text} at (0,323) size 31x17
                      text run at (0,323) width 31: "ASIN"
                  RenderText {#text} at (31,323) size 4x17
                    text run at (31,323) width 4: " "
                  RenderBR {BR} at (35,336) size 0x0
                  RenderInline {A} at (0,0) size 35x17 [color=#0000EE]
                    RenderText {#text} at (0,340) size 35x17
                      text run at (0,340) width 35: "ATAN"
                  RenderText {#text} at (35,340) size 4x17
                    text run at (35,340) width 4: " "
                  RenderBR {BR} at (39,353) size 0x0
                  RenderInline {A} at (0,0) size 42x17 [color=#0000EE]
                    RenderText {#text} at (0,357) size 42x17
                      text run at (0,357) width 42: "ATAN2"
                  RenderText {#text} at (42,357) size 4x17
                    text run at (42,357) width 4: " "
                  RenderBR {BR} at (46,370) size 0x0
                  RenderInline {A} at (0,0) size 44x17 [color=#0000EE]
                    RenderText {#text} at (0,374) size 44x17
                      text run at (0,374) width 44: "BIGINT"
                  RenderText {#text} at (44,374) size 4x17
                    text run at (44,374) width 4: " "
                  RenderBR {BR} at (48,387) size 0x0
                  RenderInline {A} at (0,0) size 35x17 [color=#0000EE]
                    RenderText {#text} at (0,391) size 35x17
                      text run at (0,391) width 35: "BLOB"
                  RenderText {#text} at (35,391) size 4x17
                    text run at (35,391) width 4: " "
                  RenderBR {BR} at (39,404) size 0x0
                  RenderInline {A} at (0,0) size 100x17 [color=#0000EE]
                    RenderText {#text} at (0,408) size 100x17
                      text run at (0,408) width 100: "CEILING or CEIL"
                  RenderText {#text} at (100,408) size 4x17
                    text run at (100,408) width 4: " "
                  RenderBR {BR} at (104,421) size 0x0
                  RenderInline {A} at (0,0) size 36x17 [color=#0000EE]
                    RenderText {#text} at (0,425) size 36x17
                      text run at (0,425) width 36: "CHAR"
                  RenderText {#text} at (36,425) size 4x17
                    text run at (36,425) width 4: " "
                  RenderBR {BR} at (40,438) size 0x0
                  RenderInline {A} at (0,0) size 27x17 [color=#0000EE]
                    RenderText {#text} at (0,442) size 27x17
                      text run at (0,442) width 27: "CHR"
                  RenderText {#text} at (27,442) size 4x17
                    text run at (27,442) width 4: " "
                  RenderBR {BR} at (31,455) size 0x0
                  RenderInline {A} at (0,0) size 35x17 [color=#0000EE]
                    RenderText {#text} at (0,459) size 35x17
                      text run at (0,459) width 35: "CLOB"
                  RenderText {#text} at (35,459) size 4x17
                    text run at (35,459) width 4: " "
                  RenderBR {BR} at (39,472) size 0x0
                  RenderInline {A} at (0,0) size 71x17 [color=#0000EE]
                    RenderText {#text} at (0,476) size 71x17
                      text run at (0,476) width 71: "COALESCE"
                  RenderText {#text} at (71,476) size 4x17
                    text run at (71,476) width 4: " "
                  RenderBR {BR} at (75,489) size 0x0
                  RenderInline {A} at (0,0) size 54x17 [color=#0000EE]
                    RenderText {#text} at (0,493) size 54x17
                      text run at (0,493) width 54: "CONCAT"
                  RenderText {#text} at (54,493) size 4x17
                    text run at (54,493) width 4: " "
                  RenderBR {BR} at (58,506) size 0x0
                  RenderInline {A} at (0,0) size 28x17 [color=#0000EE]
                    RenderText {#text} at (0,510) size 28x17
                      text run at (0,510) width 28: "COS"
                  RenderText {#text} at (28,510) size 4x17
                    text run at (28,510) width 4: " "
                  RenderBR {BR} at (32,523) size 0x0
                  RenderInline {A} at (0,0) size 27x17 [color=#0000EE]
                    RenderText {#text} at (0,527) size 27x17
                      text run at (0,527) width 27: "COT"
                  RenderText {#text} at (27,527) size 4x17
                    text run at (27,527) width 4: " "
                  RenderBR {BR} at (31,540) size 0x0
                  RenderInline {A} at (0,0) size 35x17 [color=#0000EE]
                    RenderText {#text} at (0,544) size 35x17
                      text run at (0,544) width 35: "DATE"
                  RenderText {#text} at (35,544) size 4x17
                    text run at (35,544) width 4: " "
                  RenderBR {BR} at (39,557) size 0x0
                  RenderInline {A} at (0,0) size 27x17 [color=#0000EE]
                    RenderText {#text} at (0,561) size 27x17
                      text run at (0,561) width 27: "DAY"
                  RenderText {#text} at (27,561) size 4x17
                    text run at (27,561) width 4: " "
                  RenderBR {BR} at (31,574) size 0x0
                  RenderInline {A} at (0,0) size 65x17 [color=#0000EE]
                    RenderText {#text} at (0,578) size 65x17
                      text run at (0,578) width 65: "DAYNAME"
                  RenderText {#text} at (65,578) size 4x17
                    text run at (65,578) width 4: " "
                  RenderBR {BR} at (69,591) size 0x0
                  RenderInline {A} at (0,0) size 84x17 [color=#0000EE]
                    RenderText {#text} at (0,595) size 84x17
                      text run at (0,595) width 84: "DAYOFWEEK"
                  RenderText {#text} at (84,595) size 4x17
                    text run at (84,595) width 4: " "
                  RenderBR {BR} at (88,608) size 0x0
                  RenderInline {A} at (0,0) size 114x17 [color=#0000EE]
                    RenderText {#text} at (0,612) size 114x17
                      text run at (0,612) width 114: "DAYOFWEEK_ISO"
                  RenderText {#text} at (114,612) size 4x17
                    text run at (114,612) width 4: " "
                  RenderBR {BR} at (118,625) size 0x0
                  RenderInline {A} at (0,0) size 81x17 [color=#0000EE]
                    RenderText {#text} at (0,629) size 81x17
                      text run at (0,629) width 81: "DAYOFYEAR"
                  RenderText {#text} at (81,629) size 4x17
                    text run at (81,629) width 4: " "
                  RenderBR {BR} at (85,642) size 0x0
                  RenderInline {A} at (0,0) size 36x17 [color=#0000EE]
                    RenderText {#text} at (0,646) size 36x17
                      text run at (0,646) width 36: "DAYS"
                  RenderText {#text} at (36,646) size 4x17
                    text run at (36,646) width 4: " "
                  RenderBR {BR} at (40,659) size 0x0
                  RenderInline {A} at (0,0) size 53x17 [color=#0000EE]
                    RenderText {#text} at (0,663) size 53x17
                      text run at (0,663) width 53: "DBCLOB"
                  RenderText {#text} at (53,663) size 4x17
                    text run at (53,663) width 4: " "
                  RenderBR {BR} at (57,676) size 0x0
                  RenderInline {A} at (0,0) size 58x17 [color=#0000EE]
                    RenderText {#text} at (0,680) size 58x17
                      text run at (0,680) width 58: "DECIMAL"
                  RenderText {#text} at (58,680) size 4x17
                    text run at (58,680) width 4: " "
                  RenderBR {BR} at (62,693) size 0x0
                  RenderInline {A} at (0,0) size 64x17 [color=#0000EE]
                    RenderText {#text} at (0,697) size 64x17
                      text run at (0,697) width 64: "DEGREES"
                  RenderText {#text} at (64,697) size 4x17
                    text run at (64,697) width 4: " "
                  RenderBR {BR} at (68,710) size 0x0
                  RenderInline {A} at (0,0) size 44x17 [color=#0000EE]
                    RenderText {#text} at (0,714) size 44x17
                      text run at (0,714) width 44: "DEREF"
                  RenderText {#text} at (44,714) size 4x17
                    text run at (44,714) width 4: " "
                  RenderBR {BR} at (48,727) size 0x0
                  RenderInline {A} at (0,0) size 83x17 [color=#0000EE]
                    RenderText {#text} at (0,731) size 83x17
                      text run at (0,731) width 83: "DIFFERENCE"
                  RenderText {#text} at (83,731) size 4x17
                    text run at (83,731) width 4: " "
                  RenderBR {BR} at (87,744) size 0x0
                  RenderInline {A} at (0,0) size 44x17 [color=#0000EE]
                    RenderText {#text} at (0,748) size 44x17
                      text run at (0,748) width 44: "DIGITS"
                  RenderText {#text} at (44,748) size 4x17
                    text run at (44,748) width 4: " "
                  RenderBR {BR} at (48,761) size 0x0
                  RenderInline {A} at (0,0) size 83x17 [color=#0000EE]
                    RenderText {#text} at (0,765) size 83x17
                      text run at (0,765) width 83: "DLCOMMENT"
                  RenderText {#text} at (83,765) size 4x17
                    text run at (83,765) width 4: " "
                  RenderBR {BR} at (87,778) size 0x0
                  RenderInline {A} at (0,0) size 80x17 [color=#0000EE]
                    RenderText {#text} at (0,782) size 80x17
                      text run at (0,782) width 80: "DLLINKTYPE"
                  RenderText {#text} at (80,782) size 4x17
                    text run at (80,782) width 4: " "
                  RenderBR {BR} at (84,795) size 0x0
                  RenderInline {A} at (0,0) size 113x17 [color=#0000EE]
                    RenderText {#text} at (0,799) size 113x17
                      text run at (0,799) width 113: "DLURLCOMPLETE"
                  RenderText {#text} at (113,799) size 4x17
                    text run at (113,799) width 4: " "
                  RenderBR {BR} at (117,812) size 0x0
                  RenderInline {A} at (0,0) size 76x17 [color=#0000EE]
                    RenderText {#text} at (0,816) size 76x17
                      text run at (0,816) width 76: "DLURLPATH"
                  RenderText {#text} at (76,816) size 4x17
                    text run at (76,816) width 4: " "
                  RenderBR {BR} at (80,829) size 0x0
                  RenderInline {A} at (0,0) size 111x17 [color=#0000EE]
                    RenderText {#text} at (0,833) size 111x17
                      text run at (0,833) width 111: "DLURLPATHONLY"
                  RenderText {#text} at (111,833) size 4x17
                    text run at (111,833) width 4: " "
                  RenderBR {BR} at (115,846) size 0x0
                  RenderInline {A} at (0,0) size 97x17 [color=#0000EE]
                    RenderText {#text} at (0,850) size 97x17
                      text run at (0,850) width 97: "DLURLSCHEME"
                  RenderText {#text} at (97,850) size 4x17
                    text run at (97,850) width 4: " "
                  RenderBR {BR} at (101,863) size 0x0
                  RenderInline {A} at (0,0) size 95x17 [color=#0000EE]
                    RenderText {#text} at (0,867) size 95x17
                      text run at (0,867) width 95: "DLURLSERVER"
                  RenderText {#text} at (95,867) size 4x17
                    text run at (95,867) width 4: " "
                  RenderBR {BR} at (99,880) size 0x0
                  RenderInline {A} at (0,0) size 59x17 [color=#0000EE]
                    RenderText {#text} at (0,884) size 59x17
                      text run at (0,884) width 59: "DLVALUE"
                  RenderText {#text} at (59,884) size 4x17
                    text run at (59,884) width 4: " "
                  RenderBR {BR} at (63,897) size 0x0
                  RenderInline {A} at (0,0) size 53x17 [color=#0000EE]
                    RenderText {#text} at (0,901) size 53x17
                      text run at (0,901) width 53: "DOUBLE"
                  RenderText {#text} at (53,901) size 4x17
                    text run at (53,901) width 4: " "
                  RenderBR {BR} at (57,914) size 0x0
                  RenderInline {A} at (0,0) size 131x17 [color=#0000EE]
                    RenderText {#text} at (0,918) size 131x17
                      text run at (0,918) width 131: "EVENT_MON_STATE"
                  RenderText {#text} at (131,918) size 4x17
                    text run at (131,918) width 4: " "
                  RenderBR {BR} at (135,931) size 0x0
                  RenderInline {A} at (0,0) size 27x17 [color=#0000EE]
                    RenderText {#text} at (0,935) size 27x17
                      text run at (0,935) width 27: "EXP"
                  RenderText {#text} at (27,935) size 4x17
                    text run at (27,935) width 4: " "
                  RenderBR {BR} at (31,948) size 0x0
                  RenderInline {A} at (0,0) size 42x17 [color=#0000EE]
                    RenderText {#text} at (0,952) size 42x17
                      text run at (0,952) width 42: "FLOAT"
                  RenderText {#text} at (42,952) size 4x17
                    text run at (42,952) width 4: " "
                  RenderBR {BR} at (46,965) size 0x0
                  RenderInline {A} at (0,0) size 44x17 [color=#0000EE]
                    RenderText {#text} at (0,969) size 44x17
                      text run at (0,969) width 44: "FLOOR"
                  RenderText {#text} at (44,969) size 4x17
                    text run at (44,969) width 4: " "
                  RenderBR {BR} at (48,982) size 0x0
                  RenderInline {A} at (0,0) size 129x17 [color=#0000EE]
                    RenderText {#text} at (0,986) size 129x17
                      text run at (0,986) width 129: "GENERATE_UNIQUE"
                  RenderText {#text} at (129,986) size 4x17
                    text run at (129,986) width 4: " "
                  RenderBR {BR} at (133,999) size 0x0
                  RenderInline {A} at (0,0) size 59x17 [color=#0000EE]
                    RenderText {#text} at (0,1003) size 59x17
                      text run at (0,1003) width 59: "GRAPHIC"
                  RenderText {#text} at (59,1003) size 4x17
                    text run at (59,1003) width 4: " "
                  RenderBR {BR} at (63,1016) size 0x0
                  RenderInline {A} at (0,0) size 27x17 [color=#0000EE]
                    RenderText {#text} at (0,1020) size 27x17
                      text run at (0,1020) width 27: "HEX"
                  RenderText {#text} at (27,1020) size 4x17
                    text run at (27,1020) width 4: " "
                  RenderBR {BR} at (31,1033) size 0x0
                  RenderInline {A} at (0,0) size 37x17 [color=#0000EE]
                    RenderText {#text} at (0,1037) size 37x17
                      text run at (0,1037) width 37: "HOUR"
                  RenderText {#text} at (37,1037) size 4x17
                    text run at (37,1037) width 4: " "
                  RenderBR {BR} at (41,1050) size 0x0
                  RenderInline {A} at (0,0) size 48x17 [color=#0000EE]
                    RenderText {#text} at (0,1054) size 48x17
                      text run at (0,1054) width 48: "INSERT"
                  RenderText {#text} at (48,1054) size 4x17
                    text run at (48,1054) width 4: " "
                  RenderBR {BR} at (52,1067) size 0x0
                  RenderInline {A} at (0,0) size 58x17 [color=#0000EE]
                    RenderText {#text} at (0,1071) size 58x17
                      text run at (0,1071) width 58: "INTEGER"
                  RenderText {#text} at (58,1071) size 4x17
                    text run at (58,1071) width 4: " "
                  RenderBR {BR} at (62,1084) size 0x0
                  RenderInline {A} at (0,0) size 79x17 [color=#0000EE]
                    RenderText {#text} at (0,1088) size 79x17
                      text run at (0,1088) width 79: "JULIAN_DAY"
                  RenderText {#text} at (79,1088) size 4x17
                    text run at (79,1088) width 4: " "
                  RenderBR {BR} at (83,1101) size 0x0
                  RenderInline {A} at (0,0) size 109x17 [color=#0000EE]
                    RenderText {#text} at (0,1105) size 109x17
                      text run at (0,1105) width 109: "LCASE or LOWER"
                  RenderText {#text} at (109,1105) size 4x17
                    text run at (109,1105) width 4: " "
                  RenderBR {BR} at (113,1118) size 0x0
                  RenderInline {A} at (0,0) size 158x17 [color=#0000EE]
                    RenderText {#text} at (0,1122) size 158x17
                      text run at (0,1122) width 158: "LCASE (SYSFUN schema)"
                  RenderText {#text} at (158,1122) size 4x17
                    text run at (158,1122) width 4: " "
                  RenderBR {BR} at (162,1135) size 0x0
                  RenderInline {A} at (0,0) size 32x17 [color=#0000EE]
                    RenderText {#text} at (0,1139) size 32x17
                      text run at (0,1139) width 32: "LEFT"
                  RenderText {#text} at (32,1139) size 4x17
                    text run at (32,1139) width 4: " "
                  RenderBR {BR} at (36,1152) size 0x0
                  RenderInline {A} at (0,0) size 52x17 [color=#0000EE]
                    RenderText {#text} at (0,1156) size 52x17
                      text run at (0,1156) width 52: "LENGTH"
                  RenderText {#text} at (52,1156) size 4x17
                    text run at (52,1156) width 4: " "
                  RenderBR {BR} at (56,1169) size 0x0
                  RenderInline {A} at (0,0) size 16x17 [color=#0000EE]
                    RenderText {#text} at (0,1173) size 16x17
                      text run at (0,1173) width 16: "LN"
                  RenderText {#text} at (16,1173) size 4x17
                    text run at (16,1173) width 4: " "
                  RenderBR {BR} at (20,1186) size 0x0
                  RenderInline {A} at (0,0) size 52x17 [color=#0000EE]
                    RenderText {#text} at (0,1190) size 52x17
                      text run at (0,1190) width 52: "LOCATE"
                  RenderText {#text} at (52,1190) size 4x17
                    text run at (52,1190) width 4: " "
                  RenderBR {BR} at (56,1203) size 0x0
                  RenderInline {A} at (0,0) size 27x17 [color=#0000EE]
                    RenderText {#text} at (0,1207) size 27x17
                      text run at (0,1207) width 27: "LOG"
                  RenderText {#text} at (27,1207) size 4x17
                    text run at (27,1207) width 4: " "
                  RenderBR {BR} at (31,1220) size 0x0
                  RenderInline {A} at (0,0) size 41x17 [color=#0000EE]
                    RenderText {#text} at (0,1224) size 41x17
                      text run at (0,1224) width 41: "LOG10"
                  RenderText {#text} at (41,1224) size 4x17
                    text run at (41,1224) width 4: " "
                  RenderBR {BR} at (45,1237) size 0x0
                  RenderInline {A} at (0,0) size 106x17 [color=#0000EE]
                    RenderText {#text} at (0,1241) size 106x17
                      text run at (0,1241) width 106: "LONG_VARCHAR"
                  RenderText {#text} at (106,1241) size 4x17
                    text run at (106,1241) width 4: " "
                  RenderBR {BR} at (110,1254) size 0x0
                  RenderInline {A} at (0,0) size 129x17 [color=#0000EE]
                    RenderText {#text} at (0,1258) size 129x17
                      text run at (0,1258) width 129: "LONG_VARGRAPHIC"
                  RenderText {#text} at (129,1258) size 4x17
                    text run at (129,1258) width 4: " "
                  RenderBR {BR} at (133,1271) size 0x0
                  RenderInline {A} at (0,0) size 39x17 [color=#0000EE]
                    RenderText {#text} at (0,1275) size 39x17
                      text run at (0,1275) width 39: "LTRIM"
                  RenderText {#text} at (39,1275) size 4x17
                    text run at (39,1275) width 4: " "
                  RenderBR {BR} at (43,1288) size 0x0
                  RenderInline {A} at (0,0) size 154x17 [color=#0000EE]
                    RenderText {#text} at (0,1292) size 154x17
                      text run at (0,1292) width 154: "LTRIM (SYSFUN schema)"
                  RenderText {#text} at (154,1292) size 4x17
                    text run at (154,1292) width 4: " "
                  RenderBR {BR} at (158,1305) size 0x0
                  RenderInline {A} at (0,0) size 98x17 [color=#0000EE]
                    RenderText {#text} at (0,1309) size 98x17
                      text run at (0,1309) width 98: "MICROSECOND"
                  RenderText {#text} at (98,1309) size 4x17
                    text run at (98,1309) width 4: " "
                  RenderBR {BR} at (102,1322) size 0x0
                  RenderInline {A} at (0,0) size 135x17 [color=#0000EE]
                    RenderText {#text} at (0,1326) size 135x17
                      text run at (0,1326) width 135: "MIDNIGHT_SECONDS"
                  RenderText {#text} at (135,1326) size 4x17
                    text run at (135,1326) width 4: " "
                  RenderBR {BR} at (139,1339) size 0x0
                  RenderInline {A} at (0,0) size 50x17 [color=#0000EE]
                    RenderText {#text} at (0,1343) size 50x17
                      text run at (0,1343) width 50: "MINUTE"
                  RenderText {#text} at (50,1343) size 4x17
                    text run at (50,1343) width 4: " "
                  RenderBR {BR} at (54,1356) size 0x0
                  RenderInline {A} at (0,0) size 30x17 [color=#0000EE]
                    RenderText {#text} at (0,1360) size 30x17
                      text run at (0,1360) width 30: "MOD"
                  RenderText {#text} at (30,1360) size 4x17
                    text run at (30,1360) width 4: " "
                  RenderBR {BR} at (34,1373) size 0x0
                  RenderInline {A} at (0,0) size 47x17 [color=#0000EE]
                    RenderText {#text} at (0,1377) size 47x17
                      text run at (0,1377) width 47: "MONTH"
                  RenderText {#text} at (47,1377) size 4x17
                    text run at (47,1377) width 4: " "
                  RenderBR {BR} at (51,1390) size 0x0
                  RenderInline {A} at (0,0) size 85x17 [color=#0000EE]
                    RenderText {#text} at (0,1394) size 85x17
                      text run at (0,1394) width 85: "MONTHNAME"
                  RenderText {#text} at (85,1394) size 4x17
                    text run at (85,1394) width 4: " "
                  RenderBR {BR} at (89,1407) size 0x0
                  RenderInline {A} at (0,0) size 93x17 [color=#0000EE]
                    RenderText {#text} at (0,1411) size 93x17
                      text run at (0,1411) width 93: "NODENUMBER"
                  RenderText {#text} at (93,1411) size 4x17
                    text run at (93,1411) width 4: " "
                  RenderBR {BR} at (97,1424) size 0x0
                  RenderInline {A} at (0,0) size 44x17 [color=#0000EE]
                    RenderText {#text} at (0,1428) size 44x17
                      text run at (0,1428) width 44: "NULLIF"
                  RenderText {#text} at (44,1428) size 4x17
                    text run at (44,1428) width 4: " "
                  RenderBR {BR} at (48,1441) size 0x0
                  RenderInline {A} at (0,0) size 70x17 [color=#0000EE]
                    RenderText {#text} at (0,1445) size 70x17
                      text run at (0,1445) width 70: "PARTITION"
                  RenderText {#text} at (70,1445) size 4x17
                    text run at (70,1445) width 4: " "
                  RenderBR {BR} at (74,1458) size 0x0
                  RenderInline {A} at (0,0) size 54x17 [color=#0000EE]
                    RenderText {#text} at (0,1462) size 54x17
                      text run at (0,1462) width 54: "POSSTR"
                  RenderText {#text} at (54,1462) size 4x17
                    text run at (54,1462) width 4: " "
                  RenderBR {BR} at (58,1475) size 0x0
                  RenderInline {A} at (0,0) size 49x17 [color=#0000EE]
                    RenderText {#text} at (0,1479) size 49x17
                      text run at (0,1479) width 49: "POWER"
                  RenderText {#text} at (49,1479) size 4x17
                    text run at (49,1479) width 4: " "
                  RenderBR {BR} at (53,1492) size 0x0
                  RenderInline {A} at (0,0) size 63x17 [color=#0000EE]
                    RenderText {#text} at (0,1496) size 63x17
                      text run at (0,1496) width 63: "QUARTER"
                  RenderText {#text} at (63,1496) size 4x17
                    text run at (63,1496) width 4: " "
                  RenderBR {BR} at (67,1509) size 0x0
                  RenderInline {A} at (0,0) size 58x17 [color=#0000EE]
                    RenderText {#text} at (0,1513) size 58x17
                      text run at (0,1513) width 58: "RADIANS"
                  RenderText {#text} at (58,1513) size 4x17
                    text run at (58,1513) width 4: " "
                  RenderBR {BR} at (62,1526) size 0x0
                  RenderInline {A} at (0,0) size 93x17 [color=#0000EE]
                    RenderText {#text} at (0,1530) size 93x17
                      text run at (0,1530) width 93: "RAISE_ERROR"
                  RenderText {#text} at (93,1530) size 4x17
                    text run at (93,1530) width 4: " "
                  RenderBR {BR} at (97,1543) size 0x0
                  RenderInline {A} at (0,0) size 36x17 [color=#0000EE]
                    RenderText {#text} at (0,1547) size 36x17
                      text run at (0,1547) width 36: "RAND"
                  RenderText {#text} at (36,1547) size 4x17
                    text run at (36,1547) width 4: " "
                  RenderBR {BR} at (40,1560) size 0x0
                  RenderInline {A} at (0,0) size 34x17 [color=#0000EE]
                    RenderText {#text} at (0,1564) size 34x17
                      text run at (0,1564) width 34: "REAL"
                  RenderText {#text} at (34,1564) size 4x17
                    text run at (34,1564) width 4: " "
                  RenderBR {BR} at (38,1577) size 0x0
                  RenderInline {A} at (0,0) size 53x17 [color=#0000EE]
                    RenderText {#text} at (0,1581) size 53x17
                      text run at (0,1581) width 53: "REPEAT"
                  RenderText {#text} at (53,1581) size 4x17
                    text run at (53,1581) width 4: " "
                  RenderBR {BR} at (57,1594) size 0x0
                  RenderInline {A} at (0,0) size 61x17 [color=#0000EE]
                    RenderText {#text} at (0,1598) size 61x17
                      text run at (0,1598) width 61: "REPLACE"
                  RenderText {#text} at (61,1598) size 4x17
                    text run at (61,1598) width 4: " "
                  RenderBR {BR} at (65,1611) size 0x0
                  RenderInline {A} at (0,0) size 40x17 [color=#0000EE]
                    RenderText {#text} at (0,1615) size 40x17
                      text run at (0,1615) width 40: "RIGHT"
                  RenderText {#text} at (40,1615) size 4x17
                    text run at (40,1615) width 4: " "
                  RenderBR {BR} at (44,1628) size 0x0
                  RenderInline {A} at (0,0) size 46x17 [color=#0000EE]
                    RenderText {#text} at (0,1632) size 46x17
                      text run at (0,1632) width 46: "ROUND"
                  RenderText {#text} at (46,1632) size 4x17
                    text run at (46,1632) width 4: " "
                  RenderBR {BR} at (50,1645) size 0x0
                  RenderInline {A} at (0,0) size 41x17 [color=#0000EE]
                    RenderText {#text} at (0,1649) size 41x17
                      text run at (0,1649) width 41: "RTRIM"
                  RenderText {#text} at (41,1649) size 4x17
                    text run at (41,1649) width 4: " "
                  RenderBR {BR} at (45,1662) size 0x0
                  RenderInline {A} at (0,0) size 156x17 [color=#0000EE]
                    RenderText {#text} at (0,1666) size 156x17
                      text run at (0,1666) width 156: "RTRIM (SYSFUN schema)"
                  RenderText {#text} at (156,1666) size 4x17
                    text run at (156,1666) width 4: " "
                  RenderBR {BR} at (160,1679) size 0x0
                  RenderInline {A} at (0,0) size 55x17 [color=#0000EE]
                    RenderText {#text} at (0,1683) size 55x17
                      text run at (0,1683) width 55: "SECOND"
                  RenderText {#text} at (55,1683) size 4x17
                    text run at (55,1683) width 4: " "
                  RenderBR {BR} at (59,1696) size 0x0
                  RenderInline {A} at (0,0) size 32x17 [color=#0000EE]
                    RenderText {#text} at (0,1700) size 32x17
                      text run at (0,1700) width 32: "SIGN"
                  RenderText {#text} at (32,1700) size 4x17
                    text run at (32,1700) width 4: " "
                  RenderBR {BR} at (36,1713) size 0x0
                  RenderInline {A} at (0,0) size 22x17 [color=#0000EE]
                    RenderText {#text} at (0,1717) size 22x17
                      text run at (0,1717) width 22: "SIN"
                  RenderText {#text} at (22,1717) size 4x17
                    text run at (22,1717) width 4: " "
                  RenderBR {BR} at (26,1730) size 0x0
                  RenderInline {A} at (0,0) size 64x17 [color=#0000EE]
                    RenderText {#text} at (0,1734) size 64x17
                      text run at (0,1734) width 64: "SMALLINT"
                  RenderText {#text} at (64,1734) size 4x17
                    text run at (64,1734) width 4: " "
                  RenderBR {BR} at (68,1747) size 0x0
                  RenderInline {A} at (0,0) size 64x17 [color=#0000EE]
                    RenderText {#text} at (0,1751) size 64x17
                      text run at (0,1751) width 64: "SOUNDEX"
                  RenderText {#text} at (64,1751) size 4x17
                    text run at (64,1751) width 4: " "
                  RenderBR {BR} at (68,1764) size 0x0
                  RenderInline {A} at (0,0) size 45x17 [color=#0000EE]
                    RenderText {#text} at (0,1768) size 45x17
                      text run at (0,1768) width 45: "SPACE"
                  RenderText {#text} at (45,1768) size 4x17
                    text run at (45,1768) width 4: " "
                  RenderBR {BR} at (49,1781) size 0x0
                  RenderInline {A} at (0,0) size 36x17 [color=#0000EE]
                    RenderText {#text} at (0,1785) size 36x17
                      text run at (0,1785) width 36: "SQRT"
                  RenderText {#text} at (36,1785) size 4x17
                    text run at (36,1785) width 4: " "
                  RenderBR {BR} at (40,1798) size 0x0
                  RenderInline {A} at (0,0) size 53x17 [color=#0000EE]
                    RenderText {#text} at (0,1802) size 53x17
                      text run at (0,1802) width 53: "SUBSTR"
                  RenderText {#text} at (53,1802) size 4x17
                    text run at (53,1802) width 4: " "
                  RenderBR {BR} at (57,1815) size 0x0
                  RenderInline {A} at (0,0) size 87x17 [color=#0000EE]
                    RenderText {#text} at (0,1819) size 87x17
                      text run at (0,1819) width 87: "TABLE_NAME"
                  RenderText {#text} at (87,1819) size 4x17
                    text run at (87,1819) width 4: " "
                  RenderBR {BR} at (91,1832) size 0x0
                  RenderInline {A} at (0,0) size 105x17 [color=#0000EE]
                    RenderText {#text} at (0,1836) size 105x17
                      text run at (0,1836) width 105: "TABLE_SCHEMA"
                  RenderText {#text} at (105,1836) size 4x17
                    text run at (105,1836) width 4: " "
                  RenderBR {BR} at (109,1849) size 0x0
                  RenderInline {A} at (0,0) size 26x17 [color=#0000EE]
                    RenderText {#text} at (0,1853) size 26x17
                      text run at (0,1853) width 26: "TAN"
                  RenderText {#text} at (26,1853) size 4x17
                    text run at (26,1853) width 4: " "
                  RenderBR {BR} at (30,1866) size 0x0
                  RenderInline {A} at (0,0) size 32x17 [color=#0000EE]
                    RenderText {#text} at (0,1870) size 32x17
                      text run at (0,1870) width 32: "TIME"
                  RenderText {#text} at (32,1870) size 4x17
                    text run at (32,1870) width 4: " "
                  RenderBR {BR} at (36,1883) size 0x0
                  RenderInline {A} at (0,0) size 78x17 [color=#0000EE]
                    RenderText {#text} at (0,1887) size 78x17
                      text run at (0,1887) width 78: "TIMESTAMP"
                  RenderText {#text} at (78,1887) size 4x17
                    text run at (78,1887) width 4: " "
                  RenderBR {BR} at (82,1900) size 0x0
                  RenderInline {A} at (0,0) size 108x17 [color=#0000EE]
                    RenderText {#text} at (0,1904) size 108x17
                      text run at (0,1904) width 108: "TIMESTAMP_ISO"
                  RenderText {#text} at (108,1904) size 4x17
                    text run at (108,1904) width 4: " "
                  RenderBR {BR} at (112,1917) size 0x0
                  RenderInline {A} at (0,0) size 107x17 [color=#0000EE]
                    RenderText {#text} at (0,1921) size 107x17
                      text run at (0,1921) width 107: "TIMESTAMPDIFF"
                  RenderText {#text} at (107,1921) size 4x17
                    text run at (107,1921) width 4: " "
                  RenderBR {BR} at (111,1934) size 0x0
                  RenderInline {A} at (0,0) size 77x17 [color=#0000EE]
                    RenderText {#text} at (0,1938) size 77x17
                      text run at (0,1938) width 77: "TRANSLATE"
                  RenderText {#text} at (77,1938) size 4x17
                    text run at (77,1938) width 4: " "
                  RenderBR {BR} at (81,1951) size 0x0
                  RenderInline {A} at (0,0) size 133x17 [color=#0000EE]
                    RenderText {#text} at (0,1955) size 133x17
                      text run at (0,1955) width 133: "TRUNCATE or TRUNC"
                  RenderText {#text} at (133,1955) size 4x17
                    text run at (133,1955) width 4: " "
                  RenderBR {BR} at (137,1968) size 0x0
                  RenderInline {A} at (0,0) size 55x17 [color=#0000EE]
                    RenderText {#text} at (0,1972) size 55x17
                      text run at (0,1972) width 55: "TYPE_ID"
                  RenderText {#text} at (55,1972) size 4x17
                    text run at (55,1972) width 4: " "
                  RenderBR {BR} at (59,1985) size 0x0
                  RenderInline {A} at (0,0) size 80x17 [color=#0000EE]
                    RenderText {#text} at (0,1989) size 80x17
                      text run at (0,1989) width 80: "TYPE_NAME"
                  RenderText {#text} at (80,1989) size 4x17
                    text run at (80,1989) width 4: " "
                  RenderBR {BR} at (84,2002) size 0x0
                  RenderInline {A} at (0,0) size 98x17 [color=#0000EE]
                    RenderText {#text} at (0,2006) size 98x17
                      text run at (0,2006) width 98: "TYPE_SCHEMA"
                  RenderText {#text} at (98,2006) size 4x17
                    text run at (98,2006) width 4: " "
                  RenderBR {BR} at (102,2019) size 0x0
                  RenderInline {A} at (0,0) size 109x17 [color=#0000EE]
                    RenderText {#text} at (0,2023) size 109x17
                      text run at (0,2023) width 109: "UCASE or UPPER"
                  RenderText {#text} at (109,2023) size 4x17
                    text run at (109,2023) width 4: " "
                  RenderBR {BR} at (113,2036) size 0x0
                  RenderInline {A} at (0,0) size 43x17 [color=#0000EE]
                    RenderText {#text} at (0,2040) size 43x17
                      text run at (0,2040) width 43: "VALUE"
                  RenderText {#text} at (43,2040) size 4x17
                    text run at (43,2040) width 4: " "
                  RenderBR {BR} at (47,2053) size 0x0
                  RenderInline {A} at (0,0) size 63x17 [color=#0000EE]
                    RenderText {#text} at (0,2057) size 63x17
                      text run at (0,2057) width 63: "VARCHAR"
                  RenderText {#text} at (63,2057) size 4x17
                    text run at (63,2057) width 4: " "
                  RenderBR {BR} at (67,2070) size 0x0
                  RenderInline {A} at (0,0) size 86x17 [color=#0000EE]
                    RenderText {#text} at (0,2074) size 86x17
                      text run at (0,2074) width 86: "VARGRAPHIC"
                  RenderText {#text} at (86,2074) size 4x17
                    text run at (86,2074) width 4: " "
                  RenderBR {BR} at (90,2087) size 0x0
                  RenderInline {A} at (0,0) size 39x17 [color=#0000EE]
                    RenderText {#text} at (0,2091) size 39x17
                      text run at (0,2091) width 39: "WEEK"
                  RenderText {#text} at (39,2091) size 4x17
                    text run at (39,2091) width 4: " "
                  RenderBR {BR} at (43,2104) size 0x0
                  RenderInline {A} at (0,0) size 69x17 [color=#0000EE]
                    RenderText {#text} at (0,2108) size 69x17
                      text run at (0,2108) width 69: "WEEK_ISO"
                  RenderText {#text} at (69,2108) size 4x17
                    text run at (69,2108) width 4: " "
                  RenderBR {BR} at (73,2121) size 0x0
                  RenderInline {A} at (0,0) size 36x17 [color=#0000EE]
                    RenderText {#text} at (0,2125) size 36x17
                      text run at (0,2125) width 36: "YEAR"
                  RenderText {#text} at (36,2125) size 4x17
                    text run at (36,2125) width 4: " "
                  RenderBR {BR} at (40,2138) size 0x0
                  RenderInline {A} at (0,0) size 93x17 [color=#0000EE]
                    RenderText {#text} at (0,2142) size 93x17
                      text run at (0,2142) width 93: "Table Functions"
                  RenderText {#text} at (93,2142) size 4x17
                    text run at (93,2142) width 4: " "
                  RenderBR {BR} at (97,2155) size 0x0
                  RenderInline {A} at (0,0) size 150x17 [color=#0000EE]
                    RenderText {#text} at (0,2159) size 150x17
                      text run at (0,2159) width 150: "SQLCACHE_SNAPSHOT"
                  RenderText {#text} at (150,2159) size 4x17
                    text run at (150,2159) width 4: " "
                  RenderBR {BR} at (154,2172) size 0x0
                  RenderInline {A} at (0,0) size 136x17 [color=#0000EE]
                    RenderText {#text} at (0,2176) size 136x17
                      text run at (0,2176) width 136: "User-Defined Functions"
                  RenderText {#text} at (0,0) size 0x0
                RenderBlock {P} at (0,5932) size 715x391
                  RenderInline {B} at (0,0) size 48x17
                    RenderInline {A} at (0,0) size 48x17 [color=#0000EE]
                      RenderText {#text} at (0,0) size 48x17
                        text run at (0,0) width 48: "Queries"
                  RenderBR {BR} at (48,13) size 0x0
                  RenderBR {BR} at (0,17) size 0x17
                  RenderInline {A} at (0,0) size 56x17 [color=#0000EE]
                    RenderText {#text} at (0,34) size 56x17
                      text run at (0,34) width 56: "subselect"
                  RenderText {#text} at (56,34) size 4x17
                    text run at (56,34) width 4: " "
                  RenderBR {BR} at (60,47) size 0x0
                  RenderInline {A} at (0,0) size 77x17 [color=#0000EE]
                    RenderText {#text} at (0,51) size 77x17
                      text run at (0,51) width 77: "select-clause"
                  RenderText {#text} at (77,51) size 4x17
                    text run at (77,51) width 4: " "
                  RenderBR {BR} at (81,64) size 0x0
                  RenderInline {A} at (0,0) size 68x17 [color=#0000EE]
                    RenderText {#text} at (0,68) size 68x17
                      text run at (0,68) width 68: "from-clause"
                  RenderText {#text} at (68,68) size 4x17
                    text run at (68,68) width 4: " "
                  RenderBR {BR} at (72,81) size 0x0
                  RenderInline {A} at (0,0) size 86x17 [color=#0000EE]
                    RenderText {#text} at (0,85) size 86x17
                      text run at (0,85) width 86: "table-reference"
                  RenderText {#text} at (86,85) size 4x17
                    text run at (86,85) width 4: " "
                  RenderBR {BR} at (90,98) size 0x0
                  RenderInline {A} at (0,0) size 66x17 [color=#0000EE]
                    RenderText {#text} at (0,102) size 66x17
                      text run at (0,102) width 66: "joined-table"
                  RenderText {#text} at (66,102) size 4x17
                    text run at (66,102) width 4: " "
                  RenderBR {BR} at (70,115) size 0x0
                  RenderInline {A} at (0,0) size 76x17 [color=#0000EE]
                    RenderText {#text} at (0,119) size 76x17
                      text run at (0,119) width 76: "where-clause"
                  RenderText {#text} at (76,119) size 4x17
                    text run at (76,119) width 4: " "
                  RenderBR {BR} at (80,132) size 0x0
                  RenderInline {A} at (0,0) size 92x17 [color=#0000EE]
                    RenderText {#text} at (0,136) size 92x17
                      text run at (0,136) width 92: "group-by-clause"
                  RenderText {#text} at (92,136) size 4x17
                    text run at (92,136) width 4: " "
                  RenderBR {BR} at (96,149) size 0x0
                  RenderInline {A} at (0,0) size 80x17 [color=#0000EE]
                    RenderText {#text} at (0,153) size 80x17
                      text run at (0,153) width 80: "having-clause"
                  RenderText {#text} at (80,153) size 4x17
                    text run at (80,153) width 4: " "
                  RenderBR {BR} at (84,166) size 0x0
                  RenderInline {A} at (0,0) size 140x17 [color=#0000EE]
                    RenderText {#text} at (0,170) size 140x17
                      text run at (0,170) width 140: "Examples of subselects"
                  RenderText {#text} at (140,170) size 4x17
                    text run at (140,170) width 4: " "
                  RenderBR {BR} at (144,183) size 0x0
                  RenderInline {A} at (0,0) size 108x17 [color=#0000EE]
                    RenderText {#text} at (0,187) size 108x17
                      text run at (0,187) width 108: "Examples of Joins"
                  RenderText {#text} at (108,187) size 4x17
                    text run at (108,187) width 4: " "
                  RenderBR {BR} at (112,200) size 0x0
                  RenderInline {A} at (0,0) size 267x17 [color=#0000EE]
                    RenderText {#text} at (0,204) size 267x17
                      text run at (0,204) width 267: "Examples of Grouping Sets, Cube, and Rollup"
                  RenderText {#text} at (267,204) size 4x17
                    text run at (267,204) width 4: " "
                  RenderBR {BR} at (271,217) size 0x0
                  RenderInline {A} at (0,0) size 52x17 [color=#0000EE]
                    RenderText {#text} at (0,221) size 52x17
                      text run at (0,221) width 52: "fullselect"
                  RenderText {#text} at (52,221) size 4x17
                    text run at (52,221) width 4: " "
                  RenderBR {BR} at (56,234) size 0x0
                  RenderInline {A} at (0,0) size 140x17 [color=#0000EE]
                    RenderText {#text} at (0,238) size 140x17
                      text run at (0,238) width 140: "Examples of a fullselect"
                  RenderText {#text} at (140,238) size 4x17
                    text run at (140,238) width 4: " "
                  RenderBR {BR} at (144,251) size 0x0
                  RenderInline {A} at (0,0) size 97x17 [color=#0000EE]
                    RenderText {#text} at (0,255) size 97x17
                      text run at (0,255) width 97: "select-statement"
                  RenderText {#text} at (97,255) size 4x17
                    text run at (97,255) width 4: " "
                  RenderBR {BR} at (101,268) size 0x0
                  RenderInline {A} at (0,0) size 149x17 [color=#0000EE]
                    RenderText {#text} at (0,272) size 149x17
                      text run at (0,272) width 149: "common-table-expression"
                  RenderText {#text} at (149,272) size 4x17
                    text run at (149,272) width 4: " "
                  RenderBR {BR} at (153,285) size 0x0
                  RenderInline {A} at (0,0) size 89x17 [color=#0000EE]
                    RenderText {#text} at (0,289) size 89x17
                      text run at (0,289) width 89: "order-by-clause"
                  RenderText {#text} at (89,289) size 4x17
                    text run at (89,289) width 4: " "
                  RenderBR {BR} at (93,302) size 0x0
                  RenderInline {A} at (0,0) size 81x17 [color=#0000EE]
                    RenderText {#text} at (0,306) size 81x17
                      text run at (0,306) width 81: "update-clause"
                  RenderText {#text} at (81,306) size 4x17
                    text run at (81,306) width 4: " "
                  RenderBR {BR} at (85,319) size 0x0
                  RenderInline {A} at (0,0) size 95x17 [color=#0000EE]
                    RenderText {#text} at (0,323) size 95x17
                      text run at (0,323) width 95: "read-only-clause"
                  RenderText {#text} at (95,323) size 4x17
                    text run at (95,323) width 4: " "
                  RenderBR {BR} at (99,336) size 0x0
                  RenderInline {A} at (0,0) size 97x17 [color=#0000EE]
                    RenderText {#text} at (0,340) size 97x17
                      text run at (0,340) width 97: "fetch-first-clause"
                  RenderText {#text} at (97,340) size 4x17
                    text run at (97,340) width 4: " "
                  RenderBR {BR} at (101,353) size 0x0
                  RenderInline {A} at (0,0) size 110x17 [color=#0000EE]
                    RenderText {#text} at (0,357) size 110x17
                      text run at (0,357) width 110: "optimize-for-clause"
                  RenderText {#text} at (110,357) size 4x17
                    text run at (110,357) width 4: " "
                  RenderBR {BR} at (114,370) size 0x0
                  RenderInline {A} at (0,0) size 185x17 [color=#0000EE]
                    RenderText {#text} at (0,374) size 185x17
                      text run at (0,374) width 185: "Examples of a select-statement"
                  RenderText {#text} at (0,0) size 0x0
                RenderBlock {P} at (0,6336) size 715x2006
                  RenderInline {B} at (0,0) size 100x17
                    RenderInline {A} at (0,0) size 100x17 [color=#0000EE]
                      RenderText {#text} at (0,0) size 100x17
                        text run at (0,0) width 100: "SQL Statements"
                  RenderBR {BR} at (100,13) size 0x0
                  RenderBR {BR} at (0,17) size 0x17
                  RenderInline {A} at (0,0) size 200x17 [color=#0000EE]
                    RenderText {#text} at (0,34) size 200x17
                      text run at (0,34) width 200: "How SQL Statements Are Invoked"
                  RenderText {#text} at (200,34) size 4x17
                    text run at (200,34) width 4: " "
                  RenderBR {BR} at (204,47) size 0x0
                  RenderInline {A} at (0,0) size 293x17 [color=#0000EE]
                    RenderText {#text} at (0,51) size 293x17
                      text run at (0,51) width 293: "Embedding a Statement in an Application Program"
                  RenderText {#text} at (293,51) size 4x17
                    text run at (293,51) width 4: " "
                  RenderBR {BR} at (297,64) size 0x0
                  RenderInline {A} at (0,0) size 208x17 [color=#0000EE]
                    RenderText {#text} at (0,68) size 208x17
                      text run at (0,68) width 208: "Dynamic Preparation and Execution"
                  RenderText {#text} at (208,68) size 4x17
                    text run at (208,68) width 4: " "
                  RenderBR {BR} at (212,81) size 0x0
                  RenderInline {A} at (0,0) size 225x17 [color=#0000EE]
                    RenderText {#text} at (0,85) size 225x17
                      text run at (0,85) width 225: "Static Invocation of a select-statement"
                  RenderText {#text} at (225,85) size 4x17
                    text run at (225,85) width 4: " "
                  RenderBR {BR} at (229,98) size 0x0
                  RenderInline {A} at (0,0) size 242x17 [color=#0000EE]
                    RenderText {#text} at (0,102) size 242x17
                      text run at (0,102) width 242: "Dynamic Invocation of a select-statement"
                  RenderText {#text} at (242,102) size 4x17
                    text run at (242,102) width 4: " "
                  RenderBR {BR} at (246,115) size 0x0
                  RenderInline {A} at (0,0) size 125x17 [color=#0000EE]
                    RenderText {#text} at (0,119) size 125x17
                      text run at (0,119) width 125: "Interactive Invocation"
                  RenderText {#text} at (125,119) size 4x17
                    text run at (125,119) width 4: " "
                  RenderBR {BR} at (129,132) size 0x0
                  RenderInline {A} at (0,0) size 109x17 [color=#0000EE]
                    RenderText {#text} at (0,136) size 109x17
                      text run at (0,136) width 109: "SQL Return Codes"
                  RenderText {#text} at (109,136) size 4x17
                    text run at (109,136) width 4: " "
                  RenderBR {BR} at (113,149) size 0x0
                  RenderInline {A} at (0,0) size 63x17 [color=#0000EE]
                    RenderText {#text} at (0,153) size 63x17
                      text run at (0,153) width 63: "SQLCODE"
                  RenderText {#text} at (63,153) size 4x17
                    text run at (63,153) width 4: " "
                  RenderBR {BR} at (67,166) size 0x0
                  RenderInline {A} at (0,0) size 69x17 [color=#0000EE]
                    RenderText {#text} at (0,170) size 69x17
                      text run at (0,170) width 69: "SQLSTATE"
                  RenderText {#text} at (69,170) size 4x17
                    text run at (69,170) width 4: " "
                  RenderBR {BR} at (73,183) size 0x0
                  RenderInline {A} at (0,0) size 93x17 [color=#0000EE]
                    RenderText {#text} at (0,187) size 93x17
                      text run at (0,187) width 93: "SQL Comments"
                  RenderText {#text} at (93,187) size 4x17
                    text run at (93,187) width 4: " "
                  RenderBR {BR} at (97,200) size 0x0
                  RenderInline {A} at (0,0) size 134x17 [color=#0000EE]
                    RenderText {#text} at (0,204) size 134x17
                      text run at (0,204) width 134: "ALTER BUFFERPOOL"
                  RenderText {#text} at (134,204) size 4x17
                    text run at (134,204) width 4: " "
                  RenderBR {BR} at (138,217) size 0x0
                  RenderInline {A} at (0,0) size 115x17 [color=#0000EE]
                    RenderText {#text} at (0,221) size 115x17
                      text run at (0,221) width 115: "ALTER NICKNAME"
                  RenderText {#text} at (115,221) size 4x17
                    text run at (115,221) width 4: " "
                  RenderBR {BR} at (119,234) size 0x0
                  RenderInline {A} at (0,0) size 130x17 [color=#0000EE]
                    RenderText {#text} at (0,238) size 130x17
                      text run at (0,238) width 130: "ALTER NODEGROUP"
                  RenderText {#text} at (130,238) size 4x17
                    text run at (130,238) width 4: " "
                  RenderBR {BR} at (134,251) size 0x0
                  RenderInline {A} at (0,0) size 100x17 [color=#0000EE]
                    RenderText {#text} at (0,255) size 100x17
                      text run at (0,255) width 100: "ALTER SERVER"
                  RenderText {#text} at (100,255) size 4x17
                    text run at (100,255) width 4: " "
                  RenderBR {BR} at (104,268) size 0x0
                  RenderInline {A} at (0,0) size 88x17 [color=#0000EE]
                    RenderText {#text} at (0,272) size 88x17
                      text run at (0,272) width 88: "ALTER TABLE"
                  RenderText {#text} at (88,272) size 4x17
                    text run at (88,272) width 4: " "
                  RenderBR {BR} at (92,285) size 0x0
                  RenderInline {A} at (0,0) size 133x17 [color=#0000EE]
                    RenderText {#text} at (0,289) size 133x17
                      text run at (0,289) width 133: "ALTER TABLESPACE"
                  RenderText {#text} at (133,289) size 4x17
                    text run at (133,289) width 4: " "
                  RenderBR {BR} at (137,302) size 0x0
                  RenderInline {A} at (0,0) size 153x17 [color=#0000EE]
                    RenderText {#text} at (0,306) size 153x17
                      text run at (0,306) width 153: "ALTER TYPE (Structured)"
                  RenderText {#text} at (153,306) size 4x17
                    text run at (153,306) width 4: " "
                  RenderBR {BR} at (157,319) size 0x0
                  RenderInline {A} at (0,0) size 147x17 [color=#0000EE]
                    RenderText {#text} at (0,323) size 147x17
                      text run at (0,323) width 147: "ALTER USER MAPPING"
                  RenderText {#text} at (147,323) size 4x17
                    text run at (147,323) width 4: " "
                  RenderBR {BR} at (151,336) size 0x0
                  RenderInline {A} at (0,0) size 80x17 [color=#0000EE]
                    RenderText {#text} at (0,340) size 80x17
                      text run at (0,340) width 80: "ALTER VIEW"
                  RenderText {#text} at (80,340) size 4x17
                    text run at (80,340) width 4: " "
                  RenderBR {BR} at (84,353) size 0x0
                  RenderInline {A} at (0,0) size 168x17 [color=#0000EE]
                    RenderText {#text} at (0,357) size 168x17
                      text run at (0,357) width 168: "BEGIN DECLARE SECTION"
                  RenderText {#text} at (168,357) size 4x17
                    text run at (168,357) width 4: " "
                  RenderBR {BR} at (172,370) size 0x0
                  RenderInline {A} at (0,0) size 32x17 [color=#0000EE]
                    RenderText {#text} at (0,374) size 32x17
                      text run at (0,374) width 32: "CALL"
                  RenderText {#text} at (32,374) size 4x17
                    text run at (32,374) width 4: " "
                  RenderBR {BR} at (36,387) size 0x0
                  RenderInline {A} at (0,0) size 44x17 [color=#0000EE]
                    RenderText {#text} at (0,391) size 44x17
                      text run at (0,391) width 44: "CLOSE"
                  RenderText {#text} at (44,391) size 4x17
                    text run at (44,391) width 4: " "
                  RenderBR {BR} at (48,404) size 0x0
                  RenderInline {A} at (0,0) size 90x17 [color=#0000EE]
                    RenderText {#text} at (0,408) size 90x17
                      text run at (0,408) width 90: "COMMENT ON"
                  RenderText {#text} at (90,408) size 4x17
                    text run at (90,408) width 4: " "
                  RenderBR {BR} at (94,421) size 0x0
                  RenderInline {A} at (0,0) size 53x17 [color=#0000EE]
                    RenderText {#text} at (0,425) size 53x17
                      text run at (0,425) width 53: "COMMIT"
                  RenderText {#text} at (53,425) size 4x17
                    text run at (53,425) width 4: " "
                  RenderBR {BR} at (57,438) size 0x0
                  RenderInline {A} at (0,0) size 166x17 [color=#0000EE]
                    RenderText {#text} at (0,442) size 166x17
                      text run at (0,442) width 166: "Compound SQL (Embedded)"
                  RenderText {#text} at (166,442) size 4x17
                    text run at (166,442) width 4: " "
                  RenderBR {BR} at (170,455) size 0x0
                  RenderInline {A} at (0,0) size 115x17 [color=#0000EE]
                    RenderText {#text} at (0,459) size 115x17
                      text run at (0,459) width 115: "CONNECT (Type 1)"
                  RenderText {#text} at (115,459) size 4x17
                    text run at (115,459) width 4: " "
                  RenderBR {BR} at (119,472) size 0x0
                  RenderInline {A} at (0,0) size 115x17 [color=#0000EE]
                    RenderText {#text} at (0,476) size 115x17
                      text run at (0,476) width 115: "CONNECT (Type 2)"
                  RenderText {#text} at (115,476) size 4x17
                    text run at (115,476) width 4: " "
                  RenderBR {BR} at (119,489) size 0x0
                  RenderInline {A} at (0,0) size 95x17 [color=#0000EE]
                    RenderText {#text} at (0,493) size 95x17
                      text run at (0,493) width 95: "CREATE ALIAS"
                  RenderText {#text} at (95,493) size 4x17
                    text run at (95,493) width 4: " "
                  RenderBR {BR} at (99,506) size 0x0
                  RenderInline {A} at (0,0) size 145x17 [color=#0000EE]
                    RenderText {#text} at (0,510) size 145x17
                      text run at (0,510) width 145: "CREATE BUFFERPOOL"
                  RenderText {#text} at (145,510) size 4x17
                    text run at (145,510) width 4: " "
                  RenderBR {BR} at (149,523) size 0x0
                  RenderInline {A} at (0,0) size 156x17 [color=#0000EE]
                    RenderText {#text} at (0,527) size 156x17
                      text run at (0,527) width 156: "CREATE DISTINCT TYPE"
                  RenderText {#text} at (156,527) size 4x17
                    text run at (156,527) width 4: " "
                  RenderBR {BR} at (160,540) size 0x0
                  RenderInline {A} at (0,0) size 166x17 [color=#0000EE]
                    RenderText {#text} at (0,544) size 166x17
                      text run at (0,544) width 166: "CREATE EVENT MONITOR"
                  RenderText {#text} at (166,544) size 4x17
                    text run at (166,544) width 4: " "
                  RenderBR {BR} at (170,557) size 0x0
                  RenderInline {A} at (0,0) size 123x17 [color=#0000EE]
                    RenderText {#text} at (0,561) size 123x17
                      text run at (0,561) width 123: "CREATE FUNCTION"
                  RenderText {#text} at (123,561) size 4x17
                    text run at (123,561) width 4: " "
                  RenderBR {BR} at (127,574) size 0x0
                  RenderInline {A} at (0,0) size 224x17 [color=#0000EE]
                    RenderText {#text} at (0,578) size 224x17
                      text run at (0,578) width 224: "CREATE FUNCTION (External Scalar)"
                  RenderText {#text} at (224,578) size 4x17
                    text run at (224,578) width 4: " "
                  RenderBR {BR} at (228,591) size 0x0
                  RenderInline {A} at (0,0) size 219x17 [color=#0000EE]
                    RenderText {#text} at (0,595) size 219x17
                      text run at (0,595) width 219: "CREATE FUNCTION (External Table)"
                  RenderText {#text} at (219,595) size 4x17
                    text run at (219,595) width 4: " "
                  RenderBR {BR} at (223,608) size 0x0
                  RenderInline {A} at (0,0) size 271x17 [color=#0000EE]
                    RenderText {#text} at (0,612) size 271x17
                      text run at (0,612) width 271: "CREATE FUNCTION (OLE DB External Table)"
                  RenderText {#text} at (271,612) size 4x17
                    text run at (271,612) width 4: " "
                  RenderBR {BR} at (275,625) size 0x0
                  RenderInline {A} at (0,0) size 249x17 [color=#0000EE]
                    RenderText {#text} at (0,629) size 249x17
                      text run at (0,629) width 249: "CREATE FUNCTION (Source or Template)"
                  RenderText {#text} at (249,629) size 4x17
                    text run at (249,629) width 4: " "
                  RenderBR {BR} at (253,642) size 0x0
                  RenderInline {A} at (0,0) size 286x17 [color=#0000EE]
                    RenderText {#text} at (0,646) size 286x17
                      text run at (0,646) width 286: "CREATE FUNCTION (SQL Scalar, Table or Row)"
                  RenderText {#text} at (286,646) size 4x17
                    text run at (286,646) width 4: " "
                  RenderBR {BR} at (290,659) size 0x0
                  RenderInline {A} at (0,0) size 188x17 [color=#0000EE]
                    RenderText {#text} at (0,663) size 188x17
                      text run at (0,663) width 188: "CREATE FUNCTION MAPPING"
                  RenderText {#text} at (188,663) size 4x17
                    text run at (188,663) width 4: " "
                  RenderBR {BR} at (192,676) size 0x0
                  RenderInline {A} at (0,0) size 97x17 [color=#0000EE]
                    RenderText {#text} at (0,680) size 97x17
                      text run at (0,680) width 97: "CREATE INDEX"
                  RenderText {#text} at (97,680) size 4x17
                    text run at (97,680) width 4: " "
                  RenderBR {BR} at (101,693) size 0x0
                  RenderInline {A} at (0,0) size 177x17 [color=#0000EE]
                    RenderText {#text} at (0,697) size 177x17
                      text run at (0,697) width 177: "CREATE INDEX EXTENSION"
                  RenderText {#text} at (177,697) size 4x17
                    text run at (177,697) width 4: " "
                  RenderBR {BR} at (181,710) size 0x0
                  RenderInline {A} at (0,0) size 113x17 [color=#0000EE]
                    RenderText {#text} at (0,714) size 113x17
                      text run at (0,714) width 113: "CREATE METHOD"
                  RenderText {#text} at (113,714) size 4x17
                    text run at (113,714) width 4: " "
                  RenderBR {BR} at (117,727) size 0x0
                  RenderInline {A} at (0,0) size 126x17 [color=#0000EE]
                    RenderText {#text} at (0,731) size 126x17
                      text run at (0,731) width 126: "CREATE NICKNAME"
                  RenderText {#text} at (126,731) size 4x17
                    text run at (126,731) width 4: " "
                  RenderBR {BR} at (130,744) size 0x0
                  RenderInline {A} at (0,0) size 141x17 [color=#0000EE]
                    RenderText {#text} at (0,748) size 141x17
                      text run at (0,748) width 141: "CREATE NODEGROUP"
                  RenderText {#text} at (141,748) size 4x17
                    text run at (141,748) width 4: " "
                  RenderBR {BR} at (145,761) size 0x0
                  RenderInline {A} at (0,0) size 139x17 [color=#0000EE]
                    RenderText {#text} at (0,765) size 139x17
                      text run at (0,765) width 139: "CREATE PROCEDURE"
                  RenderText {#text} at (139,765) size 4x17
                    text run at (139,765) width 4: " "
                  RenderBR {BR} at (143,778) size 0x0
                  RenderInline {A} at (0,0) size 113x17 [color=#0000EE]
                    RenderText {#text} at (0,782) size 113x17
                      text run at (0,782) width 113: "CREATE SCHEMA"
                  RenderText {#text} at (113,782) size 4x17
                    text run at (113,782) width 4: " "
                  RenderBR {BR} at (117,795) size 0x0
                  RenderInline {A} at (0,0) size 111x17 [color=#0000EE]
                    RenderText {#text} at (0,799) size 111x17
                      text run at (0,799) width 111: "CREATE SERVER"
                  RenderText {#text} at (111,799) size 4x17
                    text run at (111,799) width 4: " "
                  RenderBR {BR} at (115,812) size 0x0
                  RenderInline {A} at (0,0) size 99x17 [color=#0000EE]
                    RenderText {#text} at (0,816) size 99x17
                      text run at (0,816) width 99: "CREATE TABLE"
                  RenderText {#text} at (99,816) size 4x17
                    text run at (99,816) width 4: " "
                  RenderBR {BR} at (103,829) size 0x0
                  RenderInline {A} at (0,0) size 144x17 [color=#0000EE]
                    RenderText {#text} at (0,833) size 144x17
                      text run at (0,833) width 144: "CREATE TABLESPACE"
                  RenderText {#text} at (144,833) size 4x17
                    text run at (144,833) width 4: " "
                  RenderBR {BR} at (148,846) size 0x0
                  RenderInline {A} at (0,0) size 139x17 [color=#0000EE]
                    RenderText {#text} at (0,850) size 139x17
                      text run at (0,850) width 139: "CREATE TRANSFORM"
                  RenderText {#text} at (139,850) size 4x17
                    text run at (139,850) width 4: " "
                  RenderBR {BR} at (143,863) size 0x0
                  RenderInline {A} at (0,0) size 116x17 [color=#0000EE]
                    RenderText {#text} at (0,867) size 116x17
                      text run at (0,867) width 116: "CREATE TRIGGER"
                  RenderText {#text} at (116,867) size 4x17
                    text run at (116,867) width 4: " "
                  RenderBR {BR} at (120,880) size 0x0
                  RenderInline {A} at (0,0) size 164x17 [color=#0000EE]
                    RenderText {#text} at (0,884) size 164x17
                      text run at (0,884) width 164: "CREATE TYPE (Structured)"
                  RenderText {#text} at (164,884) size 4x17
                    text run at (164,884) width 4: " "
                  RenderBR {BR} at (168,897) size 0x0
                  RenderInline {A} at (0,0) size 157x17 [color=#0000EE]
                    RenderText {#text} at (0,901) size 157x17
                      text run at (0,901) width 157: "CREATE TYPE MAPPING"
                  RenderText {#text} at (157,901) size 4x17
                    text run at (157,901) width 4: " "
                  RenderBR {BR} at (161,914) size 0x0
                  RenderInline {A} at (0,0) size 158x17 [color=#0000EE]
                    RenderText {#text} at (0,918) size 158x17
                      text run at (0,918) width 158: "CREATE USER MAPPING"
                  RenderText {#text} at (158,918) size 4x17
                    text run at (158,918) width 4: " "
                  RenderBR {BR} at (162,931) size 0x0
                  RenderInline {A} at (0,0) size 91x17 [color=#0000EE]
                    RenderText {#text} at (0,935) size 91x17
                      text run at (0,935) width 91: "CREATE VIEW"
                  RenderText {#text} at (91,935) size 4x17
                    text run at (91,935) width 4: " "
                  RenderBR {BR} at (95,948) size 0x0
                  RenderInline {A} at (0,0) size 123x17 [color=#0000EE]
                    RenderText {#text} at (0,952) size 123x17
                      text run at (0,952) width 123: "CREATE WRAPPER"
                  RenderText {#text} at (123,952) size 4x17
                    text run at (123,952) width 4: " "
                  RenderBR {BR} at (127,965) size 0x0
                  RenderInline {A} at (0,0) size 120x17 [color=#0000EE]
                    RenderText {#text} at (0,969) size 120x17
                      text run at (0,969) width 120: "DECLARE CURSOR"
                  RenderText {#text} at (120,969) size 4x17
                    text run at (120,969) width 4: " "
                  RenderBR {BR} at (124,982) size 0x0
                  RenderInline {A} at (0,0) size 250x17 [color=#0000EE]
                    RenderText {#text} at (0,986) size 250x17
                      text run at (0,986) width 250: "DECLARE GLOBAL TEMPORARY TABLE"
                  RenderText {#text} at (250,986) size 4x17
                    text run at (250,986) width 4: " "
                  RenderBR {BR} at (254,999) size 0x0
                  RenderInline {A} at (0,0) size 51x17 [color=#0000EE]
                    RenderText {#text} at (0,1003) size 51x17
                      text run at (0,1003) width 51: "DELETE"
                  RenderText {#text} at (51,1003) size 4x17
                    text run at (51,1003) width 4: " "
                  RenderBR {BR} at (55,1016) size 0x0
                  RenderInline {A} at (0,0) size 67x17 [color=#0000EE]
                    RenderText {#text} at (0,1020) size 67x17
                      text run at (0,1020) width 67: "DESCRIBE"
                  RenderText {#text} at (67,1020) size 4x17
                    text run at (67,1020) width 4: " "
                  RenderBR {BR} at (71,1033) size 0x0
                  RenderInline {A} at (0,0) size 85x17 [color=#0000EE]
                    RenderText {#text} at (0,1037) size 85x17
                      text run at (0,1037) width 85: "DISCONNECT"
                  RenderText {#text} at (85,1037) size 4x17
                    text run at (85,1037) width 4: " "
                  RenderBR {BR} at (89,1050) size 0x0
                  RenderInline {A} at (0,0) size 37x17 [color=#0000EE]
                    RenderText {#text} at (0,1054) size 37x17
                      text run at (0,1054) width 37: "DROP"
                  RenderText {#text} at (37,1054) size 4x17
                    text run at (37,1054) width 4: " "
                  RenderBR {BR} at (41,1067) size 0x0
                  RenderInline {A} at (0,0) size 154x17 [color=#0000EE]
                    RenderText {#text} at (0,1071) size 154x17
                      text run at (0,1071) width 154: "END DECLARE SECTION"
                  RenderText {#text} at (154,1071) size 4x17
                    text run at (154,1071) width 4: " "
                  RenderBR {BR} at (158,1084) size 0x0
                  RenderInline {A} at (0,0) size 62x17 [color=#0000EE]
                    RenderText {#text} at (0,1088) size 62x17
                      text run at (0,1088) width 62: "EXECUTE"
                  RenderText {#text} at (62,1088) size 4x17
                    text run at (62,1088) width 4: " "
                  RenderBR {BR} at (66,1101) size 0x0
                  RenderInline {A} at (0,0) size 140x17 [color=#0000EE]
                    RenderText {#text} at (0,1105) size 140x17
                      text run at (0,1105) width 140: "EXECUTE IMMEDIATE"
                  RenderText {#text} at (140,1105) size 4x17
                    text run at (140,1105) width 4: " "
                  RenderBR {BR} at (144,1118) size 0x0
                  RenderInline {A} at (0,0) size 56x17 [color=#0000EE]
                    RenderText {#text} at (0,1122) size 56x17
                      text run at (0,1122) width 56: "EXPLAIN"
                  RenderText {#text} at (56,1122) size 4x17
                    text run at (56,1122) width 4: " "
                  RenderBR {BR} at (60,1135) size 0x0
                  RenderInline {A} at (0,0) size 43x17 [color=#0000EE]
                    RenderText {#text} at (0,1139) size 43x17
                      text run at (0,1139) width 43: "FETCH"
                  RenderText {#text} at (43,1139) size 4x17
                    text run at (43,1139) width 4: " "
                  RenderBR {BR} at (47,1152) size 0x0
                  RenderInline {A} at (0,0) size 155x17 [color=#0000EE]
                    RenderText {#text} at (0,1156) size 155x17
                      text run at (0,1156) width 155: "FLUSH EVENT MONITOR"
                  RenderText {#text} at (155,1156) size 4x17
                    text run at (155,1156) width 4: " "
                  RenderBR {BR} at (159,1169) size 0x0
                  RenderInline {A} at (0,0) size 101x17 [color=#0000EE]
                    RenderText {#text} at (0,1173) size 101x17
                      text run at (0,1173) width 101: "FREE LOCATOR"
                  RenderText {#text} at (101,1173) size 4x17
                    text run at (101,1173) width 4: " "
                  RenderBR {BR} at (105,1186) size 0x0
                  RenderInline {A} at (0,0) size 178x17 [color=#0000EE]
                    RenderText {#text} at (0,1190) size 178x17
                      text run at (0,1190) width 178: "GRANT (Database Authorities)"
                  RenderText {#text} at (178,1190) size 4x17
                    text run at (178,1190) width 4: " "
                  RenderBR {BR} at (182,1203) size 0x0
                  RenderInline {A} at (0,0) size 150x17 [color=#0000EE]
                    RenderText {#text} at (0,1207) size 150x17
                      text run at (0,1207) width 150: "GRANT (Index Privileges)"
                  RenderText {#text} at (150,1207) size 4x17
                    text run at (150,1207) width 4: " "
                  RenderBR {BR} at (154,1220) size 0x0
                  RenderInline {A} at (0,0) size 169x17 [color=#0000EE]
                    RenderText {#text} at (0,1224) size 169x17
                      text run at (0,1224) width 169: "GRANT (Package Privileges)"
                  RenderText {#text} at (169,1224) size 4x17
                    text run at (169,1224) width 4: " "
                  RenderBR {BR} at (173,1237) size 0x0
                  RenderInline {A} at (0,0) size 166x17 [color=#0000EE]
                    RenderText {#text} at (0,1241) size 166x17
                      text run at (0,1241) width 166: "GRANT (Schema Privileges)"
                  RenderText {#text} at (166,1241) size 4x17
                    text run at (166,1241) width 4: " "
                  RenderBR {BR} at (170,1254) size 0x0
                  RenderInline {A} at (0,0) size 156x17 [color=#0000EE]
                    RenderText {#text} at (0,1258) size 156x17
                      text run at (0,1258) width 156: "GRANT (Server Privileges)"
                  RenderText {#text} at (156,1258) size 4x17
                    text run at (156,1258) width 4: " "
                  RenderBR {BR} at (160,1271) size 0x0
                  RenderInline {A} at (0,0) size 267x17 [color=#0000EE]
                    RenderText {#text} at (0,1275) size 267x17
                      text run at (0,1275) width 267: "GRANT (Table, View, or Nickname Privileges)"
                  RenderText {#text} at (267,1275) size 4x17
                    text run at (267,1275) width 4: " "
                  RenderBR {BR} at (271,1288) size 0x0
                  RenderInline {A} at (0,0) size 191x17 [color=#0000EE]
                    RenderText {#text} at (0,1292) size 191x17
                      text run at (0,1292) width 191: "GRANT (Table Space Privileges)"
                  RenderText {#text} at (191,1292) size 4x17
                    text run at (191,1292) width 4: " "
                  RenderBR {BR} at (195,1305) size 0x0
                  RenderInline {A} at (0,0) size 56x17 [color=#0000EE]
                    RenderText {#text} at (0,1309) size 56x17
                      text run at (0,1309) width 56: "INCLUDE"
                  RenderText {#text} at (56,1309) size 4x17
                    text run at (56,1309) width 4: " "
                  RenderBR {BR} at (60,1322) size 0x0
                  RenderInline {A} at (0,0) size 48x17 [color=#0000EE]
                    RenderText {#text} at (0,1326) size 48x17
                      text run at (0,1326) width 48: "INSERT"
                  RenderText {#text} at (48,1326) size 4x17
                    text run at (48,1326) width 4: " "
                  RenderBR {BR} at (52,1339) size 0x0
                  RenderInline {A} at (0,0) size 81x17 [color=#0000EE]
                    RenderText {#text} at (0,1343) size 81x17
                      text run at (0,1343) width 81: "LOCK TABLE"
                  RenderText {#text} at (81,1343) size 4x17
                    text run at (81,1343) width 4: " "
                  RenderBR {BR} at (85,1356) size 0x0
                  RenderInline {A} at (0,0) size 37x17 [color=#0000EE]
                    RenderText {#text} at (0,1360) size 37x17
                      text run at (0,1360) width 37: "OPEN"
                  RenderText {#text} at (37,1360) size 4x17
                    text run at (37,1360) width 4: " "
                  RenderBR {BR} at (41,1373) size 0x0
                  RenderInline {A} at (0,0) size 63x17 [color=#0000EE]
                    RenderText {#text} at (0,1377) size 63x17
                      text run at (0,1377) width 63: "PREPARE"
                  RenderText {#text} at (63,1377) size 4x17
                    text run at (63,1377) width 4: " "
                  RenderBR {BR} at (67,1390) size 0x0
                  RenderInline {A} at (0,0) size 108x17 [color=#0000EE]
                    RenderText {#text} at (0,1394) size 108x17
                      text run at (0,1394) width 108: "REFRESH TABLE"
                  RenderText {#text} at (108,1394) size 4x17
                    text run at (108,1394) width 4: " "
                  RenderBR {BR} at (112,1407) size 0x0
                  RenderInline {A} at (0,0) size 138x17 [color=#0000EE]
                    RenderText {#text} at (0,1411) size 138x17
                      text run at (0,1411) width 138: "RELEASE (Connection)"
                  RenderText {#text} at (138,1411) size 4x17
                    text run at (138,1411) width 4: " "
                  RenderBR {BR} at (142,1424) size 0x0
                  RenderInline {A} at (0,0) size 141x17 [color=#0000EE]
                    RenderText {#text} at (0,1428) size 141x17
                      text run at (0,1428) width 141: "RELEASE SAVEPOINT"
                  RenderText {#text} at (141,1428) size 4x17
                    text run at (141,1428) width 4: " "
                  RenderBR {BR} at (145,1441) size 0x0
                  RenderInline {A} at (0,0) size 102x17 [color=#0000EE]
                    RenderText {#text} at (0,1445) size 102x17
                      text run at (0,1445) width 102: "RENAME TABLE"
                  RenderText {#text} at (102,1445) size 4x17
                    text run at (102,1445) width 4: " "
                  RenderBR {BR} at (106,1458) size 0x0
                  RenderInline {A} at (0,0) size 147x17 [color=#0000EE]
                    RenderText {#text} at (0,1462) size 147x17
                      text run at (0,1462) width 147: "RENAME TABLESPACE"
                  RenderText {#text} at (147,1462) size 4x17
                    text run at (147,1462) width 4: " "
                  RenderBR {BR} at (151,1475) size 0x0
                  RenderInline {A} at (0,0) size 188x17 [color=#0000EE]
                    RenderText {#text} at (0,1479) size 188x17
                      text run at (0,1479) width 188: "REVOKE (Database Authorities)"
                  RenderText {#text} at (188,1479) size 4x17
                    text run at (188,1479) width 4: " "
                  RenderBR {BR} at (192,1492) size 0x0
                  RenderInline {A} at (0,0) size 160x17 [color=#0000EE]
                    RenderText {#text} at (0,1496) size 160x17
                      text run at (0,1496) width 160: "REVOKE (Index Privileges)"
                  RenderText {#text} at (160,1496) size 4x17
                    text run at (160,1496) width 4: " "
                  RenderBR {BR} at (164,1509) size 0x0
                  RenderInline {A} at (0,0) size 179x17 [color=#0000EE]
                    RenderText {#text} at (0,1513) size 179x17
                      text run at (0,1513) width 179: "REVOKE (Package Privileges)"
                  RenderText {#text} at (179,1513) size 4x17
                    text run at (179,1513) width 4: " "
                  RenderBR {BR} at (183,1526) size 0x0
                  RenderInline {A} at (0,0) size 176x17 [color=#0000EE]
                    RenderText {#text} at (0,1530) size 176x17
                      text run at (0,1530) width 176: "REVOKE (Schema Privileges)"
                  RenderText {#text} at (176,1530) size 4x17
                    text run at (176,1530) width 4: " "
                  RenderBR {BR} at (180,1543) size 0x0
                  RenderInline {A} at (0,0) size 166x17 [color=#0000EE]
                    RenderText {#text} at (0,1547) size 166x17
                      text run at (0,1547) width 166: "REVOKE (Server Privileges)"
                  RenderText {#text} at (166,1547) size 4x17
                    text run at (166,1547) width 4: " "
                  RenderBR {BR} at (170,1560) size 0x0
                  RenderInline {A} at (0,0) size 277x17 [color=#0000EE]
                    RenderText {#text} at (0,1564) size 277x17
                      text run at (0,1564) width 277: "REVOKE (Table, View, or Nickname Privileges)"
                  RenderText {#text} at (277,1564) size 4x17
                    text run at (277,1564) width 4: " "
                  RenderBR {BR} at (281,1577) size 0x0
                  RenderInline {A} at (0,0) size 201x17 [color=#0000EE]
                    RenderText {#text} at (0,1581) size 201x17
                      text run at (0,1581) width 201: "REVOKE (Table Space Privileges)"
                  RenderText {#text} at (201,1581) size 4x17
                    text run at (201,1581) width 4: " "
                  RenderBR {BR} at (205,1594) size 0x0
                  RenderInline {A} at (0,0) size 69x17 [color=#0000EE]
                    RenderText {#text} at (0,1598) size 69x17
                      text run at (0,1598) width 69: "ROLLBACK"
                  RenderText {#text} at (69,1598) size 4x17
                    text run at (69,1598) width 4: " "
                  RenderBR {BR} at (73,1611) size 0x0
                  RenderInline {A} at (0,0) size 76x17 [color=#0000EE]
                    RenderText {#text} at (0,1615) size 76x17
                      text run at (0,1615) width 76: "SAVEPOINT"
                  RenderText {#text} at (76,1615) size 4x17
                    text run at (76,1615) width 4: " "
                  RenderBR {BR} at (80,1628) size 0x0
                  RenderInline {A} at (0,0) size 51x17 [color=#0000EE]
                    RenderText {#text} at (0,1632) size 51x17
                      text run at (0,1632) width 51: "SELECT"
                  RenderText {#text} at (51,1632) size 4x17
                    text run at (51,1632) width 4: " "
                  RenderBR {BR} at (55,1645) size 0x0
                  RenderInline {A} at (0,0) size 86x17 [color=#0000EE]
                    RenderText {#text} at (0,1649) size 86x17
                      text run at (0,1649) width 86: "SELECT INTO"
                  RenderText {#text} at (86,1649) size 4x17
                    text run at (86,1649) width 4: " "
                  RenderBR {BR} at (90,1662) size 0x0
                  RenderInline {A} at (0,0) size 116x17 [color=#0000EE]
                    RenderText {#text} at (0,1666) size 116x17
                      text run at (0,1666) width 116: "SET CONNECTION"
                  RenderText {#text} at (116,1666) size 4x17
                    text run at (116,1666) width 4: " "
                  RenderBR {BR} at (120,1679) size 0x0
                  RenderInline {A} at (0,0) size 292x17 [color=#0000EE]
                    RenderText {#text} at (0,1683) size 292x17
                      text run at (0,1683) width 292: "SET CURRENT DEFAULT TRANSFORM GROUP"
                  RenderText {#text} at (292,1683) size 4x17
                    text run at (292,1683) width 4: " "
                  RenderBR {BR} at (296,1696) size 0x0
                  RenderInline {A} at (0,0) size 151x17 [color=#0000EE]
                    RenderText {#text} at (0,1700) size 151x17
                      text run at (0,1700) width 151: "SET CURRENT DEGREE"
                  RenderText {#text} at (151,1700) size 4x17
                    text run at (151,1700) width 4: " "
                  RenderBR {BR} at (155,1713) size 0x0
                  RenderInline {A} at (0,0) size 195x17 [color=#0000EE]
                    RenderText {#text} at (0,1717) size 195x17
                      text run at (0,1717) width 195: "SET CURRENT EXPLAIN MODE"
                  RenderText {#text} at (195,1717) size 4x17
                    text run at (195,1717) width 4: " "
                  RenderBR {BR} at (199,1730) size 0x0
                  RenderInline {A} at (0,0) size 228x17 [color=#0000EE]
                    RenderText {#text} at (0,1734) size 228x17
                      text run at (0,1734) width 228: "SET CURRENT EXPLAIN SNAPSHOT"
                  RenderText {#text} at (228,1734) size 4x17
                    text run at (228,1734) width 4: " "
                  RenderBR {BR} at (232,1747) size 0x0
                  RenderInline {A} at (0,0) size 186x17 [color=#0000EE]
                    RenderText {#text} at (0,1751) size 186x17
                      text run at (0,1751) width 186: "SET CURRENT PACKAGESET"
                  RenderText {#text} at (186,1751) size 4x17
                    text run at (186,1751) width 4: " "
                  RenderBR {BR} at (190,1764) size 0x0
                  RenderInline {A} at (0,0) size 240x17 [color=#0000EE]
                    RenderText {#text} at (0,1768) size 240x17
                      text run at (0,1768) width 240: "SET CURRENT QUERY OPTIMIZATION"
                  RenderText {#text} at (240,1768) size 4x17
                    text run at (240,1768) width 4: " "
                  RenderBR {BR} at (244,1781) size 0x0
                  RenderInline {A} at (0,0) size 190x17 [color=#0000EE]
                    RenderText {#text} at (0,1785) size 190x17
                      text run at (0,1785) width 190: "SET CURRENT REFRESH AGE"
                  RenderText {#text} at (190,1785) size 4x17
                    text run at (190,1785) width 4: " "
                  RenderBR {BR} at (194,1798) size 0x0
                  RenderInline {A} at (0,0) size 186x17 [color=#0000EE]
                    RenderText {#text} at (0,1802) size 186x17
                      text run at (0,1802) width 186: "SET EVENT MONITOR STATE"
                  RenderText {#text} at (186,1802) size 4x17
                    text run at (186,1802) width 4: " "
                  RenderBR {BR} at (190,1815) size 0x0
                  RenderInline {A} at (0,0) size 100x17 [color=#0000EE]
                    RenderText {#text} at (0,1819) size 100x17
                      text run at (0,1819) width 100: "SET INTEGRITY"
                  RenderText {#text} at (100,1819) size 4x17
                    text run at (100,1819) width 4: " "
                  RenderBR {BR} at (104,1832) size 0x0
                  RenderInline {A} at (0,0) size 101x17 [color=#0000EE]
                    RenderText {#text} at (0,1836) size 101x17
                      text run at (0,1836) width 101: "SET PASSTHRU"
                  RenderText {#text} at (101,1836) size 4x17
                    text run at (101,1836) width 4: " "
                  RenderBR {BR} at (105,1849) size 0x0
                  RenderInline {A} at (0,0) size 65x17 [color=#0000EE]
                    RenderText {#text} at (0,1853) size 65x17
                      text run at (0,1853) width 65: "SET PATH"
                  RenderText {#text} at (65,1853) size 4x17
                    text run at (65,1853) width 4: " "
                  RenderBR {BR} at (69,1866) size 0x0
                  RenderInline {A} at (0,0) size 86x17 [color=#0000EE]
                    RenderText {#text} at (0,1870) size 86x17
                      text run at (0,1870) width 86: "SET SCHEMA"
                  RenderText {#text} at (86,1870) size 4x17
                    text run at (86,1870) width 4: " "
                  RenderBR {BR} at (90,1883) size 0x0
                  RenderInline {A} at (0,0) size 138x17 [color=#0000EE]
                    RenderText {#text} at (0,1887) size 138x17
                      text run at (0,1887) width 138: "SET SERVER OPTION"
                  RenderText {#text} at (138,1887) size 4x17
                    text run at (138,1887) width 4: " "
                  RenderBR {BR} at (142,1900) size 0x0
                  RenderInline {A} at (0,0) size 132x17 [color=#0000EE]
                    RenderText {#text} at (0,1904) size 132x17
                      text run at (0,1904) width 132: "SET transition-variable"
                  RenderText {#text} at (132,1904) size 4x17
                    text run at (132,1904) width 4: " "
                  RenderBR {BR} at (136,1917) size 0x0
                  RenderInline {A} at (0,0) size 121x17 [color=#0000EE]
                    RenderText {#text} at (0,1921) size 121x17
                      text run at (0,1921) width 121: "SIGNAL SQLSTATE"
                  RenderText {#text} at (121,1921) size 4x17
                    text run at (121,1921) width 4: " "
                  RenderBR {BR} at (125,1934) size 0x0
                  RenderInline {A} at (0,0) size 53x17 [color=#0000EE]
                    RenderText {#text} at (0,1938) size 53x17
                      text run at (0,1938) width 53: "UPDATE"
                  RenderText {#text} at (53,1938) size 4x17
                    text run at (53,1938) width 4: " "
                  RenderBR {BR} at (57,1951) size 0x0
                  RenderInline {A} at (0,0) size 52x17 [color=#0000EE]
                    RenderText {#text} at (0,1955) size 52x17
                      text run at (0,1955) width 52: "VALUES"
                  RenderText {#text} at (52,1955) size 4x17
                    text run at (52,1955) width 4: " "
                  RenderBR {BR} at (56,1968) size 0x0
                  RenderInline {A} at (0,0) size 87x17 [color=#0000EE]
                    RenderText {#text} at (0,1972) size 87x17
                      text run at (0,1972) width 87: "VALUES INTO"
                  RenderText {#text} at (87,1972) size 4x17
                    text run at (87,1972) width 4: " "
                  RenderBR {BR} at (91,1985) size 0x0
                  RenderInline {A} at (0,0) size 75x17 [color=#0000EE]
                    RenderText {#text} at (0,1989) size 75x17
                      text run at (0,1989) width 75: "WHENEVER"
                  RenderText {#text} at (0,0) size 0x0
                RenderBlock {P} at (0,8355) size 715x340
                  RenderInline {B} at (0,0) size 102x17
                    RenderInline {A} at (0,0) size 102x17 [color=#0000EE]
                      RenderText {#text} at (0,0) size 102x17
                        text run at (0,0) width 102: "SQL Procedures"
                  RenderBR {BR} at (102,13) size 0x0
                  RenderBR {BR} at (0,17) size 0x17
                  RenderInline {A} at (0,0) size 153x17 [color=#0000EE]
                    RenderText {#text} at (0,34) size 153x17
                      text run at (0,34) width 153: "SQL Procedure Statement"
                  RenderText {#text} at (153,34) size 4x17
                    text run at (153,34) width 4: " "
                  RenderBR {BR} at (157,47) size 0x0
                  RenderInline {A} at (0,0) size 191x17 [color=#0000EE]
                    RenderText {#text} at (0,51) size 191x17
                      text run at (0,51) width 191: "ALLOCATE CURSOR Statement"
                  RenderText {#text} at (191,51) size 4x17
                    text run at (191,51) width 4: " "
                  RenderBR {BR} at (195,64) size 0x0
                  RenderInline {A} at (0,0) size 133x17 [color=#0000EE]
                    RenderText {#text} at (0,68) size 133x17
                      text run at (0,68) width 133: "Assignment Statement"
                  RenderText {#text} at (133,68) size 4x17
                    text run at (133,68) width 4: " "
                  RenderBR {BR} at (137,81) size 0x0
                  RenderInline {A} at (0,0) size 215x17 [color=#0000EE]
                    RenderText {#text} at (0,85) size 215x17
                      text run at (0,85) width 215: "ASSOCIATE LOCATORS Statement"
                  RenderText {#text} at (215,85) size 4x17
                    text run at (215,85) width 4: " "
                  RenderBR {BR} at (219,98) size 0x0
                  RenderInline {A} at (0,0) size 100x17 [color=#0000EE]
                    RenderText {#text} at (0,102) size 100x17
                      text run at (0,102) width 100: "CASE Statement"
                  RenderText {#text} at (100,102) size 4x17
                    text run at (100,102) width 4: " "
                  RenderBR {BR} at (104,115) size 0x0
                  RenderInline {A} at (0,0) size 126x17 [color=#0000EE]
                    RenderText {#text} at (0,119) size 126x17
                      text run at (0,119) width 126: "Compound Statement"
                  RenderText {#text} at (126,119) size 4x17
                    text run at (126,119) width 4: " "
                  RenderBR {BR} at (130,132) size 0x0
                  RenderInline {A} at (0,0) size 91x17 [color=#0000EE]
                    RenderText {#text} at (0,136) size 91x17
                      text run at (0,136) width 91: "FOR Statement"
                  RenderText {#text} at (91,136) size 4x17
                    text run at (91,136) width 4: " "
                  RenderBR {BR} at (95,149) size 0x0
                  RenderInline {A} at (0,0) size 185x17 [color=#0000EE]
                    RenderText {#text} at (0,153) size 185x17
                      text run at (0,153) width 185: "GET DIAGNOSTICS Statement"
                  RenderText {#text} at (185,153) size 4x17
                    text run at (185,153) width 4: " "
                  RenderBR {BR} at (189,166) size 0x0
                  RenderInline {A} at (0,0) size 102x17 [color=#0000EE]
                    RenderText {#text} at (0,170) size 102x17
                      text run at (0,170) width 102: "GOTO Statement"
                  RenderText {#text} at (102,170) size 4x17
                    text run at (102,170) width 4: " "
                  RenderBR {BR} at (106,183) size 0x0
                  RenderInline {A} at (0,0) size 76x17 [color=#0000EE]
                    RenderText {#text} at (0,187) size 76x17
                      text run at (0,187) width 76: "IF Statement"
                  RenderText {#text} at (76,187) size 4x17
                    text run at (76,187) width 4: " "
                  RenderBR {BR} at (80,200) size 0x0
                  RenderInline {A} at (0,0) size 120x17 [color=#0000EE]
                    RenderText {#text} at (0,204) size 120x17
                      text run at (0,204) width 120: "ITERATE Statement"
                  RenderText {#text} at (120,204) size 4x17
                    text run at (120,204) width 4: " "
                  RenderBR {BR} at (124,217) size 0x0
                  RenderInline {A} at (0,0) size 107x17 [color=#0000EE]
                    RenderText {#text} at (0,221) size 107x17
                      text run at (0,221) width 107: "LEAVE Statement"
                  RenderText {#text} at (107,221) size 4x17
                    text run at (107,221) width 4: " "
                  RenderBR {BR} at (111,234) size 0x0
                  RenderInline {A} at (0,0) size 100x17 [color=#0000EE]
                    RenderText {#text} at (0,238) size 100x17
                      text run at (0,238) width 100: "LOOP Statement"
                  RenderText {#text} at (100,238) size 4x17
                    text run at (100,238) width 4: " "
                  RenderBR {BR} at (104,251) size 0x0
                  RenderInline {A} at (0,0) size 117x17 [color=#0000EE]
                    RenderText {#text} at (0,255) size 117x17
                      text run at (0,255) width 117: "REPEAT Statement"
                  RenderText {#text} at (117,255) size 4x17
                    text run at (117,255) width 4: " "
                  RenderBR {BR} at (121,268) size 0x0
                  RenderInline {A} at (0,0) size 130x17 [color=#0000EE]
                    RenderText {#text} at (0,272) size 130x17
                      text run at (0,272) width 130: "RESIGNAL Statement"
                  RenderText {#text} at (130,272) size 4x17
                    text run at (130,272) width 4: " "
                  RenderBR {BR} at (134,285) size 0x0
                  RenderInline {A} at (0,0) size 117x17 [color=#0000EE]
                    RenderText {#text} at (0,289) size 117x17
                      text run at (0,289) width 117: "RETURN Statement"
                  RenderText {#text} at (117,289) size 4x17
                    text run at (117,289) width 4: " "
                  RenderBR {BR} at (121,302) size 0x0
                  RenderInline {A} at (0,0) size 112x17 [color=#0000EE]
                    RenderText {#text} at (0,306) size 112x17
                      text run at (0,306) width 112: "SIGNAL Statement"
                  RenderText {#text} at (112,306) size 4x17
                    text run at (112,306) width 4: " "
                  RenderBR {BR} at (116,319) size 0x0
                  RenderInline {A} at (0,0) size 105x17 [color=#0000EE]
                    RenderText {#text} at (0,323) size 105x17
                      text run at (0,323) width 105: "WHILE Statement"
                  RenderText {#text} at (0,0) size 0x0
                RenderBlock {P} at (0,8708) size 715x17
                  RenderInline {B} at (0,0) size 150x17
                    RenderInline {A} at (0,0) size 150x17 [color=#0000EE]
                      RenderText {#text} at (0,0) size 150x17
                        text run at (0,0) width 150: "Appendix A. SQL Limits"
                  RenderBR {BR} at (150,13) size 0x0
                RenderBlock {P} at (0,8738) size 715x102
                  RenderInline {B} at (0,0) size 274x17
                    RenderInline {A} at (0,0) size 274x17 [color=#0000EE]
                      RenderText {#text} at (0,0) size 274x17
                        text run at (0,0) width 274: "Appendix B. SQL Communications (SQLCA)"
                  RenderBR {BR} at (274,13) size 0x0
                  RenderBR {BR} at (0,17) size 0x17
                  RenderInline {A} at (0,0) size 190x17 [color=#0000EE]
                    RenderText {#text} at (0,34) size 190x17
                      text run at (0,34) width 190: "Viewing the SQLCA Interactively"
                  RenderText {#text} at (190,34) size 4x17
                    text run at (190,34) width 4: " "
                  RenderBR {BR} at (194,47) size 0x0
                  RenderInline {A} at (0,0) size 152x17 [color=#0000EE]
                    RenderText {#text} at (0,51) size 152x17
                      text run at (0,51) width 152: "SQLCA Field Descriptions"
                  RenderText {#text} at (152,51) size 4x17
                    text run at (152,51) width 4: " "
                  RenderBR {BR} at (156,64) size 0x0
                  RenderInline {A} at (0,0) size 138x17 [color=#0000EE]
                    RenderText {#text} at (0,68) size 138x17
                      text run at (0,68) width 138: "Order of Error Reporting"
                  RenderText {#text} at (138,68) size 4x17
                    text run at (138,68) width 4: " "
                  RenderBR {BR} at (142,81) size 0x0
                  RenderInline {A} at (0,0) size 325x17 [color=#0000EE]
                    RenderText {#text} at (0,85) size 325x17
                      text run at (0,85) width 325: "DB2 Enterprise - Extended Edition Usage of the SQLCA"
                  RenderText {#text} at (0,0) size 0x0
                RenderBlock {P} at (0,8853) size 715x187
                  RenderInline {B} at (0,0) size 264x17
                    RenderInline {A} at (0,0) size 264x17 [color=#0000EE]
                      RenderText {#text} at (0,0) size 264x17
                        text run at (0,0) width 264: "Appendix C. SQL Descriptor Area (SQLDA)"
                  RenderBR {BR} at (264,13) size 0x0
                  RenderBR {BR} at (0,17) size 0x17
                  RenderInline {A} at (0,0) size 104x17 [color=#0000EE]
                    RenderText {#text} at (0,34) size 104x17
                      text run at (0,34) width 104: "Field Descriptions"
                  RenderText {#text} at (104,34) size 4x17
                    text run at (104,34) width 4: " "
                  RenderBR {BR} at (108,47) size 0x0
                  RenderInline {A} at (0,0) size 164x17 [color=#0000EE]
                    RenderText {#text} at (0,51) size 164x17
                      text run at (0,51) width 164: "Fields in the SQLDA Header"
                  RenderText {#text} at (164,51) size 4x17
                    text run at (164,51) width 4: " "
                  RenderBR {BR} at (168,64) size 0x0
                  RenderInline {A} at (0,0) size 255x17 [color=#0000EE]
                    RenderText {#text} at (0,68) size 255x17
                      text run at (0,68) width 255: "Fields in an Occurrence of a Base SQLVAR"
                  RenderText {#text} at (255,68) size 4x17
                    text run at (255,68) width 4: " "
                  RenderBR {BR} at (259,81) size 0x0
                  RenderInline {A} at (0,0) size 287x17 [color=#0000EE]
                    RenderText {#text} at (0,85) size 287x17
                      text run at (0,85) width 287: "Fields in an Occurrence of a Secondary SQLVAR"
                  RenderText {#text} at (287,85) size 4x17
                    text run at (287,85) width 4: " "
                  RenderBR {BR} at (291,98) size 0x0
                  RenderInline {A} at (0,0) size 209x17 [color=#0000EE]
                    RenderText {#text} at (0,102) size 209x17
                      text run at (0,102) width 209: "Effect of DESCRIBE on the SQLDA"
                  RenderText {#text} at (209,102) size 4x17
                    text run at (209,102) width 4: " "
                  RenderBR {BR} at (213,115) size 0x0
                  RenderInline {A} at (0,0) size 141x17 [color=#0000EE]
                    RenderText {#text} at (0,119) size 141x17
                      text run at (0,119) width 141: "SQLTYPE and SQLLEN"
                  RenderText {#text} at (141,119) size 4x17
                    text run at (141,119) width 4: " "
                  RenderBR {BR} at (145,132) size 0x0
                  RenderInline {A} at (0,0) size 255x17 [color=#0000EE]
                    RenderText {#text} at (0,136) size 255x17
                      text run at (0,136) width 255: "Unrecognized and Unsupported SQLTYPES"
                  RenderText {#text} at (255,136) size 4x17
                    text run at (255,136) width 4: " "
                  RenderBR {BR} at (259,149) size 0x0
                  RenderInline {A} at (0,0) size 151x17 [color=#0000EE]
                    RenderText {#text} at (0,153) size 151x17
                      text run at (0,153) width 151: "Packed Decimal Numbers"
                  RenderText {#text} at (151,153) size 4x17
                    text run at (151,153) width 4: " "
                  RenderBR {BR} at (155,166) size 0x0
                  RenderInline {A} at (0,0) size 153x17 [color=#0000EE]
                    RenderText {#text} at (0,170) size 153x17
                      text run at (0,170) width 153: "SQLLEN Field for Decimal"
                  RenderText {#text} at (0,0) size 0x0
                RenderBlock {P} at (0,9053) size 715x1241
                  RenderInline {B} at (0,0) size 168x17
                    RenderInline {A} at (0,0) size 168x17 [color=#0000EE]
                      RenderText {#text} at (0,0) size 168x17
                        text run at (0,0) width 168: "Appendix D. Catalog Views"
                  RenderBR {BR} at (168,13) size 0x0
                  RenderBR {BR} at (0,17) size 0x17
                  RenderInline {A} at (0,0) size 145x17 [color=#0000EE]
                    RenderText {#text} at (0,34) size 145x17
                      text run at (0,34) width 145: "Updatable Catalog Views"
                  RenderText {#text} at (145,34) size 4x17
                    text run at (145,34) width 4: " "
                  RenderBR {BR} at (149,47) size 0x0
                  RenderInline {A} at (0,0) size 161x17 [color=#0000EE]
                    RenderText {#text} at (0,51) size 161x17
                      text run at (0,51) width 161: "'Roadmap' to Catalog Views"
                  RenderText {#text} at (161,51) size 4x17
                    text run at (161,51) width 4: " "
                  RenderBR {BR} at (165,64) size 0x0
                  RenderInline {A} at (0,0) size 223x17 [color=#0000EE]
                    RenderText {#text} at (0,68) size 223x17
                      text run at (0,68) width 223: "'Roadmap' to Updatable Catalog Views"
                  RenderText {#text} at (223,68) size 4x17
                    text run at (223,68) width 4: " "
                  RenderBR {BR} at (227,81) size 0x0
                  RenderInline {A} at (0,0) size 138x17 [color=#0000EE]
                    RenderText {#text} at (0,85) size 138x17
                      text run at (0,85) width 138: "SYSIBM.SYSDUMMY1"
                  RenderText {#text} at (138,85) size 4x17
                    text run at (138,85) width 4: " "
                  RenderBR {BR} at (142,98) size 0x0
                  RenderInline {A} at (0,0) size 139x17 [color=#0000EE]
                    RenderText {#text} at (0,102) size 139x17
                      text run at (0,102) width 139: "SYSCAT.ATTRIBUTES"
                  RenderText {#text} at (139,102) size 4x17
                    text run at (139,102) width 4: " "
                  RenderBR {BR} at (143,115) size 0x0
                  RenderInline {A} at (0,0) size 191x17 [color=#0000EE]
                    RenderText {#text} at (0,119) size 191x17
                      text run at (0,119) width 191: "SYSCAT.BUFFERPOOLNODES"
                  RenderText {#text} at (191,119) size 4x17
                    text run at (191,119) width 4: " "
                  RenderBR {BR} at (195,132) size 0x0
                  RenderInline {A} at (0,0) size 154x17 [color=#0000EE]
                    RenderText {#text} at (0,136) size 154x17
                      text run at (0,136) width 154: "SYSCAT.BUFFERPOOLS"
                  RenderText {#text} at (154,136) size 4x17
                    text run at (154,136) width 4: " "
                  RenderBR {BR} at (158,149) size 0x0
                  RenderInline {A} at (0,0) size 167x17 [color=#0000EE]
                    RenderText {#text} at (0,153) size 167x17
                      text run at (0,153) width 167: "SYSCAT.CASTFUNCTIONS"
                  RenderText {#text} at (167,153) size 4x17
                    text run at (167,153) width 4: " "
                  RenderBR {BR} at (171,166) size 0x0
                  RenderInline {A} at (0,0) size 111x17 [color=#0000EE]
                    RenderText {#text} at (0,170) size 111x17
                      text run at (0,170) width 111: "SYSCAT.CHECKS"
                  RenderText {#text} at (111,170) size 4x17
                    text run at (111,170) width 4: " "
                  RenderBR {BR} at (115,183) size 0x0
                  RenderInline {A} at (0,0) size 118x17 [color=#0000EE]
                    RenderText {#text} at (0,187) size 118x17
                      text run at (0,187) width 118: "SYSCAT.COLAUTH"
                  RenderText {#text} at (118,187) size 4x17
                    text run at (118,187) width 4: " "
                  RenderBR {BR} at (122,200) size 0x0
                  RenderInline {A} at (0,0) size 137x17 [color=#0000EE]
                    RenderText {#text} at (0,204) size 137x17
                      text run at (0,204) width 137: "SYSCAT.COLCHECKS"
                  RenderText {#text} at (137,204) size 4x17
                    text run at (137,204) width 4: " "
                  RenderBR {BR} at (141,217) size 0x0
                  RenderInline {A} at (0,0) size 113x17 [color=#0000EE]
                    RenderText {#text} at (0,221) size 113x17
                      text run at (0,221) width 113: "SYSCAT.COLDIST"
                  RenderText {#text} at (113,221) size 4x17
                    text run at (113,221) width 4: " "
                  RenderBR {BR} at (117,234) size 0x0
                  RenderInline {A} at (0,0) size 142x17 [color=#0000EE]
                    RenderText {#text} at (0,238) size 142x17
                      text run at (0,238) width 142: "SYSCAT.COLOPTIONS"
                  RenderText {#text} at (142,238) size 4x17
                    text run at (142,238) width 4: " "
                  RenderBR {BR} at (146,251) size 0x0
                  RenderInline {A} at (0,0) size 121x17 [color=#0000EE]
                    RenderText {#text} at (0,255) size 121x17
                      text run at (0,255) width 121: "SYSCAT.COLUMNS"
                  RenderText {#text} at (121,255) size 4x17
                    text run at (121,255) width 4: " "
                  RenderBR {BR} at (125,268) size 0x0
                  RenderInline {A} at (0,0) size 129x17 [color=#0000EE]
                    RenderText {#text} at (0,272) size 129x17
                      text run at (0,272) width 129: "SYSCAT.CONSTDEP"
                  RenderText {#text} at (129,272) size 4x17
                    text run at (129,272) width 4: " "
                  RenderBR {BR} at (133,285) size 0x0
                  RenderInline {A} at (0,0) size 136x17 [color=#0000EE]
                    RenderText {#text} at (0,289) size 136x17
                      text run at (0,289) width 136: "SYSCAT.DATATYPES"
                  RenderText {#text} at (136,289) size 4x17
                    text run at (136,289) width 4: " "
                  RenderBR {BR} at (140,302) size 0x0
                  RenderInline {A} at (0,0) size 110x17 [color=#0000EE]
                    RenderText {#text} at (0,306) size 110x17
                      text run at (0,306) width 110: "SYSCAT.DBAUTH"
                  RenderText {#text} at (110,306) size 4x17
                    text run at (110,306) width 4: " "
                  RenderBR {BR} at (114,319) size 0x0
                  RenderInline {A} at (0,0) size 171x17 [color=#0000EE]
                    RenderText {#text} at (0,323) size 171x17
                      text run at (0,323) width 171: "SYSCAT.EVENTMONITORS"
                  RenderText {#text} at (171,323) size 4x17
                    text run at (171,323) width 4: " "
                  RenderBR {BR} at (175,336) size 0x0
                  RenderInline {A} at (0,0) size 110x17 [color=#0000EE]
                    RenderText {#text} at (0,340) size 110x17
                      text run at (0,340) width 110: "SYSCAT.EVENTS"
                  RenderText {#text} at (110,340) size 4x17
                    text run at (110,340) width 4: " "
                  RenderBR {BR} at (114,353) size 0x0
                  RenderInline {A} at (0,0) size 177x17 [color=#0000EE]
                    RenderText {#text} at (0,357) size 177x17
                      text run at (0,357) width 177: "SYSCAT.FULLHIERARCHIES"
                  RenderText {#text} at (177,357) size 4x17
                    text run at (177,357) width 4: " "
                  RenderBR {BR} at (181,370) size 0x0
                  RenderInline {A} at (0,0) size 119x17 [color=#0000EE]
                    RenderText {#text} at (0,374) size 119x17
                      text run at (0,374) width 119: "SYSCAT.FUNCDEP"
                  RenderText {#text} at (119,374) size 4x17
                    text run at (119,374) width 4: " "
                  RenderBR {BR} at (123,387) size 0x0
                  RenderInline {A} at (0,0) size 180x17 [color=#0000EE]
                    RenderText {#text} at (0,391) size 180x17
                      text run at (0,391) width 180: "SYSCAT.FUNCMAPOPTIONS"
                  RenderText {#text} at (180,391) size 4x17
                    text run at (180,391) width 4: " "
                  RenderBR {BR} at (184,404) size 0x0
                  RenderInline {A} at (0,0) size 218x17 [color=#0000EE]
                    RenderText {#text} at (0,408) size 218x17
                      text run at (0,408) width 218: "SYSCAT.FUNCMAPPARMOPTIONS"
                  RenderText {#text} at (218,408) size 4x17
                    text run at (218,408) width 4: " "
                  RenderBR {BR} at (222,421) size 0x0
                  RenderInline {A} at (0,0) size 162x17 [color=#0000EE]
                    RenderText {#text} at (0,425) size 162x17
                      text run at (0,425) width 162: "SYSCAT.FUNCMAPPINGS"
                  RenderText {#text} at (162,425) size 4x17
                    text run at (162,425) width 4: " "
                  RenderBR {BR} at (166,438) size 0x0
                  RenderInline {A} at (0,0) size 139x17 [color=#0000EE]
                    RenderText {#text} at (0,442) size 139x17
                      text run at (0,442) width 139: "SYSCAT.FUNCPARMS"
                  RenderText {#text} at (139,442) size 4x17
                    text run at (139,442) width 4: " "
                  RenderBR {BR} at (143,455) size 0x0
                  RenderInline {A} at (0,0) size 132x17 [color=#0000EE]
                    RenderText {#text} at (0,459) size 132x17
                      text run at (0,459) width 132: "SYSCAT.FUNCTIONS"
                  RenderText {#text} at (132,459) size 4x17
                    text run at (132,459) width 4: " "
                  RenderBR {BR} at (136,472) size 0x0
                  RenderInline {A} at (0,0) size 146x17 [color=#0000EE]
                    RenderText {#text} at (0,476) size 146x17
                      text run at (0,476) width 146: "SYSCAT.HIERARCHIES"
                  RenderText {#text} at (146,476) size 4x17
                    text run at (146,476) width 4: " "
                  RenderBR {BR} at (150,489) size 0x0
                  RenderInline {A} at (0,0) size 132x17 [color=#0000EE]
                    RenderText {#text} at (0,493) size 132x17
                      text run at (0,493) width 132: "SYSCAT.INDEXAUTH"
                  RenderText {#text} at (132,493) size 4x17
                    text run at (132,493) width 4: " "
                  RenderBR {BR} at (136,506) size 0x0
                  RenderInline {A} at (0,0) size 150x17 [color=#0000EE]
                    RenderText {#text} at (0,510) size 150x17
                      text run at (0,510) width 150: "SYSCAT.INDEXCOLUSE"
                  RenderText {#text} at (150,510) size 4x17
                    text run at (150,510) width 4: " "
                  RenderBR {BR} at (154,523) size 0x0
                  RenderInline {A} at (0,0) size 124x17 [color=#0000EE]
                    RenderText {#text} at (0,527) size 124x17
                      text run at (0,527) width 124: "SYSCAT.INDEXDEP"
                  RenderText {#text} at (124,527) size 4x17
                    text run at (124,527) width 4: " "
                  RenderBR {BR} at (128,540) size 0x0
                  RenderInline {A} at (0,0) size 115x17 [color=#0000EE]
                    RenderText {#text} at (0,544) size 115x17
                      text run at (0,544) width 115: "SYSCAT.INDEXES"
                  RenderText {#text} at (115,544) size 4x17
                    text run at (115,544) width 4: " "
                  RenderBR {BR} at (119,557) size 0x0
                  RenderInline {A} at (0,0) size 156x17 [color=#0000EE]
                    RenderText {#text} at (0,561) size 156x17
                      text run at (0,561) width 156: "SYSCAT.INDEXOPTIONS"
                  RenderText {#text} at (156,561) size 4x17
                    text run at (156,561) width 4: " "
                  RenderBR {BR} at (160,574) size 0x0
                  RenderInline {A} at (0,0) size 137x17 [color=#0000EE]
                    RenderText {#text} at (0,578) size 137x17
                      text run at (0,578) width 137: "SYSCAT.KEYCOLUSE"
                  RenderText {#text} at (137,578) size 4x17
                    text run at (137,578) width 4: " "
                  RenderBR {BR} at (141,591) size 0x0
                  RenderInline {A} at (0,0) size 165x17 [color=#0000EE]
                    RenderText {#text} at (0,595) size 165x17
                      text run at (0,595) width 165: "SYSCAT.NAMEMAPPINGS"
                  RenderText {#text} at (165,595) size 4x17
                    text run at (165,595) width 4: " "
                  RenderBR {BR} at (169,608) size 0x0
                  RenderInline {A} at (0,0) size 167x17 [color=#0000EE]
                    RenderText {#text} at (0,612) size 167x17
                      text run at (0,612) width 167: "SYSCAT.NODEGROUPDEF"
                  RenderText {#text} at (167,612) size 4x17
                    text run at (167,612) width 4: " "
                  RenderBR {BR} at (171,625) size 0x0
                  RenderInline {A} at (0,0) size 150x17 [color=#0000EE]
                    RenderText {#text} at (0,629) size 150x17
                      text run at (0,629) width 150: "SYSCAT.NODEGROUPS"
                  RenderText {#text} at (150,629) size 4x17
                    text run at (150,629) width 4: " "
                  RenderBR {BR} at (154,642) size 0x0
                  RenderInline {A} at (0,0) size 156x17 [color=#0000EE]
                    RenderText {#text} at (0,646) size 156x17
                      text run at (0,646) width 156: "SYSCAT.PACKAGEAUTH"
                  RenderText {#text} at (156,646) size 4x17
                    text run at (156,646) width 4: " "
                  RenderBR {BR} at (160,659) size 0x0
                  RenderInline {A} at (0,0) size 148x17 [color=#0000EE]
                    RenderText {#text} at (0,663) size 148x17
                      text run at (0,663) width 148: "SYSCAT.PACKAGEDEP"
                  RenderText {#text} at (148,663) size 4x17
                    text run at (148,663) width 4: " "
                  RenderBR {BR} at (152,676) size 0x0
                  RenderInline {A} at (0,0) size 130x17 [color=#0000EE]
                    RenderText {#text} at (0,680) size 130x17
                      text run at (0,680) width 130: "SYSCAT.PACKAGES"
                  RenderText {#text} at (130,680) size 4x17
                    text run at (130,680) width 4: " "
                  RenderBR {BR} at (134,693) size 0x0
                  RenderInline {A} at (0,0) size 165x17 [color=#0000EE]
                    RenderText {#text} at (0,697) size 165x17
                      text run at (0,697) width 165: "SYSCAT.PARTITIONMAPS"
                  RenderText {#text} at (165,697) size 4x17
                    text run at (165,697) width 4: " "
                  RenderBR {BR} at (169,710) size 0x0
                  RenderInline {A} at (0,0) size 163x17 [color=#0000EE]
                    RenderText {#text} at (0,714) size 163x17
                      text run at (0,714) width 163: "SYSCAT.PASSTHRUAUTH"
                  RenderText {#text} at (163,714) size 4x17
                    text run at (163,714) width 4: " "
                  RenderBR {BR} at (167,727) size 0x0
                  RenderInline {A} at (0,0) size 148x17 [color=#0000EE]
                    RenderText {#text} at (0,731) size 148x17
                      text run at (0,731) width 148: "SYSCAT.PROCEDURES"
                  RenderText {#text} at (148,731) size 4x17
                    text run at (148,731) width 4: " "
                  RenderBR {BR} at (152,744) size 0x0
                  RenderInline {A} at (0,0) size 153x17 [color=#0000EE]
                    RenderText {#text} at (0,748) size 153x17
                      text run at (0,748) width 153: "SYSCAT.PROCOPTIONS"
                  RenderText {#text} at (153,748) size 4x17
                    text run at (153,748) width 4: " "
                  RenderBR {BR} at (157,761) size 0x0
                  RenderInline {A} at (0,0) size 191x17 [color=#0000EE]
                    RenderText {#text} at (0,765) size 191x17
                      text run at (0,765) width 191: "SYSCAT.PROCPARMOPTIONS"
                  RenderText {#text} at (191,765) size 4x17
                    text run at (191,765) width 4: " "
                  RenderBR {BR} at (195,778) size 0x0
                  RenderInline {A} at (0,0) size 141x17 [color=#0000EE]
                    RenderText {#text} at (0,782) size 141x17
                      text run at (0,782) width 141: "SYSCAT.PROCPARMS"
                  RenderText {#text} at (141,782) size 4x17
                    text run at (141,782) width 4: " "
                  RenderBR {BR} at (145,795) size 0x0
                  RenderInline {A} at (0,0) size 146x17 [color=#0000EE]
                    RenderText {#text} at (0,799) size 146x17
                      text run at (0,799) width 146: "SYSCAT.REFERENCES"
                  RenderText {#text} at (146,799) size 4x17
                    text run at (146,799) width 4: " "
                  RenderBR {BR} at (150,812) size 0x0
                  RenderInline {A} at (0,0) size 189x17 [color=#0000EE]
                    RenderText {#text} at (0,816) size 189x17
                      text run at (0,816) width 189: "SYSCAT.REVTYPEMAPPINGS"
                  RenderText {#text} at (189,816) size 4x17
                    text run at (189,816) width 4: " "
                  RenderBR {BR} at (193,829) size 0x0
                  RenderInline {A} at (0,0) size 148x17 [color=#0000EE]
                    RenderText {#text} at (0,833) size 148x17
                      text run at (0,833) width 148: "SYSCAT.SCHEMAAUTH"
                  RenderText {#text} at (148,833) size 4x17
                    text run at (148,833) width 4: " "
                  RenderBR {BR} at (152,846) size 0x0
                  RenderInline {A} at (0,0) size 130x17 [color=#0000EE]
                    RenderText {#text} at (0,850) size 130x17
                      text run at (0,850) width 130: "SYSCAT.SCHEMATA"
                  RenderText {#text} at (130,850) size 4x17
                    text run at (130,850) width 4: " "
                  RenderBR {BR} at (134,863) size 0x0
                  RenderInline {A} at (0,0) size 170x17 [color=#0000EE]
                    RenderText {#text} at (0,867) size 170x17
                      text run at (0,867) width 170: "SYSCAT.SERVEROPTIONS"
                  RenderText {#text} at (170,867) size 4x17
                    text run at (170,867) width 4: " "
                  RenderBR {BR} at (174,880) size 0x0
                  RenderInline {A} at (0,0) size 120x17 [color=#0000EE]
                    RenderText {#text} at (0,884) size 120x17
                      text run at (0,884) width 120: "SYSCAT.SERVERS"
                  RenderText {#text} at (120,884) size 4x17
                    text run at (120,884) width 4: " "
                  RenderBR {BR} at (124,897) size 0x0
                  RenderInline {A} at (0,0) size 146x17 [color=#0000EE]
                    RenderText {#text} at (0,901) size 146x17
                      text run at (0,901) width 146: "SYSCAT.STATEMENTS"
                  RenderText {#text} at (146,901) size 4x17
                    text run at (146,901) width 4: " "
                  RenderBR {BR} at (150,914) size 0x0
                  RenderInline {A} at (0,0) size 118x17 [color=#0000EE]
                    RenderText {#text} at (0,918) size 118x17
                      text run at (0,918) width 118: "SYSCAT.TABAUTH"
                  RenderText {#text} at (118,918) size 4x17
                    text run at (118,918) width 4: " "
                  RenderBR {BR} at (122,931) size 0x0
                  RenderInline {A} at (0,0) size 128x17 [color=#0000EE]
                    RenderText {#text} at (0,935) size 128x17
                      text run at (0,935) width 128: "SYSCAT.TABCONST"
                  RenderText {#text} at (128,935) size 4x17
                    text run at (128,935) width 4: " "
                  RenderBR {BR} at (132,948) size 0x0
                  RenderInline {A} at (0,0) size 108x17 [color=#0000EE]
                    RenderText {#text} at (0,952) size 108x17
                      text run at (0,952) width 108: "SYSCAT.TABLES"
                  RenderText {#text} at (108,952) size 4x17
                    text run at (108,952) width 4: " "
                  RenderBR {BR} at (112,965) size 0x0
                  RenderInline {A} at (0,0) size 153x17 [color=#0000EE]
                    RenderText {#text} at (0,969) size 153x17
                      text run at (0,969) width 153: "SYSCAT.TABLESPACES"
                  RenderText {#text} at (153,969) size 4x17
                    text run at (153,969) width 4: " "
                  RenderBR {BR} at (157,982) size 0x0
                  RenderInline {A} at (0,0) size 142x17 [color=#0000EE]
                    RenderText {#text} at (0,986) size 142x17
                      text run at (0,986) width 142: "SYSCAT.TABOPTIONS"
                  RenderText {#text} at (142,986) size 4x17
                    text run at (142,986) width 4: " "
                  RenderBR {BR} at (146,999) size 0x0
                  RenderInline {A} at (0,0) size 154x17 [color=#0000EE]
                    RenderText {#text} at (0,1003) size 154x17
                      text run at (0,1003) width 154: "SYSCAT.TBSPACEAUTH"
                  RenderText {#text} at (154,1003) size 4x17
                    text run at (154,1003) width 4: " "
                  RenderBR {BR} at (158,1016) size 0x0
                  RenderInline {A} at (0,0) size 115x17 [color=#0000EE]
                    RenderText {#text} at (0,1020) size 115x17
                      text run at (0,1020) width 115: "SYSCAT.TRIGDEP"
                  RenderText {#text} at (115,1020) size 4x17
                    text run at (115,1020) width 4: " "
                  RenderBR {BR} at (119,1033) size 0x0
                  RenderInline {A} at (0,0) size 125x17 [color=#0000EE]
                    RenderText {#text} at (0,1037) size 125x17
                      text run at (0,1037) width 125: "SYSCAT.TRIGGERS"
                  RenderText {#text} at (125,1037) size 4x17
                    text run at (125,1037) width 4: " "
                  RenderBR {BR} at (129,1050) size 0x0
                  RenderInline {A} at (0,0) size 162x17 [color=#0000EE]
                    RenderText {#text} at (0,1054) size 162x17
                      text run at (0,1054) width 162: "SYSCAT.TYPEMAPPINGS"
                  RenderText {#text} at (162,1054) size 4x17
                    text run at (162,1054) width 4: " "
                  RenderBR {BR} at (166,1067) size 0x0
                  RenderInline {A} at (0,0) size 152x17 [color=#0000EE]
                    RenderText {#text} at (0,1071) size 152x17
                      text run at (0,1071) width 152: "SYSCAT.USEROPTIONS"
                  RenderText {#text} at (152,1071) size 4x17
                    text run at (152,1071) width 4: " "
                  RenderBR {BR} at (156,1084) size 0x0
                  RenderInline {A} at (0,0) size 118x17 [color=#0000EE]
                    RenderText {#text} at (0,1088) size 118x17
                      text run at (0,1088) width 118: "SYSCAT.VIEWDEP"
                  RenderText {#text} at (118,1088) size 4x17
                    text run at (118,1088) width 4: " "
                  RenderBR {BR} at (122,1101) size 0x0
                  RenderInline {A} at (0,0) size 100x17 [color=#0000EE]
                    RenderText {#text} at (0,1105) size 100x17
                      text run at (0,1105) width 100: "SYSCAT.VIEWS"
                  RenderText {#text} at (100,1105) size 4x17
                    text run at (100,1105) width 4: " "
                  RenderBR {BR} at (104,1118) size 0x0
                  RenderInline {A} at (0,0) size 155x17 [color=#0000EE]
                    RenderText {#text} at (0,1122) size 155x17
                      text run at (0,1122) width 155: "SYSCAT.WRAPOPTIONS"
                  RenderText {#text} at (155,1122) size 4x17
                    text run at (155,1122) width 4: " "
                  RenderBR {BR} at (159,1135) size 0x0
                  RenderInline {A} at (0,0) size 132x17 [color=#0000EE]
                    RenderText {#text} at (0,1139) size 132x17
                      text run at (0,1139) width 132: "SYSCAT.WRAPPERS"
                  RenderText {#text} at (132,1139) size 4x17
                    text run at (132,1139) width 4: " "
                  RenderBR {BR} at (136,1152) size 0x0
                  RenderInline {A} at (0,0) size 121x17 [color=#0000EE]
                    RenderText {#text} at (0,1156) size 121x17
                      text run at (0,1156) width 121: "SYSSTAT.COLDIST"
                  RenderText {#text} at (121,1156) size 4x17
                    text run at (121,1156) width 4: " "
                  RenderBR {BR} at (125,1169) size 0x0
                  RenderInline {A} at (0,0) size 129x17 [color=#0000EE]
                    RenderText {#text} at (0,1173) size 129x17
                      text run at (0,1173) width 129: "SYSSTAT.COLUMNS"
                  RenderText {#text} at (129,1173) size 4x17
                    text run at (129,1173) width 4: " "
                  RenderBR {BR} at (133,1186) size 0x0
                  RenderInline {A} at (0,0) size 140x17 [color=#0000EE]
                    RenderText {#text} at (0,1190) size 140x17
                      text run at (0,1190) width 140: "SYSSTAT.FUNCTIONS"
                  RenderText {#text} at (140,1190) size 4x17
                    text run at (140,1190) width 4: " "
                  RenderBR {BR} at (144,1203) size 0x0
                  RenderInline {A} at (0,0) size 123x17 [color=#0000EE]
                    RenderText {#text} at (0,1207) size 123x17
                      text run at (0,1207) width 123: "SYSSTAT.INDEXES"
                  RenderText {#text} at (123,1207) size 4x17
                    text run at (123,1207) width 4: " "
                  RenderBR {BR} at (127,1220) size 0x0
                  RenderInline {A} at (0,0) size 116x17 [color=#0000EE]
                    RenderText {#text} at (0,1224) size 116x17
                      text run at (0,1224) width 116: "SYSSTAT.TABLES"
                  RenderText {#text} at (0,0) size 0x0
                RenderBlock {P} at (0,10307) size 715x187
                  RenderInline {B} at (0,0) size 362x17
                    RenderInline {A} at (0,0) size 362x17 [color=#0000EE]
                      RenderText {#text} at (0,0) size 362x17
                        text run at (0,0) width 362: "Appendix E. Catalog Views For Use With Structured Types"
                  RenderBR {BR} at (362,13) size 0x0
                  RenderBR {BR} at (0,17) size 0x17
                  RenderInline {A} at (0,0) size 161x17 [color=#0000EE]
                    RenderText {#text} at (0,34) size 161x17
                      text run at (0,34) width 161: "'Roadmap' to Catalog Views"
                  RenderText {#text} at (161,34) size 4x17
                    text run at (161,34) width 4: " "
                  RenderBR {BR} at (165,47) size 0x0
                  RenderInline {A} at (0,0) size 114x17 [color=#0000EE]
                    RenderText {#text} at (0,51) size 114x17
                      text run at (0,51) width 114: "OBJCAT.INDEXES"
                  RenderText {#text} at (114,51) size 4x17
                    text run at (114,51) width 4: " "
                  RenderBR {BR} at (118,64) size 0x0
                  RenderInline {A} at (0,0) size 195x17 [color=#0000EE]
                    RenderText {#text} at (0,68) size 195x17
                      text run at (0,68) width 195: "OBJCAT.INDEXEXPLOITRULES"
                  RenderText {#text} at (195,68) size 4x17
                    text run at (195,68) width 4: " "
                  RenderBR {BR} at (199,81) size 0x0
                  RenderInline {A} at (0,0) size 199x17 [color=#0000EE]
                    RenderText {#text} at (0,85) size 199x17
                      text run at (0,85) width 199: "OBJCAT.INDEXEXTENSIONDEP"
                  RenderText {#text} at (199,85) size 4x17
                    text run at (199,85) width 4: " "
                  RenderBR {BR} at (203,98) size 0x0
                  RenderInline {A} at (0,0) size 237x17 [color=#0000EE]
                    RenderText {#text} at (0,102) size 237x17
                      text run at (0,102) width 237: "OBJCAT.INDEXEXTENSIONMETHODS"
                  RenderText {#text} at (237,102) size 4x17
                    text run at (237,102) width 4: " "
                  RenderBR {BR} at (241,115) size 0x0
                  RenderInline {A} at (0,0) size 219x17 [color=#0000EE]
                    RenderText {#text} at (0,119) size 219x17
                      text run at (0,119) width 219: "OBJCAT.INDEXEXTENSIONPARMS"
                  RenderText {#text} at (219,119) size 4x17
                    text run at (219,119) width 4: " "
                  RenderBR {BR} at (223,132) size 0x0
                  RenderInline {A} at (0,0) size 181x17 [color=#0000EE]
                    RenderText {#text} at (0,136) size 181x17
                      text run at (0,136) width 181: "OBJCAT.INDEXEXTENSIONS"
                  RenderText {#text} at (181,136) size 4x17
                    text run at (181,136) width 4: " "
                  RenderBR {BR} at (185,149) size 0x0
                  RenderInline {A} at (0,0) size 176x17 [color=#0000EE]
                    RenderText {#text} at (0,153) size 176x17
                      text run at (0,153) width 176: "OBJCAT.PREDICATESPECS"
                  RenderText {#text} at (176,153) size 4x17
                    text run at (176,153) width 4: " "
                  RenderBR {BR} at (180,166) size 0x0
                  RenderInline {A} at (0,0) size 147x17 [color=#0000EE]
                    RenderText {#text} at (0,170) size 147x17
                      text run at (0,170) width 147: "OBJCAT.TRANSFORMS"
                  RenderText {#text} at (0,0) size 0x0
                RenderBlock {P} at (0,10507) size 715x272
                  RenderInline {B} at (0,0) size 197x17
                    RenderInline {A} at (0,0) size 197x17 [color=#0000EE]
                      RenderText {#text} at (0,0) size 197x17
                        text run at (0,0) width 197: "Appendix F. Federated Systems"
                  RenderBR {BR} at (197,13) size 0x0
                  RenderBR {BR} at (0,17) size 0x17
                  RenderInline {A} at (0,0) size 78x17 [color=#0000EE]
                    RenderText {#text} at (0,34) size 78x17
                      text run at (0,34) width 78: "Server Types"
                  RenderText {#text} at (78,34) size 4x17
                    text run at (78,34) width 4: " "
                  RenderBR {BR} at (82,47) size 0x0
                  RenderInline {A} at (0,0) size 212x17 [color=#0000EE]
                    RenderText {#text} at (0,51) size 212x17
                      text run at (0,51) width 212: "SQL Options for Federated Systems"
                  RenderText {#text} at (212,51) size 4x17
                    text run at (212,51) width 4: " "
                  RenderBR {BR} at (216,64) size 0x0
                  RenderInline {A} at (0,0) size 93x17 [color=#0000EE]
                    RenderText {#text} at (0,68) size 93x17
                      text run at (0,68) width 93: "Column Options"
                  RenderText {#text} at (93,68) size 4x17
                    text run at (93,68) width 4: " "
                  RenderBR {BR} at (97,81) size 0x0
                  RenderInline {A} at (0,0) size 152x17 [color=#0000EE]
                    RenderText {#text} at (0,85) size 152x17
                      text run at (0,85) width 152: "Function Mapping Options"
                  RenderText {#text} at (152,85) size 4x17
                    text run at (152,85) width 4: " "
                  RenderBR {BR} at (156,98) size 0x0
                  RenderInline {A} at (0,0) size 87x17 [color=#0000EE]
                    RenderText {#text} at (0,102) size 87x17
                      text run at (0,102) width 87: "Server Options"
                  RenderText {#text} at (87,102) size 4x17
                    text run at (87,102) width 4: " "
                  RenderBR {BR} at (91,115) size 0x0
                  RenderInline {A} at (0,0) size 76x17 [color=#0000EE]
                    RenderText {#text} at (0,119) size 76x17
                      text run at (0,119) width 76: "User Options"
                  RenderText {#text} at (76,119) size 4x17
                    text run at (76,119) width 4: " "
                  RenderBR {BR} at (80,132) size 0x0
                  RenderInline {A} at (0,0) size 165x17 [color=#0000EE]
                    RenderText {#text} at (0,136) size 165x17
                      text run at (0,136) width 165: "Default Data Type Mappings"
                  RenderText {#text} at (165,136) size 4x17
                    text run at (165,136) width 4: " "
                  RenderBR {BR} at (169,149) size 0x0
                  RenderInline {A} at (0,0) size 681x17 [color=#0000EE]
                    RenderText {#text} at (0,153) size 681x17
                      text run at (0,153) width 681: "Default Type Mappings between DB2 and DB2 Universal Database for OS/390 (and DB2 for MVS/ESA) Data Sources"
                  RenderText {#text} at (681,153) size 4x17
                    text run at (681,153) width 4: " "
                  RenderBR {BR} at (685,166) size 0x0
                  RenderInline {A} at (0,0) size 646x17 [color=#0000EE]
                    RenderText {#text} at (0,170) size 646x17
                      text run at (0,170) width 646: "Default Type Mappings between DB2 and 2 Universal Database for AS/400 (and DB2 for OS/400) Data Sources"
                  RenderText {#text} at (646,170) size 4x17
                    text run at (646,170) width 4: " "
                  RenderBR {BR} at (650,183) size 0x0
                  RenderInline {A} at (0,0) size 365x17 [color=#0000EE]
                    RenderText {#text} at (0,187) size 365x17
                      text run at (0,187) width 365: "Default Type Mappings between DB2 and Oracle Data Sources"
                  RenderText {#text} at (365,187) size 4x17
                    text run at (365,187) width 4: " "
                  RenderBR {BR} at (369,200) size 0x0
                  RenderInline {A} at (0,0) size 536x17 [color=#0000EE]
                    RenderText {#text} at (0,204) size 536x17
                      text run at (0,204) width 536: "Default Type Mappings between DB2 and DB2 for VM and VSE (and SQL/DS) Data Sources"
                  RenderText {#text} at (536,204) size 4x17
                    text run at (536,204) width 4: " "
                  RenderBR {BR} at (540,217) size 0x0
                  RenderInline {A} at (0,0) size 196x17 [color=#0000EE]
                    RenderText {#text} at (0,221) size 196x17
                      text run at (0,221) width 196: "Pass-Through Facility Processing"
                  RenderText {#text} at (196,221) size 4x17
                    text run at (196,221) width 4: " "
                  RenderBR {BR} at (200,234) size 0x0
                  RenderInline {A} at (0,0) size 252x17 [color=#0000EE]
                    RenderText {#text} at (0,238) size 252x17
                      text run at (0,238) width 252: "SQL Processing in Pass-Through Sessions"
                  RenderText {#text} at (252,238) size 4x17
                    text run at (252,238) width 4: " "
                  RenderBR {BR} at (256,251) size 0x0
                  RenderInline {A} at (0,0) size 184x17 [color=#0000EE]
                    RenderText {#text} at (0,255) size 184x17
                      text run at (0,255) width 184: "Considerations and Restrictions"
                  RenderText {#text} at (0,0) size 0x0
                RenderBlock {P} at (0,10792) size 715x442
                  RenderInline {B} at (0,0) size 233x17
                    RenderInline {A} at (0,0) size 233x17 [color=#0000EE]
                      RenderText {#text} at (0,0) size 233x17
                        text run at (0,0) width 233: "Appendix G. Sample Database Tables"
                  RenderBR {BR} at (233,13) size 0x0
                  RenderBR {BR} at (0,17) size 0x17
                  RenderInline {A} at (0,0) size 129x17 [color=#0000EE]
                    RenderText {#text} at (0,34) size 129x17
                      text run at (0,34) width 129: "The Sample Database"
                  RenderText {#text} at (129,34) size 4x17
                    text run at (129,34) width 4: " "
                  RenderBR {BR} at (133,47) size 0x0
                  RenderInline {A} at (0,0) size 186x17 [color=#0000EE]
                    RenderText {#text} at (0,51) size 186x17
                      text run at (0,51) width 186: "To Create the Sample Database"
                  RenderText {#text} at (186,51) size 4x17
                    text run at (186,51) width 4: " "
                  RenderBR {BR} at (190,64) size 0x0
                  RenderInline {A} at (0,0) size 182x17 [color=#0000EE]
                    RenderText {#text} at (0,68) size 182x17
                      text run at (0,68) width 182: "To Erase the Sample Database"
                  RenderText {#text} at (182,68) size 4x17
                    text run at (182,68) width 4: " "
                  RenderBR {BR} at (186,81) size 0x0
                  RenderInline {A} at (0,0) size 104x17 [color=#0000EE]
                    RenderText {#text} at (0,85) size 104x17
                      text run at (0,85) width 104: "CL_SCHED Table"
                  RenderText {#text} at (104,85) size 4x17
                    text run at (104,85) width 4: " "
                  RenderBR {BR} at (108,98) size 0x0
                  RenderInline {A} at (0,0) size 126x17 [color=#0000EE]
                    RenderText {#text} at (0,102) size 126x17
                      text run at (0,102) width 126: "DEPARTMENT Table"
                  RenderText {#text} at (126,102) size 4x17
                    text run at (126,102) width 4: " "
                  RenderBR {BR} at (130,115) size 0x0
                  RenderInline {A} at (0,0) size 109x17 [color=#0000EE]
                    RenderText {#text} at (0,119) size 109x17
                      text run at (0,119) width 109: "EMPLOYEE Table"
                  RenderText {#text} at (109,119) size 4x17
                    text run at (109,119) width 4: " "
                  RenderBR {BR} at (113,132) size 0x0
                  RenderInline {A} at (0,0) size 98x17 [color=#0000EE]
                    RenderText {#text} at (0,136) size 98x17
                      text run at (0,136) width 98: "EMP_ACT Table"
                  RenderText {#text} at (98,136) size 4x17
                    text run at (98,136) width 4: " "
                  RenderBR {BR} at (102,149) size 0x0
                  RenderInline {A} at (0,0) size 118x17 [color=#0000EE]
                    RenderText {#text} at (0,153) size 118x17
                      text run at (0,153) width 118: "EMP_PHOTO Table"
                  RenderText {#text} at (118,153) size 4x17
                    text run at (118,153) width 4: " "
                  RenderBR {BR} at (122,166) size 0x0
                  RenderInline {A} at (0,0) size 128x17 [color=#0000EE]
                    RenderText {#text} at (0,170) size 128x17
                      text run at (0,170) width 128: "EMP_RESUME Table"
                  RenderText {#text} at (128,170) size 4x17
                    text run at (128,170) width 4: " "
                  RenderBR {BR} at (132,183) size 0x0
                  RenderInline {A} at (0,0) size 91x17 [color=#0000EE]
                    RenderText {#text} at (0,187) size 91x17
                      text run at (0,187) width 91: "IN_TRAY Table"
                  RenderText {#text} at (91,187) size 4x17
                    text run at (91,187) width 4: " "
                  RenderBR {BR} at (95,200) size 0x0
                  RenderInline {A} at (0,0) size 65x17 [color=#0000EE]
                    RenderText {#text} at (0,204) size 65x17
                      text run at (0,204) width 65: "ORG Table"
                  RenderText {#text} at (65,204) size 4x17
                    text run at (65,204) width 4: " "
                  RenderBR {BR} at (69,217) size 0x0
                  RenderInline {A} at (0,0) size 97x17 [color=#0000EE]
                    RenderText {#text} at (0,221) size 97x17
                      text run at (0,221) width 97: "PROJECT Table"
                  RenderText {#text} at (97,221) size 4x17
                    text run at (97,221) width 4: " "
                  RenderBR {BR} at (101,234) size 0x0
                  RenderInline {A} at (0,0) size 79x17 [color=#0000EE]
                    RenderText {#text} at (0,238) size 79x17
                      text run at (0,238) width 79: "SALES Table"
                  RenderText {#text} at (79,238) size 4x17
                    text run at (79,238) width 4: " "
                  RenderBR {BR} at (83,251) size 0x0
                  RenderInline {A} at (0,0) size 78x17 [color=#0000EE]
                    RenderText {#text} at (0,255) size 78x17
                      text run at (0,255) width 78: "STAFF Table"
                  RenderText {#text} at (78,255) size 4x17
                    text run at (78,255) width 4: " "
                  RenderBR {BR} at (82,268) size 0x0
                  RenderInline {A} at (0,0) size 88x17 [color=#0000EE]
                    RenderText {#text} at (0,272) size 88x17
                      text run at (0,272) width 88: "STAFFG Table"
                  RenderText {#text} at (88,272) size 4x17
                    text run at (88,272) width 4: " "
                  RenderBR {BR} at (92,285) size 0x0
                  RenderInline {A} at (0,0) size 270x17 [color=#0000EE]
                    RenderText {#text} at (0,289) size 270x17
                      text run at (0,289) width 270: "Sample Files with BLOB and CLOB Data Type"
                  RenderText {#text} at (270,289) size 4x17
                    text run at (270,289) width 4: " "
                  RenderBR {BR} at (274,302) size 0x0
                  RenderInline {A} at (0,0) size 90x17 [color=#0000EE]
                    RenderText {#text} at (0,306) size 90x17
                      text run at (0,306) width 90: "Quintana Photo"
                  RenderText {#text} at (90,306) size 4x17
                    text run at (90,306) width 4: " "
                  RenderBR {BR} at (94,319) size 0x0
                  RenderInline {A} at (0,0) size 104x17 [color=#0000EE]
                    RenderText {#text} at (0,323) size 104x17
                      text run at (0,323) width 104: "Quintana Resume"
                  RenderText {#text} at (104,323) size 4x17
                    text run at (104,323) width 4: " "
                  RenderBR {BR} at (108,336) size 0x0
                  RenderInline {A} at (0,0) size 84x17 [color=#0000EE]
                    RenderText {#text} at (0,340) size 84x17
                      text run at (0,340) width 84: "Nicholls Photo"
                  RenderText {#text} at (84,340) size 4x17
                    text run at (84,340) width 4: " "
                  RenderBR {BR} at (88,353) size 0x0
                  RenderInline {A} at (0,0) size 98x17 [color=#0000EE]
                    RenderText {#text} at (0,357) size 98x17
                      text run at (0,357) width 98: "Nicholls Resume"
                  RenderText {#text} at (98,357) size 4x17
                    text run at (98,357) width 4: " "
                  RenderBR {BR} at (102,370) size 0x0
                  RenderInline {A} at (0,0) size 93x17 [color=#0000EE]
                    RenderText {#text} at (0,374) size 93x17
                      text run at (0,374) width 93: "Adamson Photo"
                  RenderText {#text} at (93,374) size 4x17
                    text run at (93,374) width 4: " "
                  RenderBR {BR} at (97,387) size 0x0
                  RenderInline {A} at (0,0) size 107x17 [color=#0000EE]
                    RenderText {#text} at (0,391) size 107x17
                      text run at (0,391) width 107: "Adamson Resume"
                  RenderText {#text} at (107,391) size 4x17
                    text run at (107,391) width 4: " "
                  RenderBR {BR} at (111,404) size 0x0
                  RenderInline {A} at (0,0) size 78x17 [color=#0000EE]
                    RenderText {#text} at (0,408) size 78x17
                      text run at (0,408) width 78: "Walker Photo"
                  RenderText {#text} at (78,408) size 4x17
                    text run at (78,408) width 4: " "
                  RenderBR {BR} at (82,421) size 0x0
                  RenderInline {A} at (0,0) size 92x17 [color=#0000EE]
                    RenderText {#text} at (0,425) size 92x17
                      text run at (0,425) width 92: "Walker Resume"
                  RenderText {#text} at (0,0) size 0x0
                RenderBlock {P} at (0,11247) size 715x102
                  RenderInline {B} at (0,0) size 369x17
                    RenderInline {A} at (0,0) size 369x17 [color=#0000EE]
                      RenderText {#text} at (0,0) size 369x17
                        text run at (0,0) width 369: "Appendix H. Reserved Schema Names and Reserved Words"
                  RenderBR {BR} at (369,13) size 0x0
                  RenderBR {BR} at (0,17) size 0x17
                  RenderInline {A} at (0,0) size 114x17 [color=#0000EE]
                    RenderText {#text} at (0,34) size 114x17
                      text run at (0,34) width 114: "Reserved Schemas"
                  RenderText {#text} at (114,34) size 4x17
                    text run at (114,34) width 4: " "
                  RenderBR {BR} at (118,47) size 0x0
                  RenderInline {A} at (0,0) size 96x17 [color=#0000EE]
                    RenderText {#text} at (0,51) size 96x17
                      text run at (0,51) width 96: "Reserved Words"
                  RenderText {#text} at (96,51) size 4x17
                    text run at (96,51) width 4: " "
                  RenderBR {BR} at (100,64) size 0x0
                  RenderInline {A} at (0,0) size 154x17 [color=#0000EE]
                    RenderText {#text} at (0,68) size 154x17
                      text run at (0,68) width 154: "IBM SQL Reserved Words"
                  RenderText {#text} at (154,68) size 4x17
                    text run at (154,68) width 4: " "
                  RenderBR {BR} at (158,81) size 0x0
                  RenderInline {A} at (0,0) size 198x17 [color=#0000EE]
                    RenderText {#text} at (0,85) size 198x17
                      text run at (0,85) width 198: "ISO/ANS SQL92 Reserved Words"
                  RenderText {#text} at (0,0) size 0x0
                RenderBlock {P} at (0,11362) size 715x17
                  RenderInline {B} at (0,0) size 269x17
                    RenderInline {A} at (0,0) size 269x17 [color=#0000EE]
                      RenderText {#text} at (0,0) size 269x17
                        text run at (0,0) width 269: "Appendix I. Comparison of Isolation Levels"
                  RenderBR {BR} at (269,13) size 0x0
                RenderBlock {P} at (0,11392) size 715x17
                  RenderInline {B} at (0,0) size 318x17
                    RenderInline {A} at (0,0) size 318x17 [color=#0000EE]
                      RenderText {#text} at (0,0) size 318x17
                        text run at (0,0) width 318: "Appendix J. Interaction of Triggers and Constraints"
                  RenderBR {BR} at (318,13) size 0x0
                RenderBlock {P} at (0,11422) size 715x357
                  RenderInline {B} at (0,0) size 270x17
                    RenderInline {A} at (0,0) size 270x17 [color=#0000EE]
                      RenderText {#text} at (0,0) size 270x17
                        text run at (0,0) width 270: "Appendix K. Explain Tables and Definitions"
                  RenderBR {BR} at (270,13) size 0x0
                  RenderBR {BR} at (0,17) size 0x17
                  RenderInline {A} at (0,0) size 173x17 [color=#0000EE]
                    RenderText {#text} at (0,34) size 173x17
                      text run at (0,34) width 173: "EXPLAIN_ARGUMENT Table"
                  RenderText {#text} at (173,34) size 4x17
                    text run at (173,34) width 4: " "
                  RenderBR {BR} at (177,47) size 0x0
                  RenderInline {A} at (0,0) size 165x17 [color=#0000EE]
                    RenderText {#text} at (0,51) size 165x17
                      text run at (0,51) width 165: "EXPLAIN_INSTANCE Table"
                  RenderText {#text} at (165,51) size 4x17
                    text run at (165,51) width 4: " "
                  RenderBR {BR} at (169,64) size 0x0
                  RenderInline {A} at (0,0) size 151x17 [color=#0000EE]
                    RenderText {#text} at (0,68) size 151x17
                      text run at (0,68) width 151: "EXPLAIN_OBJECT Table"
                  RenderText {#text} at (151,68) size 4x17
                    text run at (151,68) width 4: " "
                  RenderBR {BR} at (155,81) size 0x0
                  RenderInline {A} at (0,0) size 172x17 [color=#0000EE]
                    RenderText {#text} at (0,85) size 172x17
                      text run at (0,85) width 172: "EXPLAIN_OPERATOR Table"
                  RenderText {#text} at (172,85) size 4x17
                    text run at (172,85) width 4: " "
                  RenderBR {BR} at (176,98) size 0x0
                  RenderInline {A} at (0,0) size 174x17 [color=#0000EE]
                    RenderText {#text} at (0,102) size 174x17
                      text run at (0,102) width 174: "EXPLAIN_PREDICATE Table"
                  RenderText {#text} at (174,102) size 4x17
                    text run at (174,102) width 4: " "
                  RenderBR {BR} at (178,115) size 0x0
                  RenderInline {A} at (0,0) size 179x17 [color=#0000EE]
                    RenderText {#text} at (0,119) size 179x17
                      text run at (0,119) width 179: "EXPLAIN_STATEMENT Table"
                  RenderText {#text} at (179,119) size 4x17
                    text run at (179,119) width 4: " "
                  RenderBR {BR} at (183,132) size 0x0
                  RenderInline {A} at (0,0) size 154x17 [color=#0000EE]
                    RenderText {#text} at (0,136) size 154x17
                      text run at (0,136) width 154: "EXPLAIN_STREAM Table"
                  RenderText {#text} at (154,136) size 4x17
                    text run at (154,136) width 4: " "
                  RenderBR {BR} at (158,149) size 0x0
                  RenderInline {A} at (0,0) size 132x17 [color=#0000EE]
                    RenderText {#text} at (0,153) size 132x17
                      text run at (0,153) width 132: "ADVISE_INDEX Table"
                  RenderText {#text} at (132,153) size 4x17
                    text run at (132,153) width 4: " "
                  RenderBR {BR} at (136,166) size 0x0
                  RenderInline {A} at (0,0) size 167x17 [color=#0000EE]
                    RenderText {#text} at (0,170) size 167x17
                      text run at (0,170) width 167: "ADVISE_WORKLOAD Table"
                  RenderText {#text} at (167,170) size 4x17
                    text run at (167,170) width 4: " "
                  RenderBR {BR} at (171,183) size 0x0
                  RenderInline {A} at (0,0) size 206x17 [color=#0000EE]
                    RenderText {#text} at (0,187) size 206x17
                      text run at (0,187) width 206: "Table Definitions for Explain Tables"
                  RenderText {#text} at (206,187) size 4x17
                    text run at (206,187) width 4: " "
                  RenderBR {BR} at (210,200) size 0x0
                  RenderInline {A} at (0,0) size 231x17 [color=#0000EE]
                    RenderText {#text} at (0,204) size 231x17
                      text run at (0,204) width 231: "EXPLAIN_ARGUMENT Table Definition"
                  RenderText {#text} at (231,204) size 4x17
                    text run at (231,204) width 4: " "
                  RenderBR {BR} at (235,217) size 0x0
                  RenderInline {A} at (0,0) size 223x17 [color=#0000EE]
                    RenderText {#text} at (0,221) size 223x17
                      text run at (0,221) width 223: "EXPLAIN_INSTANCE Table Definition"
                  RenderText {#text} at (223,221) size 4x17
                    text run at (223,221) width 4: " "
                  RenderBR {BR} at (227,234) size 0x0
                  RenderInline {A} at (0,0) size 209x17 [color=#0000EE]
                    RenderText {#text} at (0,238) size 209x17
                      text run at (0,238) width 209: "EXPLAIN_OBJECT Table Definition"
                  RenderText {#text} at (209,238) size 4x17
                    text run at (209,238) width 4: " "
                  RenderBR {BR} at (213,251) size 0x0
                  RenderInline {A} at (0,0) size 230x17 [color=#0000EE]
                    RenderText {#text} at (0,255) size 230x17
                      text run at (0,255) width 230: "EXPLAIN_OPERATOR Table Definition"
                  RenderText {#text} at (230,255) size 4x17
                    text run at (230,255) width 4: " "
                  RenderBR {BR} at (234,268) size 0x0
                  RenderInline {A} at (0,0) size 232x17 [color=#0000EE]
                    RenderText {#text} at (0,272) size 232x17
                      text run at (0,272) width 232: "EXPLAIN_PREDICATE Table Definition"
                  RenderText {#text} at (232,272) size 4x17
                    text run at (232,272) width 4: " "
                  RenderBR {BR} at (236,285) size 0x0
                  RenderInline {A} at (0,0) size 237x17 [color=#0000EE]
                    RenderText {#text} at (0,289) size 237x17
                      text run at (0,289) width 237: "EXPLAIN_STATEMENT Table Definition"
                  RenderText {#text} at (237,289) size 4x17
                    text run at (237,289) width 4: " "
                  RenderBR {BR} at (241,302) size 0x0
                  RenderInline {A} at (0,0) size 212x17 [color=#0000EE]
                    RenderText {#text} at (0,306) size 212x17
                      text run at (0,306) width 212: "EXPLAIN_STREAM Table Definition"
                  RenderText {#text} at (212,306) size 4x17
                    text run at (212,306) width 4: " "
                  RenderBR {BR} at (216,319) size 0x0
                  RenderInline {A} at (0,0) size 190x17 [color=#0000EE]
                    RenderText {#text} at (0,323) size 190x17
                      text run at (0,323) width 190: "ADVISE_INDEX Table Definition"
                  RenderText {#text} at (190,323) size 4x17
                    text run at (190,323) width 4: " "
                  RenderBR {BR} at (194,336) size 0x0
                  RenderInline {A} at (0,0) size 225x17 [color=#0000EE]
                    RenderText {#text} at (0,340) size 225x17
                      text run at (0,340) width 225: "ADVISE_WORKLOAD Table Definition"
                  RenderText {#text} at (0,0) size 0x0
                RenderBlock {P} at (0,11792) size 715x17
                  RenderInline {B} at (0,0) size 227x17
                    RenderInline {A} at (0,0) size 227x17 [color=#0000EE]
                      RenderText {#text} at (0,0) size 227x17
                        text run at (0,0) width 227: "Appendix L. Explain Register Values"
                  RenderBR {BR} at (227,13) size 0x0
                RenderBlock {P} at (0,11822) size 715x85
                  RenderInline {B} at (0,0) size 308x17
                    RenderInline {A} at (0,0) size 308x17 [color=#0000EE]
                      RenderText {#text} at (0,0) size 308x17
                        text run at (0,0) width 308: "Appendix M. Recursion Example: Bill of Materials"
                  RenderBR {BR} at (308,13) size 0x0
                  RenderBR {BR} at (0,17) size 0x17
                  RenderInline {A} at (0,0) size 202x17 [color=#0000EE]
                    RenderText {#text} at (0,34) size 202x17
                      text run at (0,34) width 202: "Example 1: Single Level Explosion"
                  RenderText {#text} at (202,34) size 4x17
                    text run at (202,34) width 4: " "
                  RenderBR {BR} at (206,47) size 0x0
                  RenderInline {A} at (0,0) size 204x17 [color=#0000EE]
                    RenderText {#text} at (0,51) size 204x17
                      text run at (0,51) width 204: "Example 2: Summarized Explosion"
                  RenderText {#text} at (204,51) size 4x17
                    text run at (204,51) width 4: " "
                  RenderBR {BR} at (208,64) size 0x0
                  RenderInline {A} at (0,0) size 169x17 [color=#0000EE]
                    RenderText {#text} at (0,68) size 169x17
                      text run at (0,68) width 169: "Example 3: Controlling Depth"
                  RenderText {#text} at (0,0) size 0x0
                RenderBlock {P} at (0,11920) size 715x85
                  RenderInline {B} at (0,0) size 187x17
                    RenderInline {A} at (0,0) size 187x17 [color=#0000EE]
                      RenderText {#text} at (0,0) size 187x17
                        text run at (0,0) width 187: "Appendix N. Exception Tables"
                  RenderBR {BR} at (187,13) size 0x0
                  RenderBR {BR} at (0,17) size 0x17
                  RenderInline {A} at (0,0) size 220x17 [color=#0000EE]
                    RenderText {#text} at (0,34) size 220x17
                      text run at (0,34) width 220: "Rules for Creating an Exception Table"
                  RenderText {#text} at (220,34) size 4x17
                    text run at (220,34) width 4: " "
                  RenderBR {BR} at (224,47) size 0x0
                  RenderInline {A} at (0,0) size 227x17 [color=#0000EE]
                    RenderText {#text} at (0,51) size 227x17
                      text run at (0,51) width 227: "Handling Rows in the Exception Tables"
                  RenderText {#text} at (227,51) size 4x17
                    text run at (227,51) width 4: " "
                  RenderBR {BR} at (231,64) size 0x0
                  RenderInline {A} at (0,0) size 179x17 [color=#0000EE]
                    RenderText {#text} at (0,68) size 179x17
                      text run at (0,68) width 179: "Querying the Exception Tables"
                  RenderText {#text} at (0,0) size 0x0
                RenderBlock {P} at (0,12018) size 715x374
                  RenderInline {B} at (0,0) size 420x17
                    RenderInline {A} at (0,0) size 420x17 [color=#0000EE]
                      RenderText {#text} at (0,0) size 420x17
                        text run at (0,0) width 420: "Appendix O. Japanese and Traditional-Chinese EUC Considerations"
                  RenderBR {BR} at (420,13) size 0x0
                  RenderBR {BR} at (0,17) size 0x17
                  RenderInline {A} at (0,0) size 115x17 [color=#0000EE]
                    RenderText {#text} at (0,34) size 115x17
                      text run at (0,34) width 115: "Language Elements"
                  RenderText {#text} at (115,34) size 4x17
                    text run at (115,34) width 4: " "
                  RenderBR {BR} at (119,47) size 0x0
                  RenderInline {A} at (0,0) size 63x17 [color=#0000EE]
                    RenderText {#text} at (0,51) size 63x17
                      text run at (0,51) width 63: "Characters"
                  RenderText {#text} at (63,51) size 4x17
                    text run at (63,51) width 4: " "
                  RenderBR {BR} at (67,64) size 0x0
                  RenderInline {A} at (0,0) size 43x17 [color=#0000EE]
                    RenderText {#text} at (0,68) size 43x17
                      text run at (0,68) width 43: "Tokens"
                  RenderText {#text} at (43,68) size 4x17
                    text run at (43,68) width 4: " "
                  RenderBR {BR} at (47,81) size 0x0
                  RenderInline {A} at (0,0) size 57x17 [color=#0000EE]
                    RenderText {#text} at (0,85) size 57x17
                      text run at (0,85) width 57: "Identifiers"
                  RenderText {#text} at (57,85) size 4x17
                    text run at (57,85) width 4: " "
                  RenderBR {BR} at (61,98) size 0x0
                  RenderInline {A} at (0,0) size 67x17 [color=#0000EE]
                    RenderText {#text} at (0,102) size 67x17
                      text run at (0,102) width 67: "Data Types"
                  RenderText {#text} at (67,102) size 4x17
                    text run at (67,102) width 4: " "
                  RenderBR {BR} at (71,115) size 0x0
                  RenderInline {A} at (0,0) size 181x17 [color=#0000EE]
                    RenderText {#text} at (0,119) size 181x17
                      text run at (0,119) width 181: "Assignments and Comparisons"
                  RenderText {#text} at (181,119) size 4x17
                    text run at (181,119) width 4: " "
                  RenderBR {BR} at (185,132) size 0x0
                  RenderInline {A} at (0,0) size 164x17 [color=#0000EE]
                    RenderText {#text} at (0,136) size 164x17
                      text run at (0,136) width 164: "Rules for Result Data Types"
                  RenderText {#text} at (164,136) size 4x17
                    text run at (164,136) width 4: " "
                  RenderBR {BR} at (168,149) size 0x0
                  RenderInline {A} at (0,0) size 166x17 [color=#0000EE]
                    RenderText {#text} at (0,153) size 166x17
                      text run at (0,153) width 166: "Rules for String Conversions"
                  RenderText {#text} at (166,153) size 4x17
                    text run at (166,153) width 4: " "
                  RenderBR {BR} at (170,166) size 0x0
                  RenderInline {A} at (0,0) size 59x17 [color=#0000EE]
                    RenderText {#text} at (0,170) size 59x17
                      text run at (0,170) width 59: "Constants"
                  RenderText {#text} at (59,170) size 4x17
                    text run at (59,170) width 4: " "
                  RenderBR {BR} at (63,183) size 0x0
                  RenderInline {A} at (0,0) size 57x17 [color=#0000EE]
                    RenderText {#text} at (0,187) size 57x17
                      text run at (0,187) width 57: "Functions"
                  RenderText {#text} at (57,187) size 4x17
                    text run at (57,187) width 4: " "
                  RenderBR {BR} at (61,200) size 0x0
                  RenderInline {A} at (0,0) size 72x17 [color=#0000EE]
                    RenderText {#text} at (0,204) size 72x17
                      text run at (0,204) width 72: "Expressions"
                  RenderText {#text} at (72,204) size 4x17
                    text run at (72,204) width 4: " "
                  RenderBR {BR} at (76,217) size 0x0
                  RenderInline {A} at (0,0) size 62x17 [color=#0000EE]
                    RenderText {#text} at (0,221) size 62x17
                      text run at (0,221) width 62: "Predicates"
                  RenderText {#text} at (62,221) size 4x17
                    text run at (62,221) width 4: " "
                  RenderBR {BR} at (66,234) size 0x0
                  RenderInline {A} at (0,0) size 57x17 [color=#0000EE]
                    RenderText {#text} at (0,238) size 57x17
                      text run at (0,238) width 57: "Functions"
                  RenderText {#text} at (57,238) size 4x17
                    text run at (57,238) width 4: " "
                  RenderBR {BR} at (61,251) size 0x0
                  RenderInline {A} at (0,0) size 52x17 [color=#0000EE]
                    RenderText {#text} at (0,255) size 52x17
                      text run at (0,255) width 52: "LENGTH"
                  RenderText {#text} at (52,255) size 4x17
                    text run at (52,255) width 4: " "
                  RenderBR {BR} at (56,268) size 0x0
                  RenderInline {A} at (0,0) size 53x17 [color=#0000EE]
                    RenderText {#text} at (0,272) size 53x17
                      text run at (0,272) width 53: "SUBSTR"
                  RenderText {#text} at (53,272) size 4x17
                    text run at (53,272) width 4: " "
                  RenderBR {BR} at (57,285) size 0x0
                  RenderInline {A} at (0,0) size 77x17 [color=#0000EE]
                    RenderText {#text} at (0,289) size 77x17
                      text run at (0,289) width 77: "TRANSLATE"
                  RenderText {#text} at (77,289) size 4x17
                    text run at (77,289) width 4: " "
                  RenderBR {BR} at (81,302) size 0x0
                  RenderInline {A} at (0,0) size 86x17 [color=#0000EE]
                    RenderText {#text} at (0,306) size 86x17
                      text run at (0,306) width 86: "VARGRAPHIC"
                  RenderText {#text} at (86,306) size 4x17
                    text run at (86,306) width 4: " "
                  RenderBR {BR} at (90,319) size 0x0
                  RenderInline {A} at (0,0) size 67x17 [color=#0000EE]
                    RenderText {#text} at (0,323) size 67x17
                      text run at (0,323) width 67: "Statements"
                  RenderText {#text} at (67,323) size 4x17
                    text run at (67,323) width 4: " "
                  RenderBR {BR} at (71,336) size 0x0
                  RenderInline {A} at (0,0) size 63x17 [color=#0000EE]
                    RenderText {#text} at (0,340) size 63x17
                      text run at (0,340) width 63: "CONNECT"
                  RenderText {#text} at (63,340) size 4x17
                    text run at (63,340) width 4: " "
                  RenderBR {BR} at (67,353) size 0x0
                  RenderInline {A} at (0,0) size 63x17 [color=#0000EE]
                    RenderText {#text} at (0,357) size 63x17
                      text run at (0,357) width 63: "PREPARE"
                  RenderText {#text} at (0,0) size 0x0
                RenderBlock {P} at (0,12405) size 715x17
                  RenderInline {B} at (0,0) size 295x17
                    RenderInline {A} at (0,0) size 295x17 [color=#0000EE]
                      RenderText {#text} at (0,0) size 295x17
                        text run at (0,0) width 295: "Appendix P. BNF Specifications for DATALINKs"
                  RenderBR {BR} at (295,13) size 0x0
                RenderBlock {P} at (0,12435) size 715x204
                  RenderInline {B} at (0,0) size 217x17
                    RenderInline {A} at (0,0) size 217x17 [color=#0000EE]
                      RenderText {#text} at (0,0) size 217x17
                        text run at (0,0) width 217: "Appendix Q. Using the DB2 Library"
                  RenderBR {BR} at (217,13) size 0x0
                  RenderBR {BR} at (0,17) size 0x17
                  RenderInline {A} at (0,0) size 198x17 [color=#0000EE]
                    RenderText {#text} at (0,34) size 198x17
                      text run at (0,34) width 198: "DB2 PDF Files and Printed Books"
                  RenderText {#text} at (198,34) size 4x17
                    text run at (198,34) width 4: " "
                  RenderBR {BR} at (202,47) size 0x0
                  RenderInline {A} at (0,0) size 94x17 [color=#0000EE]
                    RenderText {#text} at (0,51) size 94x17
                      text run at (0,51) width 94: "DB2 Information"
                  RenderText {#text} at (94,51) size 4x17
                    text run at (94,51) width 4: " "
                  RenderBR {BR} at (98,64) size 0x0
                  RenderInline {A} at (0,0) size 137x17 [color=#0000EE]
                    RenderText {#text} at (0,68) size 137x17
                      text run at (0,68) width 137: "Printing the PDF Books"
                  RenderText {#text} at (137,68) size 4x17
                    text run at (137,68) width 4: " "
                  RenderBR {BR} at (141,81) size 0x0
                  RenderInline {A} at (0,0) size 157x17 [color=#0000EE]
                    RenderText {#text} at (0,85) size 157x17
                      text run at (0,85) width 157: "Ordering the Printed Books"
                  RenderText {#text} at (157,85) size 4x17
                    text run at (157,85) width 4: " "
                  RenderBR {BR} at (161,98) size 0x0
                  RenderInline {A} at (0,0) size 157x17 [color=#0000EE]
                    RenderText {#text} at (0,102) size 157x17
                      text run at (0,102) width 157: "DB2 Online Documentation"
                  RenderText {#text} at (157,102) size 4x17
                    text run at (157,102) width 4: " "
                  RenderBR {BR} at (161,115) size 0x0
                  RenderInline {A} at (0,0) size 132x17 [color=#0000EE]
                    RenderText {#text} at (0,119) size 132x17
                      text run at (0,119) width 132: "Accessing Online Help"
                  RenderText {#text} at (132,119) size 4x17
                    text run at (132,119) width 4: " "
                  RenderBR {BR} at (136,132) size 0x0
                  RenderInline {A} at (0,0) size 155x17 [color=#0000EE]
                    RenderText {#text} at (0,136) size 155x17
                      text run at (0,136) width 155: "Viewing Information Online"
                  RenderText {#text} at (155,136) size 4x17
                    text run at (155,136) width 4: " "
                  RenderBR {BR} at (159,149) size 0x0
                  RenderInline {A} at (0,0) size 113x17 [color=#0000EE]
                    RenderText {#text} at (0,153) size 113x17
                      text run at (0,153) width 113: "Using DB2 Wizards"
                  RenderText {#text} at (113,153) size 4x17
                    text run at (113,153) width 4: " "
                  RenderBR {BR} at (117,166) size 0x0
                  RenderInline {A} at (0,0) size 177x17 [color=#0000EE]
                    RenderText {#text} at (0,170) size 177x17
                      text run at (0,170) width 177: "Setting Up a Document Server"
                  RenderText {#text} at (177,170) size 4x17
                    text run at (177,170) width 4: " "
                  RenderBR {BR} at (181,183) size 0x0
                  RenderInline {A} at (0,0) size 168x17 [color=#0000EE]
                    RenderText {#text} at (0,187) size 168x17
                      text run at (0,187) width 168: "Searching Information Online"
                  RenderText {#text} at (0,0) size 0x0
                RenderBlock {P} at (0,12652) size 715x51
                  RenderInline {B} at (0,0) size 126x17
                    RenderInline {A} at (0,0) size 126x17 [color=#0000EE]
                      RenderText {#text} at (0,0) size 126x17
                        text run at (0,0) width 126: "Appendix R. Notices"
                  RenderBR {BR} at (126,13) size 0x0
                  RenderBR {BR} at (0,17) size 0x17
                  RenderInline {A} at (0,0) size 69x17 [color=#0000EE]
                    RenderText {#text} at (0,34) size 69x17
                      text run at (0,34) width 69: "Trademarks"
                  RenderText {#text} at (0,0) size 0x0
                RenderBlock {P} at (0,12716) size 715x17
                  RenderInline {B} at (0,0) size 34x17
                    RenderInline {A} at (0,0) size 34x17 [color=#0000EE]
                      RenderText {#text} at (0,0) size 34x17
                        text run at (0,0) width 34: "Index"
                  RenderBR {BR} at (34,13) size 0x0
                RenderBlock {P} at (0,12746) size 715x51
                  RenderInline {B} at (0,0) size 95x17
                    RenderInline {A} at (0,0) size 95x17 [color=#0000EE]
                      RenderText {#text} at (0,0) size 95x17
                        text run at (0,0) width 95: "Contacting IBM"
                  RenderBR {BR} at (95,13) size 0x0
                  RenderBR {BR} at (0,17) size 0x17
                  RenderInline {A} at (0,0) size 114x17 [color=#0000EE]
                    RenderText {#text} at (0,34) size 114x17
                      text run at (0,34) width 114: "Product Information"
                  RenderText {#text} at (0,0) size 0x0
                  RenderInline {A} at (0,0) size 0x0
                  RenderText {#text} at (0,0) size 0x0
                RenderTable {TABLE} at (0,12810) size 26x29
                  RenderTableSection {TBODY} at (0,0) size 26x29
                    RenderTableRow {TR} at (0,2) size 26x0
                    RenderTableRow {TR} at (0,4) size 26x23
                      RenderTableCell {TD} at (2,4) size 10x23 [r=1 c=0 rs=1 cs=1]
                        RenderText {#text} at (1,1) size 8x21
                          text run at (1,1) width 8: "x"
                      RenderTableCell {TD} at (14,4) size 10x23 [r=1 c=1 rs=1 cs=1]
                        RenderText {#text} at (1,1) size 8x21
                          text run at (1,1) width 8: "x"
              RenderBlock (anonymous) at (2,12841) size 715x0
                RenderInline {FONT} at (0,0) size 0x0
