layer at (0,0) size 800x600
  RenderView at (0,0) size 800x600
layer at (0,0) size 800x600
  RenderBlock {HTML} at (0,0) size 800x600
    RenderBody {BODY} at (8,8) size 784x584
      RenderTable {TABLE} at (0,0) size 78x27
        RenderTableSection {TBODY} at (0,0) size 78x27
          RenderTableRow {TR} at (0,2) size 78x23
            RenderTableCell {TD} at (2,2) size 36x23 [r=0 c=0 rs=1 cs=1]
              RenderText {#text} at (1,1) size 34x21
                text run at (1,1) width 34: "Data"
            RenderTableCell {TD} at (40,2) size 36x23 [r=0 c=1 rs=1 cs=1]
              RenderText {#text} at (1,1) size 34x21
                text run at (1,1) width 34: "Data"
