layer at (0,0) size 784x1598
  RenderView at (0,0) size 784x600
layer at (0,0) size 784x1598
  RenderBlock {HTML} at (0,0) size 784x1598
    RenderBody {BODY} at (8,8) size 768x1582
      RenderTable {TABLE} at (0,0) size 768x75 [border: (1px solid #000000)]
        RenderTableSection {TBODY} at (1,1) size 766x73
          RenderTableRow {TR} at (0,2) size 766x69
            RenderTableCell {TD} at (2,2) size 444x69 [border: (1px solid #000000)] [r=0 c=0 rs=1 cs=1]
              RenderImage {IMG} at (2,2) size 88x65
              RenderImage {IMG} at (90,2) size 88x65
              RenderImage {IMG} at (178,2) size 88x65
              RenderImage {IMG} at (266,2) size 88x65
              RenderImage {IMG} at (354,2) size 88x65
            RenderTableCell {TD} at (448,24) size 316x25 [border: (1px solid #000000)] [r=0 c=1 rs=1 cs=1]
              RenderText {#text} at (2,2) size 177x21
                text run at (2,2) width 177: "Nothing between images"
      RenderTable {TABLE} at (0,75) size 768x335 [border: (1px solid #000000)]
        RenderTableSection {TBODY} at (1,1) size 766x333
          RenderTableRow {TR} at (0,2) size 766x329
            RenderTableCell {TD} at (2,2) size 92x329 [border: (1px solid #000000)] [r=0 c=0 rs=1 cs=1]
              RenderImage {IMG} at (2,2) size 88x65
              RenderText {#text} at (0,0) size 0x0
              RenderImage {IMG} at (2,67) size 88x65
              RenderText {#text} at (0,0) size 0x0
              RenderImage {IMG} at (2,132) size 88x65
              RenderText {#text} at (0,0) size 0x0
              RenderImage {IMG} at (2,197) size 88x65
              RenderText {#text} at (0,0) size 0x0
              RenderImage {IMG} at (2,262) size 88x65
            RenderTableCell {TD} at (96,154) size 668x25 [border: (1px solid #000000)] [r=0 c=1 rs=1 cs=1]
              RenderText {#text} at (2,2) size 175x21
                text run at (2,2) width 175: "Spaces between images"
      RenderTable {TABLE} at (0,410) size 768x335 [border: (1px solid #000000)]
        RenderTableSection {TBODY} at (1,1) size 766x333
          RenderTableRow {TR} at (0,2) size 766x329
            RenderTableCell {TD} at (2,2) size 92x329 [border: (1px solid #000000)] [r=0 c=0 rs=1 cs=1]
              RenderImage {IMG} at (2,2) size 88x65
              RenderText {#text} at (0,0) size 0x0
              RenderImage {IMG} at (2,67) size 88x65
              RenderText {#text} at (0,0) size 0x0
              RenderImage {IMG} at (2,132) size 88x65
              RenderText {#text} at (0,0) size 0x0
              RenderImage {IMG} at (2,197) size 88x65
              RenderText {#text} at (0,0) size 0x0
              RenderImage {IMG} at (2,262) size 88x65
            RenderTableCell {TD} at (96,154) size 668x25 [border: (1px solid #000000)] [r=0 c=1 rs=1 cs=1]
              RenderText {#text} at (2,2) size 188x21
                text run at (2,2) width 188: "Newlines between images"
      RenderTable {TABLE} at (0,745) size 768x80 [border: (1px solid #000000)]
        RenderTableSection {TBODY} at (1,1) size 766x78
          RenderTableRow {TR} at (0,2) size 766x74
            RenderTableCell {TD} at (2,2) size 611x74 [border: (1px solid #000000)] [r=0 c=0 rs=1 cs=1]
              RenderText {#text} at (2,51) size 30x21
                text run at (2,51) width 30: "One"
              RenderImage {IMG} at (32,2) size 88x65
              RenderText {#text} at (120,51) size 31x21
                text run at (120,51) width 31: "Two"
              RenderImage {IMG} at (151,2) size 88x65
              RenderText {#text} at (239,51) size 42x21
                text run at (239,51) width 42: "Three"
              RenderImage {IMG} at (281,2) size 88x65
              RenderText {#text} at (369,51) size 33x21
                text run at (369,51) width 33: "Four"
              RenderImage {IMG} at (402,2) size 88x65
              RenderText {#text} at (490,51) size 31x21
                text run at (490,51) width 31: "Five"
              RenderImage {IMG} at (521,2) size 88x65
            RenderTableCell {TD} at (615,16) size 149x46 [border: (1px solid #000000)] [r=0 c=1 rs=1 cs=1]
              RenderText {#text} at (2,2) size 96x42
                text run at (2,2) width 96: "Text between"
                text run at (2,23) width 52: "images"
      RenderTable {TABLE} at (0,825) size 768x376 [border: (1px solid #000000)]
        RenderTableSection {TBODY} at (1,1) size 766x374
          RenderTableRow {TR} at (0,2) size 766x370
            RenderTableCell {TD} at (2,2) size 134x370 [border: (1px solid #000000)] [r=0 c=0 rs=1 cs=1]
              RenderText {#text} at (2,2) size 30x21
                text run at (2,2) width 30: "One"
              RenderImage {IMG} at (2,23) size 88x65
              RenderText {#text} at (90,72) size 31x21
                text run at (90,72) width 31: "Two"
              RenderImage {IMG} at (2,93) size 88x65
              RenderText {#text} at (90,142) size 42x21
                text run at (90,142) width 42: "Three"
              RenderImage {IMG} at (2,163) size 88x65
              RenderText {#text} at (90,212) size 33x21
                text run at (90,212) width 33: "Four"
              RenderImage {IMG} at (2,233) size 88x65
              RenderText {#text} at (90,282) size 31x21
                text run at (90,282) width 31: "Five"
              RenderImage {IMG} at (2,303) size 88x65
            RenderTableCell {TD} at (138,174) size 626x25 [border: (1px solid #000000)] [r=0 c=1 rs=1 cs=1]
              RenderText {#text} at (2,2) size 240x21
                text run at (2,2) width 240: "Text with spaces between images"
      RenderTable {TABLE} at (0,1201) size 768x381 [border: (1px solid #000000)]
        RenderTableSection {TBODY} at (1,1) size 766x379
          RenderTableRow {TR} at (0,2) size 766x375
            RenderTableCell {TD} at (2,2) size 143x375 [border: (1px solid #000000)] [r=0 c=0 rs=1 cs=1]
              RenderText {#text} at (2,2) size 30x91
                text run at (2,2) width 30: "One"
                text run at (2,72) width 11: "A"
              RenderImage {IMG} at (13,23) size 88x65
              RenderText {#text} at (101,72) size 130x91
                text run at (101,72) width 31: "Two"
                text run at (2,142) width 9: "b"
              RenderImage {IMG} at (11,93) size 88x65
              RenderText {#text} at (99,142) size 139x91
                text run at (99,142) width 42: "Three"
                text run at (2,212) width 8: "c"
              RenderImage {IMG} at (10,163) size 88x65
              RenderText {#text} at (98,212) size 129x91
                text run at (98,212) width 33: "Four"
                text run at (2,282) width 9: "d"
              RenderImage {IMG} at (11,233) size 88x65
              RenderText {#text} at (99,282) size 128x91
                text run at (99,282) width 31: "Five"
                text run at (2,352) width 9: "e"
              RenderImage {IMG} at (11,303) size 88x65
            RenderTableCell {TD} at (147,177) size 617x25 [border: (1px solid #000000)] [r=0 c=1 rs=1 cs=1]
              RenderText {#text} at (2,2) size 340x21
                text run at (2,2) width 340: "Text with spaces and more text between images"
