layer at (0,0) size 784x1090
  RenderView at (0,0) size 784x600
layer at (0,0) size 784x1090
  RenderBlock {HTML} at (0,0) size 784x1090
    RenderBody {BODY} at (8,8) size 768x1074
      RenderBlock (anonymous) at (0,0) size 768x21
        RenderInline {FONT} at (0,0) size 120x21
          RenderText {#text} at (0,0) size 109x21
            text run at (0,0) width 109: "same line as X "
          RenderInline {A} at (0,0) size 11x21
            RenderText {#text} at (109,0) size 11x21
              text run at (109,0) width 11: "X"
      RenderBlock (anonymous) at (0,21) size 768x31
        RenderTable {TABLE} at (0,0) size 59x31 [border: (1px outset #808080)]
          RenderTableSection {TBODY} at (1,1) size 57x29
            RenderTableRow {TR} at (0,2) size 57x25
              RenderTableCell {TD} at (2,2) size 53x25 [border: (1px inset #808080)] [r=0 c=0 rs=1 cs=1]
                RenderText {#text} at (2,2) size 49x21
                  text run at (2,2) width 49: "table-1"
      RenderBlock (anonymous) at (0,52) size 768x21
        RenderInline {FONT} at (0,0) size 10x21
          RenderInline {A} at (0,0) size 10x21
            RenderText {#text} at (0,0) size 10x21
              text run at (0,0) width 10: "Z"
          RenderInline {FONT} at (0,0) size 0x0
            RenderText {#text} at (0,0) size 0x0
      RenderBlock (anonymous) at (0,81) size 768x2
        RenderBlock {HR} at (0,0) size 768x2 [border: (1px inset #000000)]
      RenderBlock (anonymous) at (0,91) size 768x21
        RenderInline {FONT} at (0,0) size 120x21
          RenderInline {FONT} at (0,0) size 120x21
            RenderInline {FONT} at (0,0) size 120x21
              RenderInline {A} at (0,0) size 11x21
                RenderText {#text} at (0,0) size 11x21
                  text run at (0,0) width 11: "X"
              RenderText {#text} at (11,0) size 109x21
                text run at (11,0) width 109: " same line as X"
      RenderBlock (anonymous) at (0,112) size 768x31
        RenderTable {TABLE} at (0,0) size 59x31 [border: (1px outset #808080)]
          RenderTableSection {TBODY} at (1,1) size 57x29
            RenderTableRow {TR} at (0,2) size 57x25
              RenderTableCell {TD} at (2,2) size 53x25 [border: (1px inset #808080)] [r=0 c=0 rs=1 cs=1]
                RenderText {#text} at (2,2) size 49x21
                  text run at (2,2) width 49: "table-2"
      RenderBlock (anonymous) at (0,143) size 768x21
        RenderInline {FONT} at (0,0) size 10x21
          RenderInline {FONT} at (0,0) size 10x21
            RenderInline {FONT} at (0,0) size 10x21
              RenderInline {A} at (0,0) size 10x21
                RenderText {#text} at (0,0) size 10x21
                  text run at (0,0) width 10: "Z"
              RenderInline {FONT} at (0,0) size 0x0
                RenderText {#text} at (0,0) size 0x0
      RenderBlock (anonymous) at (0,172) size 768x2
        RenderBlock {HR} at (0,0) size 768x2 [border: (1px inset #000000)]
      RenderBlock (anonymous) at (0,182) size 768x21
        RenderInline {FONT} at (0,0) size 11x21
          RenderInline {FONT} at (0,0) size 11x21
            RenderInline {FONT} at (0,0) size 11x21
              RenderInline {FONT} at (0,0) size 11x21
                RenderInline {FONT} at (0,0) size 11x21
                  RenderInline {A} at (0,0) size 11x21
                    RenderText {#text} at (0,0) size 11x21
                      text run at (0,0) width 11: "X"
      RenderBlock (anonymous) at (0,203) size 768x31
        RenderTable {TABLE} at (0,0) size 59x31 [border: (1px outset #808080)]
          RenderTableSection {TBODY} at (1,1) size 57x29
            RenderTableRow {TR} at (0,2) size 57x25
              RenderTableCell {TD} at (2,2) size 53x25 [border: (1px inset #808080)] [r=0 c=0 rs=1 cs=1]
                RenderText {#text} at (2,2) size 49x21
                  text run at (2,2) width 49: "table-3"
      RenderBlock (anonymous) at (0,234) size 768x21
        RenderInline {FONT} at (0,0) size 118x21
          RenderInline {FONT} at (0,0) size 118x21
            RenderInline {FONT} at (0,0) size 118x21
              RenderInline {FONT} at (0,0) size 118x21
                RenderInline {FONT} at (0,0) size 118x21
                  RenderText {#text} at (0,0) size 108x21
                    text run at (0,0) width 108: "same line as Z "
                  RenderInline {A} at (0,0) size 10x21
                    RenderText {#text} at (108,0) size 10x21
                      text run at (108,0) width 10: "Z"
                  RenderInline {FONT} at (0,0) size 0x0
                    RenderText {#text} at (0,0) size 0x0
      RenderBlock (anonymous) at (0,263) size 768x2
        RenderBlock {HR} at (0,0) size 768x2 [border: (1px inset #000000)]
      RenderBlock (anonymous) at (0,273) size 768x21
        RenderInline {FONT} at (0,0) size 114x21
          RenderInline {FONT} at (0,0) size 114x21
            RenderInline {FONT} at (0,0) size 114x21
              RenderInline {FONT} at (0,0) size 114x21
                RenderInline {FONT} at (0,0) size 114x21
                  RenderInline {FONT} at (0,0) size 114x21
                    RenderInline {FONT} at (0,0) size 114x21
                      RenderText {#text} at (0,0) size 114x21
                        text run at (0,0) width 114: "line before table"
      RenderBlock (anonymous) at (0,294) size 768x31
        RenderTable {TABLE} at (0,0) size 59x31 [border: (1px outset #808080)]
          RenderTableSection {TBODY} at (1,1) size 57x29
            RenderTableRow {TR} at (0,2) size 57x25
              RenderTableCell {TD} at (2,2) size 53x25 [border: (1px inset #808080)] [r=0 c=0 rs=1 cs=1]
                RenderText {#text} at (2,2) size 49x21
                  text run at (2,2) width 49: "table-4"
      RenderBlock (anonymous) at (0,325) size 768x21
        RenderInline {FONT} at (0,0) size 10x21
          RenderInline {FONT} at (0,0) size 10x21
            RenderInline {FONT} at (0,0) size 10x21
              RenderInline {FONT} at (0,0) size 10x21
                RenderInline {FONT} at (0,0) size 10x21
                  RenderInline {FONT} at (0,0) size 10x21
                    RenderInline {FONT} at (0,0) size 10x21
                      RenderInline {A} at (0,0) size 10x21
                        RenderText {#text} at (0,0) size 10x21
                          text run at (0,0) width 10: "Z"
                      RenderInline {FONT} at (0,0) size 0x0
                        RenderText {#text} at (0,0) size 0x0
      RenderBlock (anonymous) at (0,354) size 768x2
        RenderBlock {HR} at (0,0) size 768x2 [border: (1px inset #000000)]
      RenderBlock (anonymous) at (0,364) size 768x0
        RenderInline {FONT} at (0,0) size 0x0
          RenderInline {FONT} at (0,0) size 0x0
            RenderInline {FONT} at (0,0) size 0x0
              RenderInline {FONT} at (0,0) size 0x0
                RenderInline {FONT} at (0,0) size 0x0
                  RenderInline {FONT} at (0,0) size 0x0
                    RenderInline {FONT} at (0,0) size 0x0
                      RenderInline {FONT} at (0,0) size 0x0
                        RenderInline {FONT} at (0,0) size 0x0
      RenderBlock (anonymous) at (0,364) size 768x31
        RenderTable {TABLE} at (0,0) size 59x31 [border: (1px outset #808080)]
          RenderTableSection {TBODY} at (1,1) size 57x29
            RenderTableRow {TR} at (0,2) size 57x25
              RenderTableCell {TD} at (2,2) size 53x25 [border: (1px inset #808080)] [r=0 c=0 rs=1 cs=1]
                RenderText {#text} at (2,2) size 49x21
                  text run at (2,2) width 49: "table-5"
      RenderBlock (anonymous) at (0,395) size 768x21
        RenderInline {FONT} at (0,0) size 114x21
          RenderInline {FONT} at (0,0) size 114x21
            RenderInline {FONT} at (0,0) size 114x21
              RenderInline {FONT} at (0,0) size 114x21
                RenderInline {FONT} at (0,0) size 114x21
                  RenderInline {FONT} at (0,0) size 114x21
                    RenderInline {FONT} at (0,0) size 114x21
                      RenderInline {FONT} at (0,0) size 114x21
                        RenderInline {FONT} at (0,0) size 114x21
                          RenderText {#text} at (0,0) size 104x21
                            text run at (0,0) width 104: "line after table "
                          RenderInline {A} at (0,0) size 10x21
                            RenderText {#text} at (104,0) size 10x21
                              text run at (104,0) width 10: "Z"
                          RenderInline {FONT} at (0,0) size 0x0
                            RenderText {#text} at (0,0) size 0x0
      RenderBlock (anonymous) at (0,424) size 768x2
        RenderBlock {HR} at (0,0) size 768x2 [border: (1px inset #000000)]
      RenderBlock (anonymous) at (0,434) size 768x21
        RenderInline {FONT} at (0,0) size 114x21
          RenderInline {FONT} at (0,0) size 114x21
            RenderInline {FONT} at (0,0) size 114x21
              RenderInline {FONT} at (0,0) size 114x21
                RenderInline {FONT} at (0,0) size 114x21
                  RenderInline {FONT} at (0,0) size 114x21
                    RenderInline {FONT} at (0,0) size 114x21
                      RenderInline {FONT} at (0,0) size 114x21
                        RenderInline {FONT} at (0,0) size 114x21
                          RenderInline {FONT} at (0,0) size 114x21
                            RenderInline {FONT} at (0,0) size 114x21
                              RenderText {#text} at (0,0) size 114x21
                                text run at (0,0) width 114: "line before table"
      RenderBlock (anonymous) at (0,455) size 768x31
        RenderTable {TABLE} at (0,0) size 59x31 [border: (1px outset #808080)]
          RenderTableSection {TBODY} at (1,1) size 57x29
            RenderTableRow {TR} at (0,2) size 57x25
              RenderTableCell {TD} at (2,2) size 53x25 [border: (1px inset #808080)] [r=0 c=0 rs=1 cs=1]
                RenderText {#text} at (2,2) size 49x21
                  text run at (2,2) width 49: "table-6"
      RenderBlock (anonymous) at (0,486) size 768x0
        RenderInline {FONT} at (0,0) size 0x0
          RenderInline {FONT} at (0,0) size 0x0
            RenderInline {FONT} at (0,0) size 0x0
              RenderInline {FONT} at (0,0) size 0x0
                RenderInline {FONT} at (0,0) size 0x0
                  RenderInline {FONT} at (0,0) size 0x0
                    RenderInline {FONT} at (0,0) size 0x0
                      RenderInline {FONT} at (0,0) size 0x0
                        RenderInline {FONT} at (0,0) size 0x0
                          RenderInline {FONT} at (0,0) size 0x0
                            RenderInline {FONT} at (0,0) size 0x0
                              RenderInline {FONT} at (0,0) size 0x0
                                RenderText {#text} at (0,0) size 0x0
      RenderBlock (anonymous) at (0,494) size 768x2
        RenderBlock {HR} at (0,0) size 768x2 [border: (1px inset #000000)]
      RenderBlock (anonymous) at (0,504) size 768x0
        RenderInline {FONT} at (0,0) size 0x0
          RenderInline {FONT} at (0,0) size 0x0
            RenderInline {FONT} at (0,0) size 0x0
              RenderInline {FONT} at (0,0) size 0x0
                RenderInline {FONT} at (0,0) size 0x0
                  RenderInline {FONT} at (0,0) size 0x0
                    RenderInline {FONT} at (0,0) size 0x0
                      RenderInline {FONT} at (0,0) size 0x0
                        RenderInline {FONT} at (0,0) size 0x0
                          RenderInline {FONT} at (0,0) size 0x0
                            RenderInline {FONT} at (0,0) size 0x0
                              RenderInline {FONT} at (0,0) size 0x0
                                RenderInline {FONT} at (0,0) size 0x0
      RenderBlock (anonymous) at (0,504) size 768x21
        RenderBlock {DIV} at (0,0) size 768x21
          RenderText {#text} at (0,0) size 85x21
            text run at (0,0) width 85: "div before X"
      RenderBlock (anonymous) at (0,525) size 768x21
        RenderInline {FONT} at (0,0) size 11x21
          RenderInline {FONT} at (0,0) size 11x21
            RenderInline {FONT} at (0,0) size 11x21
              RenderInline {FONT} at (0,0) size 11x21
                RenderInline {FONT} at (0,0) size 11x21
                  RenderInline {FONT} at (0,0) size 11x21
                    RenderInline {FONT} at (0,0) size 11x21
                      RenderInline {FONT} at (0,0) size 11x21
                        RenderInline {FONT} at (0,0) size 11x21
                          RenderInline {FONT} at (0,0) size 11x21
                            RenderInline {FONT} at (0,0) size 11x21
                              RenderInline {FONT} at (0,0) size 11x21
                                RenderInline {FONT} at (0,0) size 11x21
                                  RenderInline {A} at (0,0) size 11x21
                                    RenderText {#text} at (0,0) size 11x21
                                      text run at (0,0) width 11: "X"
      RenderBlock (anonymous) at (0,546) size 768x31
        RenderTable {TABLE} at (0,0) size 59x31 [border: (1px outset #808080)]
          RenderTableSection {TBODY} at (1,1) size 57x29
            RenderTableRow {TR} at (0,2) size 57x25
              RenderTableCell {TD} at (2,2) size 53x25 [border: (1px inset #808080)] [r=0 c=0 rs=1 cs=1]
                RenderText {#text} at (2,2) size 49x21
                  text run at (2,2) width 49: "table-7"
      RenderBlock (anonymous) at (0,577) size 768x21
        RenderInline {FONT} at (0,0) size 10x21
          RenderInline {FONT} at (0,0) size 10x21
            RenderInline {FONT} at (0,0) size 10x21
              RenderInline {FONT} at (0,0) size 10x21
                RenderInline {FONT} at (0,0) size 10x21
                  RenderInline {FONT} at (0,0) size 10x21
                    RenderInline {FONT} at (0,0) size 10x21
                      RenderInline {FONT} at (0,0) size 10x21
                        RenderInline {FONT} at (0,0) size 10x21
                          RenderInline {FONT} at (0,0) size 10x21
                            RenderInline {FONT} at (0,0) size 10x21
                              RenderInline {FONT} at (0,0) size 10x21
                                RenderInline {FONT} at (0,0) size 10x21
                                  RenderInline {A} at (0,0) size 10x21
                                    RenderText {#text} at (0,0) size 10x21
                                      text run at (0,0) width 10: "Z"
                                  RenderInline {FONT} at (0,0) size 0x0
                                    RenderText {#text} at (0,0) size 0x0
      RenderBlock (anonymous) at (0,606) size 768x2
        RenderBlock {HR} at (0,0) size 768x2 [border: (1px inset #000000)]
      RenderBlock (anonymous) at (0,616) size 768x21
        RenderInline {FONT} at (0,0) size 11x21
          RenderInline {FONT} at (0,0) size 11x21
            RenderInline {FONT} at (0,0) size 11x21
              RenderInline {FONT} at (0,0) size 11x21
                RenderInline {FONT} at (0,0) size 11x21
                  RenderInline {FONT} at (0,0) size 11x21
                    RenderInline {FONT} at (0,0) size 11x21
                      RenderInline {FONT} at (0,0) size 11x21
                        RenderInline {FONT} at (0,0) size 11x21
                          RenderInline {FONT} at (0,0) size 11x21
                            RenderInline {FONT} at (0,0) size 11x21
                              RenderInline {FONT} at (0,0) size 11x21
                                RenderInline {FONT} at (0,0) size 11x21
                                  RenderInline {FONT} at (0,0) size 11x21
                                    RenderInline {FONT} at (0,0) size 11x21
                                      RenderInline {A} at (0,0) size 11x21
                                        RenderText {#text} at (0,0) size 11x21
                                          text run at (0,0) width 11: "X"
      RenderBlock (anonymous) at (0,637) size 768x52
        RenderBlock {DIV} at (0,0) size 768x21
          RenderText {#text} at (0,0) size 109x21
            text run at (0,0) width 109: "div before table"
        RenderTable {TABLE} at (0,21) size 59x31 [border: (1px outset #808080)]
          RenderTableSection {TBODY} at (1,1) size 57x29
            RenderTableRow {TR} at (0,2) size 57x25
              RenderTableCell {TD} at (2,2) size 53x25 [border: (1px inset #808080)] [r=0 c=0 rs=1 cs=1]
                RenderText {#text} at (2,2) size 49x21
                  text run at (2,2) width 49: "table-8"
      RenderBlock (anonymous) at (0,689) size 768x21
        RenderInline {FONT} at (0,0) size 10x21
          RenderInline {FONT} at (0,0) size 10x21
            RenderInline {FONT} at (0,0) size 10x21
              RenderInline {FONT} at (0,0) size 10x21
                RenderInline {FONT} at (0,0) size 10x21
                  RenderInline {FONT} at (0,0) size 10x21
                    RenderInline {FONT} at (0,0) size 10x21
                      RenderInline {FONT} at (0,0) size 10x21
                        RenderInline {FONT} at (0,0) size 10x21
                          RenderInline {FONT} at (0,0) size 10x21
                            RenderInline {FONT} at (0,0) size 10x21
                              RenderInline {FONT} at (0,0) size 10x21
                                RenderInline {FONT} at (0,0) size 10x21
                                  RenderInline {FONT} at (0,0) size 10x21
                                    RenderInline {FONT} at (0,0) size 10x21
                                      RenderInline {A} at (0,0) size 10x21
                                        RenderText {#text} at (0,0) size 10x21
                                          text run at (0,0) width 10: "Z"
                                      RenderInline {FONT} at (0,0) size 0x0
                                        RenderText {#text} at (0,0) size 0x0
      RenderBlock (anonymous) at (0,718) size 768x2
        RenderBlock {HR} at (0,0) size 768x2 [border: (1px inset #000000)]
      RenderBlock (anonymous) at (0,728) size 768x21
        RenderInline {FONT} at (0,0) size 11x21
          RenderInline {FONT} at (0,0) size 11x21
            RenderInline {FONT} at (0,0) size 11x21
              RenderInline {FONT} at (0,0) size 11x21
                RenderInline {FONT} at (0,0) size 11x21
                  RenderInline {FONT} at (0,0) size 11x21
                    RenderInline {FONT} at (0,0) size 11x21
                      RenderInline {FONT} at (0,0) size 11x21
                        RenderInline {FONT} at (0,0) size 11x21
                          RenderInline {FONT} at (0,0) size 11x21
                            RenderInline {FONT} at (0,0) size 11x21
                              RenderInline {FONT} at (0,0) size 11x21
                                RenderInline {FONT} at (0,0) size 11x21
                                  RenderInline {FONT} at (0,0) size 11x21
                                    RenderInline {FONT} at (0,0) size 11x21
                                      RenderInline {FONT} at (0,0) size 11x21
                                        RenderInline {FONT} at (0,0) size 11x21
                                          RenderInline {A} at (0,0) size 11x21
                                            RenderText {#text} at (0,0) size 11x21
                                              text run at (0,0) width 11: "X"
      RenderBlock (anonymous) at (0,749) size 768x52
        RenderTable {TABLE} at (0,0) size 59x31 [border: (1px outset #808080)]
          RenderTableSection {TBODY} at (1,1) size 57x29
            RenderTableRow {TR} at (0,2) size 57x25
              RenderTableCell {TD} at (2,2) size 53x25 [border: (1px inset #808080)] [r=0 c=0 rs=1 cs=1]
                RenderText {#text} at (2,2) size 49x21
                  text run at (2,2) width 49: "table-9"
        RenderBlock {DIV} at (0,31) size 768x21
          RenderText {#text} at (0,0) size 95x21
            text run at (0,0) width 95: "div after table"
      RenderBlock (anonymous) at (0,801) size 768x21
        RenderInline {FONT} at (0,0) size 10x21
          RenderInline {FONT} at (0,0) size 10x21
            RenderInline {FONT} at (0,0) size 10x21
              RenderInline {FONT} at (0,0) size 10x21
                RenderInline {FONT} at (0,0) size 10x21
                  RenderInline {FONT} at (0,0) size 10x21
                    RenderInline {FONT} at (0,0) size 10x21
                      RenderInline {FONT} at (0,0) size 10x21
                        RenderInline {FONT} at (0,0) size 10x21
                          RenderInline {FONT} at (0,0) size 10x21
                            RenderInline {FONT} at (0,0) size 10x21
                              RenderInline {FONT} at (0,0) size 10x21
                                RenderInline {FONT} at (0,0) size 10x21
                                  RenderInline {FONT} at (0,0) size 10x21
                                    RenderInline {FONT} at (0,0) size 10x21
                                      RenderInline {FONT} at (0,0) size 10x21
                                        RenderInline {FONT} at (0,0) size 10x21
                                          RenderInline {A} at (0,0) size 10x21
                                            RenderText {#text} at (0,0) size 10x21
                                              text run at (0,0) width 10: "Z"
                                          RenderInline {FONT} at (0,0) size 0x0
                                            RenderText {#text} at (0,0) size 0x0
      RenderBlock (anonymous) at (0,830) size 768x2
        RenderBlock {HR} at (0,0) size 768x2 [border: (1px inset #000000)]
      RenderBlock (anonymous) at (0,840) size 768x0
        RenderInline {FONT} at (0,0) size 0x0
          RenderInline {FONT} at (0,0) size 0x0
            RenderInline {FONT} at (0,0) size 0x0
              RenderInline {FONT} at (0,0) size 0x0
                RenderInline {FONT} at (0,0) size 0x0
                  RenderInline {FONT} at (0,0) size 0x0
                    RenderInline {FONT} at (0,0) size 0x0
                      RenderInline {FONT} at (0,0) size 0x0
                        RenderInline {FONT} at (0,0) size 0x0
                          RenderInline {FONT} at (0,0) size 0x0
                            RenderInline {FONT} at (0,0) size 0x0
                              RenderInline {FONT} at (0,0) size 0x0
                                RenderInline {FONT} at (0,0) size 0x0
                                  RenderInline {FONT} at (0,0) size 0x0
                                    RenderInline {FONT} at (0,0) size 0x0
                                      RenderInline {FONT} at (0,0) size 0x0
                                        RenderInline {FONT} at (0,0) size 0x0
                                          RenderInline {FONT} at (0,0) size 0x0
                                            RenderInline {FONT} at (0,0) size 0x0
      RenderBlock (anonymous) at (0,840) size 768x52
        RenderBlock {DIV} at (0,0) size 768x21
          RenderText {#text} at (0,0) size 109x21
            text run at (0,0) width 109: "div before table"
        RenderTable {TABLE} at (0,21) size 68x31 [border: (1px outset #808080)]
          RenderTableSection {TBODY} at (1,1) size 66x29
            RenderTableRow {TR} at (0,2) size 66x25
              RenderTableCell {TD} at (2,2) size 62x25 [border: (1px inset #808080)] [r=0 c=0 rs=1 cs=1]
                RenderText {#text} at (2,2) size 58x21
                  text run at (2,2) width 58: "table-10"
      RenderBlock (anonymous) at (0,892) size 768x21
        RenderInline {FONT} at (0,0) size 10x21
          RenderInline {FONT} at (0,0) size 10x21
            RenderInline {FONT} at (0,0) size 10x21
              RenderInline {FONT} at (0,0) size 10x21
                RenderInline {FONT} at (0,0) size 10x21
                  RenderInline {FONT} at (0,0) size 10x21
                    RenderInline {FONT} at (0,0) size 10x21
                      RenderInline {FONT} at (0,0) size 10x21
                        RenderInline {FONT} at (0,0) size 10x21
                          RenderInline {FONT} at (0,0) size 10x21
                            RenderInline {FONT} at (0,0) size 10x21
                              RenderInline {FONT} at (0,0) size 10x21
                                RenderInline {FONT} at (0,0) size 10x21
                                  RenderInline {FONT} at (0,0) size 10x21
                                    RenderInline {FONT} at (0,0) size 10x21
                                      RenderInline {FONT} at (0,0) size 10x21
                                        RenderInline {FONT} at (0,0) size 10x21
                                          RenderInline {FONT} at (0,0) size 10x21
                                            RenderInline {FONT} at (0,0) size 10x21
                                              RenderInline {A} at (0,0) size 10x21
                                                RenderText {#text} at (0,0) size 10x21
                                                  text run at (0,0) width 10: "Z"
                                              RenderInline {FONT} at (0,0) size 0x0
                                                RenderText {#text} at (0,0) size 0x0
      RenderBlock (anonymous) at (0,921) size 768x2
        RenderBlock {HR} at (0,0) size 768x2 [border: (1px inset #000000)]
      RenderBlock (anonymous) at (0,931) size 768x0
        RenderInline {FONT} at (0,0) size 0x0
          RenderInline {FONT} at (0,0) size 0x0
            RenderInline {FONT} at (0,0) size 0x0
              RenderInline {FONT} at (0,0) size 0x0
                RenderInline {FONT} at (0,0) size 0x0
                  RenderInline {FONT} at (0,0) size 0x0
                    RenderInline {FONT} at (0,0) size 0x0
                      RenderInline {FONT} at (0,0) size 0x0
                        RenderInline {FONT} at (0,0) size 0x0
                          RenderInline {FONT} at (0,0) size 0x0
                            RenderInline {FONT} at (0,0) size 0x0
                              RenderInline {FONT} at (0,0) size 0x0
                                RenderInline {FONT} at (0,0) size 0x0
                                  RenderInline {FONT} at (0,0) size 0x0
                                    RenderInline {FONT} at (0,0) size 0x0
                                      RenderInline {FONT} at (0,0) size 0x0
                                        RenderInline {FONT} at (0,0) size 0x0
                                          RenderInline {FONT} at (0,0) size 0x0
                                            RenderInline {FONT} at (0,0) size 0x0
                                              RenderInline {FONT} at (0,0) size 0x0
                                                RenderInline {FONT} at (0,0) size 0x0
      RenderBlock (anonymous) at (0,931) size 768x52
        RenderTable {TABLE} at (0,0) size 68x31 [border: (1px outset #808080)]
          RenderTableSection {TBODY} at (1,1) size 66x29
            RenderTableRow {TR} at (0,2) size 66x25
              RenderTableCell {TD} at (2,2) size 62x25 [border: (1px inset #808080)] [r=0 c=0 rs=1 cs=1]
                RenderText {#text} at (2,2) size 58x21
                  text run at (2,2) width 58: "table-11"
        RenderBlock {DIV} at (0,31) size 768x21
          RenderText {#text} at (0,0) size 95x21
            text run at (0,0) width 95: "div after table"
      RenderBlock (anonymous) at (0,983) size 768x21
        RenderInline {FONT} at (0,0) size 10x21
          RenderInline {FONT} at (0,0) size 10x21
            RenderInline {FONT} at (0,0) size 10x21
              RenderInline {FONT} at (0,0) size 10x21
                RenderInline {FONT} at (0,0) size 10x21
                  RenderInline {FONT} at (0,0) size 10x21
                    RenderInline {FONT} at (0,0) size 10x21
                      RenderInline {FONT} at (0,0) size 10x21
                        RenderInline {FONT} at (0,0) size 10x21
                          RenderInline {FONT} at (0,0) size 10x21
                            RenderInline {FONT} at (0,0) size 10x21
                              RenderInline {FONT} at (0,0) size 10x21
                                RenderInline {FONT} at (0,0) size 10x21
                                  RenderInline {FONT} at (0,0) size 10x21
                                    RenderInline {FONT} at (0,0) size 10x21
                                      RenderInline {FONT} at (0,0) size 10x21
                                        RenderInline {FONT} at (0,0) size 10x21
                                          RenderInline {FONT} at (0,0) size 10x21
                                            RenderInline {FONT} at (0,0) size 10x21
                                              RenderInline {FONT} at (0,0) size 10x21
                                                RenderInline {FONT} at (0,0) size 10x21
                                                  RenderInline {A} at (0,0) size 10x21
                                                    RenderText {#text} at (0,0) size 10x21
                                                      text run at (0,0) width 10: "Z"
                                                  RenderInline {FONT} at (0,0) size 0x0
                                                    RenderText {#text} at (0,0) size 0x0
      RenderBlock (anonymous) at (0,1012) size 768x2
        RenderBlock {HR} at (0,0) size 768x2 [border: (1px inset #000000)]
      RenderBlock (anonymous) at (0,1022) size 768x0
        RenderInline {FONT} at (0,0) size 0x0
          RenderInline {FONT} at (0,0) size 0x0
            RenderInline {FONT} at (0,0) size 0x0
              RenderInline {FONT} at (0,0) size 0x0
                RenderInline {FONT} at (0,0) size 0x0
                  RenderInline {FONT} at (0,0) size 0x0
                    RenderInline {FONT} at (0,0) size 0x0
                      RenderInline {FONT} at (0,0) size 0x0
                        RenderInline {FONT} at (0,0) size 0x0
                          RenderInline {FONT} at (0,0) size 0x0
                            RenderInline {FONT} at (0,0) size 0x0
                              RenderInline {FONT} at (0,0) size 0x0
                                RenderInline {FONT} at (0,0) size 0x0
                                  RenderInline {FONT} at (0,0) size 0x0
                                    RenderInline {FONT} at (0,0) size 0x0
                                      RenderInline {FONT} at (0,0) size 0x0
                                        RenderInline {FONT} at (0,0) size 0x0
                                          RenderInline {FONT} at (0,0) size 0x0
                                            RenderInline {FONT} at (0,0) size 0x0
                                              RenderInline {FONT} at (0,0) size 0x0
                                                RenderInline {FONT} at (0,0) size 0x0
                                                  RenderInline {FONT} at (0,0) size 0x0
                                                    RenderInline {FONT} at (0,0) size 0x0
      RenderBlock (anonymous) at (0,1022) size 768x52
        RenderBlock {DIV} at (0,0) size 768x21
          RenderText {#text} at (0,0) size 109x21
            text run at (0,0) width 109: "div before table"
        RenderTable {TABLE} at (0,21) size 68x31 [border: (1px outset #808080)]
          RenderTableSection {TBODY} at (1,1) size 66x29
            RenderTableRow {TR} at (0,2) size 66x25
              RenderTableCell {TD} at (2,2) size 62x25 [border: (1px inset #808080)] [r=0 c=0 rs=1 cs=1]
                RenderText {#text} at (2,2) size 58x21
                  text run at (2,2) width 58: "table-12"
      RenderBlock (anonymous) at (0,1074) size 768x0
        RenderInline {FONT} at (0,0) size 0x0
          RenderInline {FONT} at (0,0) size 0x0
            RenderInline {FONT} at (0,0) size 0x0
              RenderInline {FONT} at (0,0) size 0x0
                RenderInline {FONT} at (0,0) size 0x0
                  RenderInline {FONT} at (0,0) size 0x0
                    RenderInline {FONT} at (0,0) size 0x0
                      RenderInline {FONT} at (0,0) size 0x0
                        RenderInline {FONT} at (0,0) size 0x0
                          RenderInline {FONT} at (0,0) size 0x0
                            RenderInline {FONT} at (0,0) size 0x0
                              RenderInline {FONT} at (0,0) size 0x0
                                RenderInline {FONT} at (0,0) size 0x0
                                  RenderInline {FONT} at (0,0) size 0x0
                                    RenderInline {FONT} at (0,0) size 0x0
                                      RenderInline {FONT} at (0,0) size 0x0
                                        RenderInline {FONT} at (0,0) size 0x0
                                          RenderInline {FONT} at (0,0) size 0x0
                                            RenderInline {FONT} at (0,0) size 0x0
                                              RenderInline {FONT} at (0,0) size 0x0
                                                RenderInline {FONT} at (0,0) size 0x0
                                                  RenderInline {FONT} at (0,0) size 0x0
                                                    RenderInline {FONT} at (0,0) size 0x0
                                                      RenderInline {FONT} at (0,0) size 0x0
                                                        RenderText {#text} at (0,0) size 0x0
