layer at (0,0) size 800x600
  RenderView at (0,0) size 800x600
layer at (0,0) size 800x600
  RenderBlock {HTML} at (0,0) size 800x600
    RenderBody {BODY} at (8,8) size 784x584
      RenderTable {TABLE} at (0,0) size 450x54
        RenderTableSection {TBODY} at (0,0) size 450x54
          RenderTableRow {TR} at (0,2) size 450x50
            RenderTableCell {TD} at (2,2) size 446x50 [r=0 c=0 rs=1 cs=1]
              RenderBlock (anonymous) at (1,1) size 444x21
                RenderTable {TABLE} at (0,0) size 444x21 [bgcolor=#FFFF00]
                  RenderTableSection {TBODY} at (0,0) size 444x21
                    RenderTableRow {TR} at (0,0) size 444x21
                      RenderTableCell {TD} at (0,0) size 444x21 [r=0 c=0 rs=1 cs=1]
                        RenderInline {FONT} at (0,0) size 11x17
                          RenderText {#text} at (2,2) size 11x17
                            text run at (2,2) width 11: "In"
                        RenderText {#text} at (0,0) size 0x0
                RenderBR {BR} at (0,0) size 0x21
              RenderTable {TABLE} at (1,22) size 439x27 [bgcolor=#FF00FF]
                RenderTableSection {TBODY} at (0,0) size 439x27
                  RenderTableRow {TR} at (0,2) size 439x23
                    RenderTableCell {TD} at (2,2) size 435x23 [r=0 c=0 rs=1 cs=1]
                      RenderText {#text} at (1,1) size 136x21
                        text run at (1,1) width 136: "Shop Till You Drop"
