layer at (0,0) size 898x585
  RenderView at (0,0) size 800x585
layer at (0,0) size 800x585
  RenderBlock {HTML} at (0,0) size 800x585
    RenderBody {BODY} at (8,8) size 784x561
      RenderBlock {FORM} at (0,0) size 784x31
        RenderTable {TABLE} at (0,0) size 890x31 [bgcolor=#FFE030] [border: (1px outset #808080)]
          RenderTableSection {TBODY} at (1,1) size 888x29
            RenderTableRow {TR} at (0,0) size 888x29
              RenderTableCell {TD} at (0,0) size 888x29 [border: (1px inset #808080)] [r=0 c=0 rs=1 cs=1]
                RenderInline {NOBR} at (0,0) size 886x19
                  RenderTextControl {INPUT} at (3,3) size 282x23
                  RenderText {#text} at (287,5) size 14x19
                    text run at (287,5) width 14: " - "
                  RenderTextControl {INPUT} at (303,3) size 282x23
                  RenderText {#text} at (587,5) size 14x19
                    text run at (587,5) width 14: " - "
                  RenderTextControl {INPUT} at (603,3) size 282x23
                RenderText {#text} at (0,0) size 0x0
            RenderTableRow {TR} at (0,29) size 888x0
layer at (14,14) size 278x19
  RenderBlock {DIV} at (2,2) size 278x19
layer at (314,14) size 278x19
  RenderBlock {DIV} at (2,2) size 278x19
layer at (614,14) size 278x19
  RenderBlock {DIV} at (2,2) size 278x19
