layer at (0,0) size 785x1813
  RenderView at (0,0) size 785x600
layer at (0,0) size 785x1813
  RenderBlock {HTML} at (0,0) size 785x1813
    RenderBody {BODY} at (8,8) size 769x584
      RenderText {#text} at (0,0) size 20x19
        text run at (0,0) width 20: "foo"
      RenderTable {TABLE} at (653,0) size 116x1805
        RenderTableSection {TBODY} at (0,0) size 116x1805
          RenderTableRow {TR} at (0,2) size 116x998
            RenderTableCell {TD} at (2,2) size 112x78 [r=0 c=0 rs=1 cs=1]
              RenderBR {BR} at (1,1) size 0x19
              RenderText {#text} at (1,20) size 95x57
                text run at (1,20) width 82: "Create a cool"
                text run at (1,39) width 95: "home page with"
                text run at (1,58) width 18: "the"
          RenderTableRow {TR} at (0,1002) size 116x801
            RenderTableCell {TD} at (2,1002) size 112x59 [r=1 c=0 rs=1 cs=1]
              RenderBR {BR} at (1,1) size 0x19
              RenderText {#text} at (1,20) size 86x38
                text run at (1,20) width 84: "Get organized"
                text run at (1,39) width 86: "online with the"
      RenderText {#text} at (0,0) size 0x0
