layer at (0,0) size 800x600
  RenderView at (0,0) size 800x600
layer at (0,0) size 800x600
  RenderBlock {HTML} at (0,0) size 800x600
    RenderBody {BODY} at (8,8) size 784x584
      RenderBlock (anonymous) at (0,0) size 784x0
        RenderInline {B} at (0,0) size 0x0
          RenderText {#text} at (0,0) size 0x0
          RenderText {#text} at (0,0) size 0x0
      RenderTable {TABLE} at (0,0) size 245x97 [border: (1px outset #808080)]
        RenderTableSection {TBODY} at (1,1) size 243x95
          RenderTableRow {TR} at (0,5) size 243x25
            RenderTableCell {TD} at (5,5) size 131x25 [border: (1px inset #808080)] [r=0 c=0 rs=1 cs=1]
              RenderText {#text} at (2,2) size 127x21
                text run at (2,2) width 127: "Click name to see"
            RenderTableCell {TD} at (141,20) size 97x25 [bgcolor=#00FF00] [border: (1px inset #808080)] [r=0 c=1 rs=2 cs=1]
              RenderText {#text} at (2,2) size 93x21
                text run at (2,2) width 93: "Mac Clbr Opt"
          RenderTableRow {TR} at (0,35) size 243x25
            RenderTableCell {TD} at (5,35) size 131x25 [border: (1px inset #808080)] [r=1 c=0 rs=1 cs=1]
              RenderText {#text} at (2,2) size 41x21
                text run at (2,2) width 41: "Guilty"
          RenderTableRow {TR} at (0,65) size 243x25
            RenderTableCell {TD} at (5,65) size 131x25 [border: (1px inset #808080)] [r=2 c=0 rs=1 cs=1]
              RenderText {#text} at (2,2) size 4x21
                text run at (2,2) width 4: " "
            RenderTableCell {TD} at (141,65) size 97x25 [bgcolor=#FFFF00] [border: (1px inset #808080)] [r=2 c=1 rs=1 cs=1]
              RenderText {#text} at (2,2) size 25x21
                text run at (2,2) width 25: "L C"
      RenderBlock (anonymous) at (0,97) size 784x21
        RenderInline {B} at (0,0) size 0x21
          RenderText {#text} at (0,0) size 0x0
          RenderBR {BR} at (0,0) size 0x21
          RenderInline {B} at (0,0) size 0x0
            RenderText {#text} at (0,0) size 0x0
            RenderText {#text} at (0,0) size 0x0
      RenderBlock (anonymous) at (0,118) size 784x127
        RenderTable {TABLE} at (0,0) size 245x127 [border: (1px outset #808080)]
          RenderTableSection {TBODY} at (1,1) size 243x125
            RenderTableRow {TR} at (0,5) size 243x25
              RenderTableCell {TD} at (5,5) size 131x25 [border: (1px inset #808080)] [r=0 c=0 rs=1 cs=1]
                RenderText {#text} at (2,2) size 22x21
                  text run at (2,2) width 22: "foo"
              RenderTableCell {TD} at (141,5) size 97x25 [border: (1px inset #808080)] [r=0 c=1 rs=1 cs=1]
                RenderText {#text} at (2,2) size 23x21
                  text run at (2,2) width 23: "bar"
            RenderTableRow {TR} at (0,35) size 243x25
              RenderTableCell {TD} at (5,35) size 131x25 [border: (1px inset #808080)] [r=1 c=0 rs=1 cs=1]
                RenderText {#text} at (2,2) size 127x21
                  text run at (2,2) width 127: "Click name to see"
              RenderTableCell {TD} at (141,50) size 97x25 [bgcolor=#00FF00] [border: (1px inset #808080)] [r=1 c=1 rs=2 cs=1]
                RenderText {#text} at (2,2) size 93x21
                  text run at (2,2) width 93: "Mac Clbr Opt"
            RenderTableRow {TR} at (0,65) size 243x25
              RenderTableCell {TD} at (5,65) size 131x25 [border: (1px inset #808080)] [r=2 c=0 rs=1 cs=1]
                RenderText {#text} at (2,2) size 41x21
                  text run at (2,2) width 41: "Guilty"
            RenderTableRow {TR} at (0,95) size 243x25
              RenderTableCell {TD} at (5,95) size 131x25 [border: (1px inset #808080)] [r=3 c=0 rs=1 cs=1]
                RenderText {#text} at (2,2) size 4x21
                  text run at (2,2) width 4: " "
              RenderTableCell {TD} at (141,95) size 97x25 [bgcolor=#FFFF00] [border: (1px inset #808080)] [r=3 c=1 rs=1 cs=1]
                RenderText {#text} at (2,2) size 25x21
                  text run at (2,2) width 25: "L C"
      RenderBlock (anonymous) at (0,245) size 784x21
        RenderInline {B} at (0,0) size 0x21
          RenderInline {B} at (0,0) size 0x21
            RenderText {#text} at (0,0) size 0x0
            RenderBR {BR} at (0,0) size 0x21
            RenderInline {B} at (0,0) size 0x0
              RenderText {#text} at (0,0) size 0x0
              RenderText {#text} at (0,0) size 0x0
      RenderBlock (anonymous) at (0,266) size 784x97
        RenderTable {TABLE} at (0,0) size 279x97 [border: (1px outset #808080)]
          RenderTableSection {TBODY} at (1,1) size 277x95
            RenderTableRow {TR} at (0,5) size 277x25
              RenderTableCell {TD} at (5,5) size 131x25 [border: (1px inset #808080)] [r=0 c=0 rs=1 cs=1]
                RenderText {#text} at (2,2) size 127x21
                  text run at (2,2) width 127: "Click name to see"
              RenderTableCell {TD} at (141,35) size 97x25 [bgcolor=#00FF00] [border: (1px inset #808080)] [r=0 c=1 rs=3 cs=1]
                RenderText {#text} at (2,2) size 93x21
                  text run at (2,2) width 93: "Mac Clbr Opt"
            RenderTableRow {TR} at (0,35) size 277x25
              RenderTableCell {TD} at (5,35) size 131x25 [border: (1px inset #808080)] [r=1 c=0 rs=1 cs=1]
                RenderText {#text} at (2,2) size 41x21
                  text run at (2,2) width 41: "Guilty"
            RenderTableRow {TR} at (0,65) size 277x25
              RenderTableCell {TD} at (5,65) size 131x25 [border: (1px inset #808080)] [r=2 c=0 rs=1 cs=1]
                RenderText {#text} at (2,2) size 4x21
                  text run at (2,2) width 4: " "
              RenderTableCell {TD} at (243,65) size 29x25 [bgcolor=#FFFF00] [border: (1px inset #808080)] [r=2 c=2 rs=1 cs=1]
                RenderText {#text} at (2,2) size 25x21
                  text run at (2,2) width 25: "L C"
      RenderBlock (anonymous) at (0,363) size 784x21
        RenderInline {B} at (0,0) size 0x21
          RenderInline {B} at (0,0) size 0x21
            RenderInline {B} at (0,0) size 0x21
              RenderText {#text} at (0,0) size 0x0
              RenderBR {BR} at (0,0) size 0x21
              RenderInline {B} at (0,0) size 0x0
                RenderText {#text} at (0,0) size 0x0
                RenderText {#text} at (0,0) size 0x0
      RenderBlock (anonymous) at (0,384) size 784x127
        RenderTable {TABLE} at (0,0) size 279x127 [border: (1px outset #808080)]
          RenderTableSection {TBODY} at (1,1) size 277x125
            RenderTableRow {TR} at (0,5) size 277x25
              RenderTableCell {TD} at (5,5) size 131x25 [border: (1px inset #808080)] [r=0 c=0 rs=1 cs=1]
                RenderText {#text} at (2,2) size 22x21
                  text run at (2,2) width 22: "foo"
              RenderTableCell {TD} at (141,5) size 97x25 [border: (1px inset #808080)] [r=0 c=1 rs=1 cs=1]
                RenderText {#text} at (2,2) size 23x21
                  text run at (2,2) width 23: "bar"
            RenderTableRow {TR} at (0,35) size 277x25
              RenderTableCell {TD} at (5,35) size 131x25 [border: (1px inset #808080)] [r=1 c=0 rs=1 cs=1]
                RenderText {#text} at (2,2) size 127x21
                  text run at (2,2) width 127: "Click name to see"
              RenderTableCell {TD} at (141,65) size 97x25 [bgcolor=#00FF00] [border: (1px inset #808080)] [r=1 c=1 rs=3 cs=1]
                RenderText {#text} at (2,2) size 93x21
                  text run at (2,2) width 93: "Mac Clbr Opt"
            RenderTableRow {TR} at (0,65) size 277x25
              RenderTableCell {TD} at (5,65) size 131x25 [border: (1px inset #808080)] [r=2 c=0 rs=1 cs=1]
                RenderText {#text} at (2,2) size 41x21
                  text run at (2,2) width 41: "Guilty"
            RenderTableRow {TR} at (0,95) size 277x25
              RenderTableCell {TD} at (5,95) size 131x25 [border: (1px inset #808080)] [r=3 c=0 rs=1 cs=1]
                RenderText {#text} at (2,2) size 4x21
                  text run at (2,2) width 4: " "
              RenderTableCell {TD} at (243,95) size 29x25 [bgcolor=#FFFF00] [border: (1px inset #808080)] [r=3 c=2 rs=1 cs=1]
                RenderText {#text} at (2,2) size 25x21
                  text run at (2,2) width 25: "L C"
      RenderBlock (anonymous) at (0,511) size 784x0
        RenderInline {B} at (0,0) size 0x0
          RenderInline {B} at (0,0) size 0x0
            RenderInline {B} at (0,0) size 0x0
              RenderInline {B} at (0,0) size 0x0
                RenderText {#text} at (0,0) size 0x0
