layer at (0,0) size 800x600
  RenderView at (0,0) size 800x600
layer at (0,0) size 800x600
  RenderBlock {HTML} at (0,0) size 800x600
    RenderBody {BODY} at (8,8) size 784x584
layer at (8,8) size 35x31
  RenderBlock (positioned) {DIV} at (8,8) size 35x31
    RenderTable {TABLE} at (0,0) size 35x31 [border: (1px outset #808080)]
      RenderTableSection {TBODY} at (1,1) size 33x29
        RenderTableRow {TR} at (0,2) size 33x25
          RenderTableCell {TD} at (2,2) size 29x25 [border: (1px inset #808080)] [r=0 c=0 rs=1 cs=1]
            RenderText {#text} at (2,2) size 25x21
              text run at (2,2) width 25: "test"
