layer at (0,0) size 784x778
  RenderView at (0,0) size 784x600
layer at (0,0) size 784x778
  RenderBlock {HTML} at (0,0) size 784x778
    RenderBody {BODY} at (8,21) size 768x741
      RenderBlock {H1} at (0,0) size 768x42
        RenderText {#text} at (0,0) size 355x42
          text run at (0,0) width 355: "Generic Table Tests - 1"
      RenderBlock {P} at (0,63) size 768x21
        RenderText {#text} at (0,0) size 430x21
          text run at (0,0) width 430: "If you have any comments to make regarding this test, e-mail "
        RenderInline {A} at (0,0) size 204x21 [color=#0000EE]
          RenderText {#text} at (430,0) size 204x21
            text run at (430,0) width 204: "py8ieh=eviltests@bath.ac.uk"
        RenderText {#text} at (634,0) size 4x21
          text run at (634,0) width 4: "."
      RenderBlock {DL} at (0,100) size 768x63
        RenderBlock {DT} at (0,0) size 768x21
          RenderText {#text} at (0,0) size 94x21
            text run at (0,0) width 94: "Prerequisites"
        RenderBlock {DD} at (40,21) size 728x42
          RenderText {#text} at (0,0) size 714x42
            text run at (0,0) width 714: "Browsers that are subjected to this test should support CSS1 and the CSS2 table model, and multiple"
            text run at (0,21) width 58: "classes."
      RenderBlock {P} at (0,179) size 768x110 [border: (5px double #FF0000)]
        RenderBlock (anonymous) at (13,13) size 742x21
          RenderText {#text} at (0,0) size 262x21
            text run at (0,0) width 262: "If this paragraph breaks the line here:"
        RenderTable {SPAN} at (13,34) size 67x21
          RenderTableSection (anonymous) at (0,0) size 67x21
            RenderTableRow (anonymous) at (0,0) size 67x21
              RenderTableCell (anonymous) at (0,0) size 67x21 [r=0 c=0 rs=1 cs=1]
                RenderText {#text} at (0,0) size 67x21
                  text run at (0,0) width 67: "and here:"
        RenderBlock (anonymous) at (13,55) size 742x42
          RenderText {#text} at (0,0) size 131x21
            text run at (0,0) width 131: "then your browser "
          RenderInline {EM} at (0,0) size 92x21
            RenderText {#text} at (131,0) size 92x21
              text run at (131,0) width 92: "does support"
          RenderText {#text} at (223,0) size 181x21
            text run at (223,0) width 181: " table values on 'display'. "
          RenderInline {STRONG} at (0,0) size 726x42
            RenderText {#text} at (404,0) size 726x42
              text run at (404,0) width 322: "If this paragraphs flows without any undue"
              text run at (0,21) width 570: "breaks, then you should mark your browser as not supporting table values!"
      RenderBlock {H2} at (0,308) size 768x32
        RenderText {#text} at (0,0) size 240x32
          text run at (0,0) width 240: "1. Table -> Table Cell"
      RenderBlock {P} at (0,359) size 768x42
        RenderText {#text} at (0,0) size 757x42
          text run at (0,0) width 757: "Below there should be a gray bar, spanning the width of the BODY, with the text \"Left\" to the left and the text"
          text run at (0,21) width 299: "\"Right\", on the same line, flush to the right."
      RenderTable {DIV} at (0,417) size 768x21 [bgcolor=#C0C0C0]
        RenderTableSection (anonymous) at (0,0) size 768x21
          RenderTableRow (anonymous) at (0,0) size 768x21
            RenderTableCell {DIV} at (0,0) size 312x21 [r=0 c=0 rs=1 cs=1]
              RenderText {#text} at (0,0) size 26x21
                text run at (0,0) width 26: "Left"
            RenderTableCell {DIV} at (312,0) size 456x21 [r=0 c=1 rs=1 cs=1]
              RenderText {#text} at (418,0) size 38x21
                text run at (418,0) width 38: "Right"
      RenderBlock {H2} at (0,457) size 768x32
        RenderText {#text} at (0,0) size 175x32
          text run at (0,0) width 175: "Submit Results"
      RenderBlock {FORM} at (0,508) size 768x67
        RenderBlock {P} at (0,0) size 768x67
          RenderText {#text} at (0,4) size 292x21
            text run at (0,4) width 292: "How does your browser fare on this test? "
          RenderMenuList {SELECT} at (294,2) size 308x26 [bgcolor=#FFFFFF]
            RenderBlock (anonymous) at (4,2) size 280x21
              RenderText at (0,0) size 183x21
                text run at (0,0) width 183: "The test renders correctly."
          RenderText {#text} at (604,4) size 4x21
            text run at (604,4) width 4: " "
          RenderInline {LABEL} at (0,0) size 685x55
            RenderText {#text} at (608,4) size 77x21
              text run at (608,4) width 77: "Comment: "
            RenderTextControl {INPUT} at (2,36) size 186x25
          RenderText {#text} at (190,38) size 4x21
            text run at (190,38) width 4: " "
          RenderButton {INPUT} at (196,32) size 62x33 [bgcolor=#C0C0C0]
            RenderBlock (anonymous) at (6,6) size 50x21
              RenderText at (0,0) size 50x21
                text run at (0,0) width 50: "Submit"
          RenderText {#text} at (0,0) size 0x0
      RenderBlock {HR} at (0,591) size 768x2 [border: (1px inset #000000)]
      RenderBlock {P} at (0,609) size 768x21
        RenderText {#text} at (0,0) size 68x21
          text run at (0,0) width 68: "Up to the "
        RenderInline {A} at (0,0) size 84x21 [color=#0000EE]
          RenderText {#text} at (68,0) size 84x21
            text run at (68,0) width 84: "Table Tests"
        RenderText {#text} at (152,0) size 4x21
          text run at (152,0) width 4: "."
      RenderBlock {P} at (0,646) size 768x21
        RenderText {#text} at (0,0) size 68x21
          text run at (0,0) width 68: "Up to the "
        RenderInline {A} at (0,0) size 112x21 [color=#0000EE]
          RenderText {#text} at (68,0) size 112x21
            text run at (68,0) width 112: "Evil Tests Page"
        RenderText {#text} at (180,0) size 4x21
          text run at (180,0) width 4: "."
      RenderBlock {P} at (0,683) size 768x21
        RenderText {#text} at (0,0) size 195x21
          text run at (0,0) width 195: "This page is maintained by "
        RenderInline {A} at (0,0) size 84x21 [color=#0000EE]
          RenderText {#text} at (195,0) size 84x21
            text run at (195,0) width 84: "Ian Hickson"
        RenderText {#text} at (279,0) size 9x21
          text run at (279,0) width 9: " ("
        RenderInline {A} at (0,0) size 137x21 [color=#0000EE]
          RenderText {#text} at (288,0) size 137x21
            text run at (288,0) width 137: "py8ieh@bath.ac.uk"
        RenderText {#text} at (425,0) size 9x21
          text run at (425,0) width 9: ")."
      RenderBlock {P} at (0,720) size 768x21
        RenderText {#text} at (0,0) size 201x21
          text run at (0,0) width 201: "Last updated in March 1999."
layer at (12,567) size 182x21
  RenderBlock {DIV} at (2,2) size 182x21
