layer at (0,0) size 800x600
  RenderView at (0,0) size 800x600
layer at (0,0) size 800x600
  RenderBlock {HTML} at (0,0) size 800x600
    RenderBody {BODY} at (8,8) size 784x584
      RenderTable {TABLE} at (0,0) size 32x31 [border: (1px outset #808080)]
        RenderTableSection {TBODY} at (1,1) size 30x29
          RenderTableRow {TR} at (0,2) size 30x25
            RenderTableCell {TD} at (2,2) size 26x25 [border: (1px inset #808080)] [r=0 c=0 rs=1 cs=1]
              RenderText {#text} at (2,2) size 22x21
                text run at (2,2) width 22: "foo"
      RenderBlock (anonymous) at (0,31) size 784x21
        RenderBR {BR} at (0,0) size 0x21
      RenderTable {TABLE} at (0,52) size 41x31 [border: (1px outset #808080)]
        RenderTableSection {TBODY} at (1,1) size 39x29
          RenderTableRow {TR} at (0,2) size 39x25
            RenderTableCell {TD} at (2,2) size 35x25 [border: (1px inset #808080)] [r=0 c=0 rs=1 cs=1]
              RenderText {#text} at (2,2) size 31x21
                text run at (2,2) width 31: "blah"
