layer at (0,0) size 800x600
  RenderView at (0,0) size 800x600
layer at (0,0) size 800x600
  RenderBlock {HTML} at (0,0) size 800x600
    RenderBody {BODY} at (8,8) size 784x584 [bgcolor=#CCCCCC]
      RenderTable {TABLE} at (0,0) size 205x31 [border: (1px outset #808080)]
        RenderTableSection {TBODY} at (1,1) size 203x29
          RenderTableRow {TR} at (0,2) size 203x25
            RenderTableCell {TD} at (2,2) size 74x25 [bgcolor=#FFFFFF] [border: (1px inset #808080)] [r=0 c=0 rs=1 cs=1]
              RenderText {#text} at (2,2) size 70x21
                text run at (2,2) width 70: "appName"
            RenderTableCell {TD} at (78,2) size 123x25 [bgcolor=#FFFFFF] [border: (1px inset #808080)] [r=0 c=1 rs=1 cs=1]
              RenderText {#text} at (2,2) size 119x21
                text run at (2,2) width 72: "Netscape "
                text run at (74,2) width 47: "rules!!!"
