layer at (0,0) size 800x600
  RenderView at (0,0) size 800x600
layer at (0,0) size 800x600
  RenderBlock {HTML} at (0,0) size 800x600
    RenderBody {BODY} at (8,8) size 784x584 [bgcolor=#FFFFFF]
      RenderBlock {P} at (0,0) size 784x42
        RenderInline {B} at (0,0) size 471x42
          RenderText {#text} at (0,0) size 175x21
            text run at (0,0) width 175: "Testcase distilled from "
          RenderInline {A} at (0,0) size 296x21 [color=#0000EE]
            RenderText {#text} at (175,0) size 296x21
              text run at (175,0) width 296: "http://www.linuxplanet.com/linuxplanet/"
          RenderBR {BR} at (471,16) size 0x0
          RenderText {#text} at (0,21) size 164x21
            text run at (0,21) width 164: "First cell is coded as: "
        RenderInline {CODE} at (0,0) size 252x17
          RenderText {#text} at (164,24) size 252x17
            text run at (164,24) width 252: "<TD><form>Weekly Poll<P></form></TD>"
      RenderTable {TABLE} at (0,58) size 784x58
        RenderTableSection {TBODY} at (0,0) size 784x58
          RenderTableRow {TR} at (0,0) size 784x58
            RenderTableCell {TD} at (0,0) size 53x58 [r=0 c=0 rs=1 cs=1]
              RenderBlock {FORM} at (0,0) size 53x42
                RenderBlock (anonymous) at (0,0) size 53x42
                  RenderText {#text} at (0,0) size 53x42
                    text run at (0,0) width 53: "Weekly"
                    text run at (0,21) width 28: "Poll"
                RenderBlock {P} at (0,58) size 53x0
            RenderTableCell {TD} at (53,4) size 1x50 [r=0 c=1 rs=1 cs=1]
              RenderImage {IMG} at (0,0) size 1x50
            RenderTableCell {TD} at (54,18) size 730x21 [r=0 c=2 rs=1 cs=1]
              RenderBR {BR} at (0,0) size 0x21
