layer at (0,0) size 800x600
  RenderView at (0,0) size 800x600
layer at (0,0) size 800x600
  RenderBlock {HTML} at (0,0) size 800x600
    RenderBody {BODY} at (8,8) size 784x584
      RenderBlock {P} at (0,0) size 784x19
        RenderInline {B} at (0,0) size 366x19
          RenderText {#text} at (0,0) size 366x19
            text run at (0,0) width 366: "(1) Colspanning TD has fixed width equal to table width"
      RenderTable {TABLE} at (0,35) size 340x44 [bgcolor=#FFFFCC] [border: (1px outset #808080)]
        RenderTableSection {TBODY} at (1,1) size 338x42
          RenderTableRow {TR} at (0,0) size 338x21
            RenderTableCell {TD} at (0,0) size 338x21 [border: (1px inset #808080)] [r=0 c=0 rs=1 cs=2]
              RenderText {#text} at (1,1) size 161x19
                text run at (1,1) width 161: "width=340 (same as table)"
          RenderTableRow {TR} at (0,21) size 338x21
            RenderTableCell {TD} at (0,21) size 80x21 [border: (1px inset #808080)] [r=1 c=0 rs=1 cs=1]
              RenderText {#text} at (1,1) size 66x19
                text run at (1,1) width 66: "Search for:"
            RenderTableCell {TD} at (80,21) size 258x21 [border: (1px inset #808080)] [r=1 c=1 rs=1 cs=1]
              RenderText {#text} at (1,1) size 215x19
                text run at (1,1) width 215: "foo bar baz foo bar baz foo bar baz"
      RenderBlock {P} at (0,95) size 784x19
        RenderInline {B} at (0,0) size 229x19
          RenderText {#text} at (0,0) size 229x19
            text run at (0,0) width 229: "(2) Colspanning TD has auto width"
      RenderTable {TABLE} at (0,130) size 340x44 [bgcolor=#FFFFCC] [border: (1px outset #808080)]
        RenderTableSection {TBODY} at (1,1) size 338x42
          RenderTableRow {TR} at (0,0) size 338x21
            RenderTableCell {TD} at (0,0) size 338x21 [border: (1px inset #808080)] [r=0 c=0 rs=1 cs=2]
              RenderText {#text} at (1,1) size 105x19
                text run at (1,1) width 105: "no width attribute"
          RenderTableRow {TR} at (0,21) size 338x21
            RenderTableCell {TD} at (0,21) size 80x21 [border: (1px inset #808080)] [r=1 c=0 rs=1 cs=1]
              RenderText {#text} at (1,1) size 66x19
                text run at (1,1) width 66: "Search for:"
            RenderTableCell {TD} at (80,21) size 258x21 [border: (1px inset #808080)] [r=1 c=1 rs=1 cs=1]
              RenderText {#text} at (1,1) size 215x19
                text run at (1,1) width 215: "foo bar baz foo bar baz foo bar baz"
      RenderBlock {P} at (0,190) size 784x19
        RenderInline {B} at (0,0) size 245x19
          RenderText {#text} at (0,0) size 245x19
            text run at (0,0) width 245: "(3) Colspanning TD has width=100px"
      RenderTable {TABLE} at (0,225) size 340x44 [bgcolor=#FFFFCC] [border: (1px outset #808080)]
        RenderTableSection {TBODY} at (1,1) size 338x42
          RenderTableRow {TR} at (0,0) size 338x21
            RenderTableCell {TD} at (0,0) size 338x21 [border: (1px inset #808080)] [r=0 c=0 rs=1 cs=2]
              RenderText {#text} at (1,1) size 81x19
                text run at (1,1) width 81: "width=100px"
          RenderTableRow {TR} at (0,21) size 338x21
            RenderTableCell {TD} at (0,21) size 80x21 [border: (1px inset #808080)] [r=1 c=0 rs=1 cs=1]
              RenderText {#text} at (1,1) size 66x19
                text run at (1,1) width 66: "Search for:"
            RenderTableCell {TD} at (80,21) size 258x21 [border: (1px inset #808080)] [r=1 c=1 rs=1 cs=1]
              RenderText {#text} at (1,1) size 215x19
                text run at (1,1) width 215: "foo bar baz foo bar baz foo bar baz"
      RenderBlock {P} at (0,285) size 784x19
        RenderInline {B} at (0,0) size 245x19
          RenderText {#text} at (0,0) size 245x19
            text run at (0,0) width 245: "(4) Colspanning TD has width=200px"
      RenderTable {TABLE} at (0,320) size 340x44 [bgcolor=#FFFFCC] [border: (1px outset #808080)]
        RenderTableSection {TBODY} at (1,1) size 338x42
          RenderTableRow {TR} at (0,0) size 338x21
            RenderTableCell {TD} at (0,0) size 338x21 [border: (1px inset #808080)] [r=0 c=0 rs=1 cs=2]
              RenderText {#text} at (1,1) size 81x19
                text run at (1,1) width 81: "width=200px"
          RenderTableRow {TR} at (0,21) size 338x21
            RenderTableCell {TD} at (0,21) size 80x21 [border: (1px inset #808080)] [r=1 c=0 rs=1 cs=1]
              RenderText {#text} at (1,1) size 66x19
                text run at (1,1) width 66: "Search for:"
            RenderTableCell {TD} at (80,21) size 258x21 [border: (1px inset #808080)] [r=1 c=1 rs=1 cs=1]
              RenderText {#text} at (1,1) size 215x19
                text run at (1,1) width 215: "foo bar baz foo bar baz foo bar baz"
      RenderBlock {P} at (0,380) size 784x19
        RenderInline {B} at (0,0) size 245x19
          RenderText {#text} at (0,0) size 245x19
            text run at (0,0) width 245: "(5) Colspanning TD has width=100%"
      RenderTable {TABLE} at (0,415) size 340x44 [bgcolor=#FFFFCC] [border: (1px outset #808080)]
        RenderTableSection {TBODY} at (1,1) size 338x42
          RenderTableRow {TR} at (0,0) size 338x21
            RenderTableCell {TD} at (0,0) size 338x21 [border: (1px inset #808080)] [r=0 c=0 rs=1 cs=2]
              RenderText {#text} at (1,1) size 79x19
                text run at (1,1) width 79: "width=100%"
          RenderTableRow {TR} at (0,21) size 338x21
            RenderTableCell {TD} at (0,21) size 81x21 [border: (1px inset #808080)] [r=1 c=0 rs=1 cs=1]
              RenderText {#text} at (1,1) size 66x19
                text run at (1,1) width 66: "Search for:"
            RenderTableCell {TD} at (81,21) size 257x21 [border: (1px inset #808080)] [r=1 c=1 rs=1 cs=1]
              RenderText {#text} at (1,1) size 215x19
                text run at (1,1) width 215: "foo bar baz foo bar baz foo bar baz"
