layer at (0,0) size 800x600
  RenderView at (0,0) size 800x600
layer at (0,0) size 800x92
  RenderBlock {HTML} at (0,0) size 800x92
    RenderBody {BODY} at (8,16) size 784x68
      RenderBlock {P} at (0,0) size 784x21
        RenderText {#text} at (0,0) size 331x21
          text run at (0,0) width 331: "The background color should span all columns"
      RenderTable {TABLE} at (0,37) size 492x31 [border: (1px outset #808080)]
        RenderTableCol {COLGROUP} at (0,0) size 0x0
          RenderTableCol {COL} at (0,0) size 0x0 [bgcolor=#00FF00]
        RenderTableSection {TBODY} at (1,1) size 490x29
          RenderTableRow {TR} at (0,2) size 490x25
            RenderTableCell {TD} at (2,2) size 120x25 [border: (1px inset #808080)] [r=0 c=0 rs=1 cs=1]
              RenderText {#text} at (2,2) size 116x21
                text run at (2,2) width 116: "Column 1, row 1"
            RenderTableCell {TD} at (124,2) size 120x25 [border: (1px inset #808080)] [r=0 c=1 rs=1 cs=1]
              RenderText {#text} at (2,2) size 116x21
                text run at (2,2) width 116: "Column 2, row 1"
            RenderTableCell {TD} at (246,2) size 120x25 [border: (1px inset #808080)] [r=0 c=2 rs=1 cs=1]
              RenderText {#text} at (2,2) size 116x21
                text run at (2,2) width 116: "Column 3, row 1"
            RenderTableCell {TD} at (368,2) size 120x25 [border: (1px inset #808080)] [r=0 c=3 rs=1 cs=1]
              RenderText {#text} at (2,2) size 116x21
                text run at (2,2) width 116: "Column 4, row 1"
