layer at (0,0) size 800x600
  RenderView at (0,0) size 800x600
layer at (0,0) size 800x221
  RenderBlock {HTML} at (0,0) size 800x221
    RenderBody {BODY} at (8,8) size 784x205
      RenderBlock (anonymous) at (0,0) size 784x21
        RenderText {#text} at (0,0) size 230x21
          text run at (0,0) width 230: "Both tables should look identical"
      RenderTable {TABLE} at (0,21) size 200x92 [border: (1px outset #808080)]
        RenderBlock {CAPTION} at (0,0) size 198x41
          RenderText {#text} at (47,0) size 104x41
            text run at (47,0) width 104: "caption"
        RenderTableSection {TBODY} at (1,42) size 198x49
          RenderTableRow {TR} at (0,2) size 198x45
            RenderTableCell {TD} at (2,2) size 194x45 [border: (1px inset #808080)] [r=0 c=0 rs=1 cs=1]
              RenderText {#text} at (2,2) size 66x41
                text run at (2,2) width 66: "cell1"
      RenderTable {TABLE} at (0,113) size 200x92 [border: (1px outset #808080)]
        RenderBlock {CAPTION} at (0,0) size 198x41
          RenderText {#text} at (47,0) size 104x41
            text run at (47,0) width 104: "caption"
        RenderTableSection {TBODY} at (1,42) size 198x49
          RenderTableRow {TR} at (0,2) size 198x45
            RenderTableCell {TD} at (2,2) size 194x45 [border: (1px inset #808080)] [r=0 c=0 rs=1 cs=1]
              RenderText {#text} at (2,2) size 66x41
                text run at (2,2) width 66: "cell1"
