layer at (0,0) size 800x600
  RenderView at (0,0) size 800x600
layer at (0,0) size 800x141
  RenderBlock {html} at (0,0) size 800x141
    RenderBody {body} at (8,16) size 784x117
      RenderBlock {p} at (0,0) size 784x21
        RenderText {#text} at (0,0) size 371x21
          text run at (0,0) width 371: "There should be a green block under this paragraph."
      RenderTable {table} at (0,37) size 80x80 [bgcolor=#008000]
