layer at (0,0) size 800x600
  RenderView at (0,0) size 800x600
layer at (0,0) size 800x600
  RenderBlock {HTML} at (0,0) size 800x600
    RenderBody {BODY} at (8,8) size 784x584
      RenderBlock (anonymous) at (0,0) size 784x21
        RenderText {#text} at (0,0) size 255x21
          text run at (0,0) width 255: "There should be text below this line:"
      RenderTable at (0,21) size 131x21
        RenderTableSection (anonymous) at (0,0) size 131x21
          RenderTableRow {DIV} at (0,0) size 131x21
            RenderTableCell (anonymous) at (0,0) size 131x21 [r=0 c=0 rs=1 cs=1]
              RenderText {#text} at (0,0) size 131x21
                text run at (0,0) width 131: "Second line of text"
