layer at (0,0) size 800x600
  RenderView at (0,0) size 800x600
layer at (0,0) size 800x600
  RenderBlock {HTML} at (0,0) size 800x600
    RenderBody {BODY} at (8,8) size 784x584
      RenderTable {TABLE} at (192,0) size 400x56 [border: (1px outset #808080)]
        RenderTableSection {TBODY} at (1,1) size 398x54
          RenderTableRow {TR} at (0,2) size 398x50
            RenderTableCell {TD} at (2,2) size 394x50 [border: (1px inset #808080)] [r=0 c=0 rs=1 cs=1]
              RenderBlock {FORM} at (2,2) size 390x30
                RenderMenuList {SELECT} at (2,2) size 59x26 [bgcolor=#FFFFFF]
                  RenderBlock (anonymous) at (4,2) size 31x21
                    RenderText at (0,0) size 31x21
                      text run at (0,0) width 31: "Test"
                RenderText {#text} at (0,0) size 0x0
