layer at (0,0) size 800x600
  RenderView at (0,0) size 800x600
layer at (0,0) size 800x600
  RenderBlock {HTML} at (0,0) size 800x600
    RenderBody {BODY} at (8,8) size 784x584
      RenderBlock (anonymous) at (0,0) size 784x21
        RenderText {#text} at (0,0) size 344x21
          text run at (0,0) width 344: "If the text is too low, then it is probably Bug 6920."
        RenderText {#text} at (0,0) size 0x0
      RenderTable {TABLE} at (0,21) size 280x68 [bgcolor=#FFCC00] [border: (1px outset #808080)]
        RenderTableSection {TBODY} at (1,1) size 278x66
          RenderTableRow {TR} at (0,2) size 278x62
            RenderTableCell {TD} at (2,2) size 274x62 [border: (1px inset #808080)] [r=0 c=0 rs=1 cs=1]
              RenderBlock {DL} at (2,2) size 270x42
                RenderBlock (anonymous) at (0,0) size 270x0
                  RenderInline {FONT} at (0,0) size 0x0
                    RenderText {#text} at (0,0) size 0x0
                RenderBlock (anonymous) at (0,0) size 270x21
                  RenderBlock {DT} at (0,0) size 270x21
                    RenderText {#text} at (0,0) size 28x21
                      text run at (0,0) width 28: "Baz"
                RenderBlock (anonymous) at (0,21) size 270x0
                  RenderInline {FONT} at (0,0) size 0x0
                  RenderText {#text} at (0,0) size 0x0
                RenderBlock {DD} at (40,21) size 230x21
                  RenderText {#text} at (0,0) size 230x21
                    text run at (0,0) width 230: "foo foo foo foo foo foo foo foo foo"
