layer at (0,0) size 800x600
  RenderView at (0,0) size 800x600
layer at (0,0) size 800x600
  RenderBlock {HTML} at (0,0) size 800x600
    RenderBody {BODY} at (8,8) size 784x584
      RenderBlock {H3} at (0,0) size 784x25
        RenderText {#text} at (0,0) size 222x25
          text run at (0,0) width 222: "With long hidden values"
      RenderTable {TABLE} at (0,43) size 213x82 [border: (1px solid #FF0000)]
        RenderTableSection {TBODY} at (1,1) size 211x80
          RenderTableRow {TR} at (0,2) size 211x74
            RenderTableCell {TD} at (2,2) size 207x74 [r=0 c=0 rs=1 cs=1]
              RenderBlock {FORM} at (1,1) size 205x56
                RenderTextControl {INPUT} at (2,5) size 123x25
                  RenderBlock {DIV} at (2,2) size 119x21
                RenderText {#text} at (127,7) size 4x21
                  text run at (127,7) width 4: " "
                RenderButton {INPUT} at (133,2) size 39x31 [bgcolor=#C0C0C0]
                  RenderBlock (anonymous) at (5,5) size 29x21
                    RenderText at (0,0) size 29x21
                      text run at (0,0) width 29: " Go "
                RenderText {#text} at (174,7) size 4x21
                  text run at (174,7) width 4: " "
                RenderBR {BR} at (178,23) size 0x0
                RenderText {#text} at (0,35) size 205x21
                  text run at (0,35) width 205: "Enter City Name or Zip Code"
          RenderTableRow {TR} at (0,78) size 211x0
      RenderBlock {HR} at (0,133) size 784x2 [border: (1px inset #000000)]
      RenderBlock {H3} at (0,153) size 784x25
        RenderText {#text} at (0,0) size 229x25
          text run at (0,0) width 229: "With short hidden values"
      RenderTable {TABLE} at (0,196) size 213x82 [border: (1px solid #FF0000)]
        RenderTableSection {TBODY} at (1,1) size 211x80
          RenderTableRow {TR} at (0,2) size 211x74
            RenderTableCell {TD} at (2,2) size 207x74 [r=0 c=0 rs=1 cs=1]
              RenderBlock {FORM} at (1,1) size 205x56
                RenderTextControl {INPUT} at (2,5) size 123x25
                  RenderBlock {DIV} at (2,2) size 119x21
                RenderText {#text} at (127,7) size 4x21
                  text run at (127,7) width 4: " "
                RenderButton {INPUT} at (133,2) size 39x31 [bgcolor=#C0C0C0]
                  RenderBlock (anonymous) at (5,5) size 29x21
                    RenderText at (0,0) size 29x21
                      text run at (0,0) width 29: " Go "
                RenderText {#text} at (174,7) size 4x21
                  text run at (174,7) width 4: " "
                RenderBR {BR} at (178,23) size 0x0
                RenderText {#text} at (0,35) size 205x21
                  text run at (0,35) width 205: "Enter City Name or Zip Code"
          RenderTableRow {TR} at (0,78) size 211x0
