layer at (0,0) size 800x600
  RenderView at (0,0) size 800x600
layer at (0,0) size 800x600
  RenderBlock {HTML} at (0,0) size 800x600
    RenderBody {BODY} at (8,8) size 784x576
      RenderTable {TABLE} at (0,0) size 74x54
        RenderTableSection {THEAD} at (0,0) size 74x27
          RenderTableRow {TR} at (0,2) size 74x23
            RenderTableCell {TD} at (2,2) size 70x23 [r=0 c=0 rs=1 cs=1]
              RenderText {#text} at (1,1) size 68x21
                text run at (1,1) width 68: "The head"
        RenderTableSection {TBODY} at (0,27) size 74x27
          RenderTableRow {TR} at (0,2) size 74x23
            RenderTableCell {TD} at (2,2) size 70x23 [r=0 c=0 rs=1 cs=1]
              RenderText {#text} at (1,1) size 61x21
                text run at (1,1) width 61: "First row"
      RenderBlock {FORM} at (0,54) size 784x37
        RenderButton {INPUT} at (2,2) size 51x33 [bgcolor=#C0C0C0]
          RenderBlock (anonymous) at (6,6) size 39x21
            RenderText at (0,0) size 39x21
              text run at (0,0) width 39: "insert"
        RenderText {#text} at (0,0) size 0x0
