layer at (0,0) size 800x600
  RenderView at (0,0) size 800x600
layer at (0,0) size 800x600
  RenderBlock {HTML} at (0,0) size 800x600
    RenderBody {BODY} at (8,8) size 784x584
      RenderBlock {P} at (0,0) size 784x21
        RenderText {#text} at (0,0) size 215x21
          text run at (0,0) width 215: "Tests of padding in table cells."
      RenderTable {TABLE} at (0,37) size 428x132
        RenderTableSection {TBODY} at (0,0) size 428x132
          RenderTableRow {TR} at (0,2) size 428x128
            RenderTableCell {TD} at (2,2) size 147x128 [r=0 c=0 rs=1 cs=1]
              RenderBlock {P} at (10,10) size 127x21
                RenderInline {B} at (0,0) size 127x21
                  RenderText {#text} at (0,0) size 127x21
                    text run at (0,0) width 127: "1) padding: 20px"
              RenderTable {TABLE} at (10,47) size 84x71 [border: (1px outset #808080)]
                RenderTableSection {TBODY} at (1,1) size 82x69
                  RenderTableRow {TR} at (0,2) size 82x65
                    RenderTableCell {TD} at (2,2) size 78x65 [border: (1px inset #808080)] [r=0 c=0 rs=1 cs=1]
                      RenderBlock {DIV} at (21,21) size 36x23 [border: (1px dashed #FF0000)]
                        RenderText {#text} at (1,1) size 34x21
                          text run at (1,1) width 34: "FOO"
            RenderTableCell {TD} at (151,2) size 275x128 [r=0 c=1 rs=1 cs=1]
              RenderBlock {P} at (10,10) size 255x21
                RenderInline {B} at (0,0) size 255x21
                  RenderText {#text} at (0,0) size 255x21
                    text run at (0,0) width 255: "2) padding: 10px 25px 30px 45px;"
              RenderTable {TABLE} at (10,47) size 114x71 [border: (1px outset #808080)]
                RenderTableSection {TBODY} at (1,1) size 112x69
                  RenderTableRow {TR} at (0,2) size 112x65
                    RenderTableCell {TD} at (2,2) size 108x65 [border: (1px inset #808080)] [r=0 c=0 rs=1 cs=1]
                      RenderBlock {DIV} at (46,11) size 36x23 [border: (1px dashed #FF0000)]
                        RenderText {#text} at (1,1) size 34x21
                          text run at (1,1) width 34: "FOO"
      RenderBlock (anonymous) at (0,169) size 784x21
        RenderBR {BR} at (0,0) size 0x21
      RenderTable {TABLE} at (0,190) size 755x113
        RenderTableSection {TBODY} at (0,0) size 755x113
          RenderTableRow {TR} at (0,2) size 755x109
            RenderTableCell {TD} at (2,2) size 175x90 [r=0 c=0 rs=1 cs=1]
              RenderBlock {P} at (10,10) size 155x21
                RenderInline {B} at (0,0) size 155x21
                  RenderText {#text} at (0,0) size 155x21
                    text run at (0,0) width 155: "3) padding-left: 20px"
              RenderTable {TABLE} at (10,47) size 65x33 [border: (1px outset #808080)]
                RenderTableSection {TBODY} at (1,1) size 63x31
                  RenderTableRow {TR} at (0,2) size 63x27
                    RenderTableCell {TD} at (2,2) size 59x27 [border: (1px inset #808080)] [r=0 c=0 rs=1 cs=1]
                      RenderBlock {DIV} at (21,2) size 36x23 [border: (1px dashed #FF0000)]
                        RenderText {#text} at (1,1) size 34x21
                          text run at (1,1) width 34: "FOO"
            RenderTableCell {TD} at (179,2) size 187x90 [r=0 c=1 rs=1 cs=1]
              RenderBlock {P} at (10,10) size 167x21
                RenderInline {B} at (0,0) size 167x21
                  RenderText {#text} at (0,0) size 167x21
                    text run at (0,0) width 167: "4) padding-right: 20px"
              RenderTable {TABLE} at (10,47) size 65x33 [border: (1px outset #808080)]
                RenderTableSection {TBODY} at (1,1) size 63x31
                  RenderTableRow {TR} at (0,2) size 63x27
                    RenderTableCell {TD} at (2,2) size 59x27 [border: (1px inset #808080)] [r=0 c=0 rs=1 cs=1]
                      RenderBlock {DIV} at (2,2) size 36x23 [border: (1px dashed #FF0000)]
                        RenderText {#text} at (1,1) size 34x21
                          text run at (1,1) width 34: "FOO"
            RenderTableCell {TD} at (368,2) size 177x109 [r=0 c=2 rs=1 cs=1]
              RenderBlock {P} at (10,10) size 157x21
                RenderInline {B} at (0,0) size 157x21
                  RenderText {#text} at (0,0) size 157x21
                    text run at (0,0) width 157: "5) padding-top: 20px"
              RenderTable {TABLE} at (10,47) size 46x52 [border: (1px outset #808080)]
                RenderTableSection {TBODY} at (1,1) size 44x50
                  RenderTableRow {TR} at (0,2) size 44x46
                    RenderTableCell {TD} at (2,2) size 40x46 [border: (1px inset #808080)] [r=0 c=0 rs=1 cs=1]
                      RenderBlock {DIV} at (2,21) size 36x23 [border: (1px dashed #FF0000)]
                        RenderText {#text} at (1,1) size 34x21
                          text run at (1,1) width 34: "FOO"
            RenderTableCell {TD} at (547,2) size 206x109 [r=0 c=3 rs=1 cs=1]
              RenderBlock {P} at (10,10) size 186x21
                RenderInline {B} at (0,0) size 186x21
                  RenderText {#text} at (0,0) size 186x21
                    text run at (0,0) width 186: "6) padding-bottom: 20px"
              RenderTable {TABLE} at (10,47) size 46x52 [border: (1px outset #808080)]
                RenderTableSection {TBODY} at (1,1) size 44x50
                  RenderTableRow {TR} at (0,2) size 44x46
                    RenderTableCell {TD} at (2,2) size 40x46 [border: (1px inset #808080)] [r=0 c=0 rs=1 cs=1]
                      RenderBlock {DIV} at (2,2) size 36x23 [border: (1px dashed #FF0000)]
                        RenderText {#text} at (1,1) size 34x21
                          text run at (1,1) width 34: "FOO"
      RenderBlock (anonymous) at (0,303) size 784x21
        RenderBR {BR} at (0,0) size 0x21
      RenderBlock {P} at (0,340) size 784x21
        RenderInline {B} at (0,0) size 268x21
          RenderText {#text} at (0,0) size 268x21
            text run at (0,0) width 268: "misc) padding: 20px 10px 40px 0px"
      RenderTable {TABLE} at (0,377) size 54x91 [border: (1px outset #808080)]
        RenderTableSection {TBODY} at (1,1) size 52x89
          RenderTableRow {TR} at (0,2) size 52x85
            RenderTableCell {TD} at (2,2) size 48x85 [border: (1px inset #808080)] [r=0 c=0 rs=1 cs=1]
              RenderBlock {DIV} at (1,21) size 36x23 [border: (1px dashed #FF0000)]
                RenderText {#text} at (1,1) size 34x21
                  text run at (1,1) width 34: "FOO"
      RenderBlock {P} at (0,484) size 784x21
        RenderInline {B} at (0,0) size 366x21
          RenderText {#text} at (0,0) size 366x21
            text run at (0,0) width 366: "misc) padding-top: 10px; padding-bottom: 20px;"
      RenderTable {TABLE} at (0,521) size 46x61 [border: (1px outset #808080)]
        RenderTableSection {TBODY} at (1,1) size 44x59
          RenderTableRow {TR} at (0,2) size 44x55
            RenderTableCell {TD} at (2,2) size 40x55 [border: (1px inset #808080)] [r=0 c=0 rs=1 cs=1]
              RenderBlock {DIV} at (2,11) size 36x23 [border: (1px dashed #FF0000)]
                RenderText {#text} at (1,1) size 34x21
                  text run at (1,1) width 34: "FOO"
