layer at (0,0) size 800x600
  RenderView at (0,0) size 800x600
layer at (0,0) size 800x600
  RenderBlock {HTML} at (0,0) size 800x600
    RenderBody {BODY} at (8,8) size 784x584 [bgcolor=#FFFFFF]
      RenderTable {TABLE} at (0,0) size 477x61 [bgcolor=#000000]
        RenderTableSection {TBODY} at (0,0) size 477x61
          RenderTableRow {TR} at (0,0) size 477x61
            RenderTableCell {TD} at (0,0) size 477x61 [r=0 c=0 rs=1 cs=1]
              RenderTable {TABLE} at (1,1) size 475x59 [bgcolor=#959595]
                RenderTableSection {TBODY} at (0,0) size 475x59
                  RenderTableRow {TR} at (0,0) size 475x29
                    RenderTableCell {TD} at (0,0) size 475x29 [bgcolor=#6666CC] [r=0 c=0 rs=1 cs=1]
                      RenderInline {FONT} at (0,0) size 241x21 [color=#FFFFFF]
                        RenderInline {B} at (0,0) size 241x21
                          RenderText {#text} at (117,4) size 241x21
                            text run at (117,4) width 199: "BrowserWatch Headline "
                            text run at (316,4) width 42: "News"
                  RenderTableRow {TR} at (0,29) size 475x30
                    RenderTableCell {TD} at (0,29) size 475x30 [bgcolor=#D4D4D4] [r=1 c=0 rs=1 cs=1]
                      RenderText {#text} at (4,4) size 24x22
                        text run at (4,4) width 24: "xxx"
