layer at (0,0) size 800x600
  RenderView at (0,0) size 800x600
layer at (0,0) size 800x600
  RenderBlock {HTML} at (0,0) size 800x600
    RenderBody {BODY} at (8,8) size 784x584
      RenderBlock (anonymous) at (0,0) size 784x0
        RenderInline {B} at (0,0) size 0x0
          RenderText {#text} at (0,0) size 0x0
          RenderText {#text} at (0,0) size 0x0
      RenderTable {TABLE} at (0,0) size 236x85 [border: (1px outset #808080)]
        RenderTableSection {TBODY} at (1,1) size 234x83
          RenderTableRow {TR} at (0,2) size 234x25
            RenderTableCell {TD} at (2,2) size 131x25 [border: (1px inset #808080)] [r=0 c=0 rs=1 cs=1]
              RenderText {#text} at (2,2) size 127x21
                text run at (2,2) width 127: "Click name to see"
            RenderTableCell {TD} at (135,15) size 97x25 [bgcolor=#00FF00] [border: (1px inset #808080)] [r=0 c=1 rs=2 cs=1]
              RenderText {#text} at (2,2) size 93x21
                text run at (2,2) width 93: "Mac Clbr Opt"
          RenderTableRow {TR} at (0,29) size 234x25
            RenderTableCell {TD} at (2,29) size 131x25 [border: (1px inset #808080)] [r=1 c=0 rs=1 cs=1]
              RenderText {#text} at (2,2) size 41x21
                text run at (2,2) width 41: "Guilty"
          RenderTableRow {TR} at (0,56) size 234x25
            RenderTableCell {TD} at (2,56) size 131x25 [border: (1px inset #808080)] [r=2 c=0 rs=1 cs=1]
              RenderText {#text} at (2,2) size 4x21
                text run at (2,2) width 4: " "
            RenderTableCell {TD} at (135,56) size 97x25 [bgcolor=#FFFF00] [border: (1px inset #808080)] [r=2 c=1 rs=1 cs=1]
              RenderText {#text} at (2,2) size 25x21
                text run at (2,2) width 25: "L C"
      RenderBlock (anonymous) at (0,85) size 784x0
        RenderInline {B} at (0,0) size 0x0
          RenderText {#text} at (0,0) size 0x0
