layer at (0,0) size 864x584
  RenderView at (0,0) size 800x584
layer at (0,0) size 800x584
  RenderBlock {HTML} at (0,0) size 800x584
    RenderBody {BODY} at (8,8) size 784x568
      RenderTable {TABLE} at (0,0) size 856x34 [bgcolor=#FFFFFF]
        RenderTableSection {TBODY} at (0,0) size 856x34
          RenderTableRow {TR} at (0,0) size 856x34
            RenderTableCell {TD} at (0,0) size 426x34 [r=0 c=0 rs=1 cs=1]
              RenderBlock {PRE} at (0,0) size 426x34
                RenderInline {FONT} at (0,0) size 426x34
                  RenderText {#text} at (0,0) size 426x34
                    text run at (0,0) width 426: "/* -*- Mode: C++; tab-width: 2; indent-tabs-mode: nil; c-basic-offset: 2 -*-  "
                    text run at (426,0) width 0: " "
                    text run at (0,17) width 8: "  "
            RenderTableCell {TD} at (426,8) size 430x17 [r=0 c=1 rs=1 cs=1]
              RenderBlock {PRE} at (0,0) size 430x17
                RenderInline {FONT} at (0,0) size 430x17
                  RenderText {#text} at (0,0) size 430x17
                    text run at (0,0) width 430: "/* -*- Mode: C++; tab-width: 2; indent-tabs-mode: nil; c-basic-offset: 2 -*-   "
                    text run at (430,0) width 0: " "
