layer at (0,0) size 784x746
  RenderView at (0,0) size 784x600
layer at (0,0) size 784x746
  RenderBlock {HTML} at (0,0) size 784x746
    RenderBody {BODY} at (8,8) size 768x730
      RenderBlock {PRE} at (0,0) size 768x238
        RenderText {#text} at (0,0) size 402x204
          text run at (0,0) width 281: "These tables below all have the HTML + CSS ..."
          text run at (281,0) width 0: " "
          text run at (0,17) width 0: " "
          text run at (0,34) width 286: "<TABLE><tr>                                          table {"
          text run at (286,34) width 0: " "
          text run at (0,51) width 402: "  <td><TABLE style='margin: 20px; padding: 19px;'>     width: 600px;"
          text run at (402,51) width 0: " "
          text run at (0,68) width 380: "       <tr><td></td></tr>                              border: 1px solid red;"
          text run at (380,68) width 0: " "
          text run at (0,85) width 374: "       </TABLE></td>                                   empty-cells: show;}"
          text run at (374,85) width 0: " "
          text run at (0,102) width 269: "</tr></TABLE>                                        td {"
          text run at (269,102) width 0: " "
          text run at (0,119) width 360: "                                                       border: 1px solid green;}"
          text run at (360,119) width 0: " "
          text run at (0,136) width 371: "                                                     table.inner {margin: 20px;}  "
          text run at (371,136) width 0: " "
          text run at (0,153) width 0: " "
          text run at (0,170) width 348: "... and differ only in the value of 'padding:'. From top table to"
          text run at (348,170) width 0: " "
          text run at (0,187) width 308: "bottom: 0px, 10px, 19px, 20px, 25px. Note that for a "
        RenderInline {U} at (0,0) size 440x34
          RenderInline {I} at (0,0) size 440x34
            RenderText {#text} at (308,187) size 440x34
              text run at (308,187) width 132: "table over-constrained "
              text run at (440,187) width 0: " "
              text run at (0,204) width 112: "within another table"
        RenderText {#text} at (112,204) size 8x17
          text run at (112,204) width 8: ", "
        RenderInline {I} at (0,0) size 146x17
          RenderInline {U} at (0,0) size 146x17
            RenderText {#text} at (120,204) size 146x17
              text run at (120,204) width 146: "when (padding >=margin)"
        RenderText {#text} at (266,204) size 87x17
          text run at (266,204) width 87: ", the margin is "
        RenderInline {I} at (0,0) size 426x34
          RenderInline {U} at (0,0) size 426x34
            RenderText {#text} at (353,204) size 426x34
              text run at (353,204) width 73: "all allocated "
              text run at (426,204) width 0: " "
              text run at (0,221) width 122: "to the right hand side"
        RenderText {#text} at (122,221) size 252x17
          text run at (122,221) width 252: " of the table (and to the left if 'direction: rtl;'."
      RenderTable {TABLE} at (0,251) size 600x31 [border: (1px dotted #0000FF)]
        RenderTableSection {TBODY} at (1,1) size 598x29
          RenderTableRow {TR} at (0,2) size 598x25
            RenderTableCell {TD} at (2,2) size 594x25 [border: (1px solid #008000)] [r=0 c=0 rs=1 cs=1]
              RenderText {#text} at (2,2) size 234x21
                text run at (2,2) width 234: "600px table for width comparison"
      RenderTable {TABLE} at (0,282) size 650x60 [border: (1px solid #FF0000)]
        RenderTableSection {TBODY} at (1,1) size 648x58
          RenderTableRow {TR} at (0,2) size 648x54
            RenderTableCell {TD} at (2,2) size 644x54 [border: (1px solid #008000)] [r=0 c=0 rs=1 cs=1]
              RenderTable {TABLE} at (22,22) size 600x10 [border: (1px solid #FF0000)]
                RenderTableSection {TBODY} at (1,1) size 598x8
                  RenderTableRow {TR} at (0,2) size 598x4
                    RenderTableCell {TD} at (2,2) size 594x4 [border: (1px solid #008000)] [r=0 c=0 rs=1 cs=1]
      RenderTable {TABLE} at (0,342) size 650x80 [border: (1px solid #FF0000)]
        RenderTableSection {TBODY} at (1,1) size 648x78
          RenderTableRow {TR} at (0,2) size 648x74
            RenderTableCell {TD} at (2,2) size 644x74 [border: (1px solid #008000)] [r=0 c=0 rs=1 cs=1]
              RenderTable {TABLE} at (22,22) size 600x30 [border: (1px solid #FF0000)]
                RenderTableSection {TBODY} at (11,11) size 578x8
                  RenderTableRow {TR} at (0,2) size 578x4
                    RenderTableCell {TD} at (2,2) size 574x4 [border: (1px solid #008000)] [r=0 c=0 rs=1 cs=1]
      RenderTable {TABLE} at (0,422) size 650x98 [border: (1px solid #FF0000)]
        RenderTableSection {TBODY} at (1,1) size 648x96
          RenderTableRow {TR} at (0,2) size 648x92
            RenderTableCell {TD} at (2,2) size 644x92 [border: (1px solid #008000)] [r=0 c=0 rs=1 cs=1]
              RenderTable {TABLE} at (22,22) size 600x48 [border: (1px solid #FF0000)]
                RenderTableSection {TBODY} at (20,20) size 560x8
                  RenderTableRow {TR} at (0,2) size 560x4
                    RenderTableCell {TD} at (2,2) size 556x4 [border: (1px solid #008000)] [r=0 c=0 rs=1 cs=1]
      RenderTable {TABLE} at (0,520) size 650x100 [border: (1px solid #FF0000)]
        RenderTableSection {TBODY} at (1,1) size 648x98
          RenderTableRow {TR} at (0,2) size 648x94
            RenderTableCell {TD} at (2,2) size 644x94 [border: (1px solid #008000)] [r=0 c=0 rs=1 cs=1]
              RenderTable {TABLE} at (22,22) size 600x50 [border: (1px solid #FF0000)]
                RenderTableSection {TBODY} at (21,21) size 558x8
                  RenderTableRow {TR} at (0,2) size 558x4
                    RenderTableCell {TD} at (2,2) size 554x4 [border: (1px solid #008000)] [r=0 c=0 rs=1 cs=1]
      RenderTable {TABLE} at (0,620) size 650x110 [border: (1px solid #FF0000)]
        RenderTableSection {TBODY} at (1,1) size 648x108
          RenderTableRow {TR} at (0,2) size 648x104
            RenderTableCell {TD} at (2,2) size 644x104 [border: (1px solid #008000)] [r=0 c=0 rs=1 cs=1]
              RenderTable {TABLE} at (22,22) size 600x60 [border: (1px solid #FF0000)]
                RenderTableSection {TBODY} at (26,26) size 548x8
                  RenderTableRow {TR} at (0,2) size 548x4
                    RenderTableCell {TD} at (2,2) size 544x4 [border: (1px solid #008000)] [r=0 c=0 rs=1 cs=1]
