layer at (0,0) size 800x600
  RenderView at (0,0) size 800x600
layer at (0,0) size 800x600
  RenderBlock {HTML} at (0,0) size 800x600
    RenderBody {BODY} at (8,8) size 784x584
      RenderTable {TABLE} at (0,0) size 138x60 [border: (1px outset #808080)]
        RenderTableSection {THEAD} at (1,1) size 136x29
          RenderTableRow {TR} at (0,2) size 136x0
            RenderTableCell {TH} at (2,2) size 40x25 [border: (1px inset #808080)] [r=0 c=0 rs=2 cs=1]
              RenderText {#text} at (2,2) size 36x21
                text run at (2,2) width 36: "aaaa"
            RenderTableCell {TH} at (44,2) size 44x25 [border: (1px inset #808080)] [r=0 c=1 rs=2 cs=1]
              RenderText {#text} at (2,2) size 40x21
                text run at (2,2) width 40: "bbbb"
            RenderTableCell {TH} at (90,2) size 44x25 [border: (1px inset #808080)] [r=0 c=2 rs=2 cs=1]
              RenderText {#text} at (2,2) size 40x21
                text run at (2,2) width 40: "dddd"
          RenderTableRow {TR} at (0,4) size 136x23
        RenderTableSection {TBODY} at (1,30) size 136x29
          RenderTableRow {TR} at (0,2) size 136x25
            RenderTableCell {TD} at (2,2) size 40x25 [border: (1px inset #808080)] [r=0 c=0 rs=1 cs=1]
              RenderText {#text} at (2,2) size 36x21
                text run at (2,2) width 36: "1111"
            RenderTableCell {TD} at (44,2) size 44x25 [border: (1px inset #808080)] [r=0 c=1 rs=1 cs=1]
              RenderText {#text} at (2,2) size 36x21
                text run at (2,2) width 36: "2222"
            RenderTableCell {TD} at (90,2) size 44x25 [border: (1px inset #808080)] [r=0 c=2 rs=1 cs=1]
              RenderText {#text} at (2,2) size 36x21
                text run at (2,2) width 36: "5555"
