layer at (0,0) size 800x600
  RenderView at (0,0) size 800x600
layer at (0,0) size 800x600
  RenderBlock {HTML} at (0,0) size 800x600
    RenderBody {BODY} at (8,8) size 784x584
      RenderTable {TABLE} at (0,0) size 300x48 [border: (2px outset #808080)]
        RenderTableSection {TBODY} at (2,2) size 296x44
          RenderTableRow {TR} at (0,0) size 296x44
            RenderTableCell {TD} at (0,0) size 296x44 [bgcolor=#FFFF00] [border: (1px inset #808080)] [r=0 c=0 rs=1 cs=1]
              RenderBlock {CENTER} at (3,3) size 290x38
                RenderInline {A} at (0,0) size 0x0 [color=#0000EE]
                  RenderImage {IMG} at (0,0) size 20x20
                RenderText {#text} at (0,0) size 0x0
                RenderInline {A} at (0,0) size 177x38 [color=#0000EE]
                  RenderInline {FONT} at (0,0) size 177x38 [color=#000000]
                    RenderText {#text} at (68,0) size 177x19
                      text run at (68,0) width 107: "Free Homepage! "
                      text run at (175,0) width 70: "Free Email!"
                    RenderBR {BR} at (245,15) size 0x0
                    RenderText {#text} at (75,19) size 163x19
                      text run at (75,19) width 40: "It's all "
                      text run at (114,19) width 124: "yours at ACMEcity!"
