layer at (0,0) size 800x600
  RenderView at (0,0) size 800x600
layer at (0,0) size 800x600
  RenderBlock {HTML} at (0,0) size 800x600
    RenderBody {BODY} at (8,8) size 784x584
      RenderTable {TABLE} at (0,0) size 62x200 [border: (1px outset #808080)]
        RenderTableSection {TBODY} at (1,1) size 60x198
          RenderTableRow {TR} at (0,2) size 60x194
            RenderTableCell {TD} at (2,2) size 56x194 [border: (1px inset #808080)] [r=0 c=0 rs=1 cs=1]
              RenderTable {TABLE} at (2,2) size 52x190 [border: (1px outset #808080)]
                RenderTableSection {TBODY} at (1,1) size 50x188
                  RenderTableRow {TR} at (0,2) size 50x62
                    RenderTableCell {TD} at (2,2) size 46x62 [border: (1px inset #808080)] [r=0 c=0 rs=1 cs=1]
                      RenderTable {TABLE} at (2,2) size 42x58 [border: (1px outset #808080)]
                        RenderTableSection {TBODY} at (1,1) size 40x56
                          RenderTableRow {TR} at (0,2) size 40x25
                            RenderTableCell {TD} at (2,2) size 36x25 [border: (1px inset #808080)] [r=0 c=0 rs=1 cs=1]
                              RenderText {#text} at (2,2) size 32x21
                                text run at (2,2) width 32: "30%"
                          RenderTableRow {TR} at (0,29) size 40x25
                            RenderTableCell {TD} at (2,29) size 36x25 [border: (1px inset #808080)] [r=1 c=0 rs=1 cs=1]
                              RenderText {#text} at (2,2) size 32x21
                                text run at (2,2) width 32: "70%"
                  RenderTableRow {TR} at (0,66) size 50x120
                    RenderTableCell {TD} at (2,113) size 46x25 [border: (1px inset #808080)] [r=1 c=0 rs=1 cs=1]
                      RenderText {#text} at (2,2) size 32x21
                        text run at (2,2) width 32: "70%"
