layer at (0,0) size 800x600
  RenderView at (0,0) size 800x600
layer at (0,0) size 800x600
  RenderBlock {HTML} at (0,0) size 800x600
    RenderBody {BODY} at (8,8) size 784x584
      RenderTable {TABLE} at (0,0) size 480x100 [border: (1px outset #808080)]
        RenderTableSection {TBODY} at (1,1) size 478x98
          RenderTableRow {TR} at (0,2) size 478x67
            RenderTableCell {TD} at (2,23) size 149x25 [border: (1px inset #808080)] [r=0 c=0 rs=1 cs=1]
              RenderText {#text} at (2,2) size 33x21
                text run at (2,2) width 33: "Blah"
            RenderTableCell {TD} at (153,2) size 323x67 [border: (1px inset #808080)] [r=0 c=1 rs=1 cs=1]
              RenderTable {TABLE} at (123,2) size 76x63 [border: (1px outset #808080)]
                RenderTableSection {TBODY} at (1,1) size 74x61
                  RenderTableRow {TR} at (0,2) size 74x57
                    RenderTableCell {TD} at (2,2) size 70x57 [border: (1px inset #808080)] [r=0 c=0 rs=1 cs=1]
                      RenderBlock {FORM} at (2,2) size 66x37
                        RenderButton {INPUT} at (2,2) size 62x33 [bgcolor=#C0C0C0]
                          RenderBlock (anonymous) at (6,6) size 50x21
                            RenderText at (0,0) size 50x21
                              text run at (0,0) width 50: "Submit"
                        RenderText {#text} at (0,0) size 0x0
          RenderTableRow {TR} at (0,71) size 478x25
            RenderTableCell {TD} at (2,71) size 474x25 [border: (1px inset #808080)] [r=1 c=0 rs=1 cs=2]
              RenderText {#text} at (2,2) size 470x21
                text run at (2,2) width 470: "This line is only here to separate the two columns in the row above"
