layer at (0,0) size 800x600
  RenderView at (0,0) size 800x600
layer at (0,0) size 800x111
  RenderBlock {HTML} at (0,0) size 800x111
    RenderBody {BODY} at (8,8) size 784x95
      RenderTable {TABLE} at (0,0) size 306x95 [border: (4px outset #808080)]
        RenderTableSection {THEAD} at (4,4) size 298x29
          RenderTableRow {TR} at (0,2) size 298x25
            RenderTableCell {TD} at (2,2) size 35x25 [border: (1px inset #808080)] [r=0 c=0 rs=1 cs=1]
              RenderText {#text} at (2,2) size 18x21
                text run at (2,2) width 18: "h0"
            RenderTableCell {TD} at (39,2) size 35x25 [border: (1px inset #808080)] [r=0 c=1 rs=1 cs=1]
              RenderText {#text} at (2,2) size 18x21
                text run at (2,2) width 18: "h1"
            RenderTableCell {TD} at (76,2) size 35x25 [border: (1px inset #808080)] [r=0 c=2 rs=1 cs=1]
              RenderText {#text} at (2,2) size 18x21
                text run at (2,2) width 18: "h2"
            RenderTableCell {TD} at (113,2) size 35x25 [border: (1px inset #808080)] [r=0 c=3 rs=1 cs=1]
              RenderText {#text} at (2,2) size 18x21
                text run at (2,2) width 18: "h3"
            RenderTableCell {TD} at (150,2) size 35x25 [border: (1px inset #808080)] [r=0 c=4 rs=1 cs=1]
              RenderText {#text} at (2,2) size 18x21
                text run at (2,2) width 18: "h4"
            RenderTableCell {TD} at (187,2) size 35x25 [border: (1px inset #808080)] [r=0 c=5 rs=1 cs=1]
              RenderText {#text} at (2,2) size 18x21
                text run at (2,2) width 18: "h5"
            RenderTableCell {TD} at (224,2) size 35x25 [border: (1px inset #808080)] [r=0 c=6 rs=1 cs=1]
              RenderText {#text} at (2,2) size 18x21
                text run at (2,2) width 18: "h6"
            RenderTableCell {TD} at (261,2) size 35x25 [border: (1px inset #808080)] [r=0 c=7 rs=1 cs=1]
              RenderText {#text} at (2,2) size 18x21
                text run at (2,2) width 18: "h7"
        RenderTableSection {TFOOT} at (4,62) size 298x29
          RenderTableRow {TR} at (0,2) size 298x25
            RenderTableCell {TD} at (2,2) size 35x25 [border: (1px inset #808080)] [r=0 c=0 rs=1 cs=1]
              RenderText {#text} at (2,2) size 13x21
                text run at (2,2) width 13: "f0"
            RenderTableCell {TD} at (39,2) size 35x25 [border: (1px inset #808080)] [r=0 c=1 rs=1 cs=1]
              RenderText {#text} at (2,2) size 13x21
                text run at (2,2) width 13: "f1"
            RenderTableCell {TD} at (76,2) size 35x25 [border: (1px inset #808080)] [r=0 c=2 rs=1 cs=1]
              RenderText {#text} at (2,2) size 13x21
                text run at (2,2) width 13: "f2"
            RenderTableCell {TD} at (113,2) size 35x25 [border: (1px inset #808080)] [r=0 c=3 rs=1 cs=1]
              RenderText {#text} at (2,2) size 13x21
                text run at (2,2) width 13: "f3"
            RenderTableCell {TD} at (150,2) size 35x25 [border: (1px inset #808080)] [r=0 c=4 rs=1 cs=1]
              RenderText {#text} at (2,2) size 13x21
                text run at (2,2) width 13: "f4"
            RenderTableCell {TD} at (187,2) size 35x25 [border: (1px inset #808080)] [r=0 c=5 rs=1 cs=1]
              RenderText {#text} at (2,2) size 13x21
                text run at (2,2) width 13: "f5"
            RenderTableCell {TD} at (224,2) size 35x25 [border: (1px inset #808080)] [r=0 c=6 rs=1 cs=1]
              RenderText {#text} at (2,2) size 13x21
                text run at (2,2) width 13: "f6"
            RenderTableCell {TD} at (261,2) size 35x25 [border: (1px inset #808080)] [r=0 c=7 rs=1 cs=1]
              RenderText {#text} at (2,2) size 13x21
                text run at (2,2) width 13: "f7"
        RenderTableSection {TBODY} at (4,33) size 298x29
          RenderTableRow {TR} at (0,2) size 298x25
            RenderTableCell {TD} at (2,2) size 35x25 [border: (1px inset #808080)] [r=0 c=0 rs=1 cs=1]
              RenderText {#text} at (2,2) size 31x21
                text run at (2,2) width 31: "r0c0"
            RenderTableCell {TD} at (39,2) size 35x25 [border: (1px inset #808080)] [r=0 c=1 rs=1 cs=1]
              RenderText {#text} at (2,2) size 31x21
                text run at (2,2) width 31: "r0c1"
            RenderTableCell {TD} at (76,2) size 35x25 [border: (1px inset #808080)] [r=0 c=2 rs=1 cs=1]
              RenderText {#text} at (2,2) size 31x21
                text run at (2,2) width 31: "r0c2"
            RenderTableCell {TD} at (113,2) size 35x25 [border: (1px inset #808080)] [r=0 c=3 rs=1 cs=1]
              RenderText {#text} at (2,2) size 31x21
                text run at (2,2) width 31: "r0c3"
            RenderTableCell {TD} at (150,2) size 35x25 [border: (1px inset #808080)] [r=0 c=4 rs=1 cs=1]
              RenderText {#text} at (2,2) size 31x21
                text run at (2,2) width 31: "r0c4"
            RenderTableCell {TD} at (187,2) size 35x25 [border: (1px inset #808080)] [r=0 c=5 rs=1 cs=1]
              RenderText {#text} at (2,2) size 31x21
                text run at (2,2) width 31: "r0c5"
            RenderTableCell {TD} at (224,2) size 35x25 [border: (1px inset #808080)] [r=0 c=6 rs=1 cs=1]
              RenderText {#text} at (2,2) size 31x21
                text run at (2,2) width 31: "r0c6"
            RenderTableCell {TD} at (261,2) size 35x25 [border: (1px inset #808080)] [r=0 c=7 rs=1 cs=1]
              RenderText {#text} at (2,2) size 31x21
                text run at (2,2) width 31: "r0c7"
