layer at (0,0) size 800x600
  RenderView at (0,0) size 800x600
layer at (0,0) size 800x600
  RenderBlock {HTML} at (0,0) size 800x600
    RenderBody {BODY} at (8,8) size 784x584
      RenderTable {TABLE} at (0,0) size 110x50 [border: (3px outset #808080)]
        RenderTableSection {TBODY} at (3,3) size 104x44
          RenderTableRow {TR} at (0,0) size 104x44
            RenderTableCell {TD} at (0,0) size 104x44 [border: (1px inset #808080)] [r=0 c=0 rs=1 cs=1]
              RenderBlock (anonymous) at (1,1) size 102x19
                RenderText {#text} at (0,0) size 102x19
                  text run at (0,0) width 102: "Family Essentials"
              RenderTable {TABLE} at (1,20) size 24x23 [border: (1px outset #808080)]
                RenderTableSection {TBODY} at (1,1) size 22x21
                  RenderTableRow {TR} at (0,0) size 22x21
                    RenderTableCell {TD} at (0,0) size 22x21 [border: (1px inset #808080)] [r=0 c=0 rs=1 cs=1]
                      RenderText {#text} at (1,1) size 20x19
                        text run at (1,1) width 20: "foo"
