layer at (0,0) size 800x600
  RenderView at (0,0) size 800x600
layer at (0,0) size 800x600
  RenderBlock {HTML} at (0,0) size 800x600
    RenderBody {BODY} at (8,8) size 784x584
      RenderBlock {CENTER} at (0,0) size 784x31
        RenderTable {TABLE} at (376,0) size 32x31 [border: (1px outset #808080)]
          RenderTableSection {TBODY} at (1,1) size 30x29
            RenderTableRow {TR} at (0,2) size 30x25
              RenderTableCell {TD} at (2,2) size 26x25 [border: (1px inset #808080)] [r=0 c=0 rs=1 cs=1]
                RenderText {#text} at (2,2) size 22x21
                  text run at (2,2) width 22: "foo"
