layer at (0,0) size 784x1449
  RenderView at (0,0) size 784x600
layer at (0,0) size 784x1449
  RenderBlock {HTML} at (0,0) size 784x1449
    RenderBody {BODY} at (8,8) size 768x1433
      RenderBlock {P} at (0,0) size 768x21
        RenderText {#text} at (0,0) size 166x21
          text run at (0,0) width 166: "IFRAME inside TFOOT"
      RenderTable {TABLE} at (0,37) size 768x430 [border: (1px outset #808080)]
        RenderTableSection {THEAD} at (1,1) size 766x110
          RenderTableRow {TR} at (0,2) size 766x106
            RenderTableCell {TD} at (2,32) size 40x46 [border: (1px inset #808080)] [r=0 c=0 rs=1 cs=1]
              RenderText {#text} at (2,2) size 29x42
                text run at (2,2) width 11: "A"
                text run at (2,23) width 29: "Cell"
            RenderTableCell {TD} at (44,2) size 677x106 [border: (1px inset #808080)] [r=0 c=1 rs=1 cs=1]
              RenderInline {SPAN} at (0,0) size 652x102
                RenderText {#text} at (2,2) size 652x102
                  text run at (2,2) width 652: "THEAD blah blah blah blah blah blah"
                  text run at (2,53) width 136: "THEAD"
              RenderText {#text} at (0,0) size 0x0
            RenderTableCell {TD} at (723,32) size 41x46 [border: (1px inset #808080)] [r=0 c=2 rs=1 cs=1]
              RenderText {#text} at (2,2) size 29x42
                text run at (2,2) width 11: "A"
                text run at (2,23) width 29: "Cell"
        RenderTableSection {TFOOT} at (1,221) size 766x208
          RenderTableRow {TR} at (0,2) size 766x204
            RenderTableCell {TD} at (2,81) size 40x46 [border: (1px inset #808080)] [r=0 c=0 rs=1 cs=1]
              RenderText {#text} at (2,2) size 29x42
                text run at (2,2) width 11: "A"
                text run at (2,23) width 29: "Cell"
            RenderTableCell {TD} at (44,2) size 677x204 [border: (1px inset #808080)] [r=0 c=1 rs=1 cs=1]
              RenderPartObject {IFRAME} at (12,12) size 155x180 [border: (5px solid #FF0000)]
                layer at (0,0) size 125x150
                  RenderView at (0,0) size 125x150
                layer at (0,0) size 125x150
                  RenderBlock {HTML} at (0,0) size 125x150
                    RenderBody {BODY} at (8,8) size 109x134
              RenderText {#text} at (0,0) size 0x0
            RenderTableCell {TD} at (723,81) size 41x46 [border: (1px inset #808080)] [r=0 c=2 rs=1 cs=1]
              RenderText {#text} at (2,2) size 29x42
                text run at (2,2) width 11: "A"
                text run at (2,23) width 29: "Cell"
        RenderTableSection {TBODY} at (1,111) size 766x110
          RenderTableRow {TR} at (0,2) size 766x106
            RenderTableCell {TD} at (2,32) size 40x46 [border: (1px inset #808080)] [r=0 c=0 rs=1 cs=1]
              RenderText {#text} at (2,2) size 29x42
                text run at (2,2) width 11: "A"
                text run at (2,23) width 29: "Cell"
            RenderTableCell {TD} at (44,2) size 677x106 [border: (1px inset #808080)] [r=0 c=1 rs=1 cs=1]
              RenderInline {SPAN} at (0,0) size 654x102
                RenderText {#text} at (2,2) size 654x102
                  text run at (2,2) width 654: "TBODY blah blah blah blah blah blah"
                  text run at (2,53) width 138: "TBODY"
              RenderText {#text} at (0,0) size 0x0
            RenderTableCell {TD} at (723,32) size 41x46 [border: (1px inset #808080)] [r=0 c=2 rs=1 cs=1]
              RenderText {#text} at (2,2) size 29x42
                text run at (2,2) width 11: "A"
                text run at (2,23) width 29: "Cell"
      RenderBlock {P} at (0,483) size 768x21
        RenderText {#text} at (0,0) size 168x21
          text run at (0,0) width 168: "IFRAME inside TBODY"
      RenderTable {TABLE} at (0,520) size 768x430 [border: (1px outset #808080)]
        RenderTableSection {THEAD} at (1,1) size 766x110
          RenderTableRow {TR} at (0,2) size 766x106
            RenderTableCell {TD} at (2,32) size 40x46 [border: (1px inset #808080)] [r=0 c=0 rs=1 cs=1]
              RenderText {#text} at (2,2) size 29x42
                text run at (2,2) width 11: "A"
                text run at (2,23) width 29: "Cell"
            RenderTableCell {TD} at (44,2) size 677x106 [border: (1px inset #808080)] [r=0 c=1 rs=1 cs=1]
              RenderInline {SPAN} at (0,0) size 652x102
                RenderText {#text} at (2,2) size 652x102
                  text run at (2,2) width 652: "THEAD blah blah blah blah blah blah"
                  text run at (2,53) width 136: "THEAD"
              RenderText {#text} at (0,0) size 0x0
            RenderTableCell {TD} at (723,32) size 41x46 [border: (1px inset #808080)] [r=0 c=2 rs=1 cs=1]
              RenderText {#text} at (2,2) size 29x42
                text run at (2,2) width 11: "A"
                text run at (2,23) width 29: "Cell"
        RenderTableSection {TFOOT} at (1,319) size 766x110
          RenderTableRow {TR} at (0,2) size 766x106
            RenderTableCell {TD} at (2,32) size 40x46 [border: (1px inset #808080)] [r=0 c=0 rs=1 cs=1]
              RenderText {#text} at (2,2) size 29x42
                text run at (2,2) width 11: "A"
                text run at (2,23) width 29: "Cell"
            RenderTableCell {TD} at (44,2) size 677x106 [border: (1px inset #808080)] [r=0 c=1 rs=1 cs=1]
              RenderInline {SPAN} at (0,0) size 650x102
                RenderText {#text} at (2,2) size 650x102
                  text run at (2,2) width 650: "TFOOT blah blah blah blah blah blah"
                  text run at (2,53) width 134: "TFOOT"
              RenderText {#text} at (0,0) size 0x0
            RenderTableCell {TD} at (723,32) size 41x46 [border: (1px inset #808080)] [r=0 c=2 rs=1 cs=1]
              RenderText {#text} at (2,2) size 29x42
                text run at (2,2) width 11: "A"
                text run at (2,23) width 29: "Cell"
        RenderTableSection {TBODY} at (1,111) size 766x208
          RenderTableRow {TR} at (0,2) size 766x204
            RenderTableCell {TD} at (2,81) size 40x46 [border: (1px inset #808080)] [r=0 c=0 rs=1 cs=1]
              RenderText {#text} at (2,2) size 29x42
                text run at (2,2) width 11: "A"
                text run at (2,23) width 29: "Cell"
            RenderTableCell {TD} at (44,2) size 677x204 [border: (1px inset #808080)] [r=0 c=1 rs=1 cs=1]
              RenderPartObject {IFRAME} at (12,12) size 155x180 [border: (5px solid #FF0000)]
                layer at (0,0) size 125x150
                  RenderView at (0,0) size 125x150
                layer at (0,0) size 125x150
                  RenderBlock {HTML} at (0,0) size 125x150
                    RenderBody {BODY} at (8,8) size 109x134
              RenderText {#text} at (0,0) size 0x0
            RenderTableCell {TD} at (723,81) size 41x46 [border: (1px inset #808080)] [r=0 c=2 rs=1 cs=1]
              RenderText {#text} at (2,2) size 29x42
                text run at (2,2) width 11: "A"
                text run at (2,23) width 29: "Cell"
      RenderBlock {P} at (0,966) size 768x21
        RenderText {#text} at (0,0) size 168x21
          text run at (0,0) width 168: "IFRAME inside THEAD"
      RenderTable {TABLE} at (0,1003) size 768x430 [border: (1px outset #808080)]
        RenderTableSection {THEAD} at (1,1) size 766x208
          RenderTableRow {TR} at (0,2) size 766x204
            RenderTableCell {TD} at (2,81) size 40x46 [border: (1px inset #808080)] [r=0 c=0 rs=1 cs=1]
              RenderText {#text} at (2,2) size 29x42
                text run at (2,2) width 11: "A"
                text run at (2,23) width 29: "Cell"
            RenderTableCell {TD} at (44,2) size 677x204 [border: (1px inset #808080)] [r=0 c=1 rs=1 cs=1]
              RenderPartObject {IFRAME} at (12,12) size 155x180 [border: (5px solid #FF0000)]
                layer at (0,0) size 125x150
                  RenderView at (0,0) size 125x150
                layer at (0,0) size 125x150
                  RenderBlock {HTML} at (0,0) size 125x150
                    RenderBody {BODY} at (8,8) size 109x134
              RenderText {#text} at (0,0) size 0x0
            RenderTableCell {TD} at (723,81) size 41x46 [border: (1px inset #808080)] [r=0 c=2 rs=1 cs=1]
              RenderText {#text} at (2,2) size 29x42
                text run at (2,2) width 11: "A"
                text run at (2,23) width 29: "Cell"
        RenderTableSection {TFOOT} at (1,319) size 766x110
          RenderTableRow {TR} at (0,2) size 766x106
            RenderTableCell {TD} at (2,32) size 40x46 [border: (1px inset #808080)] [r=0 c=0 rs=1 cs=1]
              RenderText {#text} at (2,2) size 29x42
                text run at (2,2) width 11: "A"
                text run at (2,23) width 29: "Cell"
            RenderTableCell {TD} at (44,2) size 677x106 [border: (1px inset #808080)] [r=0 c=1 rs=1 cs=1]
              RenderInline {SPAN} at (0,0) size 650x102
                RenderText {#text} at (2,2) size 650x102
                  text run at (2,2) width 650: "TFOOT blah blah blah blah blah blah"
                  text run at (2,53) width 134: "TFOOT"
              RenderText {#text} at (0,0) size 0x0
            RenderTableCell {TD} at (723,32) size 41x46 [border: (1px inset #808080)] [r=0 c=2 rs=1 cs=1]
              RenderText {#text} at (2,2) size 29x42
                text run at (2,2) width 11: "A"
                text run at (2,23) width 29: "Cell"
        RenderTableSection {TBODY} at (1,209) size 766x110
          RenderTableRow {TR} at (0,2) size 766x106
            RenderTableCell {TD} at (2,32) size 40x46 [border: (1px inset #808080)] [r=0 c=0 rs=1 cs=1]
              RenderText {#text} at (2,2) size 29x42
                text run at (2,2) width 11: "A"
                text run at (2,23) width 29: "Cell"
            RenderTableCell {TD} at (44,2) size 677x106 [border: (1px inset #808080)] [r=0 c=1 rs=1 cs=1]
              RenderInline {SPAN} at (0,0) size 654x102
                RenderText {#text} at (2,2) size 654x102
                  text run at (2,2) width 654: "TBODY blah blah blah blah blah blah"
                  text run at (2,53) width 138: "TBODY"
              RenderText {#text} at (0,0) size 0x0
            RenderTableCell {TD} at (723,32) size 41x46 [border: (1px inset #808080)] [r=0 c=2 rs=1 cs=1]
              RenderText {#text} at (2,2) size 29x42
                text run at (2,2) width 11: "A"
                text run at (2,23) width 29: "Cell"
