layer at (0,0) size 800x600
  RenderView at (0,0) size 800x600
layer at (0,0) size 800x600
  RenderBlock {HTML} at (0,0) size 800x600
    RenderBody {BODY} at (8,8) size 784x584
      RenderTable {TABLE} at (0,0) size 627x52
        RenderTableSection {TBODY} at (0,0) size 627x52
          RenderTableRow {TR} at (0,2) size 627x48
            RenderTableCell {TD} at (2,12) size 204x27 [border: (2px solid #FF0000)] [r=0 c=0 rs=1 cs=1]
              RenderText {#text} at (3,3) size 139x21
                text run at (3,3) width 139: "Cell 1 (width=33%)."
            RenderTableCell {TD} at (208,2) size 417x48 [border: (2px solid #0000FF)] [r=0 c=1 rs=1 cs=1]
              RenderText {#text} at (3,3) size 386x42
                text run at (3,3) width 386: "Cell 3 (width=*) - should be 67% when cell 2 is hidden,"
                text run at (3,24) width 187: "33% when cell 2 is visible."
