layer at (0,0) size 800x600
  RenderView at (0,0) size 800x600
layer at (0,0) size 800x600
  RenderBlock {HTML} at (0,0) size 800x600
    RenderBody {BODY} at (8,8) size 784x584
      RenderTable {TABLE} at (0,0) size 185x31 [border: (1px outset #808080)]
        RenderTableSection {TBODY} at (1,1) size 183x29
          RenderTableRow {TR} at (0,2) size 183x25
            RenderTableCell {TD} at (2,2) size 64x25 [border: (1px inset #808080)] [r=0 c=0 rs=1 cs=1]
              RenderText {#text} at (2,2) size 60x21
                text run at (2,2) width 60: "Left side"
            RenderTableCell {TD} at (68,2) size 35x25 [border: (1px inset #808080)] [r=0 c=1 rs=1 cs=1]
              RenderText {#text} at (2,2) size 26x21
                text run at (2,2) width 26: "Mid"
            RenderTableCell {TD} at (105,2) size 76x25 [border: (1px inset #808080)] [r=0 c=2 rs=1 cs=1]
              RenderText {#text} at (2,2) size 72x21
                text run at (2,2) width 72: "Right side"
      RenderTable {TABLE} at (0,31) size 185x58 [border: (1px outset #808080)]
        RenderTableSection {TBODY} at (1,1) size 183x56
          RenderTableRow {TR} at (0,2) size 183x25
            RenderTableCell {TD} at (2,2) size 64x25 [border: (1px inset #808080)] [r=0 c=0 rs=1 cs=1]
              RenderText {#text} at (2,2) size 60x21
                text run at (2,2) width 60: "Left side"
            RenderTableCell {TD} at (68,2) size 35x25 [border: (1px inset #808080)] [r=0 c=1 rs=1 cs=1]
              RenderText {#text} at (2,2) size 26x21
                text run at (2,2) width 26: "Mid"
            RenderTableCell {TD} at (105,2) size 76x25 [border: (1px inset #808080)] [r=0 c=2 rs=1 cs=1]
              RenderText {#text} at (2,2) size 72x21
                text run at (2,2) width 72: "Right side"
          RenderTableRow {TR} at (0,29) size 183x25
            RenderTableCell {TD} at (2,29) size 64x25 [border: (1px inset #808080)] [r=1 c=0 rs=1 cs=1]
              RenderText {#text} at (2,2) size 60x21
                text run at (2,2) width 60: "Left side"
            RenderTableCell {TD} at (68,29) size 35x25 [border: (1px inset #808080)] [r=1 c=1 rs=1 cs=1]
              RenderText {#text} at (2,2) size 26x21
                text run at (2,2) width 26: "Mid"
            RenderTableCell {TD} at (105,29) size 76x25 [border: (1px inset #808080)] [r=1 c=2 rs=1 cs=1]
              RenderText {#text} at (2,2) size 72x21
                text run at (2,2) width 72: "Right side"
