layer at (0,0) size 800x600
  RenderView at (0,0) size 800x600
layer at (0,0) size 800x600
  RenderBlock {HTML} at (0,0) size 800x600
    RenderBody {BODY} at (8,8) size 784x584
      RenderTable {TABLE} at (0,0) size 300x31 [border: (1px outset #808080)]
        RenderTableSection {TBODY} at (1,1) size 298x29
          RenderTableRow {TR} at (0,2) size 298x25
            RenderTableCell {TD} at (2,2) size 143x25 [border: (1px inset #808080)] [r=0 c=0 rs=1 cs=1]
              RenderText {#text} at (56,2) size 31x21
                text run at (56,2) width 31: "One"
            RenderTableCell {TD} at (147,2) size 149x25 [border: (1px inset #808080)] [r=0 c=1 rs=1 cs=1]
              RenderText {#text} at (59,2) size 31x21
                text run at (59,2) width 31: "Two"
      RenderTable {TABLE} at (0,31) size 300x31 [border: (1px outset #808080)]
        RenderTableSection {TBODY} at (1,1) size 298x29
          RenderTableRow {TR} at (0,2) size 298x25
            RenderTableCell {TD} at (2,2) size 143x25 [border: (1px inset #808080)] [r=0 c=0 rs=1 cs=1]
              RenderText {#text} at (111,2) size 30x21
                text run at (111,2) width 30: "One"
            RenderTableCell {TD} at (147,2) size 149x25 [border: (1px inset #808080)] [r=0 c=1 rs=1 cs=1]
              RenderText {#text} at (116,2) size 31x21
                text run at (116,2) width 31: "Two"
      RenderTable {TABLE} at (0,62) size 377x58 [border: (1px outset #808080)]
        RenderTableSection {TBODY} at (1,1) size 375x56
          RenderTableRow {TR} at (0,2) size 375x25
            RenderTableCell {TD} at (2,2) size 184x25 [border: (1px inset #808080)] [r=0 c=0 rs=1 cs=1]
              RenderText {#text} at (77,2) size 30x21
                text run at (77,2) width 30: "One"
            RenderTableCell {TD} at (188,2) size 185x25 [border: (1px inset #808080)] [r=0 c=1 rs=1 cs=1]
              RenderText {#text} at (77,2) size 31x21
                text run at (77,2) width 31: "Two"
          RenderTableRow {TR} at (0,29) size 375x25
            RenderTableCell {TD} at (2,29) size 184x25 [border: (1px inset #808080)] [r=1 c=0 rs=1 cs=1]
              RenderText {#text} at (2,2) size 180x21
                text run at (2,2) width 180: "----------Long One------------"
            RenderTableCell {TD} at (188,29) size 185x25 [border: (1px inset #808080)] [r=1 c=1 rs=1 cs=1]
              RenderText {#text} at (2,2) size 181x21
                text run at (2,2) width 181: "----------Long Two------------"
      RenderTable {TABLE} at (0,120) size 784x31 [border: (1px outset #808080)]
        RenderTableSection {TBODY} at (1,1) size 782x29
          RenderTableRow {TR} at (0,2) size 782x25
            RenderTableCell {TD} at (2,2) size 382x25 [border: (1px inset #808080)] [r=0 c=0 rs=1 cs=1]
              RenderText {#text} at (176,2) size 30x21
                text run at (176,2) width 30: "One"
            RenderTableCell {TD} at (386,2) size 394x25 [border: (1px inset #808080)] [r=0 c=1 rs=1 cs=1]
              RenderText {#text} at (181,2) size 32x21
                text run at (181,2) width 32: "Two"
