layer at (0,0) size 800x600
  RenderView at (0,0) size 800x600
layer at (0,0) size 800x600
  RenderBlock {HTML} at (0,0) size 800x600
    RenderBody {BODY} at (8,8) size 784x584
      RenderTable {TABLE} at (0,0) size 627x52 [border: (1px outset #808080)]
        RenderTableSection {TBODY} at (1,1) size 625x50
          RenderTableRow {TR} at (0,2) size 625x46
            RenderTableCell {TD} at (2,2) size 621x46 [border: (1px inset #808080)] [r=0 c=0 rs=1 cs=2]
              RenderText {#text} at (2,2) size 609x42
                text run at (2,2) width 486: "This is some text, this is some text, this is some text, this is some text "
                text run at (488,2) width 123: "This is some text,"
                text run at (2,23) width 355: "this is some text, this is some text, this is some text"
