layer at (0,0) size 800x600
  RenderView at (0,0) size 800x600
layer at (0,0) size 800x242
  RenderBlock {HTML} at (0,0) size 800x242
    RenderBody {BODY} at (8,8) size 784x226
      RenderTable {TABLE} at (0,0) size 700x58 [border: (1px outset #808080)]
        RenderTableSection {TBODY} at (1,1) size 698x56
          RenderTableRow {TR} at (0,2) size 698x25
            RenderTableCell {TD} at (2,2) size 694x25 [border: (1px inset #808080)] [r=0 c=0 rs=1 cs=3]
              RenderText {#text} at (2,2) size 651x21
                text run at (2,2) width 651: "lots of text goes here even more and more and more and more and more and more and more"
          RenderTableRow {TR} at (0,29) size 698x25
            RenderTableCell {TD} at (2,29) size 682x25 [border: (1px inset #808080)] [r=1 c=0 rs=1 cs=2]
              RenderText {#text} at (2,2) size 589x21
                text run at (2,2) width 589: "aaaaaaaaaaaa bbbbbbbbbbbbbbb cccccccccccccccccccccccccc dddddddddddddd"
            RenderTableCell {TD} at (686,29) size 10x25 [border: (1px inset #808080)] [r=1 c=2 rs=1 cs=1]
              RenderText {#text} at (2,2) size 4x21
                text run at (2,2) width 4: " "
      RenderBlock {P} at (0,74) size 784x0
      RenderTable {TABLE} at (0,74) size 700x58 [border: (1px outset #808080)]
        RenderTableSection {TBODY} at (1,1) size 698x56
          RenderTableRow {TR} at (0,2) size 698x25
            RenderTableCell {TD} at (2,2) size 694x25 [border: (1px inset #808080)] [r=0 c=0 rs=1 cs=3]
              RenderText {#text} at (2,2) size 211x21
                text run at (2,2) width 211: "lots of text goes here even mo"
          RenderTableRow {TR} at (0,29) size 698x25
            RenderTableCell {TD} at (2,29) size 682x25 [border: (1px inset #808080)] [r=1 c=0 rs=1 cs=2]
              RenderText {#text} at (2,2) size 589x21
                text run at (2,2) width 589: "aaaaaaaaaaaa bbbbbbbbbbbbbbb cccccccccccccccccccccccccc dddddddddddddd"
            RenderTableCell {TD} at (686,29) size 10x25 [border: (1px inset #808080)] [r=1 c=2 rs=1 cs=1]
              RenderText {#text} at (2,2) size 4x21
                text run at (2,2) width 4: " "
      RenderBlock {P} at (0,148) size 784x0
      RenderTable {TABLE} at (0,148) size 700x58 [border: (1px outset #808080)]
        RenderTableSection {TBODY} at (1,1) size 698x56
          RenderTableRow {TR} at (0,2) size 698x25
            RenderTableCell {TD} at (2,2) size 694x25 [border: (1px inset #808080)] [r=0 c=0 rs=1 cs=3]
              RenderText {#text} at (2,2) size 202x21
                text run at (2,2) width 202: "lots of text goes here even m"
          RenderTableRow {TR} at (0,29) size 698x25
            RenderTableCell {TD} at (2,29) size 682x25 [border: (1px inset #808080)] [r=1 c=0 rs=1 cs=2]
              RenderText {#text} at (2,2) size 589x21
                text run at (2,2) width 589: "aaaaaaaaaaaa bbbbbbbbbbbbbbb cccccccccccccccccccccccccc dddddddddddddd"
            RenderTableCell {TD} at (686,29) size 10x25 [border: (1px inset #808080)] [r=1 c=2 rs=1 cs=1]
              RenderText {#text} at (2,2) size 4x21
                text run at (2,2) width 4: " "
      RenderBlock {HR} at (0,214) size 182x2 [border: (1px inset #000000)]
      RenderBlock {HR} at (0,224) size 520x2 [border: (1px inset #000000)]
