layer at (0,0) size 800x600
  RenderView at (0,0) size 800x600
layer at (0,0) size 800x600
  RenderBlock {HTML} at (0,0) size 800x600
    RenderBody {BODY} at (8,8) size 784x584 [bgcolor=#FFFFFF]
      RenderBlock {P} at (0,0) size 784x21
        RenderText {#text} at (0,0) size 157x21
          text run at (0,0) width 157: "A 101 pixel wide table"
      RenderTable {TABLE} at (0,37) size 101x45
        RenderTableSection {TBODY} at (0,0) size 101x45
          RenderTableRow {TR} at (0,1) size 101x21
            RenderTableCell {TD} at (1,1) size 24x21 [bgcolor=#000000] [r=0 c=0 rs=1 cs=1]
              RenderText {#text} at (0,0) size 4x21
                text run at (0,0) width 4: " "
            RenderTableCell {TD} at (26,1) size 24x21 [bgcolor=#000000] [r=0 c=1 rs=1 cs=1]
              RenderText {#text} at (0,0) size 4x21
                text run at (0,0) width 4: " "
            RenderTableCell {TD} at (51,1) size 24x21 [bgcolor=#000000] [r=0 c=2 rs=1 cs=1]
              RenderText {#text} at (0,0) size 4x21
                text run at (0,0) width 4: " "
            RenderTableCell {TD} at (76,1) size 24x21 [bgcolor=#000000] [r=0 c=3 rs=1 cs=1]
              RenderText {#text} at (0,0) size 4x21
                text run at (0,0) width 4: " "
          RenderTableRow {TR} at (0,23) size 101x21
            RenderTableCell {TD} at (1,23) size 49x21 [bgcolor=#000000] [r=1 c=0 rs=1 cs=2]
              RenderText {#text} at (0,0) size 4x21
                text run at (0,0) width 4: " "
            RenderTableCell {TD} at (51,23) size 49x21 [bgcolor=#000000] [r=1 c=2 rs=1 cs=2]
              RenderText {#text} at (0,0) size 4x21
                text run at (0,0) width 4: " "
      RenderBlock {P} at (0,98) size 784x21
        RenderText {#text} at (0,0) size 157x21
          text run at (0,0) width 157: "A 102 pixel wide table"
      RenderTable {TABLE} at (0,135) size 102x45
        RenderTableSection {TBODY} at (0,0) size 102x45
          RenderTableRow {TR} at (0,1) size 102x21
            RenderTableCell {TD} at (1,1) size 25x21 [bgcolor=#000000] [r=0 c=0 rs=1 cs=1]
              RenderText {#text} at (0,0) size 4x21
                text run at (0,0) width 4: " "
            RenderTableCell {TD} at (27,1) size 24x21 [bgcolor=#000000] [r=0 c=1 rs=1 cs=1]
              RenderText {#text} at (0,0) size 4x21
                text run at (0,0) width 4: " "
            RenderTableCell {TD} at (52,1) size 24x21 [bgcolor=#000000] [r=0 c=2 rs=1 cs=1]
              RenderText {#text} at (0,0) size 4x21
                text run at (0,0) width 4: " "
            RenderTableCell {TD} at (77,1) size 24x21 [bgcolor=#000000] [r=0 c=3 rs=1 cs=1]
              RenderText {#text} at (0,0) size 4x21
                text run at (0,0) width 4: " "
          RenderTableRow {TR} at (0,23) size 102x21
            RenderTableCell {TD} at (1,23) size 50x21 [bgcolor=#000000] [r=1 c=0 rs=1 cs=2]
              RenderText {#text} at (0,0) size 4x21
                text run at (0,0) width 4: " "
            RenderTableCell {TD} at (52,23) size 49x21 [bgcolor=#000000] [r=1 c=2 rs=1 cs=2]
              RenderText {#text} at (0,0) size 4x21
                text run at (0,0) width 4: " "
      RenderBlock {P} at (0,196) size 784x21
        RenderText {#text} at (0,0) size 157x21
          text run at (0,0) width 157: "A 103 pixel wide table"
      RenderTable {TABLE} at (0,233) size 103x45
        RenderTableSection {TBODY} at (0,0) size 103x45
          RenderTableRow {TR} at (0,1) size 103x21
            RenderTableCell {TD} at (1,1) size 25x21 [bgcolor=#000000] [r=0 c=0 rs=1 cs=1]
              RenderText {#text} at (0,0) size 4x21
                text run at (0,0) width 4: " "
            RenderTableCell {TD} at (27,1) size 25x21 [bgcolor=#000000] [r=0 c=1 rs=1 cs=1]
              RenderText {#text} at (0,0) size 4x21
                text run at (0,0) width 4: " "
            RenderTableCell {TD} at (53,1) size 24x21 [bgcolor=#000000] [r=0 c=2 rs=1 cs=1]
              RenderText {#text} at (0,0) size 4x21
                text run at (0,0) width 4: " "
            RenderTableCell {TD} at (78,1) size 24x21 [bgcolor=#000000] [r=0 c=3 rs=1 cs=1]
              RenderText {#text} at (0,0) size 4x21
                text run at (0,0) width 4: " "
          RenderTableRow {TR} at (0,23) size 103x21
            RenderTableCell {TD} at (1,23) size 51x21 [bgcolor=#000000] [r=1 c=0 rs=1 cs=2]
              RenderText {#text} at (0,0) size 4x21
                text run at (0,0) width 4: " "
            RenderTableCell {TD} at (53,23) size 49x21 [bgcolor=#000000] [r=1 c=2 rs=1 cs=2]
              RenderText {#text} at (0,0) size 4x21
                text run at (0,0) width 4: " "
      RenderBlock {P} at (0,294) size 784x21
        RenderText {#text} at (0,0) size 157x21
          text run at (0,0) width 157: "A 104 pixel wide table"
      RenderTable {TABLE} at (0,331) size 104x45
        RenderTableSection {TBODY} at (0,0) size 104x45
          RenderTableRow {TR} at (0,1) size 104x21
            RenderTableCell {TD} at (1,1) size 25x21 [bgcolor=#000000] [r=0 c=0 rs=1 cs=1]
              RenderText {#text} at (0,0) size 4x21
                text run at (0,0) width 4: " "
            RenderTableCell {TD} at (27,1) size 25x21 [bgcolor=#000000] [r=0 c=1 rs=1 cs=1]
              RenderText {#text} at (0,0) size 4x21
                text run at (0,0) width 4: " "
            RenderTableCell {TD} at (53,1) size 25x21 [bgcolor=#000000] [r=0 c=2 rs=1 cs=1]
              RenderText {#text} at (0,0) size 4x21
                text run at (0,0) width 4: " "
            RenderTableCell {TD} at (79,1) size 24x21 [bgcolor=#000000] [r=0 c=3 rs=1 cs=1]
              RenderText {#text} at (0,0) size 4x21
                text run at (0,0) width 4: " "
          RenderTableRow {TR} at (0,23) size 104x21
            RenderTableCell {TD} at (1,23) size 51x21 [bgcolor=#000000] [r=1 c=0 rs=1 cs=2]
              RenderText {#text} at (0,0) size 4x21
                text run at (0,0) width 4: " "
            RenderTableCell {TD} at (53,23) size 50x21 [bgcolor=#000000] [r=1 c=2 rs=1 cs=2]
              RenderText {#text} at (0,0) size 4x21
                text run at (0,0) width 4: " "
