layer at (0,0) size 800x600
  RenderView at (0,0) size 800x600
layer at (0,0) size 800x600
  RenderBlock {HTML} at (0,0) size 800x600
    RenderBody {BODY} at (8,8) size 784x584
      RenderTable {TABLE} at (0,0) size 784x94 [bgcolor=#993300] [border: (1px outset #808080)]
        RenderTableSection {TBODY} at (1,1) size 782x92
          RenderTableRow {TR} at (0,2) size 782x88
            RenderTableCell {TD} at (2,2) size 56x88 [border: (1px inset #808080)] [r=0 c=0 rs=1 cs=1]
              RenderText {#text} at (2,2) size 52x84
                text run at (2,2) width 47: "This is"
                text run at (2,23) width 9: "a"
                text run at (2,44) width 52: "sample"
                text run at (2,65) width 29: "cell."
            RenderTableCell {TD} at (60,33) size 720x25 [border: (1px inset #808080)] [r=0 c=1 rs=1 cs=1]
              RenderText {#text} at (2,2) size 4x21
                text run at (2,2) width 4: " "
