layer at (0,0) size 800x600
  RenderView at (0,0) size 800x600
layer at (0,0) size 800x144
  RenderBlock {HTML} at (0,0) size 800x144
    RenderBody {BODY} at (8,8) size 784x0 [bgcolor=#FFFFFF]
      RenderTable {TABLE} at (0,0) size 92x136
        RenderBlock {CAPTION} at (0,0) size 92x21
          RenderText {#text} at (0,0) size 92x21
            text run at (0,0) width 92: "height=\"105\""
        RenderTableSection {TBODY} at (0,21) size 92x115
          RenderTableRow {TR} at (0,0) size 92x23
            RenderTableCell {TD} at (0,0) size 92x23 [r=0 c=0 rs=1 cs=1]
              RenderText {#text} at (1,1) size 68x21
                text run at (1,1) width 68: "Entry #01"
          RenderTableRow {TR} at (0,23) size 92x23
            RenderTableCell {TD} at (0,23) size 92x23 [r=1 c=0 rs=1 cs=1]
              RenderText {#text} at (1,1) size 68x21
                text run at (1,1) width 68: "Entry #02"
          RenderTableRow {TR} at (0,46) size 92x23
            RenderTableCell {TD} at (0,46) size 92x23 [r=2 c=0 rs=1 cs=1]
              RenderText {#text} at (1,1) size 68x21
                text run at (1,1) width 68: "Entry #03"
          RenderTableRow {TR} at (0,69) size 92x23
            RenderTableCell {TD} at (0,69) size 92x23 [r=3 c=0 rs=1 cs=1]
              RenderText {#text} at (1,1) size 68x21
                text run at (1,1) width 68: "Entry #04"
          RenderTableRow {TR} at (0,92) size 92x23
            RenderTableCell {TD} at (0,92) size 92x23 [r=4 c=0 rs=1 cs=1]
              RenderText {#text} at (1,1) size 68x21
                text run at (1,1) width 68: "Entry #05"
      RenderTable {TABLE} at (92,0) size 92x136
        RenderBlock {CAPTION} at (0,0) size 92x21
          RenderText {#text} at (0,0) size 92x21
            text run at (0,0) width 92: "height=\"106\""
        RenderTableSection {TBODY} at (0,21) size 92x115
          RenderTableRow {TR} at (0,0) size 92x23
            RenderTableCell {TD} at (0,0) size 92x23 [r=0 c=0 rs=1 cs=1]
              RenderText {#text} at (1,1) size 68x21
                text run at (1,1) width 68: "Entry #01"
          RenderTableRow {TR} at (0,23) size 92x23
            RenderTableCell {TD} at (0,23) size 92x23 [r=1 c=0 rs=1 cs=1]
              RenderText {#text} at (1,1) size 68x21
                text run at (1,1) width 68: "Entry #02"
          RenderTableRow {TR} at (0,46) size 92x23
            RenderTableCell {TD} at (0,46) size 92x23 [r=2 c=0 rs=1 cs=1]
              RenderText {#text} at (1,1) size 68x21
                text run at (1,1) width 68: "Entry #03"
          RenderTableRow {TR} at (0,69) size 92x23
            RenderTableCell {TD} at (0,69) size 92x23 [r=3 c=0 rs=1 cs=1]
              RenderText {#text} at (1,1) size 68x21
                text run at (1,1) width 68: "Entry #04"
          RenderTableRow {TR} at (0,92) size 92x23
            RenderTableCell {TD} at (0,92) size 92x23 [r=4 c=0 rs=1 cs=1]
              RenderText {#text} at (1,1) size 68x21
                text run at (1,1) width 68: "Entry #05"
      RenderTable {TABLE} at (184,0) size 92x136
        RenderBlock {CAPTION} at (0,0) size 92x21
          RenderText {#text} at (0,0) size 92x21
            text run at (0,0) width 92: "height=\"107\""
        RenderTableSection {TBODY} at (0,21) size 92x115
          RenderTableRow {TR} at (0,0) size 92x23
            RenderTableCell {TD} at (0,0) size 92x23 [r=0 c=0 rs=1 cs=1]
              RenderText {#text} at (1,1) size 68x21
                text run at (1,1) width 68: "Entry #01"
          RenderTableRow {TR} at (0,23) size 92x23
            RenderTableCell {TD} at (0,23) size 92x23 [r=1 c=0 rs=1 cs=1]
              RenderText {#text} at (1,1) size 68x21
                text run at (1,1) width 68: "Entry #02"
          RenderTableRow {TR} at (0,46) size 92x23
            RenderTableCell {TD} at (0,46) size 92x23 [r=2 c=0 rs=1 cs=1]
              RenderText {#text} at (1,1) size 68x21
                text run at (1,1) width 68: "Entry #03"
          RenderTableRow {TR} at (0,69) size 92x23
            RenderTableCell {TD} at (0,69) size 92x23 [r=3 c=0 rs=1 cs=1]
              RenderText {#text} at (1,1) size 68x21
                text run at (1,1) width 68: "Entry #04"
          RenderTableRow {TR} at (0,92) size 92x23
            RenderTableCell {TD} at (0,92) size 92x23 [r=4 c=0 rs=1 cs=1]
              RenderText {#text} at (1,1) size 68x21
                text run at (1,1) width 68: "Entry #05"
      RenderTable {TABLE} at (276,0) size 92x136
        RenderBlock {CAPTION} at (0,0) size 92x21
          RenderText {#text} at (0,0) size 92x21
            text run at (0,0) width 92: "height=\"108\""
        RenderTableSection {TBODY} at (0,21) size 92x115
          RenderTableRow {TR} at (0,0) size 92x23
            RenderTableCell {TD} at (0,0) size 92x23 [r=0 c=0 rs=1 cs=1]
              RenderText {#text} at (1,1) size 68x21
                text run at (1,1) width 68: "Entry #01"
          RenderTableRow {TR} at (0,23) size 92x23
            RenderTableCell {TD} at (0,23) size 92x23 [r=1 c=0 rs=1 cs=1]
              RenderText {#text} at (1,1) size 68x21
                text run at (1,1) width 68: "Entry #02"
          RenderTableRow {TR} at (0,46) size 92x23
            RenderTableCell {TD} at (0,46) size 92x23 [r=2 c=0 rs=1 cs=1]
              RenderText {#text} at (1,1) size 68x21
                text run at (1,1) width 68: "Entry #03"
          RenderTableRow {TR} at (0,69) size 92x23
            RenderTableCell {TD} at (0,69) size 92x23 [r=3 c=0 rs=1 cs=1]
              RenderText {#text} at (1,1) size 68x21
                text run at (1,1) width 68: "Entry #04"
          RenderTableRow {TR} at (0,92) size 92x23
            RenderTableCell {TD} at (0,92) size 92x23 [r=4 c=0 rs=1 cs=1]
              RenderText {#text} at (1,1) size 68x21
                text run at (1,1) width 68: "Entry #05"
      RenderTable {TABLE} at (368,0) size 92x136
        RenderBlock {CAPTION} at (0,0) size 92x21
          RenderText {#text} at (0,0) size 92x21
            text run at (0,0) width 92: "height=\"109\""
        RenderTableSection {TBODY} at (0,21) size 92x115
          RenderTableRow {TR} at (0,0) size 92x23
            RenderTableCell {TD} at (0,0) size 92x23 [r=0 c=0 rs=1 cs=1]
              RenderText {#text} at (1,1) size 68x21
                text run at (1,1) width 68: "Entry #01"
          RenderTableRow {TR} at (0,23) size 92x23
            RenderTableCell {TD} at (0,23) size 92x23 [r=1 c=0 rs=1 cs=1]
              RenderText {#text} at (1,1) size 68x21
                text run at (1,1) width 68: "Entry #02"
          RenderTableRow {TR} at (0,46) size 92x23
            RenderTableCell {TD} at (0,46) size 92x23 [r=2 c=0 rs=1 cs=1]
              RenderText {#text} at (1,1) size 68x21
                text run at (1,1) width 68: "Entry #03"
          RenderTableRow {TR} at (0,69) size 92x23
            RenderTableCell {TD} at (0,69) size 92x23 [r=3 c=0 rs=1 cs=1]
              RenderText {#text} at (1,1) size 68x21
                text run at (1,1) width 68: "Entry #04"
          RenderTableRow {TR} at (0,92) size 92x23
            RenderTableCell {TD} at (0,92) size 92x23 [r=4 c=0 rs=1 cs=1]
              RenderText {#text} at (1,1) size 68x21
                text run at (1,1) width 68: "Entry #05"
      RenderTable {TABLE} at (460,0) size 92x136
        RenderBlock {CAPTION} at (0,0) size 92x21
          RenderText {#text} at (0,0) size 92x21
            text run at (0,0) width 92: "height=\"110\""
        RenderTableSection {TBODY} at (0,21) size 92x115
          RenderTableRow {TR} at (0,0) size 92x23
            RenderTableCell {TD} at (0,0) size 92x23 [r=0 c=0 rs=1 cs=1]
              RenderText {#text} at (1,1) size 68x21
                text run at (1,1) width 68: "Entry #01"
          RenderTableRow {TR} at (0,23) size 92x23
            RenderTableCell {TD} at (0,23) size 92x23 [r=1 c=0 rs=1 cs=1]
              RenderText {#text} at (1,1) size 68x21
                text run at (1,1) width 68: "Entry #02"
          RenderTableRow {TR} at (0,46) size 92x23
            RenderTableCell {TD} at (0,46) size 92x23 [r=2 c=0 rs=1 cs=1]
              RenderText {#text} at (1,1) size 68x21
                text run at (1,1) width 68: "Entry #03"
          RenderTableRow {TR} at (0,69) size 92x23
            RenderTableCell {TD} at (0,69) size 92x23 [r=3 c=0 rs=1 cs=1]
              RenderText {#text} at (1,1) size 68x21
                text run at (1,1) width 68: "Entry #04"
          RenderTableRow {TR} at (0,92) size 92x23
            RenderTableCell {TD} at (0,92) size 92x23 [r=4 c=0 rs=1 cs=1]
              RenderText {#text} at (1,1) size 68x21
                text run at (1,1) width 68: "Entry #05"
