layer at (0,0) size 800x600
  RenderView at (0,0) size 800x600
layer at (0,0) size 800x600
  RenderBlock {HTML} at (0,0) size 800x600
    RenderBody {BODY} at (8,8) size 784x584
      RenderBlock (anonymous) at (0,0) size 784x21
        RenderText {#text} at (0,0) size 255x21
          text run at (0,0) width 255: "table - color, tbodies color, row color"
      RenderTable {TABLE} at (0,21) size 188x357 [bgcolor=#FFA500] [border: (1px outset #808080)]
        RenderTableSection {TBODY} at (41,41) size 106x170 [bgcolor=#FF0000]
          RenderTableRow {TR} at (0,40) size 106x25 [bgcolor=#FFFF00]
            RenderTableCell {TD} at (40,40) size 26x25 [border: (1px inset #808080)] [r=0 c=0 rs=1 cs=1]
              RenderText {#text} at (2,2) size 22x21
                text run at (2,2) width 22: "foo"
          RenderTableRow {TR} at (0,105) size 106x25
            RenderTableCell {TD} at (40,105) size 26x25 [border: (1px inset #808080)] [r=1 c=0 rs=1 cs=1]
              RenderText {#text} at (2,2) size 22x21
                text run at (2,2) width 22: "foo"
        RenderTableSection {TBODY} at (41,211) size 106x105 [bgcolor=#008000]
          RenderTableRow {TR} at (0,40) size 106x25
            RenderTableCell {TD} at (40,40) size 26x25 [border: (1px inset #808080)] [r=0 c=0 rs=1 cs=1]
              RenderText {#text} at (2,2) size 22x21
                text run at (2,2) width 22: "foo"
