layer at (0,0) size 800x600
  RenderView at (0,0) size 800x600
layer at (0,0) size 800x600
  RenderBlock {HTML} at (0,0) size 800x600
    RenderBody {BODY} at (8,8) size 784x584
      RenderTable {TABLE} at (0,0) size 600x446
        RenderTableSection {TBODY} at (0,0) size 600x446
          RenderTableRow {TR} at (0,2) size 600x442
            RenderTableCell {TD} at (2,222) size 98x2 [r=0 c=0 rs=1 cs=1]
            RenderTableCell {TD} at (102,2) size 32x442 [r=0 c=1 rs=1 cs=1]
              RenderImage {IMG} at (1,1) size 30x440
            RenderTableCell {TD} at (136,63) size 462x319 [r=0 c=2 rs=1 cs=1]
              RenderTable {TABLE} at (1,1) size 460x230
                RenderTableSection {TBODY} at (0,0) size 460x230
                  RenderTableRow {TR} at (0,2) size 460x226
                    RenderTableCell {TD} at (2,68) size 252x93 [r=0 c=0 rs=1 cs=1]
                      RenderTable {TABLE} at (1,1) size 250x91
                        RenderTableSection {TBODY} at (0,0) size 250x91
                          RenderTableRow {TR} at (0,2) size 250x87
                            RenderTableCell {TD} at (2,2) size 246x87 [r=0 c=0 rs=1 cs=1]
                              RenderImage {IMG} at (1,1) size 93x85
                              RenderText {#text} at (97,1) size 138x57
                                text run at (97,1) width 138: "Text text, text: text text"
                                text run at (97,20) width 117: "text; text. Text, text"
                                text run at (97,39) width 38: "text...."
                    RenderTableCell {TD} at (256,2) size 202x226 [r=0 c=1 rs=1 cs=1]
                      RenderTable {TABLE} at (1,1) size 200x224 [border: (10px outset #808080)]
                        RenderTableSection {TBODY} at (10,10) size 180x204
                          RenderTableRow {TR} at (0,2) size 180x200
                            RenderTableCell {TD} at (2,100) size 176x4 [border: (1px inset #808080)] [r=0 c=0 rs=1 cs=1]
              RenderBlock (anonymous) at (1,231) size 460x38
                RenderBR {BR} at (0,0) size 0x19
                RenderText {#text} at (0,19) size 100x19
                  text run at (0,19) width 100: "This is bug 2904"
              RenderTable {TABLE} at (1,269) size 60x49 [border: (1px outset #808080)]
                RenderTableSection {TBODY} at (1,1) size 58x47
                  RenderTableRow {TR} at (0,2) size 58x43
                    RenderTableCell {TD} at (2,7) size 21x33 [border: (1px inset #808080)] [r=0 c=0 rs=1 cs=1]
                      RenderTable {TABLE} at (2,2) size 17x29 [border: (1px outset #808080)]
                        RenderTableSection {TBODY} at (1,1) size 15x27
                          RenderTableRow {TR} at (0,2) size 15x23
                            RenderTableCell {TD} at (2,2) size 11x23 [border: (1px inset #808080)] [r=0 c=0 rs=1 cs=1]
                              RenderText {#text} at (2,2) size 7x19
                                text run at (2,2) width 7: "x"
                    RenderTableCell {TD} at (25,2) size 31x43 [border: (1px inset #808080)] [r=0 c=1 rs=1 cs=1]
                      RenderBlock {DIV} at (2,2) size 47x39 [border: (10px groove #008000)]
                        RenderText {#text} at (10,10) size 7x19
                          text run at (10,10) width 7: "x"
