layer at (0,0) size 784x693
  RenderView at (0,0) size 784x600
layer at (0,0) size 784x693
  RenderBlock {HTML} at (0,0) size 784x693
    RenderBody {BODY} at (8,19) size 768x666 [bgcolor=#FFFFFF]
      RenderBlock {H2} at (0,0) size 768x32
        RenderText {#text} at (0,0) size 73x32
          text run at (0,0) width 73: "Test A"
      RenderBlock {DIV} at (0,51) size 768x67 [color=#008000]
        RenderTable {TABLE} at (0,0) size 304x67 [border: (10px solid #008000)]
          RenderTableSection {TBODY} at (10,10) size 284x47
            RenderTableRow {TR} at (0,2) size 284x43 [color=#0000FF]
              RenderTableCell {TD} at (2,2) size 58x43 [border: (10px solid #0000FF)] [r=0 c=0 rs=1 cs=1]
                RenderText {#text} at (11,11) size 36x21
                  text run at (11,11) width 36: "Field"
              RenderTableCell {TD} at (62,2) size 220x43 [border: (10px solid #0000FF)] [r=0 c=1 rs=1 cs=1]
                RenderText {#text} at (11,11) size 198x21
                  text run at (11,11) width 198: "Records for Cropping Years"
      RenderBlock {H2} at (0,137) size 768x32
        RenderText {#text} at (0,0) size 73x32
          text run at (0,0) width 73: "Test B"
      RenderTable {TABLE} at (0,188) size 304x67 [border: (10px solid #000000)]
        RenderTableSection {TBODY} at (10,10) size 284x47
          RenderTableRow {TR} at (0,2) size 284x43 [color=#0000FF]
            RenderTableCell {TD} at (2,2) size 58x43 [border: (10px solid #0000FF)] [r=0 c=0 rs=1 cs=1]
              RenderText {#text} at (11,11) size 36x21
                text run at (11,11) width 36: "Field"
            RenderTableCell {TD} at (62,2) size 220x43 [border: (10px solid #0000FF)] [r=0 c=1 rs=1 cs=1]
              RenderText {#text} at (11,11) size 198x21
                text run at (11,11) width 198: "Records for Cropping Years"
      RenderBlock {H2} at (0,274) size 768x32
        RenderText {#text} at (0,0) size 73x32
          text run at (0,0) width 73: "Test C"
      RenderTable {TABLE} at (0,325) size 304x67 [color=#0000FF] [border: (10px solid #0000FF)]
        RenderTableSection {TBODY} at (10,10) size 284x47
          RenderTableRow {TR} at (0,2) size 284x43
            RenderTableCell {TD} at (2,2) size 58x43 [border: (10px solid #0000FF)] [r=0 c=0 rs=1 cs=1]
              RenderText {#text} at (11,11) size 36x21
                text run at (11,11) width 36: "Field"
            RenderTableCell {TD} at (62,2) size 220x43 [border: (10px solid #0000FF)] [r=0 c=1 rs=1 cs=1]
              RenderText {#text} at (11,11) size 198x21
                text run at (11,11) width 198: "Records for Cropping Years"
      RenderBlock {H2} at (0,411) size 768x32
        RenderText {#text} at (0,0) size 73x32
          text run at (0,0) width 73: "Test D"
      RenderTable {TABLE} at (0,462) size 304x67 [color=#0000FF] [border: (10px solid #0000FF)]
        RenderTableSection {TBODY} at (10,10) size 284x47
          RenderTableRow {TR} at (0,2) size 284x43
            RenderTableCell {TD} at (2,2) size 58x43 [border: (10px solid #0000FF)] [r=0 c=0 rs=1 cs=1]
              RenderText {#text} at (11,11) size 36x21
                text run at (11,11) width 36: "Field"
            RenderTableCell {TD} at (62,2) size 220x43 [border: (10px solid #0000FF)] [r=0 c=1 rs=1 cs=1]
              RenderText {#text} at (11,11) size 198x21
                text run at (11,11) width 198: "Records for Cropping Years"
      RenderBlock {H2} at (0,548) size 768x32
        RenderText {#text} at (0,0) size 72x32
          text run at (0,0) width 72: "Test E"
      RenderTable {TABLE} at (0,599) size 304x67 [color=#0000FF] [border: (10px solid #0000FF)]
        RenderTableSection {TBODY} at (10,10) size 284x47
          RenderTableRow {TR} at (0,2) size 284x43
            RenderTableCell {TD} at (2,2) size 58x43 [border: (10px solid #0000FF)] [r=0 c=0 rs=1 cs=1]
              RenderText {#text} at (11,11) size 36x21
                text run at (11,11) width 36: "Field"
            RenderTableCell {TD} at (62,2) size 220x43 [border: (10px solid #0000FF)] [r=0 c=1 rs=1 cs=1]
              RenderText {#text} at (11,11) size 198x21
                text run at (11,11) width 198: "Records for Cropping Years"
