layer at (0,0) size 784x684
  RenderView at (0,0) size 784x600
layer at (0,0) size 784x684
  RenderBlock {HTML} at (0,0) size 784x684
    RenderBody {BODY} at (8,8) size 768x668 [bgcolor=#FFFFFF]
      RenderTable {TABLE} at (0,0) size 308x58 [border: (1px outset #808080)]
        RenderTableCol {COLGROUP} at (0,0) size 0x0
          RenderTableCol {COL} at (0,0) size 0x0
          RenderTableCol {COL} at (0,0) size 0x0
        RenderTableSection {TBODY} at (1,1) size 306x56
          RenderTableRow {TR} at (0,2) size 306x25
            RenderTableCell {TD} at (2,2) size 200x25 [bgcolor=#0000FF] [border: (1px inset #808080)] [r=0 c=0 rs=1 cs=1]
              RenderText {#text} at (2,2) size 4x21
                text run at (2,2) width 4: " "
            RenderTableCell {TD} at (204,2) size 100x25 [bgcolor=#0000FF] [border: (1px inset #808080)] [r=0 c=1 rs=1 cs=1]
              RenderText {#text} at (2,2) size 4x21
                text run at (2,2) width 4: " "
          RenderTableRow {TR} at (0,29) size 306x25
            RenderTableCell {TD} at (2,29) size 200x25 [bgcolor=#0000FF] [border: (1px inset #808080)] [r=1 c=0 rs=1 cs=1]
              RenderText {#text} at (2,2) size 4x21
                text run at (2,2) width 4: " "
            RenderTableCell {TD} at (204,29) size 100x25 [bgcolor=#0000FF] [border: (1px inset #808080)] [r=1 c=1 rs=1 cs=1]
              RenderText {#text} at (2,2) size 4x21
                text run at (2,2) width 4: " "
      RenderTable {TABLE} at (0,58) size 308x58 [border: (1px outset #808080)]
        RenderTableCol {COLGROUP} at (0,0) size 0x0
          RenderTableCol {COL} at (0,0) size 0x0
          RenderTableCol {COL} at (0,0) size 0x0
        RenderTableSection {TBODY} at (1,1) size 306x56
          RenderTableRow {TR} at (0,2) size 306x25
            RenderTableCell {TD} at (2,2) size 200x25 [bgcolor=#0000FF] [border: (1px inset #808080)] [r=0 c=0 rs=1 cs=1]
              RenderText {#text} at (2,2) size 4x21
                text run at (2,2) width 4: " "
            RenderTableCell {TD} at (204,2) size 100x25 [bgcolor=#0000FF] [border: (1px inset #808080)] [r=0 c=1 rs=1 cs=1]
              RenderText {#text} at (2,2) size 4x21
                text run at (2,2) width 4: " "
          RenderTableRow {TR} at (0,29) size 306x25
            RenderTableCell {TD} at (2,29) size 200x25 [bgcolor=#0000FF] [border: (1px inset #808080)] [r=1 c=0 rs=1 cs=1]
              RenderText {#text} at (2,2) size 4x21
                text run at (2,2) width 4: " "
            RenderTableCell {TD} at (204,29) size 100x25 [bgcolor=#0000FF] [border: (1px inset #808080)] [r=1 c=1 rs=1 cs=1]
              RenderText {#text} at (2,2) size 4x21
                text run at (2,2) width 4: " "
      RenderTable {TABLE} at (0,116) size 300x58 [border: (1px outset #808080)]
        RenderTableSection {TBODY} at (1,1) size 298x56
          RenderTableRow {TR} at (0,2) size 298x25
            RenderTableCell {TD} at (2,2) size 233x25 [bgcolor=#0000FF] [border: (1px inset #808080)] [r=0 c=0 rs=1 cs=1]
              RenderText {#text} at (2,2) size 4x21
                text run at (2,2) width 4: " "
            RenderTableCell {TD} at (237,2) size 59x25 [bgcolor=#0000FF] [border: (1px inset #808080)] [r=0 c=1 rs=1 cs=1]
              RenderText {#text} at (2,2) size 4x21
                text run at (2,2) width 4: " "
          RenderTableRow {TR} at (0,29) size 298x25
            RenderTableCell {TD} at (2,29) size 233x25 [bgcolor=#0000FF] [border: (1px inset #808080)] [r=1 c=0 rs=1 cs=1]
              RenderText {#text} at (2,2) size 4x21
                text run at (2,2) width 4: " "
            RenderTableCell {TD} at (237,29) size 59x25 [bgcolor=#0000FF] [border: (1px inset #808080)] [r=1 c=1 rs=1 cs=1]
              RenderText {#text} at (2,2) size 4x21
                text run at (2,2) width 4: " "
      RenderTable {TABLE} at (0,174) size 300x58 [border: (1px outset #808080)]
        RenderTableSection {TBODY} at (1,1) size 298x56
          RenderTableRow {TR} at (0,2) size 298x25
            RenderTableCell {TD} at (2,2) size 150x25 [bgcolor=#0000FF] [border: (1px inset #808080)] [r=0 c=0 rs=1 cs=1]
              RenderText {#text} at (2,2) size 4x21
                text run at (2,2) width 4: " "
            RenderTableCell {TD} at (154,2) size 142x25 [bgcolor=#0000FF] [border: (1px inset #808080)] [r=0 c=1 rs=1 cs=1]
              RenderText {#text} at (2,2) size 4x21
                text run at (2,2) width 4: " "
          RenderTableRow {TR} at (0,29) size 298x25
            RenderTableCell {TD} at (2,29) size 150x25 [bgcolor=#0000FF] [border: (1px inset #808080)] [r=1 c=0 rs=1 cs=1]
              RenderText {#text} at (2,2) size 4x21
                text run at (2,2) width 4: " "
            RenderTableCell {TD} at (154,29) size 142x25 [bgcolor=#0000FF] [border: (1px inset #808080)] [r=1 c=1 rs=1 cs=1]
              RenderText {#text} at (2,2) size 4x21
                text run at (2,2) width 4: " "
      RenderTable {TABLE} at (0,232) size 300x72 [border: (1px outset #808080)]
        RenderTableSection {TBODY} at (1,1) size 298x70
          RenderTableRow {TR} at (0,2) size 298x39
            RenderTableCell {TD} at (154,9) size 142x25 [bgcolor=#0000FF] [border: (1px inset #808080)] [r=0 c=1 rs=1 cs=1]
              RenderText {#text} at (2,2) size 4x21
                text run at (2,2) width 4: " "
          RenderTableRow {TR} at (0,43) size 298x25
            RenderTableCell {TD} at (2,43) size 150x25 [bgcolor=#0000FF] [border: (1px inset #808080)] [r=1 c=0 rs=1 cs=1]
              RenderText {#text} at (2,2) size 4x21
                text run at (2,2) width 4: " "
            RenderTableCell {TD} at (154,43) size 142x25 [bgcolor=#0000FF] [border: (1px inset #808080)] [r=1 c=1 rs=1 cs=1]
              RenderText {#text} at (2,2) size 4x21
                text run at (2,2) width 4: " "
      RenderTable {TABLE} at (0,304) size 300x72 [border: (1px outset #808080)]
        RenderTableSection {TBODY} at (1,1) size 298x70
          RenderTableRow {TR} at (0,2) size 298x39
            RenderTableCell {TD} at (2,2) size 280x39 [bgcolor=#0000FF] [border: (1px inset #808080)] [r=0 c=0 rs=1 cs=1]
              RenderBlock {FORM} at (2,2) size 276x35
                RenderButton {BUTTON} at (0,2) size 200x31 [bgcolor=#C0C0C0]
                  RenderBlock (anonymous) at (5,5) size 190x21
                    RenderText {#text} at (73,0) size 44x21
                      text run at (73,0) width 44: "button"
            RenderTableCell {TD} at (284,9) size 12x25 [bgcolor=#0000FF] [border: (1px inset #808080)] [r=0 c=1 rs=1 cs=1]
              RenderText {#text} at (2,2) size 4x21
                text run at (2,2) width 4: " "
          RenderTableRow {TR} at (0,43) size 298x25
            RenderTableCell {TD} at (2,43) size 280x25 [bgcolor=#0000FF] [border: (1px inset #808080)] [r=1 c=0 rs=1 cs=1]
              RenderText {#text} at (2,2) size 4x21
                text run at (2,2) width 4: " "
            RenderTableCell {TD} at (284,43) size 12x25 [bgcolor=#0000FF] [border: (1px inset #808080)] [r=1 c=1 rs=1 cs=1]
              RenderText {#text} at (2,2) size 4x21
                text run at (2,2) width 4: " "
      RenderTable {TABLE} at (0,376) size 300x100 [border: (1px outset #808080)]
        RenderTableSection {TBODY} at (1,1) size 298x98
          RenderTableRow {TR} at (0,2) size 298x49
            RenderTableCell {TD} at (154,5) size 142x43 [bgcolor=#0000FF] [border: (1px inset #808080)] [r=0 c=1 rs=1 cs=1]
              RenderText {#text} at (11,11) size 4x21
                text run at (11,11) width 4: " "
          RenderTableRow {TR} at (0,53) size 298x43
            RenderTableCell {TD} at (2,53) size 150x43 [bgcolor=#0000FF] [border: (1px inset #808080)] [r=1 c=0 rs=1 cs=1]
              RenderText {#text} at (11,11) size 4x21
                text run at (11,11) width 4: " "
            RenderTableCell {TD} at (154,53) size 142x43 [bgcolor=#0000FF] [border: (1px inset #808080)] [r=1 c=1 rs=1 cs=1]
              RenderText {#text} at (11,11) size 4x21
                text run at (11,11) width 4: " "
      RenderTable {TABLE} at (0,476) size 300x96 [border: (1px outset #808080)]
        RenderTableSection {TBODY} at (1,1) size 298x94
          RenderTableRow {TR} at (0,2) size 298x63
            RenderTableCell {TD} at (154,21) size 142x25 [bgcolor=#0000FF] [border: (1px inset #808080)] [r=0 c=1 rs=1 cs=1]
              RenderText {#text} at (2,2) size 4x21
                text run at (2,2) width 4: " "
          RenderTableRow {TR} at (0,67) size 298x25
            RenderTableCell {TD} at (2,67) size 150x25 [bgcolor=#0000FF] [border: (1px inset #808080)] [r=1 c=0 rs=1 cs=1]
              RenderText {#text} at (2,2) size 4x21
                text run at (2,2) width 4: " "
            RenderTableCell {TD} at (154,67) size 142x25 [bgcolor=#0000FF] [border: (1px inset #808080)] [r=1 c=1 rs=1 cs=1]
              RenderText {#text} at (2,2) size 4x21
                text run at (2,2) width 4: " "
      RenderTable {TABLE} at (0,572) size 300x96 [border: (1px outset #808080)]
        RenderTableSection {TBODY} at (1,1) size 298x94
          RenderTableRow {TR} at (0,2) size 298x63
            RenderTableCell {TD} at (2,2) size 254x63 [bgcolor=#0000FF] [border: (1px inset #808080)] [r=0 c=0 rs=1 cs=1]
              RenderBlock {P} at (2,18) size 206x27 [border: (3px solid #000000)]
                RenderText {#text} at (3,3) size 32x21
                  text run at (3,3) width 32: "para"
            RenderTableCell {TD} at (258,21) size 38x25 [bgcolor=#0000FF] [border: (1px inset #808080)] [r=0 c=1 rs=1 cs=1]
              RenderText {#text} at (2,2) size 4x21
                text run at (2,2) width 4: " "
          RenderTableRow {TR} at (0,67) size 298x25
            RenderTableCell {TD} at (2,67) size 254x25 [bgcolor=#0000FF] [border: (1px inset #808080)] [r=1 c=0 rs=1 cs=1]
              RenderText {#text} at (2,2) size 4x21
                text run at (2,2) width 4: " "
            RenderTableCell {TD} at (258,67) size 38x25 [bgcolor=#0000FF] [border: (1px inset #808080)] [r=1 c=1 rs=1 cs=1]
              RenderText {#text} at (2,2) size 4x21
                text run at (2,2) width 4: " "
layer at (11,243) size 150x39 clip at (12,244) size 148x37 scrollWidth 201
  RenderTableCell {TD} at (2,2) size 150x39 [bgcolor=#0000FF] [border: (1px inset #808080)] [r=0 c=0 rs=1 cs=1]
    RenderBlock {FORM} at (2,2) size 146x35
      RenderButton {BUTTON} at (0,2) size 200x31 [bgcolor=#C0C0C0]
        RenderBlock (anonymous) at (5,5) size 190x21
          RenderText {#text} at (73,0) size 44x21
            text run at (73,0) width 44: "button"
layer at (11,387) size 150x49 clip at (12,388) size 148x47 scrollWidth 216
  RenderTableCell {TD} at (2,2) size 150x49 [bgcolor=#0000FF] [border: (1px inset #808080)] [r=0 c=0 rs=1 cs=1]
    RenderBlock {DIV} at (11,11) size 206x27 [border: (3px solid #000000)]
      RenderText {#text} at (3,3) size 21x21
        text run at (3,3) width 21: "div"
layer at (11,487) size 150x63 clip at (12,488) size 148x61 scrollWidth 207
  RenderTableCell {TD} at (2,2) size 150x63 [bgcolor=#0000FF] [border: (1px inset #808080)] [r=0 c=0 rs=1 cs=1]
    RenderBlock {P} at (2,18) size 206x27 [border: (3px solid #000000)]
      RenderText {#text} at (3,3) size 32x21
        text run at (3,3) width 32: "para"
