layer at (0,0) size 800x600
  RenderView at (0,0) size 800x600
layer at (0,0) size 800x600
  RenderBlock {HTML} at (0,0) size 800x600
    RenderBody {BODY} at (8,8) size 784x584
      RenderTable {TABLE} at (0,0) size 784x400 [border: none]
        RenderTableSection {TBODY} at (0,0) size 783x399
          RenderTableRow {TR} at (0,0) size 783x24
            RenderTableCell {TH} at (0,0) size 111x24 [border: (1px solid #005A8C)] [r=0 c=0 rs=1 cs=1]
              RenderText {#text} at (40,2) size 32x21
                text run at (40,2) width 32: "Sun"
            RenderTableCell {TH} at (111,0) size 112x24 [border: (1px solid #005A8C)] [r=0 c=1 rs=1 cs=1]
              RenderText {#text} at (40,2) size 33x21
                text run at (40,2) width 33: "Mon"
            RenderTableCell {TH} at (223,0) size 112x24 [border: (1px solid #005A8C)] [r=0 c=2 rs=1 cs=1]
              RenderText {#text} at (42,2) size 29x21
                text run at (42,2) width 29: "Tue"
            RenderTableCell {TH} at (335,0) size 112x24 [border: (1px solid #005A8C)] [r=0 c=3 rs=1 cs=1]
              RenderText {#text} at (39,2) size 35x21
                text run at (39,2) width 35: "Wed"
            RenderTableCell {TH} at (447,0) size 112x24 [border: (1px solid #005A8C)] [r=0 c=4 rs=1 cs=1]
              RenderText {#text} at (41,2) size 31x21
                text run at (41,2) width 31: "Thu"
            RenderTableCell {TH} at (559,0) size 112x24 [border: (1px solid #005A8C)] [r=0 c=5 rs=1 cs=1]
              RenderText {#text} at (46,2) size 21x21
                text run at (46,2) width 21: "Fri"
            RenderTableCell {TH} at (671,0) size 112x24 [border: (1px solid #005A8C)] [r=0 c=6 rs=1 cs=1]
              RenderText {#text} at (44,2) size 25x21
                text run at (44,2) width 25: "Sat"
          RenderTableRow {TR} at (0,24) size 783x45
            RenderTableCell {TD} at (0,24) size 559x3 [border: (1px solid #005A8C)] [r=1 c=0 rs=1 cs=5]
            RenderTableCell {TD} at (559,24) size 112x45 [border: (1px solid #005A8C)] [r=1 c=5 rs=1 cs=1]
              RenderBlock {DIV} at (2,2) size 109x21
                RenderText {#text} at (0,0) size 9x21
                  text run at (0,0) width 9: "1"
              RenderBlock {DIV} at (2,23) size 109x21
                RenderText {#text} at (0,0) size 31x21
                  text run at (0,0) width 31: "7:50"
            RenderTableCell {TD} at (671,24) size 112x45 [border: (1px solid #005A8C)] [r=1 c=6 rs=1 cs=1]
              RenderBlock {DIV} at (2,2) size 109x21
                RenderText {#text} at (0,0) size 9x21
                  text run at (0,0) width 9: "2"
              RenderBlock (anonymous) at (2,23) size 109x21
                RenderText {#text} at (0,0) size 109x21
                  text run at (0,0) width 109: "Althea Halliday"
                RenderBR {BR} at (109,16) size 0x0
          RenderTableRow {TR} at (0,69) size 783x87
            RenderTableCell {TD} at (0,69) size 111x87 [border: (1px solid #005A8C)] [r=2 c=0 rs=1 cs=1]
              RenderBlock {DIV} at (2,2) size 108x21
                RenderText {#text} at (0,0) size 9x21
                  text run at (0,0) width 9: "3"
              RenderBlock (anonymous) at (2,23) size 108x63
                RenderText {#text} at (0,0) size 71x21
                  text run at (0,0) width 71: "CHORTle"
                RenderBR {BR} at (71,16) size 0x0
                RenderText {#text} at (0,21) size 76x42
                  text run at (0,21) width 68: "Avondale"
                  text run at (0,42) width 76: "graduation"
            RenderTableCell {TD} at (111,69) size 112x45 [border: (1px solid #005A8C)] [r=2 c=1 rs=1 cs=1]
              RenderBlock {DIV} at (2,2) size 109x21
                RenderText {#text} at (0,0) size 9x21
                  text run at (0,0) width 9: "4"
              RenderBlock (anonymous) at (2,23) size 109x21
                RenderBR {BR} at (0,0) size 0x21
            RenderTableCell {TD} at (223,69) size 112x66 [border: (1px solid #005A8C)] [r=2 c=2 rs=1 cs=1]
              RenderBlock {DIV} at (2,2) size 109x21
                RenderText {#text} at (0,0) size 9x21
                  text run at (0,0) width 9: "5"
              RenderBlock (anonymous) at (2,23) size 109x42
                RenderText {#text} at (0,0) size 93x42
                  text run at (0,0) width 93: "SAC Speech"
                  text run at (0,21) width 35: "night"
            RenderTableCell {TD} at (335,69) size 112x66 [border: (1px solid #005A8C)] [r=2 c=3 rs=1 cs=1]
              RenderBlock {DIV} at (2,2) size 109x21
                RenderText {#text} at (0,0) size 9x21
                  text run at (0,0) width 9: "6"
              RenderBlock (anonymous) at (2,23) size 109x42
                RenderText {#text} at (0,0) size 93x42
                  text run at (0,0) width 93: "Management"
                  text run at (0,21) width 73: "committee"
            RenderTableCell {TD} at (447,69) size 112x87 [border: (1px solid #005A8C)] [r=2 c=4 rs=1 cs=1]
              RenderBlock {DIV} at (2,2) size 109x21
                RenderText {#text} at (0,0) size 9x21
                  text run at (0,0) width 9: "7"
              RenderBlock (anonymous) at (2,23) size 109x63
                RenderText {#text} at (0,0) size 106x63
                  text run at (0,0) width 105: "Castle Hill and"
                  text run at (0,21) width 106: "Mountain View"
                  text run at (0,42) width 102: "Speech nights"
            RenderTableCell {TD} at (559,69) size 112x45 [border: (1px solid #005A8C)] [r=2 c=5 rs=1 cs=1]
              RenderBlock {DIV} at (2,2) size 109x21
                RenderText {#text} at (0,0) size 9x21
                  text run at (0,0) width 9: "8"
              RenderBlock {DIV} at (2,23) size 109x21
                RenderText {#text} at (0,0) size 31x21
                  text run at (0,0) width 31: "7:56"
            RenderTableCell {TD} at (671,69) size 112x45 [border: (1px solid #005A8C)] [r=2 c=6 rs=1 cs=1]
              RenderBlock {DIV} at (2,2) size 109x21
                RenderText {#text} at (0,0) size 9x21
                  text run at (0,0) width 9: "9"
              RenderBlock (anonymous) at (2,23) size 109x21
                RenderText {#text} at (0,0) size 102x21
                  text run at (0,0) width 102: "Reconciliation"
          RenderTableRow {TR} at (0,156) size 783x87
            RenderTableCell {TD} at (0,156) size 111x66 [border: (1px solid #005A8C)] [r=3 c=0 rs=1 cs=1]
              RenderBlock {DIV} at (2,2) size 108x21
                RenderText {#text} at (0,0) size 18x21
                  text run at (0,0) width 18: "10"
              RenderBlock (anonymous) at (2,23) size 108x42
                RenderText {#text} at (0,0) size 72x42
                  text run at (0,0) width 72: "Christmas"
                  text run at (0,21) width 35: "party"
                RenderBR {BR} at (35,37) size 0x0
            RenderTableCell {TD} at (111,156) size 112x45 [border: (1px solid #005A8C)] [r=3 c=1 rs=1 cs=1]
              RenderBlock {DIV} at (2,2) size 109x21
                RenderText {#text} at (0,0) size 18x21
                  text run at (0,0) width 18: "11"
              RenderBlock (anonymous) at (2,23) size 109x21
                RenderBR {BR} at (0,0) size 0x21
            RenderTableCell {TD} at (223,156) size 112x45 [border: (1px solid #005A8C)] [r=3 c=2 rs=1 cs=1]
              RenderBlock {DIV} at (2,2) size 109x21
                RenderText {#text} at (0,0) size 18x21
                  text run at (0,0) width 18: "12"
              RenderBlock (anonymous) at (2,23) size 109x21
                RenderBR {BR} at (0,0) size 0x21
            RenderTableCell {TD} at (335,156) size 112x87 [border: (1px solid #005A8C)] [r=3 c=3 rs=1 cs=1]
              RenderBlock {DIV} at (2,2) size 109x21
                RenderText {#text} at (0,0) size 18x21
                  text run at (0,0) width 18: "13"
              RenderBlock (anonymous) at (2,23) size 109x63
                RenderText {#text} at (0,0) size 81x63
                  text run at (0,0) width 81: "Community"
                  text run at (0,21) width 68: "Ministries"
                  text run at (0,42) width 73: "committee"
            RenderTableCell {TD} at (447,156) size 112x45 [border: (1px solid #005A8C)] [r=3 c=4 rs=1 cs=1]
              RenderBlock {DIV} at (2,2) size 109x21
                RenderText {#text} at (0,0) size 18x21
                  text run at (0,0) width 18: "14"
              RenderBlock (anonymous) at (2,23) size 109x21
                RenderBR {BR} at (0,0) size 0x21
            RenderTableCell {TD} at (559,156) size 112x45 [border: (1px solid #005A8C)] [r=3 c=5 rs=1 cs=1]
              RenderBlock {DIV} at (2,2) size 109x21
                RenderText {#text} at (0,0) size 18x21
                  text run at (0,0) width 18: "15"
              RenderBlock {DIV} at (2,23) size 109x21
                RenderText {#text} at (0,0) size 31x21
                  text run at (0,0) width 31: "8:02"
            RenderTableCell {TD} at (671,156) size 112x45 [border: (1px solid #005A8C)] [r=3 c=6 rs=1 cs=1]
              RenderBlock {DIV} at (2,2) size 109x21
                RenderText {#text} at (0,0) size 18x21
                  text run at (0,0) width 18: "16"
              RenderBlock (anonymous) at (2,23) size 109x21
                RenderText {#text} at (0,0) size 74x21
                  text run at (0,0) width 74: "Paul Goltz"
                RenderBR {BR} at (74,16) size 0x0
          RenderTableRow {TR} at (0,243) size 783x66
            RenderTableCell {TD} at (0,243) size 111x45 [border: (1px solid #005A8C)] [r=4 c=0 rs=1 cs=1]
              RenderBlock {DIV} at (2,2) size 108x21
                RenderText {#text} at (0,0) size 18x21
                  text run at (0,0) width 18: "17"
              RenderBlock (anonymous) at (2,23) size 108x21
                RenderBR {BR} at (0,0) size 0x21
            RenderTableCell {TD} at (111,243) size 112x45 [border: (1px solid #005A8C)] [r=4 c=1 rs=1 cs=1]
              RenderBlock {DIV} at (2,2) size 109x21
                RenderText {#text} at (0,0) size 18x21
                  text run at (0,0) width 18: "18"
              RenderBlock (anonymous) at (2,23) size 109x21
                RenderBR {BR} at (0,0) size 0x21
            RenderTableCell {TD} at (223,243) size 112x66 [border: (1px solid #005A8C)] [r=4 c=2 rs=1 cs=1]
              RenderBlock {DIV} at (2,2) size 109x21
                RenderText {#text} at (0,0) size 18x21
                  text run at (0,0) width 18: "19"
              RenderBlock (anonymous) at (2,23) size 109x42
                RenderText {#text} at (0,0) size 80x42
                  text run at (0,0) width 80: "End school"
                  text run at (0,21) width 44: "term 4"
            RenderTableCell {TD} at (335,243) size 112x45 [border: (1px solid #005A8C)] [r=4 c=3 rs=1 cs=1]
              RenderBlock {DIV} at (2,2) size 109x21
                RenderText {#text} at (0,0) size 18x21
                  text run at (0,0) width 18: "20"
              RenderBlock (anonymous) at (2,23) size 109x21
                RenderBR {BR} at (0,0) size 0x21
            RenderTableCell {TD} at (447,243) size 112x45 [border: (1px solid #005A8C)] [r=4 c=4 rs=1 cs=1]
              RenderBlock {DIV} at (2,2) size 109x21
                RenderText {#text} at (0,0) size 18x21
                  text run at (0,0) width 18: "21"
              RenderBlock (anonymous) at (2,23) size 109x21
                RenderBR {BR} at (0,0) size 0x21
            RenderTableCell {TD} at (559,243) size 112x45 [border: (1px solid #005A8C)] [r=4 c=5 rs=1 cs=1]
              RenderBlock {DIV} at (2,2) size 109x21
                RenderText {#text} at (0,0) size 18x21
                  text run at (0,0) width 18: "22"
              RenderBlock {DIV} at (2,23) size 109x21
                RenderText {#text} at (0,0) size 31x21
                  text run at (0,0) width 31: "8:06"
            RenderTableCell {TD} at (671,243) size 112x66 [border: (1px solid #005A8C)] [r=4 c=6 rs=1 cs=1]
              RenderBlock {DIV} at (2,2) size 109x21
                RenderText {#text} at (0,0) size 18x21
                  text run at (0,0) width 18: "23"
              RenderBlock (anonymous) at (2,23) size 109x42
                RenderText {#text} at (0,0) size 81x42
                  text run at (0,0) width 72: "Christmas"
                  text run at (0,21) width 81: "programme"
                RenderBR {BR} at (81,37) size 0x0
          RenderTableRow {TR} at (0,309) size 783x45
            RenderTableCell {TD} at (0,309) size 111x45 [border: (1px solid #005A8C)] [r=5 c=0 rs=1 cs=1]
              RenderBlock {DIV} at (2,2) size 108x21
                RenderText {#text} at (0,0) size 18x21
                  text run at (0,0) width 18: "24"
              RenderBlock (anonymous) at (2,23) size 108x21
                RenderBR {BR} at (0,0) size 0x21
            RenderTableCell {TD} at (111,309) size 112x45 [border: (1px solid #005A8C)] [r=5 c=1 rs=1 cs=1]
              RenderBlock {DIV} at (2,2) size 109x21
                RenderText {#text} at (0,0) size 18x21
                  text run at (0,0) width 18: "25"
              RenderBlock (anonymous) at (2,23) size 109x21
                RenderText {#text} at (0,0) size 102x21
                  text run at (0,0) width 102: "Christmas day"
                RenderBR {BR} at (102,16) size 0x0
            RenderTableCell {TD} at (223,309) size 112x45 [border: (1px solid #005A8C)] [r=5 c=2 rs=1 cs=1]
              RenderBlock {DIV} at (2,2) size 109x21
                RenderText {#text} at (0,0) size 18x21
                  text run at (0,0) width 18: "26"
              RenderBlock (anonymous) at (2,23) size 109x21
                RenderText {#text} at (0,0) size 80x21
                  text run at (0,0) width 80: "Boxing day"
                RenderBR {BR} at (80,16) size 0x0
            RenderTableCell {TD} at (335,309) size 112x45 [border: (1px solid #005A8C)] [r=5 c=3 rs=1 cs=1]
              RenderBlock {DIV} at (2,2) size 109x21
                RenderText {#text} at (0,0) size 18x21
                  text run at (0,0) width 18: "27"
              RenderBlock (anonymous) at (2,23) size 109x21
                RenderBR {BR} at (0,0) size 0x21
            RenderTableCell {TD} at (447,309) size 112x45 [border: (1px solid #005A8C)] [r=5 c=4 rs=1 cs=1]
              RenderBlock {DIV} at (2,2) size 109x21
                RenderText {#text} at (0,0) size 18x21
                  text run at (0,0) width 18: "28"
              RenderBlock (anonymous) at (2,23) size 109x21
                RenderBR {BR} at (0,0) size 0x21
            RenderTableCell {TD} at (559,309) size 112x45 [border: (1px solid #005A8C)] [r=5 c=5 rs=1 cs=1]
              RenderBlock {DIV} at (2,2) size 109x21
                RenderText {#text} at (0,0) size 18x21
                  text run at (0,0) width 18: "29"
              RenderBlock {DIV} at (2,23) size 109x21
                RenderText {#text} at (0,0) size 31x21
                  text run at (0,0) width 31: "8:09"
            RenderTableCell {TD} at (671,309) size 112x45 [border: (1px solid #005A8C)] [r=5 c=6 rs=1 cs=1]
              RenderBlock {DIV} at (2,2) size 109x21
                RenderText {#text} at (0,0) size 18x21
                  text run at (0,0) width 18: "30"
              RenderBlock (anonymous) at (2,23) size 109x21
                RenderText {#text} at (0,0) size 102x21
                  text run at (0,0) width 102: "David Holman"
                RenderBR {BR} at (102,16) size 0x0
          RenderTableRow {TR} at (0,354) size 783x45
            RenderTableCell {TD} at (0,354) size 111x45 [border: (1px solid #005A8C)] [r=6 c=0 rs=1 cs=1]
              RenderBlock {DIV} at (2,2) size 108x21
                RenderText {#text} at (0,0) size 18x21
                  text run at (0,0) width 18: "31"
              RenderBlock (anonymous) at (2,23) size 108x21
                RenderBR {BR} at (0,0) size 0x21
            RenderTableCell {TD} at (111,354) size 672x3 [border: (1px solid #005A8C)] [r=6 c=1 rs=1 cs=6]
