layer at (0,0) size 800x600
  RenderView at (0,0) size 800x600
layer at (0,0) size 800x600
  RenderBlock {HTML} at (0,0) size 800x600
    RenderBody {BODY} at (8,8) size 784x584
      RenderBlock (anonymous) at (0,0) size 784x21
        RenderText {#text} at (0,0) size 45x21
          text run at (0,0) width 45: "25016"
      RenderTable {TABLE} at (0,21) size 42x33
        RenderTableSection {TBODY} at (0,0) size 42x27
          RenderTableRow {TR} at (0,2) size 42x23
            RenderTableCell {TD} at (2,2) size 38x23 [r=0 c=0 rs=1 cs=1]
              RenderText {#text} at (1,1) size 36x21
                text run at (1,1) width 36: "4659"
        RenderBlock {CAPTION} at (0,0) size 42x0
        RenderTableSection {TBODY} at (0,27) size 42x6
          RenderTableRow {TR} at (0,2) size 42x2
            RenderTableCell {TH} at (2,2) size 38x2 [r=0 c=0 rs=1 cs=1]
        RenderTableCol {COLGROUP} at (0,0) size 0x0
