layer at (0,0) size 800x600
  RenderView at (0,0) size 800x600
layer at (0,0) size 800x600
  RenderBlock {HTML} at (0,0) size 800x600
    RenderBody {BODY} at (8,8) size 784x584
      RenderBlock {P} at (0,0) size 784x22
        RenderText {#text} at (0,0) size 432x22
          text run at (0,0) width 432: "The table below takes out the nowrap with the cell of 1% width."
      RenderTable {TABLE} at (0,38) size 675x65
        RenderTableSection {TBODY} at (0,0) size 675x65
          RenderTableRow {TR} at (0,0) size 675x65 [bgcolor=#9999CC]
            RenderTableCell {TD} at (0,18) size 631x28 [r=0 c=0 rs=1 cs=1]
              RenderInline {FONT} at (0,0) size 158x22
                RenderInline {B} at (0,0) size 158x24
                  RenderText {#text} at (2,2) size 158x24
                    text run at (2,2) width 158: "Technology News"
              RenderInline {FONT} at (0,0) size 197x17
                RenderText {#text} at (160,7) size 197x17
                  text run at (160,7) width 70: " - updated "
                  text run at (230,7) width 127: "12:15 PM ET Oct 24"
              RenderText {#text} at (0,0) size 0x0
            RenderTableCell {TD} at (631,0) size 44x65 [r=0 c=1 rs=1 cs=1]
              RenderTable {TABLE} at (2,2) size 40x61
                RenderTableSection {TBODY} at (0,0) size 40x61
                  RenderTableRow {TR} at (0,0) size 40x61
                    RenderTableCell {TD} at (0,0) size 40x61 [bgcolor=#CCCCFF] [r=0 c=0 rs=1 cs=1]
                      RenderImage {IMG} at (3,3) size 16x16
                      RenderInline {FONT} at (0,0) size 34x39
                        RenderInline {A} at (0,0) size 34x39 [color=#0000EE]
                          RenderText {#text} at (3,19) size 34x39
                            text run at (3,19) width 32: "Add to"
                            text run at (3,32) width 14: "My"
                            text run at (3,45) width 34: "Yahoo!"
                      RenderText {#text} at (0,0) size 0x0
      RenderBlock {P} at (0,119) size 784x22
        RenderText {#text} at (0,0) size 505x22
          text run at (0,0) width 505: "The table below leaves in the nowrap but take out the 1% width in the cell."
      RenderTable {TABLE} at (0,157) size 675x28
        RenderTableSection {TBODY} at (0,0) size 675x28
          RenderTableRow {TR} at (0,0) size 675x28 [bgcolor=#9999CC]
            RenderTableCell {TD} at (0,0) size 511x28 [r=0 c=0 rs=1 cs=1]
              RenderInline {FONT} at (0,0) size 158x22
                RenderInline {B} at (0,0) size 158x24
                  RenderText {#text} at (2,2) size 158x24
                    text run at (2,2) width 158: "Technology News"
              RenderInline {FONT} at (0,0) size 197x17
                RenderText {#text} at (160,7) size 197x17
                  text run at (160,7) width 70: " - updated "
                  text run at (230,7) width 127: "12:15 PM ET Oct 24"
              RenderText {#text} at (0,0) size 0x0
            RenderTableCell {TD} at (511,1) size 164x26 [r=0 c=1 rs=1 cs=1]
              RenderTable {TABLE} at (2,2) size 111x22
                RenderTableSection {TBODY} at (0,0) size 111x22
                  RenderTableRow {TR} at (0,0) size 111x22
                    RenderTableCell {TD} at (0,0) size 111x22 [bgcolor=#CCCCFF] [r=0 c=0 rs=1 cs=1]
                      RenderImage {IMG} at (3,3) size 16x16
                      RenderInline {FONT} at (0,0) size 86x13
                        RenderInline {A} at (0,0) size 86x13 [color=#0000EE]
                          RenderText {#text} at (22,3) size 86x13
                            text run at (22,3) width 86: "Add to My Yahoo!"
                      RenderText {#text} at (0,0) size 0x0
