layer at (0,0) size 800x600
  RenderView at (0,0) size 800x600
layer at (0,0) size 800x154
  RenderBlock {HTML} at (0,0) size 800x154
    RenderBody {BODY} at (8,8) size 784x138
      RenderBlock {FORM} at (0,0) size 784x68
        RenderButton {INPUT} at (2,0) size 227x33 [bgcolor=#C0C0C0]
          RenderBlock (anonymous) at (6,6) size 215x21
            RenderText at (0,0) size 215x21
              text run at (0,0) width 215: "[Step 1] Set cell height to 60px"
        RenderButton {INPUT} at (2,35) size 227x33 [bgcolor=#C0C0C0]
          RenderBlock (anonymous) at (6,6) size 215x21
            RenderText at (0,0) size 215x21
              text run at (0,0) width 215: "[Step 2] Set cell height to 20px"
      RenderTable {TABLE} at (0,70) size 44x68
        RenderTableSection {TBODY} at (0,0) size 44x68
          RenderTableRow {TR} at (0,2) size 44x31
            RenderTableCell {TD} at (2,2) size 19x31 [border: (4px solid #000000)] [r=0 c=0 rs=1 cs=1]
              RenderText {#text} at (5,5) size 9x21
                text run at (5,5) width 9: "1"
            RenderTableCell {TD} at (23,2) size 19x31 [border: (4px solid #000000)] [r=0 c=1 rs=1 cs=1]
              RenderText {#text} at (5,5) size 9x21
                text run at (5,5) width 9: "2"
          RenderTableRow {TR} at (0,35) size 44x31
            RenderTableCell {TD} at (2,35) size 19x31 [border: (4px solid #000000)] [r=1 c=0 rs=1 cs=1]
              RenderText {#text} at (5,5) size 9x21
                text run at (5,5) width 9: "2"
            RenderTableCell {TD} at (23,35) size 19x31 [border: (4px solid #000000)] [r=1 c=1 rs=1 cs=1]
              RenderText {#text} at (5,5) size 9x21
                text run at (5,5) width 9: "2"
