layer at (0,0) size 800x600
  RenderView at (0,0) size 800x600
layer at (0,0) size 800x600
  RenderBlock {HTML} at (0,0) size 800x600
    RenderBody {BODY} at (8,8) size 784x584
      RenderTable {TABLE} at (0,0) size 447x41
        RenderTableSection {TBODY} at (0,0) size 447x41
          RenderTableRow {TR} at (0,2) size 447x37
            RenderTableCell {TD} at (2,2) size 443x37 [r=0 c=0 rs=1 cs=1]
              RenderTable {TABLE} at (1,1) size 441x35
                RenderTableSection {TBODY} at (0,0) size 441x35
                  RenderTableRow {TR} at (0,2) size 441x31
                    RenderTableCell {TH} at (2,6) size 63x23 [r=0 c=0 rs=1 cs=1]
                      RenderText {#text} at (1,1) size 61x21
                        text run at (1,1) width 61: "User ID:"
                    RenderTableCell {TD} at (67,2) size 372x31 [r=0 c=1 rs=1 cs=1]
                      RenderTextControl {INPUT} at (3,3) size 366x25
                      RenderText {#text} at (0,0) size 0x0
layer at (83,18) size 362x21
  RenderBlock {DIV} at (2,2) size 362x21
