layer at (0,0) size 873x1065
  RenderView at (0,0) size 784x584
layer at (0,0) size 784x1065
  RenderBlock {HTML} at (0,0) size 784x1065
    RenderBody {BODY} at (8,8) size 768x1049
      RenderTable {TABLE} at (0,0) size 768x31 [border: (1px outset #808080)]
        RenderTableSection {TBODY} at (1,1) size 766x29
          RenderTableRow {TR} at (0,2) size 766x25
            RenderTableCell {TD} at (2,2) size 257x25 [border: (1px inset #808080)] [r=0 c=0 rs=1 cs=1]
              RenderText {#text} at (2,2) size 8x21
                text run at (2,2) width 8: "x"
            RenderTableCell {TD} at (261,2) size 503x25 [border: (1px inset #808080)] [r=0 c=1 rs=1 cs=1]
              RenderText {#text} at (2,2) size 8x21
                text run at (2,2) width 8: "y"
      RenderBlock (anonymous) at (0,31) size 768x21
        RenderBR {BR} at (0,0) size 0x21
      RenderTable {TABLE} at (0,52) size 768x31 [border: (1px outset #808080)]
        RenderTableSection {TBODY} at (1,1) size 766x29
          RenderTableRow {TR} at (0,2) size 766x25
            RenderTableCell {TD} at (2,2) size 380x25 [border: (1px inset #808080)] [r=0 c=0 rs=1 cs=1]
              RenderText {#text} at (2,2) size 8x21
                text run at (2,2) width 8: "x"
            RenderTableCell {TD} at (384,2) size 380x25 [border: (1px inset #808080)] [r=0 c=1 rs=1 cs=1]
              RenderText {#text} at (2,2) size 8x21
                text run at (2,2) width 8: "y"
      RenderBlock (anonymous) at (0,83) size 768x21
        RenderBR {BR} at (0,0) size 0x21
      RenderTable {TABLE} at (0,104) size 865x610 [border: (1px outset #808080)]
        RenderTableSection {TBODY} at (1,1) size 863x608
          RenderTableRow {TR} at (0,2) size 863x604
            RenderTableCell {TD} at (2,2) size 804x604 [border: (1px inset #808080)] [r=0 c=0 rs=1 cs=1]
              RenderImage {IMG} at (2,2) size 800x600
            RenderTableCell {TD} at (808,249) size 53x109 [border: (1px inset #808080)] [r=0 c=1 rs=1 cs=1]
              RenderText {#text} at (2,2) size 49x105
                text run at (2,2) width 33: "can't"
                text run at (2,23) width 42: "we all"
                text run at (2,44) width 25: "just"
                text run at (2,65) width 22: "get"
                text run at (2,86) width 49: "along?"
      RenderBlock (anonymous) at (0,714) size 768x21
        RenderBR {BR} at (0,0) size 0x21
      RenderTable {TABLE} at (0,735) size 768x52 [border: (1px outset #808080)]
        RenderTableSection {TBODY} at (1,1) size 766x50
          RenderTableRow {TR} at (0,2) size 766x46
            RenderTableCell {TD} at (2,12) size 246x25 [border: (1px inset #808080)] [r=0 c=0 rs=1 cs=1]
              RenderText {#text} at (2,2) size 129x21
                text run at (2,2) width 129: "Hello how are you"
            RenderTableCell {TD} at (250,2) size 122x46 [border: (1px inset #808080)] [r=0 c=1 rs=1 cs=1]
              RenderText {#text} at (2,2) size 94x42
                text run at (2,2) width 94: "I'am fine, and"
                text run at (2,23) width 35: "you?"
            RenderTableCell {TD} at (374,12) size 390x25 [border: (1px inset #808080)] [r=0 c=2 rs=1 cs=1]
              RenderText {#text} at (2,2) size 121x21
                text run at (2,2) width 121: "I great, thank you"
      RenderBlock (anonymous) at (0,787) size 768x21
        RenderBR {BR} at (0,0) size 0x21
      RenderTable {TABLE} at (0,808) size 768x241 [border: (1px outset #808080)]
        RenderTableSection {TBODY} at (1,1) size 766x239
          RenderTableRow {TR} at (0,2) size 766x235
            RenderTableCell {TD} at (2,107) size 325x25 [border: (1px inset #808080)] [r=0 c=0 rs=1 cs=1]
              RenderText {#text} at (2,2) size 183x21
                text run at (2,2) width 183: "<../images/pikajumpr.gif\">"
            RenderTableCell {TD} at (329,46) size 395x146 [border: (1px inset #808080)] [r=0 c=1 rs=1 cs=1]
              RenderImage {IMG} at (2,2) size 142x142
            RenderTableCell {TD} at (726,2) size 38x235 [border: (1px inset #808080)] [r=0 c=2 rs=1 cs=1]
              RenderText {#text} at (2,2) size 34x231
                text run at (2,2) width 31: "This"
                text run at (2,23) width 25: "is a"
                text run at (2,44) width 25: "test"
                text run at (2,65) width 13: "to"
                text run at (2,86) width 26: "see"
                text run at (2,107) width 8: "if"
                text run at (2,128) width 25: "this"
                text run at (2,149) width 24: "will"
                text run at (2,170) width 34: "work"
                text run at (2,191) width 18: "on"
                text run at (2,212) width 22: "5.0"
