layer at (0,0) size 800x600
  RenderView at (0,0) size 800x600
layer at (0,0) size 800x328
  RenderBlock {HTML} at (0,0) size 800x328
    RenderBody {BODY} at (8,8) size 784x312 [bgcolor=#FFFFFF]
      RenderTable {TABLE} at (0,0) size 196x312
        RenderTableSection {TBODY} at (0,0) size 196x312
          RenderTableRow {TR} at (0,0) size 196x39
            RenderTableCell {TD} at (0,0) size 49x39 [border: (1px solid #000000)] [r=0 c=0 rs=1 cs=1]
              RenderText {#text} at (9,9) size 31x21
                text run at (9,9) width 31: "blah"
            RenderTableCell {TD} at (49,0) size 49x39 [border: (1px solid #000000)] [r=0 c=1 rs=1 cs=1]
              RenderText {#text} at (9,9) size 31x21
                text run at (9,9) width 31: "blah"
            RenderTableCell {TD} at (98,0) size 49x39 [border: (1px solid #000000)] [r=0 c=2 rs=1 cs=1]
              RenderText {#text} at (9,9) size 31x21
                text run at (9,9) width 31: "blah"
            RenderTableCell {TD} at (147,0) size 49x39 [border: (1px solid #000000)] [r=0 c=3 rs=1 cs=1]
              RenderText {#text} at (9,9) size 31x21
                text run at (9,9) width 31: "blah"
          RenderTableRow {TR} at (0,39) size 196x39
            RenderTableCell {TD} at (0,39) size 49x39 [border: (1px solid #000000)] [r=1 c=0 rs=1 cs=1]
              RenderText {#text} at (9,9) size 31x21
                text run at (9,9) width 31: "blah"
            RenderTableCell {TD} at (49,39) size 49x39 [border: (1px solid #000000)] [r=1 c=1 rs=1 cs=1]
              RenderText {#text} at (9,9) size 31x21
                text run at (9,9) width 31: "blah"
            RenderTableCell {TD} at (98,39) size 49x39 [border: (1px solid #000000)] [r=1 c=2 rs=1 cs=1]
              RenderText {#text} at (9,9) size 31x21
                text run at (9,9) width 31: "blah"
            RenderTableCell {TD} at (147,39) size 49x39 [border: (1px solid #000000)] [r=1 c=3 rs=1 cs=1]
              RenderText {#text} at (9,9) size 31x21
                text run at (9,9) width 31: "blah"
          RenderTableRow {TR} at (0,78) size 196x39
            RenderTableCell {TD} at (0,78) size 49x39 [border: (1px solid #000000)] [r=2 c=0 rs=1 cs=1]
              RenderText {#text} at (9,9) size 31x21
                text run at (9,9) width 31: "blah"
            RenderTableCell {TD} at (49,78) size 49x39 [border: (1px solid #000000)] [r=2 c=1 rs=1 cs=1]
              RenderText {#text} at (9,9) size 31x21
                text run at (9,9) width 31: "blah"
            RenderTableCell {TD} at (98,78) size 49x39 [border: (1px solid #000000)] [r=2 c=2 rs=1 cs=1]
              RenderText {#text} at (9,9) size 31x21
                text run at (9,9) width 31: "blah"
            RenderTableCell {TD} at (147,78) size 49x39 [border: (1px solid #000000)] [r=2 c=3 rs=1 cs=1]
              RenderText {#text} at (9,9) size 31x21
                text run at (9,9) width 31: "blah"
          RenderTableRow {TR} at (0,117) size 196x39
            RenderTableCell {TD} at (0,117) size 49x39 [border: (1px solid #000000)] [r=3 c=0 rs=1 cs=1]
              RenderText {#text} at (9,9) size 31x21
                text run at (9,9) width 31: "blah"
            RenderTableCell {TD} at (49,117) size 49x39 [border: (1px solid #000000)] [r=3 c=1 rs=1 cs=1]
              RenderText {#text} at (9,9) size 31x21
                text run at (9,9) width 31: "blah"
            RenderTableCell {TD} at (98,117) size 49x39 [border: (1px solid #000000)] [r=3 c=2 rs=1 cs=1]
              RenderText {#text} at (9,9) size 31x21
                text run at (9,9) width 31: "blah"
            RenderTableCell {TD} at (147,117) size 49x39 [border: (1px solid #000000)] [r=3 c=3 rs=1 cs=1]
              RenderText {#text} at (9,9) size 31x21
                text run at (9,9) width 31: "blah"
          RenderTableRow {TR} at (0,156) size 196x39
            RenderTableCell {TD} at (0,156) size 49x39 [border: (1px solid #000000)] [r=4 c=0 rs=1 cs=1]
              RenderText {#text} at (9,9) size 31x21
                text run at (9,9) width 31: "blah"
            RenderTableCell {TD} at (49,156) size 49x39 [border: (1px solid #000000)] [r=4 c=1 rs=1 cs=1]
              RenderText {#text} at (9,9) size 31x21
                text run at (9,9) width 31: "blah"
            RenderTableCell {TD} at (98,156) size 49x39 [border: (1px solid #000000)] [r=4 c=2 rs=1 cs=1]
              RenderText {#text} at (9,9) size 31x21
                text run at (9,9) width 31: "blah"
            RenderTableCell {TD} at (147,156) size 49x39 [border: (1px solid #000000)] [r=4 c=3 rs=1 cs=1]
              RenderText {#text} at (9,9) size 31x21
                text run at (9,9) width 31: "blah"
          RenderTableRow {TR} at (0,195) size 196x39
            RenderTableCell {TD} at (0,195) size 49x39 [border: (1px solid #000000)] [r=5 c=0 rs=1 cs=1]
              RenderText {#text} at (9,9) size 31x21
                text run at (9,9) width 31: "blah"
            RenderTableCell {TD} at (49,195) size 49x39 [border: (1px solid #000000)] [r=5 c=1 rs=1 cs=1]
              RenderText {#text} at (9,9) size 31x21
                text run at (9,9) width 31: "blah"
            RenderTableCell {TD} at (98,195) size 49x39 [border: (1px solid #000000)] [r=5 c=2 rs=1 cs=1]
              RenderText {#text} at (9,9) size 31x21
                text run at (9,9) width 31: "blah"
            RenderTableCell {TD} at (147,195) size 49x39 [border: (1px solid #000000)] [r=5 c=3 rs=1 cs=1]
              RenderText {#text} at (9,9) size 31x21
                text run at (9,9) width 31: "blah"
          RenderTableRow {TR} at (0,234) size 196x39
            RenderTableCell {TD} at (0,234) size 49x39 [border: (1px solid #000000)] [r=6 c=0 rs=1 cs=1]
              RenderText {#text} at (9,9) size 31x21
                text run at (9,9) width 31: "blah"
            RenderTableCell {TD} at (49,234) size 49x39 [border: (1px solid #000000)] [r=6 c=1 rs=1 cs=1]
              RenderText {#text} at (9,9) size 31x21
                text run at (9,9) width 31: "blah"
            RenderTableCell {TD} at (98,234) size 49x39 [border: (1px solid #000000)] [r=6 c=2 rs=1 cs=1]
              RenderText {#text} at (9,9) size 31x21
                text run at (9,9) width 31: "blah"
            RenderTableCell {TD} at (147,234) size 49x39 [border: (1px solid #000000)] [r=6 c=3 rs=1 cs=1]
              RenderText {#text} at (9,9) size 31x21
                text run at (9,9) width 31: "blah"
          RenderTableRow {TR} at (0,273) size 196x39
            RenderTableCell {TD} at (0,273) size 49x39 [border: (1px solid #000000)] [r=7 c=0 rs=1 cs=1]
              RenderText {#text} at (9,9) size 31x21
                text run at (9,9) width 31: "blah"
            RenderTableCell {TD} at (49,273) size 49x39 [border: (1px solid #000000)] [r=7 c=1 rs=1 cs=1]
              RenderText {#text} at (9,9) size 31x21
                text run at (9,9) width 31: "blah"
            RenderTableCell {TD} at (98,273) size 49x39 [border: (1px solid #000000)] [r=7 c=2 rs=1 cs=1]
              RenderText {#text} at (9,9) size 31x21
                text run at (9,9) width 31: "blah"
            RenderTableCell {TD} at (147,273) size 49x39 [border: (1px solid #000000)] [r=7 c=3 rs=1 cs=1]
              RenderText {#text} at (9,9) size 31x21
                text run at (9,9) width 31: "blah"
