layer at (0,0) size 784x608
  RenderView at (0,0) size 784x600
layer at (0,0) size 784x608
  RenderBlock {HTML} at (0,0) size 784x608
    RenderBody {BODY} at (8,8) size 768x584
      RenderBlock {FORM} at (0,0) size 768x584
        RenderTable {TABLE} at (0,0) size 768x584 [border: (1px outset #808080)]
          RenderTableSection {TBODY} at (1,1) size 766x582
            RenderTableRow {TR} at (0,2) size 766x578
              RenderTableCell {TD} at (2,278) size 762x25 [border: (1px inset #808080)] [r=0 c=0 rs=1 cs=1]
                RenderText {#text} at (239,2) size 284x21
                  text run at (239,2) width 284: "This should be in the center of the page."
