layer at (0,0) size 800x600
  RenderView at (0,0) size 800x600
layer at (0,0) size 800x600
  RenderBlock {HTML} at (0,0) size 800x600
    RenderBody {BODY} at (8,8) size 784x584
      RenderTable {TABLE} at (0,0) size 275x162 [border: (1px outset #808080)]
        RenderTableSection {TBODY} at (1,1) size 273x160
          RenderTableRow {TR} at (0,2) size 273x55
            RenderTableCell {TD} at (2,2) size 269x55 [border: (1px inset #808080)] [r=0 c=0 rs=1 cs=2]
              RenderBlock {H2} at (2,2) size 265x32
                RenderText {#text} at (0,0) size 195x32
                  text run at (0,0) width 195: "Personal Friends"
          RenderTableRow {TR} at (0,59) size 273x99
            RenderTableCell {TD} at (2,59) size 206x99 [border: (1px inset #808080)] [r=1 c=0 rs=1 cs=1]
              RenderBlock (anonymous) at (2,2) size 202x0
                RenderInline {FONT} at (0,0) size 0x0
                RenderText {#text} at (0,0) size 0x0
              RenderBlock {P} at (2,2) size 202x21
                RenderText {#text} at (0,0) size 202x21
                  text run at (0,0) width 202: "Alisha - Password-Protected"
              RenderBlock {P} at (2,39) size 202x21
                RenderText {#text} at (0,0) size 50x21
                  text run at (0,0) width 50: "Arlesia"
              RenderBlock {P} at (2,76) size 202x21
                RenderText {#text} at (0,0) size 41x21
                  text run at (0,0) width 41: "Asale"
            RenderTableCell {TD} at (210,59) size 61x99 [border: (1px inset #808080)] [r=1 c=1 rs=1 cs=1]
              RenderBlock {P} at (2,2) size 57x21
                RenderText {#text} at (0,0) size 38x21
                  text run at (0,0) width 38: "Ernie"
              RenderBlock {P} at (2,39) size 57x21
                RenderText {#text} at (0,0) size 57x21
                  text run at (0,0) width 57: "Melanie"
              RenderBlock {P} at (2,76) size 57x21
                RenderText {#text} at (0,0) size 55x21
                  text run at (0,0) width 55: "Tamara"
