layer at (0,0) size 800x600
  RenderView at (0,0) size 800x600
layer at (0,0) size 800x600
  RenderBlock {HTML} at (0,0) size 800x600
    RenderBody {BODY} at (8,8) size 784x584
      RenderTable {TABLE} at (0,0) size 259x317
        RenderTableSection {TBODY} at (0,0) size 259x317
          RenderTableRow {TR} at (0,2) size 259x143
            RenderTableCell {TD} at (2,2) size 255x143 [r=0 c=0 rs=1 cs=1]
              RenderBlock (anonymous) at (1,1) size 253x63
                RenderText {#text} at (0,0) size 253x21
                  text run at (0,0) width 253: "This cell has the nowrap parameter "
                RenderBR {BR} at (253,16) size 0x0
                RenderBR {BR} at (0,21) size 0x21
                RenderText {#text} at (0,42) size 32x21
                  text run at (0,42) width 32: "<hr>"
              RenderBlock {HR} at (1,72) size 253x2 [border: (1px inset #000000)]
              RenderBlock (anonymous) at (1,82) size 253x42
                RenderBR {BR} at (0,0) size 0x21
                RenderText {#text} at (0,21) size 101x21
                  text run at (0,21) width 101: "<hr width=30>"
              RenderBlock {HR} at (111,132) size 32x2 [border: (1px inset #000000)]
          RenderTableRow {TR} at (0,147) size 259x23
            RenderTableCell {TD} at (2,147) size 255x23 [bgcolor=#CCCCCC] [r=1 c=0 rs=1 cs=1]
              RenderText {#text} at (1,1) size 4x21
                text run at (1,1) width 4: " "
          RenderTableRow {TR} at (0,172) size 259x143
            RenderTableCell {TD} at (2,172) size 255x143 [r=2 c=0 rs=1 cs=1]
              RenderBlock (anonymous) at (1,1) size 253x63
                RenderText {#text} at (0,0) size 119x21
                  text run at (0,0) width 119: "This cell doesn't "
                RenderBR {BR} at (119,16) size 0x0
                RenderBR {BR} at (0,21) size 0x21
                RenderText {#text} at (0,42) size 32x21
                  text run at (0,42) width 32: "<hr>"
              RenderBlock {HR} at (1,72) size 253x2 [border: (1px inset #000000)]
              RenderBlock (anonymous) at (1,82) size 253x42
                RenderBR {BR} at (0,0) size 0x21
                RenderText {#text} at (0,21) size 101x21
                  text run at (0,21) width 101: "<hr width=30>"
              RenderBlock {HR} at (111,132) size 32x2 [border: (1px inset #000000)]
