layer at (0,0) size 784x862
  RenderView at (0,0) size 784x600
layer at (0,0) size 784x862
  RenderBlock {HTML} at (0,0) size 784x862
    RenderBody {BODY} at (8,8) size 768x846
      RenderTable {TABLE} at (0,0) size 768x846
        RenderTableSection {TBODY} at (0,0) size 768x846
          RenderTableRow {TR} at (0,2) size 768x842
            RenderTableCell {TD} at (2,369) size 721x107 [r=0 c=0 rs=1 cs=1]
              RenderText {#text} at (1,1) size 718x105
                text run at (1,1) width 698: "This is some text to fill a table cell. This is some text to fill a table cell. This is some text to fill a table"
                text run at (1,22) width 692: "cell. This is some text to fill a table cell. This is some text to fill a table cell. This is some text to fill a"
                text run at (1,43) width 718: "table cell. This is some text to fill a table cell. This is some text to fill a table cell. This is some text to fill"
                text run at (1,64) width 711: "a table cell. This is some text to fill a table cell. This is some text to fill a table cell. This is some text to"
                text run at (1,85) width 101: "fill a table cell."
            RenderTableCell {TD} at (725,2) size 41x842 [r=0 c=1 rs=1 cs=1]
              RenderText {#text} at (1,1) size 39x840
                text run at (1,1) width 31: "This"
                text run at (1,22) width 12: "is"
                text run at (1,43) width 39: "some"
                text run at (1,64) width 25: "text"
                text run at (1,85) width 33: "to fill"
                text run at (1,106) width 9: "a"
                text run at (1,127) width 35: "table"
                text run at (1,148) width 29: "cell."
                text run at (1,169) width 31: "This"
                text run at (1,190) width 12: "is"
                text run at (1,211) width 39: "some"
                text run at (1,232) width 25: "text"
                text run at (1,253) width 33: "to fill"
                text run at (1,274) width 9: "a"
                text run at (1,295) width 35: "table"
                text run at (1,316) width 29: "cell."
                text run at (1,337) width 31: "This"
                text run at (1,358) width 12: "is"
                text run at (1,379) width 39: "some"
                text run at (1,400) width 25: "text"
                text run at (1,421) width 33: "to fill"
                text run at (1,442) width 9: "a"
                text run at (1,463) width 35: "table"
                text run at (1,484) width 29: "cell."
                text run at (1,505) width 31: "This"
                text run at (1,526) width 12: "is"
                text run at (1,547) width 39: "some"
                text run at (1,568) width 25: "text"
                text run at (1,589) width 33: "to fill"
                text run at (1,610) width 9: "a"
                text run at (1,631) width 35: "table"
                text run at (1,652) width 29: "cell."
                text run at (1,673) width 31: "This"
                text run at (1,694) width 12: "is"
                text run at (1,715) width 39: "some"
                text run at (1,736) width 25: "text"
                text run at (1,757) width 33: "to fill"
                text run at (1,778) width 9: "a"
                text run at (1,799) width 35: "table"
                text run at (1,820) width 29: "cell."
