layer at (0,0) size 784x4067
  RenderView at (0,0) size 784x600
layer at (0,0) size 784x4067
  RenderBlock {HTML} at (0,0) size 784x4067
    RenderBody {BODY} at (8,8) size 768x4051
      RenderTable {TABLE} at (0,0) size 768x4051 [border: (1px outset #808080)]
        RenderTableSection {TBODY} at (1,1) size 766x4049
          RenderTableRow {TR} at (0,2) size 766x211
            RenderTableCell {TD} at (2,86) size 35x43 [border: (1px inset #808080)] [r=0 c=0 rs=1 cs=1]
              RenderText {#text} at (12,11) size 11x21
                text run at (12,11) width 11: "A"
            RenderTableCell {TD} at (39,84) size 427x47 [border: (1px inset #808080)] [r=0 c=1 rs=1 cs=1]
              RenderImage {IMG} at (176,11) size 76x25
            RenderTableCell {TD} at (468,2) size 296x211 [border: (1px inset #808080)] [r=0 c=2 rs=1 cs=1]
              RenderText {#text} at (19,11) size 258x189
                text run at (19,11) width 258: "test test test test test test test test test"
                text run at (19,32) width 175: "test test test test test test "
                text run at (193,32) width 84: "test test test"
                text run at (19,53) width 258: "test test test test test test test test test"
                text run at (19,74) width 88: "test test test "
                text run at (106,74) width 171: "test test test test test test"
                text run at (19,95) width 258: "test test test test test test test test test"
                text run at (19,116) width 258: "test test test test test test test test test"
                text run at (19,137) width 175: "test test test test test test "
                text run at (193,137) width 84: "test test test"
                text run at (19,158) width 258: "test test test test test test test test test"
                text run at (106,179) width 84: "test test test"
          RenderTableRow {TR} at (0,215) size 766x211
            RenderTableCell {TD} at (2,299) size 35x43 [border: (1px inset #808080)] [r=1 c=0 rs=1 cs=1]
              RenderText {#text} at (12,11) size 11x21
                text run at (12,11) width 11: "B"
            RenderTableCell {TD} at (39,288) size 427x64 [border: (1px inset #808080)] [r=1 c=1 rs=1 cs=1]
              RenderImage {IMG} at (199,11) size 30x42
            RenderTableCell {TD} at (468,215) size 296x211 [border: (1px inset #808080)] [r=1 c=2 rs=1 cs=1]
              RenderText {#text} at (19,11) size 258x189
                text run at (19,11) width 258: "test test test test test test test test test"
                text run at (19,32) width 175: "test test test test test test "
                text run at (193,32) width 84: "test test test"
                text run at (19,53) width 258: "test test test test test test test test test"
                text run at (19,74) width 88: "test test test "
                text run at (106,74) width 171: "test test test test test test"
                text run at (19,95) width 258: "test test test test test test test test test"
                text run at (19,116) width 258: "test test test test test test test test test"
                text run at (19,137) width 175: "test test test test test test "
                text run at (193,137) width 84: "test test test"
                text run at (19,158) width 258: "test test test test test test test test test"
                text run at (106,179) width 84: "test test test"
          RenderTableRow {TR} at (0,428) size 766x211
            RenderTableCell {TD} at (2,512) size 35x43 [border: (1px inset #808080)] [r=2 c=0 rs=1 cs=1]
              RenderText {#text} at (11,11) size 13x21
                text run at (11,11) width 13: "C"
            RenderTableCell {TD} at (39,453) size 427x160 [border: (1px inset #808080)] [r=2 c=1 rs=1 cs=1]
              RenderImage {IMG} at (104,11) size 220x138
            RenderTableCell {TD} at (468,428) size 296x211 [border: (1px inset #808080)] [r=2 c=2 rs=1 cs=1]
              RenderText {#text} at (19,11) size 258x189
                text run at (19,11) width 258: "test test test test test test test test test"
                text run at (19,32) width 175: "test test test test test test "
                text run at (193,32) width 84: "test test test"
                text run at (19,53) width 258: "test test test test test test test test test"
                text run at (19,74) width 88: "test test test "
                text run at (106,74) width 171: "test test test test test test"
                text run at (19,95) width 258: "test test test test test test test test test"
                text run at (19,116) width 258: "test test test test test test test test test"
                text run at (19,137) width 175: "test test test test test test "
                text run at (193,137) width 84: "test test test"
                text run at (19,158) width 258: "test test test test test test test test test"
                text run at (106,179) width 84: "test test test"
          RenderTableRow {TR} at (0,641) size 766x211
            RenderTableCell {TD} at (2,725) size 35x43 [border: (1px inset #808080)] [r=3 c=0 rs=1 cs=1]
              RenderText {#text} at (11,11) size 13x21
                text run at (11,11) width 13: "D"
            RenderTableCell {TD} at (39,693) size 427x107 [border: (1px inset #808080)] [r=3 c=1 rs=1 cs=1]
              RenderImage {IMG} at (114,11) size 200x85
            RenderTableCell {TD} at (468,641) size 296x211 [border: (1px inset #808080)] [r=3 c=2 rs=1 cs=1]
              RenderText {#text} at (19,11) size 258x189
                text run at (19,11) width 258: "test test test test test test test test test"
                text run at (19,32) width 175: "test test test test test test "
                text run at (193,32) width 84: "test test test"
                text run at (19,53) width 258: "test test test test test test test test test"
                text run at (19,74) width 88: "test test test "
                text run at (106,74) width 171: "test test test test test test"
                text run at (19,95) width 258: "test test test test test test test test test"
                text run at (19,116) width 258: "test test test test test test test test test"
                text run at (19,137) width 175: "test test test test test test "
                text run at (193,137) width 84: "test test test"
                text run at (19,158) width 258: "test test test test test test test test test"
                text run at (106,179) width 84: "test test test"
          RenderTableRow {TR} at (0,854) size 766x211
            RenderTableCell {TD} at (2,938) size 35x43 [border: (1px inset #808080)] [r=4 c=0 rs=1 cs=1]
              RenderText {#text} at (12,11) size 11x21
                text run at (12,11) width 11: "E"
            RenderTableCell {TD} at (39,923) size 427x72 [border: (1px inset #808080)] [r=4 c=1 rs=1 cs=1]
              RenderImage {IMG} at (187,11) size 54x50
            RenderTableCell {TD} at (468,854) size 296x211 [border: (1px inset #808080)] [r=4 c=2 rs=1 cs=1]
              RenderText {#text} at (19,11) size 258x189
                text run at (19,11) width 258: "test test test test test test test test test"
                text run at (19,32) width 175: "test test test test test test "
                text run at (193,32) width 84: "test test test"
                text run at (19,53) width 258: "test test test test test test test test test"
                text run at (19,74) width 88: "test test test "
                text run at (106,74) width 171: "test test test test test test"
                text run at (19,95) width 258: "test test test test test test test test test"
                text run at (19,116) width 258: "test test test test test test test test test"
                text run at (19,137) width 175: "test test test test test test "
                text run at (193,137) width 84: "test test test"
                text run at (19,158) width 258: "test test test test test test test test test"
                text run at (106,179) width 84: "test test test"
          RenderTableRow {TR} at (0,1067) size 766x211
            RenderTableCell {TD} at (2,1151) size 35x43 [border: (1px inset #808080)] [r=5 c=0 rs=1 cs=1]
              RenderText {#text} at (12,11) size 11x21
                text run at (12,11) width 11: "F"
            RenderTableCell {TD} at (39,1136) size 427x72 [border: (1px inset #808080)] [r=5 c=1 rs=1 cs=1]
              RenderImage {IMG} at (95,11) size 237x50
            RenderTableCell {TD} at (468,1067) size 296x211 [border: (1px inset #808080)] [r=5 c=2 rs=1 cs=1]
              RenderText {#text} at (19,11) size 258x189
                text run at (19,11) width 258: "test test test test test test test test test"
                text run at (19,32) width 175: "test test test test test test "
                text run at (193,32) width 84: "test test test"
                text run at (19,53) width 258: "test test test test test test test test test"
                text run at (19,74) width 88: "test test test "
                text run at (106,74) width 171: "test test test test test test"
                text run at (19,95) width 258: "test test test test test test test test test"
                text run at (19,116) width 258: "test test test test test test test test test"
                text run at (19,137) width 175: "test test test test test test "
                text run at (193,137) width 84: "test test test"
                text run at (19,158) width 258: "test test test test test test test test test"
                text run at (106,179) width 84: "test test test"
          RenderTableRow {TR} at (0,1280) size 766x211
            RenderTableCell {TD} at (2,1364) size 35x43 [border: (1px inset #808080)] [r=6 c=0 rs=1 cs=1]
              RenderText {#text} at (11,11) size 13x21
                text run at (11,11) width 13: "G"
            RenderTableCell {TD} at (39,1343) size 427x85 [border: (1px inset #808080)] [r=6 c=1 rs=1 cs=1]
              RenderImage {IMG} at (156,11) size 116x63
            RenderTableCell {TD} at (468,1280) size 296x211 [border: (1px inset #808080)] [r=6 c=2 rs=1 cs=1]
              RenderText {#text} at (19,11) size 258x189
                text run at (19,11) width 258: "test test test test test test test test test"
                text run at (19,32) width 175: "test test test test test test "
                text run at (193,32) width 84: "test test test"
                text run at (19,53) width 258: "test test test test test test test test test"
                text run at (19,74) width 88: "test test test "
                text run at (106,74) width 171: "test test test test test test"
                text run at (19,95) width 258: "test test test test test test test test test"
                text run at (19,116) width 258: "test test test test test test test test test"
                text run at (19,137) width 175: "test test test test test test "
                text run at (193,137) width 84: "test test test"
                text run at (19,158) width 258: "test test test test test test test test test"
                text run at (106,179) width 84: "test test test"
          RenderTableRow {TR} at (0,1493) size 766x211
            RenderTableCell {TD} at (2,1577) size 35x43 [border: (1px inset #808080)] [r=7 c=0 rs=1 cs=1]
              RenderText {#text} at (11,11) size 13x21
                text run at (11,11) width 13: "H"
            RenderTableCell {TD} at (39,1578) size 427x40 [border: (1px inset #808080)] [r=7 c=1 rs=1 cs=1]
              RenderImage {IMG} at (200,11) size 27x18
            RenderTableCell {TD} at (468,1493) size 296x211 [border: (1px inset #808080)] [r=7 c=2 rs=1 cs=1]
              RenderText {#text} at (19,11) size 258x189
                text run at (19,11) width 258: "test test test test test test test test test"
                text run at (19,32) width 175: "test test test test test test "
                text run at (193,32) width 84: "test test test"
                text run at (19,53) width 258: "test test test test test test test test test"
                text run at (19,74) width 88: "test test test "
                text run at (106,74) width 171: "test test test test test test"
                text run at (19,95) width 258: "test test test test test test test test test"
                text run at (19,116) width 258: "test test test test test test test test test"
                text run at (19,137) width 175: "test test test test test test "
                text run at (193,137) width 84: "test test test"
                text run at (19,158) width 258: "test test test test test test test test test"
                text run at (106,179) width 84: "test test test"
          RenderTableRow {TR} at (0,1706) size 766x211
            RenderTableCell {TD} at (2,1790) size 35x43 [border: (1px inset #808080)] [r=8 c=0 rs=1 cs=1]
              RenderText {#text} at (15,11) size 5x21
                text run at (15,11) width 5: "I"
            RenderTableCell {TD} at (39,1770) size 427x83 [border: (1px inset #808080)] [r=8 c=1 rs=1 cs=1]
              RenderImage {IMG} at (126,11) size 175x61
            RenderTableCell {TD} at (468,1706) size 296x211 [border: (1px inset #808080)] [r=8 c=2 rs=1 cs=1]
              RenderText {#text} at (19,11) size 258x189
                text run at (19,11) width 258: "test test test test test test test test test"
                text run at (19,32) width 175: "test test test test test test "
                text run at (193,32) width 84: "test test test"
                text run at (19,53) width 258: "test test test test test test test test test"
                text run at (19,74) width 88: "test test test "
                text run at (106,74) width 171: "test test test test test test"
                text run at (19,95) width 258: "test test test test test test test test test"
                text run at (19,116) width 258: "test test test test test test test test test"
                text run at (19,137) width 175: "test test test test test test "
                text run at (193,137) width 84: "test test test"
                text run at (19,158) width 258: "test test test test test test test test test"
                text run at (106,179) width 84: "test test test"
          RenderTableRow {TR} at (0,1919) size 766x211
            RenderTableCell {TD} at (2,2003) size 35x43 [border: (1px inset #808080)] [r=9 c=0 rs=1 cs=1]
              RenderText {#text} at (13,11) size 9x21
                text run at (13,11) width 9: "J"
            RenderTableCell {TD} at (39,1963) size 427x122 [border: (1px inset #808080)] [r=9 c=1 rs=1 cs=1]
              RenderImage {IMG} at (11,11) size 405x100
            RenderTableCell {TD} at (468,1919) size 296x211 [border: (1px inset #808080)] [r=9 c=2 rs=1 cs=1]
              RenderText {#text} at (19,11) size 258x189
                text run at (19,11) width 258: "test test test test test test test test test"
                text run at (19,32) width 175: "test test test test test test "
                text run at (193,32) width 84: "test test test"
                text run at (19,53) width 258: "test test test test test test test test test"
                text run at (19,74) width 88: "test test test "
                text run at (106,74) width 171: "test test test test test test"
                text run at (19,95) width 258: "test test test test test test test test test"
                text run at (19,116) width 258: "test test test test test test test test test"
                text run at (19,137) width 175: "test test test test test test "
                text run at (193,137) width 84: "test test test"
                text run at (19,158) width 258: "test test test test test test test test test"
                text run at (106,179) width 84: "test test test"
          RenderTableRow {TR} at (0,2132) size 766x211
            RenderTableCell {TD} at (2,2216) size 35x43 [border: (1px inset #808080)] [r=10 c=0 rs=1 cs=1]
              RenderText {#text} at (12,11) size 11x21
                text run at (12,11) width 11: "K"
            RenderTableCell {TD} at (39,2201) size 427x72 [border: (1px inset #808080)] [r=10 c=1 rs=1 cs=1]
              RenderImage {IMG} at (78,11) size 272x50
            RenderTableCell {TD} at (468,2132) size 296x211 [border: (1px inset #808080)] [r=10 c=2 rs=1 cs=1]
              RenderText {#text} at (19,11) size 258x189
                text run at (19,11) width 258: "test test test test test test test test test"
                text run at (19,32) width 175: "test test test test test test "
                text run at (193,32) width 84: "test test test"
                text run at (19,53) width 258: "test test test test test test test test test"
                text run at (19,74) width 88: "test test test "
                text run at (106,74) width 171: "test test test test test test"
                text run at (19,95) width 258: "test test test test test test test test test"
                text run at (19,116) width 258: "test test test test test test test test test"
                text run at (19,137) width 175: "test test test test test test "
                text run at (193,137) width 84: "test test test"
                text run at (19,158) width 258: "test test test test test test test test test"
                text run at (106,179) width 84: "test test test"
          RenderTableRow {TR} at (0,2345) size 766x211
            RenderTableCell {TD} at (2,2429) size 35x43 [border: (1px inset #808080)] [r=11 c=0 rs=1 cs=1]
              RenderText {#text} at (12,11) size 11x21
                text run at (12,11) width 11: "K"
            RenderTableCell {TD} at (39,2416) size 427x69 [border: (1px inset #808080)] [r=11 c=1 rs=1 cs=1]
              RenderImage {IMG} at (168,11) size 91x47
            RenderTableCell {TD} at (468,2345) size 296x211 [border: (1px inset #808080)] [r=11 c=2 rs=1 cs=1]
              RenderText {#text} at (19,11) size 258x189
                text run at (19,11) width 258: "test test test test test test test test test"
                text run at (19,32) width 175: "test test test test test test "
                text run at (193,32) width 84: "test test test"
                text run at (19,53) width 258: "test test test test test test test test test"
                text run at (19,74) width 88: "test test test "
                text run at (106,74) width 171: "test test test test test test"
                text run at (19,95) width 258: "test test test test test test test test test"
                text run at (19,116) width 258: "test test test test test test test test test"
                text run at (19,137) width 175: "test test test test test test "
                text run at (193,137) width 84: "test test test"
                text run at (19,158) width 258: "test test test test test test test test test"
                text run at (106,179) width 84: "test test test"
          RenderTableRow {TR} at (0,2558) size 766x211
            RenderTableCell {TD} at (2,2642) size 35x43 [border: (1px inset #808080)] [r=12 c=0 rs=1 cs=1]
              RenderText {#text} at (13,11) size 9x21
                text run at (13,11) width 9: "L"
            RenderTableCell {TD} at (39,2619) size 427x88 [border: (1px inset #808080)] [r=12 c=1 rs=1 cs=1]
              RenderImage {IMG} at (89,11) size 250x66
            RenderTableCell {TD} at (468,2558) size 296x211 [border: (1px inset #808080)] [r=12 c=2 rs=1 cs=1]
              RenderText {#text} at (19,11) size 258x189
                text run at (19,11) width 258: "test test test test test test test test test"
                text run at (19,32) width 175: "test test test test test test "
                text run at (193,32) width 84: "test test test"
                text run at (19,53) width 258: "test test test test test test test test test"
                text run at (19,74) width 88: "test test test "
                text run at (106,74) width 171: "test test test test test test"
                text run at (19,95) width 258: "test test test test test test test test test"
                text run at (19,116) width 258: "test test test test test test test test test"
                text run at (19,137) width 175: "test test test test test test "
                text run at (193,137) width 84: "test test test"
                text run at (19,158) width 258: "test test test test test test test test test"
                text run at (106,179) width 84: "test test test"
          RenderTableRow {TR} at (0,2771) size 766x211
            RenderTableCell {TD} at (2,2855) size 35x43 [border: (1px inset #808080)] [r=13 c=0 rs=1 cs=1]
              RenderText {#text} at (11,11) size 13x21
                text run at (11,11) width 13: "M"
            RenderTableCell {TD} at (39,2843) size 427x66 [border: (1px inset #808080)] [r=13 c=1 rs=1 cs=1]
              RenderImage {IMG} at (163,11) size 101x44
            RenderTableCell {TD} at (468,2771) size 296x211 [border: (1px inset #808080)] [r=13 c=2 rs=1 cs=1]
              RenderText {#text} at (19,11) size 258x189
                text run at (19,11) width 258: "test test test test test test test test test"
                text run at (19,32) width 175: "test test test test test test "
                text run at (193,32) width 84: "test test test"
                text run at (19,53) width 258: "test test test test test test test test test"
                text run at (19,74) width 88: "test test test "
                text run at (106,74) width 171: "test test test test test test"
                text run at (19,95) width 258: "test test test test test test test test test"
                text run at (19,116) width 258: "test test test test test test test test test"
                text run at (19,137) width 175: "test test test test test test "
                text run at (193,137) width 84: "test test test"
                text run at (19,158) width 258: "test test test test test test test test test"
                text run at (106,179) width 84: "test test test"
          RenderTableRow {TR} at (0,2984) size 766x211
            RenderTableCell {TD} at (2,3068) size 35x43 [border: (1px inset #808080)] [r=14 c=0 rs=1 cs=1]
              RenderText {#text} at (11,11) size 13x21
                text run at (11,11) width 13: "N"
            RenderTableCell {TD} at (39,3072) size 427x35 [border: (1px inset #808080)] [r=14 c=1 rs=1 cs=1]
              RenderImage {IMG} at (201,11) size 25x13
            RenderTableCell {TD} at (468,2984) size 296x211 [border: (1px inset #808080)] [r=14 c=2 rs=1 cs=1]
              RenderText {#text} at (19,11) size 258x189
                text run at (19,11) width 258: "test test test test test test test test test"
                text run at (19,32) width 175: "test test test test test test "
                text run at (193,32) width 84: "test test test"
                text run at (19,53) width 258: "test test test test test test test test test"
                text run at (19,74) width 88: "test test test "
                text run at (106,74) width 171: "test test test test test test"
                text run at (19,95) width 258: "test test test test test test test test test"
                text run at (19,116) width 258: "test test test test test test test test test"
                text run at (19,137) width 175: "test test test test test test "
                text run at (193,137) width 84: "test test test"
                text run at (19,158) width 258: "test test test test test test test test test"
                text run at (106,179) width 84: "test test test"
          RenderTableRow {TR} at (0,3197) size 766x211
            RenderTableCell {TD} at (2,3281) size 35x43 [border: (1px inset #808080)] [r=15 c=0 rs=1 cs=1]
              RenderText {#text} at (11,11) size 13x21
                text run at (11,11) width 13: "O"
            RenderTableCell {TD} at (39,3263) size 427x78 [border: (1px inset #808080)] [r=15 c=1 rs=1 cs=1]
              RenderImage {IMG} at (87,11) size 253x56
            RenderTableCell {TD} at (468,3197) size 296x211 [border: (1px inset #808080)] [r=15 c=2 rs=1 cs=1]
              RenderText {#text} at (19,11) size 258x189
                text run at (19,11) width 258: "test test test test test test test test test"
                text run at (19,32) width 175: "test test test test test test "
                text run at (193,32) width 84: "test test test"
                text run at (19,53) width 258: "test test test test test test test test test"
                text run at (19,74) width 88: "test test test "
                text run at (106,74) width 171: "test test test test test test"
                text run at (19,95) width 258: "test test test test test test test test test"
                text run at (19,116) width 258: "test test test test test test test test test"
                text run at (19,137) width 175: "test test test test test test "
                text run at (193,137) width 84: "test test test"
                text run at (19,158) width 258: "test test test test test test test test test"
                text run at (106,179) width 84: "test test test"
          RenderTableRow {TR} at (0,3410) size 766x211
            RenderTableCell {TD} at (2,3494) size 35x43 [border: (1px inset #808080)] [r=16 c=0 rs=1 cs=1]
              RenderText {#text} at (12,11) size 11x21
                text run at (12,11) width 11: "P"
            RenderTableCell {TD} at (39,3464) size 427x103 [border: (1px inset #808080)] [r=16 c=1 rs=1 cs=1]
              RenderImage {IMG} at (134,11) size 159x81
            RenderTableCell {TD} at (468,3410) size 296x211 [border: (1px inset #808080)] [r=16 c=2 rs=1 cs=1]
              RenderText {#text} at (19,11) size 258x189
                text run at (19,11) width 258: "test test test test test test test test test"
                text run at (19,32) width 175: "test test test test test test "
                text run at (193,32) width 84: "test test test"
                text run at (19,53) width 258: "test test test test test test test test test"
                text run at (19,74) width 88: "test test test "
                text run at (106,74) width 171: "test test test test test test"
                text run at (19,95) width 258: "test test test test test test test test test"
                text run at (19,116) width 258: "test test test test test test test test test"
                text run at (19,137) width 175: "test test test test test test "
                text run at (193,137) width 84: "test test test"
                text run at (19,158) width 258: "test test test test test test test test test"
                text run at (106,179) width 84: "test test test"
          RenderTableRow {TR} at (0,3623) size 766x211
            RenderTableCell {TD} at (2,3707) size 35x43 [border: (1px inset #808080)] [r=17 c=0 rs=1 cs=1]
              RenderText {#text} at (11,11) size 13x21
                text run at (11,11) width 13: "Q"
            RenderTableCell {TD} at (39,3663) size 427x130 [border: (1px inset #808080)] [r=17 c=1 rs=1 cs=1]
              RenderImage {IMG} at (107,11) size 213x108
            RenderTableCell {TD} at (468,3623) size 296x211 [border: (1px inset #808080)] [r=17 c=2 rs=1 cs=1]
              RenderText {#text} at (19,11) size 258x189
                text run at (19,11) width 258: "test test test test test test test test test"
                text run at (19,32) width 175: "test test test test test test "
                text run at (193,32) width 84: "test test test"
                text run at (19,53) width 258: "test test test test test test test test test"
                text run at (19,74) width 88: "test test test "
                text run at (106,74) width 171: "test test test test test test"
                text run at (19,95) width 258: "test test test test test test test test test"
                text run at (19,116) width 258: "test test test test test test test test test"
                text run at (19,137) width 175: "test test test test test test "
                text run at (193,137) width 84: "test test test"
                text run at (19,158) width 258: "test test test test test test test test test"
                text run at (106,179) width 84: "test test test"
          RenderTableRow {TR} at (0,3836) size 766x211
            RenderTableCell {TD} at (2,3920) size 35x43 [border: (1px inset #808080)] [r=18 c=0 rs=1 cs=1]
              RenderText {#text} at (11,11) size 13x21
                text run at (11,11) width 13: "R"
            RenderTableCell {TD} at (39,3865) size 427x152 [border: (1px inset #808080)] [r=18 c=1 rs=1 cs=1]
              RenderImage {IMG} at (42,11) size 344x130
            RenderTableCell {TD} at (468,3836) size 296x211 [border: (1px inset #808080)] [r=18 c=2 rs=1 cs=1]
              RenderText {#text} at (19,11) size 258x189
                text run at (19,11) width 258: "test test test test test test test test test"
                text run at (19,32) width 175: "test test test test test test "
                text run at (193,32) width 84: "test test test"
                text run at (19,53) width 258: "test test test test test test test test test"
                text run at (19,74) width 88: "test test test "
                text run at (106,74) width 171: "test test test test test test"
                text run at (19,95) width 258: "test test test test test test test test test"
                text run at (19,116) width 258: "test test test test test test test test test"
                text run at (19,137) width 175: "test test test test test test "
                text run at (193,137) width 84: "test test test"
                text run at (19,158) width 258: "test test test test test test test test test"
                text run at (106,179) width 84: "test test test"
