layer at (0,0) size 784x1461
  RenderView at (0,0) size 784x600
layer at (0,0) size 784x1461
  RenderBlock {HTML} at (0,0) size 784x1461
    RenderBody {BODY} at (8,8) size 768x1445 [bgcolor=#555555]
      RenderBlock {H1} at (16,37) size 736x106 [bgcolor=#CCCCCC]
        RenderText {#text} at (84,32) size 164x42
          text run at (84,32) width 164: "Simplified "
        RenderInline {A} at (0,0) size 163x42 [color=#0000EE]
          RenderText {#text} at (247,32) size 163x42
            text run at (247,32) width 163: "Linux.com"
        RenderText {#text} at (409,32) size 243x42
          text run at (409,32) width 243: " Table Testcase"
      RenderTable {TABLE} at (16,164) size 736x1265
        RenderTableSection {TBODY} at (0,0) size 736x1265
          RenderTableRow {TR} at (0,2) size 736x419
            RenderTableCell {TD} at (2,2) size 135x752 [bgcolor=#FFFFFF] [r=0 c=0 rs=2 cs=1]
              RenderBlock {H2} at (5,18) size 125x21
                RenderText {#text} at (0,0) size 117x21
                  text run at (0,0) width 117: "Weekly Feature"
              RenderBlock {P} at (5,52) size 125x119
                RenderText {#text} at (0,0) size 108x119
                  text run at (0,0) width 108: "blah blah blah blah"
                  text run at (0,17) width 108: "blah blah blah blah"
                  text run at (0,34) width 108: "blah blah blah blah"
                  text run at (0,51) width 108: "blah blah blah blah"
                  text run at (0,68) width 108: "blah blah blah blah"
                  text run at (0,85) width 108: "blah blah blah blah"
                  text run at (0,102) width 108: "blah blah blah blah"
              RenderBlock {H2} at (5,184) size 125x21
                RenderText {#text} at (0,0) size 81x21
                  text run at (0,0) width 81: "Contribute"
              RenderBlock {P} at (5,218) size 125x119
                RenderText {#text} at (0,0) size 108x119
                  text run at (0,0) width 108: "blah blah blah blah"
                  text run at (0,17) width 108: "blah blah blah blah"
                  text run at (0,34) width 108: "blah blah blah blah"
                  text run at (0,51) width 108: "blah blah blah blah"
                  text run at (0,68) width 108: "blah blah blah blah"
                  text run at (0,85) width 108: "blah blah blah blah"
                  text run at (0,102) width 108: "blah blah blah blah"
              RenderBlock {H2} at (5,350) size 125x21
                RenderText {#text} at (0,0) size 82x21
                  text run at (0,0) width 82: "Newsforge"
              RenderBlock {P} at (5,384) size 125x34
                RenderText {#text} at (0,0) size 108x34
                  text run at (0,0) width 108: "blah blah blah blah"
                  text run at (0,17) width 108: "blah blah blah blah"
              RenderBlock {P} at (5,431) size 125x34
                RenderText {#text} at (0,0) size 108x34
                  text run at (0,0) width 108: "blah blah blah blah"
                  text run at (0,17) width 108: "blah blah blah blah"
              RenderBlock {P} at (5,478) size 125x34
                RenderText {#text} at (0,0) size 108x34
                  text run at (0,0) width 108: "blah blah blah blah"
                  text run at (0,17) width 108: "blah blah blah blah"
              RenderBlock {P} at (5,525) size 125x34
                RenderText {#text} at (0,0) size 108x34
                  text run at (0,0) width 108: "blah blah blah blah"
                  text run at (0,17) width 108: "blah blah blah blah"
              RenderBlock {P} at (5,572) size 125x34
                RenderText {#text} at (0,0) size 108x34
                  text run at (0,0) width 108: "blah blah blah blah"
                  text run at (0,17) width 108: "blah blah blah blah"
              RenderBlock {P} at (5,619) size 125x34
                RenderText {#text} at (0,0) size 108x34
                  text run at (0,0) width 108: "blah blah blah blah"
                  text run at (0,17) width 108: "blah blah blah blah"
              RenderBlock {H2} at (5,666) size 125x21
                RenderText {#text} at (0,0) size 83x21
                  text run at (0,0) width 83: "Resources"
              RenderBlock {P} at (5,700) size 125x34
                RenderText {#text} at (0,0) size 108x34
                  text run at (0,0) width 108: "blah blah blah blah"
                  text run at (0,17) width 108: "blah blah blah blah"
            RenderTableCell {TD} at (139,2) size 458x1261 [bgcolor=#FFFFFF] [r=0 c=1 rs=2 cs=1]
              RenderBlock {H2} at (5,18) size 448x21
                RenderText {#text} at (0,0) size 188x21
                  text run at (0,0) width 188: "The Latest of Linux.com!"
              RenderBlock {P} at (5,52) size 448x255
                RenderText {#text} at (0,0) size 444x255
                  text run at (0,0) width 444: "blah blah blah blah blah blah blah blah blah blah blah blah blah blah blah blah"
                  text run at (0,17) width 444: "blah blah blah blah blah blah blah blah blah blah blah blah blah blah blah blah"
                  text run at (0,34) width 444: "blah blah blah blah blah blah blah blah blah blah blah blah blah blah blah blah"
                  text run at (0,51) width 444: "blah blah blah blah blah blah blah blah blah blah blah blah blah blah blah blah"
                  text run at (0,68) width 444: "blah blah blah blah blah blah blah blah blah blah blah blah blah blah blah blah"
                  text run at (0,85) width 444: "blah blah blah blah blah blah blah blah blah blah blah blah blah blah blah blah"
                  text run at (0,102) width 444: "blah blah blah blah blah blah blah blah blah blah blah blah blah blah blah blah"
                  text run at (0,119) width 444: "blah blah blah blah blah blah blah blah blah blah blah blah blah blah blah blah"
                  text run at (0,136) width 444: "blah blah blah blah blah blah blah blah blah blah blah blah blah blah blah blah"
                  text run at (0,153) width 444: "blah blah blah blah blah blah blah blah blah blah blah blah blah blah blah blah"
                  text run at (0,170) width 444: "blah blah blah blah blah blah blah blah blah blah blah blah blah blah blah blah"
                  text run at (0,187) width 444: "blah blah blah blah blah blah blah blah blah blah blah blah blah blah blah blah"
                  text run at (0,204) width 444: "blah blah blah blah blah blah blah blah blah blah blah blah blah blah blah blah"
                  text run at (0,221) width 444: "blah blah blah blah blah blah blah blah blah blah blah blah blah blah blah blah"
                  text run at (0,238) width 108: "blah blah blah blah"
              RenderBlock {P} at (5,320) size 448x255
                RenderText {#text} at (0,0) size 444x255
                  text run at (0,0) width 444: "blah blah blah blah blah blah blah blah blah blah blah blah blah blah blah blah"
                  text run at (0,17) width 444: "blah blah blah blah blah blah blah blah blah blah blah blah blah blah blah blah"
                  text run at (0,34) width 444: "blah blah blah blah blah blah blah blah blah blah blah blah blah blah blah blah"
                  text run at (0,51) width 444: "blah blah blah blah blah blah blah blah blah blah blah blah blah blah blah blah"
                  text run at (0,68) width 444: "blah blah blah blah blah blah blah blah blah blah blah blah blah blah blah blah"
                  text run at (0,85) width 444: "blah blah blah blah blah blah blah blah blah blah blah blah blah blah blah blah"
                  text run at (0,102) width 444: "blah blah blah blah blah blah blah blah blah blah blah blah blah blah blah blah"
                  text run at (0,119) width 444: "blah blah blah blah blah blah blah blah blah blah blah blah blah blah blah blah"
                  text run at (0,136) width 444: "blah blah blah blah blah blah blah blah blah blah blah blah blah blah blah blah"
                  text run at (0,153) width 444: "blah blah blah blah blah blah blah blah blah blah blah blah blah blah blah blah"
                  text run at (0,170) width 444: "blah blah blah blah blah blah blah blah blah blah blah blah blah blah blah blah"
                  text run at (0,187) width 444: "blah blah blah blah blah blah blah blah blah blah blah blah blah blah blah blah"
                  text run at (0,204) width 444: "blah blah blah blah blah blah blah blah blah blah blah blah blah blah blah blah"
                  text run at (0,221) width 444: "blah blah blah blah blah blah blah blah blah blah blah blah blah blah blah blah"
                  text run at (0,238) width 108: "blah blah blah blah"
              RenderBlock {H2} at (5,588) size 448x21
                RenderText {#text} at (0,0) size 121x21
                  text run at (0,0) width 121: "Linux.com Live!"
              RenderBlock {P} at (5,622) size 448x255
                RenderText {#text} at (0,0) size 444x255
                  text run at (0,0) width 444: "blah blah blah blah blah blah blah blah blah blah blah blah blah blah blah blah"
                  text run at (0,17) width 444: "blah blah blah blah blah blah blah blah blah blah blah blah blah blah blah blah"
                  text run at (0,34) width 444: "blah blah blah blah blah blah blah blah blah blah blah blah blah blah blah blah"
                  text run at (0,51) width 444: "blah blah blah blah blah blah blah blah blah blah blah blah blah blah blah blah"
                  text run at (0,68) width 444: "blah blah blah blah blah blah blah blah blah blah blah blah blah blah blah blah"
                  text run at (0,85) width 444: "blah blah blah blah blah blah blah blah blah blah blah blah blah blah blah blah"
                  text run at (0,102) width 444: "blah blah blah blah blah blah blah blah blah blah blah blah blah blah blah blah"
                  text run at (0,119) width 444: "blah blah blah blah blah blah blah blah blah blah blah blah blah blah blah blah"
                  text run at (0,136) width 444: "blah blah blah blah blah blah blah blah blah blah blah blah blah blah blah blah"
                  text run at (0,153) width 444: "blah blah blah blah blah blah blah blah blah blah blah blah blah blah blah blah"
                  text run at (0,170) width 444: "blah blah blah blah blah blah blah blah blah blah blah blah blah blah blah blah"
                  text run at (0,187) width 444: "blah blah blah blah blah blah blah blah blah blah blah blah blah blah blah blah"
                  text run at (0,204) width 444: "blah blah blah blah blah blah blah blah blah blah blah blah blah blah blah blah"
                  text run at (0,221) width 444: "blah blah blah blah blah blah blah blah blah blah blah blah blah blah blah blah"
                  text run at (0,238) width 108: "blah blah blah blah"
              RenderBlock {H2} at (5,890) size 448x21
                RenderText {#text} at (0,0) size 59x21
                  text run at (0,0) width 59: "Tuneup"
              RenderBlock {P} at (5,924) size 448x255
                RenderText {#text} at (0,0) size 444x255
                  text run at (0,0) width 444: "blah blah blah blah blah blah blah blah blah blah blah blah blah blah blah blah"
                  text run at (0,17) width 444: "blah blah blah blah blah blah blah blah blah blah blah blah blah blah blah blah"
                  text run at (0,34) width 444: "blah blah blah blah blah blah blah blah blah blah blah blah blah blah blah blah"
                  text run at (0,51) width 444: "blah blah blah blah blah blah blah blah blah blah blah blah blah blah blah blah"
                  text run at (0,68) width 444: "blah blah blah blah blah blah blah blah blah blah blah blah blah blah blah blah"
                  text run at (0,85) width 444: "blah blah blah blah blah blah blah blah blah blah blah blah blah blah blah blah"
                  text run at (0,102) width 444: "blah blah blah blah blah blah blah blah blah blah blah blah blah blah blah blah"
                  text run at (0,119) width 444: "blah blah blah blah blah blah blah blah blah blah blah blah blah blah blah blah"
                  text run at (0,136) width 444: "blah blah blah blah blah blah blah blah blah blah blah blah blah blah blah blah"
                  text run at (0,153) width 444: "blah blah blah blah blah blah blah blah blah blah blah blah blah blah blah blah"
                  text run at (0,170) width 444: "blah blah blah blah blah blah blah blah blah blah blah blah blah blah blah blah"
                  text run at (0,187) width 444: "blah blah blah blah blah blah blah blah blah blah blah blah blah blah blah blah"
                  text run at (0,204) width 444: "blah blah blah blah blah blah blah blah blah blah blah blah blah blah blah blah"
                  text run at (0,221) width 444: "blah blah blah blah blah blah blah blah blah blah blah blah blah blah blah blah"
                  text run at (0,238) width 108: "blah blah blah blah"
              RenderBlock {H2} at (5,1192) size 448x21
                RenderText {#text} at (0,0) size 29x21
                  text run at (0,0) width 29: "Poll"
              RenderBlock {P} at (5,1226) size 448x17
                RenderText {#text} at (0,0) size 315x17
                  text run at (0,0) width 315: "This stuff is cropped off in Mozilla for whatever reason"
            RenderTableCell {TD} at (599,2) size 135x419 [bgcolor=#FFFFFF] [r=0 c=2 rs=1 cs=1]
              RenderBlock {H2} at (5,18) size 125x21
                RenderText {#text} at (0,0) size 47x21
                  text run at (0,0) width 47: "OSDN"
              RenderBlock {P} at (5,52) size 125x85
                RenderText {#text} at (0,0) size 108x85
                  text run at (0,0) width 108: "blah blah blah blah"
                  text run at (0,17) width 108: "blah blah blah blah"
                  text run at (0,34) width 108: "blah blah blah blah"
                  text run at (0,51) width 108: "blah blah blah blah"
                  text run at (0,68) width 52: "blah blah"
              RenderBlock {H2} at (5,150) size 125x21
                RenderText {#text} at (0,0) size 45x21
                  text run at (0,0) width 45: "POTD"
              RenderBlock {P} at (5,184) size 125x85
                RenderText {#text} at (0,0) size 108x85
                  text run at (0,0) width 108: "blah blah blah blah"
                  text run at (0,17) width 108: "blah blah blah blah"
                  text run at (0,34) width 108: "blah blah blah blah"
                  text run at (0,51) width 108: "blah blah blah blah"
                  text run at (0,68) width 52: "blah blah"
              RenderBlock {H2} at (5,282) size 125x21
                RenderText {#text} at (0,0) size 48x21
                  text run at (0,0) width 48: "Log In"
              RenderBlock {P} at (5,316) size 125x85
                RenderText {#text} at (0,0) size 108x85
                  text run at (0,0) width 108: "blah blah blah blah"
                  text run at (0,17) width 108: "blah blah blah blah"
                  text run at (0,34) width 108: "blah blah blah blah"
                  text run at (0,51) width 108: "blah blah blah blah"
                  text run at (0,68) width 52: "blah blah"
          RenderTableRow {TR} at (0,423) size 736x840
            RenderTableCell {TD} at (599,1087) size 135x176 [bgcolor=#FFFFFF] [r=1 c=2 rs=1 cs=1]
              RenderBlock {H2} at (5,18) size 125x42
                RenderText {#text} at (0,0) size 88x42
                  text run at (0,0) width 88: "Community"
                  text run at (0,21) width 56: "Banner"
              RenderBlock {P} at (5,73) size 125x85
                RenderText {#text} at (0,0) size 108x85
                  text run at (0,0) width 108: "blah blah blah blah"
                  text run at (0,17) width 108: "blah blah blah blah"
                  text run at (0,34) width 108: "blah blah blah blah"
                  text run at (0,51) width 108: "blah blah blah blah"
                  text run at (0,68) width 52: "blah blah"
