layer at (0,0) size 800x600
  RenderView at (0,0) size 800x600
layer at (0,0) size 800x600
  RenderBlock {HTML} at (0,0) size 800x600
    RenderBody {BODY} at (8,8) size 784x584
      RenderBlock {P} at (0,0) size 784x21
        RenderText {#text} at (0,0) size 134x21
          text run at (0,0) width 134: "No col or colgroup:"
      RenderTable {TABLE} at (0,37) size 705x85 [border: (1px outset #808080)]
        RenderTableSection {TBODY} at (1,1) size 703x83
          RenderTableRow {TR} at (0,2) size 703x25
            RenderTableCell {TD} at (2,2) size 231x25 [border: (1px inset #808080)] [r=0 c=0 rs=1 cs=1]
              RenderText {#text} at (2,2) size 34x21
                text run at (2,2) width 34: "Data"
            RenderTableCell {TD} at (235,2) size 232x25 [border: (1px inset #808080)] [r=0 c=1 rs=1 cs=1]
              RenderText {#text} at (2,2) size 34x21
                text run at (2,2) width 34: "Data"
            RenderTableCell {TD} at (469,2) size 232x25 [border: (1px inset #808080)] [r=0 c=2 rs=1 cs=1]
              RenderText {#text} at (2,2) size 34x21
                text run at (2,2) width 34: "Data"
          RenderTableRow {TR} at (0,29) size 703x25
            RenderTableCell {TD} at (2,29) size 231x25 [border: (1px inset #808080)] [r=1 c=0 rs=1 cs=1]
              RenderText {#text} at (2,2) size 34x21
                text run at (2,2) width 34: "Data"
            RenderTableCell {TD} at (235,29) size 232x25 [border: (1px inset #808080)] [r=1 c=1 rs=1 cs=1]
              RenderText {#text} at (2,2) size 34x21
                text run at (2,2) width 34: "Data"
            RenderTableCell {TD} at (469,29) size 232x25 [border: (1px inset #808080)] [r=1 c=2 rs=1 cs=1]
              RenderText {#text} at (2,2) size 34x21
                text run at (2,2) width 34: "Data"
          RenderTableRow {TR} at (0,56) size 703x25
            RenderTableCell {TD} at (2,56) size 231x25 [border: (1px inset #808080)] [r=2 c=0 rs=1 cs=1]
              RenderText {#text} at (2,2) size 34x21
                text run at (2,2) width 34: "Data"
            RenderTableCell {TD} at (235,56) size 232x25 [border: (1px inset #808080)] [r=2 c=1 rs=1 cs=1]
              RenderText {#text} at (2,2) size 34x21
                text run at (2,2) width 34: "Data"
            RenderTableCell {TD} at (469,56) size 232x25 [border: (1px inset #808080)] [r=2 c=2 rs=1 cs=1]
              RenderText {#text} at (2,2) size 34x21
                text run at (2,2) width 34: "Data"
      RenderBlock {P} at (0,138) size 784x21
        RenderText {#text} at (0,0) size 322x21
          text run at (0,0) width 322: "col elements with align=center on second col:"
      RenderTable {TABLE} at (0,175) size 705x85 [border: (1px outset #808080)]
        RenderTableCol {COLGROUP} at (0,0) size 0x0
          RenderTableCol {COL} at (0,0) size 0x0
          RenderTableCol {COL} at (0,0) size 0x0
          RenderTableCol {COL} at (0,0) size 0x0
        RenderTableSection {TBODY} at (1,1) size 703x83
          RenderTableRow {TR} at (0,2) size 703x25
            RenderTableCell {TD} at (2,2) size 231x25 [border: (1px inset #808080)] [r=0 c=0 rs=1 cs=1]
              RenderText {#text} at (2,2) size 34x21
                text run at (2,2) width 34: "Data"
            RenderTableCell {TD} at (235,2) size 232x25 [border: (1px inset #808080)] [r=0 c=1 rs=1 cs=1]
              RenderText {#text} at (2,2) size 34x21
                text run at (2,2) width 34: "Data"
            RenderTableCell {TD} at (469,2) size 232x25 [border: (1px inset #808080)] [r=0 c=2 rs=1 cs=1]
              RenderText {#text} at (2,2) size 34x21
                text run at (2,2) width 34: "Data"
          RenderTableRow {TR} at (0,29) size 703x25
            RenderTableCell {TD} at (2,29) size 231x25 [border: (1px inset #808080)] [r=1 c=0 rs=1 cs=1]
              RenderText {#text} at (2,2) size 34x21
                text run at (2,2) width 34: "Data"
            RenderTableCell {TD} at (235,29) size 232x25 [border: (1px inset #808080)] [r=1 c=1 rs=1 cs=1]
              RenderText {#text} at (2,2) size 34x21
                text run at (2,2) width 34: "Data"
            RenderTableCell {TD} at (469,29) size 232x25 [border: (1px inset #808080)] [r=1 c=2 rs=1 cs=1]
              RenderText {#text} at (2,2) size 34x21
                text run at (2,2) width 34: "Data"
          RenderTableRow {TR} at (0,56) size 703x25
            RenderTableCell {TD} at (2,56) size 231x25 [border: (1px inset #808080)] [r=2 c=0 rs=1 cs=1]
              RenderText {#text} at (2,2) size 34x21
                text run at (2,2) width 34: "Data"
            RenderTableCell {TD} at (235,56) size 232x25 [border: (1px inset #808080)] [r=2 c=1 rs=1 cs=1]
              RenderText {#text} at (2,2) size 34x21
                text run at (2,2) width 34: "Data"
            RenderTableCell {TD} at (469,56) size 232x25 [border: (1px inset #808080)] [r=2 c=2 rs=1 cs=1]
              RenderText {#text} at (2,2) size 34x21
                text run at (2,2) width 34: "Data"
      RenderBlock {P} at (0,276) size 784x21
        RenderText {#text} at (0,0) size 595x21
          text run at (0,0) width 595: "colgroup and col elements, with align on colgroup so 2nd and 3rd columns centered:"
      RenderTable {TABLE} at (0,313) size 705x85 [border: (1px outset #808080)]
        RenderTableCol {COLGROUP} at (0,0) size 0x0
          RenderTableCol {COL} at (0,0) size 0x0
        RenderTableCol {COLGROUP} at (0,0) size 0x0
          RenderTableCol {COL} at (0,0) size 0x0
          RenderTableCol {COL} at (0,0) size 0x0
        RenderTableSection {TBODY} at (1,1) size 703x83
          RenderTableRow {TR} at (0,2) size 703x25
            RenderTableCell {TD} at (2,2) size 231x25 [border: (1px inset #808080)] [r=0 c=0 rs=1 cs=1]
              RenderText {#text} at (2,2) size 34x21
                text run at (2,2) width 34: "Data"
            RenderTableCell {TD} at (235,2) size 232x25 [border: (1px inset #808080)] [r=0 c=1 rs=1 cs=1]
              RenderText {#text} at (2,2) size 34x21
                text run at (2,2) width 34: "Data"
            RenderTableCell {TD} at (469,2) size 232x25 [border: (1px inset #808080)] [r=0 c=2 rs=1 cs=1]
              RenderText {#text} at (2,2) size 34x21
                text run at (2,2) width 34: "Data"
          RenderTableRow {TR} at (0,29) size 703x25
            RenderTableCell {TD} at (2,29) size 231x25 [border: (1px inset #808080)] [r=1 c=0 rs=1 cs=1]
              RenderText {#text} at (2,2) size 34x21
                text run at (2,2) width 34: "Data"
            RenderTableCell {TD} at (235,29) size 232x25 [border: (1px inset #808080)] [r=1 c=1 rs=1 cs=1]
              RenderText {#text} at (2,2) size 34x21
                text run at (2,2) width 34: "Data"
            RenderTableCell {TD} at (469,29) size 232x25 [border: (1px inset #808080)] [r=1 c=2 rs=1 cs=1]
              RenderText {#text} at (2,2) size 34x21
                text run at (2,2) width 34: "Data"
          RenderTableRow {TR} at (0,56) size 703x25
            RenderTableCell {TD} at (2,56) size 231x25 [border: (1px inset #808080)] [r=2 c=0 rs=1 cs=1]
              RenderText {#text} at (2,2) size 34x21
                text run at (2,2) width 34: "Data"
            RenderTableCell {TD} at (235,56) size 232x25 [border: (1px inset #808080)] [r=2 c=1 rs=1 cs=1]
              RenderText {#text} at (2,2) size 34x21
                text run at (2,2) width 34: "Data"
            RenderTableCell {TD} at (469,56) size 232x25 [border: (1px inset #808080)] [r=2 c=2 rs=1 cs=1]
              RenderText {#text} at (2,2) size 34x21
                text run at (2,2) width 34: "Data"
      RenderBlock {P} at (0,414) size 784x21
        RenderText {#text} at (0,0) size 488x21
          text run at (0,0) width 488: "colgroup and col elements, with align on col so 2nd column centered:"
      RenderTable {TABLE} at (0,451) size 705x85 [border: (1px outset #808080)]
        RenderTableCol {COLGROUP} at (0,0) size 0x0
          RenderTableCol {COL} at (0,0) size 0x0
        RenderTableCol {COLGROUP} at (0,0) size 0x0
          RenderTableCol {COL} at (0,0) size 0x0
          RenderTableCol {COL} at (0,0) size 0x0
        RenderTableSection {TBODY} at (1,1) size 703x83
          RenderTableRow {TR} at (0,2) size 703x25
            RenderTableCell {TD} at (2,2) size 231x25 [border: (1px inset #808080)] [r=0 c=0 rs=1 cs=1]
              RenderText {#text} at (2,2) size 34x21
                text run at (2,2) width 34: "Data"
            RenderTableCell {TD} at (235,2) size 232x25 [border: (1px inset #808080)] [r=0 c=1 rs=1 cs=1]
              RenderText {#text} at (2,2) size 34x21
                text run at (2,2) width 34: "Data"
            RenderTableCell {TD} at (469,2) size 232x25 [border: (1px inset #808080)] [r=0 c=2 rs=1 cs=1]
              RenderText {#text} at (2,2) size 34x21
                text run at (2,2) width 34: "Data"
          RenderTableRow {TR} at (0,29) size 703x25
            RenderTableCell {TD} at (2,29) size 231x25 [border: (1px inset #808080)] [r=1 c=0 rs=1 cs=1]
              RenderText {#text} at (2,2) size 34x21
                text run at (2,2) width 34: "Data"
            RenderTableCell {TD} at (235,29) size 232x25 [border: (1px inset #808080)] [r=1 c=1 rs=1 cs=1]
              RenderText {#text} at (2,2) size 34x21
                text run at (2,2) width 34: "Data"
            RenderTableCell {TD} at (469,29) size 232x25 [border: (1px inset #808080)] [r=1 c=2 rs=1 cs=1]
              RenderText {#text} at (2,2) size 34x21
                text run at (2,2) width 34: "Data"
          RenderTableRow {TR} at (0,56) size 703x25
            RenderTableCell {TD} at (2,56) size 231x25 [border: (1px inset #808080)] [r=2 c=0 rs=1 cs=1]
              RenderText {#text} at (2,2) size 34x21
                text run at (2,2) width 34: "Data"
            RenderTableCell {TD} at (235,56) size 232x25 [border: (1px inset #808080)] [r=2 c=1 rs=1 cs=1]
              RenderText {#text} at (2,2) size 34x21
                text run at (2,2) width 34: "Data"
            RenderTableCell {TD} at (469,56) size 232x25 [border: (1px inset #808080)] [r=2 c=2 rs=1 cs=1]
              RenderText {#text} at (2,2) size 34x21
                text run at (2,2) width 34: "Data"
