layer at (0,0) size 800x600
  RenderView at (0,0) size 800x600
layer at (0,0) size 800x600
  RenderBlock {HTML} at (0,0) size 800x600
    RenderBody {BODY} at (8,8) size 784x584
      RenderTable {TABLE} at (0,0) size 653x248 [border: (1px outset #808080)]
        RenderTableSection {TBODY} at (1,1) size 651x246
          RenderTableRow {TR} at (0,2) size 651x242
            RenderTableCell {TD} at (2,2) size 647x242 [border: (1px inset #808080)] [r=0 c=0 rs=1 cs=6]
              RenderTable {TABLE} at (2,2) size 640x238 [border: (1px outset #808080)]
                RenderTableSection {TBODY} at (1,1) size 638x236
                  RenderTableRow {TR} at (0,2) size 638x25
                    RenderTableCell {TD} at (2,2) size 634x25 [border: (1px inset #808080)] [r=0 c=0 rs=1 cs=1]
                      RenderText {#text} at (2,2) size 22x21
                        text run at (2,2) width 22: "foo"
                  RenderTableRow {TR} at (0,29) size 638x205
                    RenderTableCell {TD} at (2,29) size 634x205 [border: (1px inset #808080)] [r=1 c=0 rs=1 cs=1]
                      RenderTable {TABLE} at (2,2) size 630x201 [border: (1px outset #808080)]
                        RenderTableSection {TBODY} at (1,1) size 628x199
                          RenderTableRow {TR} at (0,2) size 628x47
                            RenderTableCell {TD} at (2,2) size 27x25 [border: (1px inset #808080)] [r=0 c=0 rs=1 cs=1]
                              RenderText {#text} at (2,2) size 23x21
                                text run at (2,2) width 23: "bar"
                            RenderTableCell {TD} at (31,13) size 595x25 [border: (1px inset #808080)] [r=0 c=1 rs=1 cs=1]
                              RenderText {#text} at (284,2) size 27x21
                                text run at (284,2) width 27: "baz"
                          RenderTableRow {TR} at (0,51) size 628x146
                            RenderTableCell {TD} at (2,51) size 27x25 [border: (1px inset #808080)] [r=1 c=0 rs=1 cs=1]
                              RenderText {#text} at (2,2) size 21x21
                                text run at (2,2) width 21: "faz"
                            RenderTableCell {TD} at (31,51) size 595x146 [border: (1px inset #808080)] [r=1 c=1 rs=1 cs=1]
                              RenderTable {TABLE} at (2,2) size 591x142 [border: (1px outset #808080)]
                                RenderTableSection {TBODY} at (1,1) size 589x140
                                  RenderTableRow {TR} at (0,2) size 589x136
                                    RenderTableCell {TD} at (2,2) size 585x136 [border: (1px inset #808080)] [r=0 c=0 rs=1 cs=2]
                                      RenderTable {TABLE} at (2,2) size 581x132 [border: (1px outset #808080)]
                                        RenderTableSection {TBODY} at (1,1) size 579x130
                                          RenderTableRow {TR} at (0,2) size 579x126
                                            RenderTableCell {TD} at (2,2) size 112x25 [border: (1px inset #808080)] [r=0 c=0 rs=1 cs=1]
                                              RenderText {#text} at (2,2) size 22x21
                                                text run at (2,2) width 22: "frip"
                                            RenderTableCell {TD} at (116,2) size 461x126 [border: (1px inset #808080)] [r=0 c=1 rs=1 cs=1]
                                              RenderBlock (anonymous) at (2,2) size 457x21
                                                RenderText {#text} at (152,0) size 153x21
                                                  text run at (152,0) width 153: "Feel free to browse ..."
                                              RenderBlock {P} at (2,39) size 457x0
                                              RenderBlock {CENTER} at (2,39) size 457x85
                                                RenderTable {TABLE} at (92,0) size 273x85 [border: (1px outset #808080)]
                                                  RenderTableSection {TBODY} at (1,1) size 271x83
                                                    RenderTableRow {TR} at (0,2) size 271x25
                                                      RenderTableCell {TD} at (2,2) size 143x25 [border: (1px inset #808080)] [r=0 c=0 rs=1 cs=1]
                                                        RenderInline {A} at (0,0) size 55x21 [color=#551A8B]
                                                          RenderText {#text} at (2,2) size 55x21
                                                            text run at (2,2) width 55: "Holiday"
                                                      RenderTableCell {TD} at (147,2) size 122x25 [border: (1px inset #808080)] [r=0 c=1 rs=1 cs=1]
                                                        RenderInline {A} at (0,0) size 34x21 [color=#551A8B]
                                                          RenderText {#text} at (2,2) size 34x21
                                                            text run at (2,2) width 34: "Cars"
                                                    RenderTableRow {TR} at (0,29) size 271x25
                                                      RenderTableCell {TD} at (2,29) size 143x25 [border: (1px inset #808080)] [r=1 c=0 rs=1 cs=1]
                                                        RenderInline {A} at (0,0) size 46x21 [color=#551A8B]
                                                          RenderText {#text} at (2,2) size 46x21
                                                            text run at (2,2) width 46: "Sports"
                                                      RenderTableCell {TD} at (147,29) size 122x25 [border: (1px inset #808080)] [r=1 c=1 rs=1 cs=1]
                                                        RenderInline {A} at (0,0) size 58x21 [color=#551A8B]
                                                          RenderText {#text} at (2,2) size 58x21
                                                            text run at (2,2) width 58: "Animals"
                                                    RenderTableRow {TR} at (0,56) size 271x25
                                                      RenderTableCell {TD} at (2,56) size 143x25 [border: (1px inset #808080)] [r=2 c=0 rs=1 cs=1]
                                                        RenderInline {A} at (0,0) size 78x21 [color=#551A8B]
                                                          RenderText {#text} at (2,2) size 78x21
                                                            text run at (2,2) width 78: "Computers"
                                                      RenderTableCell {TD} at (147,56) size 122x25 [border: (1px inset #808080)] [r=2 c=1 rs=1 cs=1]
                                                        RenderInline {A} at (0,0) size 65x21 [color=#551A8B]
                                                          RenderText {#text} at (2,2) size 65x21
                                                            text run at (2,2) width 65: "Cartoons"
      RenderBlock (anonymous) at (0,248) size 784x21
        RenderBR {BR} at (0,0) size 0x21
      RenderBlock {P} at (0,285) size 784x63
        RenderText {#text} at (0,0) size 613x21
          text run at (0,0) width 613: "The second (nested) table below has fixed widths 300px, 500px, 200px (outer to inner)."
        RenderBR {BR} at (613,16) size 0x0
        RenderText {#text} at (0,21) size 72x21
          text run at (0,21) width 72: "When the "
        RenderInline {CODE} at (0,0) size 43x17
          RenderText {#text} at (72,24) size 43x17
            text run at (72,24) width 43: "a:hover"
        RenderText {#text} at (115,21) size 125x21
          text run at (115,21) width 125: " for 'Holiday' gets "
        RenderInline {CODE} at (0,0) size 85x17
          RenderText {#text} at (240,24) size 85x17
            text run at (240,24) width 85: "'onMouseOver'"
        RenderText {#text} at (325,21) size 233x21
          text run at (325,21) width 233: ", the outer table reflows to 300px,"
        RenderBR {BR} at (558,37) size 0x0
        RenderText {#text} at (0,42) size 338x21
          text run at (0,42) width 338: "clipping the middle (500px) table in the process."
      RenderTable {TABLE} at (0,364) size 300x31 [border: (1px outset #808080)]
        RenderTableSection {TBODY} at (1,1) size 298x29
          RenderTableRow {TR} at (0,2) size 298x25
            RenderTableCell {TD} at (2,2) size 294x25 [border: (1px inset #808080)] [r=0 c=0 rs=1 cs=1]
              RenderText {#text} at (2,2) size 191x21
                text run at (2,2) width 191: "300px wide for comparison"
      RenderBlock (anonymous) at (0,395) size 784x21
        RenderBR {BR} at (0,0) size 0x21
      RenderTable {TABLE} at (0,416) size 510x51 [border: (1px outset #808080)]
        RenderTableSection {TBODY} at (1,1) size 508x49
          RenderTableRow {TR} at (0,2) size 508x45
            RenderTableCell {TD} at (2,2) size 504x45 [border: (1px inset #808080)] [r=0 c=0 rs=1 cs=1]
              RenderTable {TABLE} at (2,2) size 500x41 [border: (1px outset #808080)]
                RenderTableSection {TBODY} at (1,1) size 498x39
                  RenderTableRow {TR} at (0,2) size 498x35
                    RenderTableCell {TD} at (2,2) size 494x35 [border: (1px inset #808080)] [r=0 c=0 rs=1 cs=1]
                      RenderTable {TABLE} at (2,2) size 200x31 [border: (1px outset #808080)]
                        RenderTableSection {TBODY} at (1,1) size 198x29
                          RenderTableRow {TR} at (0,2) size 198x25
                            RenderTableCell {TD} at (2,2) size 194x25 [border: (1px inset #808080)] [r=0 c=0 rs=1 cs=1]
                              RenderInline {A} at (0,0) size 55x21 [color=#551A8B]
                                RenderText {#text} at (2,2) size 55x21
                                  text run at (2,2) width 55: "Holiday"
