layer at (0,0) size 800x600
  RenderView at (0,0) size 800x600
layer at (0,0) size 800x600
  RenderBlock {HTML} at (0,0) size 800x600
    RenderBody {BODY} at (8,8) size 784x584
      RenderTable {TABLE} at (0,0) size 768x195
        RenderTableSection {TBODY} at (0,0) size 768x195
          RenderTableRow {TR} at (0,2) size 768x143
            RenderTableCell {TD} at (2,2) size 759x143 [r=0 c=0 rs=1 cs=1]
              RenderTable {TABLE} at (1,1) size 506x141
                RenderTableSection {TBODY} at (0,0) size 506x141
                  RenderTableRow {TR} at (0,2) size 506x137
                    RenderTableCell {TD} at (2,2) size 502x137 [r=0 c=0 rs=1 cs=1]
                      RenderImage {IMG} at (1,1) size 220x135
                      RenderText {#text} at (0,0) size 0x0
            RenderTableCell {TD} at (763,87) size 3x21 [r=0 c=1 rs=2 cs=1]
              RenderBR {BR} at (1,1) size 0x19
          RenderTableRow {TR} at (0,147) size 768x46
            RenderTableCell {TD} at (2,147) size 764x46 [r=1 c=0 rs=1 cs=2]
              RenderTable {TABLE} at (1,1) size 468x44
                RenderTableSection {TBODY} at (0,0) size 468x44
                  RenderTableRow {TR} at (0,2) size 468x40
                    RenderTableCell {TD} at (2,21) size 84x2 [r=0 c=0 rs=1 cs=1]
                    RenderTableCell {TD} at (88,2) size 378x40 [r=0 c=1 rs=1 cs=1]
                      RenderBlock {P} at (1,1) size 376x38
                        RenderText {#text} at (0,0) size 4x19
                          text run at (0,0) width 4: " "
                        RenderInline {FONT} at (0,0) size 373x38
                          RenderText {#text} at (4,0) size 373x38
                            text run at (4,0) width 16: "to "
                            text run at (20,0) width 317: "Receive 50% Off Home Delivery of The New York "
                            text run at (337,0) width 36: "Times"
                            text run at (0,19) width 75: "Newspaper."
