layer at (0,0) size 800x600
  RenderView at (0,0) size 800x600
layer at (0,0) size 800x600
  RenderBlock {HTML} at (0,0) size 800x600
    RenderBody {BODY} at (8,8) size 784x584 [bgcolor=#3333FF]
      RenderBlock {CENTER} at (0,0) size 784x76
        RenderTable {TABLE} at (170,0) size 443x76 [bgcolor=#FFFFFF] [border: (2px outset #808080)]
          RenderBlock {CAPTION} at (0,0) size 443x24
            RenderInline {B} at (0,0) size 131x21
              RenderInline {FONT} at (0,0) size 131x24 [color=#C0C0C0]
                RenderText {#text} at (156,0) size 131x24
                  text run at (156,0) width 131: "Future Bugzilla"
            RenderText {#text} at (0,0) size 0x0
          RenderTableSection {TBODY} at (2,26) size 439x48
            RenderTableRow {TR} at (0,2) size 439x21
              RenderTableCell {TD} at (2,2) size 41x21 [bgcolor=#009900] [border: (1px inset #808080)] [r=0 c=0 rs=1 cs=1]
                RenderBlock {DIV} at (2,2) size 37x17
                  RenderInline {B} at (0,0) size 37x21
                    RenderInline {FONT} at (0,0) size 37x17
                      RenderText {#text} at (0,0) size 37x17
                        text run at (0,0) width 37: "Credit"
              RenderTableCell {TD} at (45,2) size 39x21 [bgcolor=#009900] [border: (1px inset #808080)] [r=0 c=1 rs=1 cs=1]
                RenderInline {B} at (0,0) size 25x21
                  RenderInline {FONT} at (0,0) size 25x17
                    RenderText {#text} at (2,2) size 25x17
                      text run at (2,2) width 25: "Bug"
              RenderTableCell {TD} at (86,2) size 144x21 [bgcolor=#009900] [border: (1px inset #808080)] [r=0 c=2 rs=1 cs=1]
                RenderInline {B} at (0,0) size 60x21
                  RenderInline {FONT} at (0,0) size 60x17
                    RenderText {#text} at (2,2) size 60x17
                      text run at (2,2) width 60: "Summary"
              RenderTableCell {TD} at (232,2) size 61x21 [bgcolor=#009900] [border: (1px inset #808080)] [r=0 c=3 rs=1 cs=1]
                RenderInline {B} at (0,0) size 39x21
                  RenderInline {FONT} at (0,0) size 39x17
                    RenderText {#text} at (2,2) size 39x17
                      text run at (2,2) width 39: "Status"
              RenderTableCell {TD} at (295,2) size 71x21 [bgcolor=#009900] [border: (1px inset #808080)] [r=0 c=4 rs=1 cs=1]
                RenderInline {B} at (0,0) size 67x21
                  RenderInline {FONT} at (0,0) size 67x17
                    RenderText {#text} at (2,2) size 67x17
                      text run at (2,2) width 67: "Resolution"
              RenderTableCell {TD} at (368,2) size 69x21 [bgcolor=#009900] [border: (1px inset #808080)] [r=0 c=5 rs=1 cs=1]
                RenderInline {B} at (0,0) size 65x21
                  RenderInline {FONT} at (0,0) size 65x17
                    RenderText {#text} at (2,2) size 65x17
                      text run at (2,2) width 65: "Date (-8/-7)"
            RenderTableRow {TR} at (0,25) size 439x21
              RenderTableCell {TD} at (2,25) size 41x21 [bgcolor=#FF0000] [border: (1px inset #808080)] [r=1 c=0 rs=1 cs=1]
                RenderInline {B} at (0,0) size 7x21
                  RenderInline {FONT} at (0,0) size 7x17
                    RenderText {#text} at (2,2) size 7x17
                      text run at (2,2) width 7: "1"
              RenderTableCell {TD} at (45,25) size 39x21 [bgcolor=#FF0000] [border: (1px inset #808080)] [r=1 c=1 rs=1 cs=1]
                RenderInline {B} at (0,0) size 35x21
                  RenderInline {FONT} at (0,0) size 35x17
                    RenderText {#text} at (0,0) size 0x0
                    RenderInline {A} at (0,0) size 35x17
                      RenderText {#text} at (2,2) size 35x17
                        text run at (2,2) width 35: "10000"
                    RenderText {#text} at (0,0) size 0x0
              RenderTableCell {TD} at (86,25) size 144x21 [bgcolor=#FF0000] [border: (1px inset #808080)] [r=1 c=2 rs=1 cs=1]
                RenderInline {B} at (0,0) size 140x21
                  RenderInline {FONT} at (0,0) size 140x17
                    RenderText {#text} at (2,2) size 140x17
                      text run at (2,2) width 140: "JWZ returns to Mozilla"
              RenderTableCell {TD} at (232,25) size 61x21 [bgcolor=#FF0000] [border: (1px inset #808080)] [r=1 c=3 rs=1 cs=1]
                RenderInline {B} at (0,0) size 57x21
                  RenderInline {FONT} at (0,0) size 57x17
                    RenderText {#text} at (2,2) size 57x17
                      text run at (2,2) width 57: "Resolved"
              RenderTableCell {TD} at (295,25) size 71x21 [bgcolor=#FF0000] [border: (1px inset #808080)] [r=1 c=4 rs=1 cs=1]
                RenderInline {B} at (0,0) size 58x21
                  RenderInline {FONT} at (0,0) size 58x17
                    RenderText {#text} at (2,2) size 58x17
                      text run at (2,2) width 58: "Duplicate"
              RenderTableCell {TD} at (368,25) size 69x21 [bgcolor=#FF0000] [border: (1px inset #808080)] [r=1 c=5 rs=1 cs=1]
                RenderInline {B} at (0,0) size 37x21
                  RenderInline {FONT} at (0,0) size 37x17
                    RenderText {#text} at (2,2) size 37x17
                      text run at (2,2) width 37: "July 1"
