layer at (0,0) size 800x600
  RenderView at (0,0) size 800x600
layer at (0,0) size 800x182
  RenderBlock {HTML} at (0,0) size 800x182
    RenderBody {BODY} at (8,8) size 784x166
      RenderTable {TABLE} at (0,0) size 200x143 [bgcolor=#008000]
        RenderTableSection {TBODY} at (0,0) size 200x143
          RenderTableRow {TR} at (0,60) size 200x23 [bgcolor=#FF0000]
            RenderTableCell {TD} at (60,60) size 80x23 [r=0 c=0 rs=1 cs=1]
              RenderText {#text} at (1,1) size 22x21
                text run at (1,1) width 22: "foo"
      RenderBlock {DIV} at (0,143) size 262x23 [border: (1px solid #000000)]
        RenderText {#text} at (1,1) size 44x21
          text run at (1,1) width 44: "260px"
