layer at (0,0) size 800x600
  RenderView at (0,0) size 800x600
layer at (0,0) size 800x136
  RenderBlock {HTML} at (0,0) size 800x136
    RenderBody {BODY} at (0,0) size 800x136
layer at (0,0) size 266x136 clip at (3,3) size 260x130 scrollHeight 145
  RenderBlock {DIV} at (0,0) size 266x136 [border: (3px solid #008000)]
    RenderTable {TABLE} at (16,3) size 56x143
      RenderTableSection {TBODY} at (0,0) size 56x143
        RenderTableRow {TR} at (0,0) size 56x143
          RenderTableCell {TD} at (0,0) size 56x143 [r=0 c=0 rs=1 cs=1]
            RenderText {#text} at (0,-2) size 56x134
              text run at (0,-2) width 53: "This____"
              text run at (0,11) width 50: "text____"
              text run at (0,24) width 52: "should__"
              text run at (0,37) width 56: "be______"
              text run at (0,50) width 52: "wrapped,"
              text run at (0,63) width 56: "one_____"
              text run at (0,76) width 55: "word____"
              text run at (0,89) width 53: "to______"
              text run at (0,102) width 56: "a_______"
              text run at (0,115) width 45: "line.___"
            RenderInline {SPAN} at (0,0) size 49x16 [color=#FFFF00] [bgcolor=#FF0000]
              RenderText {#text} at (0,129) size 49x16
                text run at (0,129) width 49: "_FAIL!__"
            RenderText {#text} at (0,0) size 0x0
