layer at (0,0) size 800x600
  RenderView at (0,0) size 800x600
layer at (0,0) size 800x600
  RenderBlock {HTML} at (0,0) size 800x600
    RenderBody {BODY} at (8,8) size 784x584
      RenderTable {TABLE} at (0,0) size 110x58 [border: (1px solid #FF0000)]
        RenderTableSection {TBODY} at (1,1) size 108x56
          RenderTableRow {TR} at (0,2) size 108x25
            RenderTableCell {TD} at (2,2) size 31x25 [border: (1px solid #008000)] [r=0 c=0 rs=1 cs=1]
              RenderText {#text} at (2,2) size 27x21
                text run at (2,2) width 27: "one"
            RenderTableCell {TD} at (35,2) size 29x25 [border: (1px solid #FF0000)] [r=0 c=1 rs=1 cs=1]
              RenderText {#text} at (2,2) size 25x21
                text run at (2,2) width 25: "two"
            RenderTableCell {TD} at (66,2) size 40x25 [border: (1px solid #0000FF)] [r=0 c=2 rs=1 cs=1]
              RenderText {#text} at (2,2) size 36x21
                text run at (2,2) width 36: "three"
          RenderTableRow {TR} at (0,29) size 108x25
            RenderTableCell {TD} at (2,29) size 31x25 [border: (1px solid #008000)] [r=1 c=0 rs=1 cs=1]
              RenderText {#text} at (2,2) size 27x21
                text run at (2,2) width 27: "four"
            RenderTableCell {TD} at (35,29) size 29x25 [border: (1px solid #FFFF00)] [r=1 c=1 rs=1 cs=1]
              RenderText {#text} at (2,2) size 25x21
                text run at (2,2) width 25: "five"
            RenderTableCell {TD} at (66,29) size 40x25 [border: (1px solid #FFA500)] [r=1 c=2 rs=1 cs=1]
              RenderText {#text} at (2,2) size 20x21
                text run at (2,2) width 20: "six"
      RenderBlock (anonymous) at (0,58) size 784x21
        RenderBR {BR} at (0,0) size 0x21
      RenderTable {TABLE} at (0,79) size 110x58 [border: (1px solid #FF0000)]
        RenderTableSection {TBODY} at (1,1) size 108x56
          RenderTableRow {TR} at (0,2) size 108x25
            RenderTableCell {TD} at (2,2) size 31x25 [border: (1px solid #008000)] [r=0 c=0 rs=1 cs=1]
              RenderText {#text} at (2,2) size 27x21
                text run at (2,2) width 27: "one"
            RenderTableCell {TD} at (35,2) size 29x25 [border: (1px solid #FF0000)] [r=0 c=1 rs=1 cs=1]
              RenderText {#text} at (2,2) size 25x21
                text run at (2,2) width 25: "two"
            RenderTableCell {TD} at (66,2) size 40x25 [border: (1px solid #0000FF)] [r=0 c=2 rs=1 cs=1]
              RenderText {#text} at (2,2) size 36x21
                text run at (2,2) width 36: "three"
          RenderTableRow {TR} at (0,29) size 108x25
            RenderTableCell {TD} at (2,29) size 31x25 [border: (1px solid #008000)] [r=1 c=0 rs=1 cs=1]
              RenderText {#text} at (2,2) size 27x21
                text run at (2,2) width 27: "four"
            RenderTableCell {TD} at (35,29) size 29x25 [border: (1px solid #FFFF00)] [r=1 c=1 rs=1 cs=1]
              RenderText {#text} at (2,2) size 25x21
                text run at (2,2) width 25: "five"
            RenderTableCell {TD} at (66,29) size 40x25 [border: (1px solid #FFA500)] [r=1 c=2 rs=1 cs=1]
              RenderText {#text} at (2,2) size 20x21
                text run at (2,2) width 20: "six"
      RenderBlock (anonymous) at (0,137) size 784x42
        RenderBR {BR} at (0,0) size 0x21
        RenderText {#text} at (0,21) size 258x21
          text run at (0,21) width 258: "should be 2px solid red around table"
      RenderTable {TABLE} at (0,179) size 79x33 [border: (2px solid #FF0000)]
        RenderTableSection {TBODY} at (2,2) size 75x29
          RenderTableRow {TR} at (0,2) size 75x25
            RenderTableCell {TD} at (2,2) size 34x25 [border: (1px inset #FF0000)] [r=0 c=0 rs=1 cs=1]
              RenderText {#text} at (2,2) size 30x21
                text run at (2,2) width 30: "One"
            RenderTableCell {TD} at (38,2) size 35x25 [border: (1px inset #FF0000)] [r=0 c=1 rs=1 cs=1]
              RenderText {#text} at (2,2) size 31x21
                text run at (2,2) width 31: "Two"
      RenderBlock (anonymous) at (0,212) size 784x42
        RenderBR {BR} at (0,0) size 0x21
        RenderText {#text} at (0,21) size 289x21
          text run at (0,21) width 289: "should be medium solid red around table"
      RenderTable {TABLE} at (0,254) size 81x35 [border: (3px solid #FF0000)]
        RenderTableSection {TBODY} at (3,3) size 75x29
          RenderTableRow {TR} at (0,2) size 75x25
            RenderTableCell {TD} at (2,2) size 34x25 [border: (1px inset #FF0000)] [r=0 c=0 rs=1 cs=1]
              RenderText {#text} at (2,2) size 30x21
                text run at (2,2) width 30: "One"
            RenderTableCell {TD} at (38,2) size 35x25 [border: (1px inset #FF0000)] [r=0 c=1 rs=1 cs=1]
              RenderText {#text} at (2,2) size 31x21
                text run at (2,2) width 31: "Two"
