layer at (0,0) size 800x600
  RenderView at (0,0) size 800x600
layer at (0,0) size 800x390
  RenderBlock {HTML} at (0,0) size 800x390
    RenderBody {BODY} at (8,8) size 784x374
      RenderTable {TABLE} at (0,0) size 159x58 [border: (1px outset #808080)]
        RenderTableSection {TBODY} at (1,1) size 157x56
          RenderTableRow {TR} at (0,2) size 157x25
            RenderTableCell {TD} at (2,2) size 78x25 [border: (1px inset #808080)] [r=0 c=0 rs=1 cs=1]
              RenderText {#text} at (2,2) size 74x21
                text run at (2,2) width 74: "rowspan 0"
            RenderTableCell {TD} at (82,2) size 73x25 [border: (1px inset #808080)] [r=0 c=1 rs=1 cs=1]
              RenderText {#text} at (2,2) size 69x21
                text run at (2,2) width 69: "colspan 0"
          RenderTableRow {TR} at (0,29) size 157x25
            RenderTableCell {TD} at (2,29) size 78x25 [border: (1px inset #808080)] [r=1 c=0 rs=1 cs=1]
              RenderText {#text} at (2,2) size 9x21
                text run at (2,2) width 9: "5"
            RenderTableCell {TD} at (82,29) size 73x25 [border: (1px inset #808080)] [r=1 c=1 rs=1 cs=1]
              RenderText {#text} at (2,2) size 9x21
                text run at (2,2) width 9: "6"
      RenderBlock (anonymous) at (0,58) size 784x21
        RenderBR {BR} at (0,0) size 0x21
      RenderTable {TABLE} at (0,79) size 109x58 [border: (1px outset #808080)]
        RenderTableSection {TBODY} at (1,1) size 107x56
          RenderTableRow {TR} at (0,2) size 107x25
            RenderTableCell {TD} at (2,2) size 73x25 [border: (1px inset #808080)] [r=0 c=0 rs=1 cs=1]
              RenderText {#text} at (2,2) size 69x21
                text run at (2,2) width 69: "colspan 0"
            RenderTableCell {TD} at (77,2) size 13x25 [border: (1px inset #808080)] [r=0 c=1 rs=1 cs=1]
              RenderText {#text} at (2,2) size 9x21
                text run at (2,2) width 9: "3"
          RenderTableRow {TR} at (0,29) size 107x25
            RenderTableCell {TD} at (2,29) size 73x25 [border: (1px inset #808080)] [r=1 c=0 rs=1 cs=1]
              RenderText {#text} at (2,2) size 9x21
                text run at (2,2) width 9: "4"
            RenderTableCell {TD} at (77,29) size 13x25 [border: (1px inset #808080)] [r=1 c=1 rs=1 cs=1]
              RenderText {#text} at (2,2) size 9x21
                text run at (2,2) width 9: "5"
            RenderTableCell {TD} at (92,29) size 13x25 [border: (1px inset #808080)] [r=1 c=2 rs=1 cs=1]
              RenderText {#text} at (2,2) size 9x21
                text run at (2,2) width 9: "6"
      RenderBlock (anonymous) at (0,137) size 784x21
        RenderBR {BR} at (0,0) size 0x21
      RenderTable {TABLE} at (0,158) size 187x58 [border: (1px outset #808080)]
        RenderTableSection {TBODY} at (1,1) size 185x56
          RenderTableRow {TR} at (0,2) size 185x25
            RenderTableCell {TD} at (2,2) size 13x25 [border: (1px inset #808080)] [r=0 c=0 rs=1 cs=1]
              RenderText {#text} at (2,2) size 9x21
                text run at (2,2) width 9: "1"
            RenderTableCell {TD} at (17,15) size 151x25 [border: (1px inset #808080)] [r=0 c=1 rs=2 cs=1]
              RenderText {#text} at (2,2) size 147x21
                text run at (2,2) width 147: "rowspan 0 colspan 0"
          RenderTableRow {TR} at (0,29) size 185x25
            RenderTableCell {TD} at (2,29) size 13x25 [border: (1px inset #808080)] [r=1 c=0 rs=1 cs=1]
              RenderText {#text} at (2,2) size 9x21
                text run at (2,2) width 9: "4"
            RenderTableCell {TD} at (170,29) size 13x25 [border: (1px inset #808080)] [r=1 c=2 rs=1 cs=1]
              RenderText {#text} at (2,2) size 9x21
                text run at (2,2) width 9: "6"
      RenderBlock (anonymous) at (0,216) size 784x21
        RenderBR {BR} at (0,0) size 0x21
      RenderTable {TABLE} at (0,237) size 34x58 [border: (1px outset #808080)]
        RenderTableSection {TBODY} at (1,1) size 32x56
          RenderTableRow {TR} at (0,2) size 32x25
            RenderTableCell {TD} at (2,2) size 13x25 [border: (1px inset #808080)] [r=0 c=0 rs=1 cs=1]
              RenderText {#text} at (2,2) size 9x21
                text run at (2,2) width 9: "1"
            RenderTableCell {TD} at (17,15) size 13x25 [border: (1px inset #808080)] [r=0 c=1 rs=2 cs=1]
              RenderText {#text} at (2,2) size 9x21
                text run at (2,2) width 9: "2"
          RenderTableRow {TR} at (0,29) size 32x25
            RenderTableCell {TD} at (2,29) size 13x25 [border: (1px inset #808080)] [r=1 c=0 rs=1 cs=1]
              RenderText {#text} at (2,2) size 9x21
                text run at (2,2) width 9: "3"
      RenderBlock (anonymous) at (0,295) size 784x21
        RenderBR {BR} at (0,0) size 0x21
      RenderTable {TABLE} at (0,316) size 158x58 [border: (1px outset #808080)]
        RenderTableSection {TBODY} at (1,1) size 156x56
          RenderTableRow {TR} at (0,2) size 156x25
            RenderTableCell {TD} at (2,2) size 35x25 [border: (1px inset #808080)] [r=0 c=0 rs=1 cs=1]
              RenderText {#text} at (2,2) size 31x21
                text run at (2,2) width 31: "auto"
            RenderTableCell {TD} at (39,2) size 78x25 [border: (1px inset #808080)] [r=0 c=1 rs=1 cs=1]
              RenderText {#text} at (2,2) size 74x21
                text run at (2,2) width 74: "rowspan 0"
            RenderTableCell {TD} at (119,2) size 35x25 [border: (1px inset #808080)] [r=0 c=2 rs=1 cs=1]
              RenderText {#text} at (2,2) size 31x21
                text run at (2,2) width 31: "auto"
          RenderTableRow {TR} at (0,29) size 156x25
            RenderTableCell {TD} at (2,29) size 35x25 [border: (1px inset #808080)] [r=1 c=0 rs=1 cs=1]
              RenderText {#text} at (2,2) size 31x21
                text run at (2,2) width 31: "auto"
            RenderTableCell {TD} at (39,29) size 78x25 [border: (1px inset #808080)] [r=1 c=1 rs=1 cs=1]
              RenderText {#text} at (2,2) size 31x21
                text run at (2,2) width 31: "auto"
            RenderTableCell {TD} at (119,29) size 35x25 [border: (1px inset #808080)] [r=1 c=2 rs=1 cs=1]
              RenderText {#text} at (2,2) size 31x21
                text run at (2,2) width 31: "auto"
