layer at (0,0) size 800x600
  RenderView at (0,0) size 800x600
layer at (0,0) size 800x600
  RenderBlock {HTML} at (0,0) size 800x600
    RenderBody {BODY} at (8,8) size 784x584 [bgcolor=#FFFFFF]
      RenderTable {TABLE} at (0,0) size 87x31
        RenderTableSection {TBODY} at (0,0) size 87x31
          RenderTableRow {TR} at (0,5) size 87x21
            RenderTableCell {TD} at (5,5) size 33x21 [r=0 c=0 rs=1 cs=1]
              RenderText {#text} at (0,0) size 33x21
                text run at (0,0) width 33: "Blah"
            RenderTableCell {TD} at (43,15) size 1x0 [bgcolor=#000000] [r=0 c=1 rs=1 cs=1]
              RenderInline {SPACER} at (0,0) size 0x0
            RenderTableCell {TD} at (49,5) size 33x21 [r=0 c=2 rs=1 cs=1]
              RenderText {#text} at (0,0) size 33x21
                text run at (0,0) width 33: "Blah"
      RenderBlock (anonymous) at (0,31) size 784x21
        RenderBR {BR} at (0,0) size 0x21
