layer at (0,0) size 800x600
  RenderView at (0,0) size 800x600
layer at (0,0) size 800x600
  RenderBlock {HTML} at (0,0) size 800x600
    RenderBody {BODY} at (8,8) size 784x584
      RenderBlock (anonymous) at (0,0) size 784x21
        RenderText {#text} at (0,0) size 119x21
          text run at (0,0) width 119: "table height=200"
      RenderTable {TABLE} at (0,21) size 120x200 [border: (1px outset #808080)]
        RenderTableSection {TBODY} at (1,1) size 118x198
          RenderTableRow {TR} at (0,2) size 118x156
            RenderTableCell {TD} at (2,67) size 114x25 [border: (1px inset #808080)] [r=0 c=0 rs=1 cs=1]
              RenderText {#text} at (2,2) size 110x21
                text run at (2,2) width 110: "80% height row"
          RenderTableRow {TR} at (0,160) size 118x36
            RenderTableCell {TD} at (2,165) size 114x25 [border: (1px inset #808080)] [r=1 c=0 rs=1 cs=1]
              RenderText {#text} at (2,2) size 110x21
                text run at (2,2) width 110: "80% height row"
      RenderBlock (anonymous) at (0,221) size 784x42
        RenderBR {BR} at (0,0) size 0x21
        RenderText {#text} at (0,21) size 119x21
          text run at (0,21) width 119: "table height=200"
      RenderTable {TABLE} at (0,263) size 115x306 [border: (1px outset #808080)]
        RenderTableSection {TBODY} at (1,1) size 113x304
          RenderTableRow {TR} at (0,2) size 113x300
            RenderTableCell {TD} at (2,139) size 109x25 [border: (1px inset #808080)] [r=0 c=0 rs=1 cs=1]
              RenderText {#text} at (2,2) size 105x21
                text run at (2,2) width 105: "400 height row"
