layer at (0,0) size 800x600
  RenderView at (0,0) size 800x600
layer at (0,0) size 800x600
  RenderBlock {HTML} at (0,0) size 800x600
    RenderBody {BODY} at (8,8) size 784x584 [bgcolor=#FFFFFF]
      RenderInline {A} at (0,0) size 71x21 [color=#0000EE]
        RenderText {#text} at (0,0) size 71x21
          text run at (0,0) width 71: "Hide Blue"
      RenderText {#text} at (71,0) size 12x21
        text run at (71,0) width 12: "   "
      RenderInline {A} at (0,0) size 78x21 [color=#0000EE]
        RenderText {#text} at (83,0) size 78x21
          text run at (83,0) width 78: "Show Blue"
      RenderText {#text} at (161,0) size 12x21
        text run at (161,0) width 12: "   "
      RenderBR {BR} at (0,0) size 0x0
      RenderText {#text} at (0,21) size 207x21
        text run at (0,21) width 207: "Should not see the blue table"
      RenderBR {BR} at (207,37) size 0x0
      RenderBR {BR} at (0,42) size 0x21
