layer at (0,0) size 784x1516
  RenderView at (0,0) size 784x600
layer at (0,0) size 784x1516
  RenderBlock {HTML} at (0,0) size 784x1516
    RenderBody {BODY} at (8,8) size 768x1500
      RenderTable {TABLE} at (0,0) size 254x500
        RenderTableSection {TBODY} at (0,0) size 254x500
          RenderTableRow {TR} at (0,2) size 254x23
            RenderTableCell {TD} at (2,2) size 250x23 [r=0 c=0 rs=1 cs=1]
              RenderText {#text} at (1,1) size 248x21
                text run at (1,1) width 248: "Occasional height/width on images"
          RenderTableRow {TR} at (0,27) size 254x34
            RenderTableCell {TD} at (2,27) size 250x34 [r=1 c=0 rs=1 cs=1]
              RenderImage {IMG} at (1,1) size 75x32
          RenderTableRow {TR} at (0,63) size 254x24
            RenderTableCell {TD} at (2,63) size 250x24 [r=2 c=0 rs=1 cs=1]
              RenderImage {IMG} at (1,1) size 44x22
          RenderTableRow {TR} at (0,89) size 254x15
            RenderTableCell {TD} at (2,89) size 250x15 [r=3 c=0 rs=1 cs=1]
              RenderImage {IMG} at (1,1) size 89x13
          RenderTableRow {TR} at (0,106) size 254x15
            RenderTableCell {TD} at (2,106) size 250x15 [r=4 c=0 rs=1 cs=1]
              RenderImage {IMG} at (1,1) size 89x13
          RenderTableRow {TR} at (0,123) size 254x31
            RenderTableCell {TD} at (2,123) size 250x31 [r=5 c=0 rs=1 cs=1]
              RenderImage {IMG} at (1,1) size 31x29
          RenderTableRow {TR} at (0,156) size 254x23
            RenderTableCell {TD} at (2,156) size 250x23 [r=6 c=0 rs=1 cs=1]
              RenderImage {IMG} at (1,1) size 62x21
          RenderTableRow {TR} at (0,181) size 254x17
            RenderTableCell {TD} at (2,181) size 250x17 [r=7 c=0 rs=1 cs=1]
              RenderImage {IMG} at (1,1) size 70x15
          RenderTableRow {TR} at (0,200) size 254x28
            RenderTableCell {TD} at (2,200) size 250x28 [r=8 c=0 rs=1 cs=1]
              RenderImage {IMG} at (1,1) size 42x26
          RenderTableRow {TR} at (0,230) size 254x17
            RenderTableCell {TD} at (2,230) size 250x17 [r=9 c=0 rs=1 cs=1]
              RenderImage {IMG} at (1,1) size 84x15
          RenderTableRow {TR} at (0,249) size 254x17
            RenderTableCell {TD} at (2,249) size 250x17 [r=10 c=0 rs=1 cs=1]
              RenderImage {IMG} at (1,1) size 90x15
          RenderTableRow {TR} at (0,268) size 254x34
            RenderTableCell {TD} at (2,268) size 250x34 [r=11 c=0 rs=1 cs=1]
              RenderImage {IMG} at (1,1) size 59x32
          RenderTableRow {TR} at (0,304) size 254x17
            RenderTableCell {TD} at (2,304) size 250x17 [r=12 c=0 rs=1 cs=1]
              RenderImage {IMG} at (1,1) size 90x15
          RenderTableRow {TR} at (0,323) size 254x17
            RenderTableCell {TD} at (2,323) size 250x17 [r=13 c=0 rs=1 cs=1]
              RenderImage {IMG} at (1,1) size 90x15
          RenderTableRow {TR} at (0,342) size 254x21
            RenderTableCell {TD} at (2,342) size 250x21 [r=14 c=0 rs=1 cs=1]
              RenderImage {IMG} at (1,1) size 83x19
          RenderTableRow {TR} at (0,365) size 254x33
            RenderTableCell {TD} at (2,365) size 250x33 [r=15 c=0 rs=1 cs=1]
              RenderImage {IMG} at (1,1) size 54x31
          RenderTableRow {TR} at (0,400) size 254x27
            RenderTableCell {TD} at (2,400) size 250x27 [r=16 c=0 rs=1 cs=1]
              RenderImage {IMG} at (1,1) size 56x25
          RenderTableRow {TR} at (0,429) size 254x17
            RenderTableCell {TD} at (2,429) size 250x17 [r=17 c=0 rs=1 cs=1]
              RenderImage {IMG} at (1,1) size 53x15
          RenderTableRow {TR} at (0,448) size 254x31
            RenderTableCell {TD} at (2,448) size 250x31 [r=18 c=0 rs=1 cs=1]
              RenderImage {IMG} at (1,1) size 31x29
          RenderTableRow {TR} at (0,481) size 254x17
            RenderTableCell {TD} at (2,481) size 250x17 [r=19 c=0 rs=1 cs=1]
              RenderImage {IMG} at (1,1) size 53x15
      RenderTable {TABLE} at (0,500) size 293x500
        RenderTableSection {TBODY} at (0,0) size 293x500
          RenderTableRow {TR} at (0,2) size 293x23
            RenderTableCell {TD} at (2,2) size 289x23 [r=0 c=0 rs=1 cs=1]
              RenderText {#text} at (1,1) size 287x21
                text run at (1,1) width 287: "Images with height/width never specified"
          RenderTableRow {TR} at (0,27) size 293x34
            RenderTableCell {TD} at (2,27) size 289x34 [r=1 c=0 rs=1 cs=1]
              RenderImage {IMG} at (1,1) size 75x32
          RenderTableRow {TR} at (0,63) size 293x24
            RenderTableCell {TD} at (2,63) size 289x24 [r=2 c=0 rs=1 cs=1]
              RenderImage {IMG} at (1,1) size 44x22
          RenderTableRow {TR} at (0,89) size 293x15
            RenderTableCell {TD} at (2,89) size 289x15 [r=3 c=0 rs=1 cs=1]
              RenderImage {IMG} at (1,1) size 89x13
          RenderTableRow {TR} at (0,106) size 293x15
            RenderTableCell {TD} at (2,106) size 289x15 [r=4 c=0 rs=1 cs=1]
              RenderImage {IMG} at (1,1) size 89x13
          RenderTableRow {TR} at (0,123) size 293x31
            RenderTableCell {TD} at (2,123) size 289x31 [r=5 c=0 rs=1 cs=1]
              RenderImage {IMG} at (1,1) size 31x29
          RenderTableRow {TR} at (0,156) size 293x23
            RenderTableCell {TD} at (2,156) size 289x23 [r=6 c=0 rs=1 cs=1]
              RenderImage {IMG} at (1,1) size 62x21
          RenderTableRow {TR} at (0,181) size 293x17
            RenderTableCell {TD} at (2,181) size 289x17 [r=7 c=0 rs=1 cs=1]
              RenderImage {IMG} at (1,1) size 70x15
          RenderTableRow {TR} at (0,200) size 293x28
            RenderTableCell {TD} at (2,200) size 289x28 [r=8 c=0 rs=1 cs=1]
              RenderImage {IMG} at (1,1) size 42x26
          RenderTableRow {TR} at (0,230) size 293x17
            RenderTableCell {TD} at (2,230) size 289x17 [r=9 c=0 rs=1 cs=1]
              RenderImage {IMG} at (1,1) size 84x15
          RenderTableRow {TR} at (0,249) size 293x17
            RenderTableCell {TD} at (2,249) size 289x17 [r=10 c=0 rs=1 cs=1]
              RenderImage {IMG} at (1,1) size 90x15
          RenderTableRow {TR} at (0,268) size 293x34
            RenderTableCell {TD} at (2,268) size 289x34 [r=11 c=0 rs=1 cs=1]
              RenderImage {IMG} at (1,1) size 59x32
          RenderTableRow {TR} at (0,304) size 293x17
            RenderTableCell {TD} at (2,304) size 289x17 [r=12 c=0 rs=1 cs=1]
              RenderImage {IMG} at (1,1) size 90x15
          RenderTableRow {TR} at (0,323) size 293x17
            RenderTableCell {TD} at (2,323) size 289x17 [r=13 c=0 rs=1 cs=1]
              RenderImage {IMG} at (1,1) size 90x15
          RenderTableRow {TR} at (0,342) size 293x21
            RenderTableCell {TD} at (2,342) size 289x21 [r=14 c=0 rs=1 cs=1]
              RenderImage {IMG} at (1,1) size 83x19
          RenderTableRow {TR} at (0,365) size 293x33
            RenderTableCell {TD} at (2,365) size 289x33 [r=15 c=0 rs=1 cs=1]
              RenderImage {IMG} at (1,1) size 54x31
          RenderTableRow {TR} at (0,400) size 293x27
            RenderTableCell {TD} at (2,400) size 289x27 [r=16 c=0 rs=1 cs=1]
              RenderImage {IMG} at (1,1) size 56x25
          RenderTableRow {TR} at (0,429) size 293x17
            RenderTableCell {TD} at (2,429) size 289x17 [r=17 c=0 rs=1 cs=1]
              RenderImage {IMG} at (1,1) size 53x15
          RenderTableRow {TR} at (0,448) size 293x31
            RenderTableCell {TD} at (2,448) size 289x31 [r=18 c=0 rs=1 cs=1]
              RenderImage {IMG} at (1,1) size 31x29
          RenderTableRow {TR} at (0,481) size 293x17
            RenderTableCell {TD} at (2,481) size 289x17 [r=19 c=0 rs=1 cs=1]
              RenderImage {IMG} at (1,1) size 53x15
      RenderTable {TABLE} at (0,1000) size 303x500
        RenderTableSection {TBODY} at (0,0) size 303x500
          RenderTableRow {TR} at (0,2) size 303x23
            RenderTableCell {TD} at (2,2) size 299x23 [r=0 c=0 rs=1 cs=1]
              RenderText {#text} at (1,1) size 297x21
                text run at (1,1) width 297: "Images with height/width always specified"
          RenderTableRow {TR} at (0,27) size 303x34
            RenderTableCell {TD} at (2,27) size 299x34 [r=1 c=0 rs=1 cs=1]
              RenderImage {IMG} at (1,1) size 75x32
          RenderTableRow {TR} at (0,63) size 303x24
            RenderTableCell {TD} at (2,63) size 299x24 [r=2 c=0 rs=1 cs=1]
              RenderImage {IMG} at (1,1) size 44x22
          RenderTableRow {TR} at (0,89) size 303x15
            RenderTableCell {TD} at (2,89) size 299x15 [r=3 c=0 rs=1 cs=1]
              RenderImage {IMG} at (1,1) size 89x13
          RenderTableRow {TR} at (0,106) size 303x15
            RenderTableCell {TD} at (2,106) size 299x15 [r=4 c=0 rs=1 cs=1]
              RenderImage {IMG} at (1,1) size 89x13
          RenderTableRow {TR} at (0,123) size 303x31
            RenderTableCell {TD} at (2,123) size 299x31 [r=5 c=0 rs=1 cs=1]
              RenderImage {IMG} at (1,1) size 31x29
          RenderTableRow {TR} at (0,156) size 303x23
            RenderTableCell {TD} at (2,156) size 299x23 [r=6 c=0 rs=1 cs=1]
              RenderImage {IMG} at (1,1) size 62x21
          RenderTableRow {TR} at (0,181) size 303x17
            RenderTableCell {TD} at (2,181) size 299x17 [r=7 c=0 rs=1 cs=1]
              RenderImage {IMG} at (1,1) size 70x15
          RenderTableRow {TR} at (0,200) size 303x28
            RenderTableCell {TD} at (2,200) size 299x28 [r=8 c=0 rs=1 cs=1]
              RenderImage {IMG} at (1,1) size 42x26
          RenderTableRow {TR} at (0,230) size 303x17
            RenderTableCell {TD} at (2,230) size 299x17 [r=9 c=0 rs=1 cs=1]
              RenderImage {IMG} at (1,1) size 84x15
          RenderTableRow {TR} at (0,249) size 303x17
            RenderTableCell {TD} at (2,249) size 299x17 [r=10 c=0 rs=1 cs=1]
              RenderImage {IMG} at (1,1) size 90x15
          RenderTableRow {TR} at (0,268) size 303x34
            RenderTableCell {TD} at (2,268) size 299x34 [r=11 c=0 rs=1 cs=1]
              RenderImage {IMG} at (1,1) size 59x32
          RenderTableRow {TR} at (0,304) size 303x17
            RenderTableCell {TD} at (2,304) size 299x17 [r=12 c=0 rs=1 cs=1]
              RenderImage {IMG} at (1,1) size 90x15
          RenderTableRow {TR} at (0,323) size 303x17
            RenderTableCell {TD} at (2,323) size 299x17 [r=13 c=0 rs=1 cs=1]
              RenderImage {IMG} at (1,1) size 90x15
          RenderTableRow {TR} at (0,342) size 303x21
            RenderTableCell {TD} at (2,342) size 299x21 [r=14 c=0 rs=1 cs=1]
              RenderImage {IMG} at (1,1) size 83x19
          RenderTableRow {TR} at (0,365) size 303x33
            RenderTableCell {TD} at (2,365) size 299x33 [r=15 c=0 rs=1 cs=1]
              RenderImage {IMG} at (1,1) size 54x31
          RenderTableRow {TR} at (0,400) size 303x27
            RenderTableCell {TD} at (2,400) size 299x27 [r=16 c=0 rs=1 cs=1]
              RenderImage {IMG} at (1,1) size 56x25
          RenderTableRow {TR} at (0,429) size 303x17
            RenderTableCell {TD} at (2,429) size 299x17 [r=17 c=0 rs=1 cs=1]
              RenderImage {IMG} at (1,1) size 53x15
          RenderTableRow {TR} at (0,448) size 303x31
            RenderTableCell {TD} at (2,448) size 299x31 [r=18 c=0 rs=1 cs=1]
              RenderImage {IMG} at (1,1) size 31x29
          RenderTableRow {TR} at (0,481) size 303x17
            RenderTableCell {TD} at (2,481) size 299x17 [r=19 c=0 rs=1 cs=1]
              RenderImage {IMG} at (1,1) size 53x15
