layer at (0,0) size 800x600
  RenderView at (0,0) size 800x600
layer at (0,0) size 800x258
  RenderBlock {HTML} at (0,0) size 800x258
    RenderBody {BODY} at (8,21) size 784x229
      RenderBlock {H1} at (0,0) size 784x42
        RenderText {#text} at (0,0) size 404x42
          text run at (0,0) width 404: "insertRow() bugs, 0 based"
      RenderTable {TABLE} at (0,63) size 162x166 [border: (1px outset #808080)]
        RenderTableSection {TBODY} at (1,1) size 160x164
          RenderTableRow {TR} at (0,2) size 160x25
            RenderTableCell {TD} at (2,2) size 156x25 [border: (1px inset #808080)] [r=0 c=0 rs=1 cs=1]
              RenderText {#text} at (2,2) size 152x21
                text run at (2,2) width 152: "This is row number 0."
          RenderTableRow {TR} at (0,29) size 160x25
            RenderTableCell {TD} at (2,29) size 156x25 [border: (1px inset #808080)] [r=1 c=0 rs=1 cs=1]
              RenderText {#text} at (2,2) size 152x21
                text run at (2,2) width 152: "This is row number 1."
          RenderTableRow {TR} at (0,56) size 160x25
            RenderTableCell {TD} at (2,56) size 156x25 [border: (1px inset #808080)] [r=2 c=0 rs=1 cs=1]
              RenderText {#text} at (2,2) size 152x21
                text run at (2,2) width 152: "This is row number 2."
          RenderTableRow {TR} at (0,83) size 160x25
            RenderTableCell {TD} at (2,83) size 156x25 [border: (1px inset #808080)] [r=3 c=0 rs=1 cs=1]
              RenderText {#text} at (2,2) size 152x21
                text run at (2,2) width 152: "This is row number 3."
          RenderTableRow {TR} at (0,110) size 160x25
            RenderTableCell {TD} at (2,110) size 156x25 [border: (1px inset #808080)] [r=4 c=0 rs=1 cs=1]
              RenderText {#text} at (2,2) size 152x21
                text run at (2,2) width 152: "This is row number 4."
          RenderTableRow {TR} at (0,137) size 160x25
            RenderTableCell {TD} at (2,137) size 156x25 [border: (1px inset #808080)] [r=5 c=0 rs=1 cs=1]
              RenderText {#text} at (2,2) size 152x21
                text run at (2,2) width 152: "This is row number 5."
