layer at (0,0) size 800x600
  RenderView at (0,0) size 800x600
layer at (0,0) size 800x600
  RenderBlock {HTML} at (0,0) size 800x600
    RenderBody {BODY} at (8,8) size 784x584
      RenderTable {TABLE} at (0,0) size 784x311 [border: (4px solid #0000FF)]
        RenderTableSection {TBODY} at (4,4) size 776x303
          RenderTableRow {TR} at (0,2) size 776x299
            RenderTableCell {TD} at (2,2) size 595x125 [border: (1px solid #0000FF)] [r=0 c=0 rs=1 cs=1]
              RenderTable {TABLE} at (2,2) size 591x121 [border: (4px solid #008000)]
                RenderTableSection {TBODY} at (4,4) size 583x113
                  RenderTableRow {TR} at (0,2) size 583x109
                    RenderTableCell {TD} at (2,2) size 579x109 [border: (1px solid #008000)] [r=0 c=0 rs=1 cs=1]
                      RenderText {#text} at (2,2) size 572x105
                        text run at (2,2) width 570: "this is a bunch of text. this is a bunch of text. this is a bunch of text. this is a bunch"
                        text run at (2,23) width 572: "of text. this is a bunch of text. this is a bunch of text. this is a bunch of text. this is a"
                        text run at (2,44) width 98: "bunch of text. "
                        text run at (100,44) width 464: "this is a bunch of text. this is a bunch of text. this is a bunch of text."
                        text run at (2,65) width 570: "this is a bunch of text. this is a bunch of text. this is a bunch of text. this is a bunch"
                        text run at (2,86) width 514: "of text. this is a bunch of text. this is a bunch of text. this is a bunch of text."
            RenderTableCell {TD} at (599,2) size 175x299 [border: (1px solid #0000FF)] [r=0 c=1 rs=1 cs=1]
              RenderTable {TABLE} at (2,2) size 171x295 [border: (4px solid #008000)]
                RenderTableSection {TBODY} at (4,4) size 163x287
                  RenderTableRow {TR} at (0,2) size 163x283
                    RenderTableCell {TD} at (2,2) size 159x283 [border: (1px solid #008000)] [r=0 c=0 rs=1 cs=1]
                      RenderBlock (anonymous) at (2,2) size 155x21
                        RenderText {#text} at (0,0) size 131x21
                          text run at (0,0) width 131: "this cell is nowrap."
                      RenderTable {TABLE} at (2,23) size 155x258 [border: (4px solid #FF0000)]
                        RenderTableSection {TBODY} at (4,4) size 147x250
                          RenderTableRow {TR} at (0,2) size 147x246
                            RenderTableCell {TD} at (2,2) size 143x246 [border: (1px solid #FF0000)] [r=0 c=0 rs=1 cs=1]
                              RenderBlock (anonymous) at (2,2) size 139x63
                                RenderText {#text} at (0,0) size 129x63
                                  text run at (0,0) width 129: "this text is in a cell"
                                  text run at (0,21) width 69: "of a table,"
                                  text run at (0,42) width 100: "contained in a"
                              RenderBlock {P} at (2,81) size 139x21
                                RenderInline {B} at (0,0) size 139x21
                                  RenderText {#text} at (0,0) size 139x21
                                    text run at (0,0) width 139: "cell with NOWRAP"
                              RenderBlock (anonymous) at (2,118) size 139x126
                                RenderText {#text} at (0,0) size 134x126
                                  text run at (0,0) width 132: "but this text should"
                                  text run at (0,21) width 43: "wrap! "
                                  text run at (43,21) width 91: "only the bold"
                                  text run at (0,42) width 103: "text should not"
                                  text run at (0,63) width 120: "wrap be cause is"
                                  text run at (0,84) width 115: "contained in a P"
                                  text run at (0,105) width 98: "that's nowrap."
      RenderBlock (anonymous) at (0,311) size 784x42
        RenderBR {BR} at (0,0) size 0x21
        RenderText {#text} at (0,21) size 365x21
          text run at (0,21) width 365: "Tables have a thick border, cells have a thin border."
