layer at (0,0) size 800x600
  RenderView at (0,0) size 800x600
layer at (0,0) size 800x600
  RenderBlock {HTML} at (0,0) size 800x600
    RenderBody {BODY} at (8,8) size 784x584
layer at (8,8) size 404x404 clip at (10,10) size 400x385 scrollX 200 scrollWidth 2900
  RenderBlock {DIV} at (0,0) size 404x404 [border: (2px solid #000000)]
    RenderText {#text} at (2,2) size 400x2264
      text run at (2,2) width 396: "Lorem ipsum dolor sit amet, consectetur adipiscing elit. Maecenas"
      text run at (2,22) width 400: "lacinia massa in lectus pretium vulputate. Curabitur viverra augue in"
      text run at (2,42) width 365: "leo faucibus congue. Vestibulum ligula neque, commodo eget"
      text run at (2,62) width 385: "blandit sit amet, facilisis vitae mi. Vivamus pretium lorem a quam"
      text run at (2,82) width 364: "imperdiet in placerat purus sagittis. Aliquam ut dui nibh. Cras"
      text run at (2,102) width 367: "faucibus imperdiet pellentesque. Curabitur vel tortor quam, ut"
      text run at (2,122) width 386: "pharetra eros. Mauris euismod, justo in mattis ultricies, risus velit"
      text run at (2,142) width 373: "pretium ligula, eu sodales libero dolor et massa. Phasellus eros"
      text run at (2,162) width 363: "quam, faucibus sed consectetur et, elementum ut erat. Morbi"
      text run at (2,182) width 390: "fringilla, lorem non fermentum vulputate, quam metus ullamcorper"
      text run at (2,202) width 375: "quam, eu porttitor diam metus eget augue. Donec non lorem et"
      text run at (2,222) width 400: "arcu adipiscing suscipit. Donec porta euismod magna a fermentum."
      text run at (2,242) width 390: "Suspendisse vestibulum rhoncus bibendum. Nam in nisi eget nulla"
      text run at (2,262) width 393: "vestibulum rutrum. Aenean eu libero turpis. Lorem ipsum dolor sit"
      text run at (2,282) width 394: "amet, consectetur adipiscing elit. Maecenas lacinia massa in lectus"
      text run at (2,302) width 392: "pretium vulputate. Curabitur viverra augue in leo faucibus congue."
      text run at (2,322) width 383: "Vestibulum ligula neque, commodo eget blandit sit amet, facilisis"
      text run at (2,342) width 367: "vitae mi. Vivamus pretium lorem a quam imperdiet in placerat"
      text run at (2,362) width 351: "purus sagittis. Aliquam ut dui nibh. Cras faucibus imperdiet"
      text run at (2,387) width 388: "pellentesque. Curabitur vel tortor quam, ut pharetra eros. Mauris"
      text run at (2,407) width 357: "euismod, justo in mattis ultricies, risus velit pretium ligula, eu"
      text run at (2,427) width 387: "sodales libero dolor et massa. Phasellus eros quam, faucibus sed"
      text run at (2,447) width 358: "consectetur et, elementum ut erat. Morbi fringilla, lorem non"
      text run at (2,467) width 388: "fermentum vulputate, quam metus ullamcorper quam, eu porttitor"
      text run at (2,487) width 356: "diam metus eget augue. Donec non lorem et arcu adipiscing"
      text run at (2,507) width 385: "suscipit. Donec porta euismod magna a fermentum. Suspendisse"
      text run at (2,527) width 379: "vestibulum rhoncus bibendum. Nam in nisi eget nulla vestibulum"
      text run at (2,547) width 363: "rutrum. Aenean eu libero turpis. Lorem ipsum dolor sit amet,"
      text run at (2,567) width 357: "consectetur adipiscing elit. Maecenas lacinia massa in lectus"
      text run at (2,587) width 392: "pretium vulputate. Curabitur viverra augue in leo faucibus congue."
      text run at (2,607) width 383: "Vestibulum ligula neque, commodo eget blandit sit amet, facilisis"
      text run at (2,627) width 367: "vitae mi. Vivamus pretium lorem a quam imperdiet in placerat"
      text run at (2,647) width 351: "purus sagittis. Aliquam ut dui nibh. Cras faucibus imperdiet"
      text run at (2,667) width 388: "pellentesque. Curabitur vel tortor quam, ut pharetra eros. Mauris"
      text run at (2,687) width 357: "euismod, justo in mattis ultricies, risus velit pretium ligula, eu"
      text run at (2,707) width 387: "sodales libero dolor et massa. Phasellus eros quam, faucibus sed"
      text run at (2,727) width 358: "consectetur et, elementum ut erat. Morbi fringilla, lorem non"
      text run at (2,747) width 388: "fermentum vulputate, quam metus ullamcorper quam, eu porttitor"
      text run at (2,772) width 356: "diam metus eget augue. Donec non lorem et arcu adipiscing"
      text run at (2,792) width 385: "suscipit. Donec porta euismod magna a fermentum. Suspendisse"
      text run at (2,812) width 379: "vestibulum rhoncus bibendum. Nam in nisi eget nulla vestibulum"
      text run at (2,832) width 363: "rutrum. Aenean eu libero turpis. Lorem ipsum dolor sit amet,"
      text run at (2,852) width 357: "consectetur adipiscing elit. Maecenas lacinia massa in lectus"
      text run at (2,872) width 392: "pretium vulputate. Curabitur viverra augue in leo faucibus congue."
      text run at (2,892) width 383: "Vestibulum ligula neque, commodo eget blandit sit amet, facilisis"
      text run at (2,912) width 367: "vitae mi. Vivamus pretium lorem a quam imperdiet in placerat"
      text run at (2,932) width 351: "purus sagittis. Aliquam ut dui nibh. Cras faucibus imperdiet"
      text run at (2,952) width 388: "pellentesque. Curabitur vel tortor quam, ut pharetra eros. Mauris"
      text run at (2,972) width 357: "euismod, justo in mattis ultricies, risus velit pretium ligula, eu"
      text run at (2,992) width 387: "sodales libero dolor et massa. Phasellus eros quam, faucibus sed"
      text run at (2,1012) width 358: "consectetur et, elementum ut erat. Morbi fringilla, lorem non"
      text run at (2,1032) width 388: "fermentum vulputate, quam metus ullamcorper quam, eu porttitor"
      text run at (2,1052) width 356: "diam metus eget augue. Donec non lorem et arcu adipiscing"
      text run at (2,1072) width 385: "suscipit. Donec porta euismod magna a fermentum. Suspendisse"
      text run at (2,1092) width 379: "vestibulum rhoncus bibendum. Nam in nisi eget nulla vestibulum"
      text run at (2,1112) width 363: "rutrum. Aenean eu libero turpis. Lorem ipsum dolor sit amet,"
      text run at (2,1132) width 357: "consectetur adipiscing elit. Maecenas lacinia massa in lectus"
      text run at (2,1157) width 392: "pretium vulputate. Curabitur viverra augue in leo faucibus congue."
      text run at (2,1177) width 383: "Vestibulum ligula neque, commodo eget blandit sit amet, facilisis"
      text run at (2,1197) width 367: "vitae mi. Vivamus pretium lorem a quam imperdiet in placerat"
      text run at (2,1217) width 351: "purus sagittis. Aliquam ut dui nibh. Cras faucibus imperdiet"
      text run at (2,1237) width 388: "pellentesque. Curabitur vel tortor quam, ut pharetra eros. Mauris"
      text run at (2,1257) width 357: "euismod, justo in mattis ultricies, risus velit pretium ligula, eu"
      text run at (2,1277) width 387: "sodales libero dolor et massa. Phasellus eros quam, faucibus sed"
      text run at (2,1297) width 358: "consectetur et, elementum ut erat. Morbi fringilla, lorem non"
      text run at (2,1317) width 388: "fermentum vulputate, quam metus ullamcorper quam, eu porttitor"
      text run at (2,1337) width 356: "diam metus eget augue. Donec non lorem et arcu adipiscing"
      text run at (2,1357) width 385: "suscipit. Donec porta euismod magna a fermentum. Suspendisse"
      text run at (2,1377) width 379: "vestibulum rhoncus bibendum. Nam in nisi eget nulla vestibulum"
      text run at (2,1397) width 363: "rutrum. Aenean eu libero turpis. Lorem ipsum dolor sit amet,"
      text run at (2,1417) width 357: "consectetur adipiscing elit. Maecenas lacinia massa in lectus"
      text run at (2,1437) width 392: "pretium vulputate. Curabitur viverra augue in leo faucibus congue."
      text run at (2,1457) width 383: "Vestibulum ligula neque, commodo eget blandit sit amet, facilisis"
      text run at (2,1477) width 367: "vitae mi. Vivamus pretium lorem a quam imperdiet in placerat"
      text run at (2,1497) width 351: "purus sagittis. Aliquam ut dui nibh. Cras faucibus imperdiet"
      text run at (2,1517) width 388: "pellentesque. Curabitur vel tortor quam, ut pharetra eros. Mauris"
      text run at (2,1542) width 357: "euismod, justo in mattis ultricies, risus velit pretium ligula, eu"
      text run at (2,1562) width 387: "sodales libero dolor et massa. Phasellus eros quam, faucibus sed"
      text run at (2,1582) width 358: "consectetur et, elementum ut erat. Morbi fringilla, lorem non"
      text run at (2,1602) width 388: "fermentum vulputate, quam metus ullamcorper quam, eu porttitor"
      text run at (2,1622) width 356: "diam metus eget augue. Donec non lorem et arcu adipiscing"
      text run at (2,1642) width 385: "suscipit. Donec porta euismod magna a fermentum. Suspendisse"
      text run at (2,1662) width 379: "vestibulum rhoncus bibendum. Nam in nisi eget nulla vestibulum"
      text run at (2,1682) width 363: "rutrum. Aenean eu libero turpis. Lorem ipsum dolor sit amet,"
      text run at (2,1702) width 357: "consectetur adipiscing elit. Maecenas lacinia massa in lectus"
      text run at (2,1722) width 392: "pretium vulputate. Curabitur viverra augue in leo faucibus congue."
      text run at (2,1742) width 383: "Vestibulum ligula neque, commodo eget blandit sit amet, facilisis"
      text run at (2,1762) width 367: "vitae mi. Vivamus pretium lorem a quam imperdiet in placerat"
      text run at (2,1782) width 351: "purus sagittis. Aliquam ut dui nibh. Cras faucibus imperdiet"
      text run at (2,1802) width 388: "pellentesque. Curabitur vel tortor quam, ut pharetra eros. Mauris"
      text run at (2,1822) width 357: "euismod, justo in mattis ultricies, risus velit pretium ligula, eu"
      text run at (2,1842) width 387: "sodales libero dolor et massa. Phasellus eros quam, faucibus sed"
      text run at (2,1862) width 358: "consectetur et, elementum ut erat. Morbi fringilla, lorem non"
      text run at (2,1882) width 388: "fermentum vulputate, quam metus ullamcorper quam, eu porttitor"
      text run at (2,1902) width 356: "diam metus eget augue. Donec non lorem et arcu adipiscing"
      text run at (2,1927) width 385: "suscipit. Donec porta euismod magna a fermentum. Suspendisse"
      text run at (2,1947) width 379: "vestibulum rhoncus bibendum. Nam in nisi eget nulla vestibulum"
      text run at (2,1967) width 363: "rutrum. Aenean eu libero turpis. Lorem ipsum dolor sit amet,"
      text run at (2,1987) width 357: "consectetur adipiscing elit. Maecenas lacinia massa in lectus"
      text run at (2,2007) width 392: "pretium vulputate. Curabitur viverra augue in leo faucibus congue."
      text run at (2,2027) width 383: "Vestibulum ligula neque, commodo eget blandit sit amet, facilisis"
      text run at (2,2047) width 367: "vitae mi. Vivamus pretium lorem a quam imperdiet in placerat"
      text run at (2,2067) width 351: "purus sagittis. Aliquam ut dui nibh. Cras faucibus imperdiet"
      text run at (2,2087) width 388: "pellentesque. Curabitur vel tortor quam, ut pharetra eros. Mauris"
      text run at (2,2107) width 357: "euismod, justo in mattis ultricies, risus velit pretium ligula, eu"
      text run at (2,2127) width 387: "sodales libero dolor et massa. Phasellus eros quam, faucibus sed"
      text run at (2,2147) width 358: "consectetur et, elementum ut erat. Morbi fringilla, lorem non"
      text run at (2,2167) width 388: "fermentum vulputate, quam metus ullamcorper quam, eu porttitor"
      text run at (2,2187) width 356: "diam metus eget augue. Donec non lorem et arcu adipiscing"
      text run at (2,2207) width 385: "suscipit. Donec porta euismod magna a fermentum. Suspendisse"
      text run at (2,2227) width 379: "vestibulum rhoncus bibendum. Nam in nisi eget nulla vestibulum"
      text run at (2,2247) width 190: "rutrum. Aenean eu libero turpis."
