layer at (0,0) size 800x600
  RenderView at (0,0) size 800x600
layer at (0,0) size 800x435
  RenderBlock {HTML} at (0,0) size 800x435
    RenderBody {BODY} at (8,16) size 784x411
      RenderBlock {P} at (0,0) size 784x21
        RenderText {#text} at (0,0) size 508x21
          text run at (0,0) width 508: "Test overflow clipping of composited elements in various configurations."
      RenderBlock (anonymous) at (0,37) size 784x374
        RenderText {#text} at (182,166) size 4x21
          text run at (182,166) width 4: " "
        RenderText {#text} at (368,166) size 4x21
          text run at (368,166) width 4: " "
        RenderText {#text} at (554,166) size 4x21
          text run at (554,166) width 4: " "
        RenderBR {BR} at (0,0) size 0x0
        RenderText {#text} at (182,353) size 4x21
          text run at (182,353) width 4: " "
        RenderText {#text} at (368,353) size 4x21
          text run at (368,353) width 4: " "
        RenderText {#text} at (0,0) size 0x0
layer at (28,73) size 142x142 clip at (29,74) size 140x140 scrollHeight 171
  RenderBlock {DIV} at (20,20) size 142x142 [border: (1px solid #000000)]
    RenderBlock {DIV} at (11,11) size 122x122 [border: (1px solid #0000FF)]
layer at (214,73) size 142x142 clip at (215,74) size 140x140
  RenderBlock {DIV} at (206,20) size 142x142 [border: (1px solid #000000)]
layer at (28,260) size 142x142 clip at (29,261) size 140x140 scrollHeight 171
  RenderBlock {DIV} at (20,207) size 142x142 [border: (1px solid #000000)]
    RenderBlock {DIV} at (11,11) size 122x122 [border: (1px solid #0000FF)]
layer at (214,260) size 142x142 clip at (215,261) size 140x140
  RenderBlock {DIV} at (206,207) size 142x142 [border: (1px solid #000000)]
layer at (50,95) size 100x150 backgroundClip at (29,74) size 140x140 clip at (29,74) size 140x140 outlineClip at (29,74) size 140x140
  RenderBlock {DIV} at (11,11) size 100x150 [bgcolor=#808080]
layer at (225,84) size 122x122
  RenderBlock (positioned) {DIV} at (225,84) size 122x122 [border: (1px solid #0000FF)]
layer at (236,95) size 100x150
  RenderBlock {DIV} at (11,11) size 100x150 [bgcolor=#808080]
layer at (400,73) size 142x142 clip at (401,74) size 140x140 scrollHeight 171
  RenderBlock (relative positioned) {DIV} at (392,20) size 142x142 [border: (1px solid #000000)]
layer at (411,84) size 122x122
  RenderBlock (positioned) {DIV} at (11,11) size 122x122 [border: (1px solid #0000FF)]
layer at (422,95) size 100x150 backgroundClip at (401,74) size 140x140 clip at (401,74) size 140x140 outlineClip at (401,74) size 140x140
  RenderBlock {DIV} at (11,11) size 100x150 [bgcolor=#808080]
layer at (50,282) size 100x150 backgroundClip at (29,261) size 140x140 clip at (29,261) size 140x140 outlineClip at (29,261) size 140x140
  RenderBlock {DIV} at (11,11) size 100x150 [bgcolor=#808080]
layer at (225,271) size 122x122
  RenderBlock (positioned) {DIV} at (225,271) size 122x122 [border: (1px solid #0000FF)]
layer at (236,282) size 100x150
  RenderBlock {DIV} at (11,11) size 100x150 [bgcolor=#808080]
layer at (400,260) size 142x142 clip at (401,261) size 140x140 scrollHeight 171
  RenderBlock (relative positioned) {DIV} at (392,207) size 142x142 [border: (1px solid #000000)]
layer at (411,271) size 122x122
  RenderBlock (positioned) {DIV} at (11,11) size 122x122 [border: (1px solid #0000FF)]
layer at (422,282) size 100x150 backgroundClip at (401,261) size 140x140 clip at (401,261) size 140x140 outlineClip at (401,261) size 140x140
  RenderBlock {DIV} at (11,11) size 100x150 [bgcolor=#808080]
