layer at (0,0) size 785x837
  RenderView at (0,0) size 785x600
layer at (0,0) size 785x837
  RenderBlock {HTML} at (0,0) size 785x837
    RenderBody {BODY} at (8,8) size 769x821
      RenderBlock (anonymous) at (0,0) size 769x19
        RenderText {#text} at (0,0) size 78x19
          text run at (0,0) width 78: "Text outside."
layer at (8,27) size 702x802 clip at (9,28) size 685x785 scrollHeight 1154
  RenderBlock {DIV} at (0,19) size 702x802 [border: (1px solid #000000)]
    RenderBlock {P} at (1,17) size 685x132
      RenderText {#text} at (0,7) size 667x118
        text run at (0,7) width 655: "Lorem ipsum dolor sit amet, consectetur adipisicing elit, sed do eiusmod tempor incididunt ut labore et dolore"
        text run at (0,40) width 667: "magna aliqua. Ut enim ad minim veniam, quis nostrud exercitation ullamco laboris nisi ut aliquip ex ea commodo"
        text run at (0,73) width 641: "consequat. Duis aute irure dolor in reprehenderit in voluptate velit esse cillum dolore eu fugiat nulla pariatur."
        text run at (0,106) width 642: "Excepteur sint occaecat cupidatat non proident, sunt in culpa qui officia deserunt mollit anim id est laborum."
    RenderBlock {P} at (1,197) size 685x132
      RenderText {#text} at (0,7) size 667x118
        text run at (0,7) width 655: "Lorem ipsum dolor sit amet, consectetur adipisicing elit, sed do eiusmod tempor incididunt ut labore et dolore"
        text run at (0,40) width 667: "magna aliqua. Ut enim ad minim veniam, quis nostrud exercitation ullamco laboris nisi ut aliquip ex ea commodo"
        text run at (0,73) width 641: "consequat. Duis aute irure dolor in reprehenderit in voluptate velit esse cillum dolore eu fugiat nulla pariatur."
        text run at (0,106) width 642: "Excepteur sint occaecat cupidatat non proident, sunt in culpa qui officia deserunt mollit anim id est laborum."
    RenderBlock {P} at (1,795) size 685x132
      RenderText {#text} at (0,7) size 667x118
        text run at (0,7) width 655: "Lorem ipsum dolor sit amet, consectetur adipisicing elit, sed do eiusmod tempor incididunt ut labore et dolore"
        text run at (0,40) width 667: "magna aliqua. Ut enim ad minim veniam, quis nostrud exercitation ullamco laboris nisi ut aliquip ex ea commodo"
        text run at (0,73) width 641: "consequat. Duis aute irure dolor in reprehenderit in voluptate velit esse cillum dolore eu fugiat nulla pariatur."
        text run at (0,106) width 642: "Excepteur sint occaecat cupidatat non proident, sunt in culpa qui officia deserunt mollit anim id est laborum."
    RenderBlock {P} at (1,975) size 685x132
      RenderText {#text} at (0,7) size 667x118
        text run at (0,7) width 655: "Lorem ipsum dolor sit amet, consectetur adipisicing elit, sed do eiusmod tempor incididunt ut labore et dolore"
        text run at (0,40) width 667: "magna aliqua. Ut enim ad minim veniam, quis nostrud exercitation ullamco laboris nisi ut aliquip ex ea commodo"
        text run at (0,73) width 641: "consequat. Duis aute irure dolor in reprehenderit in voluptate velit esse cillum dolore eu fugiat nulla pariatur."
        text run at (0,106) width 642: "Excepteur sint occaecat cupidatat non proident, sunt in culpa qui officia deserunt mollit anim id est laborum."
layer at (19,404) size 602x402 clip at (20,405) size 585x385 scrollHeight 442
  RenderBlock {DIV} at (11,377) size 602x402 [border: (1px solid #000000)]
    RenderBlock {P} at (1,17) size 585x165
      RenderText {#text} at (0,7) size 585x151
        text run at (0,7) width 555: "Lorem ipsum dolor sit amet, consectetur adipisicing elit, sed do eiusmod tempor incididunt ut"
        text run at (0,40) width 585: "labore et dolore magna aliqua. Ut enim ad minim veniam, quis nostrud exercitation ullamco laboris"
        text run at (0,73) width 573: "nisi ut aliquip ex ea commodo consequat. Duis aute irure dolor in reprehenderit in voluptate velit"
        text run at (0,106) width 578: "esse cillum dolore eu fugiat nulla pariatur. Excepteur sint occaecat cupidatat non proident, sunt in"
        text run at (0,139) width 310: "culpa qui officia deserunt mollit anim id est laborum."
    RenderBlock {P} at (1,230) size 585x165
      RenderText {#text} at (0,7) size 585x151
        text run at (0,7) width 555: "Lorem ipsum dolor sit amet, consectetur adipisicing elit, sed do eiusmod tempor incididunt ut"
        text run at (0,40) width 585: "labore et dolore magna aliqua. Ut enim ad minim veniam, quis nostrud exercitation ullamco laboris"
        text run at (0,73) width 573: "nisi ut aliquip ex ea commodo consequat. Duis aute irure dolor in reprehenderit in voluptate velit"
        text run at (0,106) width 578: "esse cillum dolore eu fugiat nulla pariatur. Excepteur sint occaecat cupidatat non proident, sunt in"
        text run at (0,139) width 310: "culpa qui officia deserunt mollit anim id est laborum."
