layer at (0,0) size 800x600
  RenderView at (0,0) size 800x600
layer at (0,0) size 800x218
  RenderBlock {HTML} at (0,0) size 800x218
    RenderBody {BODY} at (8,8) size 784x202
layer at (8,8) size 103x202 clip at (9,9) size 86x185 scrollHeight 1406
  RenderBlock {DIV} at (0,0) size 103x202 [border: (1px solid #000000)]
    RenderText {#text} at (1,1) size 86x1406
      text run at (1,1) width 79: "Lorem ipsum"
      text run at (1,20) width 86: "dolor sit amet,"
      text run at (1,39) width 69: "consectetur"
      text run at (1,58) width 62: "adipisicing"
      text run at (1,77) width 66: "elit, sed do"
      text run at (1,96) width 50: "eiusmod"
      text run at (1,115) width 43: "tempor"
      text run at (1,134) width 72: "incididunt ut"
      text run at (1,153) width 53: "labore et"
      text run at (1,172) width 82: "dolore magna"
      text run at (1,191) width 58: "aliqua. Ut"
      text run at (1,210) width 86: "enim ad minim"
      text run at (1,229) width 74: "veniam, quis"
      text run at (1,248) width 45: "nostrud"
      text run at (1,267) width 69: "exercitation"
      text run at (1,286) width 46: "ullamco"
      text run at (1,305) width 78: "laboris nisi ut"
      text run at (1,324) width 75: "aliquip ex ea"
      text run at (1,343) width 61: "commodo"
      text run at (1,362) width 65: "consequat."
      text run at (1,381) width 56: "Duis aute"
      text run at (1,400) width 77: "irure dolor in"
      text run at (1,419) width 80: "reprehenderit"
      text run at (1,438) width 69: "in voluptate"
      text run at (1,457) width 54: "velit esse"
      text run at (1,476) width 77: "cillum dolore"
      text run at (1,495) width 81: "eu fugiat nulla"
      text run at (1,514) width 50: "pariatur."
      text run at (1,533) width 85: "Excepteur sint"
      text run at (1,552) width 54: "occaecat"
      text run at (1,571) width 81: "cupidatat non"
      text run at (1,590) width 82: "proident, sunt"
      text run at (1,609) width 68: "in culpa qui"
      text run at (1,628) width 36: "officia"
      text run at (1,647) width 51: "deserunt"
      text run at (1,666) width 79: "mollit anim id"
      text run at (1,685) width 74: "est laborum."
      text run at (1,704) width 79: "Lorem ipsum"
      text run at (1,723) width 86: "dolor sit amet,"
      text run at (1,742) width 69: "consectetur"
      text run at (1,761) width 62: "adipisicing"
      text run at (1,780) width 66: "elit, sed do"
      text run at (1,799) width 50: "eiusmod"
      text run at (1,818) width 43: "tempor"
      text run at (1,837) width 72: "incididunt ut"
      text run at (1,856) width 53: "labore et"
      text run at (1,875) width 82: "dolore magna"
      text run at (1,894) width 58: "aliqua. Ut"
      text run at (1,913) width 86: "enim ad minim"
      text run at (1,932) width 74: "veniam, quis"
      text run at (1,951) width 45: "nostrud"
      text run at (1,970) width 69: "exercitation"
      text run at (1,989) width 46: "ullamco"
      text run at (1,1008) width 78: "laboris nisi ut"
      text run at (1,1027) width 75: "aliquip ex ea"
      text run at (1,1046) width 61: "commodo"
      text run at (1,1065) width 65: "consequat."
      text run at (1,1084) width 56: "Duis aute"
      text run at (1,1103) width 77: "irure dolor in"
      text run at (1,1122) width 80: "reprehenderit"
      text run at (1,1141) width 69: "in voluptate"
      text run at (1,1160) width 54: "velit esse"
      text run at (1,1179) width 77: "cillum dolore"
      text run at (1,1198) width 81: "eu fugiat nulla"
      text run at (1,1217) width 50: "pariatur."
      text run at (1,1236) width 85: "Excepteur sint"
      text run at (1,1255) width 54: "occaecat"
      text run at (1,1274) width 81: "cupidatat non"
      text run at (1,1293) width 82: "proident, sunt"
      text run at (1,1312) width 68: "in culpa qui"
      text run at (1,1331) width 36: "officia"
      text run at (1,1350) width 51: "deserunt"
      text run at (1,1369) width 79: "mollit anim id"
      text run at (1,1388) width 74: "est laborum."
