layer at (0,0) size 800x600
  RenderView at (0,0) size 800x600
layer at (0,0) size 800x37
  RenderBlock {HTML} at (0,0) size 800x37
    RenderBody {BODY} at (8,8) size 784x21
layer at (8,8) size 784x21
  RenderBlock {DIV} at (0,0) size 784x21
    RenderText {#text} at (21,1) size 4x19
      text run at (21,1) width 4: " "
    RenderBlock {SPAN} at (25,16) size 20x0
    RenderText {#text} at (45,1) size 4x19
      text run at (45,1) width 4: " "
    RenderText {#text} at (0,0) size 0x0
layer at (11,11) size 15x15
  RenderBlock (relative positioned) {INPUT} at (3,3) size 15x15
layer at (60,11) size 15x15
  RenderBlock (relative positioned) {INPUT} at (52,3) size 15x15
