layer at (0,0) size 785x585
  RenderView at (0,0) size 785x585
layer at (0,0) size 785x585
  RenderBlock {HTML} at (0,0) size 785x585
    RenderBody {BODY} at (8,20) size 769x549
      RenderImage {IMG} at (20,0) size 280x200 [bgcolor=#0000807F]
      RenderBlock {P} at (0,440) size 769x18
        RenderText {#text} at (0,0) size 242x18
          text run at (0,0) width 242: "Top and bottom should look the same."
layer at (28,240) size 280x200
  RenderImage {IMG} at (20,220) size 280x200 [bgcolor=#0000807F]
