layer at (0,0) size 800x600
  RenderView at (0,0) size 800x600
layer at (0,0) size 800x90
  RenderBlock {html} at (0,0) size 800x90
    RenderBody {body} at (8,16) size 784x58
      RenderBlock {p} at (0,0) size 784x58
        RenderMathMLMath {math} at (0,0) size 174x58
          RenderMathMLFenced {mfenced} at (1,0) size 172x58
            RenderMathMLOperator {mfenced} at (1,0) size 8x58
            RenderBlock {div} at (9,5) size 48x48 [bgcolor=#00FF00]
            RenderMathMLOperator {mfenced} at (57,20) size 5x16
              RenderMathMLBlock {mfenced} at (0,0) size 4x16
                RenderText {mfenced} at (0,-4) size 4x25
                  text run at (0,-4) width 4: ","
            RenderBlock {div} at (62,5) size 48x48 [bgcolor=#00FF00]
            RenderMathMLOperator {mfenced} at (110,20) size 5x16
              RenderMathMLBlock {mfenced} at (0,0) size 4x16
                RenderText {mfenced} at (0,-4) size 4x25
                  text run at (0,-4) width 4: ","
            RenderBlock {div} at (115,5) size 48x48 [bgcolor=#00FF00]
            RenderMathMLOperator {mfenced} at (163,0) size 8x58
        RenderText {#text} at (0,0) size 0x0
layer at (10,16) size 7x10 scrollHeight 15
  RenderMathMLBlock {mfenced} at (0,0) size 7x10
layer at (10,26) size 7x10 scrollHeight 14
  RenderMathMLBlock {mfenced} at (0,10) size 7x10
    RenderText {mfenced} at (0,-3) size 7x17
      text run at (0,-3) width 7: "\x{239C}"
layer at (10,36) size 7x10 scrollHeight 14
  RenderMathMLBlock {mfenced} at (0,20) size 7x10
    RenderText {mfenced} at (0,-3) size 7x17
      text run at (0,-3) width 7: "\x{239C}"
layer at (10,46) size 7x10 scrollHeight 14
  RenderMathMLBlock {mfenced} at (0,30) size 7x10
    RenderText {mfenced} at (0,-3) size 7x17
      text run at (0,-3) width 7: "\x{239C}"
layer at (10,56) size 7x7 scrollHeight 14
  RenderMathMLBlock {mfenced} at (0,40) size 7x7
    RenderText {mfenced} at (0,-3) size 7x17
      text run at (0,-3) width 7: "\x{239C}"
layer at (10,63) size 7x11 scrollHeight 14
  RenderMathMLBlock {mfenced} at (0,47) size 7x11
layer at (172,16) size 7x10 scrollHeight 15
  RenderMathMLBlock {mfenced} at (0,0) size 7x10
layer at (172,26) size 7x10 scrollHeight 14
  RenderMathMLBlock {mfenced} at (0,10) size 7x10
    RenderText {mfenced} at (0,-3) size 7x17
      text run at (0,-3) width 7: "\x{239F}"
layer at (172,36) size 7x10 scrollHeight 14
  RenderMathMLBlock {mfenced} at (0,20) size 7x10
    RenderText {mfenced} at (0,-3) size 7x17
      text run at (0,-3) width 7: "\x{239F}"
layer at (172,46) size 7x10 scrollHeight 14
  RenderMathMLBlock {mfenced} at (0,30) size 7x10
    RenderText {mfenced} at (0,-3) size 7x17
      text run at (0,-3) width 7: "\x{239F}"
layer at (172,56) size 7x7 scrollHeight 14
  RenderMathMLBlock {mfenced} at (0,40) size 7x7
    RenderText {mfenced} at (0,-3) size 7x17
      text run at (0,-3) width 7: "\x{239F}"
layer at (172,63) size 7x11 scrollHeight 14
  RenderMathMLBlock {mfenced} at (0,47) size 7x11
layer at (10,17) size 7x11 backgroundClip at (10,16) size 7x10 clip at (10,16) size 7x10 outlineClip at (10,16) size 7x10
  RenderBlock (relative positioned) {mfenced} at (0,0) size 7x11
    RenderText {mfenced} at (0,-3) size 7x17
      text run at (0,-3) width 7: "\x{239B}"
layer at (10,60) size 7x11 backgroundClip at (10,63) size 7x11 clip at (10,63) size 7x11 outlineClip at (10,63) size 7x11
  RenderBlock (relative positioned) {mfenced} at (0,0) size 7x11
    RenderText {mfenced} at (0,-3) size 7x17
      text run at (0,-3) width 7: "\x{239D}"
layer at (172,17) size 7x11 backgroundClip at (172,16) size 7x10 clip at (172,16) size 7x10 outlineClip at (172,16) size 7x10
  RenderBlock (relative positioned) {mfenced} at (0,0) size 7x11
    RenderText {mfenced} at (0,-3) size 7x17
      text run at (0,-3) width 7: "\x{239E}"
layer at (172,60) size 7x11 backgroundClip at (172,63) size 7x11 clip at (172,63) size 7x11 outlineClip at (172,63) size 7x11
  RenderBlock (relative positioned) {mfenced} at (0,0) size 7x11
    RenderText {mfenced} at (0,-3) size 7x17
      text run at (0,-3) width 7: "\x{23A0}"
