layer at (0,0) size 800x600
  RenderView at (0,0) size 800x600
layer at (0,0) size 800x352
  RenderBlock {html} at (0,0) size 800x352
    RenderBody {body} at (8,16) size 784x320
      RenderBlock {p} at (0,0) size 784x34
        RenderText {#text} at (0,6) size 49x19
          text run at (0,6) width 49: "simple: "
        RenderMathMLMath {math} at (49,0) size 16x34 [padding: 0 1 0 1]
          RenderMathMLFraction {mfrac} at (1,0) size 14x34
            RenderMathMLBlock (anonymous, block) at (0,0) size 14x16 [padding: 0 3 0 3]
              RenderInline {mn} at (0,0) size 8x25
                RenderText {#text} at (3,-4) size 8x25
                  text run at (3,-4) width 8: "1"
            RenderMathMLBlock (anonymous, block) at (0,16) size 14x18 [padding: 2 3 0 3]
              RenderInline {mn} at (0,0) size 8x25
                RenderText {#text} at (3,-2) size 8x25
                  text run at (3,-2) width 8: "2"
      RenderBlock {p} at (0,50) size 784x34
        RenderText {#text} at (0,6) size 197x19
          text run at (0,6) width 197: "more complex (should be red): "
        RenderMathMLMath {math} at (197,0) size 35x34 [padding: 0 1 0 1]
          RenderMathMLFraction {mfrac} at (1,0) size 33x34 [color=#FF0000]
            RenderMathMLBlock (anonymous, block) at (0,0) size 33x16 [padding: 0 3 0 3]
              RenderMathMLRow {mrow} at (3,0) size 27x16
                RenderInline {mi} at (0,0) size 7x25
                  RenderText {#text} at (0,-4) size 7x25
                    text run at (0,-4) width 7: "x"
                RenderMathMLOperator {mo} at (7,0) size 12x16 [padding: 0 1 0 0]
                  RenderMathMLBlock (inline-block) {mo} at (0,0) size 11x16
                    RenderText {mo} at (0,-4) size 11x25
                      text run at (0,-4) width 11: "+"
                RenderInline {mn} at (0,0) size 8x25
                  RenderText {#text} at (19,-4) size 8x25
                    text run at (19,-4) width 8: "1"
            RenderMathMLBlock (anonymous, block) at (0,16) size 33x18 [padding: 2 3 0 3]
              RenderMathMLRow {mrow} at (3,2) size 27x16
                RenderInline {mi} at (0,0) size 7x25
                  RenderText {#text} at (0,-4) size 7x25
                    text run at (0,-4) width 7: "x"
                RenderMathMLOperator {mo} at (7,0) size 12x16 [padding: 0 1 0 0]
                  RenderMathMLBlock (inline-block) {mo} at (0,0) size 11x16
                    RenderText {mo} at (0,-4) size 11x25
                      text run at (0,-4) width 11: "+"
                RenderInline {mn} at (0,0) size 8x25
                  RenderText {#text} at (19,-4) size 8x25
                    text run at (19,-4) width 8: "2"
        RenderText {#text} at (0,0) size 0x0
      RenderBlock {p} at (0,100) size 784x34
        RenderText {#text} at (0,6) size 31x19
          text run at (0,6) width 31: "text: "
        RenderMathMLMath {math} at (31,0) size 128x34 [padding: 0 1 0 1]
          RenderMathMLFraction {mfrac} at (1,0) size 126x34
            RenderMathMLBlock (anonymous, block) at (0,0) size 126x16 [padding: 0 3 0 3]
              RenderInline {mtext} at (0,0) size 100x25
                RenderText {#text} at (13,-4) size 100x25
                  text run at (13,-4) width 100: "number of bugs"
            RenderMathMLBlock (anonymous, block) at (0,16) size 126x18 [padding: 2 3 0 3]
              RenderInline {mtext} at (0,0) size 120x25
                RenderText {#text} at (3,-2) size 120x25
                  text run at (3,-2) width 120: "number of changes"
        RenderText {#text} at (0,0) size 0x0
      RenderBlock {p} at (0,150) size 784x70
        RenderText {#text} at (0,25) size 173x19
          text run at (0,25) width 173: "line thickness by keyword: "
        RenderMathMLMath {math} at (173,0) size 86x70 [padding: 0 1 0 1]
          RenderMathMLFraction {mfrac} at (1,0) size 28x67
            RenderMathMLBlock (anonymous, block) at (0,0) size 28x32 [padding: 0 6 0 6]
              RenderInline {mn} at (0,0) size 16x49
                RenderText {#text} at (6,-8) size 16x49
                  text run at (6,-8) width 16: "1"
            RenderMathMLBlock (anonymous, block) at (0,32) size 28x35 [padding: 3 6 0 6]
              RenderInline {mn} at (0,0) size 16x49
                RenderText {#text} at (6,-5) size 16x49
                  text run at (6,-5) width 16: "2"
          RenderMathMLFraction {mfrac} at (29,0) size 28x68
            RenderMathMLBlock (anonymous, block) at (0,0) size 28x32 [padding: 0 6 0 6]
              RenderInline {mn} at (0,0) size 16x49
                RenderText {#text} at (6,-8) size 16x49
                  text run at (6,-8) width 16: "1"
            RenderMathMLBlock (anonymous, block) at (0,32) size 28x36 [padding: 4 6 0 6]
              RenderInline {mn} at (0,0) size 16x49
                RenderText {#text} at (6,-4) size 16x49
                  text run at (6,-4) width 16: "2"
          RenderMathMLFraction {mfrac} at (57,0) size 28x70
            RenderMathMLBlock (anonymous, block) at (0,0) size 28x32 [padding: 0 6 0 6]
              RenderInline {mn} at (0,0) size 16x49
                RenderText {#text} at (6,-8) size 16x49
                  text run at (6,-8) width 16: "1"
            RenderMathMLBlock (anonymous, block) at (0,32) size 28x38 [padding: 6 6 0 6]
              RenderInline {mn} at (0,0) size 16x49
                RenderText {#text} at (6,-2) size 16x49
                  text run at (6,-2) width 16: "2"
        RenderText {#text} at (0,0) size 0x0
      RenderBlock {p} at (0,236) size 784x34
        RenderText {#text} at (0,6) size 138x19
          text run at (0,6) width 138: "numerator alignment: "
        RenderMathMLMath {math} at (138,0) size 97x34 [padding: 0 1 0 1]
          RenderMathMLFraction {mfrac} at (1,0) size 95x34
            RenderMathMLBlock (anonymous, block) at (0,0) size 95x16 [padding: 0 3 0 3]
              RenderInline {mi} at (0,0) size 7x25
                RenderText {#text} at (3,-4) size 7x25
                  text run at (3,-4) width 7: "x"
            RenderMathMLBlock (anonymous, block) at (0,16) size 95x18 [padding: 2 3 0 3]
              RenderMathMLRow {mrow} at (4,2) size 88x16
                RenderInline {mn} at (0,0) size 8x25
                  RenderText {#text} at (0,-4) size 8x25
                    text run at (0,-4) width 8: "1"
                RenderMathMLOperator {mo} at (8,0) size 12x16 [padding: 0 1 0 0]
                  RenderMathMLBlock (inline-block) {mo} at (0,0) size 11x16
                    RenderText {mo} at (0,-4) size 11x25
                      text run at (0,-4) width 11: "+"
                RenderInline {mn} at (0,0) size 8x25
                  RenderText {#text} at (20,-4) size 8x25
                    text run at (20,-4) width 8: "2"
                RenderMathMLOperator {mo} at (28,0) size 12x16 [padding: 0 1 0 0]
                  RenderMathMLBlock (inline-block) {mo} at (0,0) size 11x16
                    RenderText {mo} at (0,-4) size 11x25
                      text run at (0,-4) width 11: "+"
                RenderInline {mn} at (0,0) size 8x25
                  RenderText {#text} at (40,-4) size 8x25
                    text run at (40,-4) width 8: "3"
                RenderMathMLOperator {mo} at (48,0) size 12x16 [padding: 0 1 0 0]
                  RenderMathMLBlock (inline-block) {mo} at (0,0) size 11x16
                    RenderText {mo} at (0,-4) size 11x25
                      text run at (0,-4) width 11: "+"
                RenderInline {mn} at (0,0) size 8x25
                  RenderText {#text} at (60,-4) size 8x25
                    text run at (60,-4) width 8: "4"
                RenderMathMLOperator {mo} at (68,0) size 12x16 [padding: 0 1 0 0]
                  RenderMathMLBlock (inline-block) {mo} at (0,0) size 11x16
                    RenderText {mo} at (0,-4) size 11x25
                      text run at (0,-4) width 11: "+"
                RenderInline {mn} at (0,0) size 8x25
                  RenderText {#text} at (80,-4) size 8x25
                    text run at (80,-4) width 8: "5"
        RenderText {#text} at (235,6) size 4x19
          text run at (235,6) width 4: " "
        RenderMathMLMath {math} at (239,0) size 97x34 [padding: 0 1 0 1]
          RenderMathMLFraction {mfrac} at (1,0) size 95x34
            RenderMathMLBlock (anonymous, block) at (0,0) size 95x16 [padding: 0 3 0 3]
              RenderInline {mi} at (0,0) size 7x25
                RenderText {#text} at (44,-4) size 7x25
                  text run at (44,-4) width 7: "x"
            RenderMathMLBlock (anonymous, block) at (0,16) size 95x18 [padding: 2 3 0 3]
              RenderMathMLRow {mrow} at (4,2) size 88x16
                RenderInline {mn} at (0,0) size 8x25
                  RenderText {#text} at (0,-4) size 8x25
                    text run at (0,-4) width 8: "1"
                RenderMathMLOperator {mo} at (8,0) size 12x16 [padding: 0 1 0 0]
                  RenderMathMLBlock (inline-block) {mo} at (0,0) size 11x16
                    RenderText {mo} at (0,-4) size 11x25
                      text run at (0,-4) width 11: "+"
                RenderInline {mn} at (0,0) size 8x25
                  RenderText {#text} at (20,-4) size 8x25
                    text run at (20,-4) width 8: "2"
                RenderMathMLOperator {mo} at (28,0) size 12x16 [padding: 0 1 0 0]
                  RenderMathMLBlock (inline-block) {mo} at (0,0) size 11x16
                    RenderText {mo} at (0,-4) size 11x25
                      text run at (0,-4) width 11: "+"
                RenderInline {mn} at (0,0) size 8x25
                  RenderText {#text} at (40,-4) size 8x25
                    text run at (40,-4) width 8: "3"
                RenderMathMLOperator {mo} at (48,0) size 12x16 [padding: 0 1 0 0]
                  RenderMathMLBlock (inline-block) {mo} at (0,0) size 11x16
                    RenderText {mo} at (0,-4) size 11x25
                      text run at (0,-4) width 11: "+"
                RenderInline {mn} at (0,0) size 8x25
                  RenderText {#text} at (60,-4) size 8x25
                    text run at (60,-4) width 8: "4"
                RenderMathMLOperator {mo} at (68,0) size 12x16 [padding: 0 1 0 0]
                  RenderMathMLBlock (inline-block) {mo} at (0,0) size 11x16
                    RenderText {mo} at (0,-4) size 11x25
                      text run at (0,-4) width 11: "+"
                RenderInline {mn} at (0,0) size 8x25
                  RenderText {#text} at (80,-4) size 8x25
                    text run at (80,-4) width 8: "5"
        RenderText {#text} at (336,6) size 4x19
          text run at (336,6) width 4: " "
        RenderMathMLMath {math} at (340,0) size 97x34 [padding: 0 1 0 1]
          RenderMathMLFraction {mfrac} at (1,0) size 95x34
            RenderMathMLBlock (anonymous, block) at (0,0) size 95x16 [padding: 0 3 0 3]
              RenderInline {mi} at (0,0) size 7x25
                RenderText {#text} at (85,-4) size 7x25
                  text run at (85,-4) width 7: "x"
            RenderMathMLBlock (anonymous, block) at (0,16) size 95x18 [padding: 2 3 0 3]
              RenderMathMLRow {mrow} at (4,2) size 88x16
                RenderInline {mn} at (0,0) size 8x25
                  RenderText {#text} at (0,-4) size 8x25
                    text run at (0,-4) width 8: "1"
                RenderMathMLOperator {mo} at (8,0) size 12x16 [padding: 0 1 0 0]
                  RenderMathMLBlock (inline-block) {mo} at (0,0) size 11x16
                    RenderText {mo} at (0,-4) size 11x25
                      text run at (0,-4) width 11: "+"
                RenderInline {mn} at (0,0) size 8x25
                  RenderText {#text} at (20,-4) size 8x25
                    text run at (20,-4) width 8: "2"
                RenderMathMLOperator {mo} at (28,0) size 12x16 [padding: 0 1 0 0]
                  RenderMathMLBlock (inline-block) {mo} at (0,0) size 11x16
                    RenderText {mo} at (0,-4) size 11x25
                      text run at (0,-4) width 11: "+"
                RenderInline {mn} at (0,0) size 8x25
                  RenderText {#text} at (40,-4) size 8x25
                    text run at (40,-4) width 8: "3"
                RenderMathMLOperator {mo} at (48,0) size 12x16 [padding: 0 1 0 0]
                  RenderMathMLBlock (inline-block) {mo} at (0,0) size 11x16
                    RenderText {mo} at (0,-4) size 11x25
                      text run at (0,-4) width 11: "+"
                RenderInline {mn} at (0,0) size 8x25
                  RenderText {#text} at (60,-4) size 8x25
                    text run at (60,-4) width 8: "4"
                RenderMathMLOperator {mo} at (68,0) size 12x16 [padding: 0 1 0 0]
                  RenderMathMLBlock (inline-block) {mo} at (0,0) size 11x16
                    RenderText {mo} at (0,-4) size 11x25
                      text run at (0,-4) width 11: "+"
                RenderInline {mn} at (0,0) size 8x25
                  RenderText {#text} at (80,-4) size 8x25
                    text run at (80,-4) width 8: "5"
        RenderText {#text} at (0,0) size 0x0
      RenderBlock {p} at (0,286) size 784x34
        RenderText {#text} at (0,6) size 153x19
          text run at (0,6) width 153: "denominator alignment: "
        RenderMathMLMath {math} at (153,0) size 96x34 [padding: 0 1 0 1]
          RenderMathMLFraction {mfrac} at (1,0) size 94x34
            RenderMathMLBlock (anonymous, block) at (0,0) size 94x16 [padding: 0 3 0 3]
              RenderMathMLRow {mrow} at (3,0) size 88x16
                RenderInline {mn} at (0,0) size 8x25
                  RenderText {#text} at (0,-4) size 8x25
                    text run at (0,-4) width 8: "1"
                RenderMathMLOperator {mo} at (8,0) size 12x16 [padding: 0 1 0 0]
                  RenderMathMLBlock (inline-block) {mo} at (0,0) size 11x16
                    RenderText {mo} at (0,-4) size 11x25
                      text run at (0,-4) width 11: "+"
                RenderInline {mn} at (0,0) size 8x25
                  RenderText {#text} at (20,-4) size 8x25
                    text run at (20,-4) width 8: "2"
                RenderMathMLOperator {mo} at (28,0) size 12x16 [padding: 0 1 0 0]
                  RenderMathMLBlock (inline-block) {mo} at (0,0) size 11x16
                    RenderText {mo} at (0,-4) size 11x25
                      text run at (0,-4) width 11: "+"
                RenderInline {mn} at (0,0) size 8x25
                  RenderText {#text} at (40,-4) size 8x25
                    text run at (40,-4) width 8: "3"
                RenderMathMLOperator {mo} at (48,0) size 12x16 [padding: 0 1 0 0]
                  RenderMathMLBlock (inline-block) {mo} at (0,0) size 11x16
                    RenderText {mo} at (0,-4) size 11x25
                      text run at (0,-4) width 11: "+"
                RenderInline {mn} at (0,0) size 8x25
                  RenderText {#text} at (60,-4) size 8x25
                    text run at (60,-4) width 8: "4"
                RenderMathMLOperator {mo} at (68,0) size 12x16 [padding: 0 1 0 0]
                  RenderMathMLBlock (inline-block) {mo} at (0,0) size 11x16
                    RenderText {mo} at (0,-4) size 11x25
                      text run at (0,-4) width 11: "+"
                RenderInline {mn} at (0,0) size 8x25
                  RenderText {#text} at (80,-4) size 8x25
                    text run at (80,-4) width 8: "5"
            RenderMathMLBlock (anonymous, block) at (0,16) size 94x18 [padding: 2 3 0 3]
              RenderInline {mi} at (0,0) size 7x25
                RenderText {#text} at (3,-2) size 7x25
                  text run at (3,-2) width 7: "x"
        RenderText {#text} at (249,6) size 4x19
          text run at (249,6) width 4: " "
        RenderMathMLMath {math} at (253,0) size 96x34 [padding: 0 1 0 1]
          RenderMathMLFraction {mfrac} at (1,0) size 94x34
            RenderMathMLBlock (anonymous, block) at (0,0) size 94x16 [padding: 0 3 0 3]
              RenderMathMLRow {mrow} at (3,0) size 88x16
                RenderInline {mn} at (0,0) size 8x25
                  RenderText {#text} at (0,-4) size 8x25
                    text run at (0,-4) width 8: "1"
                RenderMathMLOperator {mo} at (8,0) size 12x16 [padding: 0 1 0 0]
                  RenderMathMLBlock (inline-block) {mo} at (0,0) size 11x16
                    RenderText {mo} at (0,-4) size 11x25
                      text run at (0,-4) width 11: "+"
                RenderInline {mn} at (0,0) size 8x25
                  RenderText {#text} at (20,-4) size 8x25
                    text run at (20,-4) width 8: "2"
                RenderMathMLOperator {mo} at (28,0) size 12x16 [padding: 0 1 0 0]
                  RenderMathMLBlock (inline-block) {mo} at (0,0) size 11x16
                    RenderText {mo} at (0,-4) size 11x25
                      text run at (0,-4) width 11: "+"
                RenderInline {mn} at (0,0) size 8x25
                  RenderText {#text} at (40,-4) size 8x25
                    text run at (40,-4) width 8: "3"
                RenderMathMLOperator {mo} at (48,0) size 12x16 [padding: 0 1 0 0]
                  RenderMathMLBlock (inline-block) {mo} at (0,0) size 11x16
                    RenderText {mo} at (0,-4) size 11x25
                      text run at (0,-4) width 11: "+"
                RenderInline {mn} at (0,0) size 8x25
                  RenderText {#text} at (60,-4) size 8x25
                    text run at (60,-4) width 8: "4"
                RenderMathMLOperator {mo} at (68,0) size 12x16 [padding: 0 1 0 0]
                  RenderMathMLBlock (inline-block) {mo} at (0,0) size 11x16
                    RenderText {mo} at (0,-4) size 11x25
                      text run at (0,-4) width 11: "+"
                RenderInline {mn} at (0,0) size 8x25
                  RenderText {#text} at (80,-4) size 8x25
                    text run at (80,-4) width 8: "5"
            RenderMathMLBlock (anonymous, block) at (0,16) size 94x18 [padding: 2 3 0 3]
              RenderInline {mi} at (0,0) size 8x25
                RenderText {#text} at (43,-2) size 8x25
                  text run at (43,-2) width 8: "x"
        RenderText {#text} at (349,6) size 4x19
          text run at (349,6) width 4: " "
        RenderMathMLMath {math} at (353,0) size 96x34 [padding: 0 1 0 1]
          RenderMathMLFraction {mfrac} at (1,0) size 94x34
            RenderMathMLBlock (anonymous, block) at (0,0) size 94x16 [padding: 0 3 0 3]
              RenderMathMLRow {mrow} at (3,0) size 88x16
                RenderInline {mn} at (0,0) size 8x25
                  RenderText {#text} at (0,-4) size 8x25
                    text run at (0,-4) width 8: "1"
                RenderMathMLOperator {mo} at (8,0) size 12x16 [padding: 0 1 0 0]
                  RenderMathMLBlock (inline-block) {mo} at (0,0) size 11x16
                    RenderText {mo} at (0,-4) size 11x25
                      text run at (0,-4) width 11: "+"
                RenderInline {mn} at (0,0) size 8x25
                  RenderText {#text} at (20,-4) size 8x25
                    text run at (20,-4) width 8: "2"
                RenderMathMLOperator {mo} at (28,0) size 12x16 [padding: 0 1 0 0]
                  RenderMathMLBlock (inline-block) {mo} at (0,0) size 11x16
                    RenderText {mo} at (0,-4) size 11x25
                      text run at (0,-4) width 11: "+"
                RenderInline {mn} at (0,0) size 8x25
                  RenderText {#text} at (40,-4) size 8x25
                    text run at (40,-4) width 8: "3"
                RenderMathMLOperator {mo} at (48,0) size 12x16 [padding: 0 1 0 0]
                  RenderMathMLBlock (inline-block) {mo} at (0,0) size 11x16
                    RenderText {mo} at (0,-4) size 11x25
                      text run at (0,-4) width 11: "+"
                RenderInline {mn} at (0,0) size 8x25
                  RenderText {#text} at (60,-4) size 8x25
                    text run at (60,-4) width 8: "4"
                RenderMathMLOperator {mo} at (68,0) size 12x16 [padding: 0 1 0 0]
                  RenderMathMLBlock (inline-block) {mo} at (0,0) size 11x16
                    RenderText {mo} at (0,-4) size 11x25
                      text run at (0,-4) width 11: "+"
                RenderInline {mn} at (0,0) size 8x25
                  RenderText {#text} at (80,-4) size 8x25
                    text run at (80,-4) width 8: "5"
            RenderMathMLBlock (anonymous, block) at (0,16) size 94x18 [padding: 2 3 0 3]
              RenderInline {mi} at (0,0) size 7x25
                RenderText {#text} at (84,-2) size 7x25
                  text run at (84,-2) width 7: "x"
        RenderText {#text} at (0,0) size 0x0
