layer at (0,0) size 800x600
  RenderView at (0,0) size 800x600
layer at (0,0) size 800x256
  RenderBlock {html} at (0,0) size 800x256
    RenderBody {body} at (8,16) size 784x224
      RenderBlock {p} at (0,0) size 784x19
        RenderText {#text} at (0,0) size 60x19
          text run at (0,0) width 60: "operator: "
        RenderMathMLMath {math} at (60,5) size 14x14 [padding: 0 1 0 1]
          RenderMathMLOperator {mo} at (1,0) size 12x14 [padding: 0 1 0 0]
            RenderMathMLBlock (flex) {mo} at (0,0) size 11x14
              RenderBlock (anonymous) at (0,0) size 11x14
                RenderText {mo} at (0,-3) size 11x19
                  text run at (0,-3) width 11: "\x{2211}"
        RenderText {#text} at (74,0) size 72x19
          text run at (74,0) width 72: " , operator: "
        RenderMathMLMath {math} at (146,7) size 11x9 [padding: 0 1 0 1]
          RenderMathMLOperator {mo} at (1,0) size 9x9 [padding: 0 1 0 0]
            RenderMathMLBlock (flex) {mo} at (0,0) size 8x9
              RenderBlock (anonymous) at (0,0) size 8x9
                RenderText {mo} at (0,-5) size 8x19
                  text run at (0,-5) width 8: "B"
        RenderText {#text} at (157,0) size 114x19
          text run at (157,0) width 114: " , minus operator: "
        RenderMathMLMath {math} at (271,11) size 11x5 [padding: 0 1 0 1]
          RenderMathMLOperator {mo} at (1,0) size 9x5 [padding: 0 1 0 0]
            RenderMathMLBlock (flex) {mo} at (0,0) size 8x5
              RenderBlock (anonymous) at (0,0) size 8x5
                RenderText {mo} at (0,-9) size 8x19
                  text run at (0,-9) width 8: "\x{2212}"
        RenderText {#text} at (0,0) size 0x0
      RenderBlock {p} at (0,35) size 784x20
        RenderText {#text} at (0,0) size 60x19
          text run at (0,0) width 60: "operator: "
        RenderMathMLMath {math} at (60,2) size 18x18 [padding: 0 1 0 1]
          RenderMathMLOperator {mo} at (1,0) size 16x18 [padding: 0 1 0 0]
            RenderMathMLBlock (flex) {mo} at (0,0) size 15x18
              RenderBlock (anonymous) at (0,0) size 15x18
                RenderText {mo} at (0,-4) size 15x25
                  text run at (0,-4) width 15: "\x{2211}"
        RenderText {#text} at (78,0) size 72x19
          text run at (78,0) width 72: " , operator: "
        RenderMathMLMath {math} at (150,4) size 14x12 [padding: 0 1 0 1]
          RenderMathMLOperator {mo} at (1,0) size 12x12 [padding: 0 1 0 0]
            RenderMathMLBlock (flex) {mo} at (0,0) size 11x12
              RenderBlock (anonymous) at (0,0) size 11x12
                RenderText {mo} at (0,-6) size 11x25
                  text run at (0,-6) width 11: "B"
        RenderText {#text} at (164,0) size 114x19
          text run at (164,0) width 114: " , minus operator: "
        RenderMathMLMath {math} at (278,10) size 14x6 [padding: 0 1 0 1]
          RenderMathMLOperator {mo} at (1,0) size 12x6 [padding: 0 1 0 0]
            RenderMathMLBlock (flex) {mo} at (0,0) size 11x6
              RenderBlock (anonymous) at (0,0) size 11x6
                RenderText {mo} at (0,-12) size 11x25
                  text run at (0,-12) width 11: "\x{2212}"
        RenderText {#text} at (0,0) size 0x0
      RenderBlock {p} at (0,71) size 784x26
        RenderText {#text} at (0,4) size 60x19
          text run at (0,4) width 60: "operator: "
        RenderMathMLMath {math} at (60,0) size 26x26 [padding: 0 1 0 1]
          RenderMathMLOperator {mo} at (1,0) size 24x26 [padding: 0 2 0 0]
            RenderMathMLBlock (flex) {mo} at (0,0) size 22x26
              RenderBlock (anonymous) at (0,0) size 22x26
                RenderText {mo} at (0,-7) size 22x37
                  text run at (0,-7) width 22: "\x{2211}"
        RenderText {#text} at (86,4) size 72x19
          text run at (86,4) width 72: " , operator: "
        RenderMathMLMath {math} at (158,3) size 20x17 [padding: 0 1 0 1]
          RenderMathMLOperator {mo} at (1,0) size 18x17 [padding: 0 2 0 0]
            RenderMathMLBlock (flex) {mo} at (0,0) size 16x17
              RenderBlock (anonymous) at (0,0) size 16x17
                RenderText {mo} at (0,-10) size 16x37
                  text run at (0,-10) width 16: "B"
        RenderText {#text} at (178,4) size 114x19
          text run at (178,4) width 114: " , minus operator: "
        RenderMathMLMath {math} at (292,12) size 20x8 [padding: 0 1 0 1]
          RenderMathMLOperator {mo} at (1,0) size 18x8 [padding: 0 2 0 0]
            RenderMathMLBlock (flex) {mo} at (0,0) size 16x8
              RenderBlock (anonymous) at (0,0) size 16x8
                RenderText {mo} at (0,-19) size 16x37
                  text run at (0,-19) width 16: "\x{2212}"
        RenderText {#text} at (0,0) size 0x0
      RenderBlock {p} at (0,113) size 784x26
        RenderText {#text} at (0,4) size 60x19
          text run at (0,4) width 60: "operator: "
        RenderMathMLMath {math} at (60,0) size 54x26 [padding: 0 1 0 1]
          RenderMathMLOperator {mo} at (1,9) size 12x14 [padding: 0 1 0 0]
            RenderMathMLBlock (flex) {mo} at (0,0) size 11x14
              RenderBlock (anonymous) at (0,0) size 11x14
                RenderText {mo} at (0,-3) size 11x19
                  text run at (0,-3) width 11: "\x{2211}"
          RenderMathMLOperator {mo} at (13,6) size 16x18 [padding: 0 1 0 0]
            RenderMathMLBlock (flex) {mo} at (0,0) size 15x18
              RenderBlock (anonymous) at (0,0) size 15x18
                RenderText {mo} at (0,-4) size 15x25
                  text run at (0,-4) width 15: "\x{2211}"
          RenderMathMLOperator {mo} at (29,0) size 24x26 [padding: 0 2 0 0]
            RenderMathMLBlock (flex) {mo} at (0,0) size 22x26
              RenderBlock (anonymous) at (0,0) size 22x26
                RenderText {mo} at (0,-7) size 22x37
                  text run at (0,-7) width 22: "\x{2211}"
        RenderText {#text} at (114,4) size 72x19
          text run at (114,4) width 72: " , operator: "
        RenderMathMLMath {math} at (186,3) size 41x17 [padding: 0 1 0 1]
          RenderMathMLOperator {mo} at (1,8) size 9x9 [padding: 0 1 0 0]
            RenderMathMLBlock (flex) {mo} at (0,0) size 8x9
              RenderBlock (anonymous) at (0,0) size 8x9
                RenderText {mo} at (0,-5) size 8x19
                  text run at (0,-5) width 8: "B"
          RenderMathMLOperator {mo} at (10,5) size 12x12 [padding: 0 1 0 0]
            RenderMathMLBlock (flex) {mo} at (0,0) size 11x12
              RenderBlock (anonymous) at (0,0) size 11x12
                RenderText {mo} at (0,-6) size 11x25
                  text run at (0,-6) width 11: "B"
          RenderMathMLOperator {mo} at (22,0) size 18x17 [padding: 0 2 0 0]
            RenderMathMLBlock (flex) {mo} at (0,0) size 16x17
              RenderBlock (anonymous) at (0,0) size 16x17
                RenderText {mo} at (0,-10) size 16x37
                  text run at (0,-10) width 16: "B"
        RenderText {#text} at (227,4) size 114x19
          text run at (227,4) width 114: " , minus operator: "
        RenderMathMLMath {math} at (341,12) size 41x8 [padding: 0 1 0 1]
          RenderMathMLOperator {mo} at (1,3) size 9x5 [padding: 0 1 0 0]
            RenderMathMLBlock (flex) {mo} at (0,0) size 8x5
              RenderBlock (anonymous) at (0,0) size 8x5
                RenderText {mo} at (0,-9) size 8x19
                  text run at (0,-9) width 8: "\x{2212}"
          RenderMathMLOperator {mo} at (10,2) size 12x6 [padding: 0 1 0 0]
            RenderMathMLBlock (flex) {mo} at (0,0) size 11x6
              RenderBlock (anonymous) at (0,0) size 11x6
                RenderText {mo} at (0,-12) size 11x25
                  text run at (0,-12) width 11: "\x{2212}"
          RenderMathMLOperator {mo} at (22,0) size 18x8 [padding: 0 2 0 0]
            RenderMathMLBlock (flex) {mo} at (0,0) size 16x8
              RenderBlock (anonymous) at (0,0) size 16x8
                RenderText {mo} at (0,-19) size 16x37
                  text run at (0,-19) width 16: "\x{2212}"
        RenderText {#text} at (0,0) size 0x0
      RenderBlock {p} at (0,155) size 784x69
        RenderText {#text} at (0,21) size 60x19
          text run at (0,21) width 60: "operator: "
        RenderMathMLMath {math} at (60,0) size 115x69 [padding: 0 1 0 1]
          RenderMathMLOperator {mo} at (1,0) size 8x63 [padding: 0 1 0 0]
          RenderMathMLOperator {mo} at (9,0) size 9x69 [padding: 0 1 0 0]
          RenderMathMLOperator {mo} at (18,0) size 12x67 [padding: 0 1 0 0]
          RenderMathMLOperator {mo} at (30,0) size 8x67 [padding: 0 1 0 0]
          RenderBlock {mtext} at (38,0) size 56x52
            RenderBlock {div} at (2,0) size 52x52 [border: (1px solid #000000)]
            RenderText {#text} at (0,0) size 0x0
          RenderMathMLOperator {mo} at (94,0) size 8x67 [padding: 0 1 0 0]
          RenderMathMLOperator {mo} at (102,0) size 12x67 [padding: 0 1 0 0]
        RenderText {#text} at (0,0) size 0x0
layer at (69,171) size 7x6 scrollHeight 14
  RenderMathMLBlock (flex) {mo} at (0,0) size 7x6
    RenderBlock (anonymous) at (0,0) size 7x6
layer at (69,177) size 7x6 scrollHeight 13
  RenderMathMLBlock (flex) {mo} at (0,6) size 7x6
    RenderBlock (anonymous) at (0,0) size 7x6
      RenderText {mo} at (0,-9) size 7x22
        text run at (0,-9) width 7: "\x{23D0}"
layer at (69,183) size 7x6 scrollHeight 13
  RenderMathMLBlock (flex) {mo} at (0,12) size 7x6
    RenderBlock (anonymous) at (0,0) size 7x6
      RenderText {mo} at (0,-9) size 7x22
        text run at (0,-9) width 7: "\x{23D0}"
layer at (69,189) size 7x6 scrollHeight 13
  RenderMathMLBlock (flex) {mo} at (0,18) size 7x6
    RenderBlock (anonymous) at (0,0) size 7x6
      RenderText {mo} at (0,-9) size 7x22
        text run at (0,-9) width 7: "\x{23D0}"
layer at (69,195) size 7x6 scrollHeight 13
  RenderMathMLBlock (flex) {mo} at (0,24) size 7x6
    RenderBlock (anonymous) at (0,0) size 7x6
      RenderText {mo} at (0,-9) size 7x22
        text run at (0,-9) width 7: "\x{23D0}"
layer at (69,201) size 7x6 scrollHeight 13
  RenderMathMLBlock (flex) {mo} at (0,30) size 7x6
    RenderBlock (anonymous) at (0,0) size 7x6
      RenderText {mo} at (0,-9) size 7x22
        text run at (0,-9) width 7: "\x{23D0}"
layer at (69,207) size 7x6 scrollHeight 13
  RenderMathMLBlock (flex) {mo} at (0,36) size 7x6
    RenderBlock (anonymous) at (0,0) size 7x6
      RenderText {mo} at (0,-9) size 7x22
        text run at (0,-9) width 7: "\x{23D0}"
layer at (69,213) size 7x6 scrollHeight 13
  RenderMathMLBlock (flex) {mo} at (0,42) size 7x6
    RenderBlock (anonymous) at (0,0) size 7x6
      RenderText {mo} at (0,-9) size 7x22
        text run at (0,-9) width 7: "\x{23D0}"
layer at (69,219) size 7x6 scrollHeight 13
  RenderMathMLBlock (flex) {mo} at (0,48) size 7x6
    RenderBlock (anonymous) at (0,0) size 7x6
      RenderText {mo} at (0,-9) size 7x22
        text run at (0,-9) width 7: "\x{23D0}"
layer at (69,225) size 7x2 scrollHeight 13
  RenderMathMLBlock (flex) {mo} at (0,54) size 7x2
    RenderBlock (anonymous) at (0,0) size 7x2
      RenderText {mo} at (0,-9) size 7x22
        text run at (0,-9) width 7: "\x{23D0}"
layer at (69,227) size 7x7 scrollHeight 13
  RenderMathMLBlock (flex) {mo} at (0,56) size 7x7
    RenderBlock (anonymous) at (0,0) size 7x7
layer at (77,171) size 8x10 scrollHeight 20
  RenderMathMLBlock (flex) {mo} at (0,0) size 8x10
    RenderBlock (anonymous) at (0,0) size 8x10
layer at (77,181) size 8x10 scrollHeight 18
  RenderMathMLBlock (flex) {mo} at (0,10) size 8x10
    RenderBlock (anonymous) at (0,0) size 7x10
      RenderText {mo} at (0,-4) size 7x22
        text run at (0,-4) width 7: "\x{23AE}"
layer at (77,191) size 8x10 scrollHeight 18
  RenderMathMLBlock (flex) {mo} at (0,20) size 8x10
    RenderBlock (anonymous) at (0,0) size 7x10
      RenderText {mo} at (0,-4) size 7x22
        text run at (0,-4) width 7: "\x{23AE}"
layer at (77,201) size 8x10 scrollHeight 18
  RenderMathMLBlock (flex) {mo} at (0,30) size 8x10
    RenderBlock (anonymous) at (0,0) size 7x10
      RenderText {mo} at (0,-4) size 7x22
        text run at (0,-4) width 7: "\x{23AE}"
layer at (77,211) size 8x10 scrollHeight 18
  RenderMathMLBlock (flex) {mo} at (0,40) size 8x10
    RenderBlock (anonymous) at (0,0) size 7x10
      RenderText {mo} at (0,-4) size 7x22
        text run at (0,-4) width 7: "\x{23AE}"
layer at (77,221) size 8x2 scrollHeight 18
  RenderMathMLBlock (flex) {mo} at (0,50) size 8x2
    RenderBlock (anonymous) at (0,0) size 7x2
      RenderText {mo} at (0,-4) size 7x22
        text run at (0,-4) width 7: "\x{23AE}"
layer at (77,223) size 8x17 scrollHeight 19
  RenderMathMLBlock (flex) {mo} at (0,52) size 8x17
    RenderBlock (anonymous) at (0,0) size 8x17
layer at (86,171) size 11x10 scrollHeight 19
  RenderMathMLBlock (flex) {mo} at (0,0) size 11x10
    RenderBlock (anonymous) at (0,0) size 11x10
layer at (86,181) size 11x10 scrollHeight 18
  RenderMathMLBlock (flex) {mo} at (0,10) size 11x10
    RenderBlock (anonymous) at (0,0) size 11x10
      RenderText {mo} at (0,-4) size 11x22
        text run at (0,-4) width 11: "\x{23AA}"
layer at (86,191) size 11x6 scrollHeight 18
  RenderMathMLBlock (flex) {mo} at (0,20) size 11x6
    RenderBlock (anonymous) at (0,0) size 11x6
      RenderText {mo} at (0,-4) size 11x22
        text run at (0,-4) width 11: "\x{23AA}"
layer at (86,197) size 11x10 scrollHeight 18
  RenderMathMLBlock (flex) {mo} at (0,26) size 11x10
    RenderBlock (anonymous) at (0,0) size 11x10
layer at (86,207) size 11x10 scrollHeight 18
  RenderMathMLBlock (flex) {mo} at (0,36) size 11x10
    RenderBlock (anonymous) at (0,0) size 11x10
      RenderText {mo} at (0,-4) size 11x22
        text run at (0,-4) width 11: "\x{23AA}"
layer at (86,217) size 11x6 scrollHeight 18
  RenderMathMLBlock (flex) {mo} at (0,46) size 11x6
    RenderBlock (anonymous) at (0,0) size 11x6
      RenderText {mo} at (0,-4) size 11x22
        text run at (0,-4) width 11: "\x{23AA}"
layer at (86,223) size 11x15 scrollHeight 18
  RenderMathMLBlock (flex) {mo} at (0,52) size 11x15
    RenderBlock (anonymous) at (0,0) size 11x15
layer at (98,171) size 7x10 scrollHeight 19
  RenderMathMLBlock (flex) {mo} at (0,0) size 7x10
    RenderBlock (anonymous) at (0,0) size 7x10
layer at (98,181) size 7x10 scrollHeight 18
  RenderMathMLBlock (flex) {mo} at (0,10) size 7x10
    RenderBlock (anonymous) at (0,0) size 7x10
      RenderText {mo} at (0,-4) size 7x22
        text run at (0,-4) width 7: "\x{23A2}"
layer at (98,191) size 7x10 scrollHeight 18
  RenderMathMLBlock (flex) {mo} at (0,20) size 7x10
    RenderBlock (anonymous) at (0,0) size 7x10
      RenderText {mo} at (0,-4) size 7x22
        text run at (0,-4) width 7: "\x{23A2}"
layer at (98,201) size 7x10 scrollHeight 18
  RenderMathMLBlock (flex) {mo} at (0,30) size 7x10
    RenderBlock (anonymous) at (0,0) size 7x10
      RenderText {mo} at (0,-4) size 7x22
        text run at (0,-4) width 7: "\x{23A2}"
layer at (98,211) size 7x10 scrollHeight 18
  RenderMathMLBlock (flex) {mo} at (0,40) size 7x10
    RenderBlock (anonymous) at (0,0) size 7x10
      RenderText {mo} at (0,-4) size 7x22
        text run at (0,-4) width 7: "\x{23A2}"
layer at (98,221) size 7x2 scrollHeight 18
  RenderMathMLBlock (flex) {mo} at (0,50) size 7x2
    RenderBlock (anonymous) at (0,0) size 7x2
      RenderText {mo} at (0,-4) size 7x22
        text run at (0,-4) width 7: "\x{23A2}"
layer at (98,223) size 7x15 scrollHeight 18
  RenderMathMLBlock (flex) {mo} at (0,52) size 7x15
    RenderBlock (anonymous) at (0,0) size 7x15
layer at (162,171) size 7x10 scrollHeight 19
  RenderMathMLBlock (flex) {mo} at (0,0) size 7x10
    RenderBlock (anonymous) at (0,0) size 7x10
layer at (162,181) size 7x10 scrollHeight 18
  RenderMathMLBlock (flex) {mo} at (0,10) size 7x10
    RenderBlock (anonymous) at (0,0) size 7x10
      RenderText {mo} at (0,-4) size 7x22
        text run at (0,-4) width 7: "\x{23A5}"
layer at (162,191) size 7x10 scrollHeight 18
  RenderMathMLBlock (flex) {mo} at (0,20) size 7x10
    RenderBlock (anonymous) at (0,0) size 7x10
      RenderText {mo} at (0,-4) size 7x22
        text run at (0,-4) width 7: "\x{23A5}"
layer at (162,201) size 7x10 scrollHeight 18
  RenderMathMLBlock (flex) {mo} at (0,30) size 7x10
    RenderBlock (anonymous) at (0,0) size 7x10
      RenderText {mo} at (0,-4) size 7x22
        text run at (0,-4) width 7: "\x{23A5}"
layer at (162,211) size 7x10 scrollHeight 18
  RenderMathMLBlock (flex) {mo} at (0,40) size 7x10
    RenderBlock (anonymous) at (0,0) size 7x10
      RenderText {mo} at (0,-4) size 7x22
        text run at (0,-4) width 7: "\x{23A5}"
layer at (162,221) size 7x2 scrollHeight 18
  RenderMathMLBlock (flex) {mo} at (0,50) size 7x2
    RenderBlock (anonymous) at (0,0) size 7x2
      RenderText {mo} at (0,-4) size 7x22
        text run at (0,-4) width 7: "\x{23A5}"
layer at (162,223) size 7x15 scrollHeight 18
  RenderMathMLBlock (flex) {mo} at (0,52) size 7x15
    RenderBlock (anonymous) at (0,0) size 7x15
layer at (170,171) size 11x10 scrollHeight 19
  RenderMathMLBlock (flex) {mo} at (0,0) size 11x10
    RenderBlock (anonymous) at (0,0) size 11x10
layer at (170,181) size 11x10 scrollHeight 18
  RenderMathMLBlock (flex) {mo} at (0,10) size 11x10
    RenderBlock (anonymous) at (0,0) size 11x10
      RenderText {mo} at (0,-4) size 11x22
        text run at (0,-4) width 11: "\x{23AA}"
layer at (170,191) size 11x6 scrollHeight 18
  RenderMathMLBlock (flex) {mo} at (0,20) size 11x6
    RenderBlock (anonymous) at (0,0) size 11x6
      RenderText {mo} at (0,-4) size 11x22
        text run at (0,-4) width 11: "\x{23AA}"
layer at (170,197) size 11x10 scrollHeight 18
  RenderMathMLBlock (flex) {mo} at (0,26) size 11x10
    RenderBlock (anonymous) at (0,0) size 11x10
layer at (170,207) size 11x10 scrollHeight 18
  RenderMathMLBlock (flex) {mo} at (0,36) size 11x10
    RenderBlock (anonymous) at (0,0) size 11x10
      RenderText {mo} at (0,-4) size 11x22
        text run at (0,-4) width 11: "\x{23AA}"
layer at (170,217) size 11x6 scrollHeight 18
  RenderMathMLBlock (flex) {mo} at (0,46) size 11x6
    RenderBlock (anonymous) at (0,0) size 11x6
      RenderText {mo} at (0,-4) size 11x22
        text run at (0,-4) width 11: "\x{23AA}"
layer at (170,223) size 11x15 scrollHeight 18
  RenderMathMLBlock (flex) {mo} at (0,52) size 11x15
    RenderBlock (anonymous) at (0,0) size 11x15
layer at (69,172) size 7x7 backgroundClip at (69,171) size 7x6 clip at (69,171) size 7x6 outlineClip at (69,171) size 7x6
  RenderBlock (relative positioned) {mo} at (0,0) size 7x7
    RenderText {mo} at (0,-9) size 7x22
      text run at (0,-9) width 7: "\x{23D0}"
layer at (69,224) size 7x7 backgroundClip at (69,227) size 7x7 clip at (69,227) size 7x7 outlineClip at (69,227) size 7x7
  RenderBlock (relative positioned) {mo} at (0,0) size 7x7
    RenderText {mo} at (0,-9) size 7x22
      text run at (0,-9) width 7: "\x{23D0}"
layer at (77,172) size 8x17 backgroundClip at (77,171) size 8x10 clip at (77,171) size 8x10 outlineClip at (77,171) size 8x10
  RenderBlock (relative positioned) {mo} at (0,0) size 8x17
    RenderText {mo} at (0,-3) size 8x22
      text run at (0,-3) width 8: "\x{2320}"
layer at (77,220) size 8x17 backgroundClip at (77,223) size 8x17 clip at (77,223) size 8x17 outlineClip at (77,223) size 8x17
  RenderBlock (relative positioned) {mo} at (0,0) size 8x17
    RenderText {mo} at (0,-3) size 8x22
      text run at (0,-3) width 8: "\x{2321}"
layer at (86,172) size 11x15 backgroundClip at (86,171) size 11x10 clip at (86,171) size 11x10 outlineClip at (86,171) size 11x10
  RenderBlock (relative positioned) {mo} at (0,0) size 11x15
    RenderText {mo} at (0,-4) size 11x22
      text run at (0,-4) width 11: "\x{23A7}"
layer at (86,196) size 11x15 backgroundClip at (86,197) size 11x10 clip at (86,197) size 11x10 outlineClip at (86,197) size 11x10
  RenderBlock (relative positioned) {mo} at (0,0) size 11x15
    RenderText {mo} at (0,-4) size 11x22
      text run at (0,-4) width 11: "\x{23A8}"
layer at (86,220) size 11x15 backgroundClip at (86,223) size 11x15 clip at (86,223) size 11x15 outlineClip at (86,223) size 11x15
  RenderBlock (relative positioned) {mo} at (0,0) size 11x15
    RenderText {mo} at (0,-4) size 11x22
      text run at (0,-4) width 11: "\x{23A9}"
layer at (98,172) size 7x15 backgroundClip at (98,171) size 7x10 clip at (98,171) size 7x10 outlineClip at (98,171) size 7x10
  RenderBlock (relative positioned) {mo} at (0,0) size 7x15
    RenderText {mo} at (0,-4) size 7x22
      text run at (0,-4) width 7: "\x{23A1}"
layer at (98,220) size 7x15 backgroundClip at (98,223) size 7x15 clip at (98,223) size 7x15 outlineClip at (98,223) size 7x15
  RenderBlock (relative positioned) {mo} at (0,0) size 7x15
    RenderText {mo} at (0,-4) size 7x22
      text run at (0,-4) width 7: "\x{23A3}"
layer at (162,172) size 7x15 backgroundClip at (162,171) size 7x10 clip at (162,171) size 7x10 outlineClip at (162,171) size 7x10
  RenderBlock (relative positioned) {mo} at (0,0) size 7x15
    RenderText {mo} at (0,-4) size 7x22
      text run at (0,-4) width 7: "\x{23A4}"
layer at (162,220) size 7x15 backgroundClip at (162,223) size 7x15 clip at (162,223) size 7x15 outlineClip at (162,223) size 7x15
  RenderBlock (relative positioned) {mo} at (0,0) size 7x15
    RenderText {mo} at (0,-4) size 7x22
      text run at (0,-4) width 7: "\x{23A6}"
layer at (170,172) size 11x15 backgroundClip at (170,171) size 11x10 clip at (170,171) size 11x10 outlineClip at (170,171) size 11x10
  RenderBlock (relative positioned) {mo} at (0,0) size 11x15
    RenderText {mo} at (0,-4) size 11x22
      text run at (0,-4) width 11: "\x{23AB}"
layer at (170,196) size 11x15 backgroundClip at (170,197) size 11x10 clip at (170,197) size 11x10 outlineClip at (170,197) size 11x10
  RenderBlock (relative positioned) {mo} at (0,0) size 11x15
    RenderText {mo} at (0,-4) size 11x22
      text run at (0,-4) width 11: "\x{23AC}"
layer at (170,220) size 11x15 backgroundClip at (170,223) size 11x15 clip at (170,223) size 11x15 outlineClip at (170,223) size 11x15
  RenderBlock (relative positioned) {mo} at (0,0) size 11x15
    RenderText {mo} at (0,-4) size 11x22
      text run at (0,-4) width 11: "\x{23AD}"
