layer at (0,0) size 800x600
  RenderView at (0,0) size 800x600
layer at (0,0) size 800x206
  RenderBlock {HTML} at (0,0) size 800x206
    RenderBody {BODY} at (8,8) size 784x182
      RenderMathMLMath {math} at (0,0) size 784x85
        RenderMathMLRow {mrow} at (296,0) size 192x85
          RenderMathMLRow {mrow} at (0,0) size 138x85
            RenderMathMLRow {mrow} at (0,0) size 63x85
              RenderInline {mi} at (0,0) size 5x24
                RenderText {#text} at (0,32) size 5x24
                  text run at (0,32) width 5: "f"
              RenderMathMLRow {mrow} at (6,0) size 57x85
                RenderMathMLOperator {mo} at (0,0) size 8x85
                RenderMathMLFraction {mfrac} at (8,10) size 41x70
                  RenderMathMLBlock {mfrac} at (0,0) size 41x34
                    RenderMathMLRow {mrow} at (3,0) size 35x34
                      RenderMathMLFraction {mfrac} at (0,0) size 15x34
                        RenderMathMLBlock {mfrac} at (0,0) size 15x16
                          RenderInline {mi} at (0,0) size 9x24
                            RenderText {#text} at (3,-4) size 9x24
                              text run at (3,-4) width 9: "a"
                        RenderMathMLBlock {mfrac} at (0,16) size 15x18
                          RenderInline {mi} at (0,0) size 9x24
                            RenderText {#text} at (3,-2) size 9x24
                              text run at (3,-2) width 9: "b"
                      RenderMathMLOperator {mo} at (15,8) size 12x16
                        RenderMathMLBlock {mo} at (0,0) size 11x16
                          RenderText {mo} at (0,-4) size 11x24
                            text run at (0,-4) width 11: "+"
                      RenderInline {mi} at (0,0) size 8x24
                        RenderText {#text} at (27,4) size 8x24
                          text run at (27,4) width 8: "c"
                  RenderMathMLBlock {mfrac} at (0,34) size 41x36
                    RenderMathMLRow {mrow} at (3,2) size 35x34
                      RenderMathMLFraction {mfrac} at (0,0) size 15x34
                        RenderMathMLBlock {mfrac} at (0,0) size 15x16
                          RenderInline {mi} at (0,0) size 9x24
                            RenderText {#text} at (3,-4) size 9x24
                              text run at (3,-4) width 9: "c"
                        RenderMathMLBlock {mfrac} at (0,16) size 15x18
                          RenderInline {mi} at (0,0) size 9x24
                            RenderText {#text} at (3,-2) size 9x24
                              text run at (3,-2) width 9: "d"
                      RenderMathMLOperator {mo} at (15,8) size 12x16
                        RenderMathMLBlock {mo} at (0,0) size 11x16
                          RenderText {mo} at (0,-4) size 11x24
                            text run at (0,-4) width 11: "+"
                      RenderInline {mi} at (0,0) size 8x24
                        RenderText {#text} at (27,4) size 8x24
                          text run at (27,4) width 8: "e"
                RenderMathMLOperator {mo} at (49,0) size 8x85
            RenderMathMLOperator {mo} at (63,36) size 12x16
              RenderMathMLBlock {mo} at (0,0) size 11x16
                RenderText {mo} at (0,-4) size 11x24
                  text run at (0,-4) width 11: "+"
            RenderMathMLRow {mrow} at (75,13) size 63x63
              RenderInline {mi} at (0,0) size 9x24
                RenderText {#text} at (0,19) size 9x24
                  text run at (0,19) width 9: "g"
              RenderMathMLRow {mrow} at (10,0) size 53x63
                RenderMathMLOperator {mo} at (0,0) size 8x63
                RenderMathMLSubSup {msubsup} at (8,7) size 37x52
                  RenderMathMLBlock {msubsup} at (0,0) size 8x32
                    RenderInline {mi} at (0,0) size 8x24
                      RenderText {#text} at (0,12) size 8x24
                        text run at (0,12) width 8: "x"
                  RenderMathMLBlock {msubsup} at (9,0) size 28x52
                    RenderMathMLBlock {msubsup} at (0,0) size 28x26
                      RenderMathMLRow {mrow} at (0,0) size 27x26
                        RenderMathMLFraction {mfrac} at (0,0) size 11x26
                          RenderMathMLBlock {mfrac} at (0,0) size 11x12
                            RenderInline {mi} at (0,0) size 7x18
                              RenderText {#text} at (2,-3) size 7x18
                                text run at (2,-3) width 7: "a"
                          RenderMathMLBlock {mfrac} at (0,12) size 11x14
                            RenderInline {mi} at (0,0) size 7x18
                              RenderText {#text} at (2,-1) size 7x18
                                text run at (2,-1) width 7: "b"
                        RenderMathMLOperator {mo} at (11,6) size 10x12
                          RenderMathMLBlock {mo} at (0,0) size 9x12
                            RenderText {mo} at (0,-3) size 9x18
                              text run at (0,-3) width 9: "+"
                        RenderInline {mi} at (0,0) size 6x18
                          RenderText {#text} at (21,3) size 6x18
                            text run at (21,3) width 6: "c"
                    RenderMathMLBlock {msubsup} at (0,26) size 28x26
                      RenderMathMLRow {mrow} at (1,0) size 27x26
                        RenderMathMLFraction {mfrac} at (0,0) size 11x26
                          RenderMathMLBlock {mfrac} at (0,0) size 11x12
                            RenderInline {mi} at (0,0) size 7x18
                              RenderText {#text} at (2,-3) size 7x18
                                text run at (2,-3) width 7: "c"
                          RenderMathMLBlock {mfrac} at (0,12) size 11x14
                            RenderInline {mi} at (0,0) size 7x18
                              RenderText {#text} at (2,-1) size 7x18
                                text run at (2,-1) width 7: "d"
                        RenderMathMLOperator {mo} at (11,6) size 10x12
                          RenderMathMLBlock {mo} at (0,0) size 9x12
                            RenderText {mo} at (0,-3) size 9x18
                              text run at (0,-3) width 9: "+"
                        RenderInline {mi} at (0,0) size 6x18
                          RenderText {#text} at (21,3) size 6x18
                            text run at (21,3) width 6: "e"
                RenderMathMLOperator {mo} at (45,0) size 8x63
          RenderMathMLOperator {mo} at (138,36) size 12x16
            RenderMathMLBlock {mo} at (0,0) size 11x16
              RenderText {mo} at (0,-4) size 11x24
                text run at (0,-4) width 11: "+"
          RenderMathMLRow {mrow} at (150,17) size 42x55
            RenderMathMLSubSup {msubsup} at (0,0) size 17x55
              RenderMathMLBlock {msubsup} at (0,0) size 9x55
                RenderMathMLOperator {mo} at (0,0) size 9x55
              RenderMathMLBlock {msubsup} at (10,0) size 7x43
                RenderMathMLBlock {msubsup} at (0,0) size 7x31
                  RenderInline {mi} at (0,0) size 7x18
                    RenderText {#text} at (0,-3) size 7x18
                      text run at (0,-3) width 7: "b"
                RenderMathMLBlock {msubsup} at (0,31) size 7x12
                  RenderInline {mi} at (0,0) size 7x18
                    RenderText {#text} at (0,-3) size 7x18
                      text run at (0,-3) width 7: "a"
            RenderMathMLRow {mrow} at (17,6) size 25x45
              RenderMathMLUnderOver {munderover} at (0,0) size 20x45
                RenderBlock (anonymous) at (0,0) size 20x16
                  RenderInline {mi} at (0,0) size 8x18
                    RenderText {#text} at (6,0) size 8x18
                      text run at (6,0) width 8: "n"
                RenderBlock (anonymous) at (0,13) size 20x16
                  RenderMathMLOperator {mo} at (3,0) size 15x16
                    RenderMathMLBlock {mo} at (0,0) size 15x16
                      RenderText {mo} at (0,-4) size 15x24
                        text run at (0,-4) width 15: "\x{2211}"
                RenderBlock (anonymous) at (0,29) size 20x16
                  RenderMathMLRow {mrow} at (0,3) size 20x12
                    RenderInline {mi} at (0,0) size 4x18
                      RenderText {#text} at (0,-3) size 4x18
                        text run at (0,-3) width 4: "i"
                    RenderMathMLOperator {mo} at (4,0) size 10x12
                      RenderMathMLBlock {mo} at (0,0) size 9x12
                        RenderText {mo} at (0,-3) size 9x18
                          text run at (0,-3) width 9: "="
                    RenderInline {mn} at (0,0) size 7x18
                      RenderText {#text} at (13,-3) size 7x18
                        text run at (13,-3) width 7: "0"
              RenderInline {mi} at (0,0) size 5x24
                RenderText {#text} at (20,9) size 5x24
                  text run at (20,9) width 5: "i"
      RenderBlock {P} at (0,101) size 784x18
        RenderText {#text} at (0,0) size 54x17
          text run at (0,0) width 54: "Implied "
        RenderInline {CODE} at (0,0) size 32x15
          RenderText {#text} at (53,3) size 32x15
            text run at (53,3) width 32: "mrow"
        RenderText {#text} at (84,0) size 163x17
          text run at (84,0) width 163: " with operator stretching:"
      RenderMathMLMath {math} at (0,135) size 784x47
        RenderMathMLSquareRoot {msqrt} at (369,0) size 46x47
          RenderMathMLRow (anonymous) at (12,3) size 34x41
            RenderInline {mi} at (0,0) size 5x24
              RenderText {#text} at (0,6) size 5x24
                text run at (0,6) width 5: "f"
            RenderMathMLOperator {mo} at (5,0) size 7x41
            RenderMathMLFraction {mfrac} at (12,2) size 15x34
              RenderMathMLBlock {mfrac} at (0,0) size 15x16
                RenderInline {mn} at (0,0) size 9x24
                  RenderText {#text} at (3,-4) size 9x24
                    text run at (3,-4) width 9: "1"
              RenderMathMLBlock {mfrac} at (0,16) size 15x18
                RenderInline {mi} at (0,0) size 9x24
                  RenderText {#text} at (3,-2) size 9x24
                    text run at (3,-2) width 9: "y"
            RenderMathMLOperator {mo} at (27,0) size 7x41
layer at (310,8) size 7x10 scrollHeight 14
  RenderMathMLBlock {mo} at (0,0) size 7x10
layer at (310,18) size 7x10 scrollHeight 13
  RenderMathMLBlock {mo} at (0,10) size 7x10
    RenderText {mo} at (0,-2) size 7x15
      text run at (0,-2) width 7: "\x{239C}"
layer at (310,28) size 7x10 scrollHeight 13
  RenderMathMLBlock {mo} at (0,20) size 7x10
    RenderText {mo} at (0,-2) size 7x15
      text run at (0,-2) width 7: "\x{239C}"
layer at (310,38) size 7x10 scrollHeight 13
  RenderMathMLBlock {mo} at (0,30) size 7x10
    RenderText {mo} at (0,-2) size 7x15
      text run at (0,-2) width 7: "\x{239C}"
layer at (310,48) size 7x10 scrollHeight 13
  RenderMathMLBlock {mo} at (0,40) size 7x10
    RenderText {mo} at (0,-2) size 7x15
      text run at (0,-2) width 7: "\x{239C}"
layer at (310,58) size 7x10 scrollHeight 13
  RenderMathMLBlock {mo} at (0,50) size 7x10
    RenderText {mo} at (0,-2) size 7x15
      text run at (0,-2) width 7: "\x{239C}"
layer at (310,68) size 7x10 scrollHeight 13
  RenderMathMLBlock {mo} at (0,60) size 7x10
    RenderText {mo} at (0,-2) size 7x15
      text run at (0,-2) width 7: "\x{239C}"
layer at (310,78) size 7x4 scrollHeight 13
  RenderMathMLBlock {mo} at (0,70) size 7x4
    RenderText {mo} at (0,-2) size 7x15
      text run at (0,-2) width 7: "\x{239C}"
layer at (310,82) size 7x11 scrollHeight 13
  RenderMathMLBlock {mo} at (0,74) size 7x11
layer at (359,8) size 7x10 scrollHeight 14
  RenderMathMLBlock {mo} at (0,0) size 7x10
layer at (359,18) size 7x10 scrollHeight 13
  RenderMathMLBlock {mo} at (0,10) size 7x10
    RenderText {mo} at (0,-2) size 7x15
      text run at (0,-2) width 7: "\x{239F}"
layer at (359,28) size 7x10 scrollHeight 13
  RenderMathMLBlock {mo} at (0,20) size 7x10
    RenderText {mo} at (0,-2) size 7x15
      text run at (0,-2) width 7: "\x{239F}"
layer at (359,38) size 7x10 scrollHeight 13
  RenderMathMLBlock {mo} at (0,30) size 7x10
    RenderText {mo} at (0,-2) size 7x15
      text run at (0,-2) width 7: "\x{239F}"
layer at (359,48) size 7x10 scrollHeight 13
  RenderMathMLBlock {mo} at (0,40) size 7x10
    RenderText {mo} at (0,-2) size 7x15
      text run at (0,-2) width 7: "\x{239F}"
layer at (359,58) size 7x10 scrollHeight 13
  RenderMathMLBlock {mo} at (0,50) size 7x10
    RenderText {mo} at (0,-2) size 7x15
      text run at (0,-2) width 7: "\x{239F}"
layer at (359,68) size 7x10 scrollHeight 13
  RenderMathMLBlock {mo} at (0,60) size 7x10
    RenderText {mo} at (0,-2) size 7x15
      text run at (0,-2) width 7: "\x{239F}"
layer at (359,78) size 7x4 scrollHeight 13
  RenderMathMLBlock {mo} at (0,70) size 7x4
    RenderText {mo} at (0,-2) size 7x15
      text run at (0,-2) width 7: "\x{239F}"
layer at (359,82) size 7x11 scrollHeight 13
  RenderMathMLBlock {mo} at (0,74) size 7x11
layer at (389,21) size 7x10 scrollHeight 14
  RenderMathMLBlock {mo} at (0,0) size 7x10
layer at (389,31) size 7x10 scrollHeight 13
  RenderMathMLBlock {mo} at (0,10) size 7x10
    RenderText {mo} at (0,-2) size 7x15
      text run at (0,-2) width 7: "\x{23A2}"
layer at (389,41) size 7x10 scrollHeight 13
  RenderMathMLBlock {mo} at (0,20) size 7x10
    RenderText {mo} at (0,-2) size 7x15
      text run at (0,-2) width 7: "\x{23A2}"
layer at (389,51) size 7x10 scrollHeight 13
  RenderMathMLBlock {mo} at (0,30) size 7x10
    RenderText {mo} at (0,-2) size 7x15
      text run at (0,-2) width 7: "\x{23A2}"
layer at (389,61) size 7x10 scrollHeight 13
  RenderMathMLBlock {mo} at (0,40) size 7x10
    RenderText {mo} at (0,-2) size 7x15
      text run at (0,-2) width 7: "\x{23A2}"
layer at (389,71) size 7x2 scrollHeight 13
  RenderMathMLBlock {mo} at (0,50) size 7x2
    RenderText {mo} at (0,-2) size 7x15
      text run at (0,-2) width 7: "\x{23A2}"
layer at (389,73) size 7x11 scrollHeight 13
  RenderMathMLBlock {mo} at (0,52) size 7x11
layer at (434,21) size 7x10 scrollHeight 14
  RenderMathMLBlock {mo} at (0,0) size 7x10
layer at (434,31) size 7x10 scrollHeight 13
  RenderMathMLBlock {mo} at (0,10) size 7x10
    RenderText {mo} at (0,-2) size 7x15
      text run at (0,-2) width 7: "\x{23A5}"
layer at (434,41) size 7x10 scrollHeight 13
  RenderMathMLBlock {mo} at (0,20) size 7x10
    RenderText {mo} at (0,-2) size 7x15
      text run at (0,-2) width 7: "\x{23A5}"
layer at (434,51) size 7x10 scrollHeight 13
  RenderMathMLBlock {mo} at (0,30) size 7x10
    RenderText {mo} at (0,-2) size 7x15
      text run at (0,-2) width 7: "\x{23A5}"
layer at (434,61) size 7x10 scrollHeight 13
  RenderMathMLBlock {mo} at (0,40) size 7x10
    RenderText {mo} at (0,-2) size 7x15
      text run at (0,-2) width 7: "\x{23A5}"
layer at (434,71) size 7x2 scrollHeight 13
  RenderMathMLBlock {mo} at (0,50) size 7x2
    RenderText {mo} at (0,-2) size 7x15
      text run at (0,-2) width 7: "\x{23A5}"
layer at (434,73) size 7x11 scrollHeight 13
  RenderMathMLBlock {mo} at (0,52) size 7x11
layer at (454,25) size 9x10 scrollHeight 14
  RenderMathMLBlock {mo} at (0,0) size 9x10
layer at (454,35) size 9x10 scrollHeight 13
  RenderMathMLBlock {mo} at (0,10) size 9x10
    RenderText {mo} at (0,-2) size 9x15
      text run at (0,-2) width 9: "\x{23AE}"
layer at (454,45) size 9x10 scrollHeight 13
  RenderMathMLBlock {mo} at (0,20) size 9x10
    RenderText {mo} at (0,-2) size 9x15
      text run at (0,-2) width 9: "\x{23AE}"
layer at (454,55) size 9x10 scrollHeight 13
  RenderMathMLBlock {mo} at (0,30) size 9x10
    RenderText {mo} at (0,-2) size 9x15
      text run at (0,-2) width 9: "\x{23AE}"
layer at (454,65) size 9x4 scrollHeight 13
  RenderMathMLBlock {mo} at (0,40) size 9x4
    RenderText {mo} at (0,-2) size 9x15
      text run at (0,-2) width 9: "\x{23AE}"
layer at (454,69) size 9x11 scrollHeight 13
  RenderMathMLBlock {mo} at (0,44) size 9x11
layer at (394,146) size 7x10 scrollHeight 14
  RenderMathMLBlock {mo} at (0,0) size 7x10
layer at (394,156) size 7x10 scrollHeight 13
  RenderMathMLBlock {mo} at (0,10) size 7x10
    RenderText {mo} at (0,-2) size 7x15
      text run at (0,-2) width 7: "\x{239C}"
layer at (394,166) size 7x10 scrollHeight 13
  RenderMathMLBlock {mo} at (0,20) size 7x10
    RenderText {mo} at (0,-2) size 7x15
      text run at (0,-2) width 7: "\x{239C}"
layer at (394,176) size 7x11 scrollHeight 13
  RenderMathMLBlock {mo} at (0,30) size 7x11
layer at (416,146) size 7x10 scrollHeight 14
  RenderMathMLBlock {mo} at (0,0) size 7x10
layer at (416,156) size 7x10 scrollHeight 13
  RenderMathMLBlock {mo} at (0,10) size 7x10
    RenderText {mo} at (0,-2) size 7x15
      text run at (0,-2) width 7: "\x{239F}"
layer at (416,166) size 7x10 scrollHeight 13
  RenderMathMLBlock {mo} at (0,20) size 7x10
    RenderText {mo} at (0,-2) size 7x15
      text run at (0,-2) width 7: "\x{239F}"
layer at (416,176) size 7x11 scrollHeight 13
  RenderMathMLBlock {mo} at (0,30) size 7x11
layer at (310,9) size 7x11 backgroundClip at (310,8) size 7x10 clip at (310,8) size 7x10 outlineClip at (310,8) size 7x10
  RenderBlock (relative positioned) {mo} at (0,0) size 7x11
    RenderText {mo} at (0,-2) size 7x15
      text run at (0,-2) width 7: "\x{239B}"
layer at (310,79) size 7x11 backgroundClip at (310,82) size 7x11 clip at (310,82) size 7x11 outlineClip at (310,82) size 7x11
  RenderBlock (relative positioned) {mo} at (0,0) size 7x11
    RenderText {mo} at (0,-2) size 7x15
      text run at (0,-2) width 7: "\x{239D}"
layer at (359,9) size 7x11 backgroundClip at (359,8) size 7x10 clip at (359,8) size 7x10 outlineClip at (359,8) size 7x10
  RenderBlock (relative positioned) {mo} at (0,0) size 7x11
    RenderText {mo} at (0,-2) size 7x15
      text run at (0,-2) width 7: "\x{239E}"
layer at (359,79) size 7x11 backgroundClip at (359,82) size 7x11 clip at (359,82) size 7x11 outlineClip at (359,82) size 7x11
  RenderBlock (relative positioned) {mo} at (0,0) size 7x11
    RenderText {mo} at (0,-2) size 7x15
      text run at (0,-2) width 7: "\x{23A0}"
layer at (389,22) size 7x11 backgroundClip at (389,21) size 7x10 clip at (389,21) size 7x10 outlineClip at (389,21) size 7x10
  RenderBlock (relative positioned) {mo} at (0,0) size 7x11
    RenderText {mo} at (0,-2) size 7x15
      text run at (0,-2) width 7: "\x{23A1}"
layer at (389,70) size 7x11 backgroundClip at (389,73) size 7x11 clip at (389,73) size 7x11 outlineClip at (389,73) size 7x11
  RenderBlock (relative positioned) {mo} at (0,0) size 7x11
    RenderText {mo} at (0,-2) size 7x15
      text run at (0,-2) width 7: "\x{23A3}"
layer at (434,22) size 7x11 backgroundClip at (434,21) size 7x10 clip at (434,21) size 7x10 outlineClip at (434,21) size 7x10
  RenderBlock (relative positioned) {mo} at (0,0) size 7x11
    RenderText {mo} at (0,-2) size 7x15
      text run at (0,-2) width 7: "\x{23A4}"
layer at (434,70) size 7x11 backgroundClip at (434,73) size 7x11 clip at (434,73) size 7x11 outlineClip at (434,73) size 7x11
  RenderBlock (relative positioned) {mo} at (0,0) size 7x11
    RenderText {mo} at (0,-2) size 7x15
      text run at (0,-2) width 7: "\x{23A6}"
layer at (454,26) size 9x11 backgroundClip at (454,25) size 9x10 clip at (454,25) size 9x10 outlineClip at (454,25) size 9x10
  RenderBlock (relative positioned) {mo} at (0,0) size 9x11
    RenderText {mo} at (0,-2) size 9x15
      text run at (0,-2) width 9: "\x{2320}"
layer at (454,66) size 9x11 backgroundClip at (454,69) size 9x11 clip at (454,69) size 9x11 outlineClip at (454,69) size 9x11
  RenderBlock (relative positioned) {mo} at (0,0) size 9x11
    RenderText {mo} at (0,-2) size 9x15
      text run at (0,-2) width 9: "\x{2321}"
layer at (394,147) size 7x11 backgroundClip at (394,146) size 7x10 clip at (394,146) size 7x10 outlineClip at (394,146) size 7x10
  RenderBlock (relative positioned) {mo} at (0,0) size 7x11
    RenderText {mo} at (0,-2) size 7x15
      text run at (0,-2) width 7: "\x{239B}"
layer at (394,173) size 7x11 backgroundClip at (394,176) size 7x11 clip at (394,176) size 7x11 outlineClip at (394,176) size 7x11
  RenderBlock (relative positioned) {mo} at (0,0) size 7x11
    RenderText {mo} at (0,-2) size 7x15
      text run at (0,-2) width 7: "\x{239D}"
layer at (416,147) size 7x11 backgroundClip at (416,146) size 7x10 clip at (416,146) size 7x10 outlineClip at (416,146) size 7x10
  RenderBlock (relative positioned) {mo} at (0,0) size 7x11
    RenderText {mo} at (0,-2) size 7x15
      text run at (0,-2) width 7: "\x{239E}"
layer at (416,173) size 7x11 backgroundClip at (416,176) size 7x11 clip at (416,176) size 7x11 outlineClip at (416,176) size 7x11
  RenderBlock (relative positioned) {mo} at (0,0) size 7x11
    RenderText {mo} at (0,-2) size 7x15
      text run at (0,-2) width 7: "\x{23A0}"
