layer at (0,0) size 800x600
  RenderView at (0,0) size 800x600
layer at (0,0) size 800x52
  RenderBlock {html} at (0,0) size 800x52
    RenderBody {body} at (8,16) size 784x20
      RenderBlock {p} at (0,0) size 784x20
        RenderMathMLMath {math} at (0,1) size 17x19
          RenderMathMLSubSup {msub} at (1,0) size 15x19
            RenderMathMLBlock {msub} at (0,0) size 8x16
              RenderInline {mi} at (0,0) size 8x24
                RenderText {#text} at (0,-4) size 8x24
                  text run at (0,-4) width 8: "x"
            RenderInline {mn} at (0,0) size 7x18
              RenderText {#text} at (8,4) size 7x18
                text run at (8,4) width 7: "2"
        RenderText {#text} at (0,0) size 0x0
