layer at (0,0) size 800x600
  RenderView at (0,0) size 800x600
layer at (0,0) size 800x533
  RenderBlock {html} at (0,0) size 800x533
    RenderBody {body} at (8,16) size 784x501
      RenderBlock {p} at (0,0) size 784x19
        RenderText {#text} at (0,1) size 177x19
          text run at (0,1) width 177: "square root (should be red): "
        RenderMathMLMath {math} at (177,0) size 22x19
          RenderMathMLSquareRoot {msqrt} at (1,0) size 20x19 [color=#FF0000]
            RenderMathMLRow (anonymous) at (12,3) size 8x16
              RenderInline {mn} at (0,0) size 8x25
                RenderText {#text} at (0,-4) size 8x25
                  text run at (0,-4) width 8: "2"
      RenderBlock {p} at (0,35) size 784x19
        RenderText {#text} at (0,1) size 110x19
          text run at (0,1) width 110: "long square root: "
        RenderMathMLMath {math} at (110,0) size 41x19
          RenderMathMLSquareRoot {msqrt} at (1,0) size 39x19
            RenderMathMLRow (anonymous) at (12,3) size 27x16
              RenderMathMLRow {mrow} at (0,0) size 27x16
                RenderInline {mi} at (0,0) size 7x25
                  RenderText {#text} at (0,-4) size 7x25
                    text run at (0,-4) width 7: "x"
                RenderMathMLOperator {mo} at (7,0) size 12x16
                  RenderMathMLBlock {mo} at (0,0) size 11x16
                    RenderText {mo} at (0,-4) size 11x25
                      text run at (0,-4) width 11: "+"
                RenderInline {mn} at (0,0) size 8x25
                  RenderText {#text} at (19,-4) size 8x25
                    text run at (19,-4) width 8: "1"
      RenderBlock {p} at (0,70) size 784x22
        RenderText {#text} at (0,4) size 222x19
          text run at (0,4) width 222: "long square root with implied row: "
        RenderMathMLMath {math} at (222,0) size 46x22
          RenderMathMLSquareRoot {msqrt} at (1,0) size 44x22
            RenderMathMLRow (anonymous) at (12,3) size 32x19
              RenderMathMLSubSup {msup} at (0,0) size 13x19
                RenderMathMLBlock {msup} at (0,3) size 7x16
                  RenderInline {mi} at (0,0) size 7x25
                    RenderText {#text} at (0,-4) size 7x25
                      text run at (0,-4) width 7: "x"
                RenderInline {mn} at (0,0) size 6x19
                  RenderText {#text} at (7,-3) size 6x19
                    text run at (7,-3) width 6: "2"
              RenderMathMLOperator {mo} at (13,3) size 11x16
                RenderMathMLBlock {mo} at (0,0) size 11x16
                  RenderText {mo} at (0,-4) size 11x25
                    text run at (0,-4) width 11: "+"
              RenderInline {mn} at (0,0) size 8x25
                RenderText {#text} at (24,-1) size 8x25
                  text run at (24,-1) width 8: "1"
      RenderBlock {p} at (0,108) size 784x40
        RenderText {#text} at (0,9) size 113x19
          text run at (0,9) width 113: "root of a fraction: "
        RenderMathMLMath {math} at (113,0) size 47x40
          RenderMathMLSquareRoot {msqrt} at (1,0) size 45x40
            RenderMathMLRow (anonymous) at (12,3) size 33x34
              RenderMathMLFraction {mfrac} at (0,0) size 33x34
                RenderMathMLBlock {mfrac} at (0,0) size 33x16
                  RenderMathMLRow {mrow} at (3,0) size 27x16
                    RenderInline {mi} at (0,0) size 7x25
                      RenderText {#text} at (0,-4) size 7x25
                        text run at (0,-4) width 7: "x"
                    RenderMathMLOperator {mo} at (7,0) size 12x16
                      RenderMathMLBlock {mo} at (0,0) size 11x16
                        RenderText {mo} at (0,-4) size 11x25
                          text run at (0,-4) width 11: "+"
                    RenderInline {mn} at (0,0) size 8x25
                      RenderText {#text} at (19,-4) size 8x25
                        text run at (19,-4) width 8: "1"
                RenderMathMLBlock {mfrac} at (0,16) size 33x18
                  RenderMathMLRow {mrow} at (3,2) size 27x16
                    RenderInline {mi} at (0,0) size 7x25
                      RenderText {#text} at (0,-4) size 7x25
                        text run at (0,-4) width 7: "x"
                    RenderMathMLOperator {mo} at (7,0) size 12x16
                      RenderMathMLBlock {mo} at (0,0) size 11x16
                        RenderText {mo} at (0,-4) size 11x25
                          text run at (0,-4) width 11: "+"
                    RenderInline {mn} at (0,0) size 8x25
                      RenderText {#text} at (19,-4) size 8x25
                        text run at (19,-4) width 8: "2"
      RenderBlock {p} at (0,164) size 784x22
        RenderText {#text} at (0,1) size 173x19
          text run at (0,1) width 173: "cube root (should be blue): "
        RenderMathMLMath {math} at (173,0) size 22x22 [color=#0000FF]
      RenderBlock {p} at (0,202) size 784x22
        RenderText {#text} at (0,1) size 75x19
          text run at (0,1) width 75: "long index: "
        RenderMathMLMath {math} at (75,0) size 49x22
      RenderBlock {p} at (0,240) size 784x40
        RenderText {#text} at (0,8) size 185x19
          text run at (0,8) width 185: "long index w/ complex base: "
        RenderMathMLMath {math} at (185,0) size 76x40
      RenderBlock {p} at (0,296) size 784x45
        RenderText {#text} at (0,24) size 75x19
          text run at (0,24) width 75: "high index: "
        RenderMathMLMath {math} at (75,0) size 29x45
      RenderBlock {p} at (0,357) size 784x55
        RenderText {#text} at (0,22) size 155x19
          text run at (0,22) width 155: "Imbricated square roots: "
        RenderMathMLMath {math} at (155,0) size 247x55
          RenderMathMLSquareRoot {msqrt} at (1,0) size 245x55
            RenderMathMLRow (anonymous) at (12,3) size 233x49
              RenderInline {mn} at (0,0) size 8x25
                RenderText {#text} at (0,17) size 8x25
                  text run at (0,17) width 8: "1"
              RenderMathMLOperator {mo} at (8,21) size 11x16
                RenderMathMLBlock {mo} at (0,0) size 11x16
                  RenderText {mo} at (0,-4) size 11x25
                    text run at (0,-4) width 11: "+"
              RenderMathMLSquareRoot {msqrt} at (19,0) size 214x49
                RenderMathMLRow (anonymous) at (12,3) size 202x43
                  RenderMathMLRow {mrow} at (0,0) size 202x43
                    RenderInline {mn} at (0,0) size 8x25
                      RenderText {#text} at (0,14) size 8x25
                        text run at (0,14) width 8: "2"
                    RenderMathMLOperator {mo} at (8,18) size 12x16
                      RenderMathMLBlock {mo} at (0,0) size 11x16
                        RenderText {mo} at (0,-4) size 11x25
                          text run at (0,-4) width 11: "+"
                    RenderMathMLSquareRoot {msqrt} at (20,0) size 182x43
                      RenderMathMLRow (anonymous) at (12,3) size 170x37
                        RenderMathMLRow {mrow} at (0,0) size 170x37
                          RenderInline {mn} at (0,0) size 8x25
                            RenderText {#text} at (0,11) size 8x25
                              text run at (0,11) width 8: "3"
                          RenderMathMLOperator {mo} at (8,15) size 12x16
                            RenderMathMLBlock {mo} at (0,0) size 11x16
                              RenderText {mo} at (0,-4) size 11x25
                                text run at (0,-4) width 11: "+"
                          RenderMathMLSquareRoot {msqrt} at (20,0) size 150x37
                            RenderMathMLRow (anonymous) at (12,3) size 138x31
                              RenderMathMLRow {mrow} at (0,0) size 138x31
                                RenderInline {mn} at (0,0) size 8x25
                                  RenderText {#text} at (0,8) size 8x25
                                    text run at (0,8) width 8: "4"
                                RenderMathMLOperator {mo} at (8,12) size 12x16
                                  RenderMathMLBlock {mo} at (0,0) size 11x16
                                    RenderText {mo} at (0,-4) size 11x25
                                      text run at (0,-4) width 11: "+"
                                RenderMathMLSquareRoot {msqrt} at (20,0) size 118x31
                                  RenderMathMLRow (anonymous) at (12,3) size 106x25
                                    RenderMathMLRow {mrow} at (0,0) size 106x25
                                      RenderInline {mn} at (0,0) size 8x25
                                        RenderText {#text} at (0,5) size 8x25
                                          text run at (0,5) width 8: "5"
                                      RenderMathMLOperator {mo} at (8,9) size 12x16
                                        RenderMathMLBlock {mo} at (0,0) size 11x16
                                          RenderText {mo} at (0,-4) size 11x25
                                            text run at (0,-4) width 11: "+"
                                      RenderMathMLSquareRoot {msqrt} at (20,0) size 86x25
                                        RenderMathMLRow (anonymous) at (12,3) size 74x22
                                          RenderMathMLRow {mrow} at (0,0) size 74x22
                                            RenderInline {mn} at (0,0) size 8x25
                                              RenderText {#text} at (0,2) size 8x25
                                                text run at (0,2) width 8: "6"
                                            RenderMathMLOperator {mo} at (8,6) size 12x16
                                              RenderMathMLBlock {mo} at (0,0) size 11x16
                                                RenderText {mo} at (0,-4) size 11x25
                                                  text run at (0,-4) width 11: "+"
                                            RenderMathMLSquareRoot {msqrt} at (20,0) size 54x22
                                              RenderMathMLRow (anonymous) at (12,3) size 42x19
                                                RenderMathMLRow {mrow} at (0,0) size 42x19
                                                  RenderInline {mn} at (0,0) size 8x25
                                                    RenderText {#text} at (0,-1) size 8x25
                                                      text run at (0,-1) width 8: "7"
                                                  RenderMathMLOperator {mo} at (8,3) size 12x16
                                                    RenderMathMLBlock {mo} at (0,0) size 11x16
                                                      RenderText {mo} at (0,-4) size 11x25
                                                        text run at (0,-4) width 11: "+"
                                                  RenderMathMLSquareRoot {msqrt} at (20,0) size 22x19
                                                    RenderMathMLRow (anonymous) at (12,3) size 10x16
                                                      RenderInline {mi} at (0,0) size 10x25
                                                        RenderText {#text} at (0,-4) size 10x25
                                                          text run at (0,-4) width 10: "A"
        RenderText {#text} at (0,0) size 0x0
      RenderBlock {p} at (0,428) size 784x73
        RenderText {#text} at (0,31) size 110x19
          text run at (0,31) width 110: "Imbricated roots: "
        RenderMathMLMath {math} at (110,0) size 297x73
        RenderText {#text} at (0,0) size 0x0
layer at (182,180) size 20x22
  RenderMathMLRoot {mroot} at (1,0) size 20x22
    RenderInline {mn} at (0,0) size 8x25
      RenderText {#text} at (12,-1) size 8x25
        text run at (12,-1) width 8: "2"
layer at (182,185) size 12x14
  RenderBlock (positioned) {mn} at (0,5) size 12x14
    RenderText {#text} at (2,-3) size 6x19
      text run at (2,-3) width 6: "3"
layer at (84,218) size 47x22
  RenderMathMLRoot {mroot} at (1,0) size 47x22
    RenderInline {mn} at (0,0) size 8x25
      RenderText {#text} at (39,-1) size 8x25
        text run at (39,-1) width 8: "2"
layer at (84,221) size 39x16
  RenderMathMLRow {mrow} at (0,3) size 39x16
    RenderInline {mi} at (0,0) size 5x19
      RenderText {#text} at (2,-3) size 5x19
        text run at (2,-3) width 5: "x"
    RenderMathMLOperator {mo} at (7,0) size 9x12
      RenderMathMLBlock {mo} at (0,0) size 8x12
        RenderText {mo} at (0,-3) size 8x19
          text run at (0,-3) width 8: "+"
    RenderInline {mi} at (0,0) size 5x19
      RenderText {#text} at (16,-3) size 5x19
        text run at (16,-3) width 5: "y"
    RenderMathMLOperator {mo} at (21,0) size 9x12
      RenderMathMLBlock {mo} at (0,0) size 8x12
        RenderText {mo} at (0,-3) size 8x19
          text run at (0,-3) width 8: "+"
    RenderInline {mi} at (0,0) size 5x19
      RenderText {#text} at (30,-3) size 5x19
        text run at (30,-3) width 5: "z"
layer at (194,256) size 74x40
  RenderMathMLRoot {mroot} at (1,0) size 74x40
    RenderMathMLFraction {mfrac} at (41,3) size 33x34
      RenderMathMLBlock {mfrac} at (0,0) size 33x16
        RenderMathMLRow {mrow} at (3,0) size 27x16
          RenderInline {mi} at (0,0) size 7x25
            RenderText {#text} at (0,-4) size 7x25
              text run at (0,-4) width 7: "x"
          RenderMathMLOperator {mo} at (7,0) size 12x16
            RenderMathMLBlock {mo} at (0,0) size 11x16
              RenderText {mo} at (0,-4) size 11x25
                text run at (0,-4) width 11: "+"
          RenderInline {mn} at (0,0) size 8x25
            RenderText {#text} at (19,-4) size 8x25
              text run at (19,-4) width 8: "1"
      RenderMathMLBlock {mfrac} at (0,16) size 33x18
        RenderMathMLRow {mrow} at (3,2) size 27x16
          RenderInline {mi} at (0,0) size 7x25
            RenderText {#text} at (0,-4) size 7x25
              text run at (0,-4) width 7: "x"
          RenderMathMLOperator {mo} at (7,0) size 12x16
            RenderMathMLBlock {mo} at (0,0) size 11x16
              RenderText {mo} at (0,-4) size 11x25
                text run at (0,-4) width 11: "+"
          RenderInline {mn} at (0,0) size 8x25
            RenderText {#text} at (19,-4) size 8x25
              text run at (19,-4) width 8: "2"
layer at (194,264) size 39x16
  RenderMathMLRow {mrow} at (0,8) size 39x16
    RenderInline {mi} at (0,0) size 5x19
      RenderText {#text} at (2,-3) size 5x19
        text run at (2,-3) width 5: "x"
    RenderMathMLOperator {mo} at (7,0) size 9x12
      RenderMathMLBlock {mo} at (0,0) size 8x12
        RenderText {mo} at (0,-3) size 8x19
          text run at (0,-3) width 8: "+"
    RenderInline {mi} at (0,0) size 5x19
      RenderText {#text} at (16,-3) size 5x19
        text run at (16,-3) width 5: "y"
    RenderMathMLOperator {mo} at (21,0) size 9x12
      RenderMathMLBlock {mo} at (0,0) size 8x12
        RenderText {mo} at (0,-3) size 8x19
          text run at (0,-3) width 8: "+"
    RenderInline {mi} at (0,0) size 5x19
      RenderText {#text} at (30,-3) size 5x19
        text run at (30,-3) width 5: "z"
layer at (84,312) size 27x45
  RenderMathMLRoot {mroot} at (1,0) size 27x45
    RenderInline {mn} at (0,0) size 8x25
      RenderText {#text} at (19,22) size 8x25
        text run at (19,22) width 8: "2"
layer at (84,312) size 19x42
  RenderMathMLFraction {mfrac} at (0,0) size 19x42
    RenderMathMLBlock {mfrac} at (2,0) size 13x26
      RenderMathMLFraction {mfrac} at (2,0) size 9x26
        RenderMathMLBlock {mfrac} at (0,0) size 9x12
          RenderInline {mi} at (0,0) size 5x19
            RenderText {#text} at (2,-3) size 5x19
              text run at (2,-3) width 5: "x"
        RenderMathMLBlock {mfrac} at (0,12) size 9x14
          RenderInline {mi} at (0,0) size 5x19
            RenderText {#text} at (2,-1) size 5x19
              text run at (2,-1) width 5: "y"
    RenderMathMLBlock {mfrac} at (2,26) size 13x14
      RenderInline {mi} at (0,0) size 5x19
        RenderText {#text} at (4,-1) size 5x19
          text run at (4,-1) width 5: "z"
layer at (119,444) size 295x73
  RenderMathMLRoot {mroot} at (1,0) size 295x73
    RenderMathMLRow {mrow} at (18,3) size 277x67
      RenderInline {mn} at (0,0) size 8x25
        RenderText {#text} at (0,26) size 8x25
          text run at (0,26) width 8: "1"
      RenderMathMLOperator {mo} at (8,30) size 12x16
        RenderMathMLBlock {mo} at (0,0) size 11x16
          RenderText {mo} at (0,-4) size 11x25
            text run at (0,-4) width 11: "+"
layer at (157,447) size 257x67
  RenderMathMLRoot {mroot} at (20,0) size 257x67
    RenderMathMLRow {mrow} at (18,3) size 239x61
      RenderInline {mn} at (0,0) size 8x25
        RenderText {#text} at (0,23) size 8x25
          text run at (0,23) width 8: "2"
      RenderMathMLOperator {mo} at (8,27) size 12x16
        RenderMathMLBlock {mo} at (0,0) size 11x16
          RenderText {mo} at (0,-4) size 11x25
            text run at (0,-4) width 11: "+"
layer at (195,450) size 219x61
  RenderMathMLRoot {mroot} at (20,0) size 219x61
    RenderMathMLRow {mrow} at (18,3) size 201x55
      RenderInline {mn} at (0,0) size 8x25
        RenderText {#text} at (0,20) size 8x25
          text run at (0,20) width 8: "3"
      RenderMathMLOperator {mo} at (8,24) size 12x16
        RenderMathMLBlock {mo} at (0,0) size 11x16
          RenderText {mo} at (0,-4) size 11x25
            text run at (0,-4) width 11: "+"
layer at (233,453) size 181x55
  RenderMathMLRoot {mroot} at (20,0) size 181x55
    RenderMathMLRow {mrow} at (18,3) size 163x49
      RenderInline {mn} at (0,0) size 8x25
        RenderText {#text} at (0,17) size 8x25
          text run at (0,17) width 8: "4"
      RenderMathMLOperator {mo} at (8,21) size 12x16
        RenderMathMLBlock {mo} at (0,0) size 11x16
          RenderText {mo} at (0,-4) size 11x25
            text run at (0,-4) width 11: "+"
layer at (271,456) size 143x49
  RenderMathMLRoot {mroot} at (20,0) size 143x49
    RenderMathMLRow {mrow} at (16,3) size 127x43
      RenderInline {mn} at (0,0) size 8x25
        RenderText {#text} at (0,14) size 8x25
          text run at (0,14) width 8: "5"
      RenderMathMLOperator {mo} at (8,18) size 12x16
        RenderMathMLBlock {mo} at (0,0) size 11x16
          RenderText {mo} at (0,-4) size 11x25
            text run at (0,-4) width 11: "+"
layer at (307,459) size 107x43
  RenderMathMLRoot {mroot} at (20,0) size 107x43
    RenderMathMLRow {mrow} at (15,3) size 92x37
      RenderInline {mn} at (0,0) size 8x25
        RenderText {#text} at (0,11) size 8x25
          text run at (0,11) width 8: "6"
      RenderMathMLOperator {mo} at (8,15) size 12x16
        RenderMathMLBlock {mo} at (0,0) size 11x16
          RenderText {mo} at (0,-4) size 11x25
            text run at (0,-4) width 11: "+"
layer at (342,462) size 72x37
  RenderMathMLRoot {mroot} at (20,0) size 72x37
    RenderMathMLRow {mrow} at (13,3) size 59x31
      RenderInline {mn} at (0,0) size 8x25
        RenderText {#text} at (0,8) size 8x25
          text run at (0,8) width 8: "7"
      RenderMathMLOperator {mo} at (8,12) size 12x16
        RenderMathMLBlock {mo} at (0,0) size 11x16
          RenderText {mo} at (0,-4) size 11x25
            text run at (0,-4) width 11: "+"
layer at (375,465) size 39x31
  RenderMathMLRoot {mroot} at (20,0) size 39x31
    RenderInline {mi} at (0,0) size 10x25
      RenderText {#text} at (29,8) size 10x25
        text run at (29,8) width 10: "A"
layer at (375,465) size 29x28
  RenderMathMLFraction {mfrac} at (0,0) size 29x28
    RenderMathMLBlock {mfrac} at (2,0) size 23x12
      RenderMathMLRow {mrow} at (2,0) size 19x12
        RenderInline {mi} at (0,0) size 5x19
          RenderText {#text} at (0,-3) size 5x19
            text run at (0,-3) width 5: "x"
        RenderMathMLOperator {mo} at (5,0) size 9x12
          RenderMathMLBlock {mo} at (0,0) size 8x12
            RenderText {mo} at (0,-3) size 8x19
              text run at (0,-3) width 8: "+"
        RenderInline {mi} at (0,0) size 5x19
          RenderText {#text} at (14,-3) size 5x19
            text run at (14,-3) width 5: "y"
    RenderMathMLBlock {mfrac} at (2,12) size 23x14
      RenderInline {mi} at (0,0) size 5x19
        RenderText {#text} at (9,-1) size 5x19
          text run at (9,-1) width 5: "z"
layer at (342,470) size 12x14
  RenderBlock (positioned) {mn} at (0,8) size 12x14
    RenderText {#text} at (2,-3) size 6x19
      text run at (2,-3) width 6: "9"
layer at (307,471) size 12x14
  RenderBlock (positioned) {mn} at (0,12) size 12x14
    RenderText {#text} at (2,-3) size 6x19
      text run at (2,-3) width 6: "8"
layer at (271,472) size 12x14
  RenderBlock (positioned) {mn} at (0,16) size 12x14
    RenderText {#text} at (2,-3) size 6x19
      text run at (2,-3) width 6: "7"
layer at (233,473) size 12x14
  RenderBlock (positioned) {mn} at (0,20) size 12x14
    RenderText {#text} at (2,-3) size 6x19
      text run at (2,-3) width 6: "6"
layer at (195,473) size 12x14
  RenderBlock (positioned) {mn} at (0,23) size 12x14
    RenderText {#text} at (2,-3) size 6x19
      text run at (2,-3) width 6: "5"
layer at (157,474) size 12x14
  RenderBlock (positioned) {mn} at (0,27) size 12x14
    RenderText {#text} at (2,-3) size 6x19
      text run at (2,-3) width 6: "4"
layer at (119,475) size 12x14
  RenderBlock (positioned) {mn} at (0,31) size 12x14
    RenderText {#text} at (2,-3) size 6x19
      text run at (2,-3) width 6: "3"
