layer at (0,0) size 800x600
  RenderView at (0,0) size 800x600
layer at (0,0) size 800x518
  RenderBlock {html} at (0,0) size 800x518
    RenderBody {body} at (8,16) size 784x486
      RenderBlock {p} at (0,0) size 784x18
        RenderMathMLMath {math} at (0,4) size 29x12 [padding: 0 1 0 1]
          RenderBlock {mi} at (1,3) size 7x9
            RenderText {#text} at (0,-9) size 7x25
              text run at (0,-9) width 7: "x"
          RenderMathMLOperator {mo} at (8,2) size 12x10 [bgcolor=#C8C8C8] [padding: 0 1 0 0]
            RenderMathMLBlock (flex) {mo} at (0,0) size 11x10
              RenderBlock (anonymous) at (0,0) size 11x10
                RenderText {mo} at (0,-8) size 11x25
                  text run at (0,-8) width 11: "+"
          RenderBlock {mn} at (20,0) size 8x12
            RenderText {#text} at (0,-6) size 8x25
              text run at (0,-6) width 8: "1"
        RenderText {#text} at (0,0) size 0x0
      RenderBlock {p} at (0,34) size 784x23
        RenderText {#text} at (0,1) size 40x19
          text run at (0,1) width 40: "16px: "
        RenderMathMLMath {math} at (40,3) size 45x18 [padding: 0 1 0 1]
          RenderMathMLRow {mrow} at (1,0) size 43x18
            RenderMathMLOperator {mo} at (0,0) size 10x17 [bgcolor=#C8C8C8] [padding: 0 1 0 0]
              RenderMathMLBlock (flex) {mo} at (0,0) size 9x17
                RenderBlock (anonymous) at (0,0) size 9x17
                  RenderText {mo} at (0,-8) size 9x30
                    text run at (0,-8) width 9: "{"
            RenderBlock {mi} at (10,5) size 7x9
              RenderText {#text} at (0,-9) size 7x25
                text run at (0,-9) width 7: "x"
            RenderBlock {mtext} at (17,2) size 16x16
              RenderBlock {div} at (0,0) size 16x16 [bgcolor=#00FF00]
            RenderMathMLOperator {mo} at (33,0) size 10x17 [bgcolor=#C8C8C8] [padding: 0 1 0 0]
              RenderMathMLBlock (flex) {mo} at (0,0) size 9x17
                RenderBlock (anonymous) at (0,0) size 9x17
                  RenderText {mo} at (0,-8) size 9x30
                    text run at (0,-8) width 9: "}"
        RenderText {#text} at (85,1) size 4x19
          text run at (85,1) width 4: " "
        RenderMathMLMath {math} at (89,3) size 39x18 [padding: 0 1 0 1]
          RenderMathMLRow {mrow} at (1,0) size 37x18
            RenderMathMLOperator {mo} at (0,0) size 7x16 [bgcolor=#C8C8C8] [padding: 0 1 0 0]
              RenderMathMLBlock (flex) {mo} at (0,0) size 6x16
                RenderBlock (anonymous) at (0,0) size 6x16
                  RenderText {mo} at (0,-8) size 6x30
                    text run at (0,-8) width 6: "["
            RenderBlock {mi} at (7,5) size 7x9
              RenderText {#text} at (0,-9) size 7x25
                text run at (0,-9) width 7: "x"
            RenderBlock {mtext} at (14,2) size 16x16
              RenderBlock {div} at (0,0) size 16x16 [bgcolor=#00FF00]
            RenderMathMLOperator {mo} at (30,0) size 7x16 [bgcolor=#C8C8C8] [padding: 0 1 0 0]
              RenderMathMLBlock (flex) {mo} at (0,0) size 6x16
                RenderBlock (anonymous) at (0,0) size 6x16
                  RenderText {mo} at (0,-8) size 6x30
                    text run at (0,-8) width 6: "]"
        RenderText {#text} at (128,1) size 4x19
          text run at (128,1) width 4: " "
        RenderMathMLMath {math} at (132,3) size 39x18 [padding: 0 1 0 1]
          RenderMathMLRow {mrow} at (1,0) size 37x18
            RenderMathMLOperator {mo} at (0,0) size 7x17 [bgcolor=#C8C8C8] [padding: 0 1 0 0]
              RenderMathMLBlock (flex) {mo} at (0,0) size 6x17
                RenderBlock (anonymous) at (0,0) size 6x17
                  RenderText {mo} at (0,-8) size 6x30
                    text run at (0,-8) width 6: "("
            RenderBlock {mi} at (7,5) size 7x9
              RenderText {#text} at (0,-9) size 7x25
                text run at (0,-9) width 7: "x"
            RenderBlock {mtext} at (14,2) size 16x16
              RenderBlock {div} at (0,0) size 16x16 [bgcolor=#00FF00]
            RenderMathMLOperator {mo} at (30,0) size 7x17 [bgcolor=#C8C8C8] [padding: 0 1 0 0]
              RenderMathMLBlock (flex) {mo} at (0,0) size 6x17
                RenderBlock (anonymous) at (0,0) size 6x17
                  RenderText {mo} at (0,-8) size 6x30
                    text run at (0,-8) width 6: ")"
        RenderText {#text} at (171,1) size 4x19
          text run at (171,1) width 4: " "
        RenderMathMLMath {math} at (175,3) size 35x18 [padding: 0 1 0 1]
          RenderMathMLRow {mrow} at (1,0) size 33x18
            RenderMathMLOperator {mo} at (0,0) size 5x14 [bgcolor=#C8C8C8] [padding: 0 1 0 0]
              RenderMathMLBlock (flex) {mo} at (0,0) size 4x14
                RenderBlock (anonymous) at (0,0) size 4x14
                  RenderText {mo} at (0,-8) size 4x30
                    text run at (0,-8) width 4: "|"
            RenderBlock {mi} at (5,5) size 7x9
              RenderText {#text} at (0,-9) size 7x25
                text run at (0,-9) width 7: "x"
            RenderBlock {mtext} at (12,2) size 16x16
              RenderBlock {div} at (0,0) size 16x16 [bgcolor=#00FF00]
            RenderMathMLOperator {mo} at (28,0) size 5x14 [bgcolor=#C8C8C8] [padding: 0 1 0 0]
              RenderMathMLBlock (flex) {mo} at (0,0) size 4x14
                RenderBlock (anonymous) at (0,0) size 4x14
                  RenderText {mo} at (0,-8) size 4x30
                    text run at (0,-8) width 4: "|"
        RenderText {#text} at (210,1) size 4x19
          text run at (210,1) width 4: " "
        RenderMathMLMath {math} at (214,0) size 35x23 [padding: 0 1 0 1]
          RenderMathMLRow {mrow} at (1,0) size 33x23
            RenderMathMLOperator {mo} at (0,0) size 10x23 [bgcolor=#C8C8C8] [padding: 0 1 0 0]
              RenderMathMLBlock (flex) {mo} at (0,0) size 9x23
                RenderBlock (anonymous) at (0,0) size 9x23
                  RenderText {mo} at (0,-5) size 9x30
                    text run at (0,-5) width 9: "\x{222B}"
            RenderBlock {mi} at (10,8) size 7x9
              RenderText {#text} at (0,-9) size 7x25
                text run at (0,-9) width 7: "x"
            RenderBlock {mtext} at (17,5) size 16x16
              RenderBlock {div} at (0,0) size 16x16 [bgcolor=#00FF00]
        RenderText {#text} at (0,0) size 0x0
      RenderBlock {p} at (0,73) size 784x36
        RenderText {#text} at (0,2) size 40x19
          text run at (0,2) width 40: "24px: "
        RenderMathMLMath {math} at (40,0) size 57x35 [padding: 0 1 0 1]
          RenderMathMLRow {mrow} at (1,0) size 55x35
            RenderMathMLOperator {mo} at (0,1) size 12x34 [bgcolor=#C8C8C8] [padding: 0 1 0 0]
            RenderBlock {mi} at (12,9) size 7x9
              RenderText {#text} at (0,-9) size 7x25
                text run at (0,-9) width 7: "x"
            RenderBlock {mtext} at (19,0) size 24x24
              RenderBlock {div} at (0,0) size 24x24 [bgcolor=#00FF00]
            RenderMathMLOperator {mo} at (43,1) size 12x34 [bgcolor=#C8C8C8] [padding: 0 1 0 0]
        RenderText {#text} at (97,2) size 4x19
          text run at (97,2) width 4: " "
        RenderMathMLMath {math} at (101,0) size 49x34 [padding: 0 1 0 1]
          RenderMathMLRow {mrow} at (1,0) size 47x34
            RenderMathMLOperator {mo} at (0,1) size 8x33 [bgcolor=#C8C8C8] [padding: 0 1 0 0]
            RenderBlock {mi} at (8,9) size 7x9
              RenderText {#text} at (0,-9) size 7x25
                text run at (0,-9) width 7: "x"
            RenderBlock {mtext} at (15,0) size 24x24
              RenderBlock {div} at (0,0) size 24x24 [bgcolor=#00FF00]
            RenderMathMLOperator {mo} at (39,1) size 8x33 [bgcolor=#C8C8C8] [padding: 0 1 0 0]
        RenderText {#text} at (150,2) size 4x19
          text run at (150,2) width 4: " "
        RenderMathMLMath {math} at (154,0) size 49x34 [padding: 0 1 0 1]
          RenderMathMLRow {mrow} at (1,0) size 47x34
            RenderMathMLOperator {mo} at (0,1) size 8x33 [bgcolor=#C8C8C8] [padding: 0 1 0 0]
            RenderBlock {mi} at (8,9) size 7x9
              RenderText {#text} at (0,-9) size 7x25
                text run at (0,-9) width 7: "x"
            RenderBlock {mtext} at (15,0) size 24x24
              RenderBlock {div} at (0,0) size 24x24 [bgcolor=#00FF00]
            RenderMathMLOperator {mo} at (39,1) size 8x33 [bgcolor=#C8C8C8] [padding: 0 1 0 0]
        RenderText {#text} at (203,2) size 4x19
          text run at (203,2) width 4: " "
        RenderMathMLMath {math} at (207,0) size 49x30 [padding: 0 1 0 1]
          RenderMathMLRow {mrow} at (1,0) size 47x30
            RenderMathMLOperator {mo} at (0,1) size 8x29 [bgcolor=#C8C8C8] [padding: 0 1 0 0]
            RenderBlock {mi} at (8,9) size 7x9
              RenderText {#text} at (0,-9) size 7x25
                text run at (0,-9) width 7: "x"
            RenderBlock {mtext} at (15,0) size 24x24
              RenderBlock {div} at (0,0) size 24x24 [bgcolor=#00FF00]
            RenderMathMLOperator {mo} at (39,1) size 8x29 [bgcolor=#C8C8C8] [padding: 0 1 0 0]
        RenderText {#text} at (256,2) size 4x19
          text run at (256,2) width 4: " "
        RenderMathMLMath {math} at (260,0) size 42x36 [padding: 0 1 0 1]
          RenderMathMLRow {mrow} at (1,0) size 40x36
            RenderMathMLOperator {mo} at (0,1) size 9x35 [bgcolor=#C8C8C8] [padding: 0 1 0 0]
            RenderBlock {mi} at (9,9) size 7x9
              RenderText {#text} at (0,-9) size 7x25
                text run at (0,-9) width 7: "x"
            RenderBlock {mtext} at (16,0) size 24x24
              RenderBlock {div} at (0,0) size 24x24 [bgcolor=#00FF00]
        RenderText {#text} at (0,0) size 0x0
      RenderBlock {p} at (0,125) size 784x45
        RenderText {#text} at (0,7) size 40x19
          text run at (0,7) width 40: "32px: "
        RenderMathMLMath {math} at (40,0) size 65x43 [padding: 0 1 0 1]
          RenderMathMLRow {mrow} at (1,0) size 63x43
            RenderMathMLOperator {mo} at (0,0) size 12x43 [bgcolor=#C8C8C8] [padding: 0 1 0 0]
            RenderBlock {mi} at (12,14) size 7x9
              RenderText {#text} at (0,-9) size 7x25
                text run at (0,-9) width 7: "x"
            RenderBlock {mtext} at (19,0) size 32x32
              RenderBlock {div} at (0,0) size 32x32 [bgcolor=#00FF00]
            RenderMathMLOperator {mo} at (51,0) size 12x43 [bgcolor=#C8C8C8] [padding: 0 1 0 0]
        RenderText {#text} at (105,7) size 4x19
          text run at (105,7) width 4: " "
        RenderMathMLMath {math} at (109,0) size 57x43 [padding: 0 1 0 1]
          RenderMathMLRow {mrow} at (1,0) size 55x43
            RenderMathMLOperator {mo} at (0,0) size 8x43 [bgcolor=#C8C8C8] [padding: 0 1 0 0]
            RenderBlock {mi} at (8,14) size 7x9
              RenderText {#text} at (0,-9) size 7x25
                text run at (0,-9) width 7: "x"
            RenderBlock {mtext} at (15,0) size 32x32
              RenderBlock {div} at (0,0) size 32x32 [bgcolor=#00FF00]
            RenderMathMLOperator {mo} at (47,0) size 8x43 [bgcolor=#C8C8C8] [padding: 0 1 0 0]
        RenderText {#text} at (166,7) size 4x19
          text run at (166,7) width 4: " "
        RenderMathMLMath {math} at (170,0) size 57x43 [padding: 0 1 0 1]
          RenderMathMLRow {mrow} at (1,0) size 55x43
            RenderMathMLOperator {mo} at (0,0) size 8x43 [bgcolor=#C8C8C8] [padding: 0 1 0 0]
            RenderBlock {mi} at (8,14) size 7x9
              RenderText {#text} at (0,-9) size 7x25
                text run at (0,-9) width 7: "x"
            RenderBlock {mtext} at (15,0) size 32x32
              RenderBlock {div} at (0,0) size 32x32 [bgcolor=#00FF00]
            RenderMathMLOperator {mo} at (47,0) size 8x43 [bgcolor=#C8C8C8] [padding: 0 1 0 0]
        RenderText {#text} at (227,7) size 4x19
          text run at (227,7) width 4: " "
        RenderMathMLMath {math} at (231,0) size 57x39 [padding: 0 1 0 1]
          RenderMathMLRow {mrow} at (1,0) size 55x39
            RenderMathMLOperator {mo} at (0,0) size 8x39 [bgcolor=#C8C8C8] [padding: 0 1 0 0]
            RenderBlock {mi} at (8,14) size 7x9
              RenderText {#text} at (0,-9) size 7x25
                text run at (0,-9) width 7: "x"
            RenderBlock {mtext} at (15,0) size 32x32
              RenderBlock {div} at (0,0) size 32x32 [bgcolor=#00FF00]
            RenderMathMLOperator {mo} at (47,0) size 8x39 [bgcolor=#C8C8C8] [padding: 0 1 0 0]
        RenderText {#text} at (288,7) size 4x19
          text run at (288,7) width 4: " "
        RenderMathMLMath {math} at (292,0) size 50x45 [padding: 0 1 0 1]
          RenderMathMLRow {mrow} at (1,0) size 48x45
            RenderMathMLOperator {mo} at (0,0) size 9x45 [bgcolor=#C8C8C8] [padding: 0 1 0 0]
            RenderBlock {mi} at (9,14) size 7x9
              RenderText {#text} at (0,-9) size 7x25
                text run at (0,-9) width 7: "x"
            RenderBlock {mtext} at (16,0) size 32x32
              RenderBlock {div} at (0,0) size 32x32 [bgcolor=#00FF00]
        RenderText {#text} at (0,0) size 0x0
      RenderBlock {p} at (0,186) size 784x64
        RenderText {#text} at (0,18) size 40x19
          text run at (0,18) width 40: "48px: "
        RenderMathMLMath {math} at (40,0) size 81x62 [padding: 0 1 0 1]
          RenderMathMLRow {mrow} at (1,0) size 79x62
            RenderMathMLOperator {mo} at (0,0) size 12x62 [bgcolor=#C8C8C8] [padding: 0 1 0 0]
            RenderBlock {mi} at (12,25) size 7x9
              RenderText {#text} at (0,-9) size 7x25
                text run at (0,-9) width 7: "x"
            RenderBlock {mtext} at (19,0) size 48x48
              RenderBlock {div} at (0,0) size 48x48 [bgcolor=#00FF00]
            RenderMathMLOperator {mo} at (67,0) size 12x62 [bgcolor=#C8C8C8] [padding: 0 1 0 0]
        RenderText {#text} at (121,18) size 4x19
          text run at (121,18) width 4: " "
        RenderMathMLMath {math} at (125,0) size 73x62 [padding: 0 1 0 1]
          RenderMathMLRow {mrow} at (1,0) size 71x62
            RenderMathMLOperator {mo} at (0,0) size 8x62 [bgcolor=#C8C8C8] [padding: 0 1 0 0]
            RenderBlock {mi} at (8,25) size 7x9
              RenderText {#text} at (0,-9) size 7x25
                text run at (0,-9) width 7: "x"
            RenderBlock {mtext} at (15,0) size 48x48
              RenderBlock {div} at (0,0) size 48x48 [bgcolor=#00FF00]
            RenderMathMLOperator {mo} at (63,0) size 8x62 [bgcolor=#C8C8C8] [padding: 0 1 0 0]
        RenderText {#text} at (198,18) size 4x19
          text run at (198,18) width 4: " "
        RenderMathMLMath {math} at (202,0) size 73x62 [padding: 0 1 0 1]
          RenderMathMLRow {mrow} at (1,0) size 71x62
            RenderMathMLOperator {mo} at (0,0) size 8x62 [bgcolor=#C8C8C8] [padding: 0 1 0 0]
            RenderBlock {mi} at (8,25) size 7x9
              RenderText {#text} at (0,-9) size 7x25
                text run at (0,-9) width 7: "x"
            RenderBlock {mtext} at (15,0) size 48x48
              RenderBlock {div} at (0,0) size 48x48 [bgcolor=#00FF00]
            RenderMathMLOperator {mo} at (63,0) size 8x62 [bgcolor=#C8C8C8] [padding: 0 1 0 0]
        RenderText {#text} at (275,18) size 4x19
          text run at (275,18) width 4: " "
        RenderMathMLMath {math} at (279,0) size 73x58 [padding: 0 1 0 1]
          RenderMathMLRow {mrow} at (1,0) size 71x58
            RenderMathMLOperator {mo} at (0,0) size 8x58 [bgcolor=#C8C8C8] [padding: 0 1 0 0]
            RenderBlock {mi} at (8,25) size 7x9
              RenderText {#text} at (0,-9) size 7x25
                text run at (0,-9) width 7: "x"
            RenderBlock {mtext} at (15,0) size 48x48
              RenderBlock {div} at (0,0) size 48x48 [bgcolor=#00FF00]
            RenderMathMLOperator {mo} at (63,0) size 8x58 [bgcolor=#C8C8C8] [padding: 0 1 0 0]
        RenderText {#text} at (352,18) size 4x19
          text run at (352,18) width 4: " "
        RenderMathMLMath {math} at (356,0) size 66x64 [padding: 0 1 0 1]
          RenderMathMLRow {mrow} at (1,0) size 64x64
            RenderMathMLOperator {mo} at (0,0) size 9x64 [bgcolor=#C8C8C8] [padding: 0 1 0 0]
            RenderBlock {mi} at (9,25) size 7x9
              RenderText {#text} at (0,-9) size 7x25
                text run at (0,-9) width 7: "x"
            RenderBlock {mtext} at (16,0) size 48x48
              RenderBlock {div} at (0,0) size 48x48 [bgcolor=#00FF00]
        RenderText {#text} at (0,0) size 0x0
      RenderBlock {p} at (0,266) size 784x151
        RenderText {#text} at (0,69) size 48x19
          text run at (0,69) width 48: "120px: "
        RenderMathMLMath {math} at (48,0) size 81x149 [padding: 0 1 0 1]
          RenderMathMLRow {mrow} at (1,0) size 79x149
            RenderMathMLOperator {mo} at (0,0) size 12x149 [bgcolor=#C8C8C8] [padding: 0 1 0 0]
            RenderBlock {mi} at (12,76) size 7x9
              RenderText {#text} at (0,-9) size 7x25
                text run at (0,-9) width 7: "x"
            RenderBlock {mtext} at (19,3) size 48x120
              RenderBlock {div} at (0,0) size 48x120 [bgcolor=#00FF00]
            RenderMathMLOperator {mo} at (67,0) size 12x149 [bgcolor=#C8C8C8] [padding: 0 1 0 0]
        RenderText {#text} at (129,69) size 4x19
          text run at (129,69) width 4: " "
        RenderMathMLMath {math} at (133,0) size 73x149 [padding: 0 1 0 1]
          RenderMathMLRow {mrow} at (1,0) size 71x149
            RenderMathMLOperator {mo} at (0,0) size 8x149 [bgcolor=#C8C8C8] [padding: 0 1 0 0]
            RenderBlock {mi} at (8,76) size 7x9
              RenderText {#text} at (0,-9) size 7x25
                text run at (0,-9) width 7: "x"
            RenderBlock {mtext} at (15,3) size 48x120
              RenderBlock {div} at (0,0) size 48x120 [bgcolor=#00FF00]
            RenderMathMLOperator {mo} at (63,0) size 8x149 [bgcolor=#C8C8C8] [padding: 0 1 0 0]
        RenderText {#text} at (206,69) size 4x19
          text run at (206,69) width 4: " "
        RenderMathMLMath {math} at (210,0) size 73x149 [padding: 0 1 0 1]
          RenderMathMLRow {mrow} at (1,0) size 71x149
            RenderMathMLOperator {mo} at (0,0) size 8x149 [bgcolor=#C8C8C8] [padding: 0 1 0 0]
            RenderBlock {mi} at (8,76) size 7x9
              RenderText {#text} at (0,-9) size 7x25
                text run at (0,-9) width 7: "x"
            RenderBlock {mtext} at (15,3) size 48x120
              RenderBlock {div} at (0,0) size 48x120 [bgcolor=#00FF00]
            RenderMathMLOperator {mo} at (63,0) size 8x149 [bgcolor=#C8C8C8] [padding: 0 1 0 0]
        RenderText {#text} at (283,69) size 4x19
          text run at (283,69) width 4: " "
        RenderMathMLMath {math} at (287,0) size 73x145 [padding: 0 1 0 1]
          RenderMathMLRow {mrow} at (1,0) size 71x145
            RenderMathMLOperator {mo} at (0,0) size 8x145 [bgcolor=#C8C8C8] [padding: 0 1 0 0]
            RenderBlock {mi} at (8,76) size 7x9
              RenderText {#text} at (0,-9) size 7x25
                text run at (0,-9) width 7: "x"
            RenderBlock {mtext} at (15,3) size 48x120
              RenderBlock {div} at (0,0) size 48x120 [bgcolor=#00FF00]
            RenderMathMLOperator {mo} at (63,0) size 8x145 [bgcolor=#C8C8C8] [padding: 0 1 0 0]
        RenderText {#text} at (360,69) size 4x19
          text run at (360,69) width 4: " "
        RenderMathMLMath {math} at (364,0) size 66x151 [padding: 0 1 0 1]
          RenderMathMLRow {mrow} at (1,0) size 64x151
            RenderMathMLOperator {mo} at (0,0) size 9x151 [bgcolor=#C8C8C8] [padding: 0 1 0 0]
            RenderBlock {mi} at (9,76) size 7x9
              RenderText {#text} at (0,-9) size 7x25
                text run at (0,-9) width 7: "x"
            RenderBlock {mtext} at (16,3) size 48x120
              RenderBlock {div} at (0,0) size 48x120 [bgcolor=#00FF00]
        RenderText {#text} at (0,0) size 0x0
      RenderBlock {p} at (0,433) size 784x53
        RenderText {#text} at (0,13) size 40x19
          text run at (0,13) width 40: "40px: "
        RenderMathMLMath {math} at (40,0) size 160x53 [padding: 0 1 0 1]
          RenderMathMLRow {mrow} at (1,0) size 158x53
            RenderMathMLOperator {mo} at (0,0) size 8x53 [bgcolor=#C8C8C8] [padding: 0 1 0 0]
            RenderBlock {mi} at (8,20) size 7x9
              RenderText {#text} at (0,-9) size 7x25
                text run at (0,-9) width 7: "x"
            RenderMathMLOperator {mo} at (15,26) size 5x5 [bgcolor=#C8C8C8] [padding: 0 1 0 0]
              RenderMathMLBlock (flex) {mo} at (0,0) size 4x5
                RenderBlock (anonymous) at (0,0) size 4x5
                  RenderText {mo} at (0,-15) size 4x25
                    text run at (0,-15) width 4: ","
            RenderBlock {mtext} at (20,1) size 40x40
              RenderBlock {div} at (0,0) size 40x40 [bgcolor=#00FF00]
            RenderMathMLOperator {mo} at (60,26) size 5x5 [bgcolor=#C8C8C8] [padding: 0 1 0 0]
              RenderMathMLBlock (flex) {mo} at (0,0) size 4x5
                RenderBlock (anonymous) at (0,0) size 4x5
                  RenderText {mo} at (0,-15) size 4x25
                    text run at (0,-15) width 4: ","
            RenderBlock {mtext} at (65,1) size 40x40
              RenderBlock {div} at (0,0) size 40x40 [bgcolor=#00FF00]
            RenderMathMLOperator {mo} at (105,26) size 5x5 [bgcolor=#C8C8C8] [padding: 0 1 0 0]
              RenderMathMLBlock (flex) {mo} at (0,0) size 4x5
                RenderBlock (anonymous) at (0,0) size 4x5
                  RenderText {mo} at (0,-15) size 4x25
                    text run at (0,-15) width 4: ","
            RenderBlock {mtext} at (110,1) size 40x40
              RenderBlock {div} at (0,0) size 40x40 [bgcolor=#00FF00]
            RenderMathMLOperator {mo} at (150,0) size 8x53 [bgcolor=#C8C8C8] [padding: 0 1 0 0]
        RenderText {#text} at (0,0) size 0x0
layer at (49,90) size 11x9 scrollHeight 19
  RenderMathMLBlock (flex) {mo} at (0,0) size 11x9
    RenderBlock (anonymous) at (0,0) size 11x9
layer at (49,99) size 11x10 scrollHeight 18
  RenderMathMLBlock (flex) {mo} at (0,9) size 11x10
    RenderBlock (anonymous) at (0,0) size 11x10
layer at (49,109) size 11x15 scrollHeight 18
  RenderMathMLBlock (flex) {mo} at (0,19) size 11x15
    RenderBlock (anonymous) at (0,0) size 11x15
layer at (92,90) size 11x9 scrollHeight 19
  RenderMathMLBlock (flex) {mo} at (0,0) size 11x9
    RenderBlock (anonymous) at (0,0) size 11x9
layer at (92,99) size 11x10 scrollHeight 18
  RenderMathMLBlock (flex) {mo} at (0,9) size 11x10
    RenderBlock (anonymous) at (0,0) size 11x10
layer at (92,109) size 11x15 scrollHeight 18
  RenderMathMLBlock (flex) {mo} at (0,19) size 11x15
    RenderBlock (anonymous) at (0,0) size 11x15
layer at (110,90) size 7x10 scrollHeight 19
  RenderMathMLBlock (flex) {mo} at (0,0) size 7x10
    RenderBlock (anonymous) at (0,0) size 7x10
layer at (110,100) size 7x8 scrollHeight 18
  RenderMathMLBlock (flex) {mo} at (0,10) size 7x8
    RenderBlock (anonymous) at (0,0) size 7x8
      RenderText {mo} at (0,-4) size 7x22
        text run at (0,-4) width 7: "\x{23A2}"
layer at (110,108) size 7x15 scrollHeight 18
  RenderMathMLBlock (flex) {mo} at (0,18) size 7x15
    RenderBlock (anonymous) at (0,0) size 7x15
layer at (149,90) size 7x10 scrollHeight 19
  RenderMathMLBlock (flex) {mo} at (0,0) size 7x10
    RenderBlock (anonymous) at (0,0) size 7x10
layer at (149,100) size 7x8 scrollHeight 18
  RenderMathMLBlock (flex) {mo} at (0,10) size 7x8
    RenderBlock (anonymous) at (0,0) size 7x8
      RenderText {mo} at (0,-4) size 7x22
        text run at (0,-4) width 7: "\x{23A5}"
layer at (149,108) size 7x15 scrollHeight 18
  RenderMathMLBlock (flex) {mo} at (0,18) size 7x15
    RenderBlock (anonymous) at (0,0) size 7x15
layer at (163,90) size 7x10 scrollHeight 19
  RenderMathMLBlock (flex) {mo} at (0,0) size 7x10
    RenderBlock (anonymous) at (0,0) size 7x10
layer at (163,100) size 7x8 scrollHeight 18
  RenderMathMLBlock (flex) {mo} at (0,10) size 7x8
    RenderBlock (anonymous) at (0,0) size 7x8
      RenderText {mo} at (0,-4) size 7x22
        text run at (0,-4) width 7: "\x{239C}"
layer at (163,108) size 7x15 scrollHeight 18
  RenderMathMLBlock (flex) {mo} at (0,18) size 7x15
    RenderBlock (anonymous) at (0,0) size 7x15
layer at (202,90) size 7x10 scrollHeight 19
  RenderMathMLBlock (flex) {mo} at (0,0) size 7x10
    RenderBlock (anonymous) at (0,0) size 7x10
layer at (202,100) size 7x8 scrollHeight 18
  RenderMathMLBlock (flex) {mo} at (0,10) size 7x8
    RenderBlock (anonymous) at (0,0) size 7x8
      RenderText {mo} at (0,-4) size 7x22
        text run at (0,-4) width 7: "\x{239F}"
layer at (202,108) size 7x15 scrollHeight 18
  RenderMathMLBlock (flex) {mo} at (0,18) size 7x15
    RenderBlock (anonymous) at (0,0) size 7x15
layer at (216,90) size 7x6 scrollHeight 14
  RenderMathMLBlock (flex) {mo} at (0,0) size 7x6
    RenderBlock (anonymous) at (0,0) size 7x6
layer at (216,96) size 7x6 scrollHeight 13
  RenderMathMLBlock (flex) {mo} at (0,6) size 7x6
    RenderBlock (anonymous) at (0,0) size 7x6
      RenderText {mo} at (0,-9) size 7x22
        text run at (0,-9) width 7: "\x{23D0}"
layer at (216,102) size 7x6 scrollHeight 13
  RenderMathMLBlock (flex) {mo} at (0,12) size 7x6
    RenderBlock (anonymous) at (0,0) size 7x6
      RenderText {mo} at (0,-9) size 7x22
        text run at (0,-9) width 7: "\x{23D0}"
layer at (216,108) size 7x4 scrollHeight 13
  RenderMathMLBlock (flex) {mo} at (0,18) size 7x4
    RenderBlock (anonymous) at (0,0) size 7x4
      RenderText {mo} at (0,-9) size 7x22
        text run at (0,-9) width 7: "\x{23D0}"
layer at (216,112) size 7x7 scrollHeight 13
  RenderMathMLBlock (flex) {mo} at (0,22) size 7x7
    RenderBlock (anonymous) at (0,0) size 7x7
layer at (255,90) size 7x6 scrollHeight 14
  RenderMathMLBlock (flex) {mo} at (0,0) size 7x6
    RenderBlock (anonymous) at (0,0) size 7x6
layer at (255,96) size 7x6 scrollHeight 13
  RenderMathMLBlock (flex) {mo} at (0,6) size 7x6
    RenderBlock (anonymous) at (0,0) size 7x6
      RenderText {mo} at (0,-9) size 7x22
        text run at (0,-9) width 7: "\x{23D0}"
layer at (255,102) size 7x6 scrollHeight 13
  RenderMathMLBlock (flex) {mo} at (0,12) size 7x6
    RenderBlock (anonymous) at (0,0) size 7x6
      RenderText {mo} at (0,-9) size 7x22
        text run at (0,-9) width 7: "\x{23D0}"
layer at (255,108) size 7x4 scrollHeight 13
  RenderMathMLBlock (flex) {mo} at (0,18) size 7x4
    RenderBlock (anonymous) at (0,0) size 7x4
      RenderText {mo} at (0,-9) size 7x22
        text run at (0,-9) width 7: "\x{23D0}"
layer at (255,112) size 7x7 scrollHeight 13
  RenderMathMLBlock (flex) {mo} at (0,22) size 7x7
    RenderBlock (anonymous) at (0,0) size 7x7
layer at (269,90) size 8x10 scrollHeight 20
  RenderMathMLBlock (flex) {mo} at (0,0) size 8x10
    RenderBlock (anonymous) at (0,0) size 8x10
layer at (269,100) size 8x8 scrollHeight 18
  RenderMathMLBlock (flex) {mo} at (0,10) size 8x8
    RenderBlock (anonymous) at (0,0) size 7x8
      RenderText {mo} at (0,-4) size 7x22
        text run at (0,-4) width 7: "\x{23AE}"
layer at (269,108) size 8x17 scrollHeight 19
  RenderMathMLBlock (flex) {mo} at (0,18) size 8x17
    RenderBlock (anonymous) at (0,0) size 8x17
layer at (49,141) size 11x10 scrollHeight 19
  RenderMathMLBlock (flex) {mo} at (0,0) size 11x10
    RenderBlock (anonymous) at (0,0) size 11x10
layer at (49,151) size 11x4 scrollHeight 18
  RenderMathMLBlock (flex) {mo} at (0,10) size 11x4
    RenderBlock (anonymous) at (0,0) size 11x4
      RenderText {mo} at (0,-4) size 11x22
        text run at (0,-4) width 11: "\x{23AA}"
layer at (49,155) size 11x10 scrollHeight 18
  RenderMathMLBlock (flex) {mo} at (0,14) size 11x10
    RenderBlock (anonymous) at (0,0) size 11x10
layer at (49,165) size 11x4 scrollHeight 18
  RenderMathMLBlock (flex) {mo} at (0,24) size 11x4
    RenderBlock (anonymous) at (0,0) size 11x4
      RenderText {mo} at (0,-4) size 11x22
        text run at (0,-4) width 11: "\x{23AA}"
layer at (49,169) size 11x15 scrollHeight 18
  RenderMathMLBlock (flex) {mo} at (0,28) size 11x15
    RenderBlock (anonymous) at (0,0) size 11x15
layer at (100,141) size 11x10 scrollHeight 19
  RenderMathMLBlock (flex) {mo} at (0,0) size 11x10
    RenderBlock (anonymous) at (0,0) size 11x10
layer at (100,151) size 11x4 scrollHeight 18
  RenderMathMLBlock (flex) {mo} at (0,10) size 11x4
    RenderBlock (anonymous) at (0,0) size 11x4
      RenderText {mo} at (0,-4) size 11x22
        text run at (0,-4) width 11: "\x{23AA}"
layer at (100,155) size 11x10 scrollHeight 18
  RenderMathMLBlock (flex) {mo} at (0,14) size 11x10
    RenderBlock (anonymous) at (0,0) size 11x10
layer at (100,165) size 11x4 scrollHeight 18
  RenderMathMLBlock (flex) {mo} at (0,24) size 11x4
    RenderBlock (anonymous) at (0,0) size 11x4
      RenderText {mo} at (0,-4) size 11x22
        text run at (0,-4) width 11: "\x{23AA}"
layer at (100,169) size 11x15 scrollHeight 18
  RenderMathMLBlock (flex) {mo} at (0,28) size 11x15
    RenderBlock (anonymous) at (0,0) size 11x15
layer at (118,141) size 7x10 scrollHeight 19
  RenderMathMLBlock (flex) {mo} at (0,0) size 7x10
    RenderBlock (anonymous) at (0,0) size 7x10
layer at (118,151) size 7x10 scrollHeight 18
  RenderMathMLBlock (flex) {mo} at (0,10) size 7x10
    RenderBlock (anonymous) at (0,0) size 7x10
      RenderText {mo} at (0,-4) size 7x22
        text run at (0,-4) width 7: "\x{23A2}"
layer at (118,161) size 7x8 scrollHeight 18
  RenderMathMLBlock (flex) {mo} at (0,20) size 7x8
    RenderBlock (anonymous) at (0,0) size 7x8
      RenderText {mo} at (0,-4) size 7x22
        text run at (0,-4) width 7: "\x{23A2}"
layer at (118,169) size 7x15 scrollHeight 18
  RenderMathMLBlock (flex) {mo} at (0,28) size 7x15
    RenderBlock (anonymous) at (0,0) size 7x15
layer at (165,141) size 7x10 scrollHeight 19
  RenderMathMLBlock (flex) {mo} at (0,0) size 7x10
    RenderBlock (anonymous) at (0,0) size 7x10
layer at (165,151) size 7x10 scrollHeight 18
  RenderMathMLBlock (flex) {mo} at (0,10) size 7x10
    RenderBlock (anonymous) at (0,0) size 7x10
      RenderText {mo} at (0,-4) size 7x22
        text run at (0,-4) width 7: "\x{23A5}"
layer at (165,161) size 7x8 scrollHeight 18
  RenderMathMLBlock (flex) {mo} at (0,20) size 7x8
    RenderBlock (anonymous) at (0,0) size 7x8
      RenderText {mo} at (0,-4) size 7x22
        text run at (0,-4) width 7: "\x{23A5}"
layer at (165,169) size 7x15 scrollHeight 18
  RenderMathMLBlock (flex) {mo} at (0,28) size 7x15
    RenderBlock (anonymous) at (0,0) size 7x15
layer at (179,141) size 7x10 scrollHeight 19
  RenderMathMLBlock (flex) {mo} at (0,0) size 7x10
    RenderBlock (anonymous) at (0,0) size 7x10
layer at (179,151) size 7x10 scrollHeight 18
  RenderMathMLBlock (flex) {mo} at (0,10) size 7x10
    RenderBlock (anonymous) at (0,0) size 7x10
      RenderText {mo} at (0,-4) size 7x22
        text run at (0,-4) width 7: "\x{239C}"
layer at (179,161) size 7x8 scrollHeight 18
  RenderMathMLBlock (flex) {mo} at (0,20) size 7x8
    RenderBlock (anonymous) at (0,0) size 7x8
      RenderText {mo} at (0,-4) size 7x22
        text run at (0,-4) width 7: "\x{239C}"
layer at (179,169) size 7x15 scrollHeight 18
  RenderMathMLBlock (flex) {mo} at (0,28) size 7x15
    RenderBlock (anonymous) at (0,0) size 7x15
layer at (226,141) size 7x10 scrollHeight 19
  RenderMathMLBlock (flex) {mo} at (0,0) size 7x10
    RenderBlock (anonymous) at (0,0) size 7x10
layer at (226,151) size 7x10 scrollHeight 18
  RenderMathMLBlock (flex) {mo} at (0,10) size 7x10
    RenderBlock (anonymous) at (0,0) size 7x10
      RenderText {mo} at (0,-4) size 7x22
        text run at (0,-4) width 7: "\x{239F}"
layer at (226,161) size 7x8 scrollHeight 18
  RenderMathMLBlock (flex) {mo} at (0,20) size 7x8
    RenderBlock (anonymous) at (0,0) size 7x8
      RenderText {mo} at (0,-4) size 7x22
        text run at (0,-4) width 7: "\x{239F}"
layer at (226,169) size 7x15 scrollHeight 18
  RenderMathMLBlock (flex) {mo} at (0,28) size 7x15
    RenderBlock (anonymous) at (0,0) size 7x15
layer at (240,141) size 7x6 scrollHeight 14
  RenderMathMLBlock (flex) {mo} at (0,0) size 7x6
    RenderBlock (anonymous) at (0,0) size 7x6
layer at (240,147) size 7x6 scrollHeight 13
  RenderMathMLBlock (flex) {mo} at (0,6) size 7x6
    RenderBlock (anonymous) at (0,0) size 7x6
      RenderText {mo} at (0,-9) size 7x22
        text run at (0,-9) width 7: "\x{23D0}"
layer at (240,153) size 7x6 scrollHeight 13
  RenderMathMLBlock (flex) {mo} at (0,12) size 7x6
    RenderBlock (anonymous) at (0,0) size 7x6
      RenderText {mo} at (0,-9) size 7x22
        text run at (0,-9) width 7: "\x{23D0}"
layer at (240,159) size 7x6 scrollHeight 13
  RenderMathMLBlock (flex) {mo} at (0,18) size 7x6
    RenderBlock (anonymous) at (0,0) size 7x6
      RenderText {mo} at (0,-9) size 7x22
        text run at (0,-9) width 7: "\x{23D0}"
layer at (240,165) size 7x6 scrollHeight 13
  RenderMathMLBlock (flex) {mo} at (0,24) size 7x6
    RenderBlock (anonymous) at (0,0) size 7x6
      RenderText {mo} at (0,-9) size 7x22
        text run at (0,-9) width 7: "\x{23D0}"
layer at (240,171) size 7x2 scrollHeight 13
  RenderMathMLBlock (flex) {mo} at (0,30) size 7x2
    RenderBlock (anonymous) at (0,0) size 7x2
      RenderText {mo} at (0,-9) size 7x22
        text run at (0,-9) width 7: "\x{23D0}"
layer at (240,173) size 7x7 scrollHeight 13
  RenderMathMLBlock (flex) {mo} at (0,32) size 7x7
    RenderBlock (anonymous) at (0,0) size 7x7
layer at (287,141) size 7x6 scrollHeight 14
  RenderMathMLBlock (flex) {mo} at (0,0) size 7x6
    RenderBlock (anonymous) at (0,0) size 7x6
layer at (287,147) size 7x6 scrollHeight 13
  RenderMathMLBlock (flex) {mo} at (0,6) size 7x6
    RenderBlock (anonymous) at (0,0) size 7x6
      RenderText {mo} at (0,-9) size 7x22
        text run at (0,-9) width 7: "\x{23D0}"
layer at (287,153) size 7x6 scrollHeight 13
  RenderMathMLBlock (flex) {mo} at (0,12) size 7x6
    RenderBlock (anonymous) at (0,0) size 7x6
      RenderText {mo} at (0,-9) size 7x22
        text run at (0,-9) width 7: "\x{23D0}"
layer at (287,159) size 7x6 scrollHeight 13
  RenderMathMLBlock (flex) {mo} at (0,18) size 7x6
    RenderBlock (anonymous) at (0,0) size 7x6
      RenderText {mo} at (0,-9) size 7x22
        text run at (0,-9) width 7: "\x{23D0}"
layer at (287,165) size 7x6 scrollHeight 13
  RenderMathMLBlock (flex) {mo} at (0,24) size 7x6
    RenderBlock (anonymous) at (0,0) size 7x6
      RenderText {mo} at (0,-9) size 7x22
        text run at (0,-9) width 7: "\x{23D0}"
layer at (287,171) size 7x2 scrollHeight 13
  RenderMathMLBlock (flex) {mo} at (0,30) size 7x2
    RenderBlock (anonymous) at (0,0) size 7x2
      RenderText {mo} at (0,-9) size 7x22
        text run at (0,-9) width 7: "\x{23D0}"
layer at (287,173) size 7x7 scrollHeight 13
  RenderMathMLBlock (flex) {mo} at (0,32) size 7x7
    RenderBlock (anonymous) at (0,0) size 7x7
layer at (301,141) size 8x10 scrollHeight 20
  RenderMathMLBlock (flex) {mo} at (0,0) size 8x10
    RenderBlock (anonymous) at (0,0) size 8x10
layer at (301,151) size 8x10 scrollHeight 18
  RenderMathMLBlock (flex) {mo} at (0,10) size 8x10
    RenderBlock (anonymous) at (0,0) size 7x10
      RenderText {mo} at (0,-4) size 7x22
        text run at (0,-4) width 7: "\x{23AE}"
layer at (301,161) size 8x8 scrollHeight 18
  RenderMathMLBlock (flex) {mo} at (0,20) size 8x8
    RenderBlock (anonymous) at (0,0) size 7x8
      RenderText {mo} at (0,-4) size 7x22
        text run at (0,-4) width 7: "\x{23AE}"
layer at (301,169) size 8x17 scrollHeight 19
  RenderMathMLBlock (flex) {mo} at (0,28) size 8x17
    RenderBlock (anonymous) at (0,0) size 8x17
layer at (49,202) size 11x10 scrollHeight 19
  RenderMathMLBlock (flex) {mo} at (0,0) size 11x10
    RenderBlock (anonymous) at (0,0) size 11x10
layer at (49,212) size 11x10 scrollHeight 18
  RenderMathMLBlock (flex) {mo} at (0,10) size 11x10
    RenderBlock (anonymous) at (0,0) size 11x10
      RenderText {mo} at (0,-4) size 11x22
        text run at (0,-4) width 11: "\x{23AA}"
layer at (49,222) size 11x3 scrollHeight 18
  RenderMathMLBlock (flex) {mo} at (0,20) size 11x3
    RenderBlock (anonymous) at (0,0) size 11x3
      RenderText {mo} at (0,-4) size 11x22
        text run at (0,-4) width 11: "\x{23AA}"
layer at (49,225) size 11x10 scrollHeight 18
  RenderMathMLBlock (flex) {mo} at (0,23) size 11x10
    RenderBlock (anonymous) at (0,0) size 11x10
layer at (49,235) size 11x10 scrollHeight 18
  RenderMathMLBlock (flex) {mo} at (0,33) size 11x10
    RenderBlock (anonymous) at (0,0) size 11x10
      RenderText {mo} at (0,-4) size 11x22
        text run at (0,-4) width 11: "\x{23AA}"
layer at (49,245) size 11x4 scrollHeight 18
  RenderMathMLBlock (flex) {mo} at (0,43) size 11x4
    RenderBlock (anonymous) at (0,0) size 11x4
      RenderText {mo} at (0,-4) size 11x22
        text run at (0,-4) width 11: "\x{23AA}"
layer at (49,249) size 11x15 scrollHeight 18
  RenderMathMLBlock (flex) {mo} at (0,47) size 11x15
    RenderBlock (anonymous) at (0,0) size 11x15
layer at (116,202) size 11x10 scrollHeight 19
  RenderMathMLBlock (flex) {mo} at (0,0) size 11x10
    RenderBlock (anonymous) at (0,0) size 11x10
layer at (116,212) size 11x10 scrollHeight 18
  RenderMathMLBlock (flex) {mo} at (0,10) size 11x10
    RenderBlock (anonymous) at (0,0) size 11x10
      RenderText {mo} at (0,-4) size 11x22
        text run at (0,-4) width 11: "\x{23AA}"
layer at (116,222) size 11x3 scrollHeight 18
  RenderMathMLBlock (flex) {mo} at (0,20) size 11x3
    RenderBlock (anonymous) at (0,0) size 11x3
      RenderText {mo} at (0,-4) size 11x22
        text run at (0,-4) width 11: "\x{23AA}"
layer at (116,225) size 11x10 scrollHeight 18
  RenderMathMLBlock (flex) {mo} at (0,23) size 11x10
    RenderBlock (anonymous) at (0,0) size 11x10
layer at (116,235) size 11x10 scrollHeight 18
  RenderMathMLBlock (flex) {mo} at (0,33) size 11x10
    RenderBlock (anonymous) at (0,0) size 11x10
      RenderText {mo} at (0,-4) size 11x22
        text run at (0,-4) width 11: "\x{23AA}"
layer at (116,245) size 11x4 scrollHeight 18
  RenderMathMLBlock (flex) {mo} at (0,43) size 11x4
    RenderBlock (anonymous) at (0,0) size 11x4
      RenderText {mo} at (0,-4) size 11x22
        text run at (0,-4) width 11: "\x{23AA}"
layer at (116,249) size 11x15 scrollHeight 18
  RenderMathMLBlock (flex) {mo} at (0,47) size 11x15
    RenderBlock (anonymous) at (0,0) size 11x15
layer at (134,202) size 7x10 scrollHeight 19
  RenderMathMLBlock (flex) {mo} at (0,0) size 7x10
    RenderBlock (anonymous) at (0,0) size 7x10
layer at (134,212) size 7x10 scrollHeight 18
  RenderMathMLBlock (flex) {mo} at (0,10) size 7x10
    RenderBlock (anonymous) at (0,0) size 7x10
      RenderText {mo} at (0,-4) size 7x22
        text run at (0,-4) width 7: "\x{23A2}"
layer at (134,222) size 7x10 scrollHeight 18
  RenderMathMLBlock (flex) {mo} at (0,20) size 7x10
    RenderBlock (anonymous) at (0,0) size 7x10
      RenderText {mo} at (0,-4) size 7x22
        text run at (0,-4) width 7: "\x{23A2}"
layer at (134,232) size 7x10 scrollHeight 18
  RenderMathMLBlock (flex) {mo} at (0,30) size 7x10
    RenderBlock (anonymous) at (0,0) size 7x10
      RenderText {mo} at (0,-4) size 7x22
        text run at (0,-4) width 7: "\x{23A2}"
layer at (134,242) size 7x7 scrollHeight 18
  RenderMathMLBlock (flex) {mo} at (0,40) size 7x7
    RenderBlock (anonymous) at (0,0) size 7x7
      RenderText {mo} at (0,-4) size 7x22
        text run at (0,-4) width 7: "\x{23A2}"
layer at (134,249) size 7x15 scrollHeight 18
  RenderMathMLBlock (flex) {mo} at (0,47) size 7x15
    RenderBlock (anonymous) at (0,0) size 7x15
layer at (197,202) size 7x10 scrollHeight 19
  RenderMathMLBlock (flex) {mo} at (0,0) size 7x10
    RenderBlock (anonymous) at (0,0) size 7x10
layer at (197,212) size 7x10 scrollHeight 18
  RenderMathMLBlock (flex) {mo} at (0,10) size 7x10
    RenderBlock (anonymous) at (0,0) size 7x10
      RenderText {mo} at (0,-4) size 7x22
        text run at (0,-4) width 7: "\x{23A5}"
layer at (197,222) size 7x10 scrollHeight 18
  RenderMathMLBlock (flex) {mo} at (0,20) size 7x10
    RenderBlock (anonymous) at (0,0) size 7x10
      RenderText {mo} at (0,-4) size 7x22
        text run at (0,-4) width 7: "\x{23A5}"
layer at (197,232) size 7x10 scrollHeight 18
  RenderMathMLBlock (flex) {mo} at (0,30) size 7x10
    RenderBlock (anonymous) at (0,0) size 7x10
      RenderText {mo} at (0,-4) size 7x22
        text run at (0,-4) width 7: "\x{23A5}"
layer at (197,242) size 7x7 scrollHeight 18
  RenderMathMLBlock (flex) {mo} at (0,40) size 7x7
    RenderBlock (anonymous) at (0,0) size 7x7
      RenderText {mo} at (0,-4) size 7x22
        text run at (0,-4) width 7: "\x{23A5}"
layer at (197,249) size 7x15 scrollHeight 18
  RenderMathMLBlock (flex) {mo} at (0,47) size 7x15
    RenderBlock (anonymous) at (0,0) size 7x15
layer at (211,202) size 7x10 scrollHeight 19
  RenderMathMLBlock (flex) {mo} at (0,0) size 7x10
    RenderBlock (anonymous) at (0,0) size 7x10
layer at (211,212) size 7x10 scrollHeight 18
  RenderMathMLBlock (flex) {mo} at (0,10) size 7x10
    RenderBlock (anonymous) at (0,0) size 7x10
      RenderText {mo} at (0,-4) size 7x22
        text run at (0,-4) width 7: "\x{239C}"
layer at (211,222) size 7x10 scrollHeight 18
  RenderMathMLBlock (flex) {mo} at (0,20) size 7x10
    RenderBlock (anonymous) at (0,0) size 7x10
      RenderText {mo} at (0,-4) size 7x22
        text run at (0,-4) width 7: "\x{239C}"
layer at (211,232) size 7x10 scrollHeight 18
  RenderMathMLBlock (flex) {mo} at (0,30) size 7x10
    RenderBlock (anonymous) at (0,0) size 7x10
      RenderText {mo} at (0,-4) size 7x22
        text run at (0,-4) width 7: "\x{239C}"
layer at (211,242) size 7x7 scrollHeight 18
  RenderMathMLBlock (flex) {mo} at (0,40) size 7x7
    RenderBlock (anonymous) at (0,0) size 7x7
      RenderText {mo} at (0,-4) size 7x22
        text run at (0,-4) width 7: "\x{239C}"
layer at (211,249) size 7x15 scrollHeight 18
  RenderMathMLBlock (flex) {mo} at (0,47) size 7x15
    RenderBlock (anonymous) at (0,0) size 7x15
layer at (274,202) size 7x10 scrollHeight 19
  RenderMathMLBlock (flex) {mo} at (0,0) size 7x10
    RenderBlock (anonymous) at (0,0) size 7x10
layer at (274,212) size 7x10 scrollHeight 18
  RenderMathMLBlock (flex) {mo} at (0,10) size 7x10
    RenderBlock (anonymous) at (0,0) size 7x10
      RenderText {mo} at (0,-4) size 7x22
        text run at (0,-4) width 7: "\x{239F}"
layer at (274,222) size 7x10 scrollHeight 18
  RenderMathMLBlock (flex) {mo} at (0,20) size 7x10
    RenderBlock (anonymous) at (0,0) size 7x10
      RenderText {mo} at (0,-4) size 7x22
        text run at (0,-4) width 7: "\x{239F}"
layer at (274,232) size 7x10 scrollHeight 18
  RenderMathMLBlock (flex) {mo} at (0,30) size 7x10
    RenderBlock (anonymous) at (0,0) size 7x10
      RenderText {mo} at (0,-4) size 7x22
        text run at (0,-4) width 7: "\x{239F}"
layer at (274,242) size 7x7 scrollHeight 18
  RenderMathMLBlock (flex) {mo} at (0,40) size 7x7
    RenderBlock (anonymous) at (0,0) size 7x7
      RenderText {mo} at (0,-4) size 7x22
        text run at (0,-4) width 7: "\x{239F}"
layer at (274,249) size 7x15 scrollHeight 18
  RenderMathMLBlock (flex) {mo} at (0,47) size 7x15
    RenderBlock (anonymous) at (0,0) size 7x15
layer at (288,202) size 7x6 scrollHeight 14
  RenderMathMLBlock (flex) {mo} at (0,0) size 7x6
    RenderBlock (anonymous) at (0,0) size 7x6
layer at (288,208) size 7x6 scrollHeight 13
  RenderMathMLBlock (flex) {mo} at (0,6) size 7x6
    RenderBlock (anonymous) at (0,0) size 7x6
      RenderText {mo} at (0,-9) size 7x22
        text run at (0,-9) width 7: "\x{23D0}"
layer at (288,214) size 7x6 scrollHeight 13
  RenderMathMLBlock (flex) {mo} at (0,12) size 7x6
    RenderBlock (anonymous) at (0,0) size 7x6
      RenderText {mo} at (0,-9) size 7x22
        text run at (0,-9) width 7: "\x{23D0}"
layer at (288,220) size 7x6 scrollHeight 13
  RenderMathMLBlock (flex) {mo} at (0,18) size 7x6
    RenderBlock (anonymous) at (0,0) size 7x6
      RenderText {mo} at (0,-9) size 7x22
        text run at (0,-9) width 7: "\x{23D0}"
layer at (288,226) size 7x6 scrollHeight 13
  RenderMathMLBlock (flex) {mo} at (0,24) size 7x6
    RenderBlock (anonymous) at (0,0) size 7x6
      RenderText {mo} at (0,-9) size 7x22
        text run at (0,-9) width 7: "\x{23D0}"
layer at (288,232) size 7x6 scrollHeight 13
  RenderMathMLBlock (flex) {mo} at (0,30) size 7x6
    RenderBlock (anonymous) at (0,0) size 7x6
      RenderText {mo} at (0,-9) size 7x22
        text run at (0,-9) width 7: "\x{23D0}"
layer at (288,238) size 7x6 scrollHeight 13
  RenderMathMLBlock (flex) {mo} at (0,36) size 7x6
    RenderBlock (anonymous) at (0,0) size 7x6
      RenderText {mo} at (0,-9) size 7x22
        text run at (0,-9) width 7: "\x{23D0}"
layer at (288,244) size 7x6 scrollHeight 13
  RenderMathMLBlock (flex) {mo} at (0,42) size 7x6
    RenderBlock (anonymous) at (0,0) size 7x6
      RenderText {mo} at (0,-9) size 7x22
        text run at (0,-9) width 7: "\x{23D0}"
layer at (288,250) size 7x3 scrollHeight 13
  RenderMathMLBlock (flex) {mo} at (0,48) size 7x3
    RenderBlock (anonymous) at (0,0) size 7x3
      RenderText {mo} at (0,-9) size 7x22
        text run at (0,-9) width 7: "\x{23D0}"
layer at (288,253) size 7x7 scrollHeight 13
  RenderMathMLBlock (flex) {mo} at (0,51) size 7x7
    RenderBlock (anonymous) at (0,0) size 7x7
layer at (351,202) size 7x6 scrollHeight 14
  RenderMathMLBlock (flex) {mo} at (0,0) size 7x6
    RenderBlock (anonymous) at (0,0) size 7x6
layer at (351,208) size 7x6 scrollHeight 13
  RenderMathMLBlock (flex) {mo} at (0,6) size 7x6
    RenderBlock (anonymous) at (0,0) size 7x6
      RenderText {mo} at (0,-9) size 7x22
        text run at (0,-9) width 7: "\x{23D0}"
layer at (351,214) size 7x6 scrollHeight 13
  RenderMathMLBlock (flex) {mo} at (0,12) size 7x6
    RenderBlock (anonymous) at (0,0) size 7x6
      RenderText {mo} at (0,-9) size 7x22
        text run at (0,-9) width 7: "\x{23D0}"
layer at (351,220) size 7x6 scrollHeight 13
  RenderMathMLBlock (flex) {mo} at (0,18) size 7x6
    RenderBlock (anonymous) at (0,0) size 7x6
      RenderText {mo} at (0,-9) size 7x22
        text run at (0,-9) width 7: "\x{23D0}"
layer at (351,226) size 7x6 scrollHeight 13
  RenderMathMLBlock (flex) {mo} at (0,24) size 7x6
    RenderBlock (anonymous) at (0,0) size 7x6
      RenderText {mo} at (0,-9) size 7x22
        text run at (0,-9) width 7: "\x{23D0}"
layer at (351,232) size 7x6 scrollHeight 13
  RenderMathMLBlock (flex) {mo} at (0,30) size 7x6
    RenderBlock (anonymous) at (0,0) size 7x6
      RenderText {mo} at (0,-9) size 7x22
        text run at (0,-9) width 7: "\x{23D0}"
layer at (351,238) size 7x6 scrollHeight 13
  RenderMathMLBlock (flex) {mo} at (0,36) size 7x6
    RenderBlock (anonymous) at (0,0) size 7x6
      RenderText {mo} at (0,-9) size 7x22
        text run at (0,-9) width 7: "\x{23D0}"
layer at (351,244) size 7x6 scrollHeight 13
  RenderMathMLBlock (flex) {mo} at (0,42) size 7x6
    RenderBlock (anonymous) at (0,0) size 7x6
      RenderText {mo} at (0,-9) size 7x22
        text run at (0,-9) width 7: "\x{23D0}"
layer at (351,250) size 7x3 scrollHeight 13
  RenderMathMLBlock (flex) {mo} at (0,48) size 7x3
    RenderBlock (anonymous) at (0,0) size 7x3
      RenderText {mo} at (0,-9) size 7x22
        text run at (0,-9) width 7: "\x{23D0}"
layer at (351,253) size 7x7 scrollHeight 13
  RenderMathMLBlock (flex) {mo} at (0,51) size 7x7
    RenderBlock (anonymous) at (0,0) size 7x7
layer at (365,202) size 8x10 scrollHeight 20
  RenderMathMLBlock (flex) {mo} at (0,0) size 8x10
    RenderBlock (anonymous) at (0,0) size 8x10
layer at (365,212) size 8x10 scrollHeight 18
  RenderMathMLBlock (flex) {mo} at (0,10) size 8x10
    RenderBlock (anonymous) at (0,0) size 7x10
      RenderText {mo} at (0,-4) size 7x22
        text run at (0,-4) width 7: "\x{23AE}"
layer at (365,222) size 8x10 scrollHeight 18
  RenderMathMLBlock (flex) {mo} at (0,20) size 8x10
    RenderBlock (anonymous) at (0,0) size 7x10
      RenderText {mo} at (0,-4) size 7x22
        text run at (0,-4) width 7: "\x{23AE}"
layer at (365,232) size 8x10 scrollHeight 18
  RenderMathMLBlock (flex) {mo} at (0,30) size 8x10
    RenderBlock (anonymous) at (0,0) size 7x10
      RenderText {mo} at (0,-4) size 7x22
        text run at (0,-4) width 7: "\x{23AE}"
layer at (365,242) size 8x7 scrollHeight 18
  RenderMathMLBlock (flex) {mo} at (0,40) size 8x7
    RenderBlock (anonymous) at (0,0) size 7x7
      RenderText {mo} at (0,-4) size 7x22
        text run at (0,-4) width 7: "\x{23AE}"
layer at (365,249) size 8x17 scrollHeight 19
  RenderMathMLBlock (flex) {mo} at (0,47) size 8x17
    RenderBlock (anonymous) at (0,0) size 8x17
layer at (57,282) size 11x10 scrollHeight 19
  RenderMathMLBlock (flex) {mo} at (0,0) size 11x10
    RenderBlock (anonymous) at (0,0) size 11x10
layer at (57,292) size 11x10 scrollHeight 18
  RenderMathMLBlock (flex) {mo} at (0,10) size 11x10
    RenderBlock (anonymous) at (0,0) size 11x10
      RenderText {mo} at (0,-4) size 11x22
        text run at (0,-4) width 11: "\x{23AA}"
layer at (57,302) size 11x10 scrollHeight 18
  RenderMathMLBlock (flex) {mo} at (0,20) size 11x10
    RenderBlock (anonymous) at (0,0) size 11x10
      RenderText {mo} at (0,-4) size 11x22
        text run at (0,-4) width 11: "\x{23AA}"
layer at (57,312) size 11x10 scrollHeight 18
  RenderMathMLBlock (flex) {mo} at (0,30) size 11x10
    RenderBlock (anonymous) at (0,0) size 11x10
      RenderText {mo} at (0,-4) size 11x22
        text run at (0,-4) width 11: "\x{23AA}"
layer at (57,322) size 11x10 scrollHeight 18
  RenderMathMLBlock (flex) {mo} at (0,40) size 11x10
    RenderBlock (anonymous) at (0,0) size 11x10
      RenderText {mo} at (0,-4) size 11x22
        text run at (0,-4) width 11: "\x{23AA}"
layer at (57,332) size 11x10 scrollHeight 18
  RenderMathMLBlock (flex) {mo} at (0,50) size 11x10
    RenderBlock (anonymous) at (0,0) size 11x10
      RenderText {mo} at (0,-4) size 11x22
        text run at (0,-4) width 11: "\x{23AA}"
layer at (57,342) size 11x7 scrollHeight 18
  RenderMathMLBlock (flex) {mo} at (0,60) size 11x7
    RenderBlock (anonymous) at (0,0) size 11x7
      RenderText {mo} at (0,-4) size 11x22
        text run at (0,-4) width 11: "\x{23AA}"
layer at (57,349) size 11x10 scrollHeight 18
  RenderMathMLBlock (flex) {mo} at (0,67) size 11x10
    RenderBlock (anonymous) at (0,0) size 11x10
layer at (57,359) size 11x10 scrollHeight 18
  RenderMathMLBlock (flex) {mo} at (0,77) size 11x10
    RenderBlock (anonymous) at (0,0) size 11x10
      RenderText {mo} at (0,-4) size 11x22
        text run at (0,-4) width 11: "\x{23AA}"
layer at (57,369) size 11x10 scrollHeight 18
  RenderMathMLBlock (flex) {mo} at (0,87) size 11x10
    RenderBlock (anonymous) at (0,0) size 11x10
      RenderText {mo} at (0,-4) size 11x22
        text run at (0,-4) width 11: "\x{23AA}"
layer at (57,379) size 11x10 scrollHeight 18
  RenderMathMLBlock (flex) {mo} at (0,97) size 11x10
    RenderBlock (anonymous) at (0,0) size 11x10
      RenderText {mo} at (0,-4) size 11x22
        text run at (0,-4) width 11: "\x{23AA}"
layer at (57,389) size 11x10 scrollHeight 18
  RenderMathMLBlock (flex) {mo} at (0,107) size 11x10
    RenderBlock (anonymous) at (0,0) size 11x10
      RenderText {mo} at (0,-4) size 11x22
        text run at (0,-4) width 11: "\x{23AA}"
layer at (57,399) size 11x10 scrollHeight 18
  RenderMathMLBlock (flex) {mo} at (0,117) size 11x10
    RenderBlock (anonymous) at (0,0) size 11x10
      RenderText {mo} at (0,-4) size 11x22
        text run at (0,-4) width 11: "\x{23AA}"
layer at (57,409) size 11x7 scrollHeight 18
  RenderMathMLBlock (flex) {mo} at (0,127) size 11x7
    RenderBlock (anonymous) at (0,0) size 11x7
      RenderText {mo} at (0,-4) size 11x22
        text run at (0,-4) width 11: "\x{23AA}"
layer at (57,416) size 11x15 scrollHeight 18
  RenderMathMLBlock (flex) {mo} at (0,134) size 11x15
    RenderBlock (anonymous) at (0,0) size 11x15
layer at (124,282) size 11x10 scrollHeight 19
  RenderMathMLBlock (flex) {mo} at (0,0) size 11x10
    RenderBlock (anonymous) at (0,0) size 11x10
layer at (124,292) size 11x10 scrollHeight 18
  RenderMathMLBlock (flex) {mo} at (0,10) size 11x10
    RenderBlock (anonymous) at (0,0) size 11x10
      RenderText {mo} at (0,-4) size 11x22
        text run at (0,-4) width 11: "\x{23AA}"
layer at (124,302) size 11x10 scrollHeight 18
  RenderMathMLBlock (flex) {mo} at (0,20) size 11x10
    RenderBlock (anonymous) at (0,0) size 11x10
      RenderText {mo} at (0,-4) size 11x22
        text run at (0,-4) width 11: "\x{23AA}"
layer at (124,312) size 11x10 scrollHeight 18
  RenderMathMLBlock (flex) {mo} at (0,30) size 11x10
    RenderBlock (anonymous) at (0,0) size 11x10
      RenderText {mo} at (0,-4) size 11x22
        text run at (0,-4) width 11: "\x{23AA}"
layer at (124,322) size 11x10 scrollHeight 18
  RenderMathMLBlock (flex) {mo} at (0,40) size 11x10
    RenderBlock (anonymous) at (0,0) size 11x10
      RenderText {mo} at (0,-4) size 11x22
        text run at (0,-4) width 11: "\x{23AA}"
layer at (124,332) size 11x10 scrollHeight 18
  RenderMathMLBlock (flex) {mo} at (0,50) size 11x10
    RenderBlock (anonymous) at (0,0) size 11x10
      RenderText {mo} at (0,-4) size 11x22
        text run at (0,-4) width 11: "\x{23AA}"
layer at (124,342) size 11x7 scrollHeight 18
  RenderMathMLBlock (flex) {mo} at (0,60) size 11x7
    RenderBlock (anonymous) at (0,0) size 11x7
      RenderText {mo} at (0,-4) size 11x22
        text run at (0,-4) width 11: "\x{23AA}"
layer at (124,349) size 11x10 scrollHeight 18
  RenderMathMLBlock (flex) {mo} at (0,67) size 11x10
    RenderBlock (anonymous) at (0,0) size 11x10
layer at (124,359) size 11x10 scrollHeight 18
  RenderMathMLBlock (flex) {mo} at (0,77) size 11x10
    RenderBlock (anonymous) at (0,0) size 11x10
      RenderText {mo} at (0,-4) size 11x22
        text run at (0,-4) width 11: "\x{23AA}"
layer at (124,369) size 11x10 scrollHeight 18
  RenderMathMLBlock (flex) {mo} at (0,87) size 11x10
    RenderBlock (anonymous) at (0,0) size 11x10
      RenderText {mo} at (0,-4) size 11x22
        text run at (0,-4) width 11: "\x{23AA}"
layer at (124,379) size 11x10 scrollHeight 18
  RenderMathMLBlock (flex) {mo} at (0,97) size 11x10
    RenderBlock (anonymous) at (0,0) size 11x10
      RenderText {mo} at (0,-4) size 11x22
        text run at (0,-4) width 11: "\x{23AA}"
layer at (124,389) size 11x10 scrollHeight 18
  RenderMathMLBlock (flex) {mo} at (0,107) size 11x10
    RenderBlock (anonymous) at (0,0) size 11x10
      RenderText {mo} at (0,-4) size 11x22
        text run at (0,-4) width 11: "\x{23AA}"
layer at (124,399) size 11x10 scrollHeight 18
  RenderMathMLBlock (flex) {mo} at (0,117) size 11x10
    RenderBlock (anonymous) at (0,0) size 11x10
      RenderText {mo} at (0,-4) size 11x22
        text run at (0,-4) width 11: "\x{23AA}"
layer at (124,409) size 11x7 scrollHeight 18
  RenderMathMLBlock (flex) {mo} at (0,127) size 11x7
    RenderBlock (anonymous) at (0,0) size 11x7
      RenderText {mo} at (0,-4) size 11x22
        text run at (0,-4) width 11: "\x{23AA}"
layer at (124,416) size 11x15 scrollHeight 18
  RenderMathMLBlock (flex) {mo} at (0,134) size 11x15
    RenderBlock (anonymous) at (0,0) size 11x15
layer at (142,282) size 7x10 scrollHeight 19
  RenderMathMLBlock (flex) {mo} at (0,0) size 7x10
    RenderBlock (anonymous) at (0,0) size 7x10
layer at (142,292) size 7x10 scrollHeight 18
  RenderMathMLBlock (flex) {mo} at (0,10) size 7x10
    RenderBlock (anonymous) at (0,0) size 7x10
      RenderText {mo} at (0,-4) size 7x22
        text run at (0,-4) width 7: "\x{23A2}"
layer at (142,302) size 7x10 scrollHeight 18
  RenderMathMLBlock (flex) {mo} at (0,20) size 7x10
    RenderBlock (anonymous) at (0,0) size 7x10
      RenderText {mo} at (0,-4) size 7x22
        text run at (0,-4) width 7: "\x{23A2}"
layer at (142,312) size 7x10 scrollHeight 18
  RenderMathMLBlock (flex) {mo} at (0,30) size 7x10
    RenderBlock (anonymous) at (0,0) size 7x10
      RenderText {mo} at (0,-4) size 7x22
        text run at (0,-4) width 7: "\x{23A2}"
layer at (142,322) size 7x10 scrollHeight 18
  RenderMathMLBlock (flex) {mo} at (0,40) size 7x10
    RenderBlock (anonymous) at (0,0) size 7x10
      RenderText {mo} at (0,-4) size 7x22
        text run at (0,-4) width 7: "\x{23A2}"
layer at (142,332) size 7x10 scrollHeight 18
  RenderMathMLBlock (flex) {mo} at (0,50) size 7x10
    RenderBlock (anonymous) at (0,0) size 7x10
      RenderText {mo} at (0,-4) size 7x22
        text run at (0,-4) width 7: "\x{23A2}"
layer at (142,342) size 7x10 scrollHeight 18
  RenderMathMLBlock (flex) {mo} at (0,60) size 7x10
    RenderBlock (anonymous) at (0,0) size 7x10
      RenderText {mo} at (0,-4) size 7x22
        text run at (0,-4) width 7: "\x{23A2}"
layer at (142,352) size 7x10 scrollHeight 18
  RenderMathMLBlock (flex) {mo} at (0,70) size 7x10
    RenderBlock (anonymous) at (0,0) size 7x10
      RenderText {mo} at (0,-4) size 7x22
        text run at (0,-4) width 7: "\x{23A2}"
layer at (142,362) size 7x10 scrollHeight 18
  RenderMathMLBlock (flex) {mo} at (0,80) size 7x10
    RenderBlock (anonymous) at (0,0) size 7x10
      RenderText {mo} at (0,-4) size 7x22
        text run at (0,-4) width 7: "\x{23A2}"
layer at (142,372) size 7x10 scrollHeight 18
  RenderMathMLBlock (flex) {mo} at (0,90) size 7x10
    RenderBlock (anonymous) at (0,0) size 7x10
      RenderText {mo} at (0,-4) size 7x22
        text run at (0,-4) width 7: "\x{23A2}"
layer at (142,382) size 7x10 scrollHeight 18
  RenderMathMLBlock (flex) {mo} at (0,100) size 7x10
    RenderBlock (anonymous) at (0,0) size 7x10
      RenderText {mo} at (0,-4) size 7x22
        text run at (0,-4) width 7: "\x{23A2}"
layer at (142,392) size 7x10 scrollHeight 18
  RenderMathMLBlock (flex) {mo} at (0,110) size 7x10
    RenderBlock (anonymous) at (0,0) size 7x10
      RenderText {mo} at (0,-4) size 7x22
        text run at (0,-4) width 7: "\x{23A2}"
layer at (142,402) size 7x10 scrollHeight 18
  RenderMathMLBlock (flex) {mo} at (0,120) size 7x10
    RenderBlock (anonymous) at (0,0) size 7x10
      RenderText {mo} at (0,-4) size 7x22
        text run at (0,-4) width 7: "\x{23A2}"
layer at (142,412) size 7x4 scrollHeight 18
  RenderMathMLBlock (flex) {mo} at (0,130) size 7x4
    RenderBlock (anonymous) at (0,0) size 7x4
      RenderText {mo} at (0,-4) size 7x22
        text run at (0,-4) width 7: "\x{23A2}"
layer at (142,416) size 7x15 scrollHeight 18
  RenderMathMLBlock (flex) {mo} at (0,134) size 7x15
    RenderBlock (anonymous) at (0,0) size 7x15
layer at (205,282) size 7x10 scrollHeight 19
  RenderMathMLBlock (flex) {mo} at (0,0) size 7x10
    RenderBlock (anonymous) at (0,0) size 7x10
layer at (205,292) size 7x10 scrollHeight 18
  RenderMathMLBlock (flex) {mo} at (0,10) size 7x10
    RenderBlock (anonymous) at (0,0) size 7x10
      RenderText {mo} at (0,-4) size 7x22
        text run at (0,-4) width 7: "\x{23A5}"
layer at (205,302) size 7x10 scrollHeight 18
  RenderMathMLBlock (flex) {mo} at (0,20) size 7x10
    RenderBlock (anonymous) at (0,0) size 7x10
      RenderText {mo} at (0,-4) size 7x22
        text run at (0,-4) width 7: "\x{23A5}"
layer at (205,312) size 7x10 scrollHeight 18
  RenderMathMLBlock (flex) {mo} at (0,30) size 7x10
    RenderBlock (anonymous) at (0,0) size 7x10
      RenderText {mo} at (0,-4) size 7x22
        text run at (0,-4) width 7: "\x{23A5}"
layer at (205,322) size 7x10 scrollHeight 18
  RenderMathMLBlock (flex) {mo} at (0,40) size 7x10
    RenderBlock (anonymous) at (0,0) size 7x10
      RenderText {mo} at (0,-4) size 7x22
        text run at (0,-4) width 7: "\x{23A5}"
layer at (205,332) size 7x10 scrollHeight 18
  RenderMathMLBlock (flex) {mo} at (0,50) size 7x10
    RenderBlock (anonymous) at (0,0) size 7x10
      RenderText {mo} at (0,-4) size 7x22
        text run at (0,-4) width 7: "\x{23A5}"
layer at (205,342) size 7x10 scrollHeight 18
  RenderMathMLBlock (flex) {mo} at (0,60) size 7x10
    RenderBlock (anonymous) at (0,0) size 7x10
      RenderText {mo} at (0,-4) size 7x22
        text run at (0,-4) width 7: "\x{23A5}"
layer at (205,352) size 7x10 scrollHeight 18
  RenderMathMLBlock (flex) {mo} at (0,70) size 7x10
    RenderBlock (anonymous) at (0,0) size 7x10
      RenderText {mo} at (0,-4) size 7x22
        text run at (0,-4) width 7: "\x{23A5}"
layer at (205,362) size 7x10 scrollHeight 18
  RenderMathMLBlock (flex) {mo} at (0,80) size 7x10
    RenderBlock (anonymous) at (0,0) size 7x10
      RenderText {mo} at (0,-4) size 7x22
        text run at (0,-4) width 7: "\x{23A5}"
layer at (205,372) size 7x10 scrollHeight 18
  RenderMathMLBlock (flex) {mo} at (0,90) size 7x10
    RenderBlock (anonymous) at (0,0) size 7x10
      RenderText {mo} at (0,-4) size 7x22
        text run at (0,-4) width 7: "\x{23A5}"
layer at (205,382) size 7x10 scrollHeight 18
  RenderMathMLBlock (flex) {mo} at (0,100) size 7x10
    RenderBlock (anonymous) at (0,0) size 7x10
      RenderText {mo} at (0,-4) size 7x22
        text run at (0,-4) width 7: "\x{23A5}"
layer at (205,392) size 7x10 scrollHeight 18
  RenderMathMLBlock (flex) {mo} at (0,110) size 7x10
    RenderBlock (anonymous) at (0,0) size 7x10
      RenderText {mo} at (0,-4) size 7x22
        text run at (0,-4) width 7: "\x{23A5}"
layer at (205,402) size 7x10 scrollHeight 18
  RenderMathMLBlock (flex) {mo} at (0,120) size 7x10
    RenderBlock (anonymous) at (0,0) size 7x10
      RenderText {mo} at (0,-4) size 7x22
        text run at (0,-4) width 7: "\x{23A5}"
layer at (205,412) size 7x4 scrollHeight 18
  RenderMathMLBlock (flex) {mo} at (0,130) size 7x4
    RenderBlock (anonymous) at (0,0) size 7x4
      RenderText {mo} at (0,-4) size 7x22
        text run at (0,-4) width 7: "\x{23A5}"
layer at (205,416) size 7x15 scrollHeight 18
  RenderMathMLBlock (flex) {mo} at (0,134) size 7x15
    RenderBlock (anonymous) at (0,0) size 7x15
layer at (219,282) size 7x10 scrollHeight 19
  RenderMathMLBlock (flex) {mo} at (0,0) size 7x10
    RenderBlock (anonymous) at (0,0) size 7x10
layer at (219,292) size 7x10 scrollHeight 18
  RenderMathMLBlock (flex) {mo} at (0,10) size 7x10
    RenderBlock (anonymous) at (0,0) size 7x10
      RenderText {mo} at (0,-4) size 7x22
        text run at (0,-4) width 7: "\x{239C}"
layer at (219,302) size 7x10 scrollHeight 18
  RenderMathMLBlock (flex) {mo} at (0,20) size 7x10
    RenderBlock (anonymous) at (0,0) size 7x10
      RenderText {mo} at (0,-4) size 7x22
        text run at (0,-4) width 7: "\x{239C}"
layer at (219,312) size 7x10 scrollHeight 18
  RenderMathMLBlock (flex) {mo} at (0,30) size 7x10
    RenderBlock (anonymous) at (0,0) size 7x10
      RenderText {mo} at (0,-4) size 7x22
        text run at (0,-4) width 7: "\x{239C}"
layer at (219,322) size 7x10 scrollHeight 18
  RenderMathMLBlock (flex) {mo} at (0,40) size 7x10
    RenderBlock (anonymous) at (0,0) size 7x10
      RenderText {mo} at (0,-4) size 7x22
        text run at (0,-4) width 7: "\x{239C}"
layer at (219,332) size 7x10 scrollHeight 18
  RenderMathMLBlock (flex) {mo} at (0,50) size 7x10
    RenderBlock (anonymous) at (0,0) size 7x10
      RenderText {mo} at (0,-4) size 7x22
        text run at (0,-4) width 7: "\x{239C}"
layer at (219,342) size 7x10 scrollHeight 18
  RenderMathMLBlock (flex) {mo} at (0,60) size 7x10
    RenderBlock (anonymous) at (0,0) size 7x10
      RenderText {mo} at (0,-4) size 7x22
        text run at (0,-4) width 7: "\x{239C}"
layer at (219,352) size 7x10 scrollHeight 18
  RenderMathMLBlock (flex) {mo} at (0,70) size 7x10
    RenderBlock (anonymous) at (0,0) size 7x10
      RenderText {mo} at (0,-4) size 7x22
        text run at (0,-4) width 7: "\x{239C}"
layer at (219,362) size 7x10 scrollHeight 18
  RenderMathMLBlock (flex) {mo} at (0,80) size 7x10
    RenderBlock (anonymous) at (0,0) size 7x10
      RenderText {mo} at (0,-4) size 7x22
        text run at (0,-4) width 7: "\x{239C}"
layer at (219,372) size 7x10 scrollHeight 18
  RenderMathMLBlock (flex) {mo} at (0,90) size 7x10
    RenderBlock (anonymous) at (0,0) size 7x10
      RenderText {mo} at (0,-4) size 7x22
        text run at (0,-4) width 7: "\x{239C}"
layer at (219,382) size 7x10 scrollHeight 18
  RenderMathMLBlock (flex) {mo} at (0,100) size 7x10
    RenderBlock (anonymous) at (0,0) size 7x10
      RenderText {mo} at (0,-4) size 7x22
        text run at (0,-4) width 7: "\x{239C}"
layer at (219,392) size 7x10 scrollHeight 18
  RenderMathMLBlock (flex) {mo} at (0,110) size 7x10
    RenderBlock (anonymous) at (0,0) size 7x10
      RenderText {mo} at (0,-4) size 7x22
        text run at (0,-4) width 7: "\x{239C}"
layer at (219,402) size 7x10 scrollHeight 18
  RenderMathMLBlock (flex) {mo} at (0,120) size 7x10
    RenderBlock (anonymous) at (0,0) size 7x10
      RenderText {mo} at (0,-4) size 7x22
        text run at (0,-4) width 7: "\x{239C}"
layer at (219,412) size 7x4 scrollHeight 18
  RenderMathMLBlock (flex) {mo} at (0,130) size 7x4
    RenderBlock (anonymous) at (0,0) size 7x4
      RenderText {mo} at (0,-4) size 7x22
        text run at (0,-4) width 7: "\x{239C}"
layer at (219,416) size 7x15 scrollHeight 18
  RenderMathMLBlock (flex) {mo} at (0,134) size 7x15
    RenderBlock (anonymous) at (0,0) size 7x15
layer at (282,282) size 7x10 scrollHeight 19
  RenderMathMLBlock (flex) {mo} at (0,0) size 7x10
    RenderBlock (anonymous) at (0,0) size 7x10
layer at (282,292) size 7x10 scrollHeight 18
  RenderMathMLBlock (flex) {mo} at (0,10) size 7x10
    RenderBlock (anonymous) at (0,0) size 7x10
      RenderText {mo} at (0,-4) size 7x22
        text run at (0,-4) width 7: "\x{239F}"
layer at (282,302) size 7x10 scrollHeight 18
  RenderMathMLBlock (flex) {mo} at (0,20) size 7x10
    RenderBlock (anonymous) at (0,0) size 7x10
      RenderText {mo} at (0,-4) size 7x22
        text run at (0,-4) width 7: "\x{239F}"
layer at (282,312) size 7x10 scrollHeight 18
  RenderMathMLBlock (flex) {mo} at (0,30) size 7x10
    RenderBlock (anonymous) at (0,0) size 7x10
      RenderText {mo} at (0,-4) size 7x22
        text run at (0,-4) width 7: "\x{239F}"
layer at (282,322) size 7x10 scrollHeight 18
  RenderMathMLBlock (flex) {mo} at (0,40) size 7x10
    RenderBlock (anonymous) at (0,0) size 7x10
      RenderText {mo} at (0,-4) size 7x22
        text run at (0,-4) width 7: "\x{239F}"
layer at (282,332) size 7x10 scrollHeight 18
  RenderMathMLBlock (flex) {mo} at (0,50) size 7x10
    RenderBlock (anonymous) at (0,0) size 7x10
      RenderText {mo} at (0,-4) size 7x22
        text run at (0,-4) width 7: "\x{239F}"
layer at (282,342) size 7x10 scrollHeight 18
  RenderMathMLBlock (flex) {mo} at (0,60) size 7x10
    RenderBlock (anonymous) at (0,0) size 7x10
      RenderText {mo} at (0,-4) size 7x22
        text run at (0,-4) width 7: "\x{239F}"
layer at (282,352) size 7x10 scrollHeight 18
  RenderMathMLBlock (flex) {mo} at (0,70) size 7x10
    RenderBlock (anonymous) at (0,0) size 7x10
      RenderText {mo} at (0,-4) size 7x22
        text run at (0,-4) width 7: "\x{239F}"
layer at (282,362) size 7x10 scrollHeight 18
  RenderMathMLBlock (flex) {mo} at (0,80) size 7x10
    RenderBlock (anonymous) at (0,0) size 7x10
      RenderText {mo} at (0,-4) size 7x22
        text run at (0,-4) width 7: "\x{239F}"
layer at (282,372) size 7x10 scrollHeight 18
  RenderMathMLBlock (flex) {mo} at (0,90) size 7x10
    RenderBlock (anonymous) at (0,0) size 7x10
      RenderText {mo} at (0,-4) size 7x22
        text run at (0,-4) width 7: "\x{239F}"
layer at (282,382) size 7x10 scrollHeight 18
  RenderMathMLBlock (flex) {mo} at (0,100) size 7x10
    RenderBlock (anonymous) at (0,0) size 7x10
      RenderText {mo} at (0,-4) size 7x22
        text run at (0,-4) width 7: "\x{239F}"
layer at (282,392) size 7x10 scrollHeight 18
  RenderMathMLBlock (flex) {mo} at (0,110) size 7x10
    RenderBlock (anonymous) at (0,0) size 7x10
      RenderText {mo} at (0,-4) size 7x22
        text run at (0,-4) width 7: "\x{239F}"
layer at (282,402) size 7x10 scrollHeight 18
  RenderMathMLBlock (flex) {mo} at (0,120) size 7x10
    RenderBlock (anonymous) at (0,0) size 7x10
      RenderText {mo} at (0,-4) size 7x22
        text run at (0,-4) width 7: "\x{239F}"
layer at (282,412) size 7x4 scrollHeight 18
  RenderMathMLBlock (flex) {mo} at (0,130) size 7x4
    RenderBlock (anonymous) at (0,0) size 7x4
      RenderText {mo} at (0,-4) size 7x22
        text run at (0,-4) width 7: "\x{239F}"
layer at (282,416) size 7x15 scrollHeight 18
  RenderMathMLBlock (flex) {mo} at (0,134) size 7x15
    RenderBlock (anonymous) at (0,0) size 7x15
layer at (296,282) size 7x6 scrollHeight 14
  RenderMathMLBlock (flex) {mo} at (0,0) size 7x6
    RenderBlock (anonymous) at (0,0) size 7x6
layer at (296,288) size 7x6 scrollHeight 13
  RenderMathMLBlock (flex) {mo} at (0,6) size 7x6
    RenderBlock (anonymous) at (0,0) size 7x6
      RenderText {mo} at (0,-9) size 7x22
        text run at (0,-9) width 7: "\x{23D0}"
layer at (296,294) size 7x6 scrollHeight 13
  RenderMathMLBlock (flex) {mo} at (0,12) size 7x6
    RenderBlock (anonymous) at (0,0) size 7x6
      RenderText {mo} at (0,-9) size 7x22
        text run at (0,-9) width 7: "\x{23D0}"
layer at (296,300) size 7x6 scrollHeight 13
  RenderMathMLBlock (flex) {mo} at (0,18) size 7x6
    RenderBlock (anonymous) at (0,0) size 7x6
      RenderText {mo} at (0,-9) size 7x22
        text run at (0,-9) width 7: "\x{23D0}"
layer at (296,306) size 7x6 scrollHeight 13
  RenderMathMLBlock (flex) {mo} at (0,24) size 7x6
    RenderBlock (anonymous) at (0,0) size 7x6
      RenderText {mo} at (0,-9) size 7x22
        text run at (0,-9) width 7: "\x{23D0}"
layer at (296,312) size 7x6 scrollHeight 13
  RenderMathMLBlock (flex) {mo} at (0,30) size 7x6
    RenderBlock (anonymous) at (0,0) size 7x6
      RenderText {mo} at (0,-9) size 7x22
        text run at (0,-9) width 7: "\x{23D0}"
layer at (296,318) size 7x6 scrollHeight 13
  RenderMathMLBlock (flex) {mo} at (0,36) size 7x6
    RenderBlock (anonymous) at (0,0) size 7x6
      RenderText {mo} at (0,-9) size 7x22
        text run at (0,-9) width 7: "\x{23D0}"
layer at (296,324) size 7x6 scrollHeight 13
  RenderMathMLBlock (flex) {mo} at (0,42) size 7x6
    RenderBlock (anonymous) at (0,0) size 7x6
      RenderText {mo} at (0,-9) size 7x22
        text run at (0,-9) width 7: "\x{23D0}"
layer at (296,330) size 7x6 scrollHeight 13
  RenderMathMLBlock (flex) {mo} at (0,48) size 7x6
    RenderBlock (anonymous) at (0,0) size 7x6
      RenderText {mo} at (0,-9) size 7x22
        text run at (0,-9) width 7: "\x{23D0}"
layer at (296,336) size 7x6 scrollHeight 13
  RenderMathMLBlock (flex) {mo} at (0,54) size 7x6
    RenderBlock (anonymous) at (0,0) size 7x6
      RenderText {mo} at (0,-9) size 7x22
        text run at (0,-9) width 7: "\x{23D0}"
layer at (296,342) size 7x6 scrollHeight 13
  RenderMathMLBlock (flex) {mo} at (0,60) size 7x6
    RenderBlock (anonymous) at (0,0) size 7x6
      RenderText {mo} at (0,-9) size 7x22
        text run at (0,-9) width 7: "\x{23D0}"
layer at (296,348) size 7x6 scrollHeight 13
  RenderMathMLBlock (flex) {mo} at (0,66) size 7x6
    RenderBlock (anonymous) at (0,0) size 7x6
      RenderText {mo} at (0,-9) size 7x22
        text run at (0,-9) width 7: "\x{23D0}"
layer at (296,354) size 7x6 scrollHeight 13
  RenderMathMLBlock (flex) {mo} at (0,72) size 7x6
    RenderBlock (anonymous) at (0,0) size 7x6
      RenderText {mo} at (0,-9) size 7x22
        text run at (0,-9) width 7: "\x{23D0}"
layer at (296,360) size 7x6 scrollHeight 13
  RenderMathMLBlock (flex) {mo} at (0,78) size 7x6
    RenderBlock (anonymous) at (0,0) size 7x6
      RenderText {mo} at (0,-9) size 7x22
        text run at (0,-9) width 7: "\x{23D0}"
layer at (296,366) size 7x6 scrollHeight 13
  RenderMathMLBlock (flex) {mo} at (0,84) size 7x6
    RenderBlock (anonymous) at (0,0) size 7x6
      RenderText {mo} at (0,-9) size 7x22
        text run at (0,-9) width 7: "\x{23D0}"
layer at (296,372) size 7x6 scrollHeight 13
  RenderMathMLBlock (flex) {mo} at (0,90) size 7x6
    RenderBlock (anonymous) at (0,0) size 7x6
      RenderText {mo} at (0,-9) size 7x22
        text run at (0,-9) width 7: "\x{23D0}"
layer at (296,378) size 7x6 scrollHeight 13
  RenderMathMLBlock (flex) {mo} at (0,96) size 7x6
    RenderBlock (anonymous) at (0,0) size 7x6
      RenderText {mo} at (0,-9) size 7x22
        text run at (0,-9) width 7: "\x{23D0}"
layer at (296,384) size 7x6 scrollHeight 13
  RenderMathMLBlock (flex) {mo} at (0,102) size 7x6
    RenderBlock (anonymous) at (0,0) size 7x6
      RenderText {mo} at (0,-9) size 7x22
        text run at (0,-9) width 7: "\x{23D0}"
layer at (296,390) size 7x6 scrollHeight 13
  RenderMathMLBlock (flex) {mo} at (0,108) size 7x6
    RenderBlock (anonymous) at (0,0) size 7x6
      RenderText {mo} at (0,-9) size 7x22
        text run at (0,-9) width 7: "\x{23D0}"
layer at (296,396) size 7x6 scrollHeight 13
  RenderMathMLBlock (flex) {mo} at (0,114) size 7x6
    RenderBlock (anonymous) at (0,0) size 7x6
      RenderText {mo} at (0,-9) size 7x22
        text run at (0,-9) width 7: "\x{23D0}"
layer at (296,402) size 7x6 scrollHeight 13
  RenderMathMLBlock (flex) {mo} at (0,120) size 7x6
    RenderBlock (anonymous) at (0,0) size 7x6
      RenderText {mo} at (0,-9) size 7x22
        text run at (0,-9) width 7: "\x{23D0}"
layer at (296,408) size 7x6 scrollHeight 13
  RenderMathMLBlock (flex) {mo} at (0,126) size 7x6
    RenderBlock (anonymous) at (0,0) size 7x6
      RenderText {mo} at (0,-9) size 7x22
        text run at (0,-9) width 7: "\x{23D0}"
layer at (296,414) size 7x6 scrollHeight 13
  RenderMathMLBlock (flex) {mo} at (0,132) size 7x6
    RenderBlock (anonymous) at (0,0) size 7x6
      RenderText {mo} at (0,-9) size 7x22
        text run at (0,-9) width 7: "\x{23D0}"
layer at (296,420) size 7x7 scrollHeight 13
  RenderMathMLBlock (flex) {mo} at (0,138) size 7x7
    RenderBlock (anonymous) at (0,0) size 7x7
layer at (359,282) size 7x6 scrollHeight 14
  RenderMathMLBlock (flex) {mo} at (0,0) size 7x6
    RenderBlock (anonymous) at (0,0) size 7x6
layer at (359,288) size 7x6 scrollHeight 13
  RenderMathMLBlock (flex) {mo} at (0,6) size 7x6
    RenderBlock (anonymous) at (0,0) size 7x6
      RenderText {mo} at (0,-9) size 7x22
        text run at (0,-9) width 7: "\x{23D0}"
layer at (359,294) size 7x6 scrollHeight 13
  RenderMathMLBlock (flex) {mo} at (0,12) size 7x6
    RenderBlock (anonymous) at (0,0) size 7x6
      RenderText {mo} at (0,-9) size 7x22
        text run at (0,-9) width 7: "\x{23D0}"
layer at (359,300) size 7x6 scrollHeight 13
  RenderMathMLBlock (flex) {mo} at (0,18) size 7x6
    RenderBlock (anonymous) at (0,0) size 7x6
      RenderText {mo} at (0,-9) size 7x22
        text run at (0,-9) width 7: "\x{23D0}"
layer at (359,306) size 7x6 scrollHeight 13
  RenderMathMLBlock (flex) {mo} at (0,24) size 7x6
    RenderBlock (anonymous) at (0,0) size 7x6
      RenderText {mo} at (0,-9) size 7x22
        text run at (0,-9) width 7: "\x{23D0}"
layer at (359,312) size 7x6 scrollHeight 13
  RenderMathMLBlock (flex) {mo} at (0,30) size 7x6
    RenderBlock (anonymous) at (0,0) size 7x6
      RenderText {mo} at (0,-9) size 7x22
        text run at (0,-9) width 7: "\x{23D0}"
layer at (359,318) size 7x6 scrollHeight 13
  RenderMathMLBlock (flex) {mo} at (0,36) size 7x6
    RenderBlock (anonymous) at (0,0) size 7x6
      RenderText {mo} at (0,-9) size 7x22
        text run at (0,-9) width 7: "\x{23D0}"
layer at (359,324) size 7x6 scrollHeight 13
  RenderMathMLBlock (flex) {mo} at (0,42) size 7x6
    RenderBlock (anonymous) at (0,0) size 7x6
      RenderText {mo} at (0,-9) size 7x22
        text run at (0,-9) width 7: "\x{23D0}"
layer at (359,330) size 7x6 scrollHeight 13
  RenderMathMLBlock (flex) {mo} at (0,48) size 7x6
    RenderBlock (anonymous) at (0,0) size 7x6
      RenderText {mo} at (0,-9) size 7x22
        text run at (0,-9) width 7: "\x{23D0}"
layer at (359,336) size 7x6 scrollHeight 13
  RenderMathMLBlock (flex) {mo} at (0,54) size 7x6
    RenderBlock (anonymous) at (0,0) size 7x6
      RenderText {mo} at (0,-9) size 7x22
        text run at (0,-9) width 7: "\x{23D0}"
layer at (359,342) size 7x6 scrollHeight 13
  RenderMathMLBlock (flex) {mo} at (0,60) size 7x6
    RenderBlock (anonymous) at (0,0) size 7x6
      RenderText {mo} at (0,-9) size 7x22
        text run at (0,-9) width 7: "\x{23D0}"
layer at (359,348) size 7x6 scrollHeight 13
  RenderMathMLBlock (flex) {mo} at (0,66) size 7x6
    RenderBlock (anonymous) at (0,0) size 7x6
      RenderText {mo} at (0,-9) size 7x22
        text run at (0,-9) width 7: "\x{23D0}"
layer at (359,354) size 7x6 scrollHeight 13
  RenderMathMLBlock (flex) {mo} at (0,72) size 7x6
    RenderBlock (anonymous) at (0,0) size 7x6
      RenderText {mo} at (0,-9) size 7x22
        text run at (0,-9) width 7: "\x{23D0}"
layer at (359,360) size 7x6 scrollHeight 13
  RenderMathMLBlock (flex) {mo} at (0,78) size 7x6
    RenderBlock (anonymous) at (0,0) size 7x6
      RenderText {mo} at (0,-9) size 7x22
        text run at (0,-9) width 7: "\x{23D0}"
layer at (359,366) size 7x6 scrollHeight 13
  RenderMathMLBlock (flex) {mo} at (0,84) size 7x6
    RenderBlock (anonymous) at (0,0) size 7x6
      RenderText {mo} at (0,-9) size 7x22
        text run at (0,-9) width 7: "\x{23D0}"
layer at (359,372) size 7x6 scrollHeight 13
  RenderMathMLBlock (flex) {mo} at (0,90) size 7x6
    RenderBlock (anonymous) at (0,0) size 7x6
      RenderText {mo} at (0,-9) size 7x22
        text run at (0,-9) width 7: "\x{23D0}"
layer at (359,378) size 7x6 scrollHeight 13
  RenderMathMLBlock (flex) {mo} at (0,96) size 7x6
    RenderBlock (anonymous) at (0,0) size 7x6
      RenderText {mo} at (0,-9) size 7x22
        text run at (0,-9) width 7: "\x{23D0}"
layer at (359,384) size 7x6 scrollHeight 13
  RenderMathMLBlock (flex) {mo} at (0,102) size 7x6
    RenderBlock (anonymous) at (0,0) size 7x6
      RenderText {mo} at (0,-9) size 7x22
        text run at (0,-9) width 7: "\x{23D0}"
layer at (359,390) size 7x6 scrollHeight 13
  RenderMathMLBlock (flex) {mo} at (0,108) size 7x6
    RenderBlock (anonymous) at (0,0) size 7x6
      RenderText {mo} at (0,-9) size 7x22
        text run at (0,-9) width 7: "\x{23D0}"
layer at (359,396) size 7x6 scrollHeight 13
  RenderMathMLBlock (flex) {mo} at (0,114) size 7x6
    RenderBlock (anonymous) at (0,0) size 7x6
      RenderText {mo} at (0,-9) size 7x22
        text run at (0,-9) width 7: "\x{23D0}"
layer at (359,402) size 7x6 scrollHeight 13
  RenderMathMLBlock (flex) {mo} at (0,120) size 7x6
    RenderBlock (anonymous) at (0,0) size 7x6
      RenderText {mo} at (0,-9) size 7x22
        text run at (0,-9) width 7: "\x{23D0}"
layer at (359,408) size 7x6 scrollHeight 13
  RenderMathMLBlock (flex) {mo} at (0,126) size 7x6
    RenderBlock (anonymous) at (0,0) size 7x6
      RenderText {mo} at (0,-9) size 7x22
        text run at (0,-9) width 7: "\x{23D0}"
layer at (359,414) size 7x6 scrollHeight 13
  RenderMathMLBlock (flex) {mo} at (0,132) size 7x6
    RenderBlock (anonymous) at (0,0) size 7x6
      RenderText {mo} at (0,-9) size 7x22
        text run at (0,-9) width 7: "\x{23D0}"
layer at (359,420) size 7x7 scrollHeight 13
  RenderMathMLBlock (flex) {mo} at (0,138) size 7x7
    RenderBlock (anonymous) at (0,0) size 7x7
layer at (373,282) size 8x10 scrollHeight 20
  RenderMathMLBlock (flex) {mo} at (0,0) size 8x10
    RenderBlock (anonymous) at (0,0) size 8x10
layer at (373,292) size 8x10 scrollHeight 18
  RenderMathMLBlock (flex) {mo} at (0,10) size 8x10
    RenderBlock (anonymous) at (0,0) size 7x10
      RenderText {mo} at (0,-4) size 7x22
        text run at (0,-4) width 7: "\x{23AE}"
layer at (373,302) size 8x10 scrollHeight 18
  RenderMathMLBlock (flex) {mo} at (0,20) size 8x10
    RenderBlock (anonymous) at (0,0) size 7x10
      RenderText {mo} at (0,-4) size 7x22
        text run at (0,-4) width 7: "\x{23AE}"
layer at (373,312) size 8x10 scrollHeight 18
  RenderMathMLBlock (flex) {mo} at (0,30) size 8x10
    RenderBlock (anonymous) at (0,0) size 7x10
      RenderText {mo} at (0,-4) size 7x22
        text run at (0,-4) width 7: "\x{23AE}"
layer at (373,322) size 8x10 scrollHeight 18
  RenderMathMLBlock (flex) {mo} at (0,40) size 8x10
    RenderBlock (anonymous) at (0,0) size 7x10
      RenderText {mo} at (0,-4) size 7x22
        text run at (0,-4) width 7: "\x{23AE}"
layer at (373,332) size 8x10 scrollHeight 18
  RenderMathMLBlock (flex) {mo} at (0,50) size 8x10
    RenderBlock (anonymous) at (0,0) size 7x10
      RenderText {mo} at (0,-4) size 7x22
        text run at (0,-4) width 7: "\x{23AE}"
layer at (373,342) size 8x10 scrollHeight 18
  RenderMathMLBlock (flex) {mo} at (0,60) size 8x10
    RenderBlock (anonymous) at (0,0) size 7x10
      RenderText {mo} at (0,-4) size 7x22
        text run at (0,-4) width 7: "\x{23AE}"
layer at (373,352) size 8x10 scrollHeight 18
  RenderMathMLBlock (flex) {mo} at (0,70) size 8x10
    RenderBlock (anonymous) at (0,0) size 7x10
      RenderText {mo} at (0,-4) size 7x22
        text run at (0,-4) width 7: "\x{23AE}"
layer at (373,362) size 8x10 scrollHeight 18
  RenderMathMLBlock (flex) {mo} at (0,80) size 8x10
    RenderBlock (anonymous) at (0,0) size 7x10
      RenderText {mo} at (0,-4) size 7x22
        text run at (0,-4) width 7: "\x{23AE}"
layer at (373,372) size 8x10 scrollHeight 18
  RenderMathMLBlock (flex) {mo} at (0,90) size 8x10
    RenderBlock (anonymous) at (0,0) size 7x10
      RenderText {mo} at (0,-4) size 7x22
        text run at (0,-4) width 7: "\x{23AE}"
layer at (373,382) size 8x10 scrollHeight 18
  RenderMathMLBlock (flex) {mo} at (0,100) size 8x10
    RenderBlock (anonymous) at (0,0) size 7x10
      RenderText {mo} at (0,-4) size 7x22
        text run at (0,-4) width 7: "\x{23AE}"
layer at (373,392) size 8x10 scrollHeight 18
  RenderMathMLBlock (flex) {mo} at (0,110) size 8x10
    RenderBlock (anonymous) at (0,0) size 7x10
      RenderText {mo} at (0,-4) size 7x22
        text run at (0,-4) width 7: "\x{23AE}"
layer at (373,402) size 8x10 scrollHeight 18
  RenderMathMLBlock (flex) {mo} at (0,120) size 8x10
    RenderBlock (anonymous) at (0,0) size 7x10
      RenderText {mo} at (0,-4) size 7x22
        text run at (0,-4) width 7: "\x{23AE}"
layer at (373,412) size 8x4 scrollHeight 18
  RenderMathMLBlock (flex) {mo} at (0,130) size 8x4
    RenderBlock (anonymous) at (0,0) size 7x4
      RenderText {mo} at (0,-4) size 7x22
        text run at (0,-4) width 7: "\x{23AE}"
layer at (373,416) size 8x17 scrollHeight 19
  RenderMathMLBlock (flex) {mo} at (0,134) size 8x17
    RenderBlock (anonymous) at (0,0) size 8x17
layer at (49,449) size 7x10 scrollHeight 19
  RenderMathMLBlock (flex) {mo} at (0,0) size 7x10
    RenderBlock (anonymous) at (0,0) size 7x10
layer at (49,459) size 7x10 scrollHeight 18
  RenderMathMLBlock (flex) {mo} at (0,10) size 7x10
    RenderBlock (anonymous) at (0,0) size 7x10
      RenderText {mo} at (0,-4) size 7x22
        text run at (0,-4) width 7: "\x{239C}"
layer at (49,469) size 7x10 scrollHeight 18
  RenderMathMLBlock (flex) {mo} at (0,20) size 7x10
    RenderBlock (anonymous) at (0,0) size 7x10
      RenderText {mo} at (0,-4) size 7x22
        text run at (0,-4) width 7: "\x{239C}"
layer at (49,479) size 7x8 scrollHeight 18
  RenderMathMLBlock (flex) {mo} at (0,30) size 7x8
    RenderBlock (anonymous) at (0,0) size 7x8
      RenderText {mo} at (0,-4) size 7x22
        text run at (0,-4) width 7: "\x{239C}"
layer at (49,487) size 7x15 scrollHeight 18
  RenderMathMLBlock (flex) {mo} at (0,38) size 7x15
    RenderBlock (anonymous) at (0,0) size 7x15
layer at (199,449) size 7x10 scrollHeight 19
  RenderMathMLBlock (flex) {mo} at (0,0) size 7x10
    RenderBlock (anonymous) at (0,0) size 7x10
layer at (199,459) size 7x10 scrollHeight 18
  RenderMathMLBlock (flex) {mo} at (0,10) size 7x10
    RenderBlock (anonymous) at (0,0) size 7x10
      RenderText {mo} at (0,-4) size 7x22
        text run at (0,-4) width 7: "\x{239F}"
layer at (199,469) size 7x10 scrollHeight 18
  RenderMathMLBlock (flex) {mo} at (0,20) size 7x10
    RenderBlock (anonymous) at (0,0) size 7x10
      RenderText {mo} at (0,-4) size 7x22
        text run at (0,-4) width 7: "\x{239F}"
layer at (199,479) size 7x8 scrollHeight 18
  RenderMathMLBlock (flex) {mo} at (0,30) size 7x8
    RenderBlock (anonymous) at (0,0) size 7x8
      RenderText {mo} at (0,-4) size 7x22
        text run at (0,-4) width 7: "\x{239F}"
layer at (199,487) size 7x15 scrollHeight 18
  RenderMathMLBlock (flex) {mo} at (0,38) size 7x15
    RenderBlock (anonymous) at (0,0) size 7x15
layer at (49,91) size 11x15 backgroundClip at (49,90) size 11x9 clip at (49,90) size 11x9 outlineClip at (49,90) size 11x9
  RenderBlock (relative positioned) {mo} at (0,0) size 11x15
    RenderText {mo} at (0,-4) size 11x22
      text run at (0,-4) width 11: "\x{23A7}"
layer at (49,98) size 11x15 backgroundClip at (49,99) size 11x10 clip at (49,99) size 11x10 outlineClip at (49,99) size 11x10
  RenderBlock (relative positioned) {mo} at (0,0) size 11x15
    RenderText {mo} at (0,-4) size 11x22
      text run at (0,-4) width 11: "\x{23A8}"
layer at (49,106) size 11x15 backgroundClip at (49,109) size 11x15 clip at (49,109) size 11x15 outlineClip at (49,109) size 11x15
  RenderBlock (relative positioned) {mo} at (0,0) size 11x15
    RenderText {mo} at (0,-4) size 11x22
      text run at (0,-4) width 11: "\x{23A9}"
layer at (92,91) size 11x15 backgroundClip at (92,90) size 11x9 clip at (92,90) size 11x9 outlineClip at (92,90) size 11x9
  RenderBlock (relative positioned) {mo} at (0,0) size 11x15
    RenderText {mo} at (0,-4) size 11x22
      text run at (0,-4) width 11: "\x{23AB}"
layer at (92,98) size 11x15 backgroundClip at (92,99) size 11x10 clip at (92,99) size 11x10 outlineClip at (92,99) size 11x10
  RenderBlock (relative positioned) {mo} at (0,0) size 11x15
    RenderText {mo} at (0,-4) size 11x22
      text run at (0,-4) width 11: "\x{23AC}"
layer at (92,106) size 11x15 backgroundClip at (92,109) size 11x15 clip at (92,109) size 11x15 outlineClip at (92,109) size 11x15
  RenderBlock (relative positioned) {mo} at (0,0) size 11x15
    RenderText {mo} at (0,-4) size 11x22
      text run at (0,-4) width 11: "\x{23AD}"
layer at (110,91) size 7x15 backgroundClip at (110,90) size 7x10 clip at (110,90) size 7x10 outlineClip at (110,90) size 7x10
  RenderBlock (relative positioned) {mo} at (0,0) size 7x15
    RenderText {mo} at (0,-4) size 7x22
      text run at (0,-4) width 7: "\x{23A1}"
layer at (110,105) size 7x15 backgroundClip at (110,108) size 7x15 clip at (110,108) size 7x15 outlineClip at (110,108) size 7x15
  RenderBlock (relative positioned) {mo} at (0,0) size 7x15
    RenderText {mo} at (0,-4) size 7x22
      text run at (0,-4) width 7: "\x{23A3}"
layer at (149,91) size 7x15 backgroundClip at (149,90) size 7x10 clip at (149,90) size 7x10 outlineClip at (149,90) size 7x10
  RenderBlock (relative positioned) {mo} at (0,0) size 7x15
    RenderText {mo} at (0,-4) size 7x22
      text run at (0,-4) width 7: "\x{23A4}"
layer at (149,105) size 7x15 backgroundClip at (149,108) size 7x15 clip at (149,108) size 7x15 outlineClip at (149,108) size 7x15
  RenderBlock (relative positioned) {mo} at (0,0) size 7x15
    RenderText {mo} at (0,-4) size 7x22
      text run at (0,-4) width 7: "\x{23A6}"
layer at (163,91) size 7x15 backgroundClip at (163,90) size 7x10 clip at (163,90) size 7x10 outlineClip at (163,90) size 7x10
  RenderBlock (relative positioned) {mo} at (0,0) size 7x15
    RenderText {mo} at (0,-4) size 7x22
      text run at (0,-4) width 7: "\x{239B}"
layer at (163,105) size 7x15 backgroundClip at (163,108) size 7x15 clip at (163,108) size 7x15 outlineClip at (163,108) size 7x15
  RenderBlock (relative positioned) {mo} at (0,0) size 7x15
    RenderText {mo} at (0,-4) size 7x22
      text run at (0,-4) width 7: "\x{239D}"
layer at (202,91) size 7x15 backgroundClip at (202,90) size 7x10 clip at (202,90) size 7x10 outlineClip at (202,90) size 7x10
  RenderBlock (relative positioned) {mo} at (0,0) size 7x15
    RenderText {mo} at (0,-4) size 7x22
      text run at (0,-4) width 7: "\x{239E}"
layer at (202,105) size 7x15 backgroundClip at (202,108) size 7x15 clip at (202,108) size 7x15 outlineClip at (202,108) size 7x15
  RenderBlock (relative positioned) {mo} at (0,0) size 7x15
    RenderText {mo} at (0,-4) size 7x22
      text run at (0,-4) width 7: "\x{23A0}"
layer at (216,91) size 7x7 backgroundClip at (216,90) size 7x6 clip at (216,90) size 7x6 outlineClip at (216,90) size 7x6
  RenderBlock (relative positioned) {mo} at (0,0) size 7x7
    RenderText {mo} at (0,-9) size 7x22
      text run at (0,-9) width 7: "\x{23D0}"
layer at (216,109) size 7x7 backgroundClip at (216,112) size 7x7 clip at (216,112) size 7x7 outlineClip at (216,112) size 7x7
  RenderBlock (relative positioned) {mo} at (0,0) size 7x7
    RenderText {mo} at (0,-9) size 7x22
      text run at (0,-9) width 7: "\x{23D0}"
layer at (255,91) size 7x7 backgroundClip at (255,90) size 7x6 clip at (255,90) size 7x6 outlineClip at (255,90) size 7x6
  RenderBlock (relative positioned) {mo} at (0,0) size 7x7
    RenderText {mo} at (0,-9) size 7x22
      text run at (0,-9) width 7: "\x{23D0}"
layer at (255,109) size 7x7 backgroundClip at (255,112) size 7x7 clip at (255,112) size 7x7 outlineClip at (255,112) size 7x7
  RenderBlock (relative positioned) {mo} at (0,0) size 7x7
    RenderText {mo} at (0,-9) size 7x22
      text run at (0,-9) width 7: "\x{23D0}"
layer at (269,91) size 8x17 backgroundClip at (269,90) size 8x10 clip at (269,90) size 8x10 outlineClip at (269,90) size 8x10
  RenderBlock (relative positioned) {mo} at (0,0) size 8x17
    RenderText {mo} at (0,-3) size 8x22
      text run at (0,-3) width 8: "\x{2320}"
layer at (269,105) size 8x17 backgroundClip at (269,108) size 8x17 clip at (269,108) size 8x17 outlineClip at (269,108) size 8x17
  RenderBlock (relative positioned) {mo} at (0,0) size 8x17
    RenderText {mo} at (0,-3) size 8x22
      text run at (0,-3) width 8: "\x{2321}"
layer at (49,142) size 11x15 backgroundClip at (49,141) size 11x10 clip at (49,141) size 11x10 outlineClip at (49,141) size 11x10
  RenderBlock (relative positioned) {mo} at (0,0) size 11x15
    RenderText {mo} at (0,-4) size 11x22
      text run at (0,-4) width 11: "\x{23A7}"
layer at (49,154) size 11x15 backgroundClip at (49,155) size 11x10 clip at (49,155) size 11x10 outlineClip at (49,155) size 11x10
  RenderBlock (relative positioned) {mo} at (0,0) size 11x15
    RenderText {mo} at (0,-4) size 11x22
      text run at (0,-4) width 11: "\x{23A8}"
layer at (49,166) size 11x15 backgroundClip at (49,169) size 11x15 clip at (49,169) size 11x15 outlineClip at (49,169) size 11x15
  RenderBlock (relative positioned) {mo} at (0,0) size 11x15
    RenderText {mo} at (0,-4) size 11x22
      text run at (0,-4) width 11: "\x{23A9}"
layer at (100,142) size 11x15 backgroundClip at (100,141) size 11x10 clip at (100,141) size 11x10 outlineClip at (100,141) size 11x10
  RenderBlock (relative positioned) {mo} at (0,0) size 11x15
    RenderText {mo} at (0,-4) size 11x22
      text run at (0,-4) width 11: "\x{23AB}"
layer at (100,154) size 11x15 backgroundClip at (100,155) size 11x10 clip at (100,155) size 11x10 outlineClip at (100,155) size 11x10
  RenderBlock (relative positioned) {mo} at (0,0) size 11x15
    RenderText {mo} at (0,-4) size 11x22
      text run at (0,-4) width 11: "\x{23AC}"
layer at (100,166) size 11x15 backgroundClip at (100,169) size 11x15 clip at (100,169) size 11x15 outlineClip at (100,169) size 11x15
  RenderBlock (relative positioned) {mo} at (0,0) size 11x15
    RenderText {mo} at (0,-4) size 11x22
      text run at (0,-4) width 11: "\x{23AD}"
layer at (118,142) size 7x15 backgroundClip at (118,141) size 7x10 clip at (118,141) size 7x10 outlineClip at (118,141) size 7x10
  RenderBlock (relative positioned) {mo} at (0,0) size 7x15
    RenderText {mo} at (0,-4) size 7x22
      text run at (0,-4) width 7: "\x{23A1}"
layer at (118,166) size 7x15 backgroundClip at (118,169) size 7x15 clip at (118,169) size 7x15 outlineClip at (118,169) size 7x15
  RenderBlock (relative positioned) {mo} at (0,0) size 7x15
    RenderText {mo} at (0,-4) size 7x22
      text run at (0,-4) width 7: "\x{23A3}"
layer at (165,142) size 7x15 backgroundClip at (165,141) size 7x10 clip at (165,141) size 7x10 outlineClip at (165,141) size 7x10
  RenderBlock (relative positioned) {mo} at (0,0) size 7x15
    RenderText {mo} at (0,-4) size 7x22
      text run at (0,-4) width 7: "\x{23A4}"
layer at (165,166) size 7x15 backgroundClip at (165,169) size 7x15 clip at (165,169) size 7x15 outlineClip at (165,169) size 7x15
  RenderBlock (relative positioned) {mo} at (0,0) size 7x15
    RenderText {mo} at (0,-4) size 7x22
      text run at (0,-4) width 7: "\x{23A6}"
layer at (179,142) size 7x15 backgroundClip at (179,141) size 7x10 clip at (179,141) size 7x10 outlineClip at (179,141) size 7x10
  RenderBlock (relative positioned) {mo} at (0,0) size 7x15
    RenderText {mo} at (0,-4) size 7x22
      text run at (0,-4) width 7: "\x{239B}"
layer at (179,166) size 7x15 backgroundClip at (179,169) size 7x15 clip at (179,169) size 7x15 outlineClip at (179,169) size 7x15
  RenderBlock (relative positioned) {mo} at (0,0) size 7x15
    RenderText {mo} at (0,-4) size 7x22
      text run at (0,-4) width 7: "\x{239D}"
layer at (226,142) size 7x15 backgroundClip at (226,141) size 7x10 clip at (226,141) size 7x10 outlineClip at (226,141) size 7x10
  RenderBlock (relative positioned) {mo} at (0,0) size 7x15
    RenderText {mo} at (0,-4) size 7x22
      text run at (0,-4) width 7: "\x{239E}"
layer at (226,166) size 7x15 backgroundClip at (226,169) size 7x15 clip at (226,169) size 7x15 outlineClip at (226,169) size 7x15
  RenderBlock (relative positioned) {mo} at (0,0) size 7x15
    RenderText {mo} at (0,-4) size 7x22
      text run at (0,-4) width 7: "\x{23A0}"
layer at (240,142) size 7x7 backgroundClip at (240,141) size 7x6 clip at (240,141) size 7x6 outlineClip at (240,141) size 7x6
  RenderBlock (relative positioned) {mo} at (0,0) size 7x7
    RenderText {mo} at (0,-9) size 7x22
      text run at (0,-9) width 7: "\x{23D0}"
layer at (240,170) size 7x7 backgroundClip at (240,173) size 7x7 clip at (240,173) size 7x7 outlineClip at (240,173) size 7x7
  RenderBlock (relative positioned) {mo} at (0,0) size 7x7
    RenderText {mo} at (0,-9) size 7x22
      text run at (0,-9) width 7: "\x{23D0}"
layer at (287,142) size 7x7 backgroundClip at (287,141) size 7x6 clip at (287,141) size 7x6 outlineClip at (287,141) size 7x6
  RenderBlock (relative positioned) {mo} at (0,0) size 7x7
    RenderText {mo} at (0,-9) size 7x22
      text run at (0,-9) width 7: "\x{23D0}"
layer at (287,170) size 7x7 backgroundClip at (287,173) size 7x7 clip at (287,173) size 7x7 outlineClip at (287,173) size 7x7
  RenderBlock (relative positioned) {mo} at (0,0) size 7x7
    RenderText {mo} at (0,-9) size 7x22
      text run at (0,-9) width 7: "\x{23D0}"
layer at (301,142) size 8x17 backgroundClip at (301,141) size 8x10 clip at (301,141) size 8x10 outlineClip at (301,141) size 8x10
  RenderBlock (relative positioned) {mo} at (0,0) size 8x17
    RenderText {mo} at (0,-3) size 8x22
      text run at (0,-3) width 8: "\x{2320}"
layer at (301,166) size 8x17 backgroundClip at (301,169) size 8x17 clip at (301,169) size 8x17 outlineClip at (301,169) size 8x17
  RenderBlock (relative positioned) {mo} at (0,0) size 8x17
    RenderText {mo} at (0,-3) size 8x22
      text run at (0,-3) width 8: "\x{2321}"
layer at (49,203) size 11x15 backgroundClip at (49,202) size 11x10 clip at (49,202) size 11x10 outlineClip at (49,202) size 11x10
  RenderBlock (relative positioned) {mo} at (0,0) size 11x15
    RenderText {mo} at (0,-4) size 11x22
      text run at (0,-4) width 11: "\x{23A7}"
layer at (49,224) size 11x15 backgroundClip at (49,225) size 11x10 clip at (49,225) size 11x10 outlineClip at (49,225) size 11x10
  RenderBlock (relative positioned) {mo} at (0,0) size 11x15
    RenderText {mo} at (0,-4) size 11x22
      text run at (0,-4) width 11: "\x{23A8}"
layer at (49,246) size 11x15 backgroundClip at (49,249) size 11x15 clip at (49,249) size 11x15 outlineClip at (49,249) size 11x15
  RenderBlock (relative positioned) {mo} at (0,0) size 11x15
    RenderText {mo} at (0,-4) size 11x22
      text run at (0,-4) width 11: "\x{23A9}"
layer at (116,203) size 11x15 backgroundClip at (116,202) size 11x10 clip at (116,202) size 11x10 outlineClip at (116,202) size 11x10
  RenderBlock (relative positioned) {mo} at (0,0) size 11x15
    RenderText {mo} at (0,-4) size 11x22
      text run at (0,-4) width 11: "\x{23AB}"
layer at (116,224) size 11x15 backgroundClip at (116,225) size 11x10 clip at (116,225) size 11x10 outlineClip at (116,225) size 11x10
  RenderBlock (relative positioned) {mo} at (0,0) size 11x15
    RenderText {mo} at (0,-4) size 11x22
      text run at (0,-4) width 11: "\x{23AC}"
layer at (116,246) size 11x15 backgroundClip at (116,249) size 11x15 clip at (116,249) size 11x15 outlineClip at (116,249) size 11x15
  RenderBlock (relative positioned) {mo} at (0,0) size 11x15
    RenderText {mo} at (0,-4) size 11x22
      text run at (0,-4) width 11: "\x{23AD}"
layer at (134,203) size 7x15 backgroundClip at (134,202) size 7x10 clip at (134,202) size 7x10 outlineClip at (134,202) size 7x10
  RenderBlock (relative positioned) {mo} at (0,0) size 7x15
    RenderText {mo} at (0,-4) size 7x22
      text run at (0,-4) width 7: "\x{23A1}"
layer at (134,246) size 7x15 backgroundClip at (134,249) size 7x15 clip at (134,249) size 7x15 outlineClip at (134,249) size 7x15
  RenderBlock (relative positioned) {mo} at (0,0) size 7x15
    RenderText {mo} at (0,-4) size 7x22
      text run at (0,-4) width 7: "\x{23A3}"
layer at (197,203) size 7x15 backgroundClip at (197,202) size 7x10 clip at (197,202) size 7x10 outlineClip at (197,202) size 7x10
  RenderBlock (relative positioned) {mo} at (0,0) size 7x15
    RenderText {mo} at (0,-4) size 7x22
      text run at (0,-4) width 7: "\x{23A4}"
layer at (197,246) size 7x15 backgroundClip at (197,249) size 7x15 clip at (197,249) size 7x15 outlineClip at (197,249) size 7x15
  RenderBlock (relative positioned) {mo} at (0,0) size 7x15
    RenderText {mo} at (0,-4) size 7x22
      text run at (0,-4) width 7: "\x{23A6}"
layer at (211,203) size 7x15 backgroundClip at (211,202) size 7x10 clip at (211,202) size 7x10 outlineClip at (211,202) size 7x10
  RenderBlock (relative positioned) {mo} at (0,0) size 7x15
    RenderText {mo} at (0,-4) size 7x22
      text run at (0,-4) width 7: "\x{239B}"
layer at (211,246) size 7x15 backgroundClip at (211,249) size 7x15 clip at (211,249) size 7x15 outlineClip at (211,249) size 7x15
  RenderBlock (relative positioned) {mo} at (0,0) size 7x15
    RenderText {mo} at (0,-4) size 7x22
      text run at (0,-4) width 7: "\x{239D}"
layer at (274,203) size 7x15 backgroundClip at (274,202) size 7x10 clip at (274,202) size 7x10 outlineClip at (274,202) size 7x10
  RenderBlock (relative positioned) {mo} at (0,0) size 7x15
    RenderText {mo} at (0,-4) size 7x22
      text run at (0,-4) width 7: "\x{239E}"
layer at (274,246) size 7x15 backgroundClip at (274,249) size 7x15 clip at (274,249) size 7x15 outlineClip at (274,249) size 7x15
  RenderBlock (relative positioned) {mo} at (0,0) size 7x15
    RenderText {mo} at (0,-4) size 7x22
      text run at (0,-4) width 7: "\x{23A0}"
layer at (288,203) size 7x7 backgroundClip at (288,202) size 7x6 clip at (288,202) size 7x6 outlineClip at (288,202) size 7x6
  RenderBlock (relative positioned) {mo} at (0,0) size 7x7
    RenderText {mo} at (0,-9) size 7x22
      text run at (0,-9) width 7: "\x{23D0}"
layer at (288,250) size 7x7 backgroundClip at (288,253) size 7x7 clip at (288,253) size 7x7 outlineClip at (288,253) size 7x7
  RenderBlock (relative positioned) {mo} at (0,0) size 7x7
    RenderText {mo} at (0,-9) size 7x22
      text run at (0,-9) width 7: "\x{23D0}"
layer at (351,203) size 7x7 backgroundClip at (351,202) size 7x6 clip at (351,202) size 7x6 outlineClip at (351,202) size 7x6
  RenderBlock (relative positioned) {mo} at (0,0) size 7x7
    RenderText {mo} at (0,-9) size 7x22
      text run at (0,-9) width 7: "\x{23D0}"
layer at (351,250) size 7x7 backgroundClip at (351,253) size 7x7 clip at (351,253) size 7x7 outlineClip at (351,253) size 7x7
  RenderBlock (relative positioned) {mo} at (0,0) size 7x7
    RenderText {mo} at (0,-9) size 7x22
      text run at (0,-9) width 7: "\x{23D0}"
layer at (365,203) size 8x17 backgroundClip at (365,202) size 8x10 clip at (365,202) size 8x10 outlineClip at (365,202) size 8x10
  RenderBlock (relative positioned) {mo} at (0,0) size 8x17
    RenderText {mo} at (0,-3) size 8x22
      text run at (0,-3) width 8: "\x{2320}"
layer at (365,246) size 8x17 backgroundClip at (365,249) size 8x17 clip at (365,249) size 8x17 outlineClip at (365,249) size 8x17
  RenderBlock (relative positioned) {mo} at (0,0) size 8x17
    RenderText {mo} at (0,-3) size 8x22
      text run at (0,-3) width 8: "\x{2321}"
layer at (57,283) size 11x15 backgroundClip at (57,282) size 11x10 clip at (57,282) size 11x10 outlineClip at (57,282) size 11x10
  RenderBlock (relative positioned) {mo} at (0,0) size 11x15
    RenderText {mo} at (0,-4) size 11x22
      text run at (0,-4) width 11: "\x{23A7}"
layer at (57,348) size 11x15 backgroundClip at (57,349) size 11x10 clip at (57,349) size 11x10 outlineClip at (57,349) size 11x10
  RenderBlock (relative positioned) {mo} at (0,0) size 11x15
    RenderText {mo} at (0,-4) size 11x22
      text run at (0,-4) width 11: "\x{23A8}"
layer at (57,413) size 11x15 backgroundClip at (57,416) size 11x15 clip at (57,416) size 11x15 outlineClip at (57,416) size 11x15
  RenderBlock (relative positioned) {mo} at (0,0) size 11x15
    RenderText {mo} at (0,-4) size 11x22
      text run at (0,-4) width 11: "\x{23A9}"
layer at (124,283) size 11x15 backgroundClip at (124,282) size 11x10 clip at (124,282) size 11x10 outlineClip at (124,282) size 11x10
  RenderBlock (relative positioned) {mo} at (0,0) size 11x15
    RenderText {mo} at (0,-4) size 11x22
      text run at (0,-4) width 11: "\x{23AB}"
layer at (124,348) size 11x15 backgroundClip at (124,349) size 11x10 clip at (124,349) size 11x10 outlineClip at (124,349) size 11x10
  RenderBlock (relative positioned) {mo} at (0,0) size 11x15
    RenderText {mo} at (0,-4) size 11x22
      text run at (0,-4) width 11: "\x{23AC}"
layer at (124,413) size 11x15 backgroundClip at (124,416) size 11x15 clip at (124,416) size 11x15 outlineClip at (124,416) size 11x15
  RenderBlock (relative positioned) {mo} at (0,0) size 11x15
    RenderText {mo} at (0,-4) size 11x22
      text run at (0,-4) width 11: "\x{23AD}"
layer at (142,283) size 7x15 backgroundClip at (142,282) size 7x10 clip at (142,282) size 7x10 outlineClip at (142,282) size 7x10
  RenderBlock (relative positioned) {mo} at (0,0) size 7x15
    RenderText {mo} at (0,-4) size 7x22
      text run at (0,-4) width 7: "\x{23A1}"
layer at (142,413) size 7x15 backgroundClip at (142,416) size 7x15 clip at (142,416) size 7x15 outlineClip at (142,416) size 7x15
  RenderBlock (relative positioned) {mo} at (0,0) size 7x15
    RenderText {mo} at (0,-4) size 7x22
      text run at (0,-4) width 7: "\x{23A3}"
layer at (205,283) size 7x15 backgroundClip at (205,282) size 7x10 clip at (205,282) size 7x10 outlineClip at (205,282) size 7x10
  RenderBlock (relative positioned) {mo} at (0,0) size 7x15
    RenderText {mo} at (0,-4) size 7x22
      text run at (0,-4) width 7: "\x{23A4}"
layer at (205,413) size 7x15 backgroundClip at (205,416) size 7x15 clip at (205,416) size 7x15 outlineClip at (205,416) size 7x15
  RenderBlock (relative positioned) {mo} at (0,0) size 7x15
    RenderText {mo} at (0,-4) size 7x22
      text run at (0,-4) width 7: "\x{23A6}"
layer at (219,283) size 7x15 backgroundClip at (219,282) size 7x10 clip at (219,282) size 7x10 outlineClip at (219,282) size 7x10
  RenderBlock (relative positioned) {mo} at (0,0) size 7x15
    RenderText {mo} at (0,-4) size 7x22
      text run at (0,-4) width 7: "\x{239B}"
layer at (219,413) size 7x15 backgroundClip at (219,416) size 7x15 clip at (219,416) size 7x15 outlineClip at (219,416) size 7x15
  RenderBlock (relative positioned) {mo} at (0,0) size 7x15
    RenderText {mo} at (0,-4) size 7x22
      text run at (0,-4) width 7: "\x{239D}"
layer at (282,283) size 7x15 backgroundClip at (282,282) size 7x10 clip at (282,282) size 7x10 outlineClip at (282,282) size 7x10
  RenderBlock (relative positioned) {mo} at (0,0) size 7x15
    RenderText {mo} at (0,-4) size 7x22
      text run at (0,-4) width 7: "\x{239E}"
layer at (282,413) size 7x15 backgroundClip at (282,416) size 7x15 clip at (282,416) size 7x15 outlineClip at (282,416) size 7x15
  RenderBlock (relative positioned) {mo} at (0,0) size 7x15
    RenderText {mo} at (0,-4) size 7x22
      text run at (0,-4) width 7: "\x{23A0}"
layer at (296,283) size 7x7 backgroundClip at (296,282) size 7x6 clip at (296,282) size 7x6 outlineClip at (296,282) size 7x6
  RenderBlock (relative positioned) {mo} at (0,0) size 7x7
    RenderText {mo} at (0,-9) size 7x22
      text run at (0,-9) width 7: "\x{23D0}"
layer at (296,417) size 7x7 backgroundClip at (296,420) size 7x7 clip at (296,420) size 7x7 outlineClip at (296,420) size 7x7
  RenderBlock (relative positioned) {mo} at (0,0) size 7x7
    RenderText {mo} at (0,-9) size 7x22
      text run at (0,-9) width 7: "\x{23D0}"
layer at (359,283) size 7x7 backgroundClip at (359,282) size 7x6 clip at (359,282) size 7x6 outlineClip at (359,282) size 7x6
  RenderBlock (relative positioned) {mo} at (0,0) size 7x7
    RenderText {mo} at (0,-9) size 7x22
      text run at (0,-9) width 7: "\x{23D0}"
layer at (359,417) size 7x7 backgroundClip at (359,420) size 7x7 clip at (359,420) size 7x7 outlineClip at (359,420) size 7x7
  RenderBlock (relative positioned) {mo} at (0,0) size 7x7
    RenderText {mo} at (0,-9) size 7x22
      text run at (0,-9) width 7: "\x{23D0}"
layer at (373,283) size 8x17 backgroundClip at (373,282) size 8x10 clip at (373,282) size 8x10 outlineClip at (373,282) size 8x10
  RenderBlock (relative positioned) {mo} at (0,0) size 8x17
    RenderText {mo} at (0,-3) size 8x22
      text run at (0,-3) width 8: "\x{2320}"
layer at (373,413) size 8x17 backgroundClip at (373,416) size 8x17 clip at (373,416) size 8x17 outlineClip at (373,416) size 8x17
  RenderBlock (relative positioned) {mo} at (0,0) size 8x17
    RenderText {mo} at (0,-3) size 8x22
      text run at (0,-3) width 8: "\x{2321}"
layer at (49,450) size 7x15 backgroundClip at (49,449) size 7x10 clip at (49,449) size 7x10 outlineClip at (49,449) size 7x10
  RenderBlock (relative positioned) {mo} at (0,0) size 7x15
    RenderText {mo} at (0,-4) size 7x22
      text run at (0,-4) width 7: "\x{239B}"
layer at (49,484) size 7x15 backgroundClip at (49,487) size 7x15 clip at (49,487) size 7x15 outlineClip at (49,487) size 7x15
  RenderBlock (relative positioned) {mo} at (0,0) size 7x15
    RenderText {mo} at (0,-4) size 7x22
      text run at (0,-4) width 7: "\x{239D}"
layer at (199,450) size 7x15 backgroundClip at (199,449) size 7x10 clip at (199,449) size 7x10 outlineClip at (199,449) size 7x10
  RenderBlock (relative positioned) {mo} at (0,0) size 7x15
    RenderText {mo} at (0,-4) size 7x22
      text run at (0,-4) width 7: "\x{239E}"
layer at (199,484) size 7x15 backgroundClip at (199,487) size 7x15 clip at (199,487) size 7x15 outlineClip at (199,487) size 7x15
  RenderBlock (relative positioned) {mo} at (0,0) size 7x15
    RenderText {mo} at (0,-4) size 7x22
      text run at (0,-4) width 7: "\x{23A0}"
