layer at (0,0) size 800x600
  RenderView at (0,0) size 800x600
layer at (0,0) size 800x576
  RenderBlock {html} at (0,0) size 800x576
    RenderBody {body} at (8,19) size 784x541
      RenderBlock {div} at (0,0) size 784x65
        RenderBlock {h2} at (0,0) size 784x28
          RenderText {#text} at (0,0) size 129x28
            text run at (0,0) width 129: "Normal flow"
        RenderBlock {p} at (0,47) size 784x18
          RenderText {#text} at (0,0) size 154x19
            text run at (0,0) width 154: "I am a paragraph of text "
          RenderMathMLMath {math} at (154,4) size 35x12 [padding: 0 1 0 1]
            RenderBlock {mi} at (1,3) size 8x9
              RenderText {#text} at (0,-9) size 7x25
                text run at (0,-9) width 7: "x"
            RenderMathMLOperator {mo} at (12,2) size 11x10
              RenderMathMLBlock (flex) {mo} at (0,0) size 11x10
                RenderBlock (anonymous) at (0,0) size 11x10
                  RenderText {mo} at (0,-8) size 11x25
                    text run at (0,-8) width 11: "+"
            RenderBlock {mn} at (26,0) size 8x12
              RenderText {#text} at (0,-6) size 8x25
                text run at (0,-6) width 8: "1"
          RenderText {#text} at (189,0) size 110x19
            text run at (189,0) width 110: " with math inline."
      RenderBlock {div} at (0,84) size 784x145
        RenderBlock {h2} at (0,0) size 784x28
          RenderText {#text} at (0,0) size 203x28
            text run at (0,0) width 203: "Fraction Alignment"
        RenderBlock {p} at (0,47) size 784x31
          RenderText {#text} at (0,5) size 27x19
            text run at (0,5) width 27: "text "
          RenderMathMLMath {math} at (27,0) size 37x31 [padding: 0 1 0 1]
            RenderMathMLFraction {mfrac} at (2,0) size 33x31
              RenderMathMLBlock (anonymous, flex) at (0,0) size 33x15
                RenderMathMLRow {mrow} at (0,0) size 33x12
                  RenderBlock {mi} at (0,3) size 8x9
                    RenderText {#text} at (0,-9) size 7x25
                      text run at (0,-9) width 7: "x"
                  RenderMathMLOperator {mo} at (11,2) size 11x10
                    RenderMathMLBlock (flex) {mo} at (0,0) size 11x10
                      RenderBlock (anonymous) at (0,0) size 11x10
                        RenderText {mo} at (0,-8) size 11x25
                          text run at (0,-8) width 11: "+"
                  RenderBlock {mn} at (25,0) size 8x12
                    RenderText {#text} at (0,-6) size 8x25
                      text run at (0,-6) width 8: "1"
              RenderMathMLBlock (anonymous, flex) at (0,15) size 33x16 [padding: 1 0 0 0]
                RenderBlock {mn} at (12,4) size 8x12
                  RenderText {#text} at (0,-6) size 8x25
                    text run at (0,-6) width 8: "2"
          RenderText {#text} at (0,0) size 0x0
        RenderBlock {p} at (0,94) size 784x51
          RenderText {#text} at (0,15) size 27x19
            text run at (0,15) width 27: "text "
          RenderMathMLMath {math} at (27,0) size 82x51 [padding: 0 1 0 1]
            RenderBlock {mi} at (1,22) size 8x9
              RenderText {#text} at (0,-9) size 7x25
                text run at (0,-9) width 7: "x"
            RenderMathMLOperator {mo} at (12,21) size 11x10
              RenderMathMLBlock (flex) {mo} at (0,0) size 11x10
                RenderBlock (anonymous) at (0,0) size 11x10
                  RenderText {mo} at (0,-8) size 11x25
                    text run at (0,-8) width 11: "+"
            RenderMathMLFraction {mfrac} at (27,0) size 53x51 [bgcolor=#FFFF00] [padding: 10 10 10 10]
              RenderMathMLBlock (anonymous, flex) at (10,10) size 33x15
                RenderMathMLRow {mrow} at (0,0) size 33x12
                  RenderBlock {mi} at (0,3) size 8x9
                    RenderText {#text} at (0,-9) size 7x25
                      text run at (0,-9) width 7: "x"
                  RenderMathMLOperator {mo} at (11,2) size 11x10
                    RenderMathMLBlock (flex) {mo} at (0,0) size 11x10
                      RenderBlock (anonymous) at (0,0) size 11x10
                        RenderText {mo} at (0,-8) size 11x25
                          text run at (0,-8) width 11: "+"
                  RenderBlock {mn} at (25,0) size 8x12
                    RenderText {#text} at (0,-6) size 8x25
                      text run at (0,-6) width 8: "1"
              RenderMathMLBlock (anonymous, flex) at (10,25) size 33x16 [padding: 1 0 0 0]
                RenderBlock {mn} at (12,4) size 8x12
                  RenderText {#text} at (0,-6) size 8x25
                    text run at (0,-6) width 8: "2"
          RenderText {#text} at (0,0) size 0x0
      RenderBlock {div} at (0,248) size 784x293
        RenderBlock {h2} at (0,0) size 784x28
          RenderText {#text} at (0,0) size 210x28
            text run at (0,0) width 210: "Operator Stretching"
        RenderBlock {p} at (0,47) size 784x42
          RenderText {#text} at (0,6) size 27x19
            text run at (0,6) width 27: "text "
          RenderMathMLMath {math} at (27,0) size 80x42 [padding: 0 1 0 1]
            RenderMathMLOperator {mo} at (2,0) size 7x42
            RenderBlock {mi} at (10,13) size 8x9
              RenderText {#text} at (0,-9) size 7x25
                text run at (0,-9) width 7: "x"
            RenderMathMLOperator {mo} at (21,12) size 11x10
              RenderMathMLBlock (flex) {mo} at (0,0) size 11x10
                RenderBlock (anonymous) at (0,0) size 11x10
                  RenderText {mo} at (0,-8) size 11x25
                    text run at (0,-8) width 11: "+"
            RenderMathMLFraction {mfrac} at (36,1) size 33x31
              RenderMathMLBlock (anonymous, flex) at (0,0) size 33x15
                RenderMathMLRow {mrow} at (0,0) size 33x12
                  RenderBlock {mi} at (0,3) size 8x9
                    RenderText {#text} at (0,-9) size 7x25
                      text run at (0,-9) width 7: "x"
                  RenderMathMLOperator {mo} at (11,2) size 11x10
                    RenderMathMLBlock (flex) {mo} at (0,0) size 11x10
                      RenderBlock (anonymous) at (0,0) size 11x10
                        RenderText {mo} at (0,-8) size 11x25
                          text run at (0,-8) width 11: "+"
                  RenderBlock {mn} at (25,0) size 8x12
                    RenderText {#text} at (0,-6) size 8x25
                      text run at (0,-6) width 8: "1"
              RenderMathMLBlock (anonymous, flex) at (0,15) size 33x16 [padding: 1 0 0 0]
                RenderBlock {mn} at (12,4) size 8x12
                  RenderText {#text} at (0,-6) size 8x25
                    text run at (0,-6) width 8: "2"
            RenderMathMLOperator {mo} at (71,0) size 7x42
          RenderText {#text} at (0,0) size 0x0
        RenderBlock {p} at (0,105) size 784x87
          RenderText {#text} at (0,32) size 27x19
            text run at (0,32) width 27: "text "
          RenderMathMLMath {math} at (27,0) size 108x87 [padding: 0 1 0 1]
            RenderBlock {mi} at (1,39) size 8x12
              RenderText {#text} at (0,-9) size 7x25
                text run at (0,-9) width 7: "y"
            RenderMathMLOperator {mo} at (12,0) size 7x87
            RenderMathMLUnderOver {munder} at (22,36) size 14x22
              RenderBlock {mi} at (0,0) size 14x15
                RenderText {#text} at (0,-6) size 13x25
                  text run at (0,-6) width 13: "\x{220F}"
              RenderBlock {mi} at (4,15) size 6x7
                RenderText {#text} at (0,-7) size 5x19
                  text run at (0,-7) width 5: "x"
            RenderMathMLFraction {mfrac} at (37,8) size 60x69
              RenderMathMLBlock (anonymous, flex) at (0,0) size 60x34
                RenderMathMLRow {mrow} at (0,0) size 60x31
                  RenderBlock {mi} at (0,12) size 8x9
                    RenderText {#text} at (0,-9) size 7x25
                      text run at (0,-9) width 7: "x"
                  RenderMathMLOperator {mo} at (11,11) size 11x10
                    RenderMathMLBlock (flex) {mo} at (0,0) size 11x10
                      RenderBlock (anonymous) at (0,0) size 11x10
                        RenderText {mo} at (0,-8) size 11x25
                          text run at (0,-8) width 11: "+"
                  RenderMathMLFraction {mfrac} at (26,0) size 33x31
                    RenderMathMLBlock (anonymous, flex) at (0,0) size 33x15
                      RenderMathMLRow {mrow} at (0,0) size 33x12
                        RenderBlock {mi} at (0,3) size 8x9
                          RenderText {#text} at (0,-9) size 7x25
                            text run at (0,-9) width 7: "x"
                        RenderMathMLOperator {mo} at (11,2) size 11x10
                          RenderMathMLBlock (flex) {mo} at (0,0) size 11x10
                            RenderBlock (anonymous) at (0,0) size 11x10
                              RenderText {mo} at (0,-8) size 11x25
                                text run at (0,-8) width 11: "+"
                        RenderBlock {mn} at (25,0) size 8x12
                          RenderText {#text} at (0,-6) size 8x25
                            text run at (0,-6) width 8: "1"
                    RenderMathMLBlock (anonymous, flex) at (0,15) size 33x16 [padding: 1 0 0 0]
                      RenderBlock {mn} at (12,4) size 8x12
                        RenderText {#text} at (0,-6) size 8x25
                          text run at (0,-6) width 8: "2"
              RenderMathMLBlock (anonymous, flex) at (0,34) size 60x35 [padding: 1 0 0 0]
                RenderMathMLRow {mrow} at (0,4) size 60x31
                  RenderBlock {mi} at (0,12) size 8x9
                    RenderText {#text} at (0,-9) size 7x25
                      text run at (0,-9) width 7: "x"
                  RenderMathMLOperator {mo} at (11,11) size 11x10
                    RenderMathMLBlock (flex) {mo} at (0,0) size 11x10
                      RenderBlock (anonymous) at (0,0) size 11x10
                        RenderText {mo} at (0,-8) size 11x25
                          text run at (0,-8) width 11: "+"
                  RenderMathMLFraction {mfrac} at (26,0) size 33x31
                    RenderMathMLBlock (anonymous, flex) at (0,0) size 33x15
                      RenderMathMLRow {mrow} at (0,0) size 33x12
                        RenderBlock {mi} at (0,3) size 8x9
                          RenderText {#text} at (0,-9) size 7x25
                            text run at (0,-9) width 7: "x"
                        RenderMathMLOperator {mo} at (11,2) size 11x10
                          RenderMathMLBlock (flex) {mo} at (0,0) size 11x10
                            RenderBlock (anonymous) at (0,0) size 11x10
                              RenderText {mo} at (0,-8) size 11x25
                                text run at (0,-8) width 11: "+"
                        RenderBlock {mn} at (25,0) size 8x12
                          RenderText {#text} at (0,-6) size 8x25
                            text run at (0,-6) width 8: "1"
                    RenderMathMLBlock (anonymous, flex) at (0,15) size 33x16 [padding: 1 0 0 0]
                      RenderBlock {mn} at (12,4) size 8x12
                        RenderText {#text} at (0,-6) size 8x25
                          text run at (0,-6) width 8: "2"
            RenderMathMLOperator {mo} at (99,0) size 7x87
          RenderText {#text} at (0,0) size 0x0
        RenderBlock {p} at (0,208) size 784x85
          RenderText {#text} at (0,31) size 27x19
            text run at (0,31) width 27: "text "
          RenderMathMLMath {math} at (27,0) size 104x85 [padding: 0 1 0 1]
            RenderMathMLOperator {mo} at (2,0) size 7x85
            RenderMathMLTable {mtable} at (10,9) size 84x67
              RenderTableSection (anonymous) at (0,0) size 84x67
                RenderTableRow {mtr} at (0,0) size 84x21
                  RenderTableCell {mtd} at (0,0) size 28x21 [r=0 c=0 rs=1 cs=1]
                    RenderMathMLSubSup {msub} at (4,4) size 20x13
                      RenderMathMLBlock (anonymous, flex) at (0,0) size 8x13 [padding: 0 0 4 0]
                        RenderBlock {mi} at (0,0) size 8x9
                          RenderText {#text} at (0,-9) size 8x25
                            text run at (0,-9) width 8: "a"
                      RenderMathMLBlock (anonymous, flex) at (8,0) size 12x13
                        RenderBlock {mn} at (0,3) size 12x10
                          RenderText {#text} at (0,-4) size 12x19
                            text run at (0,-4) width 12: "11"
                  RenderTableCell {mtd} at (28,0) size 28x21 [r=0 c=1 rs=1 cs=1]
                    RenderMathMLSubSup {msub} at (4,4) size 20x13
                      RenderMathMLBlock (anonymous, flex) at (0,0) size 8x13 [padding: 0 0 4 0]
                        RenderBlock {mi} at (0,0) size 8x9
                          RenderText {#text} at (0,-9) size 8x25
                            text run at (0,-9) width 8: "a"
                      RenderMathMLBlock (anonymous, flex) at (8,0) size 12x13
                        RenderBlock {mn} at (0,3) size 12x10
                          RenderText {#text} at (0,-4) size 12x19
                            text run at (0,-4) width 12: "12"
                  RenderTableCell {mtd} at (56,0) size 28x21 [r=0 c=2 rs=1 cs=1]
                    RenderMathMLSubSup {msub} at (4,4) size 20x13
                      RenderMathMLBlock (anonymous, flex) at (0,0) size 8x13 [padding: 0 0 4 0]
                        RenderBlock {mi} at (0,0) size 8x9
                          RenderText {#text} at (0,-9) size 8x25
                            text run at (0,-9) width 8: "a"
                      RenderMathMLBlock (anonymous, flex) at (8,0) size 12x13
                        RenderBlock {mn} at (0,3) size 12x10
                          RenderText {#text} at (0,-4) size 12x19
                            text run at (0,-4) width 12: "13"
                RenderTableRow {mtr} at (0,21) size 84x25
                  RenderTableCell {mtd} at (0,21) size 28x25 [r=1 c=0 rs=1 cs=1]
                    RenderMathMLSubSup {msub} at (4,4) size 20x17
                      RenderMathMLBlock (anonymous, flex) at (0,0) size 8x17 [padding: 0 0 5 0]
                        RenderBlock {mi} at (0,0) size 8x12
                          RenderText {#text} at (0,-6) size 8x25
                            text run at (0,-6) width 8: "b"
                      RenderMathMLBlock (anonymous, flex) at (8,0) size 12x17
                        RenderBlock {mn} at (0,7) size 12x10
                          RenderText {#text} at (0,-4) size 12x19
                            text run at (0,-4) width 12: "21"
                  RenderTableCell {mtd} at (28,21) size 28x25 [r=1 c=1 rs=1 cs=1]
                    RenderMathMLSubSup {msub} at (4,4) size 20x17
                      RenderMathMLBlock (anonymous, flex) at (0,0) size 8x17 [padding: 0 0 5 0]
                        RenderBlock {mi} at (0,0) size 8x12
                          RenderText {#text} at (0,-6) size 8x25
                            text run at (0,-6) width 8: "b"
                      RenderMathMLBlock (anonymous, flex) at (8,0) size 12x17
                        RenderBlock {mn} at (0,7) size 12x10
                          RenderText {#text} at (0,-4) size 12x19
                            text run at (0,-4) width 12: "22"
                  RenderTableCell {mtd} at (56,21) size 28x25 [r=1 c=2 rs=1 cs=1]
                    RenderMathMLSubSup {msub} at (4,4) size 20x17
                      RenderMathMLBlock (anonymous, flex) at (0,0) size 8x17 [padding: 0 0 5 0]
                        RenderBlock {mi} at (0,0) size 8x12
                          RenderText {#text} at (0,-6) size 8x25
                            text run at (0,-6) width 8: "b"
                      RenderMathMLBlock (anonymous, flex) at (8,0) size 12x17
                        RenderBlock {mn} at (0,7) size 12x10
                          RenderText {#text} at (0,-4) size 12x19
                            text run at (0,-4) width 12: "23"
                RenderTableRow {mtr} at (0,46) size 84x21
                  RenderTableCell {mtd} at (0,46) size 28x21 [r=2 c=0 rs=1 cs=1]
                    RenderMathMLSubSup {msub} at (5,4) size 19x13
                      RenderMathMLBlock (anonymous, flex) at (0,0) size 7x13 [padding: 0 0 4 0]
                        RenderBlock {mi} at (0,0) size 7x9
                          RenderText {#text} at (0,-9) size 7x25
                            text run at (0,-9) width 7: "c"
                      RenderMathMLBlock (anonymous, flex) at (7,0) size 12x13
                        RenderBlock {mn} at (0,3) size 12x10
                          RenderText {#text} at (0,-4) size 12x19
                            text run at (0,-4) width 12: "31"
                  RenderTableCell {mtd} at (28,46) size 28x21 [r=2 c=1 rs=1 cs=1]
                    RenderMathMLSubSup {msub} at (5,4) size 19x13
                      RenderMathMLBlock (anonymous, flex) at (0,0) size 7x13 [padding: 0 0 4 0]
                        RenderBlock {mi} at (0,0) size 7x9
                          RenderText {#text} at (0,-9) size 7x25
                            text run at (0,-9) width 7: "c"
                      RenderMathMLBlock (anonymous, flex) at (7,0) size 12x13
                        RenderBlock {mn} at (0,3) size 12x10
                          RenderText {#text} at (0,-4) size 12x19
                            text run at (0,-4) width 12: "32"
                  RenderTableCell {mtd} at (56,46) size 28x21 [r=2 c=2 rs=1 cs=1]
                    RenderMathMLSubSup {msub} at (5,4) size 19x13
                      RenderMathMLBlock (anonymous, flex) at (0,0) size 7x13 [padding: 0 0 4 0]
                        RenderBlock {mi} at (0,0) size 7x9
                          RenderText {#text} at (0,-9) size 7x25
                            text run at (0,-9) width 7: "c"
                      RenderMathMLBlock (anonymous, flex) at (7,0) size 12x13
                        RenderBlock {mn} at (0,3) size 12x10
                          RenderText {#text} at (0,-4) size 12x19
                            text run at (0,-4) width 12: "33"
            RenderMathMLOperator {mo} at (95,0) size 7x85
          RenderText {#text} at (0,0) size 0x0
layer at (37,314) size 7x10 scrollHeight 19
  RenderMathMLBlock (flex) {mo} at (0,0) size 7x10
    RenderBlock (anonymous) at (0,0) size 7x10
layer at (37,324) size 7x10 scrollHeight 18
  RenderMathMLBlock (flex) {mo} at (0,10) size 7x10
    RenderBlock (anonymous) at (0,0) size 7x10
      RenderText {mo} at (0,-4) size 7x22
        text run at (0,-4) width 7: "\x{239C}"
layer at (37,334) size 7x7 scrollHeight 18
  RenderMathMLBlock (flex) {mo} at (0,20) size 7x7
    RenderBlock (anonymous) at (0,0) size 7x7
      RenderText {mo} at (0,-4) size 7x22
        text run at (0,-4) width 7: "\x{239C}"
layer at (37,341) size 7x15 scrollHeight 18
  RenderMathMLBlock (flex) {mo} at (0,27) size 7x15
    RenderBlock (anonymous) at (0,0) size 7x15
layer at (106,314) size 7x10 scrollHeight 19
  RenderMathMLBlock (flex) {mo} at (0,0) size 7x10
    RenderBlock (anonymous) at (0,0) size 7x10
layer at (106,324) size 7x10 scrollHeight 18
  RenderMathMLBlock (flex) {mo} at (0,10) size 7x10
    RenderBlock (anonymous) at (0,0) size 7x10
      RenderText {mo} at (0,-4) size 7x22
        text run at (0,-4) width 7: "\x{239F}"
layer at (106,334) size 7x7 scrollHeight 18
  RenderMathMLBlock (flex) {mo} at (0,20) size 7x7
    RenderBlock (anonymous) at (0,0) size 7x7
      RenderText {mo} at (0,-4) size 7x22
        text run at (0,-4) width 7: "\x{239F}"
layer at (106,341) size 7x15 scrollHeight 18
  RenderMathMLBlock (flex) {mo} at (0,27) size 7x15
    RenderBlock (anonymous) at (0,0) size 7x15
layer at (47,372) size 7x10 scrollHeight 19
  RenderMathMLBlock (flex) {mo} at (0,0) size 7x10
    RenderBlock (anonymous) at (0,0) size 7x10
layer at (47,382) size 7x10 scrollHeight 18
  RenderMathMLBlock (flex) {mo} at (0,10) size 7x10
    RenderBlock (anonymous) at (0,0) size 7x10
      RenderText {mo} at (0,-4) size 7x22
        text run at (0,-4) width 7: "\x{239C}"
layer at (47,392) size 7x10 scrollHeight 18
  RenderMathMLBlock (flex) {mo} at (0,20) size 7x10
    RenderBlock (anonymous) at (0,0) size 7x10
      RenderText {mo} at (0,-4) size 7x22
        text run at (0,-4) width 7: "\x{239C}"
layer at (47,402) size 7x10 scrollHeight 18
  RenderMathMLBlock (flex) {mo} at (0,30) size 7x10
    RenderBlock (anonymous) at (0,0) size 7x10
      RenderText {mo} at (0,-4) size 7x22
        text run at (0,-4) width 7: "\x{239C}"
layer at (47,412) size 7x10 scrollHeight 18
  RenderMathMLBlock (flex) {mo} at (0,40) size 7x10
    RenderBlock (anonymous) at (0,0) size 7x10
      RenderText {mo} at (0,-4) size 7x22
        text run at (0,-4) width 7: "\x{239C}"
layer at (47,422) size 7x10 scrollHeight 18
  RenderMathMLBlock (flex) {mo} at (0,50) size 7x10
    RenderBlock (anonymous) at (0,0) size 7x10
      RenderText {mo} at (0,-4) size 7x22
        text run at (0,-4) width 7: "\x{239C}"
layer at (47,432) size 7x10 scrollHeight 18
  RenderMathMLBlock (flex) {mo} at (0,60) size 7x10
    RenderBlock (anonymous) at (0,0) size 7x10
      RenderText {mo} at (0,-4) size 7x22
        text run at (0,-4) width 7: "\x{239C}"
layer at (47,442) size 7x2 scrollHeight 18
  RenderMathMLBlock (flex) {mo} at (0,70) size 7x2
    RenderBlock (anonymous) at (0,0) size 7x2
      RenderText {mo} at (0,-4) size 7x22
        text run at (0,-4) width 7: "\x{239C}"
layer at (47,444) size 7x15 scrollHeight 18
  RenderMathMLBlock (flex) {mo} at (0,72) size 7x15
    RenderBlock (anonymous) at (0,0) size 7x15
layer at (134,372) size 7x10 scrollHeight 19
  RenderMathMLBlock (flex) {mo} at (0,0) size 7x10
    RenderBlock (anonymous) at (0,0) size 7x10
layer at (134,382) size 7x10 scrollHeight 18
  RenderMathMLBlock (flex) {mo} at (0,10) size 7x10
    RenderBlock (anonymous) at (0,0) size 7x10
      RenderText {mo} at (0,-4) size 7x22
        text run at (0,-4) width 7: "\x{239F}"
layer at (134,392) size 7x10 scrollHeight 18
  RenderMathMLBlock (flex) {mo} at (0,20) size 7x10
    RenderBlock (anonymous) at (0,0) size 7x10
      RenderText {mo} at (0,-4) size 7x22
        text run at (0,-4) width 7: "\x{239F}"
layer at (134,402) size 7x10 scrollHeight 18
  RenderMathMLBlock (flex) {mo} at (0,30) size 7x10
    RenderBlock (anonymous) at (0,0) size 7x10
      RenderText {mo} at (0,-4) size 7x22
        text run at (0,-4) width 7: "\x{239F}"
layer at (134,412) size 7x10 scrollHeight 18
  RenderMathMLBlock (flex) {mo} at (0,40) size 7x10
    RenderBlock (anonymous) at (0,0) size 7x10
      RenderText {mo} at (0,-4) size 7x22
        text run at (0,-4) width 7: "\x{239F}"
layer at (134,422) size 7x10 scrollHeight 18
  RenderMathMLBlock (flex) {mo} at (0,50) size 7x10
    RenderBlock (anonymous) at (0,0) size 7x10
      RenderText {mo} at (0,-4) size 7x22
        text run at (0,-4) width 7: "\x{239F}"
layer at (134,432) size 7x10 scrollHeight 18
  RenderMathMLBlock (flex) {mo} at (0,60) size 7x10
    RenderBlock (anonymous) at (0,0) size 7x10
      RenderText {mo} at (0,-4) size 7x22
        text run at (0,-4) width 7: "\x{239F}"
layer at (134,442) size 7x2 scrollHeight 18
  RenderMathMLBlock (flex) {mo} at (0,70) size 7x2
    RenderBlock (anonymous) at (0,0) size 7x2
      RenderText {mo} at (0,-4) size 7x22
        text run at (0,-4) width 7: "\x{239F}"
layer at (134,444) size 7x15 scrollHeight 18
  RenderMathMLBlock (flex) {mo} at (0,72) size 7x15
    RenderBlock (anonymous) at (0,0) size 7x15
layer at (37,475) size 7x10 scrollHeight 19
  RenderMathMLBlock (flex) {mo} at (0,0) size 7x10
    RenderBlock (anonymous) at (0,0) size 7x10
layer at (37,485) size 7x10 scrollHeight 18
  RenderMathMLBlock (flex) {mo} at (0,10) size 7x10
    RenderBlock (anonymous) at (0,0) size 7x10
      RenderText {mo} at (0,-4) size 7x22
        text run at (0,-4) width 7: "\x{23A2}"
layer at (37,495) size 7x10 scrollHeight 18
  RenderMathMLBlock (flex) {mo} at (0,20) size 7x10
    RenderBlock (anonymous) at (0,0) size 7x10
      RenderText {mo} at (0,-4) size 7x22
        text run at (0,-4) width 7: "\x{23A2}"
layer at (37,505) size 7x10 scrollHeight 18
  RenderMathMLBlock (flex) {mo} at (0,30) size 7x10
    RenderBlock (anonymous) at (0,0) size 7x10
      RenderText {mo} at (0,-4) size 7x22
        text run at (0,-4) width 7: "\x{23A2}"
layer at (37,515) size 7x10 scrollHeight 18
  RenderMathMLBlock (flex) {mo} at (0,40) size 7x10
    RenderBlock (anonymous) at (0,0) size 7x10
      RenderText {mo} at (0,-4) size 7x22
        text run at (0,-4) width 7: "\x{23A2}"
layer at (37,525) size 7x10 scrollHeight 18
  RenderMathMLBlock (flex) {mo} at (0,50) size 7x10
    RenderBlock (anonymous) at (0,0) size 7x10
      RenderText {mo} at (0,-4) size 7x22
        text run at (0,-4) width 7: "\x{23A2}"
layer at (37,535) size 7x10 scrollHeight 18
  RenderMathMLBlock (flex) {mo} at (0,60) size 7x10
    RenderBlock (anonymous) at (0,0) size 7x10
      RenderText {mo} at (0,-4) size 7x22
        text run at (0,-4) width 7: "\x{23A2}"
layer at (37,545) size 7x15 scrollHeight 18
  RenderMathMLBlock (flex) {mo} at (0,70) size 7x15
    RenderBlock (anonymous) at (0,0) size 7x15
layer at (130,475) size 7x10 scrollHeight 19
  RenderMathMLBlock (flex) {mo} at (0,0) size 7x10
    RenderBlock (anonymous) at (0,0) size 7x10
layer at (130,485) size 7x10 scrollHeight 18
  RenderMathMLBlock (flex) {mo} at (0,10) size 7x10
    RenderBlock (anonymous) at (0,0) size 7x10
      RenderText {mo} at (0,-4) size 7x22
        text run at (0,-4) width 7: "\x{23A5}"
layer at (130,495) size 7x10 scrollHeight 18
  RenderMathMLBlock (flex) {mo} at (0,20) size 7x10
    RenderBlock (anonymous) at (0,0) size 7x10
      RenderText {mo} at (0,-4) size 7x22
        text run at (0,-4) width 7: "\x{23A5}"
layer at (130,505) size 7x10 scrollHeight 18
  RenderMathMLBlock (flex) {mo} at (0,30) size 7x10
    RenderBlock (anonymous) at (0,0) size 7x10
      RenderText {mo} at (0,-4) size 7x22
        text run at (0,-4) width 7: "\x{23A5}"
layer at (130,515) size 7x10 scrollHeight 18
  RenderMathMLBlock (flex) {mo} at (0,40) size 7x10
    RenderBlock (anonymous) at (0,0) size 7x10
      RenderText {mo} at (0,-4) size 7x22
        text run at (0,-4) width 7: "\x{23A5}"
layer at (130,525) size 7x10 scrollHeight 18
  RenderMathMLBlock (flex) {mo} at (0,50) size 7x10
    RenderBlock (anonymous) at (0,0) size 7x10
      RenderText {mo} at (0,-4) size 7x22
        text run at (0,-4) width 7: "\x{23A5}"
layer at (130,535) size 7x10 scrollHeight 18
  RenderMathMLBlock (flex) {mo} at (0,60) size 7x10
    RenderBlock (anonymous) at (0,0) size 7x10
      RenderText {mo} at (0,-4) size 7x22
        text run at (0,-4) width 7: "\x{23A5}"
layer at (130,545) size 7x15 scrollHeight 18
  RenderMathMLBlock (flex) {mo} at (0,70) size 7x15
    RenderBlock (anonymous) at (0,0) size 7x15
layer at (37,315) size 7x15 backgroundClip at (37,314) size 7x10 clip at (37,314) size 7x10 outlineClip at (37,314) size 7x10
  RenderBlock (relative positioned) {mo} at (0,0) size 7x15
    RenderText {mo} at (0,-4) size 7x22
      text run at (0,-4) width 7: "\x{239B}"
layer at (37,338) size 7x15 backgroundClip at (37,341) size 7x15 clip at (37,341) size 7x15 outlineClip at (37,341) size 7x15
  RenderBlock (relative positioned) {mo} at (0,0) size 7x15
    RenderText {mo} at (0,-4) size 7x22
      text run at (0,-4) width 7: "\x{239D}"
layer at (106,315) size 7x15 backgroundClip at (106,314) size 7x10 clip at (106,314) size 7x10 outlineClip at (106,314) size 7x10
  RenderBlock (relative positioned) {mo} at (0,0) size 7x15
    RenderText {mo} at (0,-4) size 7x22
      text run at (0,-4) width 7: "\x{239E}"
layer at (106,338) size 7x15 backgroundClip at (106,341) size 7x15 clip at (106,341) size 7x15 outlineClip at (106,341) size 7x15
  RenderBlock (relative positioned) {mo} at (0,0) size 7x15
    RenderText {mo} at (0,-4) size 7x22
      text run at (0,-4) width 7: "\x{23A0}"
layer at (47,373) size 7x15 backgroundClip at (47,372) size 7x10 clip at (47,372) size 7x10 outlineClip at (47,372) size 7x10
  RenderBlock (relative positioned) {mo} at (0,0) size 7x15
    RenderText {mo} at (0,-4) size 7x22
      text run at (0,-4) width 7: "\x{239B}"
layer at (47,441) size 7x15 backgroundClip at (47,444) size 7x15 clip at (47,444) size 7x15 outlineClip at (47,444) size 7x15
  RenderBlock (relative positioned) {mo} at (0,0) size 7x15
    RenderText {mo} at (0,-4) size 7x22
      text run at (0,-4) width 7: "\x{239D}"
layer at (134,373) size 7x15 backgroundClip at (134,372) size 7x10 clip at (134,372) size 7x10 outlineClip at (134,372) size 7x10
  RenderBlock (relative positioned) {mo} at (0,0) size 7x15
    RenderText {mo} at (0,-4) size 7x22
      text run at (0,-4) width 7: "\x{239E}"
layer at (134,441) size 7x15 backgroundClip at (134,444) size 7x15 clip at (134,444) size 7x15 outlineClip at (134,444) size 7x15
  RenderBlock (relative positioned) {mo} at (0,0) size 7x15
    RenderText {mo} at (0,-4) size 7x22
      text run at (0,-4) width 7: "\x{23A0}"
layer at (37,476) size 7x15 backgroundClip at (37,475) size 7x10 clip at (37,475) size 7x10 outlineClip at (37,475) size 7x10
  RenderBlock (relative positioned) {mo} at (0,0) size 7x15
    RenderText {mo} at (0,-4) size 7x22
      text run at (0,-4) width 7: "\x{23A1}"
layer at (37,542) size 7x15 backgroundClip at (37,545) size 7x15 clip at (37,545) size 7x15 outlineClip at (37,545) size 7x15
  RenderBlock (relative positioned) {mo} at (0,0) size 7x15
    RenderText {mo} at (0,-4) size 7x22
      text run at (0,-4) width 7: "\x{23A3}"
layer at (130,476) size 7x15 backgroundClip at (130,475) size 7x10 clip at (130,475) size 7x10 outlineClip at (130,475) size 7x10
  RenderBlock (relative positioned) {mo} at (0,0) size 7x15
    RenderText {mo} at (0,-4) size 7x22
      text run at (0,-4) width 7: "\x{23A4}"
layer at (130,542) size 7x15 backgroundClip at (130,545) size 7x15 clip at (130,545) size 7x15 outlineClip at (130,545) size 7x15
  RenderBlock (relative positioned) {mo} at (0,0) size 7x15
    RenderText {mo} at (0,-4) size 7x22
      text run at (0,-4) width 7: "\x{23A6}"
