layer at (0,0) size 800x600
  RenderView at (0,0) size 800x600
layer at (0,0) size 800x134
  RenderBlock {html} at (0,0) size 800x134
    RenderBody {body} at (8,16) size 784x102
      RenderBlock {p} at (0,0) size 784x51
        RenderText {#text} at (0,0) size 0x0
      RenderBlock {p} at (0,67) size 784x35
        RenderText {#text} at (0,5) size 332x19
          text run at (0,5) width 332: "Square root, green on yellow, padded and bordered: "
layer at (8,16) size 29x48 clip at (8,16) size 14x48 scrollHeight 53
  RenderMathMLMath {math} at (0,0) size 29x48 [padding: 0 1 0 1]
    RenderInline {mi} at (0,0) size 7x25
      RenderText {#text} at (1,-4) size 7x25
        text run at (1,-4) width 7: "x"
    RenderMathMLOperator {mo} at (1,16) size 12x16 [padding: 0 1 0 0]
      RenderMathMLBlock (inline-block) {mo} at (0,0) size 11x16
        RenderText {mo} at (0,-4) size 11x25
          text run at (0,-4) width 11: "+"
    RenderInline {mn} at (0,0) size 8x25
      RenderText {#text} at (1,28) size 8x25
        text run at (1,28) width 8: "1"
layer at (340,83) size 46x35
  RenderMathMLMath {math} at (332,0) size 46x35 [padding: 0 1 0 1]
    RenderMathMLSquareRoot {msqrt} at (1,0) size 44x35 [color=#008000] [bgcolor=#FFFF00] [border: (1px solid #008000) (2px solid #008000) (3px solid #008000) (4px solid #008000)] [intrinsic + CSS padding: 6 6 9 24]
      RenderMathMLRow (anonymous) at (28,7) size 8x16
        RenderInline {mn} at (0,0) size 8x25
          RenderText {#text} at (0,-4) size 8x25
            text run at (0,-4) width 8: "2"
