layer at (0,0) size 800x600
  RenderView at (0,0) size 800x600
layer at (0,0) size 800x128
  RenderBlock {html} at (0,0) size 800x128
    RenderBody {body} at (8,16) size 784x96
      RenderBlock {p} at (0,0) size 784x21
        RenderText {#text} at (0,0) size 27x19
          text run at (0,0) width 27: "text "
        RenderMathMLMath {math} at (27,2) size 15x19 [padding: 0 1 0 1]
          RenderMathMLSubSup {msub} at (1,0) size 13x19
            RenderMathMLBlock (anonymous, inline-block) at (0,0) size 7x16
              RenderInline {mi} at (0,0) size 7x25
                RenderText {#text} at (0,-4) size 7x25
                  text run at (0,-4) width 7: "x"
            RenderInline {mn} at (0,0) size 6x19
              RenderText {#text} at (7,4) size 6x19
                text run at (7,4) width 6: "1"
        RenderText {#text} at (0,0) size 0x0
      RenderBlock {p} at (0,37) size 784x21
        RenderText {#text} at (0,0) size 27x19
          text run at (0,0) width 27: "text "
        RenderMathMLMath {math} at (27,2) size 18x19 [padding: 0 1 0 1]
          RenderMathMLSubSup {msub} at (1,0) size 16x19
            RenderMathMLBlock (anonymous, inline-block) at (0,0) size 11x16
              RenderMathMLOperator {mo} at (0,0) size 11x16
                RenderMathMLBlock (inline-block) {mo} at (0,0) size 11x16
                  RenderText {mo} at (0,-4) size 11x25
                    text run at (0,-4) width 11: "+"
            RenderInline {mi} at (0,0) size 5x19
              RenderText {#text} at (11,4) size 5x19
                text run at (11,4) width 5: "x"
        RenderText {#text} at (0,0) size 0x0
      RenderBlock {p} at (0,74) size 784x22
        RenderText {#text} at (0,1) size 27x19
          text run at (0,1) width 27: "text "
        RenderMathMLMath {math} at (27,0) size 18x22 [padding: 0 1 0 1]
          RenderMathMLSubSup {msub} at (1,0) size 16x22
            RenderMathMLBlock (anonymous, inline-block) at (0,0) size 9x19
              RenderMathMLOperator {mo} at (0,0) size 9x19
                RenderMathMLBlock (inline-block) {mo} at (0,0) size 9x19
                  RenderText {mo} at (0,-5) size 9x30
                    text run at (0,-5) width 9: "\x{222B}"
            RenderInline {mi} at (0,0) size 7x19
              RenderText {#text} at (9,7) size 7x19
                text run at (9,7) width 7: "Y"
        RenderText {#text} at (0,0) size 0x0
