layer at (0,0) size 800x600
  RenderView at (0,0) size 800x600
layer at (0,0) size 542x600
  RenderBlock {HTML} at (0,0) size 542x600
    RenderBody {BODY} at (16,8) size 362x584
      RenderBlock (floating) {DIV} at (0,0) size 526x350
        RenderBlock {P} at (16,0) size 88x350
          RenderText {#text} at (0,0) size 44x341
            text run at (0,0) width 341: "This test case illustrates incorrect positioning of list"
            text run at (22,0) width 98: "items within a "
          RenderInline {CODE} at (0,0) size 17x100
            RenderText {#text} at (24,98) size 17x100
              text run at (24,98) width 100: "text-align: right"
          RenderText {#text} at (22,198) size 22x77
            text run at (22,198) width 77: " div after a "
          RenderInline {CODE} at (0,0) size 17x56
            RenderText {#text} at (24,275) size 17x56
              text run at (24,275) width 56: "float: left"
          RenderText {#text} at (44,0) size 22x29
            text run at (44,0) width 29: "div. "
          RenderInline {A} at (0,0) size 22x207 [color=#0000EE]
            RenderText {#text} at (44,29) size 22x207
              text run at (44,29) width 207: "Screenshot of correct behavior"
          RenderText {#text} at (44,236) size 22x9
            text run at (44,236) width 9: "; "
          RenderInline {A} at (0,0) size 44x333 [color=#0000EE]
            RenderText {#text} at (44,245) size 44x333
              text run at (44,245) width 88: "screenshot of"
              text run at (66,0) width 41: "Safari"
          RenderText {#text} at (66,41) size 22x4
            text run at (66,41) width 4: "."
        RenderBlock {P} at (120,0) size 66x350
          RenderText {#text} at (0,0) size 44x326
            text run at (0,0) width 326: "This bug only occurs on pages with a standards-"
            text run at (22,0) width 159: "compliant DOCTYPE. "
          RenderInline {A} at (0,0) size 44x349 [color=#0000EE]
            RenderText {#text} at (22,159) size 44x349
              text run at (22,159) width 190: "View this test case without a"
              text run at (44,0) width 80: "DOCTYPE"
          RenderText {#text} at (44,80) size 22x4
            text run at (44,80) width 4: "."
        RenderBlock {OL} at (202,0) size 308x350
          RenderListItem {LI} at (0,40) size 44x310
            RenderListMarker at (0,-21) size 22x16: "1"
            RenderText {#text} at (0,0) size 44x306
              text run at (0,0) width 168: "New larger PowerBook. "
              text run at (0,168) width 138: "Still 1 GHz, but with"
              text run at (22,0) width 161: "a 17-inch screen. $3299."
          RenderListItem {LI} at (44,40) size 44x310
            RenderListMarker at (0,-21) size 22x16: "2"
            RenderText {#text} at (0,0) size 44x272
              text run at (0,0) width 272: "New smaller PowerBook, with a 12-inch"
              text run at (22,0) width 51: "screen. "
              text run at (22,51) width 44: "$1799."
          RenderListItem {LI} at (88,40) size 110x310
            RenderListMarker at (0,-21) size 22x16: "3"
            RenderText {#text} at (0,0) size 22x100
              text run at (0,0) width 100: "New browser: "
            RenderInline {A} at (0,0) size 22x41 [color=#0000EE]
              RenderText {#text} at (0,100) size 22x41
                text run at (0,100) width 41: "Safari"
            RenderText {#text} at (0,141) size 22x74
              text run at (0,141) width 8: ". "
              text run at (0,149) width 66: "Engine is "
            RenderInline {A} at (0,0) size 22x81 [color=#0000EE]
              RenderText {#text} at (0,215) size 22x81
                text run at (0,215) width 81: "open source"
            RenderText {#text} at (22,0) size 22x17
              text run at (22,0) width 17: "(a "
            RenderInline {A} at (0,0) size 22x112 [color=#0000EE]
              RenderText {#text} at (22,17) size 22x112
                text run at (22,17) width 112: "modified version"
            RenderText {#text} at (22,129) size 22x21
              text run at (22,129) width 21: " of "
            RenderInline {A} at (0,0) size 22x61 [color=#0000EE]
              RenderText {#text} at (22,150) size 22x61
                text run at (22,150) width 61: "KHTML"
            RenderText {#text} at (22,211) size 88x301
              text run at (22,211) width 80: "), rest of the"
              text run at (44,0) width 291: "application is free but not open source (just"
              text run at (66,0) width 87: "like the OS). "
              text run at (66,87) width 129: "Only runs on 10.2. "
              text run at (66,216) width 85: "Currently in"
              text run at (88,0) width 79: "public beta."
          RenderListItem {LI} at (198,40) size 44x310
            RenderListMarker at (0,-21) size 22x16: "4"
            RenderText {#text} at (0,0) size 44x281
              text run at (0,0) width 254: "New presentation software: Keynote. "
              text run at (0,254) width 27: "The"
              text run at (22,0) width 169: "software Steve Jobs uses."
          RenderListItem {LI} at (242,40) size 44x310
            RenderListMarker at (0,-21) size 22x16: "5"
            RenderText {#text} at (0,0) size 22x111
              text run at (0,0) width 111: "New versions of "
            RenderInline {A} at (0,0) size 22x46 [color=#0000EE]
              RenderText {#text} at (0,111) size 22x46
                text run at (0,111) width 46: "iMovie"
            RenderText {#text} at (0,157) size 22x8
              text run at (0,157) width 8: ", "
            RenderInline {A} at (0,0) size 22x44 [color=#0000EE]
              RenderText {#text} at (0,165) size 22x44
                text run at (0,165) width 44: "iPhoto"
            RenderText {#text} at (0,209) size 22x8
              text run at (0,209) width 8: ", "
            RenderInline {A} at (0,0) size 22x46 [color=#0000EE]
              RenderText {#text} at (0,217) size 22x46
                text run at (0,217) width 46: "iTunes"
            RenderText {#text} at (0,263) size 44x267
              text run at (0,263) width 4: "."
              text run at (22,0) width 176: "Bundled into a box called "
            RenderInline {A} at (0,0) size 22x31 [color=#0000EE]
              RenderText {#text} at (22,176) size 22x31
                text run at (22,176) width 31: "iLife"
            RenderText {#text} at (22,207) size 22x60
              text run at (22,207) width 60: ", for $49."
          RenderListItem {LI} at (286,40) size 22x310
            RenderListMarker at (0,-21) size 22x16: "6"
            RenderInline {A} at (0,0) size 22x123 [color=#0000EE]
              RenderText {#text} at (0,0) size 22x123
                text run at (0,0) width 123: "Final Cut Express"
            RenderText {#text} at (0,123) size 22x173
              text run at (0,123) width 137: " for creating DVDs. "
              text run at (0,260) width 36: "$299."
      RenderBlock {DIV} at (0,0) size 362x584
        RenderBlock {UL} at (0,0) size 176x584
          RenderListItem {LI} at (0,40) size 22x544
            RenderListMarker at (0,292) size 22x7: bullet
            RenderInline {A} at (0,0) size 22x43 [color=#0000EE]
              RenderText {#text} at (0,501) size 22x43
                text run at (0,501) width 43: "About"
          RenderListItem {LI} at (22,40) size 22x544
            RenderListMarker at (0,292) size 22x7: bullet
            RenderInline {A} at (0,0) size 22x59 [color=#0000EE]
              RenderText {#text} at (0,485) size 22x59
                text run at (0,485) width 59: "Site map"
          RenderListItem {LI} at (44,40) size 22x544
            RenderListMarker at (0,292) size 22x7: bullet
            RenderInline {A} at (0,0) size 22x60 [color=#0000EE]
              RenderText {#text} at (0,484) size 22x60
                text run at (0,484) width 60: "Archives"
          RenderListItem {LI} at (66,40) size 22x544
            RenderListMarker at (0,292) size 22x7: bullet
            RenderInline {A} at (0,0) size 22x55 [color=#0000EE]
              RenderText {#text} at (0,489) size 22x55
                text run at (0,489) width 55: "Projects"
          RenderListItem {LI} at (88,40) size 22x544
            RenderListMarker at (0,292) size 22x7: bullet
            RenderInline {A} at (0,0) size 22x46 [color=#0000EE]
              RenderText {#text} at (0,498) size 22x46
                text run at (0,498) width 46: "Photos"
          RenderListItem {LI} at (110,40) size 22x544
            RenderListMarker at (0,292) size 22x7: bullet
            RenderInline {A} at (0,0) size 22x59 [color=#0000EE]
              RenderText {#text} at (0,485) size 22x59
                text run at (0,485) width 59: "Statistics"
          RenderListItem {LI} at (132,40) size 22x544
            RenderListMarker at (0,292) size 22x7: bullet
            RenderInline {A} at (0,0) size 22x152 [color=#0000EE]
              RenderText {#text} at (0,392) size 22x152
                text run at (0,392) width 152: "Accessibility statement"
          RenderListItem {LI} at (154,40) size 22x544
            RenderListMarker at (0,292) size 22x7: bullet
            RenderInline {A} at (0,0) size 22x30 [color=#0000EE]
              RenderText {#text} at (0,427) size 22x30
                text run at (0,427) width 30: "RSS"
            RenderText {#text} at (0,457) size 22x9
              text run at (0,457) width 9: " ("
            RenderInline {A} at (0,0) size 22x73 [color=#0000EE]
              RenderText {#text} at (0,466) size 22x73
                text run at (0,466) width 73: "more feeds"
            RenderText {#text} at (0,539) size 22x5
              text run at (0,539) width 5: ")"
        RenderBlock {UL} at (192,0) size 22x584
          RenderListItem {LI} at (0,40) size 22x544
            RenderListMarker at (0,292) size 22x7: bullet
            RenderInline {A} at (0,0) size 22x94 [color=#0000EE]
              RenderText {#text} at (0,450) size 22x94
                text run at (0,450) width 94: "What is RSS?"
        RenderBlock {UL} at (230,0) size 132x584
          RenderListItem {LI} at (0,40) size 22x544
            RenderListMarker at (0,292) size 22x7: bullet
            RenderInline {A} at (0,0) size 22x99 [color=#0000EE]
              RenderText {#text} at (0,445) size 22x99
                text run at (0,445) width 99: "RSS Validator"
          RenderListItem {LI} at (22,40) size 22x544
            RenderListMarker at (0,292) size 22x7: bullet
            RenderInline {A} at (0,0) size 22x150 [color=#0000EE]
              RenderText {#text} at (0,394) size 22x150
                text run at (0,394) width 150: "Dive Into Accessibility"
          RenderListItem {LI} at (44,40) size 22x544
            RenderListMarker at (0,292) size 22x7: bullet
            RenderInline {A} at (0,0) size 22x104 [color=#0000EE]
              RenderText {#text} at (0,440) size 22x104
                text run at (0,440) width 104: "Dive Into OS X"
          RenderListItem {LI} at (66,40) size 22x544
            RenderListMarker at (0,292) size 22x7: bullet
            RenderInline {A} at (0,0) size 22x105 [color=#0000EE]
              RenderText {#text} at (0,439) size 22x105
                text run at (0,439) width 105: "Dive Into J2EE"
          RenderListItem {LI} at (88,40) size 22x544
            RenderListMarker at (0,292) size 22x7: bullet
            RenderInline {A} at (0,0) size 22x116 [color=#0000EE]
              RenderText {#text} at (0,428) size 22x116
                text run at (0,428) width 116: "Dive Into Python"
          RenderListItem {LI} at (110,40) size 22x544
            RenderListMarker at (0,292) size 22x7: bullet
            RenderInline {A} at (0,0) size 22x49 [color=#0000EE]
              RenderText {#text} at (0,495) size 22x49
                text run at (0,495) width 49: "r\x{E9}sum\x{E9}"
