layer at (0,0) size 800x600
  RenderView at (0,0) size 800x600
layer at (0,0) size 800x600
  RenderBlock {HTML} at (0,0) size 800x600
    RenderBody {BODY} at (8,8) size 784x584
      RenderBlock (anonymous) at (0,0) size 784x128
        RenderEmbeddedObject {EMBED} at (0,0) size 100x100
        RenderBR {BR} at (100,100) size 0x0
        RenderTextControl {INPUT} at (2,102) size 192x24 [bgcolor=#FFFFFF] [border: (2px inset #000000)]
        RenderText {#text} at (0,0) size 0x0
      RenderBlock {DIV} at (0,128) size 784x0
layer at (13,113) size 186x18 scrollHeight 19
  RenderBlock {DIV} at (3,3) size 186x18
    RenderText {#text} at (0,0) size 35x19
      text run at (0,0) width 35: "hello"
