layer at (0,0) size 800x600
  RenderView at (0,0) size 800x600
layer at (0,0) size 800x426
  RenderBlock {HTML} at (0,0) size 800x426
    RenderBody {BODY} at (8,16) size 784x402
      RenderBlock {P} at (0,0) size 784x80
        RenderText {#text} at (0,0) size 778x79
          text run at (0,0) width 719: "In the test case below, the green block's width should not vary and should use the first region to determine its width. It is"
          text run at (0,20) width 778: "overflowing downwards out of the blue block, and so the portion that overflows should continue to use the blue block's containing"
          text run at (0,40) width 759: "block width. The blue block does not exist in region two, so using some hypothetical made-up width is incorrect. The overflow"
          text run at (0,60) width 449: "should be spilling out of the top of region one and be painted in region two."
      RenderBlock {DIV} at (0,96) size 784x306
        RenderRegion {DIV} at (0,0) size 402x202 [border: (1px solid #000000)]
        RenderRegion {DIV} at (0,202) size 302x102 [border: (1px solid #000000)]
        RenderRegion {DIV} at (0,304) size 2x2 [border: (1px solid #000000)]
Flow Threads
  Thread with flow-name 'flow1'
    layer at (0,0) size 400x300
      RenderNamedFlowThread at (0,0) size 400x300
        RenderBlock {DIV} at (0,0) size 400x200
          RenderBlock {DIV} at (5,5) size 390x190 [border: (1px solid #0000FF)]
            RenderBlock {DIV} at (48,1) size 294x251 [border: (1px solid #008000)]
              RenderBlock {P} at (1,17) size 291x60
                RenderText {#text} at (0,0) size 291x59
                  text run at (0,0) width 291: "These lines should all fit to the width of the"
                  text run at (0,20) width 291: "block in the first region and spill out of the"
                  text run at (0,40) width 111: "bottom of the first "
                  text run at (111,40) width 41: "region."
              RenderBlock {P} at (1,93) size 291x60
                RenderText {#text} at (0,0) size 291x59
                  text run at (0,0) width 291: "These lines should all fit to the width of the"
                  text run at (0,20) width 291: "block in the first region and spill out of the"
                  text run at (0,40) width 111: "bottom of the first "
                  text run at (111,40) width 41: "region."
              RenderBlock {P} at (1,169) size 291x65
                RenderText {#text} at (0,0) size 291x64
                  text run at (0,0) width 291: "These lines should all fit to the width of the"
                  text run at (0,25) width 291: "block in the first region and spill out of the"
                  text run at (0,45) width 111: "bottom of the first "
                  text run at (111,45) width 41: "region."
  Regions for flow 'flow1'
    RenderRegion {DIV} #region1
    RenderRegion {DIV} #region2
    RenderRegion {DIV} #region3
