layer at (0,0) size 800x600
  RenderView at (0,0) size 800x600
layer at (0,0) size 800x486
  RenderBlock {HTML} at (0,0) size 800x486
    RenderBody {BODY} at (8,16) size 784x462
      RenderBlock {P} at (0,0) size 784x40
        RenderText {#text} at (0,0) size 761x39
          text run at (0,0) width 761: "The first and last lines of text in the regions below should be clipped to the green box. The overflow section sizes itself and clips"
          text run at (0,20) width 150: "differently in each region."
      RenderBlock {DIV} at (0,56) size 784x406
        RenderRegion {DIV} at (582,0) size 202x102 [border: (1px solid #000000)]
        RenderRegion {DIV} at (482,102) size 302x182 [border: (1px solid #000000)]
        RenderRegion {DIV} at (662,284) size 122x122 [border: (1px solid #000000)]
Flow Threads
  Thread with flow-name 'flow1'
    layer at (0,0) size 300x400
      RenderNamedFlowThread at (0,0) size 300x400
        RenderBlock {DIV} at (0,0) size 300x383
          RenderBlock {DIV} at (5,5) size 290x373 [border: (1px solid #0000FF)]
    layer at (41,6) size 218x371 clip at (42,7) size 216x369 scrollX 284 scrollWidth 500
      RenderBlock (relative positioned) {DIV} at (36,1) size 218x371 [border: (1px solid #008000)]
        RenderBlock {P} at (1,37) size 216x137
          RenderText {#text} at (88,0) size 228x136
            text run at (88,0) width 140: "These lines will not spill"
            text run at (88,20) width 140: "out of the regions."
            text run at (0,57) width 216: "These lines will not spill out of the"
            text run at (0,77) width 51: "regions. "
            text run at (51,77) width 165: "These lines will not spill out"
            text run at (0,97) width 216: "of the regions. These lines will not"
            text run at (81,117) width 4 RTL: "."
            text run at (85,117) width 131: "spill out of the regions"
        RenderBlock {P} at (1,190) size 216x144
          RenderText {#text} at (0,0) size 238x143
            text run at (0,0) width 216: "These lines will not spill out of the"
            text run at (0,20) width 216: "regions. These lines will not spill out"
            text run at (0,40) width 96: "of the regions. "
            text run at (96,40) width 120: "These lines will not"
            text run at (0,60) width 216: "spill out of the regions. These lines"
            text run at (158,84) width 80: "will not spill"
            text run at (158,104) width 80: "out of the"
            text run at (191,124) width 4 RTL: "."
            text run at (195,124) width 43: "regions"
  Regions for flow 'flow1'
    RenderRegion {DIV} #region1
    RenderRegion {DIV} #region2
    RenderRegion {DIV} #region3
