layer at (0,0) size 800x600
  RenderView at (0,0) size 800x600
layer at (0,0) size 800x422
  RenderBlock {HTML} at (0,0) size 800x422
    RenderBody {BODY} at (8,8) size 784x406
      RenderBlock {DIV} at (0,0) size 784x406
        RenderRegion {DIV} at (0,0) size 202x102 [border: (1px solid #000000)]
        RenderRegion {DIV} at (0,102) size 302x182 [border: (1px solid #000000)]
        RenderRegion {DIV} at (0,284) size 122x122 [border: (1px solid #000000)]
Flow Threads
  Thread with flow-name 'flow1'
    layer at (0,0) size 300x400
      RenderNamedFlowThread at (0,0) size 300x400
        RenderBlock {DIV} at (0,0) size 300x629
          RenderBlock {DIV} at (34,5) size 232x619 [border: (1px solid #0000FF)]
            RenderBlock {DIV} at (11,11) size 210x597 [border: (1px solid #008000)]
              RenderBlock {P} at (1,17) size 208x167
                RenderText {#text} at (-10,0) size 218x166
                  text run at (-10,0) width 128: "This line of text"
                  text run at (-10,20) width 128: "should not get out of"
                  text run at (-10,40) width 128: "the region. This line"
                  text run at (0,67) width 208: "of text should not get out of the"
                  text run at (0,87) width 208: "region. This line of text should not"
                  text run at (0,107) width 208: "get out of the region. This line of"
                  text run at (0,127) width 208: "text should not get out of the"
                  text run at (167,147) width 4 RTL: "."
                  text run at (171,147) width 37: "region"
              RenderBlock {P} at (1,200) size 208x264
                RenderText {#text} at (0,0) size 226x263
                  text run at (0,0) width 208: "This line of text should not get out"
                  text run at (0,20) width 208: "of the region. This line of text"
                  text run at (0,40) width 208: "should not get out of the region."
                  text run at (-18,64) width 64: "This line"
                  text run at (-18,84) width 64: "of text"
                  text run at (-18,104) width 64: "should not"
                  text run at (-18,124) width 64: "get out of"
                  text run at (-18,144) width 64: "the region."
                  text run at (-18,164) width 64: "This line"
                  text run at (-18,184) width 64: "of text"
                  text run at (-18,204) width 64: "should not"
                  text run at (-18,224) width 64: "get out of"
                  text run at (-17,244) width 4 RTL: "."
                  text run at (-13,244) width 59: "the region"
              RenderBlock {P} at (1,480) size 208x100
                RenderText {#text} at (-18,0) size 64x99
                  text run at (-18,0) width 64: "This line"
                  text run at (-18,20) width 64: "of text"
                  text run at (-18,40) width 64: "should not"
                  text run at (-18,60) width 64: "get out of"
                  text run at (-17,80) width 4 RTL: "."
                  text run at (-13,80) width 59: "the region"
  Regions for flow 'flow1'
    RenderRegion {DIV} #region1
    RenderRegion {DIV} #region2
    RenderRegion {DIV} #region3
