layer at (0,0) size 800x600
  RenderView at (0,0) size 800x600
layer at (0,0) size 800x116
  RenderBlock {HTML} at (0,0) size 800x116
    RenderBody {BODY} at (8,8) size 784x100
      RenderRegion {DIV} at (0,0) size 280x100
Flow Threads
  Thread with flow-name 'flow'
    layer at (0,0) size 280x100
      RenderNamedFlowThread at (0,0) size 280x100
        RenderBlock {DIV} at (0,16) size 280x91
          RenderBlock {P} at (0,0) size 280x20 [bgcolor=#FF0000]
            RenderText {#text} at (0,0) size 237x19
              text run at (0,0) width 237: "Green background text styled in region."
          RenderBlock (anonymous) at (0,36) size 280x55
            RenderImage {IMG} at (0,0) size 50x50 [bgcolor=#008000]
            RenderText {#text} at (0,0) size 0x0
  Regions for flow 'flow'
    RenderRegion {DIV} #region region style: 1
