layer at (0,0) size 800x600
  RenderView at (0,0) size 800x600
layer at (0,0) size 800x166
  RenderBlock {HTML} at (0,0) size 800x166
    RenderBody {BODY} at (8,8) size 784x150
      RenderRegion {DIV} at (0,0) size 200x50
      RenderBlock {DIV} at (0,50) size 200x50
      RenderRegion {DIV} at (0,100) size 200x50
Flow Threads
  Thread with flow-name 'flow1'
    layer at (0,0) size 200x100
      RenderNamedFlowThread at (0,0) size 200x100
        RenderBlock {DIV} at (0,16) size 200x198
          RenderBlock {P} at (0,0) size 200x20
            RenderText {#text} at (0,0) size 161x19
              text run at (0,0) width 161: "First para goes into region."
          RenderBlock (anonymous) at (0,34) size 200x20
            RenderText {#text} at (0,0) size 126x19
              text run at (0,0) width 126: "Text goes into region"
          RenderBlock {P} at (0,70) size 200x20
            RenderText {#text} at (0,0) size 180x19
              text run at (0,0) width 180: "Second para goes into region."
          RenderBlock {P} at (0,106) size 200x20
            RenderText {#text} at (0,0) size 166x19
              text run at (0,0) width 166: "Third para goes into region."
          RenderBlock (anonymous) at (0,142) size 200x20
            RenderText {#text} at (0,0) size 126x19
              text run at (0,0) width 126: "Text goes into region"
          RenderBlock {P} at (0,178) size 200x20
            RenderText {#text} at (0,0) size 174x19
              text run at (0,0) width 174: "Fourth para goes into region."
  Regions for flow 'flow1'
    RenderRegion {DIV} #region1 region style: 1
    RenderRegion {DIV} #region3 region style: 1
