layer at (0,0) size 800x600
  RenderView at (0,0) size 800x600
layer at (0,0) size 800x586
  RenderBlock {HTML} at (0,0) size 800x586
    RenderBody {BODY} at (8,16) size 784x562
      RenderBlock {P} at (0,0) size 784x20
        RenderText {#text} at (0,0) size 723x19
          text run at (0,0) width 723: "In the example below, the first float pushes content into region #2, and the second float pushes both floats into region #3."
      RenderBlock {DIV} at (0,36) size 784x526
        RenderRegion {DIV} at (0,0) size 402x102 [border: (1px solid #000000)]
        RenderRegion {DIV} at (0,102) size 302x122 [border: (1px solid #000000)]
        RenderRegion {DIV} at (0,224) size 402x302 [border: (1px solid #000000)]
Flow Threads
  Thread with flow-name 'flow1'
    layer at (0,0) size 400x520
      RenderNamedFlowThread at (0,0) size 400x520
        RenderBlock {DIV} at (0,0) size 400x545
          RenderBlock {DIV} at (5,5) size 390x535 [border: (1px solid #0000FF)]
            RenderBlock {DIV} at (11,11) size 368x513 [border: (1px solid #008000)]
              RenderBlock {P} at (1,17) size 366x347
                RenderImage {IMG} at (0,187) size 130x110 [bgcolor=#008000]
                RenderImage {IMG} at (236,187) size 130x130 [bgcolor=#FFFF00]
                RenderText {#text} at (130,187) size 352x159
                  text run at (130,187) width 106: "This line of text"
                  text run at (130,207) width 106: "should not get"
                  text run at (130,227) width 65: "out of the "
                  text run at (195,227) width 41: "region."
                  text run at (130,247) width 106: "This line of text"
                  text run at (130,267) width 106: "should not get"
                  text run at (130,287) width 106: "out of the region."
                  text run at (0,307) width 236: "This line of text should not get out of"
                  text run at (0,327) width 352: "the region. This line of text should not get out of the region."
              RenderBlock {P} at (1,380) size 366x80
                RenderText {#text} at (0,0) size 366x79
                  text run at (0,0) width 366: "This line of text should not get out of the region. This line of"
                  text run at (0,20) width 366: "text should not get out of the region. This line of text should"
                  text run at (0,40) width 366: "not get out of the region. This line of text should not get out"
                  text run at (0,60) width 79: "of the region."
              RenderBlock {P} at (1,476) size 366x20
                RenderText {#text} at (0,0) size 285x19
                  text run at (0,0) width 285: "This line of text should not get out of the region."
  Regions for flow 'flow1'
    RenderRegion {DIV} #region1
    RenderRegion {DIV} #region2
    RenderRegion {DIV} #region3
