layer at (0,0) size 800x600
  RenderView at (0,0) size 800x600
layer at (0,0) size 642x600
  RenderBlock {HTML} at (0,0) size 642x600
    RenderBody {BODY} at (8,8) size 626x584
      RenderBlock {DIV} at (0,0) size 626x584
        RenderRegion {DIV} at (0,0) size 202x102 [border: (1px solid #000000)]
        RenderRegion {DIV} at (202,0) size 302x182 [border: (1px solid #000000)]
        RenderRegion {DIV} at (504,0) size 122x122 [border: (1px solid #000000)]
Flow Threads
  Thread with flow-name 'flow1'
    layer at (0,0) size 620x180
      RenderNamedFlowThread at (0,0) size 620x180
        RenderBlock {DIV} at (0,0) size 613x180
          RenderBlock {DIV} at (5,5) size 603x170 [border: (1px solid #0000FF)]
            RenderBlock {DIV} at (11,11) size 581x148 [border: (1px solid #008000)]
              RenderBlock {P} at (17,1) size 267x146
                RenderText {#text} at (0,0) size 266x146
                  text run at (0,0) width 66: "This line of"
                  text run at (20,0) width 66: "text should"
                  text run at (40,0) width 66: "not get out"
                  text run at (60,0) width 66: "of the"
                  text run at (80,0) width 41: "region."
                  text run at (100,0) width 66: "This line of"
                  text run at (120,0) width 66: "text should"
                  text run at (140,0) width 66: "not get out"
                  text run at (167,0) width 146: "of the region. This line"
                  text run at (187,0) width 146: "of text should not get"
                  text run at (207,0) width 146: "out of the region. This"
                  text run at (227,0) width 146: "line of text should not"
                  text run at (247,0) width 124: "get out of the region."
              RenderBlock {P} at (300,1) size 180x146
                RenderText {#text} at (0,0) size 179x146
                  text run at (0,0) width 146: "This line of text should"
                  text run at (20,0) width 146: "not get out of the"
                  text run at (40,0) width 146: "region. This line of text"
                  text run at (60,0) width 146: "should not get out of the"
                  text run at (80,0) width 146: "region. This line of text"
                  text run at (100,0) width 146: "should not get out of the"
                  text run at (120,0) width 146: "region. This line of text"
                  text run at (140,0) width 146: "should not get out of the"
                  text run at (160,0) width 41: "region."
              RenderBlock {P} at (484,1) size 80x146
                RenderText {#text} at (0,0) size 79x86
                  text run at (0,0) width 86: "This line of"
                  text run at (20,0) width 86: "text should"
                  text run at (40,0) width 86: "not get out of"
                  text run at (60,0) width 63: "the region."
  Regions for flow 'flow1'
    RenderRegion {DIV} #region1
    RenderRegion {DIV} #region2
    RenderRegion {DIV} #region3
