layer at (0,0) size 800x600
  RenderView at (0,0) size 800x600
layer at (0,0) size 800x512
  RenderBlock {HTML} at (0,0) size 800x512
    RenderBody {BODY} at (8,8) size 784x496
      RenderBlock {DIV} at (0,0) size 784x496
        RenderRegion {DIV} at (0,0) size 402x102 [border: (1px solid #000000)]
        RenderRegion {DIV} at (0,102) size 302x92 [border: (1px solid #000000)]
        RenderRegion {DIV} at (0,194) size 402x302 [border: (1px solid #000000)]
Flow Threads
  Thread with flow-name 'flow1'
    layer at (0,0) size 400x490
      RenderNamedFlowThread at (0,0) size 400x490
        RenderBlock {DIV} at (0,0) size 400x475
          RenderBlock {DIV} at (5,5) size 390x465 [border: (1px solid #0000FF)]
            RenderBlock {DIV} at (11,11) size 368x443 [border: (1px solid #008000)]
              RenderBlock {P} at (1,17) size 366x277
                RenderImage {IMG} at (236,157) size 130x100 [bgcolor=#008000]
                RenderText {#text} at (0,157) size 236x119
                  text run at (0,157) width 236: "This line of text should not get out of"
                  text run at (0,177) width 23: "the "
                  text run at (23,177) width 213: "region. This line of text should not"
                  text run at (0,197) width 236: "get out of the region. This line of text"
                  text run at (0,217) width 236: "should not get out of the region. This"
                  text run at (0,237) width 236: "line of text should not get out of the"
                  text run at (0,257) width 41: "region."
              RenderBlock {P} at (1,310) size 366x80
                RenderText {#text} at (0,0) size 366x79
                  text run at (0,0) width 366: "This line of text should not get out of the region. This line of"
                  text run at (0,20) width 366: "text should not get out of the region. This line of text should"
                  text run at (0,40) width 366: "not get out of the region. This line of text should not get out"
                  text run at (0,60) width 79: "of the region."
              RenderBlock {P} at (1,406) size 366x20
                RenderText {#text} at (0,0) size 285x19
                  text run at (0,0) width 285: "This line of text should not get out of the region."
  Regions for flow 'flow1'
    RenderRegion {DIV} #region1
    RenderRegion {DIV} #region2
    RenderRegion {DIV} #region3
