layer at (0,0) size 784x1074
  RenderView at (0,0) size 784x600
layer at (0,0) size 784x1074
  RenderBlock {HTML} at (0,0) size 784x1074
    RenderBody {BODY} at (8,8) size 768x1058
      RenderText {#text} at (0,0) size 0x0
      RenderText {#text} at (0,0) size 0x0
layer at (10,10) size 380x1054
  RenderTextControl {TEXTAREA} at (2,2) size 380x1054
    RenderBlock {DIV} at (2,2) size 376x21
      RenderText {#text} at (0,0) size 84x21
        text run at (0,0) width 84: "Sample text"
