layer at (0,0) size 800x600
  RenderView at (0,0) size 800x600
layer at (0,0) size 800x600
  RenderBlock {HTML} at (0,0) size 800x600
    RenderBody {BODY} at (8,8) size 784x584
      RenderBlock {DIV} at (0,0) size 784x125
        RenderBlock {DIV} at (10,10) size 100x100 [bgcolor=#FFFFE0] [border: (10px solid #008000)]
        RenderText {#text} at (120,104) size 4x21
          text run at (120,104) width 4: " "
        RenderBlock {DIV} at (134,10) size 100x100 [bgcolor=#FFFFE0] [border: (10px solid #008000)]
        RenderText {#text} at (244,104) size 4x21
          text run at (244,104) width 4: " "
        RenderBlock {DIV} at (258,10) size 100x100 [bgcolor=#FFFFE0] [border: (10px solid #008000)]
        RenderText {#text} at (368,104) size 4x21
          text run at (368,104) width 4: " "
        RenderBlock {DIV} at (382,10) size 100x100 [bgcolor=#FFFFE0] [border: (10px solid #008000)]
        RenderText {#text} at (492,104) size 4x21
          text run at (492,104) width 4: " "
        RenderBlock {DIV} at (506,10) size 100x100 [bgcolor=#FFFFE0] [border: (10px solid #008000)]
        RenderText {#text} at (0,0) size 0x0
      RenderBlock {DIV} at (0,125) size 784x125
        RenderBlock {DIV} at (10,10) size 100x100 [bgcolor=#FFFFE0] [border: (10px solid #008000)]
        RenderText {#text} at (120,104) size 4x21
          text run at (120,104) width 4: " "
        RenderBlock {DIV} at (134,10) size 100x100 [bgcolor=#FFFFE0] [border: (10px solid #008000)]
        RenderText {#text} at (244,104) size 4x21
          text run at (244,104) width 4: " "
        RenderBlock {DIV} at (258,10) size 100x100 [bgcolor=#FFFFE0] [border: (10px solid #008000)]
        RenderText {#text} at (368,104) size 4x21
          text run at (368,104) width 4: " "
        RenderBlock {DIV} at (382,10) size 100x100 [bgcolor=#FFFFE0] [border: (10px solid #008000)]
        RenderText {#text} at (492,104) size 4x21
          text run at (492,104) width 4: " "
        RenderBlock {DIV} at (506,10) size 100x100 [bgcolor=#FFFFE0] [border: (10px dashed #008000)]
        RenderText {#text} at (0,0) size 0x0
      RenderBlock {DIV} at (0,250) size 600x324
        RenderInline {SPAN} at (0,0) size 572x316 [bgcolor=#FFFFE0] [border: (5px solid #008000)]
          RenderText {#text} at (50,9) size 572x306
            text run at (50,9) width 520: "This sentence is"
            text run at (14,117) width 572: "too long to fit on a"
            text run at (120,225) width 340: "single line."
        RenderText {#text} at (0,0) size 0x0
