layer at (0,0) size 800x600
  RenderView at (0,0) size 800x600
layer at (0,0) size 800x273
  RenderBlock {HTML} at (0,0) size 800x273
    RenderBody {BODY} at (8,16) size 784x247
      RenderBlock {P} at (0,0) size 784x21
        RenderText {#text} at (0,0) size 502x21
          text run at (0,0) width 502: "You should see two green squares below on screen, and when printed."
      RenderBlock {DIV} at (10,37) size 100x100 [bgcolor=#008000]
layer at (18,163) size 100x100
  RenderBlock {DIV} at (10,147) size 100x100 [bgcolor=#008000]
