layer at (0,0) size 800x600
  RenderView at (0,0) size 800x600
layer at (0,0) size 800x600
  RenderBlock {HTML} at (0,0) size 800x600
    RenderBody {BODY} at (8,8) size 784x584
      RenderPartObject {IFRAME} at (0,200) size 304x104 [border: (2px inset #000000)]
        layer at (0,0) size 300x100
          RenderView at (0,0) size 300x100
        layer at (0,0) size 300x37
          RenderBlock {HTML} at (0,0) size 300x37
            RenderBody {BODY} at (8,8) size 284x21
              RenderText {#text} at (0,0) size 269x21
                text run at (0,0) width 269: "You should see this text when printed."
      RenderText {#text} at (304,288) size 4x21
        text run at (304,288) width 4: " "
      RenderPartObject {IFRAME} at (308,0) size 304x304 [border: (2px inset #000000)]
        layer at (0,0) size 300x300
          RenderView at (0,0) size 300x300
        layer at (33,0) size 267x300
          RenderBlock {HTML} at (0,0) size 267x300
            RenderBody {BODY} at (8,8) size 251x284
              RenderText {#text} at (0,0) size 21x273
                text run at (0,0) width 273: "You should see this text when printed. "
              RenderBR {BR} at (0,273) size 21x0
              RenderText {#text} at (21,0) size 21x174
                text run at (21,0) width 174: "Vertical text on the right. "
              RenderBR {BR} at (21,174) size 21x0
              RenderPartObject {IFRAME} at (42,0) size 204x154 [border: (2px inset #000000)]
                layer at (0,0) size 200x150
                  RenderView at (0,0) size 200x150
                layer at (0,0) size 200x58
                  RenderBlock {HTML} at (0,0) size 200x58
                    RenderBody {BODY} at (8,8) size 184x42
                      RenderText {#text} at (0,0) size 169x42
                        text run at (0,0) width 169: "You should see this text"
                        text run at (0,21) width 96: "when printed."
              RenderText {#text} at (0,0) size 0x0
      RenderText {#text} at (0,0) size 0x0
