layer at (0,0) size 800x600
  RenderView at (0,0) size 800x600
layer at (1,1) size 798x75
  RenderBlock {HTML} at (1,1) size 798x75
    RenderBody {BODY} at (1,1) size 796x73
      RenderBlock {DIV} at (1,0) size 794x73 [border: (1px solid #000000)]
        RenderBlock (anonymous) at (1,1) size 792x21
          RenderText {#text} at (0,0) size 40x21
            text run at (0,0) width 40: "DIV 1"
        RenderBlock {DIV} at (2,23) size 790x48 [border: (1px solid #000000)]
          RenderBlock (anonymous) at (1,1) size 788x21
            RenderText {#text} at (0,0) size 40x21
              text run at (0,0) width 40: "DIV 2"
          RenderBlock {DIV} at (2,23) size 786x23 [border: (1px solid #000000)]
            RenderText {#text} at (1,1) size 352x21
              text run at (1,1) width 352: "The margins of divs should remain 1px in printing."
