layer at (0,0) size 800x600
  RenderView at (0,0) size 800x600
layer at (0,0) size 800x600
  RenderBlock {HTML} at (0,0) size 800x600
    RenderBody {BODY} at (8,8) size 784x584
      RenderBlock {DIV} at (0,0) size 784x18
        RenderText {#text} at (0,0) size 539x18
          text run at (0,0) width 539: "This test passes if the video controls are non-blurry and properly positioned in HiDPI."
      RenderBlock (anonymous) at (0,18) size 784x150
        RenderText {#text} at (0,0) size 0x0
layer at (8,26) size 300x150
  RenderVideo {VIDEO} at (0,0) size 300x150
layer at (8,26) size 300x150
  RenderDeprecatedFlexibleBox (relative positioned) {DIV} at (0,0) size 300x150
layer at (8,151) size 300x25
  RenderDeprecatedFlexibleBox (relative positioned) {DIV} at (0,125) size 300x25
    RenderButton {INPUT} at (6,3) size 18x18
    RenderButton {INPUT} at (32,4) size 16x16
    RenderBlock {DIV} at (49,12) size 0x0
