layer at (0,0) size 800x600
  RenderView at (0,0) size 800x600
layer at (0,0) size 800x38
  RenderBlock {HTML} at (0,0) size 800x38
    RenderBody {BODY} at (8,8) size 784x22
      RenderFileUploadControl {INPUT} at (2,2) size 238x18 "no file selected"
        RenderButton {INPUT} at (0,0) size 78x18 [color=#000000D8] [bgcolor=#C0C0C0]
          RenderBlock (anonymous) at (8,2) size 62x13
            RenderText at (0,0) size 62x13
              text run at (0,0) width 62: "Choose File"
      RenderText {#text} at (0,0) size 0x0
      RenderText {#text} at (0,0) size 0x0
