layer at (0,0) size 800x600
  RenderView at (0,0) size 800x600
layer at (0,0) size 800x88
  RenderBlock {test} at (0,0) size 800x88
    RenderBlock {div} at (0,16) size 800x56
      RenderBlock {p} at (0,0) size 800x18 [color=#00FF00]
        RenderInline {a} at (0,0) size 279x18 [color=#000000]
          RenderText {#text} at (0,0) size 279x18
            text run at (0,0) width 279: "This text should turn green while it is active."
        RenderText {#text} at (0,0) size 0x0
      RenderBlock {p} at (0,34) size 800x22 [color=#00FF00]
        RenderButton {button} at (2,2) size 255x18 [color=#000000] [bgcolor=#C0C0C0] [border: none (2px outset #C0C0C0) none (2px outset #C0C0C0)]
          RenderBlock (anonymous) at (8,2) size 239x13
            RenderText {#text} at (0,0) size 239x13
              text run at (0,0) width 239: "This text should turn green while it is active."
        RenderText {#text} at (0,0) size 0x0
