layer at (0,0) size 800x600
  RenderView at (0,0) size 800x600
layer at (0,0) size 800x600
  RenderBlock {HTML} at (0,0) size 800x600
    RenderBody {BODY} at (8,8) size 784x584
      RenderBlock {P} at (0,0) size 784x36
        RenderText {#text} at (0,0) size 735x36
          text run at (0,0) width 735: "This tests for a bug where newlines would not be preserved during copy/paste. Below you should see two paragaphs"
          text run at (0,18) width 478: "containing \"Hello World!\" and an empty third paragraph with the caret in it."
      RenderBlock {DIV} at (0,52) size 784x54
        RenderBlock (anonymous) at (0,0) size 784x18
          RenderText {#text} at (0,0) size 84x18
            text run at (0,0) width 84: "Hello World!"
        RenderBlock {DIV} at (0,18) size 784x18
          RenderText {#text} at (0,0) size 84x18
            text run at (0,0) width 84: "Hello World!"
        RenderBlock {DIV} at (0,36) size 784x18
          RenderBR {BR} at (0,0) size 0x18
caret: position 0 of child 0 {BR} of child 2 {DIV} of child 2 {DIV} of body
