layer at (0,0) size 800x600
  RenderView at (0,0) size 800x600
layer at (0,0) size 800x244
  RenderBlock {HTML} at (0,0) size 800x244
    RenderBody {BODY} at (8,16) size 784x212
      RenderBlock {P} at (0,0) size 784x19
        RenderText {#text} at (0,0) size 458x19
          text run at (0,0) width 458: "Each link below should display the text \"n(href=n)\" where n is a number"
      RenderBlock {P} at (0,35) size 784x19
        RenderText {#text} at (0,0) size 323x19
          text run at (0,0) width 323: "The href attribute of the last one is changed onload."
      RenderBlock {HR} at (0,70) size 784x2 [border: (1px inset #000000)]
      RenderBlock {P} at (0,88) size 784x19
        RenderInline {A} at (0,0) size 60x19 [color=#0000EE]
          RenderText {#text} at (0,0) size 8x19
            text run at (0,0) width 8: "1"
          RenderInline (generated) at (0,0) size 52x19
            RenderText at (8,0) size 52x19
              text run at (8,0) width 52: "(href=1)"
      RenderBlock {P} at (0,123) size 784x19
        RenderInline {A} at (0,0) size 60x19 [color=#0000EE]
          RenderText {#text} at (0,0) size 8x19
            text run at (0,0) width 8: "2"
          RenderInline (generated) at (0,0) size 52x19
            RenderText at (8,0) size 52x19
              text run at (8,0) width 52: "(href=2)"
      RenderBlock {P} at (0,158) size 784x19
        RenderInline {A} at (0,0) size 60x19 [color=#0000EE]
          RenderText {#text} at (0,0) size 8x19
            text run at (0,0) width 8: "3"
          RenderInline (generated) at (0,0) size 52x19
            RenderText at (8,0) size 52x19
              text run at (8,0) width 52: "(href=3)"
      RenderBlock {P} at (0,193) size 784x19
        RenderInline {A} at (0,0) size 60x19 [color=#0000EE]
          RenderText {#text} at (0,0) size 8x19
            text run at (0,0) width 8: "4"
          RenderInline (generated) at (0,0) size 52x19
            RenderText at (8,0) size 52x19
              text run at (8,0) width 52: "(href=4)"
