layer at (0,0) size 800x600
  RenderView at (0,0) size 800x600
layer at (0,0) size 800x600
  RenderBlock {HTML} at (0,0) size 800x600
    RenderBody {BODY} at (8,8) size 784x584 [color=#FF0000]
      RenderBlock {P} at (0,0) size 784x19
        RenderText {#text} at (0,0) size 369x19
          text run at (0,0) width 369: "Should say \x{201C}BEFORE CONTENT AFTER CONTENT\x{201D}"
      RenderTable {DIV} at (0,35) size 192x19
        RenderTableSection (anonymous) at (0,0) size 192x19
          RenderTableRow (anonymous) at (0,0) size 192x19
            RenderTableCell (anonymous) at (0,0) size 63x19 [r=0 c=0 rs=1 cs=1]
              RenderText at (0,0) size 63x19
                text run at (0,0) width 63: "BEFORE"
            RenderTableCell (anonymous) at (63,0) size 77x19 [r=0 c=1 rs=1 cs=1]
              RenderBlock {DIV} at (0,0) size 77x19
                RenderText {#text} at (0,0) size 77x19
                  text run at (0,0) width 77: "CONTENT"
            RenderTableCell (anonymous) at (140,0) size 52x19 [r=0 c=2 rs=1 cs=1]
              RenderText at (0,0) size 52x19
                text run at (0,0) width 52: "AFTER"
      RenderBlock (anonymous) at (0,54) size 784x19
        RenderText {#text} at (0,0) size 77x19
          text run at (0,0) width 77: "CONTENT"
        RenderText {#text} at (0,0) size 0x0
