layer at (0,0) size 800x600
  RenderView at (0,0) size 800x600
layer at (0,0) size 800x21
  RenderBlock {test} at (0,0) size 800x21
    RenderBlock {address} at (0,0) size 800x21 [bgcolor=#00FF00]
      RenderInline {span} at (0,0) size 117x21
        RenderText {#text} at (0,0) size 117x21
          text run at (0,0) width 117: "This line should "
      RenderText {#text} at (0,0) size 0x0
      RenderInline {span} at (0,0) size 185x21
        RenderText {#text} at (117,0) size 185x21
          text run at (117,0) width 185: "have a green background."
      RenderText {#text} at (0,0) size 0x0
