layer at (0,0) size 800x600
  RenderView at (0,0) size 800x600
layer at (0,0) size 800x53
  RenderBlock {test} at (0,0) size 800x53
    RenderBlock {p} at (0,16) size 800x21
      RenderBlock {input} at (4,5) size 13x13 [bgcolor=#00FF00]
      RenderText {#text} at (21,0) size 4x21
        text run at (21,0) width 4: " "
      RenderInline {span} at (0,0) size 436x21 [bgcolor=#00FF00]
        RenderText {#text} at (25,0) size 436x21
          text run at (25,0) width 436: "Everything in this paragraph should have a green background"
