layer at (0,0) size 800x600
  RenderView at (0,0) size 800x600
layer at (0,0) size 800x74
  RenderBlock {test} at (0,0) size 800x74
    RenderBlock {p} at (0,16) size 800x42
      RenderText {#text} at (0,0) size 176x21
        text run at (0,0) width 176: "The background color of "
      RenderInline {a} at (0,0) size 75x21 [color=#0000EE]
        RenderText {#text} at (176,0) size 75x21
          text run at (176,0) width 75: "the anchor"
      RenderText {#text} at (251,0) size 788x42
        text run at (251,0) width 4: " "
        text run at (255,0) width 413: "should turn to green when it is activated and come back to "
        text run at (668,0) width 120: "normal when it is"
        text run at (0,21) width 66: "released."
