layer at (0,0) size 800x600
  RenderView at (0,0) size 800x600
layer at (0,0) size 800x121
  RenderBlock {test} at (0,0) size 800x121
    RenderBlock {div} at (0,16) size 800x89
      RenderBlock {p} at (0,0) size 800x19 [color=#00FF00]
        RenderText {#text} at (0,0) size 273x19
          text run at (0,0) width 273: "This paragraph should be in green characters."
      RenderBlock {p} at (0,35) size 800x19 [color=#00FF00]
        RenderText {#text} at (0,0) size 273x19
          text run at (0,0) width 273: "This paragraph should be in green characters."
      RenderBlock {p} at (0,70) size 800x19 [color=#FF0000]
        RenderInline {span} at (0,0) size 273x19 [color=#00FF00]
          RenderText {#text} at (0,0) size 273x19
            text run at (0,0) width 273: "This paragraph should be in green characters."
        RenderText {#text} at (0,0) size 0x0
