layer at (0,0) size 800x600
  RenderView at (0,0) size 800x600
layer at (0,0) size 800x130
  RenderBlock {test} at (0,0) size 800x130
    RenderBlock {p} at (0,16) size 800x22
      RenderText {#text} at (0,0) size 332x22
        text run at (0,0) width 332: "This paragraph should have normal background"
    RenderBlock {div} at (0,54) size 800x60
      RenderBlock (anonymous) at (0,0) size 800x22
        RenderText {#text} at (0,0) size 253x22
          text run at (0,0) width 253: "This div contains only one paragraph"
      RenderBlock {p} at (0,38) size 800x22 [bgcolor=#00FF00]
        RenderText {#text} at (0,0) size 321x22
          text run at (0,0) width 321: "This paragraph should have green background"
