layer at (0,0) size 800x600
  RenderView at (0,0) size 800x600
layer at (0,0) size 800x201
  RenderBlock {test} at (0,0) size 800x201
    RenderBlock {p} at (0,16) size 800x21 [bgcolor=#00FF00]
      RenderText {#text} at (0,0) size 349x21
        text run at (0,0) width 349: "This paragraph should have a green background."
    RenderBlock {address} at (0,53) size 800x21
      RenderText {#text} at (0,0) size 234x21
        text run at (0,0) width 234: "This address should be unstyled."
    RenderBlock {address} at (0,90) size 800x21
      RenderText {#text} at (0,0) size 234x21
        text run at (0,0) width 234: "This address should be unstyled."
    RenderBlock {q} at (0,127) size 800x21 [bgcolor=#00FF00]
      RenderText {#text} at (0,0) size 349x21
        text run at (0,0) width 349: "This paragraph should have a green background."
    RenderBlock {r} at (0,164) size 800x21
      RenderText {#text} at (0,0) size 250x21
        text run at (0,0) width 250: "This paragraph should be unstyled."
