layer at (0,0) size 800x600
  RenderView at (0,0) size 800x600
layer at (0,0) size 800x148
  RenderBlock {test} at (0,0) size 800x148
    RenderBlock {div} at (0,0) size 800x132
      RenderBlock {q} at (0,0) size 800x21 [bgcolor=#00FF00]
        RenderText {#text} at (0,0) size 349x21
          text run at (0,0) width 349: "This paragraph should have a green background."
      RenderBlock {r} at (0,37) size 800x21
        RenderText {#text} at (0,0) size 250x21
          text run at (0,0) width 250: "This paragraph should be unstyled."
      RenderBlock {s} at (0,74) size 800x21 [bgcolor=#00FF00]
        RenderText {#text} at (0,0) size 349x21
          text run at (0,0) width 349: "This paragraph should have a green background."
      RenderBlock {t} at (0,111) size 800x21 [bgcolor=#00FF00]
        RenderText {#text} at (0,0) size 349x21
          text run at (0,0) width 349: "This paragraph should have a green background."
