layer at (0,0) size 800x600
  RenderView at (0,0) size 800x600
layer at (0,0) size 800x121
  RenderBlock {test} at (0,0) size 800x121
    RenderBlock {p} at (0,16) size 800x19 [bgcolor=#00FF00]
      RenderText {#text} at (0,0) size 289x19
        text run at (0,0) width 289: "This paragraph should have a green background"
    RenderBlock {q} at (0,51) size 800x19
      RenderText {#text} at (0,0) size 209x19
        text run at (0,0) width 209: "This paragraph should be unstyled."
    RenderBlock {r} at (0,86) size 800x19 [bgcolor=#00FF00]
      RenderText {#text} at (0,0) size 289x19
        text run at (0,0) width 289: "This paragraph should have a green background"
