layer at (0,0) size 800x600
  RenderView at (0,0) size 800x600
layer at (0,0) size 800x85
  RenderBlock {test} at (0,0) size 800x85
    RenderBlock {div} at (0,16) size 800x69
      RenderBlock {p} at (0,0) size 800x21
        RenderText {#text} at (0,0) size 246x21
          text run at (0,0) width 246: "The following bar should be green."
      RenderBlock {div} at (0,37) size 800x32 [bgcolor=#FF0000]
