layer at (0,0) size 800x600
  RenderView at (0,0) size 800x600
layer at (0,0) size 800x206
  RenderBlock {test} at (0,0) size 800x206
    RenderBlock {div} at (0,16) size 800x174
      RenderBlock {p} at (0,0) size 800x22
        RenderText {#text} at (0,0) size 241x22
          text run at (0,0) width 241: "This paragraph should be unstyled."
      RenderBlock {p} at (0,38) size 800x22 [bgcolor=#00FF00]
        RenderText {#text} at (0,0) size 307x22
          text run at (0,0) width 307: "But this one should have a green background"
      RenderBlock {p} at (0,76) size 800x22 [bgcolor=#00FF00]
        RenderText {#text} at (0,0) size 342x22
          text run at (0,0) width 342: "And this one should also have a green background"
      RenderBlock {address} at (0,114) size 800x22
        RenderText {#text} at (0,0) size 438x22
          text run at (0,0) width 438: "This address is only here to fill some space between two paragraphs"
      RenderBlock {p} at (0,152) size 800x22 [bgcolor=#00FF00]
        RenderText {#text} at (0,0) size 333x22
          text run at (0,0) width 333: "This paragraph should have a green background"
