layer at (0,0) size 800x600
  RenderView at (0,0) size 800x600
layer at (0,0) size 800x38
  RenderBlock {test} at (0,0) size 800x38
    RenderBlock {div} at (0,0) size 800x22
      RenderBlock {t} at (0,0) size 800x22 [color=#008000]
        RenderText {#text} at (0,0) size 314x22
          text run at (0,0) width 314: "This paragraph should be in green characters."
