layer at (0,0) size 800x600
  RenderView at (0,0) size 800x600
layer at (0,0) size 800x76
  RenderBlock {test} at (0,0) size 800x76
    RenderBlock {p} at (0,16) size 800x44
      RenderInline {a} at (0,0) size 406x22 [color=#0000EE] [bgcolor=#FF0000]
        RenderText {#text} at (0,0) size 406x22
          text run at (0,0) width 406: "You should see a green background assigned by the anchor."
      RenderText {#text} at (406,0) size 793x44
        text run at (406,0) width 387: " (Note: You must have visited http://www.w3.org/ for this"
        text run at (0,22) width 106: "test to be valid.)"
