layer at (0,0) size 800x600
  RenderView at (0,0) size 800x600
layer at (0,0) size 800x90
  RenderBlock {test} at (0,0) size 800x90
    RenderBlock {p} at (0,16) size 800x21
      RenderText {#text} at (0,0) size 94x21
        text run at (0,0) width 94: "This test has "
      RenderInline {span} at (0,0) size 67x21
        RenderInline (generated) at (0,0) size 67x21 [bgcolor=#00FF00]
          RenderText at (94,0) size 67x21
            text run at (94,0) width 67: "PASSED"
      RenderText {#text} at (161,0) size 4x21
        text run at (161,0) width 4: "."
    RenderBlock {p} at (0,53) size 800x21
      RenderText {#text} at (0,0) size 496x21
        text run at (0,0) width 496: "(If the previous line just reads \"This test has .\" then this test has failed.)"
