layer at (0,0) size 800x600
  RenderView at (0,0) size 800x600
layer at (0,0) size 800x44
  RenderBlock {test} at (0,0) size 800x44
    RenderBlock {tests} at (0,0) size 800x44 [color=#008000]
      RenderBlock {testA} at (0,0) size 800x22
        RenderText {#text} at (0,0) size 145x22
          text run at (0,0) width 145: "This should be green."
      RenderBlock {testB} at (0,22) size 800x22
        RenderText {#text} at (0,0) size 145x22
          text run at (0,0) width 145: "This should be green."
