layer at (0,0) size 800x600
  RenderView at (0,0) size 800x600
layer at (0,0) size 800x70
  RenderBlock {test} at (0,0) size 800x70
    RenderBlock {div} at (0,0) size 800x54
      RenderBlock {q} at (0,0) size 800x19 [bgcolor=#00FF00]
        RenderText {#text} at (0,0) size 293x19
          text run at (0,0) width 293: "This paragraph should have a green background."
      RenderBlock {r} at (0,35) size 800x19
        RenderText {#text} at (0,0) size 209x19
          text run at (0,0) width 209: "This paragraph should be unstyled."
