layer at (0,0) size 800x600
  RenderView at (0,0) size 800x600
layer at (0,0) size 800x206
  RenderBlock {test} at (0,0) size 800x206
    RenderBlock {p} at (0,16) size 800x22
      RenderText {#text} at (0,0) size 192x22
        text run at (0,0) width 192: "This line should be unstyled."
    RenderBlock {p} at (0,54) size 800x22 [bgcolor=#00FF00]
      RenderText {#text} at (0,0) size 288x22
        text run at (0,0) width 288: "This line should have a green background."
    RenderBlock {q} at (0,92) size 800x22 [bgcolor=#00FF00]
      RenderText {#text} at (0,0) size 288x22
        text run at (0,0) width 288: "This line should have a green background."
    RenderBlock {p} at (0,130) size 800x22
      RenderText {#text} at (0,0) size 192x22
        text run at (0,0) width 192: "This line should be unstyled."
    RenderBlock {p} at (0,168) size 800x22 [bgcolor=#00FF00]
      RenderText {#text} at (0,0) size 288x22
        text run at (0,0) width 288: "This line should have a green background."
