layer at (0,0) size 800x600
  RenderView at (0,0) size 800x600
layer at (0,0) size 800x196
  RenderBlock {test} at (0,0) size 800x196
    RenderBlock {p} at (0,16) size 800x44
      RenderText {#text} at (0,0) size 760x44
        text run at (0,0) width 245: "This paragraph should be unstyled. "
        text run at (245,0) width 490: "The background of the following paragraph should become green when "
        text run at (735,0) width 25: "you"
        text run at (0,22) width 45: "follow "
      RenderInline {a} at (0,0) size 54x22 [color=#0000EE]
        RenderText {#text} at (45,22) size 54x22
          text run at (45,22) width 54: "this link"
      RenderText {#text} at (99,22) size 4x22
        text run at (99,22) width 4: "."
    RenderBlock {p} at (0,76) size 800x44
      RenderText {#text} at (0,0) size 783x22
        text run at (0,0) width 299: "This paragraph should initially be unstyled. "
        text run at (299,0) width 484: "It should become green when you select the link above. When you select"
      RenderInline {a} at (0,0) size 54x22 [color=#0000EE]
        RenderText {#text} at (0,22) size 54x22
          text run at (0,22) width 54: "this link"
      RenderText {#text} at (54,22) size 688x22
        text run at (54,22) width 292: ", it should return to being unstyled and the "
        text run at (346,22) width 396: "background of the paragraph below should become green."
    RenderBlock {p} at (0,136) size 800x44
      RenderText {#text} at (0,0) size 788x22
        text run at (0,0) width 299: "This paragraph should initially be unstyled. "
        text run at (299,0) width 489: "It should become green when you select the link above. When you follow"
      RenderInline {a} at (0,0) size 54x22 [color=#0000EE]
        RenderText {#text} at (0,22) size 54x22
          text run at (0,22) width 54: "this link"
      RenderText {#text} at (54,22) size 391x22
        text run at (54,22) width 155: ", the three paragraphs "
        text run at (209,22) width 236: "should all return to being unstyled."
