layer at (0,0) size 800x600
  RenderView at (0,0) size 800x600
layer at (0,0) size 800x124
  RenderBlock {test} at (0,0) size 800x124
    RenderBlock {div} at (0,0) size 800x124
      RenderBlock {address} at (16,0) size 784x19 [bgcolor=#00FF00]
        RenderText {#text} at (0,0) size 337x19
          text run at (0,0) width 337: "A first address that should have a green background"
      RenderBlock {address} at (16,35) size 784x19 [bgcolor=#00FF00]
        RenderText {#text} at (0,0) size 355x19
          text run at (0,0) width 355: "A second address that should have a green background"
      RenderBlock {address} at (16,70) size 784x19
        RenderText {#text} at (0,0) size 261x19
          text run at (0,0) width 261: "A third address with normal background"
      RenderBlock (anonymous) at (0,105) size 800x19
        RenderText {#text} at (0,0) size 276x19
          text run at (0,0) width 276: "This div should have three addresses above it."
