layer at (0,0) size 800x600
  RenderView at (0,0) size 800x600
layer at (0,0) size 800x448
  RenderBlock {test} at (0,0) size 800x448
    RenderBlock {p} at (0,16) size 800x22
      RenderText {#text} at (0,0) size 352x22
        text run at (0,0) width 352: "This paragraph is here only to fill space in the DOM"
    RenderBlock {address} at (0,54) size 800x22
      RenderText {#text} at (0,0) size 140x22
        text run at (0,0) width 140: "And this address too.."
    RenderBlock {p} at (0,92) size 800x22
      RenderText {#text} at (0,0) size 165x22
        text run at (0,0) width 165: "So does this paragraph !"
    RenderBlock {p} at (0,130) size 800x22 [bgcolor=#00FF00]
      RenderText {#text} at (0,0) size 295x22
        text run at (0,0) width 295: "But this one should have green background"
    RenderBlock {dl} at (0,168) size 800x264
      RenderBlock {dt} at (0,0) size 800x22 [bgcolor=#00FF00]
        RenderText {#text} at (0,0) size 381x22
          text run at (0,0) width 381: "First definition term that should have green background"
      RenderBlock {dd} at (40,22) size 760x22 [bgcolor=#00FF00]
        RenderText {#text} at (0,0) size 345x22
          text run at (0,0) width 345: "First definition that should have green background"
      RenderBlock {dt} at (0,44) size 800x22
        RenderText {#text} at (0,0) size 153x22
          text run at (0,0) width 153: "Second definition term"
      RenderBlock {dd} at (40,66) size 760x22
        RenderText {#text} at (0,0) size 117x22
          text run at (0,0) width 117: "Second definition"
      RenderBlock {dt} at (0,88) size 800x22
        RenderText {#text} at (0,0) size 144x22
          text run at (0,0) width 144: "Third definition term"
      RenderBlock {dd} at (40,110) size 760x22
        RenderText {#text} at (0,0) size 108x22
          text run at (0,0) width 108: "Third definition"
      RenderBlock {dt} at (0,132) size 800x22 [bgcolor=#00FF00]
        RenderText {#text} at (0,0) size 397x22
          text run at (0,0) width 397: "Fourth definition term that should have green background"
      RenderBlock {dd} at (40,154) size 760x22 [bgcolor=#00FF00]
        RenderText {#text} at (0,0) size 361x22
          text run at (0,0) width 361: "Fourth definition that should have green background"
      RenderBlock {dt} at (0,176) size 800x22
        RenderText {#text} at (0,0) size 137x22
          text run at (0,0) width 137: "Fifth definition term"
      RenderBlock {dd} at (40,198) size 760x22
        RenderText {#text} at (0,0) size 101x22
          text run at (0,0) width 101: "Fifth definition"
      RenderBlock {dt} at (0,220) size 800x22
        RenderText {#text} at (0,0) size 139x22
          text run at (0,0) width 139: "Sixth definition term"
      RenderBlock {dd} at (40,242) size 760x22
        RenderText {#text} at (0,0) size 103x22
          text run at (0,0) width 103: "Sixth definition"
