layer at (0,0) size 800x600
  RenderView at (0,0) size 800x600
layer at (0,0) size 800x98
  RenderBlock {test} at (0,0) size 800x98
    RenderBlock {ul} at (0,16) size 800x66
      RenderListItem {li} at (40,0) size 760x22 [bgcolor=#00FF00]
        RenderListMarker at (-18,0) size 7x22: bullet
        RenderText {#text} at (0,0) size 463x22
          text run at (0,0) width 463: "This list item should have a green background. because its ID is \"t1\""
      RenderListItem {li} at (40,22) size 760x22 [bgcolor=#00FF00]
        RenderListMarker at (-18,0) size 7x22: bullet
        RenderText {#text} at (0,0) size 463x22
          text run at (0,0) width 463: "This list item should have a green background. because its ID is \"t2\""
      RenderListItem {li} at (40,44) size 760x22 [bgcolor=#00FF00]
        RenderListMarker at (-18,0) size 7x22: bullet
        RenderInline {span} at (0,0) size 634x22
          RenderText {#text} at (0,0) size 634x22
            text run at (0,0) width 634: "This list item should have a green background. because the inner SPAN does not match \"#t4\""
