layer at (0,0) size 800x600
  RenderView at (0,0) size 800x600
layer at (0,0) size 800x148
  RenderBlock {test} at (0,0) size 800x148
    RenderBlock {blockquote} at (40,16) size 720x21
      RenderBlock {div} at (0,0) size 720x21
        RenderText {#text} at (0,0) size 202x21
          text run at (0,0) width 202: "This text should be unstyled."
    RenderBlock {div} at (0,53) size 800x21
      RenderText {#text} at (0,0) size 202x21
        text run at (0,0) width 202: "This text should be unstyled."
    RenderBlock {div} at (0,74) size 800x21
      RenderText {#text} at (0,0) size 202x21
        text run at (0,0) width 202: "This text should be unstyled."
    RenderBlock {p} at (0,111) size 800x21 [color=#008000]
      RenderText {#text} at (0,0) size 183x21
        text run at (0,0) width 183: "This text should be green."
