layer at (0,0) size 800x600
  RenderView at (0,0) size 800x600
layer at (0,0) size 800x132
  RenderBlock {test} at (0,0) size 800x132
    RenderBlock {div} at (0,0) size 800x116
      RenderBlock (anonymous) at (0,0) size 800x21
        RenderText {#text} at (0,0) size 215x21
          text run at (0,0) width 215: "This div contains 3 addresses:"
      RenderBlock {address} at (16,21) size 784x21 [bgcolor=#00FF00]
        RenderText {#text} at (0,0) size 368x21
          text run at (0,0) width 368: "A first address that should have a green background"
      RenderBlock {address} at (16,58) size 784x21
        RenderText {#text} at (0,0) size 302x21
          text run at (0,0) width 302: "A second address with normal background"
      RenderBlock {address} at (16,95) size 784x21
        RenderText {#text} at (0,0) size 281x21
          text run at (0,0) width 281: "A third address with normal background"
