layer at (0,0) size 800x600
  RenderView at (0,0) size 800x600
layer at (0,0) size 800x21
  RenderBlock {test} at (0,0) size 800x21
    RenderBlock {address} at (0,0) size 800x16 [bgcolor=#00FF00]
    RenderBlock {div} at (0,0) size 800x21
      RenderText {#text} at (0,0) size 302x21
        text run at (0,0) width 302: "This line should have a green background."
