layer at (0,0) size 800x600
  RenderView at (0,0) size 800x600
layer at (0,0) size 800x206
  RenderBlock {test} at (0,0) size 800x206
    RenderBlock {div} at (0,16) size 800x174
      RenderBlock {p} at (0,0) size 800x22 [bgcolor=#00FF00]
        RenderText {#text} at (0,0) size 284x22
          text run at (0,0) width 111: "This line should "
          text run at (111,0) width 173: "have a green background"
      RenderBlock {p} at (0,38) size 800x22 [bgcolor=#00FF00]
        RenderText {#text} at (0,0) size 284x22
          text run at (0,0) width 284: "This line should have a green background"
      RenderBlock {q} at (0,76) size 800x22 [bgcolor=#00FF00]
        RenderText {#text} at (0,0) size 284x22
          text run at (0,0) width 284: "This line should have a green background"
      RenderBlock {p} at (0,114) size 800x22 [bgcolor=#00FF00]
        RenderText {#text} at (0,0) size 284x22
          text run at (0,0) width 284: "This line should have a green background"
      RenderBlock {foo} at (0,152) size 800x22 [bgcolor=#00FF00]
        RenderText {#text} at (0,0) size 284x22
          text run at (0,0) width 284: "This line should have a green background"
