layer at (0,0) size 800x600
  RenderView at (0,0) size 800x600
layer at (0,0) size 800x152
  RenderBlock {test} at (0,0) size 800x152
    RenderBlock {div} at (0,0) size 800x136
      RenderBlock {address} at (0,0) size 800x22 [bgcolor=#00FF00]
        RenderText {#text} at (0,0) size 301x22
          text run at (0,0) width 301: "This address should have a green background"
      RenderBlock {s} at (0,38) size 800x22 [bgcolor=#00FF00]
        RenderText {#text} at (0,0) size 333x22
          text run at (0,0) width 333: "This paragraph should have a green background"
      RenderBlock {t} at (0,76) size 800x22 [bgcolor=#00FF00]
        RenderText {#text} at (0,0) size 333x22
          text run at (0,0) width 333: "This paragraph should have a green background"
      RenderBlock {u} at (0,114) size 800x22 [bgcolor=#00FF00]
        RenderText {#text} at (0,0) size 333x22
          text run at (0,0) width 333: "This paragraph should have a green background"
