layer at (0,0) size 800x600
  RenderView at (0,0) size 800x600
layer at (0,0) size 800x74
  RenderBlock {test} at (0,0) size 800x74
    RenderBlock {div} at (0,0) size 800x58
      RenderBlock {q} at (0,0) size 800x21 [color=#FF0000]
        RenderBlock {r} at (0,0) size 800x21 [color=#00FF00]
          RenderText {#text} at (0,0) size 274x21
            text run at (0,0) width 274: "This text should be in green characters"
      RenderBlock {s} at (0,37) size 800x21 [color=#00FF00]
        RenderText {#text} at (0,0) size 274x21
          text run at (0,0) width 274: "This text should be in green characters"
