layer at (0,0) size 800x600
  RenderView at (0,0) size 800x600
layer at (0,0) size 800x53
  RenderBlock {test} at (0,0) size 800x53
    RenderBlock {p} at (0,16) size 800x21
      RenderText {#text} at (0,0) size 451x21
        text run at (0,0) width 451: "The first line of this paragraph should have a green background."
