layer at (0,0) size 800x600
  RenderView at (0,0) size 800x600
layer at (0,0) size 800x185
  RenderBlock {test} at (0,0) size 800x185
    RenderBlock {p} at (0,16) size 800x21
      RenderText {#text} at (0,0) size 250x21
        text run at (0,0) width 250: "This paragraph should be unstyled."
    RenderBlock {q} at (0,53) size 800x21 [bgcolor=#00FF00]
      RenderText {#text} at (0,0) size 345x21
        text run at (0,0) width 345: "This paragraph should have a green background"
    RenderBlock {s} at (0,90) size 800x21
      RenderText {#text} at (0,0) size 250x21
        text run at (0,0) width 250: "This paragraph should be unstyled."
    RenderBlock {r} at (0,127) size 800x21
      RenderText {#text} at (0,0) size 250x21
        text run at (0,0) width 250: "This paragraph should be unstyled."
    RenderBlock (anonymous) at (0,164) size 800x21
      RenderInline {t} at (0,0) size 345x21 [bgcolor=#00FF00]
        RenderText {#text} at (0,0) size 345x21
          text run at (0,0) width 345: "This paragraph should have a green background"
      RenderText {#text} at (0,0) size 0x0
