layer at (0,0) size 800x600
  RenderView at (0,0) size 800x600
layer at (0,0) size 800x150
  RenderBlock {test} at (0,0) size 800x150
    RenderBlock {div} at (0,16) size 800x118
      RenderBlock {p} at (0,0) size 800x22
        RenderText {#text} at (0,0) size 271x22
          text run at (0,0) width 271: "The following two bars should be green."
      RenderBlock {div} at (16,38) size 768x32 [bgcolor=#00FF00]
      RenderBlock {div} at (16,86) size 768x32 [bgcolor=#FF0000]
