layer at (0,0) size 800x600
  RenderView at (0,0) size 800x600
layer at (0,0) size 800x53
  RenderBlock {test} at (0,0) size 800x53
    RenderBlock {p} at (0,16) size 800x21
      RenderInline {a} at (0,0) size 288x21 [color=#0000EE] [bgcolor=#00FF00]
        RenderText {#text} at (0,0) size 288x21
          text run at (0,0) width 288: "This link should have green background."
      RenderText {#text} at (288,0) size 159x21
        text run at (288,0) width 159: " (Don't follow this link.)"
