layer at (0,0) size 800x600
  RenderView at (0,0) size 800x600
layer at (0,0) size 800x76
  RenderBlock {test} at (0,0) size 800x76
    RenderBlock {p} at (0,16) size 800x44
      RenderInline (generated) at (0,0) size 193x22 [bgcolor=#00FF00]
        RenderText at (0,0) size 193x22
          text run at (0,0) width 193: "GENERATED CONTENT "
      RenderText {#text} at (193,0) size 787x44
        text run at (193,0) width 594: "You should see before this paragraph the words GENERATED CONTENT over green"
        text run at (0,22) width 83: "background"
