layer at (0,0) size 800x600
  RenderView at (0,0) size 800x600
layer at (0,0) size 800x111
  RenderBlock {test} at (0,0) size 800x111
    RenderBlock {ul} at (0,16) size 800x42
      RenderListItem {li} at (40,0) size 760x21 [bgcolor=#00FF00]
        RenderListMarker at (-18,0) size 7x21: bullet
        RenderText {#text} at (0,0) size 339x21
          text run at (0,0) width 339: "The background of this list item should be green"
      RenderListItem {li} at (40,21) size 760x21 [bgcolor=#00FF00]
        RenderListMarker at (-18,0) size 7x21: bullet
        RenderText {#text} at (0,0) size 429x21
          text run at (0,0) width 429: "The background of this second list item should be also green"
    RenderBlock {p} at (0,74) size 800x21 [bgcolor=#00FF00]
      RenderText {#text} at (0,0) size 362x21
        text run at (0,0) width 362: "The background of this paragraph should be green."
