layer at (0,0) size 800x600
  RenderView at (0,0) size 800x600
layer at (0,0) size 800x148
  RenderBlock {test} at (0,0) size 800x148
    RenderBlock {p} at (0,16) size 800x21 [bgcolor=#00FF00]
      RenderText {#text} at (0,0) size 302x21
        text run at (0,0) width 302: "This line should have a green background."
    RenderBlock {p} at (0,53) size 800x52 [bgcolor=#00FF00]
      RenderText {#text} at (0,0) size 774x21
        text run at (0,0) width 774: "UAs may render the following element as a pop up menu. If so, please ensure the menu is unstyled (or green)."
      RenderMenuList {select} at (2,23) size 123x27 [border: (1px solid #000000)]
        RenderBlock (anonymous) at (5,3) size 93x21
          RenderText at (0,0) size 83x21
            text run at (0,0) width 83: "This should"
      RenderText {#text} at (0,0) size 0x0
    RenderTable {table} at (0,121) size 477x27 [bgcolor=#00FF00]
      RenderTableSection (anonymous) at (0,0) size 477x27
        RenderTableRow {tr} at (0,2) size 477x23
          RenderTableCell {td} at (2,2) size 473x23 [r=0 c=0 rs=1 cs=1]
            RenderText {#text} at (1,1) size 471x21
              text run at (1,1) width 471: "This line should have a green background (or it might be unstyled)."
