layer at (0,0) size 800x600
  RenderView at (0,0) size 800x600
layer at (0,0) size 800x165
  RenderBlock {test} at (0,0) size 800x165
    RenderBlock {div} at (0,16) size 800x92
      RenderBlock {p} at (0,0) size 800x19 [bgcolor=#00FF00]
        RenderText {#text} at (0,0) size 289x19
          text run at (0,0) width 289: "This paragraph should have a green background"
      RenderTable {table} at (0,35) size 295x57
        RenderTableSection {tbody} at (0,0) size 295x57
          RenderTableRow {tr} at (0,2) size 295x53
            RenderTableCell {td} at (2,2) size 291x53 [r=0 c=0 rs=1 cs=1]
              RenderBlock {p} at (1,17) size 289x19 [bgcolor=#00FF00]
                RenderText {#text} at (0,0) size 289x19
                  text run at (0,0) width 289: "This paragraph should have a green background"
    RenderTable {table} at (0,108) size 215x57
      RenderTableSection {tbody} at (0,0) size 215x57
        RenderTableRow {tr} at (0,2) size 215x53
          RenderTableCell {td} at (2,2) size 211x53 [r=0 c=0 rs=1 cs=1]
            RenderBlock {p} at (1,17) size 209x19
              RenderText {#text} at (0,0) size 209x19
                text run at (0,0) width 209: "This paragraph should be unstyled."
