layer at (0,0) size 800x600
  RenderView at (0,0) size 800x600
layer at (0,0) size 800x93
  RenderBlock {test} at (0,0) size 800x93
    RenderBlock {p} at (0,16) size 800x61
      RenderButton {button} at (2,2) size 275x28 [color=#808080] [bgcolor=#00FF00] [border: (2px outset #C0C0C0)]
        RenderBlock (anonymous) at (8,4) size 259x19
          RenderText {#text} at (0,0) size 259x19
            text run at (0,0) width 259: "A button (disabled) with green background"
      RenderText {#text} at (279,6) size 4x19
        text run at (279,6) width 4: " "
      RenderBR {br} at (0,0) size 0x0
      RenderTextControl {input} at (2,34) size 338x25 [bgcolor=#00FF00] [border: (2px inset #000000)]
      RenderText {#text} at (0,0) size 0x0
layer at (5,53) size 332x19
  RenderBlock {div} at (3,3) size 332x19 [color=#545454]
    RenderText {#text} at (0,0) size 269x19
      text run at (0,0) width 269: "a text area (disabled) with green background"
