layer at (0,0) size 800x600
  RenderView at (0,0) size 800x600
layer at (0,0) size 800x276
  RenderBlock {test} at (0,0) size 800x276
    RenderBlock {p} at (0,16) size 800x38
      RenderText {#text} at (0,0) size 642x19
        text run at (0,0) width 402: "The background color of this paragraph should turn to green when "
        text run at (402,0) width 240: "the mouse pointer hovers either its text ("
      RenderInline {strong} at (0,0) size 30x19
        RenderText {#text} at (642,0) size 30x19
          text run at (642,0) width 30: "here"
      RenderText {#text} at (672,0) size 782x38
        text run at (672,0) width 110: ") or its whitespace"
        text run at (0,19) width 80: "background, "
      RenderInline {strong} at (0,0) size 30x19
        RenderText {#text} at (80,19) size 30x19
          text run at (80,19) width 30: "here"
      RenderText {#text} at (110,19) size 3x19
        text run at (110,19) width 3: ":"
    RenderBlock {address} at (0,70) size 800x19
      RenderText {#text} at (0,0) size 163x19
        text run at (0,0) width 163: "The background color of "
      RenderInline {a} at (0,0) size 115x19 [color=#0000EE]
        RenderText {#text} at (163,0) size 81x19
          text run at (163,0) width 81: "this anchor ("
        RenderInline {strong} at (0,0) size 29x19
          RenderText {#text} at (244,0) size 29x19
            text run at (244,0) width 29: "here"
        RenderText {#text} at (273,0) size 5x19
          text run at (273,0) width 5: ")"
      RenderText {#text} at (278,0) size 395x19
        text run at (278,0) width 395: " should turn to green when the pointing device hovers over it."
    RenderTable {table} at (0,89) size 264x187
      RenderTableSection {tbody} at (0,0) size 264x187
        RenderTableRow {tr} at (0,5) size 264x21
          RenderTableCell {td} at (5,5) size 73x21 [r=0 c=0 rs=1 cs=1]
            RenderText {#text} at (1,1) size 67x19
              text run at (1,1) width 67: "The cells in"
          RenderTableCell {td} at (83,5) size 79x21 [r=0 c=1 rs=1 cs=1]
            RenderText {#text} at (1,1) size 53x19
              text run at (1,1) width 53: "this table"
          RenderTableCell {td} at (167,5) size 92x21 [r=0 c=2 rs=1 cs=1]
            RenderText {#text} at (1,1) size 58x19
              text run at (1,1) width 58: "should go"
        RenderTableRow {tr} at (0,31) size 264x21
          RenderTableCell {td} at (5,31) size 73x21 [r=1 c=0 rs=1 cs=1]
            RenderText {#text} at (1,1) size 69x19
              text run at (1,1) width 69: "green when"
          RenderTableCell {td} at (83,31) size 79x21 [r=1 c=1 rs=1 cs=1]
            RenderText {#text} at (1,1) size 60x19
              text run at (1,1) width 60: "you hover"
          RenderTableCell {td} at (167,31) size 92x21 [r=1 c=2 rs=1 cs=1]
            RenderText {#text} at (1,1) size 69x19
              text run at (1,1) width 69: "the pointing"
        RenderTableRow {tr} at (0,57) size 264x21
          RenderTableCell {td} at (5,57) size 73x21 [r=2 c=0 rs=1 cs=1]
            RenderText {#text} at (1,1) size 70x19
              text run at (1,1) width 70: "device over"
          RenderTableCell {td} at (83,57) size 79x21 [r=2 c=1 rs=1 cs=1]
            RenderText {#text} at (1,1) size 38x19
              text run at (1,1) width 38: "them ("
            RenderInline {strong} at (0,0) size 30x19
              RenderText {#text} at (39,1) size 30x19
                text run at (39,1) width 30: "here"
            RenderText {#text} at (69,1) size 9x19
              text run at (69,1) width 9: ")."
          RenderTableCell {td} at (167,66) size 92x2 [r=2 c=2 rs=1 cs=1]
        RenderTableRow {tr} at (0,83) size 264x21
          RenderTableCell {td} at (5,83) size 73x21 [r=3 c=0 rs=1 cs=1]
            RenderText {#text} at (1,1) size 71x19
              text run at (1,1) width 71: "The rows in"
          RenderTableCell {td} at (83,83) size 79x21 [r=3 c=1 rs=1 cs=1]
            RenderText {#text} at (1,1) size 53x19
              text run at (1,1) width 53: "this table"
          RenderTableCell {td} at (167,83) size 92x21 [r=3 c=2 rs=1 cs=1]
            RenderText {#text} at (1,1) size 58x19
              text run at (1,1) width 58: "should go"
        RenderTableRow {tr} at (0,109) size 264x21
          RenderTableCell {td} at (5,109) size 73x21 [r=4 c=0 rs=1 cs=1]
            RenderText {#text} at (1,1) size 65x19
              text run at (1,1) width 65: "dark green"
          RenderTableCell {td} at (83,109) size 79x21 [r=4 c=1 rs=1 cs=1]
            RenderText {#text} at (1,1) size 54x19
              text run at (1,1) width 54: "when the"
          RenderTableCell {td} at (167,109) size 92x21 [r=4 c=2 rs=1 cs=1]
            RenderText {#text} at (1,1) size 90x19
              text run at (1,1) width 90: "pointing device"
        RenderTableRow {tr} at (0,135) size 264x21
          RenderTableCell {td} at (5,135) size 73x21 [r=5 c=0 rs=1 cs=1]
            RenderText {#text} at (1,1) size 62x19
              text run at (1,1) width 62: "is over the"
          RenderTableCell {td} at (83,135) size 79x21 [r=5 c=1 rs=1 cs=1]
            RenderText {#text} at (1,1) size 30x19
              text run at (1,1) width 30: "cells "
            RenderInline {strong} at (0,0) size 35x19
              RenderText {#text} at (31,1) size 35x19
                text run at (31,1) width 35: "there"
            RenderText {#text} at (66,1) size 3x19
              text run at (66,1) width 3: ":"
          RenderTableCell {td} at (167,144) size 92x2 [r=5 c=2 rs=1 cs=1]
        RenderTableRow {tr} at (0,161) size 264x21
          RenderTableCell {td} at (5,161) size 73x21 [r=6 c=0 rs=1 cs=1]
            RenderText {#text} at (1,1) size 30x19
              text run at (1,1) width 30: "And "
            RenderInline {strong} at (0,0) size 30x19
              RenderText {#text} at (31,1) size 30x19
                text run at (31,1) width 30: "here"
            RenderText {#text} at (61,1) size 3x19
              text run at (61,1) width 3: ":"
          RenderTableCell {td} at (83,170) size 79x2 [r=6 c=1 rs=1 cs=1]
          RenderTableCell {td} at (167,161) size 92x21 [r=6 c=2 rs=1 cs=1]
            RenderText {#text} at (1,1) size 77x19
              text run at (1,1) width 77: "(blank cells)."
