layer at (0,0) size 800x600
  RenderView at (0,0) size 800x600
layer at (0,0) size 800x154
  RenderBlock {test} at (0,0) size 800x154
    RenderBlock {tests} at (0,0) size 800x154 [color=#008000]
      RenderBlock {testA} at (0,0) size 800x22
        RenderText {#text} at (0,0) size 145x22
          text run at (0,0) width 145: "This should be green."
      RenderBlock {testB} at (0,22) size 800x22
        RenderText {#text} at (0,0) size 145x22
          text run at (0,0) width 145: "This should be green."
      RenderBlock {testC} at (0,44) size 800x22
        RenderText {#text} at (0,0) size 145x22
          text run at (0,0) width 145: "This should be green."
      RenderBlock {testD} at (0,66) size 800x22
        RenderText {#text} at (0,0) size 145x22
          text run at (0,0) width 145: "This should be green."
      RenderBlock {testE} at (0,88) size 800x22
        RenderText {#text} at (0,0) size 145x22
          text run at (0,0) width 145: "This should be green."
      RenderBlock {testF} at (0,110) size 800x22
        RenderText {#text} at (0,0) size 145x22
          text run at (0,0) width 145: "This should be green."
      RenderBlock {testG} at (0,132) size 800x22
        RenderText {#text} at (0,0) size 145x22
          text run at (0,0) width 145: "This should be green."
