layer at (0,0) size 800x600
  RenderView at (0,0) size 800x600
layer at (0,0) size 800x201
  RenderBlock {test} at (0,0) size 800x201
    RenderBlock {div} at (0,16) size 800x169
      RenderBlock {p} at (0,0) size 800x21
        RenderInline {span} at (0,0) size 417x21 [bgcolor=#00FF00]
          RenderText {#text} at (0,0) size 417x21
            text run at (0,0) width 417: "The text in this paragraph should have a green background"
        RenderText {#text} at (0,0) size 0x0
      RenderBlock {address} at (16,37) size 768x21 [bgcolor=#00FF00]
        RenderText {#text} at (0,0) size 329x21
          text run at (0,0) width 329: "This address should have a green background"
      RenderBlock {q} at (16,74) size 768x21 [bgcolor=#00FF00]
        RenderText {#text} at (0,0) size 495x21
          text run at (0,0) width 495: "This element in another namespace should have a green background."
      RenderBlock {r} at (16,111) size 768x21 [bgcolor=#00FF00]
        RenderText {#text} at (0,0) size 488x21
          text run at (0,0) width 488: "This element without a namespace should have a green background."
      RenderBlock {p} at (0,148) size 800x21
        RenderText {#text} at (0,0) size 250x21
          text run at (0,0) width 250: "This paragraph should be unstyled."
