layer at (0,0) size 800x600
  RenderView at (0,0) size 800x600
layer at (0,0) size 800x138
  RenderBlock {test} at (0,0) size 800x138
    RenderBlock {div} at (0,0) size 800x85
      RenderTable {table} at (0,0) size 136x85 [border: (1px outset #808080)]
        RenderTableSection (anonymous) at (1,1) size 134x83
          RenderTableRow {tr} at (0,2) size 134x25
            RenderTableCell {td} at (2,2) size 26x25 [border: (1px inset #808080)] [r=0 c=0 rs=1 cs=1]
              RenderText {#text} at (2,2) size 22x21
                text run at (2,2) width 22: "1.1"
            RenderTableCell {td} at (30,2) size 26x25 [border: (1px inset #808080)] [r=0 c=1 rs=1 cs=1]
              RenderText {#text} at (2,2) size 22x21
                text run at (2,2) width 22: "1.2"
            RenderTableCell {td} at (58,2) size 74x25 [bgcolor=#00FF00] [border: (1px inset #808080)] [r=0 c=2 rs=1 cs=1]
              RenderText {#text} at (2,2) size 70x21
                text run at (2,2) width 70: "green cell"
          RenderTableRow {tr} at (0,29) size 134x25
            RenderTableCell {td} at (2,29) size 26x25 [border: (1px inset #808080)] [r=1 c=0 rs=1 cs=1]
              RenderText {#text} at (2,2) size 22x21
                text run at (2,2) width 22: "2.1"
            RenderTableCell {td} at (30,29) size 26x25 [border: (1px inset #808080)] [r=1 c=1 rs=1 cs=1]
              RenderText {#text} at (2,2) size 22x21
                text run at (2,2) width 22: "2.2"
            RenderTableCell {td} at (58,29) size 74x25 [bgcolor=#00FF00] [border: (1px inset #808080)] [r=1 c=2 rs=1 cs=1]
              RenderText {#text} at (2,2) size 70x21
                text run at (2,2) width 70: "green cell"
          RenderTableRow {tr} at (0,56) size 134x25
            RenderTableCell {td} at (2,56) size 26x25 [border: (1px inset #808080)] [r=2 c=0 rs=1 cs=1]
              RenderText {#text} at (2,2) size 22x21
                text run at (2,2) width 22: "3.1"
            RenderTableCell {td} at (30,56) size 26x25 [border: (1px inset #808080)] [r=2 c=1 rs=1 cs=1]
              RenderText {#text} at (2,2) size 22x21
                text run at (2,2) width 22: "3.2"
            RenderTableCell {td} at (58,56) size 74x25 [bgcolor=#00FF00] [border: (1px inset #808080)] [r=2 c=2 rs=1 cs=1]
              RenderText {#text} at (2,2) size 70x21
                text run at (2,2) width 70: "green cell"
    RenderBlock {p} at (0,101) size 800x21
      RenderInline {span} at (0,0) size 491x21 [bgcolor=#00FF00]
        RenderText {#text} at (0,0) size 491x21
          text run at (0,0) width 310: "This paragraph contains a span that should "
          text run at (310,0) width 181: "have a green background"
      RenderText {#text} at (491,0) size 154x21
        text run at (491,0) width 154: " and some text after it."
