layer at (0,0) size 800x600
  RenderView at (0,0) size 800x600
layer at (0,0) size 800x462
  RenderBlock {test} at (0,0) size 800x462
    RenderBlock (anonymous) at (0,0) size 800x0
      RenderInline {test} at (0,0) size 0x0
        RenderText {#text} at (0,0) size 0x0
    RenderBlock (anonymous) at (0,0) size 800x462
      RenderBlock {line} at (0,0) size 800x22
        RenderText {#text} at (0,0) size 192x22
          text run at (0,0) width 192: "This line should be unstyled."
      RenderBlock {line} at (0,22) size 800x22 [bgcolor=#00FF00]
        RenderText {#text} at (0,0) size 173x22
          text run at (0,0) width 173: "This line should be green."
      RenderBlock {line} at (0,44) size 800x22
        RenderText {#text} at (0,0) size 192x22
          text run at (0,0) width 192: "This line should be unstyled."
      RenderBlock {line} at (0,66) size 800x22
        RenderText {#text} at (0,0) size 192x22
          text run at (0,0) width 192: "This line should be unstyled."
      RenderBlock {line} at (0,88) size 800x22 [bgcolor=#00FF00]
        RenderText {#text} at (0,0) size 173x22
          text run at (0,0) width 173: "This line should be green."
      RenderBlock {line} at (0,110) size 800x22
        RenderText {#text} at (0,0) size 192x22
          text run at (0,0) width 192: "This line should be unstyled."
      RenderBlock {line} at (0,132) size 800x22
        RenderText {#text} at (0,0) size 192x22
          text run at (0,0) width 192: "This line should be unstyled."
      RenderBlock {line} at (0,154) size 800x22 [bgcolor=#00FF00]
        RenderText {#text} at (0,0) size 173x22
          text run at (0,0) width 173: "This line should be green."
      RenderBlock {line} at (0,176) size 800x22
        RenderText {#text} at (0,0) size 192x22
          text run at (0,0) width 192: "This line should be unstyled."
      RenderBlock {line} at (0,198) size 800x22
        RenderText {#text} at (0,0) size 192x22
          text run at (0,0) width 192: "This line should be unstyled."
      RenderBlock {line} at (0,220) size 800x22 [bgcolor=#00FF00]
        RenderText {#text} at (0,0) size 173x22
          text run at (0,0) width 173: "This line should be green."
      RenderBlock {line} at (0,242) size 800x22
        RenderText {#text} at (0,0) size 192x22
          text run at (0,0) width 192: "This line should be unstyled."
      RenderBlock {line} at (0,264) size 800x22
        RenderText {#text} at (0,0) size 192x22
          text run at (0,0) width 192: "This line should be unstyled."
      RenderBlock {line} at (0,286) size 800x22 [bgcolor=#00FF00]
        RenderText {#text} at (0,0) size 173x22
          text run at (0,0) width 173: "This line should be green."
      RenderBlock {line} at (0,308) size 800x22
        RenderText {#text} at (0,0) size 192x22
          text run at (0,0) width 192: "This line should be unstyled."
      RenderBlock {line} at (0,330) size 800x22
        RenderText {#text} at (0,0) size 192x22
          text run at (0,0) width 192: "This line should be unstyled."
      RenderBlock {line} at (0,352) size 800x22 [bgcolor=#00FF00]
        RenderText {#text} at (0,0) size 173x22
          text run at (0,0) width 173: "This line should be green."
      RenderBlock {line} at (0,374) size 800x22
        RenderText {#text} at (0,0) size 192x22
          text run at (0,0) width 192: "This line should be unstyled."
      RenderBlock {line} at (0,396) size 800x22
        RenderText {#text} at (0,0) size 192x22
          text run at (0,0) width 192: "This line should be unstyled."
      RenderBlock {line} at (0,418) size 800x22 [bgcolor=#00FF00]
        RenderText {#text} at (0,0) size 173x22
          text run at (0,0) width 173: "This line should be green."
      RenderBlock {line} at (0,440) size 800x22
        RenderText {#text} at (0,0) size 192x22
          text run at (0,0) width 192: "This line should be unstyled."
    RenderBlock (anonymous) at (0,462) size 800x0
      RenderInline {test} at (0,0) size 0x0
      RenderText {#text} at (0,0) size 0x0
