layer at (0,0) size 800x600
  RenderView at (0,0) size 800x600
layer at (0,0) size 800x196
  RenderBlock {test} at (0,0) size 800x196
    RenderBlock {p} at (0,16) size 800x44 [bgcolor=#FFFFFF]
      RenderText {#text} at (0,0) size 796x22
        text run at (0,0) width 245: "This paragraph should be unstyled. "
        text run at (245,0) width 481: "The background of the following paragraph should become blue when "
        text run at (726,0) width 70: "you follow"
      RenderInline {a} at (0,0) size 54x22 [color=#0000EE]
        RenderText {#text} at (0,22) size 54x22
          text run at (0,22) width 54: "this link"
      RenderText {#text} at (54,22) size 4x22
        text run at (54,22) width 4: "."
    RenderBlock {p} at (0,76) size 800x44 [bgcolor=#FFFFFF]
      RenderText {#text} at (0,0) size 774x22
        text run at (0,0) width 299: "This paragraph should initially be unstyled. "
        text run at (299,0) width 475: "It should become blue when you select the link above. When you select"
      RenderInline {a} at (0,0) size 54x22 [color=#0000EE]
        RenderText {#text} at (0,22) size 54x22
          text run at (0,22) width 54: "this link"
      RenderText {#text} at (54,22) size 679x22
        text run at (54,22) width 292: ", it should return to being unstyled and the "
        text run at (346,22) width 387: "background of the paragraph below should become blue."
    RenderBlock {p} at (0,136) size 800x44 [bgcolor=#FFFFFF]
      RenderText {#text} at (0,0) size 779x22
        text run at (0,0) width 299: "This paragraph should initially be unstyled. "
        text run at (299,0) width 480: "It should become blue when you select the link above. When you follow"
      RenderInline {a} at (0,0) size 54x22 [color=#0000EE]
        RenderText {#text} at (0,22) size 54x22
          text run at (0,22) width 54: "this link"
      RenderText {#text} at (54,22) size 391x22
        text run at (54,22) width 155: ", the three paragraphs "
        text run at (209,22) width 236: "should all return to being unstyled."
