layer at (0,0) size 800x600
  RenderView at (0,0) size 800x600
layer at (0,0) size 800x191
  RenderBlock {test} at (0,0) size 800x191
    RenderBlock {div} at (0,16) size 800x159
      RenderBlock {p} at (0,0) size 800x19
        RenderText {#text} at (0,0) size 209x19
          text run at (0,0) width 209: "This paragraph should be unstyled."
      RenderBlock {address} at (0,35) size 800x19 [bgcolor=#00FF00]
        RenderText {#text} at (0,0) size 298x19
          text run at (0,0) width 298: "This address should have a green background."
      RenderBlock {address} at (0,70) size 800x19 [bgcolor=#00FF00]
        RenderText {#text} at (0,0) size 298x19
          text run at (0,0) width 298: "This address should have a green background."
      RenderBlock {q} at (0,105) size 800x19
        RenderText {#text} at (0,0) size 209x19
          text run at (0,0) width 209: "This paragraph should be unstyled."
      RenderBlock {r} at (0,140) size 800x19 [bgcolor=#00FF00]
        RenderText {#text} at (0,0) size 293x19
          text run at (0,0) width 293: "This paragraph should have a green background."
