layer at (0,0) size 800x600
  RenderView at (0,0) size 800x600
layer at (0,0) size 800x127
  RenderBlock {test} at (0,0) size 800x127
    RenderBlock {div} at (0,16) size 800x95
      RenderBlock {p} at (0,0) size 800x21 [color=#00FF00]
        RenderText {#text} at (0,0) size 326x21
          text run at (0,0) width 326: "This paragraph should be in green characters."
      RenderBlock {p} at (0,37) size 800x21 [color=#00FF00]
        RenderText {#text} at (0,0) size 326x21
          text run at (0,0) width 326: "This paragraph should be in green characters."
      RenderBlock {p} at (0,74) size 800x21 [color=#FF0000]
        RenderInline {span} at (0,0) size 326x21 [color=#00FF00]
          RenderText {#text} at (0,0) size 326x21
            text run at (0,0) width 326: "This paragraph should be in green characters."
        RenderText {#text} at (0,0) size 0x0
