layer at (0,0) size 800x600
  RenderView at (0,0) size 800x600
layer at (0,0) size 800x85
  RenderBlock {test} at (0,0) size 800x85
    RenderBlock {div} at (0,16) size 800x69
      RenderBlock {p} at (0,0) size 800x21
        RenderText {#text} at (0,0) size 261x21
          text run at (0,0) width 261: "The following block should be green."
      RenderBlock (anonymous) at (0,37) size 800x0
        RenderInline {stub} at (0,0) size 0x0
        RenderText {#text} at (0,0) size 0x0
        RenderText {#text} at (0,0) size 0x0
        RenderInline {t} at (0,0) size 0x0
        RenderText {#text} at (0,0) size 0x0
        RenderText {#text} at (0,0) size 0x0
        RenderInline {t} at (0,0) size 0x0
        RenderText {#text} at (0,0) size 0x0
        RenderText {#text} at (0,0) size 0x0
      RenderBlock {t} at (0,37) size 800x32 [bgcolor=#FF0000]
