layer at (0,0) size 800x600
  RenderView at (0,0) size 800x600
layer at (0,0) size 800x127
  RenderBlock {test} at (0,0) size 800x127
    RenderBlock {p} at (0,16) size 800x21 [bgcolor=#00FF00]
      RenderText {#text} at (0,0) size 349x21
        text run at (0,0) width 349: "This paragraph should have a green background."
    RenderBlock {div} at (0,53) size 800x58
      RenderBlock (anonymous) at (0,0) size 800x21
        RenderText {#text} at (0,0) size 266x21
          text run at (0,0) width 266: "This div contains only one paragraph."
      RenderBlock {p} at (0,37) size 800x21
        RenderText {#text} at (0,0) size 250x21
          text run at (0,0) width 250: "This paragraph should be unstyled."
