layer at (0,0) size 800x600
  RenderView at (0,0) size 800x600
layer at (0,0) size 800x244
  RenderBlock {test} at (0,0) size 800x244
    RenderBlock {div} at (0,16) size 800x212
      RenderBlock {p} at (0,0) size 800x22
        RenderText {#text} at (0,0) size 192x22
          text run at (0,0) width 192: "This line should be unstyled."
      RenderBlock {elementA} at (0,38) size 800x22
        RenderText {#text} at (0,0) size 192x22
          text run at (0,0) width 192: "This line should be unstyled."
      RenderBlock {elementB} at (0,76) size 800x22
        RenderText {#text} at (0,0) size 192x22
          text run at (0,0) width 192: "This line should be unstyled."
      RenderBlock {div} at (0,114) size 800x98
        RenderBlock {p} at (0,0) size 800x22 [bgcolor=#00FF00]
          RenderText {#text} at (0,0) size 284x22
            text run at (0,0) width 284: "This line should have a green background"
        RenderBlock {elementA} at (0,38) size 800x22 [bgcolor=#00FF00]
          RenderText {#text} at (0,0) size 284x22
            text run at (0,0) width 284: "This line should have a green background"
        RenderBlock {elementB} at (0,76) size 800x22 [bgcolor=#00FF00]
          RenderText {#text} at (0,0) size 284x22
            text run at (0,0) width 284: "This line should have a green background"
