layer at (0,0) size 800x600
  RenderView at (0,0) size 800x600
layer at (0,0) size 800x92
  RenderBlock {test} at (0,0) size 800x92
    RenderBlock {blockquote} at (40,16) size 720x22
      RenderBlock {div} at (0,0) size 720x22
        RenderText {#text} at (0,0) size 193x22
          text run at (0,0) width 193: "This text should be unstyled."
    RenderBlock {div} at (0,54) size 800x22
      RenderBlock {div} at (0,0) size 800x22
        RenderBlock {p} at (0,0) size 800x22 [color=#008000]
          RenderText {#text} at (0,0) size 174x22
            text run at (0,0) width 174: "This text should be green."
