layer at (0,0) size 800x600
  RenderView at (0,0) size 800x600
layer at (0,0) size 800x238
  RenderBlock {test} at (0,0) size 800x238
    RenderBlock {div} at (0,16) size 800x206
      RenderBlock {p} at (0,0) size 800x21
        RenderText {#text} at (0,0) size 203x21
          text run at (0,0) width 203: "This line should be unstyled."
      RenderBlock {elementA} at (0,37) size 800x21
        RenderText {#text} at (0,0) size 203x21
          text run at (0,0) width 203: "This line should be unstyled."
      RenderBlock {elementB} at (0,74) size 800x21
        RenderText {#text} at (0,0) size 203x21
          text run at (0,0) width 203: "This line should be unstyled."
      RenderBlock {div} at (0,111) size 800x95
        RenderBlock {p} at (0,0) size 800x21 [bgcolor=#00FF00]
          RenderText {#text} at (0,0) size 298x21
            text run at (0,0) width 298: "This line should have a green background"
        RenderBlock {elementA} at (0,37) size 800x21 [bgcolor=#00FF00]
          RenderText {#text} at (0,0) size 298x21
            text run at (0,0) width 298: "This line should have a green background"
        RenderBlock {elementB} at (0,74) size 800x21 [bgcolor=#00FF00]
          RenderText {#text} at (0,0) size 298x21
            text run at (0,0) width 298: "This line should have a green background"
