layer at (0,0) size 800x600
  RenderView at (0,0) size 800x600
layer at (0,0) size 800x185
  RenderBlock {test} at (0,0) size 800x185
    RenderBlock {div} at (0,0) size 800x169
      RenderBlock {q} at (0,0) size 800x21 [color=#FF0000]
        RenderInline {r} at (0,0) size 134x21 [color=#00FF00]
          RenderText {#text} at (0,0) size 134x21
            text run at (0,0) width 134: "This text should be"
        RenderText {#text} at (134,0) size 4x21
          text run at (134,0) width 4: " "
        RenderInline {r} at (0,0) size 136x21 [color=#00FF00]
          RenderText {#text} at (138,0) size 136x21
            text run at (138,0) width 136: "in green characters"
        RenderText {#text} at (0,0) size 0x0
      RenderBlock {s} at (0,37) size 800x21 [color=#00FF00]
        RenderText {#text} at (0,0) size 274x21
          text run at (0,0) width 274: "This text should be in green characters"
      RenderBlock {t} at (0,74) size 800x21 [color=#00FF00]
        RenderText {#text} at (0,0) size 274x21
          text run at (0,0) width 274: "This text should be in green characters"
      RenderBlock {p} at (0,111) size 800x21 [color=#00FF00]
        RenderText {#text} at (0,0) size 274x21
          text run at (0,0) width 274: "This text should be in green characters"
      RenderBlock {u} at (0,148) size 800x21 [color=#00FF00]
        RenderText {#text} at (0,0) size 274x21
          text run at (0,0) width 274: "This text should be in green characters"
