layer at (0,0) size 800x600
  RenderView at (0,0) size 800x600
layer at (0,0) size 800x138
  RenderBlock {test} at (0,0) size 800x138
    RenderBlock {p} at (0,16) size 800x106 [color=#008000]
      RenderBR {br} at (0,0) size 0x84
      RenderText {#text} at (0,84) size 173x22
        text run at (0,84) width 173: "This line should be green."
