layer at (0,0) size 800x600
  RenderView at (0,0) size 800x600
layer at (0,0) size 800x152
  RenderBlock {test} at (0,0) size 800x152
    RenderBlock {div} at (0,16) size 800x60
      RenderBlock {p} at (0,0) size 800x22 [bgcolor=#00FF00]
        RenderText {#text} at (0,0) size 333x22
          text run at (0,0) width 333: "This paragraph should have a green background"
      RenderBlock {div} at (0,38) size 800x22
        RenderBlock {p} at (0,0) size 800x22 [bgcolor=#00FF00]
          RenderText {#text} at (0,0) size 333x22
            text run at (0,0) width 333: "This paragraph should have a green background"
    RenderTable {table} at (0,92) size 247x60
      RenderTableSection {tbody} at (0,0) size 247x60
        RenderTableRow {tr} at (0,2) size 247x56
          RenderTableCell {td} at (2,2) size 243x56 [r=0 c=0 rs=1 cs=1]
            RenderBlock {p} at (1,17) size 241x22
              RenderText {#text} at (0,0) size 241x22
                text run at (0,0) width 241: "This paragraph should be unstyled."
