layer at (0,0) size 800x600
  RenderView at (0,0) size 800x600
layer at (0,0) size 800x95
  RenderBlock {test} at (0,0) size 800x95
    RenderBlock {p} at (0,16) size 800x21 [bgcolor=#00FF00]
      RenderText {#text} at (0,0) size 544x21
        text run at (0,0) width 459: "This paragraph should have green background because CLASS "
        text run at (459,0) width 85: "contains \"b\""
    RenderBlock {address} at (0,53) size 800x42 [bgcolor=#00FF00]
      RenderInline {span} at (0,0) size 178x21
        RenderText {#text} at (0,0) size 178x21
          text run at (0,0) width 178: "This address should also"
      RenderText {#text} at (178,0) size 4x21
        text run at (178,0) width 4: " "
      RenderInline {span} at (0,0) size 795x42
        RenderText {#text} at (182,0) size 795x42
          text run at (182,0) width 395: "have green background because the selector in the last "
          text run at (577,0) width 218: "rule does not apply to the inner"
          text run at (0,21) width 57: "SPANs."
      RenderText {#text} at (0,0) size 0x0
