layer at (0,0) size 800x600
  RenderView at (0,0) size 800x600
layer at (0,0) size 800x448
  RenderBlock {test} at (0,0) size 800x448
    RenderBlock {p} at (0,16) size 800x22
      RenderText {#text} at (0,0) size 241x22
        text run at (0,0) width 241: "This paragraph should be unstyled."
    RenderBlock {address} at (0,54) size 800x22
      RenderText {#text} at (0,0) size 211x22
        text run at (0,0) width 211: "This address should be unstyled."
    RenderBlock {p} at (0,92) size 800x22 [bgcolor=#00FF00]
      RenderText {#text} at (0,0) size 325x22
        text run at (0,0) width 325: "This paragraph should have green background."
    RenderBlock {p} at (0,130) size 800x22 [bgcolor=#00FF00]
      RenderText {#text} at (0,0) size 325x22
        text run at (0,0) width 325: "This paragraph should have green background."
    RenderBlock {dl} at (0,168) size 800x264
      RenderBlock {dt} at (0,0) size 800x22 [bgcolor=#00FF00]
        RenderText {#text} at (0,0) size 385x22
          text run at (0,0) width 385: "First definition term that should have green background."
      RenderBlock {dd} at (40,22) size 760x22 [bgcolor=#00FF00]
        RenderText {#text} at (0,0) size 391x22
          text run at (0,0) width 391: "First definition that should also have a green background."
      RenderBlock {dt} at (0,44) size 800x22 [bgcolor=#00FF00]
        RenderText {#text} at (0,0) size 402x22
          text run at (0,0) width 402: "Second definition term that should have green background."
      RenderBlock {dd} at (40,66) size 760x22 [bgcolor=#00FF00]
        RenderText {#text} at (0,0) size 366x22
          text run at (0,0) width 366: "Second definition that should have green background."
      RenderBlock {dt} at (0,88) size 800x22
        RenderText {#text} at (0,0) size 148x22
          text run at (0,0) width 148: "Third definition term."
      RenderBlock {dd} at (40,110) size 760x22
        RenderText {#text} at (0,0) size 112x22
          text run at (0,0) width 112: "Third definition."
      RenderBlock {dt} at (0,132) size 800x22 [bgcolor=#00FF00]
        RenderText {#text} at (0,0) size 401x22
          text run at (0,0) width 401: "Fourth definition term that should have green background."
      RenderBlock {dd} at (40,154) size 760x22 [bgcolor=#00FF00]
        RenderText {#text} at (0,0) size 365x22
          text run at (0,0) width 365: "Fourth definition that should have green background."
      RenderBlock {dt} at (0,176) size 800x22 [bgcolor=#00FF00]
        RenderText {#text} at (0,0) size 386x22
          text run at (0,0) width 386: "Fifth definition term that should have green background."
      RenderBlock {dd} at (40,198) size 760x22 [bgcolor=#00FF00]
        RenderText {#text} at (0,0) size 350x22
          text run at (0,0) width 350: "Fifth definition that should have green background."
      RenderBlock {dt} at (0,220) size 800x22
        RenderText {#text} at (0,0) size 143x22
          text run at (0,0) width 143: "Sixth definition term."
      RenderBlock {dd} at (40,242) size 760x22
        RenderText {#text} at (0,0) size 107x22
          text run at (0,0) width 107: "Sixth definition."
