layer at (0,0) size 800x600
  RenderView at (0,0) size 800x600
layer at (0,0) size 800x54
  RenderBlock {test} at (0,0) size 800x54
    RenderBlock {p} at (0,16) size 800x22 [color=#008000]
      RenderText {#text} at (0,0) size 424x22
        text run at (0,0) width 424: "This line should be green (there should be no red on this page)."
