layer at (0,0) size 800x600
  RenderView at (0,0) size 800x600
layer at (0,0) size 800x244
  RenderBlock {test} at (0,0) size 800x244
    RenderBlock {p} at (0,16) size 800x22 [color=#008000]
      RenderText {#text} at (0,0) size 174x22
        text run at (0,0) width 174: "This text should be green."
    RenderBlock {p} at (0,54) size 800x22 [color=#008000]
      RenderText {#text} at (0,0) size 174x22
        text run at (0,0) width 174: "This text should be green."
    RenderBlock {p} at (0,92) size 800x22 [color=#008000]
      RenderText {#text} at (0,0) size 174x22
        text run at (0,0) width 174: "This text should be green."
    RenderBlock {p} at (0,130) size 800x22 [color=#008000]
      RenderText {#text} at (0,0) size 174x22
        text run at (0,0) width 174: "This text should be green."
    RenderBlock {p} at (0,168) size 800x22 [color=#008000]
      RenderText {#text} at (0,0) size 174x22
        text run at (0,0) width 174: "This text should be green."
    RenderBlock {p} at (0,206) size 800x22 [color=#008000]
      RenderText {#text} at (0,0) size 174x22
        text run at (0,0) width 174: "This text should be green."
