layer at (0,0) size 800x600
  RenderView at (0,0) size 800x600
layer at (0,0) size 800x336
  RenderBlock {test} at (0,0) size 800x336
    RenderBlock {div} at (0,16) size 800x304
      RenderBlock {p} at (0,0) size 800x63
        RenderText {#text} at (0,0) size 757x42
          text run at (0,0) width 757: "The background color of this paragraph should turn to green when the mouse pointer hovers over any of the"
          text run at (0,21) width 68: "following:"
        RenderBR {br} at (68,21) size 0x21
        RenderInline {strong} at (0,0) size 69x21
          RenderText {#text} at (0,42) size 69x21
            text run at (0,42) width 69: "This text."
      RenderBlock {p} at (0,79) size 800x21
        RenderText {#text} at (0,0) size 64x21
          text run at (0,0) width 64: "This text."
      RenderTable {table} at (0,116) size 116x111
        RenderTableSection (anonymous) at (0,0) size 116x111
          RenderTableRow {tr} at (0,2) size 116x82
            RenderTableCell {td} at (2,2) size 112x82 [r=0 c=0 rs=1 cs=1]
              RenderTable {table} at (1,1) size 110x80
                RenderTableSection (anonymous) at (0,0) size 110x80
                  RenderTableRow {tr} at (0,2) size 110x76
                    RenderTableCell {td} at (2,2) size 106x76 [r=0 c=0 rs=1 cs=1]
                      RenderBlock {dl} at (1,17) size 104x42
                        RenderBlock {dt} at (0,0) size 104x21
                          RenderText {#text} at (0,0) size 64x21
                            text run at (0,0) width 64: "This text."
                        RenderBlock {dd} at (40,21) size 64x21
                          RenderText {#text} at (0,0) size 64x21
                            text run at (0,0) width 64: "This text."
          RenderTableRow {tr} at (0,86) size 116x23
            RenderTableCell {td} at (2,86) size 112x23 [r=1 c=0 rs=1 cs=1]
              RenderText {#text} at (1,1) size 64x21
                text run at (1,1) width 64: "This text."
      RenderBlock {p} at (0,243) size 800x24
        RenderInline {sub} at (0,0) size 55x17
          RenderText {#text} at (0,7) size 55x17
            text run at (0,7) width 55: "This text."
      RenderBlock {p} at (0,283) size 800x21
        RenderText {#text} at (0,0) size 640x21
          text run at (0,0) width 640: "...and anything else between the top of the first paragraph and the bottom of this paragraph."
