layer at (0,0) size 800x600
  RenderView at (0,0) size 800x600
layer at (0,0) size 800x86
  RenderBlock {test} at (0,0) size 800x86
    RenderBlock {p} at (0,16) size 800x19 [color=#00FF00]
      RenderText {#text} at (0,0) size 154x19
        text run at (0,0) width 154: "This text should be green."
    RenderBlock {p} at (0,51) size 800x19 [color=#00FF00]
      RenderText {#text} at (0,0) size 154x19
        text run at (0,0) width 154: "This text should be green."
