layer at (0,0) size 800x600
  RenderView at (0,0) size 800x600
layer at (0,0) size 800x201
  RenderBlock {test} at (0,0) size 800x201
    RenderBlock {div} at (0,16) size 800x169
      RenderBlock {p} at (0,0) size 800x21 [bgcolor=#00FF00]
        RenderText {#text} at (0,0) size 349x21
          text run at (0,0) width 349: "This paragraph should have a green background."
      RenderBlock {p} at (0,37) size 800x21
        RenderText {#text} at (0,0) size 226x21
          text run at (0,0) width 226: "But this one should be unstyled."
      RenderBlock {p} at (0,74) size 800x21
        RenderText {#text} at (0,0) size 265x21
          text run at (0,0) width 265: "And this one should also be unstyled."
      RenderBlock {address} at (0,111) size 800x21 [bgcolor=#00FF00]
        RenderText {#text} at (0,0) size 756x21
          text run at (0,0) width 756: "This address is only here to fill some space between two paragraphs and should have a green background."
      RenderBlock {p} at (0,148) size 800x21 [bgcolor=#00FF00]
        RenderText {#text} at (0,0) size 375x21
          text run at (0,0) width 375: "This paragraph should have a green background too."
