CONSOLE MESSAGE: line 9: TypeError: 'undefined' is not a function (evaluating 'document.getElementsByTagNameNS('http://www.w3.org/1999/xhtml', 'div')[0].setIdAttribute('title', true)')
layer at (0,0) size 800x600
  RenderView at (0,0) size 800x600
layer at (0,0) size 800x201
  RenderBlock {test} at (0,0) size 800x201
    RenderBlock {p} at (0,16) size 800x21 [color=#000080]
      RenderText {#text} at (0,0) size 542x21
        text run at (0,0) width 542: "This test requires support for two or more of XHTML, xml:id, and DOM3 Core."
    RenderBlock {div} at (0,53) size 800x21 [color=#FF0000]
      RenderText {#text} at (0,0) size 184x21
        text run at (0,0) width 184: "This line should be green."
    RenderBlock {p} at (0,90) size 800x21 [color=#008000]
      RenderText {#text} at (0,0) size 184x21
        text run at (0,0) width 184: "This line should be green."
    RenderBlock {p} at (0,127) size 800x21 [color=#008000]
      RenderText {#text} at (0,0) size 184x21
        text run at (0,0) width 184: "This line should be green."
    RenderBlock {p} at (0,164) size 800x21 [color=#008000]
      RenderText {#text} at (0,0) size 184x21
        text run at (0,0) width 184: "This line should be green."
