layer at (0,0) size 800x600
  RenderView at (0,0) size 800x600
layer at (0,0) size 800x448
  RenderBlock {test} at (0,0) size 800x448
    RenderBlock {p} at (0,16) size 800x22 [bgcolor=#00FF00]
      RenderText {#text} at (0,0) size 321x22
        text run at (0,0) width 321: "This paragraph should have green background"
    RenderBlock {address} at (0,54) size 800x22
      RenderText {#text} at (0,0) size 341x22
        text run at (0,0) width 341: "But this address is here only to fill space in the dom.."
    RenderBlock {p} at (0,92) size 800x22
      RenderText {#text} at (0,0) size 165x22
        text run at (0,0) width 165: "So does this paragraph !"
    RenderBlock {p} at (0,130) size 800x22
      RenderText {#text} at (0,0) size 167x22
        text run at (0,0) width 167: "And so does this one too."
    RenderBlock {dl} at (0,168) size 800x264
      RenderBlock {dt} at (0,0) size 800x22
        RenderText {#text} at (0,0) size 136x22
          text run at (0,0) width 136: "First definition term"
      RenderBlock {dd} at (40,22) size 760x22
        RenderText {#text} at (0,0) size 100x22
          text run at (0,0) width 100: "First definition"
      RenderBlock {dt} at (0,44) size 800x22
        RenderText {#text} at (0,0) size 153x22
          text run at (0,0) width 153: "Second definition term"
      RenderBlock {dd} at (40,66) size 760x22
        RenderText {#text} at (0,0) size 117x22
          text run at (0,0) width 117: "Second definition"
      RenderBlock {dt} at (0,88) size 800x22 [bgcolor=#00FF00]
        RenderText {#text} at (0,0) size 389x22
          text run at (0,0) width 389: "Third definition term that should have green background"
      RenderBlock {dd} at (40,110) size 760x22 [bgcolor=#00FF00]
        RenderText {#text} at (0,0) size 353x22
          text run at (0,0) width 353: "Third definition that should have green background"
      RenderBlock {dt} at (0,132) size 800x22
        RenderText {#text} at (0,0) size 152x22
          text run at (0,0) width 152: "Fourth definition term"
      RenderBlock {dd} at (40,154) size 760x22
        RenderText {#text} at (0,0) size 116x22
          text run at (0,0) width 116: "Fourth definition"
      RenderBlock {dt} at (0,176) size 800x22
        RenderText {#text} at (0,0) size 137x22
          text run at (0,0) width 137: "Fifth definition term"
      RenderBlock {dd} at (40,198) size 760x22
        RenderText {#text} at (0,0) size 101x22
          text run at (0,0) width 101: "Fifth definition"
      RenderBlock {dt} at (0,220) size 800x22 [bgcolor=#00FF00]
        RenderText {#text} at (0,0) size 384x22
          text run at (0,0) width 384: "Sixth definition term that should have green background"
      RenderBlock {dd} at (40,242) size 760x22 [bgcolor=#00FF00]
        RenderText {#text} at (0,0) size 348x22
          text run at (0,0) width 348: "Sixth definition that should have green background"
