layer at (0,0) size 800x600
  RenderView at (0,0) size 800x600
layer at (0,0) size 800x74
  RenderBlock {test} at (0,0) size 800x74
    RenderBlock {p} at (0,16) size 800x21 [bgcolor=#00FF00]
      RenderText {#text} at (0,0) size 561x21
        text run at (0,0) width 561: "This paragraph should have green background because its language is \"en-gb\""
    RenderBlock {address} at (0,53) size 800x21 [bgcolor=#00FF00]
      RenderInline {span} at (0,0) size 178x21
        RenderText {#text} at (0,0) size 178x21
          text run at (0,0) width 178: "This address should also"
      RenderText {#text} at (178,0) size 4x21
        text run at (178,0) width 4: " "
      RenderInline {span} at (0,0) size 570x21
        RenderText {#text} at (182,0) size 570x21
          text run at (182,0) width 474: "have green background because the language of the inner SPANs "
          text run at (656,0) width 96: "is not French."
      RenderText {#text} at (0,0) size 0x0
