layer at (0,0) size 800x600
  RenderView at (0,0) size 800x600
layer at (0,0) size 800x201
  RenderBlock {test} at (0,0) size 800x201
    RenderBlock {div} at (0,16) size 800x169
      RenderBlock {p} at (0,0) size 800x21
        RenderText {#text} at (0,0) size 250x21
          text run at (0,0) width 250: "This paragraph should be unstyled."
      RenderBlock {p} at (0,37) size 800x21 [bgcolor=#00FF00]
        RenderText {#text} at (0,0) size 321x21
          text run at (0,0) width 321: "But this one should have a green background"
      RenderBlock {p} at (0,74) size 800x21 [bgcolor=#00FF00]
        RenderText {#text} at (0,0) size 360x21
          text run at (0,0) width 360: "And this one should also have a green background"
      RenderBlock {address} at (0,111) size 800x21
        RenderText {#text} at (0,0) size 484x21
          text run at (0,0) width 484: "This address is only here to fill some space between two paragraphs"
      RenderBlock {p} at (0,148) size 800x21 [bgcolor=#00FF00]
        RenderText {#text} at (0,0) size 345x21
          text run at (0,0) width 345: "This paragraph should have a green background"
