layer at (0,0) size 800x600
  RenderView at (0,0) size 800x600
layer at (0,0) size 800x244
  RenderBlock {HTML} at (0,0) size 800x244
    RenderBody {BODY} at (8,8) size 784x220
      RenderBlock (anonymous) at (0,0) size 784x54
        RenderText {#text} at (0,0) size 766x53
          text run at (0,0) width 766: "This test checks that the decomposed unicode version of voiced japanese hiragana and katakana characters are rendered"
          text run at (0,18) width 763: "the same as the precomposed version. This test is a pixel-test, and passes when the text in the two heading elements are"
          text run at (0,36) width 60: "identical."
      RenderBlock {H2} at (0,73) size 784x27
        RenderText {#text} at (0,0) size 101x26
          text run at (0,0) width 101: "\x{30CF}\x{3099}\x{30CA}\x{30CA}\x{3068}\x{30CF}\x{309A}\x{30CA}\x{30DE}"
      RenderBlock {P} at (0,119) size 784x18
        RenderText {#text} at (0,0) size 166x17
          text run at (0,0) width 166: "The above is decomposed"
      RenderBlock {H2} at (0,156) size 784x27
        RenderText {#text} at (0,0) size 101x26
          text run at (0,0) width 101: "\x{30D0}\x{30CA}\x{30CA}\x{3068}\x{30D1}\x{30CA}\x{30DE}"
      RenderBlock {P} at (0,202) size 784x18
        RenderText {#text} at (0,0) size 172x17
          text run at (0,0) width 172: "The above is precomposed"
