layer at (0,0) size 784x1103
  RenderView at (0,0) size 784x600
layer at (0,0) size 784x1103
  RenderBlock {HTML} at (0,0) size 784x1103
    RenderBody {BODY} at (8,8) size 768x1082 [bgcolor=#EEEEEE]
      RenderBlock (anonymous) at (0,0) size 768x20
        RenderInline {SPAN} at (0,0) size 192x15
          RenderText {#text} at (0,0) size 0x0
          RenderInline {SPAN} at (0,0) size 192x15
            RenderText {#text} at (0,0) size 0x0
            RenderTable {TABLE} at (0,0) size 192x20
              RenderTableSection {TBODY} at (0,0) size 192x20
                RenderTableRow {TR} at (0,0) size 192x20
                  RenderTableCell {TD} at (0,0) size 116x20 [r=0 c=0 rs=1 cs=1]
                    RenderText {#text} at (1,1) size 114x17
                      text run at (1,1) width 114: "Record Locator:"
                  RenderTableCell {TD} at (116,0) size 76x20 [r=0 c=1 rs=1 cs=1]
                    RenderInline {B} at (0,0) size 74x17
                      RenderText {#text} at (1,1) size 74x17
                        text run at (1,1) width 74: "WHGNSO"
                    RenderText {#text} at (0,0) size 0x0
            RenderText {#text} at (0,0) size 0x0
          RenderText {#text} at (0,0) size 0x0
      RenderBlock (anonymous) at (0,26) size 768x2
        RenderBlock {HR} at (0,0) size 768x2 [border: (1px inset #000000)]
      RenderBlock (anonymous) at (0,34) size 768x43
        RenderInline {SPAN} at (0,0) size 109x41
          RenderInline {SPAN} at (0,0) size 109x41
            RenderText {#text} at (0,0) size 0x0
            RenderInline {SPAN} at (0,0) size 109x17
              RenderText {#text} at (0,0) size 0x0
              RenderImage {IMG} at (0,0) size 52x20
              RenderText {#text} at (52,0) size 57x17
                text run at (52,0) width 5: " "
                text run at (56,0) width 53: "Names"
              RenderBR {BR} at (108,14) size 1x0
            RenderText {#text} at (0,0) size 0x0
            RenderInline {SPAN} at (0,0) size 104x15
              RenderText {#text} at (0,0) size 0x0
              RenderText {#text} at (0,0) size 0x0
            RenderText {#text} at (0,0) size 0x0
          RenderText {#text} at (0,0) size 0x0
      RenderBlock (anonymous) at (0,83) size 768x2
        RenderBlock {HR} at (0,0) size 768x2 [border: (1px inset #000000)]
      RenderBlock (anonymous) at (0,91) size 768x67
        RenderInline {SPAN} at (0,0) size 588x65
          RenderInline {SPAN} at (0,0) size 588x65
            RenderText {#text} at (0,0) size 0x0
            RenderImage {IMG} at (0,1) size 61x20
            RenderText {#text} at (61,2) size 4x15
              text run at (61,2) width 4: " "
            RenderInline {SPAN} at (0,0) size 83x17
              RenderText {#text} at (64,0) size 83x17
                text run at (64,0) width 83: "Addresses"
              RenderBR {BR} at (146,14) size 1x0
            RenderText {#text} at (0,0) size 0x0
            RenderText {#text} at (0,0) size 0x0
          RenderText {#text} at (0,0) size 0x0
      RenderBlock (anonymous) at (0,164) size 768x2
        RenderBlock {HR} at (0,0) size 768x2 [border: (1px inset #000000)]
      RenderBlock (anonymous) at (0,172) size 768x40
        RenderInline {SPAN} at (0,0) size 124x41
          RenderInline {SPAN} at (0,0) size 124x41
            RenderText {#text} at (0,0) size 0x0
            RenderInline {SPAN} at (0,0) size 124x17
              RenderText {#text} at (0,0) size 0x0
              RenderImage {IMG} at (0,0) size 57x20
              RenderText {#text} at (57,0) size 67x17
                text run at (57,0) width 5: " "
                text run at (61,0) width 63: "Phones "
              RenderBR {BR} at (123,14) size 1x0
            RenderText {#text} at (0,0) size 0x0
      RenderBlock (anonymous) at (0,212) size 768x60
      RenderBlock (anonymous) at (0,272) size 768x0
        RenderInline {SPAN} at (0,0) size 0x0
          RenderInline {SPAN} at (0,0) size 0x0
            RenderText {#text} at (0,0) size 0x0
          RenderText {#text} at (0,0) size 0x0
      RenderBlock (anonymous) at (0,278) size 768x2
        RenderBlock {HR} at (0,0) size 768x2 [border: (1px inset #000000)]
      RenderBlock (anonymous) at (0,286) size 768x20
        RenderInline {SPAN} at (0,0) size 131x15
          RenderInline {SPAN} at (0,0) size 131x15
            RenderText {#text} at (0,0) size 0x0
            RenderInline {SPAN} at (0,0) size 131x17
              RenderText {#text} at (0,0) size 0x0
              RenderImage {IMG} at (0,0) size 63x20
              RenderText {#text} at (63,0) size 68x17
                text run at (63,0) width 5: " "
                text run at (67,0) width 64: "Itinerary"
            RenderText {#text} at (0,0) size 0x0
            RenderInline {SPAN} at (0,0) size 0x0
              RenderText {#text} at (0,0) size 0x0
              RenderInline {SPAN} at (0,0) size 0x0
                RenderText {#text} at (0,0) size 0x0
      RenderBlock (anonymous) at (0,306) size 768x60
        RenderTable {TABLE} at (0,0) size 581x60
          RenderTableSection {TBODY} at (0,0) size 581x60
            RenderTableRow {TR} at (0,2) size 581x56
              RenderTableCell {TD} at (2,29) size 2x2 [r=0 c=0 rs=1 cs=1]
              RenderTableCell {TD} at (6,2) size 2x2 [r=0 c=1 rs=1 cs=1]
              RenderTableCell {TD} at (10,19) size 148x22 [r=0 c=2 rs=1 cs=1]
                RenderImage {IMG} at (1,1) size 146x20
                RenderText {#text} at (0,0) size 0x0
              RenderTableCell {TD} at (160,2) size 419x56 [r=0 c=3 rs=1 cs=1]
                RenderText {#text} at (1,1) size 147x17
                  text run at (1,1) width 147: "TUR - Tour Package"
                RenderBR {BR} at (147,15) size 1x0
                RenderText {#text} at (1,19) size 230x17
                  text run at (1,19) width 230: "Date: Sunday, January 12, 2003"
                RenderBR {BR} at (230,33) size 1x0
                RenderText {#text} at (1,37) size 417x17
                  text run at (1,37) width 417: "Comments: -** TICKETLESS CONF CODE IS WHGNSO**"
      RenderBlock (anonymous) at (0,366) size 768x0
        RenderInline {SPAN} at (0,0) size 0x0
          RenderInline {SPAN} at (0,0) size 0x0
            RenderInline {SPAN} at (0,0) size 0x0
              RenderInline {SPAN} at (0,0) size 0x0
              RenderText {#text} at (0,0) size 0x0
      RenderBlock (anonymous) at (0,372) size 768x2
        RenderBlock {HR} at (0,0) size 768x2 [border: (1px inset #000000)]
      RenderBlock (anonymous) at (0,380) size 768x0
        RenderInline {SPAN} at (0,0) size 0x0
          RenderInline {SPAN} at (0,0) size 0x0
            RenderInline {SPAN} at (0,0) size 0x0
              RenderInline {SPAN} at (0,0) size 0x0
                RenderText {#text} at (0,0) size 0x0
      RenderBlock (anonymous) at (0,380) size 768x196
        RenderTable {TABLE} at (0,0) size 714x196
          RenderTableSection {TBODY} at (0,0) size 714x196
            RenderTableRow {TR} at (0,2) size 714x192
              RenderTableCell {TD} at (2,97) size 2x2 [r=0 c=0 rs=1 cs=1]
              RenderTableCell {TD} at (6,2) size 2x2 [r=0 c=1 rs=1 cs=1]
              RenderTableCell {TD} at (10,87) size 90x22 [r=0 c=2 rs=1 cs=1]
                RenderImage {IMG} at (1,1) size 88x20
                RenderText {#text} at (0,0) size 0x0
              RenderTableCell {TD} at (102,2) size 610x192 [r=0 c=3 rs=1 cs=1]
                RenderBlock (anonymous) at (1,1) size 608x126
                  RenderText {#text} at (0,0) size 24x17
                    text run at (0,0) width 24: "Air "
                  RenderBR {BR} at (0,0) size 0x0
                  RenderText {#text} at (0,18) size 487x17
                    text run at (0,18) width 51: "United "
                    text run at (50,18) width 85: "Flight 1187 "
                    text run at (134,18) width 124: "Booking Code:M "
                    text run at (257,18) width 230: "Date: Sunday, January 12, 2003"
                  RenderBR {BR} at (486,32) size 1x0
                  RenderText {#text} at (0,36) size 392x17
                    text run at (0,36) width 392: "From: San Francisco Intl Arpt, San Francisco CA - U.S."
                  RenderBR {BR} at (391,50) size 1x0
                  RenderText {#text} at (0,54) size 407x17
                    text run at (0,54) width 28: "To: "
                    text run at (27,54) width 380: "Burbank Glendale Pasadena Arpt, Burbank CA - U.S."
                  RenderBR {BR} at (406,68) size 1x0
                  RenderText {#text} at (0,72) size 248x17
                    text run at (0,72) width 129: "Departs: 6:05 PM "
                    text run at (128,72) width 120: "Arrives: 7:10 PM"
                  RenderBR {BR} at (247,86) size 1x0
                  RenderText {#text} at (0,90) size 50x17
                    text run at (0,90) width 50: "Status:"
                  RenderInline {SPACE} at (0,0) size 129x35
                    RenderText {#text} at (49,90) size 76x17
                      text run at (49,90) width 76: " confirmed"
                    RenderInline {SPACE} at (0,0) size 129x35
                      RenderText {#text} at (124,90) size 5x17
                        text run at (124,90) width 5: " "
                      RenderBR {BR} at (0,0) size 0x0
                      RenderText {#text} at (0,108) size 46x17
                        text run at (0,108) width 46: "Seats:"
                      RenderBR {BR} at (45,122) size 1x0
                RenderBlock (anonymous) at (1,127) size 608x46
                  RenderTable {TABLE} at (0,0) size 608x46 [border: (1px outset #808080)]
                    RenderTableSection {TBODY} at (1,1) size 606x44
                      RenderTableRow {TR} at (0,0) size 606x22 [bgcolor=#E0E0E0]
                        RenderTableCell {TD} at (0,0) size 98x22 [border: (1px inset #808080)] [r=0 c=0 rs=1 cs=1]
                          RenderText {#text} at (2,2) size 43x17
                            text run at (2,2) width 43: "Name"
                        RenderTableCell {TD} at (98,0) size 37x22 [border: (1px inset #808080)] [r=0 c=1 rs=1 cs=1]
                          RenderText {#text} at (2,2) size 33x17
                            text run at (2,2) width 33: "Seat"
                        RenderTableCell {TD} at (135,0) size 79x22 [border: (1px inset #808080)] [r=0 c=2 rs=1 cs=1]
                          RenderText {#text} at (2,2) size 46x17
                            text run at (2,2) width 46: "Status"
                        RenderTableCell {TD} at (214,0) size 318x22 [border: (1px inset #808080)] [r=0 c=3 rs=1 cs=1]
                          RenderText {#text} at (2,2) size 36x17
                            text run at (2,2) width 36: "Type"
                        RenderTableCell {TD} at (532,0) size 74x22 [border: (1px inset #808080)] [r=0 c=4 rs=1 cs=1]
                          RenderText {#text} at (2,2) size 70x17
                            text run at (2,2) width 70: "Comment"
                      RenderTableRow {TR} at (0,22) size 606x22
                        RenderTableCell {TD} at (0,22) size 98x22 [border: (1px inset #808080)] [r=1 c=0 rs=1 cs=1]
                          RenderText {#text} at (2,2) size 94x17
                            text run at (2,2) width 94: "HAO,SCOTT"
                        RenderTableCell {TD} at (98,22) size 37x22 [border: (1px inset #808080)] [r=1 c=1 rs=1 cs=1]
                          RenderText {#text} at (2,2) size 29x17
                            text run at (2,2) width 29: "08A"
                        RenderTableCell {TD} at (135,22) size 79x22 [border: (1px inset #808080)] [r=1 c=2 rs=1 cs=1]
                          RenderText {#text} at (2,2) size 75x17
                            text run at (2,2) width 75: "confirmed "
                        RenderTableCell {TD} at (214,22) size 318x22 [border: (1px inset #808080)] [r=1 c=3 rs=1 cs=1]
                          RenderText {#text} at (2,2) size 314x17
                            text run at (2,2) width 314: "Non-Smoking, Window Seat, Preferred Seat"
                        RenderTableCell {TD} at (532,22) size 74x22 [border: (1px inset #808080)] [r=1 c=4 rs=1 cs=1]
                          RenderText {#text} at (2,2) size 5x17
                            text run at (2,2) width 5: " "
                RenderBlock (anonymous) at (1,173) size 608x18
                  RenderInline {SPACE} at (0,0) size 0x17
                    RenderInline {SPACE} at (0,0) size 0x17
                      RenderBR {BR} at (0,0) size 0x17
      RenderBlock (anonymous) at (0,576) size 768x0
        RenderInline {SPAN} at (0,0) size 0x0
          RenderInline {SPAN} at (0,0) size 0x0
            RenderInline {SPAN} at (0,0) size 0x0
              RenderInline {SPAN} at (0,0) size 0x0
              RenderText {#text} at (0,0) size 0x0
      RenderBlock (anonymous) at (0,582) size 768x2
        RenderBlock {HR} at (0,0) size 768x2 [border: (1px inset #000000)]
      RenderBlock (anonymous) at (0,590) size 768x0
        RenderInline {SPAN} at (0,0) size 0x0
          RenderInline {SPAN} at (0,0) size 0x0
            RenderInline {SPAN} at (0,0) size 0x0
              RenderInline {SPAN} at (0,0) size 0x0
                RenderText {#text} at (0,0) size 0x0
      RenderBlock (anonymous) at (0,590) size 768x196
        RenderTable {TABLE} at (0,0) size 601x196
          RenderTableSection {TBODY} at (0,0) size 601x196
            RenderTableRow {TR} at (0,2) size 601x192
              RenderTableCell {TD} at (2,97) size 2x2 [r=0 c=0 rs=1 cs=1]
              RenderTableCell {TD} at (6,2) size 2x2 [r=0 c=1 rs=1 cs=1]
              RenderTableCell {TD} at (10,87) size 90x22 [r=0 c=2 rs=1 cs=1]
                RenderImage {IMG} at (1,1) size 88x20
                RenderText {#text} at (0,0) size 0x0
              RenderTableCell {TD} at (102,2) size 497x192 [r=0 c=3 rs=1 cs=1]
                RenderBlock (anonymous) at (1,1) size 495x126
                  RenderText {#text} at (0,0) size 24x17
                    text run at (0,0) width 24: "Air "
                  RenderBR {BR} at (0,0) size 0x0
                  RenderText {#text} at (0,18) size 467x17
                    text run at (0,18) width 51: "United "
                    text run at (50,18) width 76: "Flight 480 "
                    text run at (125,18) width 123: "Booking Code:Q "
                    text run at (247,18) width 220: "Date: Friday, January 24, 2003"
                  RenderBR {BR} at (466,32) size 1x0
                  RenderText {#text} at (0,36) size 426x17
                    text run at (0,36) width 426: "From: Burbank Glendale Pasadena Arpt, Burbank CA - U.S."
                  RenderBR {BR} at (425,50) size 1x0
                  RenderText {#text} at (0,54) size 373x17
                    text run at (0,54) width 28: "To: "
                    text run at (27,54) width 346: "San Francisco Intl Arpt, San Francisco CA - U.S."
                  RenderBR {BR} at (372,68) size 1x0
                  RenderText {#text} at (0,72) size 248x17
                    text run at (0,72) width 129: "Departs: 1:40 PM "
                    text run at (128,72) width 120: "Arrives: 2:50 PM"
                  RenderBR {BR} at (247,86) size 1x0
                  RenderText {#text} at (0,90) size 50x17
                    text run at (0,90) width 50: "Status:"
                  RenderInline {SPACE} at (0,0) size 129x35
                    RenderText {#text} at (49,90) size 76x17
                      text run at (49,90) width 76: " confirmed"
                    RenderInline {SPACE} at (0,0) size 129x35
                      RenderText {#text} at (124,90) size 5x17
                        text run at (124,90) width 5: " "
                      RenderBR {BR} at (0,0) size 0x0
                      RenderText {#text} at (0,108) size 46x17
                        text run at (0,108) width 46: "Seats:"
                      RenderBR {BR} at (45,122) size 1x0
                RenderBlock (anonymous) at (1,127) size 495x46
                  RenderTable {TABLE} at (0,0) size 495x46 [border: (1px outset #808080)]
                    RenderTableSection {TBODY} at (1,1) size 493x44
                      RenderTableRow {TR} at (0,0) size 493x22 [bgcolor=#E0E0E0]
                        RenderTableCell {TD} at (0,0) size 98x22 [border: (1px inset #808080)] [r=0 c=0 rs=1 cs=1]
                          RenderText {#text} at (2,2) size 43x17
                            text run at (2,2) width 43: "Name"
                        RenderTableCell {TD} at (98,0) size 37x22 [border: (1px inset #808080)] [r=0 c=1 rs=1 cs=1]
                          RenderText {#text} at (2,2) size 33x17
                            text run at (2,2) width 33: "Seat"
                        RenderTableCell {TD} at (135,0) size 79x22 [border: (1px inset #808080)] [r=0 c=2 rs=1 cs=1]
                          RenderText {#text} at (2,2) size 46x17
                            text run at (2,2) width 46: "Status"
                        RenderTableCell {TD} at (214,0) size 205x22 [border: (1px inset #808080)] [r=0 c=3 rs=1 cs=1]
                          RenderText {#text} at (2,2) size 36x17
                            text run at (2,2) width 36: "Type"
                        RenderTableCell {TD} at (419,0) size 74x22 [border: (1px inset #808080)] [r=0 c=4 rs=1 cs=1]
                          RenderText {#text} at (2,2) size 70x17
                            text run at (2,2) width 70: "Comment"
                      RenderTableRow {TR} at (0,22) size 493x22
                        RenderTableCell {TD} at (0,22) size 98x22 [border: (1px inset #808080)] [r=1 c=0 rs=1 cs=1]
                          RenderText {#text} at (2,2) size 94x17
                            text run at (2,2) width 94: "HAO,SCOTT"
                        RenderTableCell {TD} at (98,22) size 37x22 [border: (1px inset #808080)] [r=1 c=1 rs=1 cs=1]
                          RenderText {#text} at (2,2) size 28x17
                            text run at (2,2) width 28: "13F"
                        RenderTableCell {TD} at (135,22) size 79x22 [border: (1px inset #808080)] [r=1 c=2 rs=1 cs=1]
                          RenderText {#text} at (2,2) size 75x17
                            text run at (2,2) width 75: "confirmed "
                        RenderTableCell {TD} at (214,22) size 205x22 [border: (1px inset #808080)] [r=1 c=3 rs=1 cs=1]
                          RenderText {#text} at (2,2) size 201x17
                            text run at (2,2) width 201: "Non-Smoking, Window Seat"
                        RenderTableCell {TD} at (419,22) size 74x22 [border: (1px inset #808080)] [r=1 c=4 rs=1 cs=1]
                          RenderText {#text} at (2,2) size 5x17
                            text run at (2,2) width 5: " "
                RenderBlock (anonymous) at (1,173) size 495x18
                  RenderInline {SPACE} at (0,0) size 0x17
                    RenderInline {SPACE} at (0,0) size 0x17
                      RenderBR {BR} at (0,0) size 0x17
      RenderBlock (anonymous) at (0,786) size 768x0
        RenderInline {SPAN} at (0,0) size 0x0
          RenderInline {SPAN} at (0,0) size 0x0
            RenderInline {SPAN} at (0,0) size 0x0
              RenderInline {SPAN} at (0,0) size 0x0
              RenderText {#text} at (0,0) size 0x0
      RenderBlock (anonymous) at (0,792) size 768x2
        RenderBlock {HR} at (0,0) size 768x2 [border: (1px inset #000000)]
      RenderBlock (anonymous) at (0,800) size 768x0
        RenderInline {SPAN} at (0,0) size 0x0
          RenderInline {SPAN} at (0,0) size 0x0
            RenderInline {SPAN} at (0,0) size 0x0
              RenderInline {SPAN} at (0,0) size 0x0
                RenderText {#text} at (0,0) size 0x0
      RenderBlock (anonymous) at (0,800) size 768x114
        RenderTable {TABLE} at (0,0) size 614x114
          RenderTableSection {TBODY} at (0,0) size 614x114
            RenderTableRow {TR} at (0,2) size 614x110
              RenderTableCell {TD} at (2,56) size 2x2 [r=0 c=0 rs=1 cs=1]
              RenderTableCell {TD} at (6,2) size 2x2 [r=0 c=1 rs=1 cs=1]
              RenderTableCell {TD} at (10,46) size 90x22 [r=0 c=2 rs=1 cs=1]
                RenderImage {IMG} at (1,1) size 88x20
                RenderText {#text} at (0,0) size 0x0
              RenderTableCell {TD} at (102,2) size 510x110 [r=0 c=3 rs=1 cs=1]
                RenderText {#text} at (1,1) size 24x17
                  text run at (1,1) width 24: "Air "
                RenderBR {BR} at (0,0) size 0x0
                RenderText {#text} at (1,19) size 508x17
                  text run at (1,19) width 89: "UNKNOWN "
                  text run at (89,19) width 76: "Flight 123 "
                  text run at (164,19) width 121: "Booking Code:Y "
                  text run at (284,19) width 225: "Date: Tuesday, March 25, 2003"
                RenderBR {BR} at (508,33) size 1x0
                RenderText {#text} at (1,37) size 392x17
                  text run at (1,37) width 392: "From: San Francisco Intl Arpt, San Francisco CA - U.S."
                RenderBR {BR} at (392,51) size 1x0
                RenderText {#text} at (1,55) size 373x17
                  text run at (1,55) width 28: "To: "
                  text run at (28,55) width 346: "San Francisco Intl Arpt, San Francisco CA - U.S."
                RenderBR {BR} at (373,69) size 1x0
                RenderText {#text} at (1,73) size 173x17
                  text run at (1,73) width 92: "Departs: n/a "
                  text run at (92,73) width 82: "Arrives: n/a"
                RenderBR {BR} at (173,87) size 1x0
                RenderText {#text} at (1,91) size 50x17
                  text run at (1,91) width 50: "Status:"
                RenderInline {SPACE} at (0,0) size 198x17
                  RenderText {#text} at (50,91) size 193x17
                    text run at (50,91) width 193: " requested, await response"
                  RenderInline {SPACE} at (0,0) size 6x17
                    RenderText {#text} at (242,91) size 6x17
                      text run at (242,91) width 6: " "
                    RenderBR {BR} at (247,105) size 1x0
      RenderBlock (anonymous) at (0,914) size 768x0
        RenderInline {SPAN} at (0,0) size 0x0
          RenderInline {SPAN} at (0,0) size 0x0
            RenderInline {SPAN} at (0,0) size 0x0
              RenderInline {SPAN} at (0,0) size 0x0
              RenderText {#text} at (0,0) size 0x0
      RenderBlock (anonymous) at (0,920) size 768x2
        RenderBlock {HR} at (0,0) size 768x2 [border: (1px inset #000000)]
      RenderBlock (anonymous) at (0,928) size 768x50
        RenderInline {SPAN} at (0,0) size 196x48
          RenderInline {SPAN} at (0,0) size 0x0
            RenderInline {SPAN} at (0,0) size 0x0
            RenderText {#text} at (0,0) size 0x0
          RenderText {#text} at (0,0) size 0x0
          RenderInline {SPAN} at (0,0) size 98x17
            RenderText {#text} at (0,0) size 0x0
            RenderImage {IMG} at (0,0) size 20x20
            RenderText {#text} at (20,0) size 78x17
              text run at (20,0) width 5: " "
              text run at (24,0) width 74: "Remarks:"
            RenderBR {BR} at (97,14) size 1x0
          RenderText {#text} at (0,0) size 0x0
          RenderBR {BR} at (0,20) size 0x15
          RenderInline {SPAN} at (0,0) size 196x15
            RenderText {#text} at (0,35) size 196x15
              text run at (0,35) width 124: "SERVICE FEE MCO "
              text run at (123,35) width 73: "8103220490"
            RenderBR {BR} at (195,47) size 1x0
          RenderText {#text} at (0,0) size 0x0
      RenderBlock (anonymous) at (0,984) size 768x2
        RenderBlock {HR} at (0,0) size 768x2 [border: (1px inset #000000)]
      RenderBlock (anonymous) at (0,992) size 768x20
        RenderInline {SPAN} at (0,0) size 183x15
          RenderInline {SPAN} at (0,0) size 183x17
            RenderText {#text} at (0,0) size 0x0
            RenderImage {IMG} at (0,0) size 63x20
            RenderText {#text} at (63,0) size 5x17
              text run at (63,0) width 5: " "
            RenderInline {B} at (0,0) size 112x17
              RenderText {#text} at (67,0) size 112x17
                text run at (67,0) width 112: "Web Bookings"
            RenderText {#text} at (178,0) size 5x17
              text run at (178,0) width 5: " "
            RenderInline {SPAN} at (0,0) size 0x17
              RenderBR {BR} at (183,14) size 0x0
              RenderInline {SPAN} at (0,0) size 0x0
            RenderText {#text} at (0,0) size 0x0
          RenderText {#text} at (0,0) size 0x0
      RenderBlock (anonymous) at (0,1018) size 768x2
        RenderBlock {HR} at (0,0) size 768x2 [border: (1px inset #000000)]
      RenderBlock (anonymous) at (0,1026) size 768x20
        RenderInline {SPAN} at (0,0) size 279x15
          RenderInline {SPAN} at (0,0) size 279x15
            RenderText {#text} at (0,0) size 0x0
            RenderInline {SPAN} at (0,0) size 279x17
              RenderText {#text} at (0,0) size 0x0
              RenderImage {IMG} at (0,0) size 20x20
              RenderText {#text} at (20,0) size 259x17
                text run at (20,0) width 5: " "
                text run at (24,0) width 255: "Remarks and Service Information"
              RenderBR {BR} at (278,14) size 1x0
            RenderText {#text} at (0,0) size 0x0
            RenderText {#text} at (0,0) size 0x0
      RenderBlock (anonymous) at (0,1052) size 768x30
        RenderBlock {HR} at (0,0) size 768x2 [border: (1px inset #000000)]
        RenderBlock {P} at (0,15) size 768x15
          RenderText {#text} at (0,0) size 201x15
            text run at (0,0) width 201: "This itinerary is subject to change. "
          RenderInline {A} at (0,0) size 162x15 [color=#0000EE]
            RenderText {#text} at (200,0) size 162x15
              text run at (200,0) width 162: "Click here for latest updates"
          RenderText {#text} at (0,0) size 0x0
      RenderBlock (anonymous) at (0,1095) size 768x0
        RenderInline {SPAN} at (0,0) size 0x0
          RenderInline {SPAN} at (0,0) size 0x0
          RenderText {#text} at (0,0) size 0x0
layer at (23,42) size 104x15
  RenderInline (relative positioned) {SPAN} at (0,0) size 104x15
    RenderText {#text} at (0,0) size 0x0
    RenderInline {SPAN} at (0,0) size 104x15
      RenderText {#text} at (0,0) size 0x0
      RenderImage {IMG} at (0,20) size 20x20
      RenderText {#text} at (20,28) size 4x15
        text run at (20,28) width 4: " "
      RenderInline {SPAN} at (0,0) size 81x15
        RenderText {#text} at (23,28) size 81x15
          text run at (23,28) width 81: "HAO, SCOTT"
        RenderBR {BR} at (103,40) size 1x0
        RenderText {#text} at (0,0) size 0x0
      RenderText {#text} at (0,0) size 0x0
    RenderText {#text} at (0,0) size 0x0
layer at (23,99) size 588x38
  RenderInline (relative positioned) {SPAN} at (0,0) size 588x38
    RenderText {#text} at (0,0) size 0x0
    RenderImage {IMG} at (0,21) size 20x20
    RenderText {#text} at (20,29) size 568x15
      text run at (20,29) width 4: " "
      text run at (23,29) width 56: "Address: "
      text run at (78,29) width 510: "ST. JUDE MEDICAL, 21700 OXNARD ST SUITE 800, WOODLAND HILLS CA Z/91367 "
    RenderBR {BR} at (587,41) size 1x0
    RenderImage {IMG} at (0,44) size 20x20
    RenderText {#text} at (20,52) size 407x15
      text run at (20,52) width 4: " "
      text run at (23,52) width 49: "Deliver: "
      text run at (71,52) width 103: "DEBI STANGEL, "
      text run at (173,52) width 118: "119 GLEN COURT, "
      text run at (290,52) width 137: "DANVILLE CA Z/94526"
layer at (23,180) size 20x15
  RenderInline (relative positioned) {SPAN} at (0,0) size 20x15
    RenderText {#text} at (0,0) size 0x0
    RenderImage {IMG} at (0,20) size 20x20
    RenderText {#text} at (0,0) size 0x0
layer at (28,205) size 527x60
  RenderTable {TABLE} at (0,0) size 527x60 [border: (1px outset #808080)]
    RenderTableSection {TBODY} at (1,1) size 525x58
      RenderTableRow {TR} at (0,2) size 525x22 [bgcolor=#E0E0E0]
        RenderTableCell {TD} at (2,2) size 95x22 [border: (1px inset #808080)] [r=0 c=0 rs=1 cs=1]
          RenderText {#text} at (2,2) size 36x17
            text run at (2,2) width 36: "Type"
        RenderTableCell {TD} at (99,2) size 45x22 [border: (1px inset #808080)] [r=0 c=1 rs=1 cs=1]
          RenderText {#text} at (2,2) size 28x17
            text run at (2,2) width 28: "City"
        RenderTableCell {TD} at (146,2) size 377x22 [border: (1px inset #808080)] [r=0 c=2 rs=1 cs=1]
          RenderText {#text} at (2,2) size 47x17
            text run at (2,2) width 47: "Phone"
      RenderTableRow {TR} at (0,26) size 525x0
      RenderTableRow {TR} at (0,28) size 525x22
        RenderTableCell {TD} at (2,28) size 95x22 [border: (1px inset #808080)] [r=2 c=0 rs=1 cs=1]
          RenderText {#text} at (2,2) size 91x17
            text run at (2,2) width 91: "Travel Agent"
        RenderTableCell {TD} at (99,28) size 45x22 [border: (1px inset #808080)] [r=2 c=1 rs=1 cs=1]
          RenderText {#text} at (2,2) size 41x17
            text run at (2,2) width 41: "(LAX)"
        RenderTableCell {TD} at (146,28) size 377x22 [border: (1px inset #808080)] [r=2 c=2 rs=1 cs=1]
          RenderText {#text} at (2,2) size 373x17
            text run at (2,2) width 373: "RQ0/818 990-4053-PLAZA TRAVEL - 05838276-RC"
      RenderTableRow {TR} at (0,52) size 525x0
      RenderTableRow {TR} at (0,54) size 525x0
      RenderTableRow {TR} at (0,56) size 525x0
