layer at (0,0) size 880x1229
  RenderView at (0,0) size 785x585
layer at (0,0) size 785x1229
  RenderBlock {HTML} at (0,0) size 785x1229
    RenderBody {BODY} at (8,8) size 769x1213 [bgcolor=#CCCCCC]
      RenderBlock {P} at (0,0) size 769x19
        RenderText {#text} at (0,0) size 355x19
          text run at (0,0) width 355: "The style declarations which apply to the text below are:"
      RenderBlock {PRE} at (0,35) size 769x30
        RenderText {#text} at (0,0) size 872x30
          text run at (0,0) width 872: "BODY {background-image: url(../resources/bg.gif); background-repeat: repeat-x; background-attachment: fixed;}"
          text run at (872,0) width 0: " "
          text run at (0,15) width 0: " "
      RenderBlock {HR} at (0,78) size 769x2 [border: (1px inset #000000)]
      RenderBlock {P} at (0,96) size 769x95
        RenderText {#text} at (0,0) size 763x95
          text run at (0,0) width 763: "This document should have a green grid-pattern line across the top of the page (or at least a tiled background) which does"
          text run at (0,19) width 201: "NOT scroll with the document. "
          text run at (201,19) width 552: "It should, instead, appear to be a fixed pattern past which the content scrolls, even when"
          text run at (0,38) width 195: "the end of the page is reached. "
          text run at (195,38) width 566: "In addition, the default Test Suite background should NOT appear, as it's been overridden"
          text run at (0,57) width 174: "by the styles shown above. "
          text run at (174,57) width 546: "I'll have to add a lot of extra text to the page in order to make all this something we can"
          text run at (0,76) width 98: "actually check. "
          text run at (98,76) width 227: "Don't worry, I'll think of something."
      RenderBlock {P} at (0,207) size 769x19
        RenderText {#text} at (0,0) size 508x19
          text run at (0,0) width 417: "In fact, why not the relevant section from the CSS1 specification? "
          text run at (417,0) width 91: "A capital idea."
      RenderBlock {HR} at (0,242) size 769x2 [border: (1px inset #000000)]
      RenderBlock {HR} at (0,252) size 769x2 [border: (1px inset #000000)]
      RenderBlock {H4} at (0,275) size 769x19
        RenderInline {A} at (0,0) size 220x19
          RenderText {#text} at (0,0) size 220x19
            text run at (0,0) width 220: "5.3.5    'background-attachment'"
        RenderText {#text} at (0,0) size 0x0
      RenderBlock {P} at (0,315) size 769x95
        RenderInline {EM} at (0,0) size 42x19
          RenderText {#text} at (0,0) size 42x19
            text run at (0,0) width 42: "Value:"
        RenderText {#text} at (42,0) size 81x19
          text run at (42,0) width 81: " scroll | fixed"
        RenderBR {BR} at (123,15) size 0x0
        RenderInline {EM} at (0,0) size 42x19
          RenderText {#text} at (0,19) size 42x19
            text run at (0,19) width 42: "Initial:"
        RenderText {#text} at (42,19) size 38x19
          text run at (42,19) width 38: " scroll"
        RenderBR {BR} at (80,34) size 0x0
        RenderInline {EM} at (0,0) size 68x19
          RenderText {#text} at (0,38) size 68x19
            text run at (0,38) width 68: "Applies to:"
        RenderText {#text} at (68,38) size 78x19
          text run at (68,38) width 78: " all elements"
        RenderBR {BR} at (146,53) size 0x0
        RenderInline {EM} at (0,0) size 62x19
          RenderText {#text} at (0,57) size 62x19
            text run at (0,57) width 62: "Inherited:"
        RenderText {#text} at (62,57) size 20x19
          text run at (62,57) width 20: " no"
        RenderBR {BR} at (82,72) size 0x0
        RenderInline {EM} at (0,0) size 121x19
          RenderText {#text} at (0,76) size 121x19
            text run at (0,76) width 121: "Percentage values:"
        RenderText {#text} at (121,76) size 32x19
          text run at (121,76) width 32: " N/A"
        RenderBR {BR} at (153,91) size 0x0
      RenderBlock {P} at (0,426) size 769x38
        RenderText {#text} at (0,0) size 765x38
          text run at (0,0) width 765: "If a background image is specified, the value of 'background-attachment' determines if it is fixed with regard to the canvas"
          text run at (0,19) width 230: "or if it scrolls along with the content."
      RenderBlock {PRE} at (0,480) size 769x75
        RenderText {#text} at (0,0) size 296x75
          text run at (0,0) width 72: "  BODY { "
          text run at (72,0) width 0: " "
          text run at (0,15) width 296: "    background: red url(pendant.gif);"
          text run at (296,15) width 0: " "
          text run at (0,30) width 256: "    background-repeat: repeat-y;"
          text run at (256,30) width 0: " "
          text run at (0,45) width 264: "    background-attachment: fixed;"
          text run at (264,45) width 0: " "
          text run at (0,60) width 24: "  }"
          text run at (24,60) width 0: " "
      RenderBlock {P} at (0,571) size 769x57
        RenderInline {EM} at (0,0) size 72x19
          RenderText {#text} at (0,0) size 72x19
            text run at (0,0) width 72: "CSS1 core:"
        RenderText {#text} at (72,0) size 767x57
          text run at (72,0) width 671: " UAs may treat 'fixed' as 'scroll'. However, it is recommended they interpret 'fixed' correctly, at least on the"
          text run at (0,19) width 767: "HTML and BODY elements, since there is no way for an author to provide an image only for those browsers that support"
          text run at (0,38) width 42: "'fixed'."
      RenderTable {TABLE} at (0,644) size 769x569 [border: (1px outset #808080)]
        RenderTableSection {TBODY} at (1,1) size 767x567
          RenderTableRow {TR} at (0,0) size 767x27
            RenderTableCell {TD} at (0,0) size 767x27 [bgcolor=#C0C0C0] [border: (1px inset #808080)] [r=0 c=0 rs=1 cs=2]
              RenderInline {STRONG} at (0,0) size 163x19
                RenderText {#text} at (4,4) size 163x19
                  text run at (4,4) width 163: "TABLE Testing Section"
          RenderTableRow {TR} at (0,27) size 767x540
            RenderTableCell {TD} at (0,283) size 12x27 [bgcolor=#C0C0C0] [border: (1px inset #808080)] [r=1 c=0 rs=1 cs=1]
              RenderText {#text} at (4,4) size 4x19
                text run at (4,4) width 4: " "
            RenderTableCell {TD} at (12,27) size 755x540 [border: (1px inset #808080)] [r=1 c=1 rs=1 cs=1]
              RenderBlock {P} at (4,4) size 747x95
                RenderText {#text} at (0,0) size 747x95
                  text run at (0,0) width 730: "This document should have a green grid-pattern line across the top of the page (or at least a tiled background) which"
                  text run at (0,19) width 234: "does NOT scroll with the document. "
                  text run at (234,19) width 513: "It should, instead, appear to be a fixed pattern past which the content scrolls, even"
                  text run at (0,38) width 234: "when the end of the page is reached. "
                  text run at (234,38) width 494: "In addition, the default Test Suite background should NOT appear, as it's been"
                  text run at (0,57) width 246: "overridden by the styles shown above. "
                  text run at (246,57) width 497: "I'll have to add a lot of extra text to the page in order to make all this something"
                  text run at (0,76) width 147: "we can actually check. "
                  text run at (147,76) width 227: "Don't worry, I'll think of something."
              RenderBlock {P} at (4,115) size 747x19
                RenderText {#text} at (0,0) size 508x19
                  text run at (0,0) width 417: "In fact, why not the relevant section from the CSS1 specification? "
                  text run at (417,0) width 91: "A capital idea."
              RenderBlock {HR} at (4,150) size 747x2 [border: (1px inset #000000)]
              RenderBlock {HR} at (4,160) size 747x2 [border: (1px inset #000000)]
              RenderBlock {H4} at (4,183) size 747x19
                RenderInline {A} at (0,0) size 220x19
                  RenderText {#text} at (0,0) size 220x19
                    text run at (0,0) width 220: "5.3.5    'background-attachment'"
                RenderText {#text} at (0,0) size 0x0
              RenderBlock {P} at (4,223) size 747x95
                RenderInline {EM} at (0,0) size 42x19
                  RenderText {#text} at (0,0) size 42x19
                    text run at (0,0) width 42: "Value:"
                RenderText {#text} at (42,0) size 81x19
                  text run at (42,0) width 81: " scroll | fixed"
                RenderBR {BR} at (123,15) size 0x0
                RenderInline {EM} at (0,0) size 42x19
                  RenderText {#text} at (0,19) size 42x19
                    text run at (0,19) width 42: "Initial:"
                RenderText {#text} at (42,19) size 38x19
                  text run at (42,19) width 38: " scroll"
                RenderBR {BR} at (80,34) size 0x0
                RenderInline {EM} at (0,0) size 68x19
                  RenderText {#text} at (0,38) size 68x19
                    text run at (0,38) width 68: "Applies to:"
                RenderText {#text} at (68,38) size 78x19
                  text run at (68,38) width 78: " all elements"
                RenderBR {BR} at (146,53) size 0x0
                RenderInline {EM} at (0,0) size 62x19
                  RenderText {#text} at (0,57) size 62x19
                    text run at (0,57) width 62: "Inherited:"
                RenderText {#text} at (62,57) size 20x19
                  text run at (62,57) width 20: " no"
                RenderBR {BR} at (82,72) size 0x0
                RenderInline {EM} at (0,0) size 121x19
                  RenderText {#text} at (0,76) size 121x19
                    text run at (0,76) width 121: "Percentage values:"
                RenderText {#text} at (121,76) size 32x19
                  text run at (121,76) width 32: " N/A"
                RenderBR {BR} at (153,91) size 0x0
              RenderBlock {P} at (4,334) size 747x38
                RenderText {#text} at (0,0) size 718x38
                  text run at (0,0) width 718: "If a background image is specified, the value of 'background-attachment' determines if it is fixed with regard to the"
                  text run at (0,19) width 277: "canvas or if it scrolls along with the content."
              RenderBlock {PRE} at (4,388) size 747x75
                RenderText {#text} at (0,0) size 296x75
                  text run at (0,0) width 72: "  BODY { "
                  text run at (72,0) width 0: " "
                  text run at (0,15) width 296: "    background: red url(pendant.gif);"
                  text run at (296,15) width 0: " "
                  text run at (0,30) width 256: "    background-repeat: repeat-y;"
                  text run at (256,30) width 0: " "
                  text run at (0,45) width 264: "    background-attachment: fixed;"
                  text run at (264,45) width 0: " "
                  text run at (0,60) width 24: "  }"
                  text run at (24,60) width 0: " "
              RenderBlock {P} at (4,479) size 747x57
                RenderInline {EM} at (0,0) size 72x19
                  RenderText {#text} at (0,0) size 72x19
                    text run at (0,0) width 72: "CSS1 core:"
                RenderText {#text} at (72,0) size 743x57
                  text run at (72,0) width 671: " UAs may treat 'fixed' as 'scroll'. However, it is recommended they interpret 'fixed' correctly, at least on the"
                  text run at (0,19) width 716: "HTML and BODY elements, since there is no way for an author to provide an image only for those browsers that"
                  text run at (0,38) width 93: "support 'fixed'."
