layer at (0,0) size 800x600
  RenderView at (0,0) size 800x600
layer at (0,0) size 800x600
  RenderBlock {HTML} at (0,0) size 800x600
    RenderBody {BODY} at (8,8) size 784x584
      RenderBlock {H1} at (0,0) size 784x37
        RenderText {#text} at (0,0) size 257x36
          text run at (0,0) width 257: "Input Type \"time\""
      RenderBlock {H2} at (0,58) size 784x28
        RenderText {#text} at (0,0) size 153x26
          text run at (0,0) width 153: "Pseudo Classes"
      RenderTable {TABLE} at (0,105) size 244x207
        RenderTableSection {TBODY} at (0,0) size 244x206
          RenderTableRow {TR} at (0,2) size 244x32
            RenderTableCell {TH} at (2,7) size 104x22 [r=0 c=0 rs=1 cs=1]
              RenderText {#text} at (1,1) size 102x19
                text run at (1,1) width 102: ":enabled, :valid"
            RenderTableCell {TD} at (108,2) size 134x32 [r=0 c=1 rs=1 cs=1]
              RenderBlock {INPUT} at (3,3) size 128x26 [color=#008000] [bgcolor=#FFFFFF] [border: (2px inset #008000)]
                RenderDeprecatedFlexibleBox {DIV} at (3,3) size 122x20
                  RenderBlock (anonymous) at (0,0) size 104x20
                    RenderBlock {SPAN} at (0,0) size 20x20
                      RenderText {#text} at (2,2) size 16x16
                        text run at (2,2) width 16: "12"
                    RenderText {#text} at (20,2) size 8x16
                      text run at (20,2) width 8: ":"
                    RenderBlock {SPAN} at (28,0) size 20x20
                      RenderText {#text} at (2,2) size 16x16
                        text run at (2,2) width 16: "34"
                    RenderText {#text} at (48,2) size 8x16
                      text run at (48,2) width 8: ":"
                    RenderBlock {SPAN} at (56,0) size 20x20 [color=#808080]
                      RenderText {#text} at (2,2) size 16x16
                        text run at (2,2) width 16: "00"
                    RenderText {#text} at (76,2) size 8x16
                      text run at (76,2) width 8: " "
                    RenderInline {SPAN} at (0,0) size 20x20
                      RenderText {#text} at (86,2) size 16x16
                        text run at (86,2) width 16: "PM"
          RenderTableRow {TR} at (0,36) size 244x32
            RenderTableCell {TH} at (2,41) size 104x22 [r=1 c=0 rs=1 cs=1]
              RenderText {#text} at (22,1) size 60x19
                text run at (22,1) width 60: ":disabled"
            RenderTableCell {TD} at (108,36) size 134x32 [r=1 c=1 rs=1 cs=1]
              RenderBlock {INPUT} at (3,3) size 128x26 [color=#808080] [bgcolor=#EBEBE4] [border: (2px inset #808080)]
                RenderDeprecatedFlexibleBox {DIV} at (3,3) size 122x20
                  RenderBlock (anonymous) at (0,0) size 104x20
                    RenderBlock {SPAN} at (0,0) size 20x20
                      RenderText {#text} at (2,2) size 16x16
                        text run at (2,2) width 16: "12"
                    RenderText {#text} at (20,2) size 8x16
                      text run at (20,2) width 8: ":"
                    RenderBlock {SPAN} at (28,0) size 20x20
                      RenderText {#text} at (2,2) size 16x16
                        text run at (2,2) width 16: "34"
                    RenderText {#text} at (48,2) size 8x16
                      text run at (48,2) width 8: ":"
                    RenderBlock {SPAN} at (56,0) size 20x20
                      RenderText {#text} at (2,2) size 16x16
                        text run at (2,2) width 16: "00"
                    RenderText {#text} at (76,2) size 8x16
                      text run at (76,2) width 8: " "
                    RenderInline {SPAN} at (0,0) size 20x20
                      RenderText {#text} at (86,2) size 16x16
                        text run at (86,2) width 16: "PM"
          RenderTableRow {TR} at (0,70) size 244x32
            RenderTableCell {TH} at (2,75) size 104x22 [r=2 c=0 rs=1 cs=1]
              RenderText {#text} at (27,1) size 50x19
                text run at (27,1) width 50: ":invalid"
            RenderTableCell {TD} at (108,70) size 134x32 [r=2 c=1 rs=1 cs=1]
              RenderBlock {INPUT} at (3,3) size 128x26 [color=#FFC0CB] [bgcolor=#FFFFFF] [border: (2px inset #FFC0CB)]
                RenderDeprecatedFlexibleBox {DIV} at (3,3) size 122x20
                  RenderBlock (anonymous) at (0,0) size 104x20
                    RenderBlock {SPAN} at (0,0) size 20x20
                      RenderText {#text} at (2,2) size 16x16
                        text run at (2,2) width 16: "12"
                    RenderText {#text} at (20,2) size 8x16
                      text run at (20,2) width 8: ":"
                    RenderBlock {SPAN} at (28,0) size 20x20
                      RenderText {#text} at (2,2) size 16x16
                        text run at (2,2) width 16: "34"
                    RenderText {#text} at (48,2) size 8x16
                      text run at (48,2) width 8: ":"
                    RenderBlock {SPAN} at (56,0) size 20x20 [color=#808080]
                      RenderText {#text} at (2,2) size 16x16
                        text run at (2,2) width 16: "00"
                    RenderText {#text} at (76,2) size 8x16
                      text run at (76,2) width 8: " "
                    RenderInline {SPAN} at (0,0) size 20x20
                      RenderText {#text} at (86,2) size 16x16
                        text run at (86,2) width 16: "PM"
          RenderTableRow {TR} at (0,104) size 244x32
            RenderTableCell {TH} at (2,109) size 104x22 [r=3 c=0 rs=1 cs=1]
              RenderText {#text} at (22,1) size 60x19
                text run at (22,1) width 60: ":in-range"
            RenderTableCell {TD} at (108,104) size 134x32 [r=3 c=1 rs=1 cs=1]
              RenderBlock {INPUT} at (3,3) size 128x26 [color=#008000] [bgcolor=#FFFFFF] [border: (2px inset #008000)]
                RenderDeprecatedFlexibleBox {DIV} at (3,3) size 122x20
                  RenderBlock (anonymous) at (0,0) size 104x20
                    RenderBlock {SPAN} at (0,0) size 20x20
                      RenderText {#text} at (2,2) size 16x16
                        text run at (2,2) width 16: "12"
                    RenderText {#text} at (20,2) size 8x16
                      text run at (20,2) width 8: ":"
                    RenderBlock {SPAN} at (28,0) size 20x20
                      RenderText {#text} at (2,2) size 16x16
                        text run at (2,2) width 16: "34"
                    RenderText {#text} at (48,2) size 8x16
                      text run at (48,2) width 8: ":"
                    RenderBlock {SPAN} at (56,0) size 20x20 [color=#808080]
                      RenderText {#text} at (2,2) size 16x16
                        text run at (2,2) width 16: "00"
                    RenderText {#text} at (76,2) size 8x16
                      text run at (76,2) width 8: " "
                    RenderInline {SPAN} at (0,0) size 20x20
                      RenderText {#text} at (86,2) size 16x16
                        text run at (86,2) width 16: "PM"
          RenderTableRow {TR} at (0,138) size 244x32
            RenderTableCell {TH} at (2,143) size 104x22 [r=4 c=0 rs=1 cs=1]
              RenderText {#text} at (8,1) size 88x19
                text run at (8,1) width 88: ":out-of-range"
            RenderTableCell {TD} at (108,138) size 134x32 [r=4 c=1 rs=1 cs=1]
              RenderBlock {INPUT} at (3,3) size 128x26 [color=#FF0000] [bgcolor=#FFFFFF] [border: (2px inset #FF0000)]
                RenderDeprecatedFlexibleBox {DIV} at (3,3) size 122x20
                  RenderBlock (anonymous) at (0,0) size 104x20
                    RenderBlock {SPAN} at (0,0) size 20x20
                      RenderText {#text} at (2,2) size 16x16
                        text run at (2,2) width 16: "12"
                    RenderText {#text} at (20,2) size 8x16
                      text run at (20,2) width 8: ":"
                    RenderBlock {SPAN} at (28,0) size 20x20
                      RenderText {#text} at (2,2) size 16x16
                        text run at (2,2) width 16: "34"
                    RenderText {#text} at (48,2) size 8x16
                      text run at (48,2) width 8: ":"
                    RenderBlock {SPAN} at (56,0) size 20x20 [color=#808080]
                      RenderText {#text} at (2,2) size 16x16
                        text run at (2,2) width 16: "00"
                    RenderText {#text} at (76,2) size 8x16
                      text run at (76,2) width 8: " "
                    RenderInline {SPAN} at (0,0) size 20x20
                      RenderText {#text} at (86,2) size 16x16
                        text run at (86,2) width 16: "PM"
          RenderTableRow {TR} at (0,172) size 244x32
            RenderTableCell {TH} at (2,177) size 104x22 [r=5 c=0 rs=1 cs=1]
              RenderText {#text} at (18,1) size 68x19
                text run at (18,1) width 68: ":read-only"
            RenderTableCell {TD} at (108,172) size 134x32 [r=5 c=1 rs=1 cs=1]
              RenderBlock {INPUT} at (3,3) size 128x26 [color=#0000FF] [bgcolor=#FFFFFF] [border: (2px inset #0000FF)]
                RenderDeprecatedFlexibleBox {DIV} at (3,3) size 122x20
                  RenderBlock (anonymous) at (0,0) size 104x20
                    RenderBlock {SPAN} at (0,0) size 20x20
                      RenderText {#text} at (2,2) size 16x16
                        text run at (2,2) width 16: "12"
                    RenderText {#text} at (20,2) size 8x16
                      text run at (20,2) width 8: ":"
                    RenderBlock {SPAN} at (28,0) size 20x20
                      RenderText {#text} at (2,2) size 16x16
                        text run at (2,2) width 16: "34"
                    RenderText {#text} at (48,2) size 8x16
                      text run at (48,2) width 8: ":"
                    RenderBlock {SPAN} at (56,0) size 20x20 [color=#808080]
                      RenderText {#text} at (2,2) size 16x16
                        text run at (2,2) width 16: "00"
                    RenderText {#text} at (76,2) size 8x16
                      text run at (76,2) width 8: " "
                    RenderInline {SPAN} at (0,0) size 20x20
                      RenderText {#text} at (86,2) size 16x16
                        text run at (86,2) width 16: "PM"
layer at (229,121) size 15x20
  RenderBlock (relative positioned) {DIV} at (106,0) size 16x20
layer at (229,155) size 15x20
  RenderBlock (relative positioned) {DIV} at (106,0) size 16x20
layer at (229,189) size 15x20
  RenderBlock (relative positioned) {DIV} at (106,0) size 16x20
layer at (229,223) size 15x20
  RenderBlock (relative positioned) {DIV} at (106,0) size 16x20
layer at (229,257) size 15x20
  RenderBlock (relative positioned) {DIV} at (106,0) size 16x20
layer at (229,291) size 15x20
  RenderBlock (relative positioned) {DIV} at (106,0) size 16x20
