layer at (0,0) size 800x600
  RenderView at (0,0) size 800x600
layer at (0,0) size 800x600
  RenderBlock {HTML} at (0,0) size 800x600
    RenderBody {BODY} at (8,8) size 784x576
      RenderBlock {UL} at (0,0) size 784x122
        RenderListItem {LI} at (40,0) size 744x46
          RenderListMarker at (-18,22) size 7x19: bullet
          RenderBlock {INPUT} at (2,2) size 128x42 [bgcolor=#FFFFFF] [border: (2px inset #000000)]
            RenderDeprecatedFlexibleBox {DIV} at (3,3) size 122x20
              RenderBlock (anonymous) at (0,0) size 104x20
                RenderBlock {SPAN} at (0,0) size 20x20
                  RenderText {#text} at (2,2) size 16x16
                    text run at (2,2) width 16: "12"
                RenderText {#text} at (20,2) size 8x16
                  text run at (20,2) width 8: ":"
                RenderBlock {SPAN} at (28,0) size 20x20
                  RenderText {#text} at (2,2) size 16x16
                    text run at (2,2) width 16: "34"
                RenderText {#text} at (48,2) size 8x16
                  text run at (48,2) width 8: ":"
                RenderBlock {SPAN} at (56,0) size 20x20 [color=#808080]
                  RenderText {#text} at (2,2) size 16x16
                    text run at (2,2) width 16: "00"
                RenderText {#text} at (76,2) size 8x16
                  text run at (76,2) width 8: " "
                RenderInline {SPAN} at (0,0) size 20x20
                  RenderText {#text} at (86,2) size 16x16
                    text run at (86,2) width 16: "PM"
            RenderBlock (anonymous) at (3,23) size 122x16
              RenderInline (generated) at (0,0) size 56x16
                RenderText at (0,0) size 56x16
                  text run at (0,0) width 56: "[after]"
        RenderListItem {LI} at (40,46) size 744x46
          RenderListMarker at (-18,20) size 7x19: bullet
          RenderBlock {INPUT} at (2,2) size 128x42 [bgcolor=#FFFFFF] [border: (2px inset #000000)]
            RenderBlock (anonymous) at (3,3) size 122x16
              RenderInline (generated) at (0,0) size 64x16
                RenderText at (0,0) size 64x16
                  text run at (0,0) width 64: "[before]"
            RenderDeprecatedFlexibleBox {DIV} at (3,19) size 122x20
              RenderBlock (anonymous) at (0,0) size 104x20
                RenderBlock {SPAN} at (0,0) size 20x20
                  RenderText {#text} at (2,2) size 16x16
                    text run at (2,2) width 16: "12"
                RenderText {#text} at (20,2) size 8x16
                  text run at (20,2) width 8: ":"
                RenderBlock {SPAN} at (28,0) size 20x20
                  RenderText {#text} at (2,2) size 16x16
                    text run at (2,2) width 16: "34"
                RenderText {#text} at (48,2) size 8x16
                  text run at (48,2) width 8: ":"
                RenderBlock {SPAN} at (56,0) size 20x20 [color=#808080]
                  RenderText {#text} at (2,2) size 16x16
                    text run at (2,2) width 16: "00"
                RenderText {#text} at (76,2) size 8x16
                  text run at (76,2) width 8: " "
                RenderInline {SPAN} at (0,0) size 20x20
                  RenderText {#text} at (86,2) size 16x16
                    text run at (86,2) width 16: "PM"
        RenderListItem {LI} at (40,92) size 744x30
          RenderListMarker at (-18,4) size 7x19: bullet
          RenderBlock {INPUT} at (2,2) size 128x26 [bgcolor=#FFFFFF] [border: (2px inset #000000)]
            RenderDeprecatedFlexibleBox {DIV} at (3,3) size 122x20
              RenderBlock (anonymous) at (0,0) size 104x20
                RenderBlock {SPAN} at (0,0) size 20x20
                  RenderText {#text} at (2,2) size 16x16
                    text run at (2,2) width 16: "12"
                RenderText {#text} at (20,2) size 8x16
                  text run at (20,2) width 8: ":"
                RenderBlock {SPAN} at (28,0) size 20x20
                  RenderText {#text} at (2,2) size 16x16
                    text run at (2,2) width 16: "34"
                RenderText {#text} at (48,2) size 8x16
                  text run at (48,2) width 8: ":"
                RenderBlock {SPAN} at (56,0) size 20x20 [color=#808080]
                  RenderText {#text} at (2,2) size 16x16
                    text run at (2,2) width 16: "00"
                RenderText {#text} at (76,2) size 8x16
                  text run at (76,2) width 8: " "
                RenderInline {SPAN} at (0,0) size 20x20
                  RenderText {#text} at (86,2) size 16x16
                    text run at (86,2) width 16: "PM"
layer at (160,13) size 15x20
  RenderBlock (relative positioned) {DIV} at (106,0) size 16x20
layer at (160,75) size 15x20
  RenderBlock (relative positioned) {DIV} at (106,0) size 16x20
layer at (160,105) size 15x20
  RenderBlock (relative positioned) {DIV} at (106,0) size 16x20
